            --------------------------------------------------------
                             AMBER SQM VERSION 19
 
                                     By
              Ross C. Walker, Michael F. Crowley, Scott Brozell,
                         Tim Giese, Andreas W. Goetz,
                        Tai-Sung Lee and David A. Case
 
            --------------------------------------------------------
 

--------------------------------------------------------------------------------
  QM CALCULATION INFO
--------------------------------------------------------------------------------

| QMMM: Citation for AMBER QMMM Run:
| QMMM: R.C. Walker, M.F. Crowley and D.A. Case, J. COMP. CHEM. 29:1019, 2008

QMMM: SINGLET STATE CALCULATION
QMMM: RHF CALCULATION, NO. OF DOUBLY OCCUPIED LEVELS = 30

| QMMM: *** Selected Hamiltonian *** 
| QMMM: AM1         

| QMMM: *** Parameter sets in use ***
| QMMM: C : M.J.S.DEWAR et al. JACS, 107, 3902, (1985)
| QMMM: H : M.J.S.DEWAR et al. JACS, 107, 3902, (1985)

| QMMM: *** SCF convergence criteria ***
| QMMM: Energy change                :  0.1D-09 kcal/mol
| QMMM: Error matrix |FP-PF|         :  0.1D+00 au
| QMMM: Density matrix change        :  0.5D-06
| QMMM: Maximum number of SCF cycles :     1000

| QMMM: *** Diagonalization Routine Information ***
| QMMM: Pseudo diagonalizations are allowed.
| QMMM: Auto diagonalization routine selection is in use.
| QMMM:
| QMMM: Timing diagonalization routines:
| QMMM:                              norbs =       60
| QMMM:    diag iterations used for timing =       15
| QMMM:
| QMMM:              Internal diag routine = 0.027354 seconds
| QMMM:                 Dspev diag routine = 0.067078 seconds
| QMMM:                Dspevd diag routine = 0.011779 seconds
| QMMM:                Dspevx diag routine = 0.036230 seconds
| QMMM:                 Dsyev diag routine = 0.006272 seconds
| QMMM:                Dsyevd diag routine = 0.004441 seconds
| QMMM:                Dsyevr diag routine = 0.007310 seconds
| QMMM:
| QMMM:                Pseudo diag routine = 0.001916 seconds
| QMMM:
| QMMM: Using dsyevd routine (diag_routine=6).

  QMMM: QM Region Cartesian Coordinates (*=link atom) 
  QMMM: QM_NO.   MM_NO.  ATOM         X         Y         Z
  QMMM:     1        1      C       -0.5690   -2.0630    0.2180
  QMMM:     2        2      C        0.3420   -1.0310    0.0170
  QMMM:     3        3      C       -0.1300   -3.3880    0.2400
  QMMM:     4        4      C        1.6960   -1.3180   -0.1610
  QMMM:     5        5      C        3.0420   -5.3090   -0.0960
  QMMM:     6        6      C        3.9530   -4.2770   -0.2960
  QMMM:     7        7      C        1.2290   -3.6950    0.0620
  QMMM:     8        8      C        2.1550   -2.6450   -0.1410
  QMMM:     9        9      C        1.6880   -5.0220    0.0820
  QMMM:    10       10      C        3.5140   -2.9530   -0.3190
  QMMM:    11       11      C        0.7630   -6.1800    0.2940
  QMMM:    12       12      C        4.5470   -1.8910   -0.5380
  QMMM:    13       13      H       -1.6220   -1.8390    0.3560
  QMMM:    14       14      H       -0.0000   -0.0000    0.0000
  QMMM:    15       15      H       -0.8720   -4.1660    0.3990
  QMMM:    16       16      H        2.3770   -0.4840   -0.3150
  QMMM:    17       17      H        3.3960   -6.3370   -0.0810
  QMMM:    18       18      H        5.0050   -4.5140   -0.4340
  QMMM:    19       19      H        1.0590   -6.7400    1.1870
  QMMM:    20       20      H       -0.2710   -5.8380    0.4190
  QMMM:    21       21      H        0.7770   -6.8560   -0.5680
  QMMM:    22       22      H        5.2200   -1.8370    0.3240
  QMMM:    23       23      H        5.1390   -2.0990   -1.4360
  QMMM:    24       24      H        4.0780   -0.9110   -0.6810

--------------------------------------------------------------------------------
  RESULTS
--------------------------------------------------------------------------------

      iter         sqm energy              rms gradient
      ----    -------------------    -----------------------
xmin    10       30.0272 kcal/mol        0.2944 kcal/(mol*A)
xmin    20       29.2924 kcal/mol        1.0334 kcal/(mol*A)
xmin    30       28.8638 kcal/mol        1.1063 kcal/(mol*A)
xmin    40       28.6283 kcal/mol        0.6667 kcal/(mol*A)
xmin    50       28.5658 kcal/mol        0.6725 kcal/(mol*A)
xmin    60       28.2698 kcal/mol        1.0754 kcal/(mol*A)
xmin    70       27.5521 kcal/mol        2.2777 kcal/(mol*A)
xmin    80       27.2544 kcal/mol        0.3081 kcal/(mol*A)
xmin    90       27.2217 kcal/mol        0.3544 kcal/(mol*A)
xmin   100       27.2170 kcal/mol        0.0291 kcal/(mol*A)
xmin   110       27.2165 kcal/mol        0.0341 kcal/(mol*A)
xmin   120       27.2165 kcal/mol        0.0065 kcal/(mol*A)
xmin   130       27.2164 kcal/mol        0.0025 kcal/(mol*A)
  ... geometry converged !
 
 Final MO eigenvalues (eV):
 -40.6914  -36.9656  -35.2422  -30.8768  -30.6358  -29.8797  -25.4684  -23.8477
 -23.6366  -20.7064  -18.2671  -17.5523  -16.5568  -15.3122  -14.9954  -14.9544
 -14.3194  -14.2533  -14.1253  -13.5188  -13.1110  -12.9576  -12.7892  -12.5879
 -11.6474  -11.6453  -11.4897  -10.2279   -9.2925   -8.4554   -0.2704    0.2556
   1.1951    2.1362    3.2380    3.7764    3.7972    3.8309    4.0180    4.1106
   4.1827    4.2214    4.3728    4.5155    4.5189    4.5308    4.5558    4.6936
   4.7351    4.8462    4.9863    5.2001    5.2637    5.3951    5.4219    5.6455
   5.7687    5.8326    6.0394    6.2015

 Heat of formation   =         27.21643467 kcal/mol  (        1.18019317 eV)

 Total SCF energy    =     -39236.03990711 kcal/mol  (    -1701.40236361 eV)
 Electronic energy   =    -220937.77632885 kcal/mol  (    -9580.58090841 eV)
 Core-core repulsion =     181701.73642174 kcal/mol  (     7879.17854480 eV)
 
    Atomic Charges for Step       1 :
  Atom    Element       Mulliken Charge
     1      C                 -0.129
     2      C                 -0.129
     3      C                 -0.119
     4      C                 -0.119
     5      C                 -0.127
     6      C                 -0.127
     7      C                 -0.030
     8      C                 -0.030
     9      C                 -0.061
    10      C                 -0.061
    11      C                 -0.180
    12      C                 -0.180
    13      H                  0.131
    14      H                  0.131
    15      H                  0.132
    16      H                  0.132
    17      H                  0.131
    18      H                  0.131
    19      H                  0.081
    20      H                  0.086
    21      H                  0.086
    22      H                  0.086
    23      H                  0.081
    24      H                  0.086
 Total Mulliken Charge =      -0.000
 
                  X        Y        Z     TOTAL  
  QM DIPOLE    -0.005    0.005    0.000    0.007
 
 Final Structure

  QMMM: QM Region Cartesian Coordinates (*=link atom) 
  QMMM: QM_NO.   MM_NO.  ATOM         X         Y         Z
  QMMM:     1        1      C       -0.5699   -2.0917    0.2082
  QMMM:     2        2      C        0.3545   -1.0381    0.0194
  QMMM:     3        3      C       -0.1370   -3.3942    0.2247
  QMMM:     4        4      C        1.6888   -1.3134   -0.1483
  QMMM:     5        5      C        3.0477   -5.3194   -0.1013
  QMMM:     6        6      C        3.9702   -4.2680   -0.2897
  QMMM:     7        7      C        1.2397   -3.7112    0.0537
  QMMM:     8        8      C        2.1680   -2.6532   -0.1359
  QMMM:     9        9      C        1.7046   -5.0624    0.0686
  QMMM:    10       10      C        3.5542   -2.9545   -0.3092
  QMMM:    11       11      C        0.7476   -6.1768    0.2655
  QMMM:    12       12      C        4.5344   -1.8609   -0.5080
  QMMM:    13       13      H       -1.6353   -1.8527    0.3410
  QMMM:    14       14      H       -0.0101   -0.0005    0.0089
  QMMM:    15       15      H       -0.8562   -4.2144    0.3717
  QMMM:    16       16      H        2.4086   -0.4936   -0.2953
  QMMM:    17       17      H        3.4216   -6.3547   -0.0923
  QMMM:    18       18      H        5.0344   -4.5166   -0.4217
  QMMM:    19       19      H        1.2702   -7.1649    0.2513
  QMMM:    20       20      H        0.2240   -6.0721    1.2488
  QMMM:    21       21      H       -0.0231   -6.1770   -0.5458
  QMMM:    22       22      H        4.5277   -1.1667    0.3696
  QMMM:    23       23      H        5.5703   -2.2641   -0.6268
  QMMM:    24       24      H        4.2810   -1.2719   -1.4251

           --------- Calculation Completed ----------

