            --------------------------------------------------------
                             AMBER SQM VERSION 19
 
                                     By
              Ross C. Walker, Michael F. Crowley, Scott Brozell,
                         Tim Giese, Andreas W. Goetz,
                        Tai-Sung Lee and David A. Case
 
            --------------------------------------------------------
 

--------------------------------------------------------------------------------
  QM CALCULATION INFO
--------------------------------------------------------------------------------

| QMMM: Citation for AMBER QMMM Run:
| QMMM: R.C. Walker, M.F. Crowley and D.A. Case, J. COMP. CHEM. 29:1019, 2008

QMMM: SINGLET STATE CALCULATION
QMMM: RHF CALCULATION, NO. OF DOUBLY OCCUPIED LEVELS = 47

| QMMM: *** Selected Hamiltonian *** 
| QMMM: AM1         

| QMMM: *** Parameter sets in use ***
| QMMM: C : M.J.S.DEWAR et al. JACS, 107, 3902, (1985)
| QMMM: Cl: M.J.S.DEWAR et al. THEOCHEM, 180, 1, (1988)
| QMMM: H : M.J.S.DEWAR et al. JACS, 107, 3902, (1985)

| QMMM: *** SCF convergence criteria ***
| QMMM: Energy change                :  0.1D-09 kcal/mol
| QMMM: Error matrix |FP-PF|         :  0.1D+00 au
| QMMM: Density matrix change        :  0.5D-06
| QMMM: Maximum number of SCF cycles :     1000

| QMMM: *** Diagonalization Routine Information ***
| QMMM: Pseudo diagonalizations are allowed.
| QMMM: Auto diagonalization routine selection is in use.
| QMMM:
| QMMM: Timing diagonalization routines:
| QMMM:                              norbs =       73
| QMMM:    diag iterations used for timing =       15
| QMMM:
| QMMM:              Internal diag routine = 0.017530 seconds
| QMMM:                 Dspev diag routine = 0.056441 seconds
| QMMM:                Dspevd diag routine = 0.009438 seconds
| QMMM:                Dspevx diag routine = 0.037145 seconds
| QMMM:                 Dsyev diag routine = 0.010335 seconds
| QMMM:                Dsyevd diag routine = 0.012111 seconds
| QMMM:                Dsyevr diag routine = 0.010662 seconds
| QMMM:
| QMMM:                Pseudo diag routine = 0.003651 seconds
| QMMM:
| QMMM: Using dspevd routine (diag_routine=3).

  QMMM: QM Region Cartesian Coordinates (*=link atom) 
  QMMM: QM_NO.   MM_NO.  ATOM         X         Y         Z
  QMMM:     1        1      C       -2.0700    0.3630    0.3540
  QMMM:     2        2      C       -0.9600   -0.3850    0.3440
  QMMM:     3        3      C       -2.7930    0.2820    3.2080
  QMMM:     4        4      C       -2.2610   -0.9100    3.5020
  QMMM:     5        5      C       -3.2560   -0.4020    0.8510
  QMMM:     6        6      C       -1.1770   -1.7880    0.8190
  QMMM:     7        7      C       -2.6660   -1.8180    1.1940
  QMMM:     8        8      C       -3.9070    0.0430    2.2070
  QMMM:     9        9      C       -3.0230   -1.9560    2.7090
  QMMM:    10       10      C       -4.4510   -1.3120    2.7590
  QMMM:    11       11      Cl      -2.2970    1.8060    3.7520
  QMMM:    12       12      Cl      -0.9450   -1.2380    4.5160
  QMMM:    13       13      Cl      -0.8370   -2.9000   -0.5290
  QMMM:    14       14      Cl      -5.0890    1.3290    2.0290
  QMMM:    15       15      Cl      -2.9090   -3.6060    3.2960
  QMMM:    16       16      Cl      -5.1810   -1.2200    4.4100
  QMMM:    17       17      Cl      -5.6830   -2.1090    1.7150
  QMMM:    18       18      H       -2.1120    1.3970    0.0340
  QMMM:    19       19      H        0.0080   -0.0260    0.0150
  QMMM:    20       20      H       -3.9990   -0.4860    0.0480
  QMMM:    21       21      H       -0.5090   -2.0540    1.6410
  QMMM:    22       22      H       -3.1990   -2.5860    0.6180

--------------------------------------------------------------------------------
  RESULTS
--------------------------------------------------------------------------------

      iter         sqm energy              rms gradient
      ----    -------------------    -----------------------
xmin    10       19.7707 kcal/mol        0.0969 kcal/(mol*A)
xmin    20       19.7579 kcal/mol        0.0010 kcal/(mol*A)
  ... geometry converged !
 
 Final MO eigenvalues (eV):
 -43.2448  -38.8789  -38.6113  -38.5631  -38.0980  -37.8974  -37.6276  -37.3146
 -35.9274  -31.6785  -31.0636  -28.1838  -27.6018  -22.9939  -22.9091  -21.0923
 -20.2316  -19.5022  -18.3840  -17.7725  -16.4312  -16.3289  -16.2461  -15.7289
 -15.3100  -15.0966  -14.7306  -14.4141  -14.1938  -13.6529  -13.4875  -13.2890
 -13.2151  -12.8305  -12.7575  -12.5346  -12.4767  -12.4426  -12.1794  -12.0385
 -11.9666  -11.8276  -11.6885  -11.5604  -11.2580  -10.4613  -10.0253   -0.4608
   0.0388    0.1473    0.4051    0.6198    0.6502    0.7862    0.8923    1.3216
   1.6450    1.8786    2.3563    2.5611    2.7623    2.8094    2.9543    3.1509
   3.3711    3.6081    3.7057    3.7958    3.8955    4.0982    4.2709    4.6480
   5.0768

 Heat of formation   =         19.75788841 kcal/mol  (        0.85676633 eV)

 Total SCF energy    =     -91410.85350220 kcal/mol  (    -3963.87205681 eV)
 Electronic energy   =    -490084.34916700 kcal/mol  (   -21251.65210385 eV)
 Core-core repulsion =     398673.49566480 kcal/mol  (    17287.78004704 eV)
 
    Atomic Charges for Step       1 :
  Atom    Element       Mulliken Charge
     1      C                 -0.148
     2      C                 -0.159
     3      C                 -0.105
     4      C                 -0.124
     5      C                 -0.088
     6      C                 -0.036
     7      C                 -0.119
     8      C                  0.006
     9      C                  0.005
    10      C                 -0.014
    11      Cl                 0.081
    12      Cl                 0.077
    13      Cl                -0.095
    14      Cl                -0.001
    15      Cl                 0.003
    16      Cl                -0.011
    17      Cl                -0.022
    18      H                  0.159
    19      H                  0.161
    20      H                  0.143
    21      H                  0.138
    22      H                  0.151
 Total Mulliken Charge =       0.000
 
                  X        Y        Z     TOTAL  
  QM DIPOLE     0.946    1.332   -0.735    1.792
 
 Final Structure

  QMMM: QM Region Cartesian Coordinates (*=link atom) 
  QMMM: QM_NO.   MM_NO.  ATOM         X         Y         Z
  QMMM:     1        1      C       -2.1109    0.3789    0.3543
  QMMM:     2        2      C       -0.9837   -0.3534    0.3282
  QMMM:     3        3      C       -2.7394    0.2765    3.1550
  QMMM:     4        4      C       -2.2194   -0.9477    3.4568
  QMMM:     5        5      C       -3.2831   -0.4116    0.8433
  QMMM:     6        6      C       -1.1940   -1.7473    0.8509
  QMMM:     7        7      C       -2.6915   -1.8276    1.1872
  QMMM:     8        8      C       -3.9032    0.0647    2.1851
  QMMM:     9        9      C       -3.0240   -2.0020    2.6938
  QMMM:    10       10      C       -4.4607   -1.3145    2.7534
  QMMM:    11       11      Cl      -2.2542    1.7694    3.6934
  QMMM:    12       12      Cl      -0.9523   -1.3125    4.4669
  QMMM:    13       13      Cl      -0.7306   -2.9483   -0.3498
  QMMM:    14       14      Cl      -5.0400    1.3457    2.0555
  QMMM:    15       15      Cl      -2.9307   -3.6123    3.2831
  QMMM:    16       16      Cl      -5.0942   -1.1860    4.3737
  QMMM:    17       17      Cl      -5.6551   -2.0714    1.7318
  QMMM:    18       18      H       -2.2304    1.4219    0.0524
  QMMM:    19       19      H        0.0045   -0.0384   -0.0147
  QMMM:    20       20      H       -4.0758   -0.4748    0.0553
  QMMM:    21       21      H       -0.5496   -1.9548    1.7421
  QMMM:    22       22      H       -3.1976   -2.6304    0.5943

           --------- Calculation Completed ----------

