            --------------------------------------------------------
                             AMBER SQM VERSION 19
 
                                     By
              Ross C. Walker, Michael F. Crowley, Scott Brozell,
                         Tim Giese, Andreas W. Goetz,
                        Tai-Sung Lee and David A. Case
 
            --------------------------------------------------------
 

--------------------------------------------------------------------------------
  QM CALCULATION INFO
--------------------------------------------------------------------------------

| QMMM: Citation for AMBER QMMM Run:
| QMMM: R.C. Walker, M.F. Crowley and D.A. Case, J. COMP. CHEM. 29:1019, 2008

QMMM: SINGLET STATE CALCULATION
QMMM: RHF CALCULATION, NO. OF DOUBLY OCCUPIED LEVELS = 19

| QMMM: *** Selected Hamiltonian *** 
| QMMM: AM1         

| QMMM: *** Parameter sets in use ***
| QMMM: C : M.J.S.DEWAR et al. JACS, 107, 3902, (1985)
| QMMM: N : M.J.S.DEWAR et al. JACS, 107, 3902, (1985)
| QMMM: H : M.J.S.DEWAR et al. JACS, 107, 3902, (1985)

| QMMM: *** SCF convergence criteria ***
| QMMM: Energy change                :  0.1D-09 kcal/mol
| QMMM: Error matrix |FP-PF|         :  0.1D+00 au
| QMMM: Density matrix change        :  0.5D-06
| QMMM: Maximum number of SCF cycles :     1000

| QMMM: *** Diagonalization Routine Information ***
| QMMM: Pseudo diagonalizations are allowed.
| QMMM: Auto diagonalization routine selection is in use.
| QMMM:
| QMMM: Timing diagonalization routines:
| QMMM:                              norbs =       37
| QMMM:    diag iterations used for timing =       20
| QMMM:
| QMMM:              Internal diag routine = 0.023024 seconds
| QMMM:                 Dspev diag routine = 0.006434 seconds
| QMMM:                Dspevd diag routine = 0.003040 seconds
| QMMM:                Dspevx diag routine = 0.013780 seconds
| QMMM:                 Dsyev diag routine = 0.004068 seconds
| QMMM:                Dsyevd diag routine = 0.003149 seconds
| QMMM:                Dsyevr diag routine = 0.004194 seconds
| QMMM:
| QMMM:                Pseudo diag routine = 0.000851 seconds
| QMMM:
| QMMM: Using dspevd routine (diag_routine=3).

  QMMM: QM Region Cartesian Coordinates (*=link atom) 
  QMMM: QM_NO.   MM_NO.  ATOM         X         Y         Z
  QMMM:     1        1      C        0.0370   -0.7160    0.8640
  QMMM:     2        2      C        1.2740   -0.4300    1.7010
  QMMM:     3        3      C        2.5560   -0.6360    0.8950
  QMMM:     4        4      C        3.7990   -0.3800    1.7500
  QMMM:     5        5      C        5.0770   -0.5510    0.9310
  QMMM:     6        6      N        6.2490   -0.3240    1.7680
  QMMM:     7        7      H       -0.8680   -0.5620    1.4600
  QMMM:     8        8      H       -0.0110   -0.0510   -0.0040
  QMMM:     9        9      H        0.0370   -1.7500    0.5060
  QMMM:    10       10      H        1.2750   -1.0890    2.5770
  QMMM:    11       11      H        1.2280    0.6010    2.0710
  QMMM:    12       12      H        2.5590    0.0400    0.0310
  QMMM:    13       13      H        2.5840   -1.6600    0.5030
  QMMM:    14       14      H        3.8070   -1.0740    2.6000
  QMMM:    15       15      H        3.7550    0.6360    2.1630
  QMMM:    16       16      H        5.0880    0.1530    0.0920
  QMMM:    17       17      H        5.1270   -1.5640    0.5170
  QMMM:    18       18      H        5.9580    0.1260    2.6330
  QMMM:    19       19      H        6.8720    0.3300    1.2990

--------------------------------------------------------------------------------
  RESULTS
--------------------------------------------------------------------------------

      iter         sqm energy              rms gradient
      ----    -------------------    -----------------------
xmin    10      -33.8011 kcal/mol        0.0641 kcal/(mol*A)
xmin    20      -34.1000 kcal/mol        1.8136 kcal/(mol*A)
xmin    30      -35.5169 kcal/mol        0.3445 kcal/(mol*A)
xmin    40      -35.7962 kcal/mol        0.2195 kcal/(mol*A)
xmin    50      -35.8311 kcal/mol        0.0512 kcal/(mol*A)
xmin    60      -35.8588 kcal/mol        0.0764 kcal/(mol*A)
xmin    70      -35.8693 kcal/mol        0.1052 kcal/(mol*A)
xmin    80      -35.8723 kcal/mol        0.0127 kcal/(mol*A)
xmin    90      -35.8729 kcal/mol        0.0210 kcal/(mol*A)
xmin   100      -35.8732 kcal/mol        0.0039 kcal/(mol*A)
xmin   110      -35.8733 kcal/mol        0.0124 kcal/(mol*A)
xmin   120      -35.8733 kcal/mol        0.0032 kcal/(mol*A)
xmin   130      -35.8733 kcal/mol        0.0010 kcal/(mol*A)
xmin   140      -35.8733 kcal/mol        0.0005 kcal/(mol*A)
xmin   140      -35.8733 kcal/mol        0.0003 kcal/(mol*A)
  ... geometry converged !
 
 Final MO eigenvalues (eV):
 -37.5691  -35.0969  -30.8769  -25.7993  -22.3564  -21.6832  -17.4992  -16.1438
 -15.6435  -14.9157  -14.2586  -14.0201  -12.9144  -12.5144  -12.2015  -11.8914
 -11.5659  -11.2569   -9.8164    3.5906    3.6068    3.8579    3.9538    4.1999
   4.3000    4.3824    4.4814    4.6271    4.7832    4.8490    4.9232    5.0363
   5.0915    5.1467    5.2329    6.2358    6.2665

 Heat of formation   =        -35.87332143 kcal/mol  (       -1.55558395 eV)

 Total SCF energy    =     -23695.60844953 kcal/mol  (    -1027.51868737 eV)
 Electronic energy   =    -102191.49252638 kcal/mol  (    -4431.35564487 eV)
 Core-core repulsion =      78495.88407685 kcal/mol  (     3403.83695750 eV)
 
    Atomic Charges for Step       1 :
  Atom    Element       Mulliken Charge
     1      C                 -0.211
     2      C                 -0.159
     3      C                 -0.154
     4      C                 -0.201
     5      C                 -0.087
     6      N                 -0.337
     7      H                  0.073
     8      H                  0.072
     9      H                  0.073
    10      H                  0.078
    11      H                  0.078
    12      H                  0.081
    13      H                  0.081
    14      H                  0.078
    15      H                  0.077
    16      H                  0.091
    17      H                  0.091
    18      H                  0.139
    19      H                  0.139
 Total Mulliken Charge =       0.000
 
                  X        Y        Z     TOTAL  
  QM DIPOLE    -1.237    0.379    0.866    1.557
 
 Final Structure

  QMMM: QM Region Cartesian Coordinates (*=link atom) 
  QMMM: QM_NO.   MM_NO.  ATOM         X         Y         Z
  QMMM:     1        1      C        0.0670   -0.6891    0.8452
  QMMM:     2        2      C        1.2839   -0.3167    1.6520
  QMMM:     3        3      C        2.5628   -0.6396    0.9087
  QMMM:     4        4      C        3.7819   -0.2642    1.7209
  QMMM:     5        5      C        5.0631   -0.5982    0.9545
  QMMM:     6        6      N        6.3053   -0.2908    1.6142
  QMMM:     7        7      H       -0.8639   -0.4433    1.4110
  QMMM:     8        8      H        0.0493   -0.1315   -0.1224
  QMMM:     9        9      H        0.0635   -1.7828    0.6185
  QMMM:    10       10      H        1.2709   -0.8673    2.6297
  QMMM:    11       11      H        1.2570    0.7794    1.8906
  QMMM:    12       12      H        2.5774   -0.0890   -0.0689
  QMMM:    13       13      H        2.5916   -1.7358    0.6708
  QMMM:    14       14      H        3.7667   -0.8152    2.6977
  QMMM:    15       15      H        3.7529    0.8318    1.9572
  QMMM:    16       16      H        5.0491   -0.0431   -0.0266
  QMMM:    17       17      H        5.0632   -1.7006    0.7191
  QMMM:    18       18      H        6.3869   -0.7939    2.4761
  QMMM:    19       19      H        6.3744    0.6889    1.8089

           --------- Calculation Completed ----------

