            --------------------------------------------------------
                             AMBER SQM VERSION 19
 
                                     By
              Ross C. Walker, Michael F. Crowley, Scott Brozell,
                         Tim Giese, Andreas W. Goetz,
                        Tai-Sung Lee and David A. Case
 
            --------------------------------------------------------
 

--------------------------------------------------------------------------------
  QM CALCULATION INFO
--------------------------------------------------------------------------------

| QMMM: Citation for AMBER QMMM Run:
| QMMM: R.C. Walker, M.F. Crowley and D.A. Case, J. COMP. CHEM. 29:1019, 2008

QMMM: SINGLET STATE CALCULATION
QMMM: RHF CALCULATION, NO. OF DOUBLY OCCUPIED LEVELS = 63

| QMMM: *** Selected Hamiltonian *** 
| QMMM: AM1         

| QMMM: *** Parameter sets in use ***
| QMMM: C : M.J.S.DEWAR et al. JACS, 107, 3902, (1985)
| QMMM: N : M.J.S.DEWAR et al. JACS, 107, 3902, (1985)
| QMMM: O : M.J.S.DEWAR et al. JACS, 107, 3902, (1985)
| QMMM: P : M.J.S.DEWAR et al. THEOCHEM, 187,1, (1989)
| QMMM: S : M.J.S.DEWAR et al. INORG. CHEM., 29, 3881, (1990)
| QMMM: Cl: M.J.S.DEWAR et al. THEOCHEM, 180, 1, (1988)
| QMMM: H : M.J.S.DEWAR et al. JACS, 107, 3902, (1985)

| QMMM: *** SCF convergence criteria ***
| QMMM: Energy change                :  0.1D-09 kcal/mol
| QMMM: Error matrix |FP-PF|         :  0.1D+00 au
| QMMM: Density matrix change        :  0.5D-06
| QMMM: Maximum number of SCF cycles :     1000

| QMMM: *** Diagonalization Routine Information ***
| QMMM: Pseudo diagonalizations are allowed.
| QMMM: Auto diagonalization routine selection is in use.
| QMMM:
| QMMM: Timing diagonalization routines:
| QMMM:                              norbs =      109
| QMMM:    diag iterations used for timing =       10
| QMMM:
| QMMM:              Internal diag routine = 0.080438 seconds
| QMMM:                 Dspev diag routine = 0.037519 seconds
| QMMM:                Dspevd diag routine = 0.024779 seconds
| QMMM:                Dspevx diag routine = 0.067026 seconds
| QMMM:                 Dsyev diag routine = 0.022930 seconds
| QMMM:                Dsyevd diag routine = 0.032325 seconds
| QMMM:                Dsyevr diag routine = 0.029270 seconds
| QMMM:
| QMMM:                Pseudo diag routine = 0.015368 seconds
| QMMM:
| QMMM: Using dsyev routine (diag_routine=5).

  QMMM: QM Region Cartesian Coordinates (*=link atom) 
  QMMM: QM_NO.   MM_NO.  ATOM         X         Y         Z
  QMMM:     1        1      C        5.9800   -9.8870   -4.1430
  QMMM:     2        2      C        6.7850   -9.7590   -2.9920
  QMMM:     3        3      C        5.3820   -8.7660   -4.7280
  QMMM:     4        4      C        7.0060   -8.5080   -2.4060
  QMMM:     5        5      C        5.6130   -7.5440   -4.1290
  QMMM:     6        6      C        6.4020   -7.4180   -3.0010
  QMMM:     7        7      C        5.1470   -6.2080   -4.4890
  QMMM:     8        8      C        6.4430   -6.0020   -2.6470
  QMMM:     9        9      C       -0.4150   -2.1290   -3.7800
  QMMM:    10       10      C        2.2640   -5.0230    1.3350
  QMMM:    11       11      C        0.2450   -3.1350   -2.8590
  QMMM:    12       12      C        2.4810   -5.4270   -0.1080
  QMMM:    13       13      C        6.7490   -3.1120   -3.7080
  QMMM:    14       14      C        5.4400   -3.9110   -3.6060
  QMMM:    15       15      N        5.6450   -5.3480   -3.5470
  QMMM:    16       16      O        4.4580   -5.9620   -5.4610
  QMMM:    17       17      O        7.1040   -5.5500   -1.7320
  QMMM:    18       18      O        1.6530   -3.0080   -2.9850
  QMMM:    19       19      O        1.9790   -4.3970   -0.9440
  QMMM:    20       20      P        2.6070   -4.2020   -2.4300
  QMMM:    21       21      S        2.4870   -5.8080   -3.5310
  QMMM:    22       22      S        4.4930   -3.3170   -2.1680
  QMMM:    23       23      Cl       7.6500   -3.5310   -5.1980
  QMMM:    24       24      H        5.8250  -10.8720   -4.5800
  QMMM:    25       25      H        7.2410  -10.6460   -2.5560
  QMMM:    26       26      H        4.7630   -8.8500   -5.6150
  QMMM:    27       27      H        7.6270   -8.3950   -1.5230
  QMMM:    28       28      H       -0.1070   -1.1110   -3.5260
  QMMM:    29       29      H       -0.1150   -2.3040   -4.8180
  QMMM:    30       30      H       -1.5050   -2.1940   -3.7110
  QMMM:    31       31      H        2.7890   -4.0880    1.5560
  QMMM:    32       32      H        1.2010   -4.8440    1.5310
  QMMM:    33       33      H        2.6230   -5.7990    2.0170
  QMMM:    34       34      H       -0.0760   -4.1460   -3.1230
  QMMM:    35       35      H       -0.0400   -2.9350   -1.8210
  QMMM:    36       36      H        1.9400   -6.3530   -0.3240
  QMMM:    37       37      H        3.5470   -5.5900   -0.2920
  QMMM:    38       38      H        6.5500   -2.0370   -3.7640
  QMMM:    39       39      H        7.4240   -3.2910   -2.8660
  QMMM:    40       40      H        4.8420   -3.6830   -4.4940

--------------------------------------------------------------------------------
  RESULTS
--------------------------------------------------------------------------------

      iter         sqm energy              rms gradient
      ----    -------------------    -----------------------
xmin    10     -123.7241 kcal/mol        1.3997 kcal/(mol*A)
xmin    20     -125.2177 kcal/mol        0.4903 kcal/(mol*A)
xmin    30     -125.7943 kcal/mol        0.8819 kcal/(mol*A)
xmin    40     -126.1048 kcal/mol        0.2986 kcal/(mol*A)
xmin    50     -126.2156 kcal/mol        0.1779 kcal/(mol*A)
xmin    60     -126.2622 kcal/mol        0.0658 kcal/(mol*A)
xmin    70     -126.2728 kcal/mol        0.0368 kcal/(mol*A)
xmin    80     -126.2798 kcal/mol        0.0271 kcal/(mol*A)
xmin    90     -126.2818 kcal/mol        0.0128 kcal/(mol*A)
xmin   100     -126.2822 kcal/mol        0.0162 kcal/(mol*A)
xmin   110     -126.2829 kcal/mol        0.0106 kcal/(mol*A)
xmin   120     -126.2855 kcal/mol        0.0403 kcal/(mol*A)
xmin   130     -126.2915 kcal/mol        0.0297 kcal/(mol*A)
xmin   140     -126.3086 kcal/mol        0.1070 kcal/(mol*A)
xmin   150     -126.3549 kcal/mol        0.2135 kcal/(mol*A)
xmin   160     -126.4161 kcal/mol        0.1427 kcal/(mol*A)
xmin   170     -126.4249 kcal/mol        0.0503 kcal/(mol*A)
xmin   180     -126.4327 kcal/mol        0.0510 kcal/(mol*A)
xmin   190     -126.4491 kcal/mol        0.0406 kcal/(mol*A)
xmin   200     -126.4500 kcal/mol        0.0280 kcal/(mol*A)
xmin   210     -126.4514 kcal/mol        0.0229 kcal/(mol*A)
xmin   220     -126.4519 kcal/mol        0.0160 kcal/(mol*A)
xmin   230     -126.4520 kcal/mol        0.0046 kcal/(mol*A)
xmin   240     -126.4521 kcal/mol        0.0049 kcal/(mol*A)
xmin   250     -126.4521 kcal/mol        0.0012 kcal/(mol*A)
  ... geometry converged !
 
 Final MO eigenvalues (eV):
 -42.0889  -39.8746  -39.2820  -39.2532  -39.1710  -37.6831  -36.5550  -33.8880
 -32.6074  -32.3276  -32.3143  -30.6841  -26.2790  -25.9503  -24.7557  -24.4827
 -23.3675  -22.6535  -22.5781  -21.1101  -19.9001  -19.3167  -18.9616  -18.7793
 -18.3579  -17.8152  -17.4322  -17.2168  -17.1591  -16.6731  -16.4693  -16.1503
 -15.9761  -15.8654  -15.5130  -15.2984  -15.2406  -14.8659  -14.7388  -14.5429
 -14.1986  -13.8647  -13.7920  -13.4577  -13.4071  -13.3307  -13.1638  -13.0301
 -12.9504  -12.8703  -12.3540  -12.0427  -11.9303  -11.9030  -11.5653  -11.4495
 -11.2118  -10.6823  -10.5417  -10.3696  -10.3167  -10.0747   -9.8786   -2.3288
  -1.0327   -0.6887   -0.1675    0.5768    0.8053    0.8996    1.2162    1.3288
   1.5970    1.8097    2.2421    2.4552    2.9125    3.0447    3.0778    3.2137
   3.2613    3.2737    3.3308    3.5256    3.5934    3.6629    3.6864    3.7233
   3.7394    3.8901    3.9230    4.0482    4.1205    4.2055    4.3345    4.3846
   4.4518    4.4610    4.4706    4.6021    4.6545    4.7209    4.7966    4.8126
   4.9105    5.0635    5.3322    5.9970    6.3530

 Heat of formation   =       -126.45209781 kcal/mol  (       -5.48337443 eV)

 Total SCF energy    =    -101588.91267619 kcal/mol  (    -4405.22582179 eV)
 Electronic energy   =    -710213.46663657 kcal/mol  (   -30797.16693277 eV)
 Core-core repulsion =     608624.55396039 kcal/mol  (    26391.94111098 eV)
 
    Atomic Charges for Step       1 :
  Atom    Element       Mulliken Charge
     1      C                 -0.112
     2      C                 -0.114
     3      C                 -0.052
     4      C                 -0.057
     5      C                 -0.087
     6      C                 -0.100
     7      C                  0.386
     8      C                  0.383
     9      C                 -0.213
    10      C                 -0.247
    11      C                 -0.010
    12      C                  0.012
    13      C                 -0.131
    14      C                  0.181
    15      N                 -0.348
    16      O                 -0.280
    17      O                 -0.281
    18      O                 -0.655
    19      O                 -0.684
    20      P                  2.414
    21      S                 -1.148
    22      S                 -0.845
    23      Cl                -0.101
    24      H                  0.144
    25      H                  0.143
    26      H                  0.160
    27      H                  0.158
    28      H                  0.096
    29      H                  0.098
    30      H                  0.092
    31      H                  0.095
    32      H                  0.104
    33      H                  0.096
    34      H                  0.106
    35      H                  0.095
    36      H                  0.105
    37      H                  0.114
    38      H                  0.152
    39      H                  0.157
    40      H                  0.170
 Total Mulliken Charge =       0.000
 
                  X        Y        Z     TOTAL  
  QM DIPOLE    -1.747   -1.399    1.313    2.595
 
 Final Structure

  QMMM: QM Region Cartesian Coordinates (*=link atom) 
  QMMM: QM_NO.   MM_NO.  ATOM         X         Y         Z
  QMMM:     1        1      C        5.3008   -9.9117   -4.4865
  QMMM:     2        2      C        6.0312   -9.9852   -3.3066
  QMMM:     3        3      C        4.9718   -8.6706   -5.0650
  QMMM:     4        4      C        6.4677   -8.8212   -2.6452
  QMMM:     5        5      C        5.4046   -7.5306   -4.4220
  QMMM:     6        6      C        6.1498   -7.6053   -3.2118
  QMMM:     7        7      C        5.2075   -6.0936   -4.7616
  QMMM:     8        8      C        6.4403   -6.2159   -2.7482
  QMMM:     9        9      C       -0.5473   -3.0544   -4.0228
  QMMM:    10       10      C        2.5100   -4.7915    1.3070
  QMMM:    11       11      C        0.2726   -3.7958   -2.9976
  QMMM:    12       12      C        2.9968   -3.7265    0.3516
  QMMM:    13       13      C        7.0312   -3.1865   -3.1247
  QMMM:    14       14      C        5.8408   -3.9349   -3.6930
  QMMM:    15       15      N        5.8756   -5.3281   -3.7313
  QMMM:    16       16      O        4.6435   -5.5781   -5.7251
  QMMM:    17       17      O        7.0495   -5.8536   -1.7425
  QMMM:    18       18      O        1.6219   -3.3449   -3.1063
  QMMM:    19       19      O        2.1452   -3.6498   -0.7856
  QMMM:    20       20      P        2.6629   -4.1466   -2.2083
  QMMM:    21       21      S        2.8062   -5.9902   -2.4730
  QMMM:    22       22      S        4.5051   -3.1806   -2.4833
  QMMM:    23       23      Cl       8.3728   -3.2656   -4.2526
  QMMM:    24       24      H        4.9626  -10.8359   -4.9804
  QMMM:    25       25      H        6.2709  -10.9673   -2.8705
  QMMM:    26       26      H        4.3820   -8.6163   -5.9920
  QMMM:    27       27      H        7.0364   -8.8835   -1.7057
  QMMM:    28       28      H       -0.4905   -1.9538   -3.8449
  QMMM:    29       29      H       -0.1670   -3.2642   -5.0512
  QMMM:    30       30      H       -1.6103   -3.3869   -3.9475
  QMMM:    31       31      H        1.4242   -4.6496    1.5245
  QMMM:    32       32      H        2.6556   -5.8163    0.8878
  QMMM:    33       33      H        3.0863   -4.7082    2.2601
  QMMM:    34       34      H        0.2658   -4.9065   -3.1835
  QMMM:    35       35      H       -0.0702   -3.5751   -1.9505
  QMMM:    36       36      H        4.0518   -3.9163    0.0082
  QMMM:    37       37      H        2.9382   -2.7108    0.8376
  QMMM:    38       38      H        6.7657   -2.1063   -2.9965
  QMMM:    39       39      H        7.3806   -3.6150   -2.1522
  QMMM:    40       40      H        5.4845   -3.5170   -4.6752

           --------- Calculation Completed ----------

