            --------------------------------------------------------
                             AMBER SQM VERSION 19
 
                                     By
              Ross C. Walker, Michael F. Crowley, Scott Brozell,
                         Tim Giese, Andreas W. Goetz,
                        Tai-Sung Lee and David A. Case
 
            --------------------------------------------------------
 

--------------------------------------------------------------------------------
  QM CALCULATION INFO
--------------------------------------------------------------------------------

| QMMM: Citation for AMBER QMMM Run:
| QMMM: R.C. Walker, M.F. Crowley and D.A. Case, J. COMP. CHEM. 29:1019, 2008

QMMM: SINGLET STATE CALCULATION
QMMM: RHF CALCULATION, NO. OF DOUBLY OCCUPIED LEVELS = 15

| QMMM: *** Selected Hamiltonian *** 
| QMMM: AM1         

| QMMM: *** Parameter sets in use ***
| QMMM: C : M.J.S.DEWAR et al. JACS, 107, 3902, (1985)
| QMMM: N : M.J.S.DEWAR et al. JACS, 107, 3902, (1985)
| QMMM: H : M.J.S.DEWAR et al. JACS, 107, 3902, (1985)

| QMMM: *** SCF convergence criteria ***
| QMMM: Energy change                :  0.1D-09 kcal/mol
| QMMM: Error matrix |FP-PF|         :  0.1D+00 au
| QMMM: Density matrix change        :  0.5D-06
| QMMM: Maximum number of SCF cycles :     1000

| QMMM: *** Diagonalization Routine Information ***
| QMMM: Pseudo diagonalizations are allowed.
| QMMM: Auto diagonalization routine selection is in use.
| QMMM:
| QMMM: Timing diagonalization routines:
| QMMM:                              norbs =       29
| QMMM:    diag iterations used for timing =       20
| QMMM:
| QMMM:              Internal diag routine = 0.001515 seconds
| QMMM:                 Dspev diag routine = 0.004297 seconds
| QMMM:                Dspevd diag routine = 0.002632 seconds
| QMMM:                Dspevx diag routine = 0.008862 seconds
| QMMM:                 Dsyev diag routine = 0.001938 seconds
| QMMM:                Dsyevd diag routine = 0.001724 seconds
| QMMM:                Dsyevr diag routine = 0.002378 seconds
| QMMM:
| QMMM:                Pseudo diag routine = 0.000448 seconds
| QMMM:
| QMMM: Using internal diagonalization routine (diag_routine=1).

  QMMM: QM Region Cartesian Coordinates (*=link atom) 
  QMMM: QM_NO.   MM_NO.  ATOM         X         Y         Z
  QMMM:     1        1      C        0.7680   -0.7660   -0.1490
  QMMM:     2        2      C        1.0230   -1.5660    1.1230
  QMMM:     3        3      C        0.3390   -1.7920   -1.1830
  QMMM:     4        4      C        0.7370   -3.0100    0.7470
  QMMM:     5        5      N        0.9270   -3.0380   -0.7010
  QMMM:     6        6      H        0.0000   -0.0000   -0.0000
  QMMM:     7        7      H        1.6900   -0.2610   -0.4610
  QMMM:     8        8      H        2.0670   -1.4440    1.4340
  QMMM:     9        9      H        0.3850   -1.2320    1.9470
  QMMM:    10       10      H       -0.7540   -1.8740   -1.2130
  QMMM:    11       11      H        0.6940   -1.5380   -2.1860
  QMMM:    12       12      H        1.4060   -3.7080    1.2570
  QMMM:    13       13      H       -0.2970   -3.2740    1.0000
  QMMM:    14       14      H        0.4580   -3.8430   -1.1120

--------------------------------------------------------------------------------
  RESULTS
--------------------------------------------------------------------------------

      iter         sqm energy              rms gradient
      ----    -------------------    -----------------------
xmin    10       -9.8259 kcal/mol        1.3422 kcal/(mol*A)
xmin    20      -10.2970 kcal/mol        0.3218 kcal/(mol*A)
xmin    30      -10.4861 kcal/mol        0.1322 kcal/(mol*A)
xmin    40      -10.5300 kcal/mol        0.0846 kcal/(mol*A)
xmin    50      -10.5349 kcal/mol        0.0591 kcal/(mol*A)
xmin    60      -10.5350 kcal/mol        0.0025 kcal/(mol*A)
xmin    70      -10.5351 kcal/mol        0.0011 kcal/(mol*A)
  ... geometry converged !
 
 Final MO eigenvalues (eV):
 -39.0462  -31.2641  -29.5760  -22.2511  -21.5695  -17.7082  -16.3412  -14.4742
 -14.2050  -13.7116  -12.6506  -12.2605  -12.1156  -11.2249   -9.5116    3.4374
   3.5859    3.8085    3.9951    4.1012    4.3823    4.4376    4.8242    4.8488
   4.9214    4.9327    5.1274    5.9808    6.3504

 Heat of formation   =        -10.53506559 kcal/mol  (       -0.45683472 eV)

 Total SCF energy    =     -19453.58715607 kcal/mol  (     -843.57084064 eV)
 Electronic energy   =     -76754.38846492 kcal/mol  (    -3328.32004097 eV)
 Core-core repulsion =      57300.80130885 kcal/mol  (     2484.74920033 eV)
 
    Atomic Charges for Step       1 :
  Atom    Element       Mulliken Charge
     1      C                 -0.182
     2      C                 -0.182
     3      C                 -0.094
     4      C                 -0.094
     5      N                 -0.273
     6      H                  0.082
     7      H                  0.089
     8      H                  0.089
     9      H                  0.082
    10      H                  0.076
    11      H                  0.095
    12      H                  0.095
    13      H                  0.076
    14      H                  0.141
 Total Mulliken Charge =      -0.000
 
                  X        Y        Z     TOTAL  
  QM DIPOLE    -0.749    1.099    0.816    1.561
 
 Final Structure

  QMMM: QM Region Cartesian Coordinates (*=link atom) 
  QMMM: QM_NO.   MM_NO.  ATOM         X         Y         Z
  QMMM:     1        1      C        0.7479   -0.7809   -0.1579
  QMMM:     2        2      C        0.9785   -1.5744    1.1229
  QMMM:     3        3      C        0.4791   -1.8272   -1.2552
  QMMM:     4        4      C        0.8363   -3.0560    0.7279
  QMMM:     5        5      N        0.3512   -3.1497   -0.6472
  QMMM:     6        6      H       -0.1237   -0.0906   -0.0502
  QMMM:     7        7      H        1.6410   -0.1637   -0.4183
  QMMM:     8        8      H        1.9942   -1.3789    1.5432
  QMMM:     9        9      H        0.2283   -1.3016    1.9041
  QMMM:    10       10      H       -0.4334   -1.5575   -1.8499
  QMMM:    11       11      H        1.3508   -1.8693   -1.9642
  QMMM:    12       12      H        1.8419   -3.5582    0.7615
  QMMM:    13       13      H        0.1596   -3.5967    1.4411
  QMMM:    14       14      H       -0.6087   -3.4414   -0.6550

           --------- Calculation Completed ----------

