            --------------------------------------------------------
                             AMBER SQM VERSION 19
 
                                     By
              Ross C. Walker, Michael F. Crowley, Scott Brozell,
                         Tim Giese, Andreas W. Goetz,
                        Tai-Sung Lee and David A. Case
 
            --------------------------------------------------------
 

--------------------------------------------------------------------------------
  QM CALCULATION INFO
--------------------------------------------------------------------------------

| QMMM: Citation for AMBER QMMM Run:
| QMMM: R.C. Walker, M.F. Crowley and D.A. Case, J. COMP. CHEM. 29:1019, 2008

QMMM: SINGLET STATE CALCULATION
QMMM: RHF CALCULATION, NO. OF DOUBLY OCCUPIED LEVELS = 21

| QMMM: *** Selected Hamiltonian *** 
| QMMM: AM1         

| QMMM: *** Parameter sets in use ***
| QMMM: C : M.J.S.DEWAR et al. JACS, 107, 3902, (1985)
| QMMM: N : M.J.S.DEWAR et al. JACS, 107, 3902, (1985)
| QMMM: H : M.J.S.DEWAR et al. JACS, 107, 3902, (1985)

| QMMM: *** SCF convergence criteria ***
| QMMM: Energy change                :  0.1D-09 kcal/mol
| QMMM: Error matrix |FP-PF|         :  0.1D+00 au
| QMMM: Density matrix change        :  0.5D-06
| QMMM: Maximum number of SCF cycles :     1000

| QMMM: *** Diagonalization Routine Information ***
| QMMM: Pseudo diagonalizations are allowed.
| QMMM: Auto diagonalization routine selection is in use.
| QMMM:
| QMMM: Timing diagonalization routines:
| QMMM:                              norbs =       41
| QMMM:    diag iterations used for timing =       20
| QMMM:
| QMMM:              Internal diag routine = 0.028652 seconds
| QMMM:                 Dspev diag routine = 0.006007 seconds
| QMMM:                Dspevd diag routine = 0.003740 seconds
| QMMM:                Dspevx diag routine = 0.017119 seconds
| QMMM:                 Dsyev diag routine = 0.005196 seconds
| QMMM:                Dsyevd diag routine = 0.005429 seconds
| QMMM:                Dsyevr diag routine = 0.009469 seconds
| QMMM:
| QMMM:                Pseudo diag routine = 0.001366 seconds
| QMMM:
| QMMM: Using dspevd routine (diag_routine=3).

  QMMM: QM Region Cartesian Coordinates (*=link atom) 
  QMMM: QM_NO.   MM_NO.  ATOM         X         Y         Z
  QMMM:     1        1      C        1.0090    0.0280    0.4300
  QMMM:     2        2      C        1.9790    0.6050   -0.5980
  QMMM:     3        3      C        0.9870    0.8490    1.7160
  QMMM:     4        4      C        1.6940    2.0820   -0.8730
  QMMM:     5        5      C        0.7040    2.3260    1.4360
  QMMM:     6        6      C        1.6670    2.9310    0.4050
  QMMM:     7        7      N        3.0130    3.0390    0.9710
  QMMM:     8        8      H        0.0000    0.0010   -0.0000
  QMMM:     9        9      H        1.2860   -1.0080    0.6580
  QMMM:    10       10      H        3.0080    0.4840   -0.2400
  QMMM:    11       11      H        1.9020    0.0380   -1.5330
  QMMM:    12       12      H        0.2200    0.4520    2.3910
  QMMM:    13       13      H        1.9480    0.7450    2.2340
  QMMM:    14       14      H        2.4400    2.4750   -1.5760
  QMMM:    15       15      H        0.7220    2.1670   -1.3750
  QMMM:    16       16      H       -0.3230    2.4240    1.0610
  QMMM:    17       17      H        0.7460    2.8920    2.3750
  QMMM:    18       18      H        1.3300    3.9430    0.1540
  QMMM:    19       19      H        3.0340    3.8160    1.6260
  QMMM:    20       20      H        3.6650    3.2690    0.2270

--------------------------------------------------------------------------------
  RESULTS
--------------------------------------------------------------------------------

      iter         sqm energy              rms gradient
      ----    -------------------    -----------------------
xmin    10      -31.1052 kcal/mol        0.0832 kcal/(mol*A)
xmin    20      -31.1523 kcal/mol        0.1700 kcal/(mol*A)
xmin    30      -31.1628 kcal/mol        0.0218 kcal/(mol*A)
xmin    40      -31.1652 kcal/mol        0.0073 kcal/(mol*A)
xmin    50      -31.1654 kcal/mol        0.0013 kcal/(mol*A)
  ... geometry converged !
 
 Final MO eigenvalues (eV):
 -39.2026  -34.2037  -31.4196  -29.1796  -23.2273  -22.7319  -19.5493  -16.6302
 -16.5162  -15.6634  -15.0111  -14.3787  -13.2189  -13.1381  -12.9310  -12.7055
 -11.6290  -11.2253  -10.9825  -10.8288   -9.5867    3.5367    3.7649    3.8244
   3.9358    4.3062    4.3666    4.4726    4.6073    4.6162    4.7909    4.8342
   4.9893    4.9923    5.2652    5.3824    5.3844    5.4277    5.5510    6.2182
   6.4013

 Heat of formation   =        -31.16538555 kcal/mol  (       -1.35143253 eV)

 Total SCF energy    =     -26647.92353909 kcal/mol  (    -1155.54067643 eV)
 Electronic energy   =    -129853.42755873 kcal/mol  (    -5630.86715922 eV)
 Core-core repulsion =     103205.50401965 kcal/mol  (     4475.32648279 eV)
 
    Atomic Charges for Step       1 :
  Atom    Element       Mulliken Charge
     1      C                 -0.152
     2      C                 -0.150
     3      C                 -0.150
     4      C                 -0.148
     5      C                 -0.148
     6      C                 -0.024
     7      N                 -0.345
     8      H                  0.072
     9      H                  0.077
    10      H                  0.095
    11      H                  0.072
    12      H                  0.072
    13      H                  0.095
    14      H                  0.076
    15      H                  0.078
    16      H                  0.078
    17      H                  0.076
    18      H                  0.040
    19      H                  0.143
    20      H                  0.143
 Total Mulliken Charge =      -0.000
 
                  X        Y        Z     TOTAL  
  QM DIPOLE    -0.422    1.207   -0.327    1.319
 
 Final Structure

  QMMM: QM Region Cartesian Coordinates (*=link atom) 
  QMMM: QM_NO.   MM_NO.  ATOM         X         Y         Z
  QMMM:     1        1      C        0.9978    0.0401    0.4367
  QMMM:     2        2      C        1.9729    0.5940   -0.5816
  QMMM:     3        3      C        1.0011    0.8699    1.7040
  QMMM:     4        4      C        1.6897    2.0501   -0.8792
  QMMM:     5        5      C        0.7169    2.3264    1.4089
  QMMM:     6        6      C        1.7068    2.9159    0.3911
  QMMM:     7        7      N        3.0446    3.0560    0.9429
  QMMM:     8        8      H       -0.0351    0.0279   -0.0009
  QMMM:     9        9      H        1.2722   -1.0189    0.6812
  QMMM:    10       10      H        3.0195    0.4869   -0.1926
  QMMM:    11       11      H        1.9013    0.0004   -1.5305
  QMMM:    12       12      H        0.2252    0.4763    2.4118
  QMMM:    13       13      H        1.9987    0.7767    2.2083
  QMMM:    14       14      H        2.4379    2.4360   -1.6191
  QMMM:    15       15      H        0.6734    2.1486   -1.3432
  QMMM:    16       16      H       -0.3137    2.4289    0.9785
  QMMM:    17       17      H        0.7457    2.9165    2.3613
  QMMM:    18       18      H        1.2941    3.9336    0.0927
  QMMM:    19       19      H        3.0233    3.6373    1.7564
  QMMM:    20       20      H        3.6588    3.4554    0.2623

           --------- Calculation Completed ----------

