            --------------------------------------------------------
                             AMBER SQM VERSION 19
 
                                     By
              Ross C. Walker, Michael F. Crowley, Scott Brozell,
                         Tim Giese, Andreas W. Goetz,
                        Tai-Sung Lee and David A. Case
 
            --------------------------------------------------------
 

--------------------------------------------------------------------------------
  QM CALCULATION INFO
--------------------------------------------------------------------------------

| QMMM: Citation for AMBER QMMM Run:
| QMMM: R.C. Walker, M.F. Crowley and D.A. Case, J. COMP. CHEM. 29:1019, 2008

QMMM: SINGLET STATE CALCULATION
QMMM: RHF CALCULATION, NO. OF DOUBLY OCCUPIED LEVELS = 17

| QMMM: *** Selected Hamiltonian *** 
| QMMM: AM1         

| QMMM: *** Parameter sets in use ***
| QMMM: C : M.J.S.DEWAR et al. JACS, 107, 3902, (1985)
| QMMM: H : M.J.S.DEWAR et al. JACS, 107, 3902, (1985)

| QMMM: *** SCF convergence criteria ***
| QMMM: Energy change                :  0.1D-09 kcal/mol
| QMMM: Error matrix |FP-PF|         :  0.1D+00 au
| QMMM: Density matrix change        :  0.5D-06
| QMMM: Maximum number of SCF cycles :     1000

| QMMM: *** Diagonalization Routine Information ***
| QMMM: Pseudo diagonalizations are allowed.
| QMMM: Auto diagonalization routine selection is in use.
| QMMM:
| QMMM: Timing diagonalization routines:
| QMMM:                              norbs =       34
| QMMM:    diag iterations used for timing =       20
| QMMM:
| QMMM:              Internal diag routine = 0.002236 seconds
| QMMM:                 Dspev diag routine = 0.014406 seconds
| QMMM:                Dspevd diag routine = 0.023782 seconds
| QMMM:                Dspevx diag routine = 0.021649 seconds
| QMMM:                 Dsyev diag routine = 0.013046 seconds
| QMMM:                Dsyevd diag routine = 0.002689 seconds
| QMMM:                Dsyevr diag routine = 0.006031 seconds
| QMMM:
| QMMM:                Pseudo diag routine = 0.000697 seconds
| QMMM:
| QMMM: Using internal diagonalization routine (diag_routine=1).

  QMMM: QM Region Cartesian Coordinates (*=link atom) 
  QMMM: QM_NO.   MM_NO.  ATOM         X         Y         Z
  QMMM:     1        1      C        3.2170    3.6500   -3.2580
  QMMM:     2        2      C        1.3910   -0.4450   -1.0600
  QMMM:     3        3      C        2.1450    3.1120   -2.4090
  QMMM:     4        4      C        1.2140    1.0470   -1.2940
  QMMM:     5        5      C        2.3260    1.6120   -2.1760
  QMMM:     6        6      H        4.8680    4.4850   -4.5660
  QMMM:     7        7      C        4.0920    4.0930   -3.9510
  QMMM:     8        8      H        0.5840   -0.8280   -0.4270
  QMMM:     9        9      H        2.3420   -0.6530   -0.5610
  QMMM:    10       10      H        1.3710   -0.9950   -2.0060
  QMMM:    11       11      H        2.1400    3.6390   -1.4480
  QMMM:    12       12      H        1.1750    3.3000   -2.8840
  QMMM:    13       13      H        0.2390    1.2240   -1.7640
  QMMM:    14       14      H        1.2060    1.5640   -0.3270
  QMMM:    15       15      H        3.3000    1.4250   -1.7060
  QMMM:    16       16      H        2.3360    1.0850   -3.1390

--------------------------------------------------------------------------------
  RESULTS
--------------------------------------------------------------------------------

      iter         sqm energy              rms gradient
      ----    -------------------    -----------------------
xmin    10       23.6824 kcal/mol        0.0288 kcal/(mol*A)
xmin    20       23.6818 kcal/mol        0.0032 kcal/(mol*A)
  ... geometry converged !
 
 Final MO eigenvalues (eV):
 -37.0930  -33.8357  -30.1745  -25.1618  -21.8181  -18.7837  -16.4786  -15.2643
 -15.0282  -14.4597  -13.3420  -12.6531  -12.4795  -11.9018  -11.3955  -10.7560
 -10.6153    1.9512    1.9735    3.5230    3.7210    3.9994    4.1981    4.2053
   4.4374    4.6644    4.7279    4.8107    4.9178    5.0427    5.1304    5.2049
   5.2772    6.8719

 Heat of formation   =         23.68175258 kcal/mol  (        1.02691785 eV)

 Total SCF energy    =     -20867.60643049 kcal/mol  (     -904.88731757 eV)
 Electronic energy   =     -84469.67391488 kcal/mol  (    -3662.87992346 eV)
 Core-core repulsion =      63602.06748439 kcal/mol  (     2757.99260589 eV)
 
    Atomic Charges for Step       1 :
  Atom    Element       Mulliken Charge
     1      C                 -0.165
     2      C                 -0.211
     3      C                 -0.056
     4      C                 -0.160
     5      C                 -0.155
     6      H                  0.221
     7      C                 -0.220
     8      H                  0.073
     9      H                  0.073
    10      H                  0.073
    11      H                  0.098
    12      H                  0.098
    13      H                  0.078
    14      H                  0.078
    15      H                  0.087
    16      H                  0.087
 Total Mulliken Charge =      -0.000
 
                  X        Y        Z     TOTAL  
  QM DIPOLE    -0.268   -0.240    0.237    0.431
 
 Final Structure

  QMMM: QM Region Cartesian Coordinates (*=link atom) 
  QMMM: QM_NO.   MM_NO.  ATOM         X         Y         Z
  QMMM:     1        1      C        3.2030    3.6276   -3.2434
  QMMM:     2        2      C        1.3858   -0.4235   -1.0614
  QMMM:     3        3      C        2.1657    3.0847   -2.4168
  QMMM:     4        4      C        1.2268    1.0550   -1.3047
  QMMM:     5        5      C        2.3387    1.5936   -2.1799
  QMMM:     6        6      H        4.8247    4.5059   -4.5428
  QMMM:     7        7      C        4.0632    4.0932   -3.9325
  QMMM:     8        8      H        0.5574   -0.8013   -0.4149
  QMMM:     9        9      H        2.3566   -0.6373   -0.5520
  QMMM:    10       10      H        1.3657   -0.9864   -2.0258
  QMMM:    11       11      H        2.1596    3.6224   -1.4269
  QMMM:    12       12      H        1.1668    3.2729   -2.9023
  QMMM:    13       13      H        0.2362    1.2521   -1.7939
  QMMM:    14       14      H        1.2247    1.6003   -0.3238
  QMMM:    15       15      H        3.3300    1.4020   -1.6922
  QMMM:    16       16      H        2.3411    1.0538   -3.1627

           --------- Calculation Completed ----------

