            --------------------------------------------------------
                             AMBER SQM VERSION 19
 
                                     By
              Ross C. Walker, Michael F. Crowley, Scott Brozell,
                         Tim Giese, Andreas W. Goetz,
                        Tai-Sung Lee and David A. Case
 
            --------------------------------------------------------
 

--------------------------------------------------------------------------------
  QM CALCULATION INFO
--------------------------------------------------------------------------------

| QMMM: Citation for AMBER QMMM Run:
| QMMM: R.C. Walker, M.F. Crowley and D.A. Case, J. COMP. CHEM. 29:1019, 2008

QMMM: SINGLET STATE CALCULATION
QMMM: RHF CALCULATION, NO. OF DOUBLY OCCUPIED LEVELS = 19

| QMMM: *** Selected Hamiltonian *** 
| QMMM: AM1         

| QMMM: *** Parameter sets in use ***
| QMMM: C : M.J.S.DEWAR et al. JACS, 107, 3902, (1985)
| QMMM: Cl: M.J.S.DEWAR et al. THEOCHEM, 180, 1, (1988)
| QMMM: H : M.J.S.DEWAR et al. JACS, 107, 3902, (1985)

| QMMM: *** SCF convergence criteria ***
| QMMM: Energy change                :  0.1D-09 kcal/mol
| QMMM: Error matrix |FP-PF|         :  0.1D+00 au
| QMMM: Density matrix change        :  0.5D-06
| QMMM: Maximum number of SCF cycles :     1000

| QMMM: *** Diagonalization Routine Information ***
| QMMM: Pseudo diagonalizations are allowed.
| QMMM: Auto diagonalization routine selection is in use.
| QMMM:
| QMMM: Timing diagonalization routines:
| QMMM:                              norbs =       26
| QMMM:    diag iterations used for timing =       20
| QMMM:
| QMMM:              Internal diag routine = 0.001426 seconds
| QMMM:                 Dspev diag routine = 0.009935 seconds
| QMMM:                Dspevd diag routine = 0.001360 seconds
| QMMM:                Dspevx diag routine = 0.006017 seconds
| QMMM:                 Dsyev diag routine = 0.001507 seconds
| QMMM:                Dsyevd diag routine = 0.001417 seconds
| QMMM:                Dsyevr diag routine = 0.004870 seconds
| QMMM:
| QMMM:                Pseudo diag routine = 0.000173 seconds
| QMMM:
| QMMM: Using dspevd routine (diag_routine=3).

  QMMM: QM Region Cartesian Coordinates (*=link atom) 
  QMMM: QM_NO.   MM_NO.  ATOM         X         Y         Z
  QMMM:     1        1      C       -0.2260   -0.3200    0.7150
  QMMM:     2        2      C        0.1490    0.1840   -0.6820
  QMMM:     3        3      Cl       0.2860    0.7750    2.0300
  QMMM:     4        4      Cl       1.9210    0.3780   -0.8500
  QMMM:     5        5      Cl      -0.3950   -1.0250   -1.8940
  QMMM:     6        6      Cl      -0.6550    1.7390   -1.0510
  QMMM:     7        7      H        0.2330   -1.2930    0.9200
  QMMM:     8        8      H       -1.3110   -0.4400    0.8120

--------------------------------------------------------------------------------
  RESULTS
--------------------------------------------------------------------------------

      iter         sqm energy              rms gradient
      ----    -------------------    -----------------------
xmin    10      -36.6964 kcal/mol        0.0778 kcal/(mol*A)
xmin    20      -36.6974 kcal/mol        0.0495 kcal/(mol*A)
xmin    30      -36.6976 kcal/mol        0.0116 kcal/(mol*A)
xmin    40      -36.6976 kcal/mol        0.0014 kcal/(mol*A)
xmin    50      -36.6976 kcal/mol        0.0010 kcal/(mol*A)
  ... geometry converged !
 
 Final MO eigenvalues (eV):
 -39.1539  -37.8281  -37.6919  -37.6763  -32.4654  -24.8460  -18.2636  -18.1703
 -17.0422  -15.0959  -14.8684  -12.9416  -12.9302  -12.6716  -12.2339  -12.1983
 -12.1643  -11.8573  -11.7928   -0.4846    0.1211    0.3842    1.0759    2.1437
   3.1162    3.3786

 Heat of formation   =        -36.69764443 kcal/mol  (       -1.59132928 eV)

 Total SCF energy    =     -41029.60577056 kcal/mol  (    -1779.17721567 eV)
 Electronic energy   =    -113743.83781628 kcal/mol  (    -4932.30292773 eV)
 Core-core repulsion =      72714.23204572 kcal/mol  (     3153.12571206 eV)
 
    Atomic Charges for Step       1 :
  Atom    Element       Mulliken Charge
     1      C                 -0.144
     2      C                  0.022
     3      Cl                -0.061
     4      Cl                -0.024
     5      Cl                -0.044
     6      Cl                -0.024
     7      H                  0.138
     8      H                  0.138
 Total Mulliken Charge =       0.000
 
                  X        Y        Z     TOTAL  
  QM DIPOLE    -0.664   -1.176    0.490    1.436
 
 Final Structure

  QMMM: QM Region Cartesian Coordinates (*=link atom) 
  QMMM: QM_NO.   MM_NO.  ATOM         X         Y         Z
  QMMM:     1        1      C       -0.2218   -0.3143    0.7113
  QMMM:     2        2      C        0.1521    0.1866   -0.6808
  QMMM:     3        3      Cl       0.2644    0.7801    1.9764
  QMMM:     4        4      Cl       1.8962    0.3723   -0.8290
  QMMM:     5        5      Cl      -0.4010   -1.0202   -1.8521
  QMMM:     6        6      Cl      -0.6369    1.7222   -1.0236
  QMMM:     7        7      H        0.2808   -1.2941    0.9108
  QMMM:     8        8      H       -1.3319   -0.4346    0.7870

           --------- Calculation Completed ----------

