            --------------------------------------------------------
                             AMBER SQM VERSION 19
 
                                     By
              Ross C. Walker, Michael F. Crowley, Scott Brozell,
                         Tim Giese, Andreas W. Goetz,
                        Tai-Sung Lee and David A. Case
 
            --------------------------------------------------------
 

--------------------------------------------------------------------------------
  QM CALCULATION INFO
--------------------------------------------------------------------------------

| QMMM: Citation for AMBER QMMM Run:
| QMMM: R.C. Walker, M.F. Crowley and D.A. Case, J. COMP. CHEM. 29:1019, 2008

QMMM: SINGLET STATE CALCULATION
QMMM: RHF CALCULATION, NO. OF DOUBLY OCCUPIED LEVELS =  6

| QMMM: *** Selected Hamiltonian *** 
| QMMM: AM1         

| QMMM: *** Parameter sets in use ***
| QMMM: C : M.J.S.DEWAR et al. JACS, 107, 3902, (1985)
| QMMM: H : M.J.S.DEWAR et al. JACS, 107, 3902, (1985)

| QMMM: *** SCF convergence criteria ***
| QMMM: Energy change                :  0.1D-09 kcal/mol
| QMMM: Error matrix |FP-PF|         :  0.1D+00 au
| QMMM: Density matrix change        :  0.5D-06
| QMMM: Maximum number of SCF cycles :     1000

| QMMM: *** Diagonalization Routine Information ***
| QMMM: Pseudo diagonalizations are allowed.
| QMMM: Auto diagonalization routine selection is in use.
| QMMM:
| QMMM: Timing diagonalization routines:
| QMMM:                              norbs =       12
| QMMM:    diag iterations used for timing =       20
| QMMM:
| QMMM:              Internal diag routine = 0.007024 seconds
| QMMM:                 Dspev diag routine = 0.000441 seconds
| QMMM:                Dspevd diag routine = 0.000358 seconds
| QMMM:                Dspevx diag routine = 0.001049 seconds
| QMMM:                 Dsyev diag routine = 0.000347 seconds
| QMMM:                Dsyevd diag routine = 0.000354 seconds
| QMMM:                Dsyevr diag routine = 0.000471 seconds
| QMMM:
| QMMM:                Pseudo diag routine = 0.000035 seconds
| QMMM:
| QMMM: Using dsyev routine (diag_routine=5).

  QMMM: QM Region Cartesian Coordinates (*=link atom) 
  QMMM: QM_NO.   MM_NO.  ATOM         X         Y         Z
  QMMM:     1        1      C        0.2840    1.0300   -0.1840
  QMMM:     2        2      C       -0.6400    1.9560   -0.4470
  QMMM:     3        3      H        1.3360    1.2900   -0.1500
  QMMM:     4        4      H        0.0000    0.0000    0.0000
  QMMM:     5        5      H       -1.6920    1.6950   -0.4810
  QMMM:     6        6      H       -0.3560    2.9860   -0.6320

--------------------------------------------------------------------------------
  RESULTS
--------------------------------------------------------------------------------

      iter         sqm energy              rms gradient
      ----    -------------------    -----------------------
xmin    10       16.4367 kcal/mol        0.0028 kcal/(mol*A)
  ... geometry converged !
 
 Final MO eigenvalues (eV):
 -33.1566  -21.8888  -15.7944  -14.3025  -11.8357  -10.5516    1.4378    4.0105
   4.3965    5.0830    5.5591    5.7918

 Heat of formation   =         16.43667891 kcal/mol  (        0.71274788 eV)

 Total SCF energy    =      -7157.26938415 kcal/mol  (     -310.36249010 eV)
 Electronic energy   =     -17008.20367971 kcal/mol  (     -737.53105588 eV)
 Core-core repulsion =       9850.93429557 kcal/mol  (      427.16856578 eV)
 
    Atomic Charges for Step       1 :
  Atom    Element       Mulliken Charge
     1      C                 -0.218
     2      C                 -0.218
     3      H                  0.109
     4      H                  0.109
     5      H                  0.109
     6      H                  0.109
 Total Mulliken Charge =      -0.000
 
                  X        Y        Z     TOTAL  
  QM DIPOLE     0.000    0.000   -0.000    0.000
 
 Final Structure

  QMMM: QM Region Cartesian Coordinates (*=link atom) 
  QMMM: QM_NO.   MM_NO.  ATOM         X         Y         Z
  QMMM:     1        1      C        0.2811    1.0318   -0.1884
  QMMM:     2        2      C       -0.6371    1.9539   -0.4430
  QMMM:     3        3      H        1.3549    1.2586   -0.1483
  QMMM:     4        4      H        0.0293   -0.0206   -0.0005
  QMMM:     5        5      H       -1.7109    1.7271   -0.4831
  QMMM:     6        6      H       -0.3853    3.0063   -0.6308

           --------- Calculation Completed ----------

