            --------------------------------------------------------
                             AMBER SQM VERSION 19
 
                                     By
              Ross C. Walker, Michael F. Crowley, Scott Brozell,
                         Tim Giese, Andreas W. Goetz,
                        Tai-Sung Lee and David A. Case
 
            --------------------------------------------------------
 

--------------------------------------------------------------------------------
  QM CALCULATION INFO
--------------------------------------------------------------------------------

| QMMM: Citation for AMBER QMMM Run:
| QMMM: R.C. Walker, M.F. Crowley and D.A. Case, J. COMP. CHEM. 29:1019, 2008

QMMM: SINGLET STATE CALCULATION
QMMM: RHF CALCULATION, NO. OF DOUBLY OCCUPIED LEVELS = 37

| QMMM: *** Selected Hamiltonian *** 
| QMMM: AM1         

| QMMM: *** Parameter sets in use ***
| QMMM: C : M.J.S.DEWAR et al. JACS, 107, 3902, (1985)
| QMMM: N : M.J.S.DEWAR et al. JACS, 107, 3902, (1985)
| QMMM: O : M.J.S.DEWAR et al. JACS, 107, 3902, (1985)
| QMMM: H : M.J.S.DEWAR et al. JACS, 107, 3902, (1985)

| QMMM: *** SCF convergence criteria ***
| QMMM: Energy change                :  0.1D-09 kcal/mol
| QMMM: Error matrix |FP-PF|         :  0.1D+00 au
| QMMM: Density matrix change        :  0.5D-06
| QMMM: Maximum number of SCF cycles :     1000

| QMMM: *** Diagonalization Routine Information ***
| QMMM: Pseudo diagonalizations are allowed.
| QMMM: Auto diagonalization routine selection is in use.
| QMMM:
| QMMM: Timing diagonalization routines:
| QMMM:                              norbs =       66
| QMMM:    diag iterations used for timing =       15
| QMMM:
| QMMM:              Internal diag routine = 0.020696 seconds
| QMMM:                 Dspev diag routine = 0.038815 seconds
| QMMM:                Dspevd diag routine = 0.012566 seconds
| QMMM:                Dspevx diag routine = 0.037809 seconds
| QMMM:                 Dsyev diag routine = 0.007208 seconds
| QMMM:                Dsyevd diag routine = 0.005005 seconds
| QMMM:                Dsyevr diag routine = 0.007028 seconds
| QMMM:
| QMMM:                Pseudo diag routine = 0.001917 seconds
| QMMM:
| QMMM: Using dsyevd routine (diag_routine=6).

  QMMM: QM Region Cartesian Coordinates (*=link atom) 
  QMMM: QM_NO.   MM_NO.  ATOM         X         Y         Z
  QMMM:     1        1      C        0.8450   -0.3260    0.5970
  QMMM:     2        2      C        2.9580   -1.4950    0.6720
  QMMM:     3        3      C        0.8410   -0.2430    1.9890
  QMMM:     4        4      C        2.9540   -1.4110    2.0650
  QMMM:     5        5      C        1.9030   -0.9520   -0.0620
  QMMM:     6        6      C        1.8950   -0.7850    2.7230
  QMMM:     7        7      C        1.9070   -1.0380   -1.5130
  QMMM:     8        8      C        2.5650   -0.0240   -3.7090
  QMMM:     9        9      C        3.1110    1.1630   -1.6140
  QMMM:    10       10      N        1.8920   -0.6990    4.1400
  QMMM:    11       11      N        2.5070   -0.0030   -2.2550
  QMMM:    12       12      O        1.3850   -2.0400   -2.0190
  QMMM:    13       13      O        0.9310   -0.1300    4.7130
  QMMM:    14       14      O        2.8500   -1.1940    4.7820
  QMMM:    15       15      H        0.0180    0.1010    0.0340
  QMMM:    16       16      H        3.7870   -1.9860    0.1690
  QMMM:    17       17      H        0.0090    0.2470    2.4890
  QMMM:    18       18      H        3.7830   -1.8370    2.6250
  QMMM:    19       19      H        3.5920    0.1730   -4.0220
  QMMM:    20       20      H        1.8970    0.7470   -4.1000
  QMMM:    21       21      H        2.2460   -1.0080   -4.0600
  QMMM:    22       22      H        2.3450    1.6820   -1.0350
  QMMM:    23       23      H        3.5090    1.8230   -2.3890
  QMMM:    24       24      H        3.9170    0.8270   -0.9580

--------------------------------------------------------------------------------
  RESULTS
--------------------------------------------------------------------------------

      iter         sqm energy              rms gradient
      ----    -------------------    -----------------------
xmin    10       -0.4178 kcal/mol        0.2240 kcal/(mol*A)
xmin    20       -0.4379 kcal/mol        0.1977 kcal/(mol*A)
xmin    30       -0.4454 kcal/mol        0.1590 kcal/(mol*A)
xmin    40       -0.4486 kcal/mol        0.0757 kcal/(mol*A)
xmin    50       -0.4501 kcal/mol        0.0716 kcal/(mol*A)
xmin    60       -0.4515 kcal/mol        0.0200 kcal/(mol*A)
xmin    70       -0.4518 kcal/mol        0.0786 kcal/(mol*A)
xmin    80       -0.4527 kcal/mol        0.0564 kcal/(mol*A)
xmin    90       -0.4548 kcal/mol        0.0436 kcal/(mol*A)
xmin   100       -0.4566 kcal/mol        0.0565 kcal/(mol*A)
xmin   110       -0.4621 kcal/mol        0.0820 kcal/(mol*A)
xmin   120       -0.4718 kcal/mol        0.0923 kcal/(mol*A)
xmin   130       -0.4890 kcal/mol        0.1063 kcal/(mol*A)
xmin   140       -0.5147 kcal/mol        0.3047 kcal/(mol*A)
xmin   150       -0.5444 kcal/mol        0.2155 kcal/(mol*A)
xmin   160       -0.5765 kcal/mol        0.2697 kcal/(mol*A)
xmin   170       -0.5928 kcal/mol        0.2278 kcal/(mol*A)
xmin   180       -0.6039 kcal/mol        0.2832 kcal/(mol*A)
xmin   190       -0.6161 kcal/mol        0.0648 kcal/(mol*A)
xmin   200       -0.6232 kcal/mol        0.0948 kcal/(mol*A)
xmin   210       -0.6316 kcal/mol        0.0456 kcal/(mol*A)
xmin   220       -0.6423 kcal/mol        0.1939 kcal/(mol*A)
xmin   230       -0.6554 kcal/mol        0.0837 kcal/(mol*A)
xmin   240       -0.6633 kcal/mol        0.1360 kcal/(mol*A)
xmin   250       -0.6682 kcal/mol        0.1445 kcal/(mol*A)
xmin   260       -0.6732 kcal/mol        0.0275 kcal/(mol*A)
xmin   270       -0.6793 kcal/mol        0.0358 kcal/(mol*A)
xmin   280       -0.6819 kcal/mol        0.0392 kcal/(mol*A)
xmin   290       -0.6849 kcal/mol        0.0362 kcal/(mol*A)
xmin   300       -0.6866 kcal/mol        0.1024 kcal/(mol*A)
xmin   310       -0.6875 kcal/mol        0.0486 kcal/(mol*A)
xmin   320       -0.6881 kcal/mol        0.0082 kcal/(mol*A)
xmin   330       -0.6890 kcal/mol        0.0561 kcal/(mol*A)
xmin   340       -0.6894 kcal/mol        0.0090 kcal/(mol*A)
xmin   350       -0.6897 kcal/mol        0.0064 kcal/(mol*A)
xmin   360       -0.6898 kcal/mol        0.0181 kcal/(mol*A)
xmin   370       -0.6899 kcal/mol        0.0043 kcal/(mol*A)
xmin   380       -0.6900 kcal/mol        0.0115 kcal/(mol*A)
xmin   390       -0.6901 kcal/mol        0.0098 kcal/(mol*A)
xmin   400       -0.6901 kcal/mol        0.0056 kcal/(mol*A)
xmin   410       -0.6901 kcal/mol        0.0007 kcal/(mol*A)
xmin   420       -0.6901 kcal/mol        0.0045 kcal/(mol*A)
xmin   430       -0.6901 kcal/mol        0.0010 kcal/(mol*A)
  ... geometry converged !
 
 Final MO eigenvalues (eV):
 -43.4819  -41.1339  -39.3364  -37.9162  -36.8093  -33.2731  -32.6058  -29.1936
 -28.2612  -26.5925  -24.4018  -23.7984  -21.2250  -20.4483  -19.6029  -18.7477
 -18.6630  -17.6684  -17.1683  -16.3615  -16.2769  -15.8264  -15.2711  -14.5160
 -14.3236  -14.0171  -13.8529  -13.6897  -13.1667  -12.9638  -12.4663  -12.0230
 -12.0094  -11.3858  -10.8159  -10.7641  -10.0332   -1.3623   -0.5194    0.2827
   0.4174    0.8590    1.4589    1.8188    2.8195    2.9266    2.9570    3.3002
   3.3695    3.4331    3.6669    3.7382    3.8617    3.9565    4.0311    4.0853
   4.1981    4.2887    4.3419    4.4977    4.7798    4.9742    5.4154    5.7542
   6.5166    7.0248

 Heat of formation   =         -0.69006848 kcal/mol  (       -0.02992361 eV)

 Total SCF energy    =     -61371.88734266 kcal/mol  (    -2661.28473798 eV)
 Electronic energy   =    -313743.84728238 kcal/mol  (   -13604.95413392 eV)
 Core-core repulsion =     252371.95993972 kcal/mol  (    10943.66939594 eV)
 
    Atomic Charges for Step       1 :
  Atom    Element       Mulliken Charge
     1      C                 -0.106
     2      C                 -0.115
     3      C                 -0.071
     4      C                 -0.073
     5      C                 -0.065
     6      C                 -0.121
     7      C                  0.336
     8      C                 -0.084
     9      C                 -0.080
    10      N                  0.567
    11      N                 -0.327
    12      O                 -0.342
    13      O                 -0.353
    14      O                 -0.354
    15      H                  0.161
    16      H                  0.158
    17      H                  0.176
    18      H                  0.175
    19      H                  0.079
    20      H                  0.069
    21      H                  0.121
    22      H                  0.070
    23      H                  0.088
    24      H                  0.091
 Total Mulliken Charge =      -0.000
 
                  X        Y        Z     TOTAL  
  QM DIPOLE     1.815    2.737   -4.175    5.312
 
 Final Structure

  QMMM: QM Region Cartesian Coordinates (*=link atom) 
  QMMM: QM_NO.   MM_NO.  ATOM         X         Y         Z
  QMMM:     1        1      C        0.7480   -0.3960    0.6642
  QMMM:     2        2      C        3.0070   -1.2831    0.6584
  QMMM:     3        3      C        0.7545   -0.3652    2.0572
  QMMM:     4        4      C        3.0280   -1.2634    2.0508
  QMMM:     5        5      C        1.8725   -0.8471   -0.0328
  QMMM:     6        6      C        1.8996   -0.7972    2.7450
  QMMM:     7        7      C        1.8188   -0.9325   -1.5260
  QMMM:     8        8      C        2.5151   -0.0769   -3.7092
  QMMM:     9        9      C        3.2398    1.0846   -1.6904
  QMMM:    10       10      N        1.9171   -0.7645    4.2326
  QMMM:    11       11      N        2.5925   -0.0557   -2.2721
  QMMM:    12       12      O        1.1159   -1.8010   -2.0787
  QMMM:    13       13      O        0.9466   -0.3629    4.8162
  QMMM:    14       14      O        2.9030   -1.1371    4.8099
  QMMM:    15       15      H       -0.1513   -0.0769    0.1136
  QMMM:    16       16      H        3.8845   -1.6519    0.1042
  QMMM:    17       17      H       -0.1305   -0.0101    2.6130
  QMMM:    18       18      H        3.9187   -1.6108    2.6024
  QMMM:    19       19      H        3.5541   -0.0450   -4.1338
  QMMM:    20       20      H        1.9435    0.8142   -4.0854
  QMMM:    21       21      H        2.0033   -1.0132   -4.0582
  QMMM:    22       22      H        2.5830    1.9951   -1.7550
  QMMM:    23       23      H        4.1915    1.2931   -2.2499
  QMMM:    24       24      H        3.4918    0.8956   -0.6139

           --------- Calculation Completed ----------

