            --------------------------------------------------------
                             AMBER SQM VERSION 19
 
                                     By
              Ross C. Walker, Michael F. Crowley, Scott Brozell,
                         Tim Giese, Andreas W. Goetz,
                        Tai-Sung Lee and David A. Case
 
            --------------------------------------------------------
 

--------------------------------------------------------------------------------
  QM CALCULATION INFO
--------------------------------------------------------------------------------

| QMMM: Citation for AMBER QMMM Run:
| QMMM: R.C. Walker, M.F. Crowley and D.A. Case, J. COMP. CHEM. 29:1019, 2008

QMMM: SINGLET STATE CALCULATION
QMMM: RHF CALCULATION, NO. OF DOUBLY OCCUPIED LEVELS = 26

| QMMM: *** Selected Hamiltonian *** 
| QMMM: AM1         

| QMMM: *** Parameter sets in use ***
| QMMM: C : M.J.S.DEWAR et al. JACS, 107, 3902, (1985)
| QMMM: N : M.J.S.DEWAR et al. JACS, 107, 3902, (1985)
| QMMM: O : M.J.S.DEWAR et al. JACS, 107, 3902, (1985)
| QMMM: H : M.J.S.DEWAR et al. JACS, 107, 3902, (1985)

| QMMM: *** SCF convergence criteria ***
| QMMM: Energy change                :  0.1D-09 kcal/mol
| QMMM: Error matrix |FP-PF|         :  0.1D+00 au
| QMMM: Density matrix change        :  0.5D-06
| QMMM: Maximum number of SCF cycles :     1000

| QMMM: *** Diagonalization Routine Information ***
| QMMM: Pseudo diagonalizations are allowed.
| QMMM: Auto diagonalization routine selection is in use.
| QMMM:
| QMMM: Timing diagonalization routines:
| QMMM:                              norbs =       45
| QMMM:    diag iterations used for timing =       20
| QMMM:
| QMMM:              Internal diag routine = 0.012365 seconds
| QMMM:                 Dspev diag routine = 0.025663 seconds
| QMMM:                Dspevd diag routine = 0.004423 seconds
| QMMM:                Dspevx diag routine = 0.021882 seconds
| QMMM:                 Dsyev diag routine = 0.005556 seconds
| QMMM:                Dsyevd diag routine = 0.004366 seconds
| QMMM:                Dsyevr diag routine = 0.005612 seconds
| QMMM:
| QMMM:                Pseudo diag routine = 0.001470 seconds
| QMMM:
| QMMM: Using dsyevd routine (diag_routine=6).

  QMMM: QM Region Cartesian Coordinates (*=link atom) 
  QMMM: QM_NO.   MM_NO.  ATOM         X         Y         Z
  QMMM:     1        1      C        0.8180   -0.4390    0.5640
  QMMM:     2        2      C        2.9370   -1.5970    0.6200
  QMMM:     3        3      C        0.7990   -0.4060    1.9590
  QMMM:     4        4      C        2.9180   -1.5650    2.0140
  QMMM:     5        5      C        1.8870   -1.0340   -0.1050
  QMMM:     6        6      C        1.8500   -0.9690    2.6840
  QMMM:     7        7      N        1.9040   -1.0690   -1.5250
  QMMM:     8        8      O        0.9480   -0.5590   -2.1570
  QMMM:     9        9      O        2.8750   -1.6100   -2.1070
  QMMM:    10       10      O        1.8320   -0.9360    4.0440
  QMMM:    11       11      H       -0.0070    0.0030    0.0120
  QMMM:    12       12      H        3.7760   -2.0650    0.1100
  QMMM:    13       13      H       -0.0350    0.0600    2.4750
  QMMM:    14       14      H        3.7400   -2.0040    2.5730
  QMMM:    15       15      H        1.1760   -0.2770    4.3350

--------------------------------------------------------------------------------
  RESULTS
--------------------------------------------------------------------------------

      iter         sqm energy              rms gradient
      ----    -------------------    -----------------------
xmin    10      -19.6490 kcal/mol        0.4614 kcal/(mol*A)
xmin    20      -19.6935 kcal/mol        0.0767 kcal/(mol*A)
xmin    30      -19.6956 kcal/mol        0.0186 kcal/(mol*A)
xmin    40      -19.6957 kcal/mol        0.0123 kcal/(mol*A)
xmin    50      -19.6958 kcal/mol        0.0049 kcal/(mol*A)
xmin    60      -19.6958 kcal/mol        0.0019 kcal/(mol*A)
xmin    70      -19.6958 kcal/mol        0.0007 kcal/(mol*A)
xmin    70      -19.6958 kcal/mol        0.0005 kcal/(mol*A)
  ... geometry converged !
 
 Final MO eigenvalues (eV):
 -43.2755  -40.9568  -38.1740  -37.6942  -32.5789  -31.8070  -26.9349  -24.5659
 -23.3365  -20.3047  -19.9707  -19.3257  -18.4785  -17.6137  -16.1883  -15.9121
 -15.5253  -15.1713  -14.5011  -13.4753  -12.8124  -12.2749  -11.8434  -11.8341
 -10.7643  -10.0721   -1.0654   -0.4161    0.5212    0.6621    1.9510    2.1705
   2.9333    2.9848    3.2688    3.4690    3.8072    4.1596    4.2460    4.3768
   4.4657    4.8125    5.4396    5.6432    7.2082

 Heat of formation   =        -19.69576519 kcal/mol  (       -0.85407247 eV)

 Total SCF energy    =     -46164.52398651 kcal/mol  (    -2001.84397843 eV)
 Electronic energy   =    -188314.90276072 kcal/mol  (    -8165.94695636 eV)
 Core-core repulsion =     142150.37877421 kcal/mol  (     6164.10297794 eV)
 
    Atomic Charges for Step       1 :
  Atom    Element       Mulliken Charge
     1      C                 -0.024
     2      C                 -0.032
     3      C                 -0.229
     4      C                 -0.170
     5      C                 -0.174
     6      C                  0.125
     7      N                  0.574
     8      O                 -0.363
     9      O                 -0.361
    10      O                 -0.237
    11      H                  0.173
    12      H                  0.174
    13      H                  0.149
    14      H                  0.167
    15      H                  0.229
 Total Mulliken Charge =       0.000
 
                  X        Y        Z     TOTAL  
  QM DIPOLE    -1.085    0.764    5.095    5.265
 
 Final Structure

  QMMM: QM Region Cartesian Coordinates (*=link atom) 
  QMMM: QM_NO.   MM_NO.  ATOM         X         Y         Z
  QMMM:     1        1      C        0.8078   -0.4098    0.5674
  QMMM:     2        2      C        2.9446   -1.5999    0.6348
  QMMM:     3        3      C        0.7952   -0.3596    1.9560
  QMMM:     4        4      C        2.9325   -1.5502    2.0209
  QMMM:     5        5      C        1.8824   -1.0298   -0.0920
  QMMM:     6        6      C        1.8552   -0.9286    2.6806
  QMMM:     7        7      N        1.8978   -1.0844   -1.5734
  QMMM:     8        8      O        0.9849   -0.5944   -2.1841
  QMMM:     9        9      O        2.8223   -1.6170   -2.1280
  QMMM:    10       10      O        1.9071   -0.9151    4.0492
  QMMM:    11       11      H       -0.0197    0.0339   -0.0135
  QMMM:    12       12      H        3.7826   -2.0840    0.1030
  QMMM:    13       13      H       -0.0412    0.1234    2.4818
  QMMM:    14       14      H        3.7505   -1.9883    2.6115
  QMMM:    15       15      H        1.1160   -0.4634    4.3816

           --------- Calculation Completed ----------

