            --------------------------------------------------------
                             AMBER SQM VERSION 19
 
                                     By
              Ross C. Walker, Michael F. Crowley, Scott Brozell,
                         Tim Giese, Andreas W. Goetz,
                        Tai-Sung Lee and David A. Case
 
            --------------------------------------------------------
 

--------------------------------------------------------------------------------
  QM CALCULATION INFO
--------------------------------------------------------------------------------

| QMMM: Citation for AMBER QMMM Run:
| QMMM: R.C. Walker, M.F. Crowley and D.A. Case, J. COMP. CHEM. 29:1019, 2008

QMMM: SINGLET STATE CALCULATION
QMMM: RHF CALCULATION, NO. OF DOUBLY OCCUPIED LEVELS = 20

| QMMM: *** Selected Hamiltonian *** 
| QMMM: AM1         

| QMMM: *** Parameter sets in use ***
| QMMM: C : M.J.S.DEWAR et al. JACS, 107, 3902, (1985)
| QMMM: O : M.J.S.DEWAR et al. JACS, 107, 3902, (1985)
| QMMM: H : M.J.S.DEWAR et al. JACS, 107, 3902, (1985)

| QMMM: *** SCF convergence criteria ***
| QMMM: Energy change                :  0.1D-09 kcal/mol
| QMMM: Error matrix |FP-PF|         :  0.1D+00 au
| QMMM: Density matrix change        :  0.5D-06
| QMMM: Maximum number of SCF cycles :     1000

| QMMM: *** Diagonalization Routine Information ***
| QMMM: Pseudo diagonalizations are allowed.
| QMMM: Auto diagonalization routine selection is in use.
| QMMM:
| QMMM: Timing diagonalization routines:
| QMMM:                              norbs =       38
| QMMM:    diag iterations used for timing =       20
| QMMM:
| QMMM:              Internal diag routine = 0.003473 seconds
| QMMM:                 Dspev diag routine = 0.009232 seconds
| QMMM:                Dspevd diag routine = 0.004795 seconds
| QMMM:                Dspevx diag routine = 0.018231 seconds
| QMMM:                 Dsyev diag routine = 0.006128 seconds
| QMMM:                Dsyevd diag routine = 0.004505 seconds
| QMMM:                Dsyevr diag routine = 0.005846 seconds
| QMMM:
| QMMM:                Pseudo diag routine = 0.001127 seconds
| QMMM:
| QMMM: Using internal diagonalization routine (diag_routine=1).

  QMMM: QM Region Cartesian Coordinates (*=link atom) 
  QMMM: QM_NO.   MM_NO.  ATOM         X         Y         Z
  QMMM:     1        1      C       -0.6950   -1.9190   -0.6360
  QMMM:     2        2      C       -0.2070   -0.5210   -0.9410
  QMMM:     3        3      C       -0.8240   -2.8610   -1.8120
  QMMM:     4        4      C        1.0520   -0.5660   -1.7950
  QMMM:     5        5      C        0.4490   -2.8550   -2.6470
  QMMM:     6        6      C        0.8650   -1.4380   -3.0350
  QMMM:     7        7      O       -1.0680   -2.2410    0.4910
  QMMM:     8        8      H       -1.0110    0.0140   -1.4580
  QMMM:     9        9      H        0.0000    0.0000   -0.0000
  QMMM:    10       10      H       -1.0220   -3.8730   -1.4420
  QMMM:    11       11      H       -1.6850   -2.5420   -2.4090
  QMMM:    12       12      H        1.3300    0.4510   -2.0960
  QMMM:    13       13      H        1.8830   -0.9630   -1.2000
  QMMM:    14       14      H        1.2610   -3.3250   -2.0780
  QMMM:    15       15      H        0.2990   -3.4570   -3.5500
  QMMM:    16       16      H        0.1050   -0.9940   -3.6900
  QMMM:    17       17      H        1.8000   -1.4720   -3.6040

--------------------------------------------------------------------------------
  RESULTS
--------------------------------------------------------------------------------

      iter         sqm energy              rms gradient
      ----    -------------------    -----------------------
xmin    10      -63.4695 kcal/mol        0.0157 kcal/(mol*A)
xmin    20      -63.4696 kcal/mol        0.0178 kcal/(mol*A)
xmin    30      -63.4696 kcal/mol        0.0008 kcal/(mol*A)
  ... geometry converged !
 
 Final MO eigenvalues (eV):
 -40.1688  -37.0828  -32.1755  -29.9068  -24.0743  -22.6647  -19.7180  -17.0827
 -16.0839  -15.6406  -15.4348  -14.9657  -14.1925  -13.5578  -12.8520  -12.4462
 -12.0363  -11.8349  -11.5707  -10.3040    0.9217    3.1273    3.4732    3.4879
   3.6180    3.7231    4.0325    4.1190    4.2339    4.4062    4.4189    4.5772
   4.6226    4.6657    4.8790    4.9335    5.0217    6.5397

 Heat of formation   =        -63.46962988 kcal/mol  (       -2.75224968 eV)

 Total SCF energy    =     -28303.88784368 kcal/mol  (    -1227.34867715 eV)
 Electronic energy   =    -121333.46643425 kcal/mol  (    -5261.41392109 eV)
 Core-core repulsion =      93029.57859057 kcal/mol  (     4034.06524394 eV)
 
    Atomic Charges for Step       1 :
  Atom    Element       Mulliken Charge
     1      C                  0.231
     2      C                 -0.210
     3      C                 -0.210
     4      C                 -0.151
     5      C                 -0.151
     6      C                 -0.162
     7      O                 -0.294
     8      H                  0.105
     9      H                  0.111
    10      H                  0.111
    11      H                  0.105
    12      H                  0.086
    13      H                  0.087
    14      H                  0.087
    15      H                  0.086
    16      H                  0.081
    17      H                  0.086
 Total Mulliken Charge =      -0.000
 
                  X        Y        Z     TOTAL  
  QM DIPOLE     0.850    0.794   -2.735    2.972
 
 Final Structure

  QMMM: QM Region Cartesian Coordinates (*=link atom) 
  QMMM: QM_NO.   MM_NO.  ATOM         X         Y         Z
  QMMM:     1        1      C       -0.7135   -1.9147   -0.6351
  QMMM:     2        2      C       -0.2006   -0.5353   -0.9429
  QMMM:     3        3      C       -0.8123   -2.8530   -1.8058
  QMMM:     4        4      C        1.0504   -0.5761   -1.7947
  QMMM:     5        5      C        0.4508   -2.8478   -2.6405
  QMMM:     6        6      C        0.8610   -1.4412   -3.0231
  QMMM:     7        7      O       -1.0630   -2.2458    0.5018
  QMMM:     8        8      H       -1.0144    0.0168   -1.4854
  QMMM:     9        9      H        0.0053    0.0150    0.0127
  QMMM:    10       10      H       -1.0260   -3.8924   -1.4421
  QMMM:    11       11      H       -1.6852   -2.5249   -2.4317
  QMMM:    12       12      H        1.3177    0.4676   -2.1054
  QMMM:    13       13      H        1.9045   -0.9735   -1.1853
  QMMM:    14       14      H        1.2810   -3.3362   -2.0650
  QMMM:    15       15      H        0.2819   -3.4570   -3.5666
  QMMM:    16       16      H        0.0774   -0.9878   -3.6854
  QMMM:    17       17      H        1.8171   -1.4759   -3.6076

           --------- Calculation Completed ----------

