            --------------------------------------------------------
                             AMBER SQM VERSION 19
 
                                     By
              Ross C. Walker, Michael F. Crowley, Scott Brozell,
                         Tim Giese, Andreas W. Goetz,
                        Tai-Sung Lee and David A. Case
 
            --------------------------------------------------------
 

--------------------------------------------------------------------------------
  QM CALCULATION INFO
--------------------------------------------------------------------------------

| QMMM: Citation for AMBER QMMM Run:
| QMMM: R.C. Walker, M.F. Crowley and D.A. Case, J. COMP. CHEM. 29:1019, 2008

QMMM: SINGLET STATE CALCULATION
QMMM: RHF CALCULATION, NO. OF DOUBLY OCCUPIED LEVELS = 21

| QMMM: *** Selected Hamiltonian *** 
| QMMM: AM1         

| QMMM: *** Parameter sets in use ***
| QMMM: C : M.J.S.DEWAR et al. JACS, 107, 3902, (1985)
| QMMM: H : M.J.S.DEWAR et al. JACS, 107, 3902, (1985)

| QMMM: *** SCF convergence criteria ***
| QMMM: Energy change                :  0.1D-09 kcal/mol
| QMMM: Error matrix |FP-PF|         :  0.1D+00 au
| QMMM: Density matrix change        :  0.5D-06
| QMMM: Maximum number of SCF cycles :     1000

| QMMM: *** Diagonalization Routine Information ***
| QMMM: Pseudo diagonalizations are allowed.
| QMMM: Auto diagonalization routine selection is in use.
| QMMM:
| QMMM: Timing diagonalization routines:
| QMMM:                              norbs =       42
| QMMM:    diag iterations used for timing =       20
| QMMM:
| QMMM:              Internal diag routine = 0.016262 seconds
| QMMM:                 Dspev diag routine = 0.019718 seconds
| QMMM:                Dspevd diag routine = 0.005673 seconds
| QMMM:                Dspevx diag routine = 0.030366 seconds
| QMMM:                 Dsyev diag routine = 0.006469 seconds
| QMMM:                Dsyevd diag routine = 0.005790 seconds
| QMMM:                Dsyevr diag routine = 0.007575 seconds
| QMMM:
| QMMM:                Pseudo diag routine = 0.001643 seconds
| QMMM:
| QMMM: Using dspevd routine (diag_routine=3).

  QMMM: QM Region Cartesian Coordinates (*=link atom) 
  QMMM: QM_NO.   MM_NO.  ATOM         X         Y         Z
  QMMM:     1        1      C        0.8320   -0.3950    0.5750
  QMMM:     2        2      C        1.8990   -1.0140   -0.0770
  QMMM:     3        3      C        0.8350   -0.2830    1.9660
  QMMM:     4        4      C        2.9710   -1.4090    2.0520
  QMMM:     5        5      C        2.9680   -1.5200    0.6620
  QMMM:     6        6      C        1.9040   -0.7900    2.7040
  QMMM:     7        7      C        4.1090   -2.1810   -0.0360
  QMMM:     8        8      C        1.9060   -0.6710    4.1910
  QMMM:     9        9      H       -0.0000   -0.0010    0.0000
  QMMM:    10       10      H        1.8880   -1.0960   -1.1600
  QMMM:    11       11      H       -0.0010    0.2010    2.4650
  QMMM:    12       12      H        3.8040   -1.8040    2.6280
  QMMM:    13       13      H        4.8780   -2.4790    0.6870
  QMMM:    14       14      H        3.7790   -3.0750   -0.5810
  QMMM:    15       15      H        4.5670   -1.5100   -0.7740
  QMMM:    16       16      H        2.8210   -0.1720    4.5330
  QMMM:    17       17      H        1.0420   -0.0950    4.5460
  QMMM:    18       18      H        1.8480   -1.6580    4.6690

--------------------------------------------------------------------------------
  RESULTS
--------------------------------------------------------------------------------

      iter         sqm energy              rms gradient
      ----    -------------------    -----------------------
xmin    10        6.7397 kcal/mol        0.0260 kcal/(mol*A)
xmin    20        6.7397 kcal/mol        0.0079 kcal/(mol*A)
xmin    30        6.7396 kcal/mol        0.0050 kcal/(mol*A)
xmin    40        6.7396 kcal/mol        0.0061 kcal/(mol*A)
xmin    50        6.7395 kcal/mol        0.0032 kcal/(mol*A)
xmin    60        6.7392 kcal/mol        0.0036 kcal/(mol*A)
xmin    70        6.7392 kcal/mol        0.0207 kcal/(mol*A)
xmin    80        6.7391 kcal/mol        0.0207 kcal/(mol*A)
xmin    90        6.7390 kcal/mol        0.0048 kcal/(mol*A)
xmin   100        6.7390 kcal/mol        0.0063 kcal/(mol*A)
xmin   110        6.7389 kcal/mol        0.0029 kcal/(mol*A)
xmin   120        6.7389 kcal/mol        0.0049 kcal/(mol*A)
xmin   130        6.7388 kcal/mol        0.0071 kcal/(mol*A)
xmin   140        6.7387 kcal/mol        0.0054 kcal/(mol*A)
xmin   150        6.7386 kcal/mol        0.0119 kcal/(mol*A)
xmin   160        6.7384 kcal/mol        0.0065 kcal/(mol*A)
xmin   170        6.7383 kcal/mol        0.0074 kcal/(mol*A)
xmin   180        6.7382 kcal/mol        0.0074 kcal/(mol*A)
xmin   190        6.7381 kcal/mol        0.0082 kcal/(mol*A)
xmin   200        6.7378 kcal/mol        0.0070 kcal/(mol*A)
xmin   210        6.7377 kcal/mol        0.0081 kcal/(mol*A)
xmin   220        6.7376 kcal/mol        0.0065 kcal/(mol*A)
xmin   230        6.7374 kcal/mol        0.0082 kcal/(mol*A)
xmin   240        6.7372 kcal/mol        0.0253 kcal/(mol*A)
xmin   250        6.7371 kcal/mol        0.0042 kcal/(mol*A)
xmin   260        6.7369 kcal/mol        0.0379 kcal/(mol*A)
xmin   270        6.7368 kcal/mol        0.0296 kcal/(mol*A)
xmin   280        6.7366 kcal/mol        0.0162 kcal/(mol*A)
xmin   290        6.7364 kcal/mol        0.0099 kcal/(mol*A)
xmin   300        6.7363 kcal/mol        0.0072 kcal/(mol*A)
xmin   310        6.7361 kcal/mol        0.0368 kcal/(mol*A)
xmin   320        6.7359 kcal/mol        0.0157 kcal/(mol*A)
xmin   330        6.7357 kcal/mol        0.0379 kcal/(mol*A)
xmin   340        6.7355 kcal/mol        0.0108 kcal/(mol*A)
xmin   350        6.7353 kcal/mol        0.0092 kcal/(mol*A)
xmin   360        6.7350 kcal/mol        0.0350 kcal/(mol*A)
xmin   370        6.7348 kcal/mol        0.0209 kcal/(mol*A)
xmin   380        6.7346 kcal/mol        0.0112 kcal/(mol*A)
xmin   390        6.7344 kcal/mol        0.0205 kcal/(mol*A)
xmin   400        6.7341 kcal/mol        0.0533 kcal/(mol*A)
xmin   410        6.7339 kcal/mol        0.0104 kcal/(mol*A)
xmin   420        6.7337 kcal/mol        0.0255 kcal/(mol*A)
xmin   430        6.7334 kcal/mol        0.0268 kcal/(mol*A)
xmin   440        6.7332 kcal/mol        0.0676 kcal/(mol*A)
xmin   450        6.7329 kcal/mol        0.0071 kcal/(mol*A)
xmin   460        6.7327 kcal/mol        0.0376 kcal/(mol*A)
xmin   470        6.7326 kcal/mol        0.0238 kcal/(mol*A)
xmin   480        6.7324 kcal/mol        0.0043 kcal/(mol*A)
xmin   490        6.7323 kcal/mol        0.0481 kcal/(mol*A)
xmin   500        6.7320 kcal/mol        0.0078 kcal/(mol*A)
xmin   510        6.7318 kcal/mol        0.0075 kcal/(mol*A)
xmin   520        6.7316 kcal/mol        0.0254 kcal/(mol*A)
xmin   530        6.7314 kcal/mol        0.0242 kcal/(mol*A)
xmin   540        6.7312 kcal/mol        0.0334 kcal/(mol*A)
xmin   550        6.7310 kcal/mol        0.0344 kcal/(mol*A)
xmin   560        6.7308 kcal/mol        0.0312 kcal/(mol*A)
xmin   570        6.7304 kcal/mol        0.0240 kcal/(mol*A)
xmin   580        6.7302 kcal/mol        0.0245 kcal/(mol*A)
xmin   590        6.7301 kcal/mol        0.0066 kcal/(mol*A)
xmin   600        6.7299 kcal/mol        0.0138 kcal/(mol*A)
xmin   610        6.7297 kcal/mol        0.0133 kcal/(mol*A)
xmin   620        6.7295 kcal/mol        0.0084 kcal/(mol*A)
xmin   630        6.7292 kcal/mol        0.0248 kcal/(mol*A)
xmin   640        6.7290 kcal/mol        0.0215 kcal/(mol*A)
xmin   650        6.7288 kcal/mol        0.0091 kcal/(mol*A)
xmin   660        6.7287 kcal/mol        0.0212 kcal/(mol*A)
xmin   670        6.7286 kcal/mol        0.0300 kcal/(mol*A)
xmin   680        6.7285 kcal/mol        0.0145 kcal/(mol*A)
xmin   690        6.7282 kcal/mol        0.0117 kcal/(mol*A)
xmin   700        6.7281 kcal/mol        0.0039 kcal/(mol*A)
xmin   710        6.7279 kcal/mol        0.0059 kcal/(mol*A)
xmin   720        6.7277 kcal/mol        0.0055 kcal/(mol*A)
xmin   730        6.7276 kcal/mol        0.0167 kcal/(mol*A)
xmin   740        6.7274 kcal/mol        0.0073 kcal/(mol*A)
xmin   750        6.7273 kcal/mol        0.0142 kcal/(mol*A)
xmin   760        6.7272 kcal/mol        0.0205 kcal/(mol*A)
xmin   770        6.7271 kcal/mol        0.0063 kcal/(mol*A)
xmin   780        6.7271 kcal/mol        0.0209 kcal/(mol*A)
xmin   790        6.7270 kcal/mol        0.0274 kcal/(mol*A)
xmin   800        6.7268 kcal/mol        0.0075 kcal/(mol*A)
xmin   810        6.7267 kcal/mol        0.0174 kcal/(mol*A)
xmin   820        6.7266 kcal/mol        0.0101 kcal/(mol*A)
xmin   830        6.7264 kcal/mol        0.0043 kcal/(mol*A)
xmin   840        6.7263 kcal/mol        0.0099 kcal/(mol*A)
xmin   850        6.7263 kcal/mol        0.0128 kcal/(mol*A)
xmin   860        6.7262 kcal/mol        0.0053 kcal/(mol*A)
xmin   870        6.7261 kcal/mol        0.0074 kcal/(mol*A)
xmin   880        6.7260 kcal/mol        0.0041 kcal/(mol*A)
xmin   890        6.7260 kcal/mol        0.0070 kcal/(mol*A)
xmin   900        6.7259 kcal/mol        0.0019 kcal/(mol*A)
xmin   910        6.7259 kcal/mol        0.0034 kcal/(mol*A)
xmin   920        6.7258 kcal/mol        0.0031 kcal/(mol*A)
xmin   930        6.7257 kcal/mol        0.0057 kcal/(mol*A)
xmin   940        6.7257 kcal/mol        0.0129 kcal/(mol*A)
xmin   950        6.7257 kcal/mol        0.0045 kcal/(mol*A)
xmin   960        6.7256 kcal/mol        0.0150 kcal/(mol*A)
xmin   970        6.7256 kcal/mol        0.0070 kcal/(mol*A)
xmin   980        6.7255 kcal/mol        0.0120 kcal/(mol*A)
xmin   990        6.7255 kcal/mol        0.0020 kcal/(mol*A)
xmin  1000        6.7255 kcal/mol        0.0060 kcal/(mol*A)
xmin  1010        6.7255 kcal/mol        0.0023 kcal/(mol*A)
xmin  1020        6.7254 kcal/mol        0.0023 kcal/(mol*A)
xmin  1030        6.7254 kcal/mol        0.0079 kcal/(mol*A)
xmin  1040        6.7253 kcal/mol        0.0098 kcal/(mol*A)
xmin  1050        6.7253 kcal/mol        0.0025 kcal/(mol*A)
xmin  1060        6.7253 kcal/mol        0.0112 kcal/(mol*A)
xmin  1070        6.7252 kcal/mol        0.0028 kcal/(mol*A)
xmin  1080        6.7252 kcal/mol        0.0029 kcal/(mol*A)
xmin  1090        6.7252 kcal/mol        0.0095 kcal/(mol*A)
xmin  1100        6.7251 kcal/mol        0.0045 kcal/(mol*A)
xmin  1110        6.7251 kcal/mol        0.0038 kcal/(mol*A)
xmin  1120        6.7251 kcal/mol        0.0028 kcal/(mol*A)
xmin  1130        6.7251 kcal/mol        0.0048 kcal/(mol*A)
xmin  1140        6.7251 kcal/mol        0.0025 kcal/(mol*A)
xmin  1150        6.7250 kcal/mol        0.0012 kcal/(mol*A)
xmin  1160        6.7250 kcal/mol        0.0050 kcal/(mol*A)
xmin  1170        6.7250 kcal/mol        0.0143 kcal/(mol*A)
xmin  1180        6.7250 kcal/mol        0.0026 kcal/(mol*A)
xmin  1190        6.7250 kcal/mol        0.0057 kcal/(mol*A)
xmin  1200        6.7250 kcal/mol        0.0014 kcal/(mol*A)
xmin  1210        6.7250 kcal/mol        0.0051 kcal/(mol*A)
xmin  1220        6.7250 kcal/mol        0.0018 kcal/(mol*A)
xmin  1230        6.7249 kcal/mol        0.0041 kcal/(mol*A)
xmin  1240        6.7249 kcal/mol        0.0071 kcal/(mol*A)
xmin  1250        6.7249 kcal/mol        0.0013 kcal/(mol*A)
xmin  1260        6.7249 kcal/mol        0.0019 kcal/(mol*A)
xmin  1270        6.7249 kcal/mol        0.0008 kcal/(mol*A)
xmin  1280        6.7249 kcal/mol        0.0026 kcal/(mol*A)
xmin  1290        6.7249 kcal/mol        0.0015 kcal/(mol*A)
xmin  1300        6.7249 kcal/mol        0.0029 kcal/(mol*A)
xmin  1310        6.7249 kcal/mol        0.0021 kcal/(mol*A)
xmin  1320        6.7249 kcal/mol        0.0016 kcal/(mol*A)
xmin  1330        6.7249 kcal/mol        0.0047 kcal/(mol*A)
xmin  1340        6.7249 kcal/mol        0.0030 kcal/(mol*A)
xmin  1350        6.7249 kcal/mol        0.0079 kcal/(mol*A)
  ... geometry converged !
 
 Final MO eigenvalues (eV):
 -39.6236  -34.1839  -32.4821  -27.8646  -27.1589  -22.6813  -21.2622  -17.0765
 -16.1203  -15.6901  -14.7341  -13.9875  -13.9745  -13.7558  -13.2980  -12.6945
 -12.2580  -11.8863  -11.7165   -9.4363   -9.1907    0.5292    0.6113    2.8976
   3.8775    4.0259    4.0757    4.2273    4.3419    4.3684    4.5340    4.5999
   4.6693    4.7869    4.8347    4.8497    5.2796    5.3002    5.6763    5.7335
   5.8461    6.2167

 Heat of formation   =          6.72485540 kcal/mol  (        0.29161161 eV)

 Total SCF energy    =     -26798.60937854 kcal/mol  (    -1162.07490475 eV)
 Electronic energy   =    -124187.69887578 kcal/mol  (    -5385.18272737 eV)
 Core-core repulsion =      97389.08949724 kcal/mol  (     4223.10782261 eV)
 
    Atomic Charges for Step       1 :
  Atom    Element       Mulliken Charge
     1      C                 -0.123
     2      C                 -0.135
     3      C                 -0.135
     4      C                 -0.131
     5      C                 -0.067
     6      C                 -0.067
     7      C                 -0.179
     8      C                 -0.179
     9      H                  0.129
    10      H                  0.130
    11      H                  0.130
    12      H                  0.130
    13      H                  0.081
    14      H                  0.085
    15      H                  0.082
    16      H                  0.082
    17      H                  0.082
    18      H                  0.085
 Total Mulliken Charge =      -0.000
 
                  X        Y        Z     TOTAL  
  QM DIPOLE     0.159   -0.164    0.137    0.267
 
 Final Structure

  QMMM: QM Region Cartesian Coordinates (*=link atom) 
  QMMM: QM_NO.   MM_NO.  ATOM         X         Y         Z
  QMMM:     1        1      C        0.8378   -0.3911    0.5724
  QMMM:     2        2      C        1.9226   -0.9713   -0.0817
  QMMM:     3        3      C        0.8161   -0.3124    1.9634
  QMMM:     4        4      C        2.9730   -1.3971    2.0517
  QMMM:     5        5      C        2.9985   -1.4793    0.6558
  QMMM:     6        6      C        1.8855   -0.8166    2.7127
  QMMM:     7        7      C        4.1468   -2.1099   -0.0355
  QMMM:     8        8      C        1.8607   -0.7486    4.1921
  QMMM:     9        9      H       -0.0047    0.0075   -0.0118
  QMMM:    10       10      H        1.9369   -1.0299   -1.1798
  QMMM:    11       11      H       -0.0413    0.1478    2.4758
  QMMM:    12       12      H        3.8177   -1.7917    2.6362
  QMMM:    13       13      H        5.0826   -2.0109    0.5678
  QMMM:    14       14      H        3.9454   -3.1998   -0.1922
  QMMM:    15       15      H        4.3190   -1.6395   -1.0348
  QMMM:    16       16      H        2.8956   -0.6696    4.6072
  QMMM:    17       17      H        1.2709    0.1339    4.5427
  QMMM:    18       18      H        1.3868   -1.6735    4.6082

           --------- Calculation Completed ----------

