            --------------------------------------------------------
                             AMBER SQM VERSION 19
 
                                     By
              Ross C. Walker, Michael F. Crowley, Scott Brozell,
                         Tim Giese, Andreas W. Goetz,
                        Tai-Sung Lee and David A. Case
 
            --------------------------------------------------------
 

--------------------------------------------------------------------------------
  QM CALCULATION INFO
--------------------------------------------------------------------------------

| QMMM: Citation for AMBER QMMM Run:
| QMMM: R.C. Walker, M.F. Crowley and D.A. Case, J. COMP. CHEM. 29:1019, 2008

QMMM: SINGLET STATE CALCULATION
QMMM: RHF CALCULATION, NO. OF DOUBLY OCCUPIED LEVELS = 22

| QMMM: *** Selected Hamiltonian *** 
| QMMM: AM1         

| QMMM: *** Parameter sets in use ***
| QMMM: C : M.J.S.DEWAR et al. JACS, 107, 3902, (1985)
| QMMM: O : M.J.S.DEWAR et al. JACS, 107, 3902, (1985)
| QMMM: H : M.J.S.DEWAR et al. JACS, 107, 3902, (1985)

| QMMM: *** SCF convergence criteria ***
| QMMM: Energy change                :  0.1D-09 kcal/mol
| QMMM: Error matrix |FP-PF|         :  0.1D+00 au
| QMMM: Density matrix change        :  0.5D-06
| QMMM: Maximum number of SCF cycles :     1000

| QMMM: *** Diagonalization Routine Information ***
| QMMM: Pseudo diagonalizations are allowed.
| QMMM: Auto diagonalization routine selection is in use.
| QMMM:
| QMMM: Timing diagonalization routines:
| QMMM:                              norbs =       42
| QMMM:    diag iterations used for timing =       20
| QMMM:
| QMMM:              Internal diag routine = 0.017797 seconds
| QMMM:                 Dspev diag routine = 0.005870 seconds
| QMMM:                Dspevd diag routine = 0.012170 seconds
| QMMM:                Dspevx diag routine = 0.031148 seconds
| QMMM:                 Dsyev diag routine = 0.008043 seconds
| QMMM:                Dsyevd diag routine = 0.007424 seconds
| QMMM:                Dsyevr diag routine = 0.008968 seconds
| QMMM:
| QMMM:                Pseudo diag routine = 0.001923 seconds
| QMMM:
| QMMM: Using dspev routine (diag_routine=2).

  QMMM: QM Region Cartesian Coordinates (*=link atom) 
  QMMM: QM_NO.   MM_NO.  ATOM         X         Y         Z
  QMMM:     1        1      C       -1.0910   -0.8790   -2.1940
  QMMM:     2        2      C       -1.0610    0.5650   -0.1500
  QMMM:     3        3      C        1.9550    2.3020   -3.0390
  QMMM:     4        4      C       -0.3930    1.5690   -2.3520
  QMMM:     5        5      C       -1.3050    0.5380   -1.6610
  QMMM:     6        6      C        1.1130    1.2950   -2.2680
  QMMM:     7        7      O        1.4810    1.3580   -0.8880
  QMMM:     8        8      H       -0.0430   -1.1830   -2.1030
  QMMM:     9        9      H       -1.3800   -0.9570   -3.2460
  QMMM:    10       10      H       -1.7000   -1.5990   -1.6370
  QMMM:    11       11      H       -1.2460    1.5650    0.2570
  QMMM:    12       12      H       -1.7310   -0.1320    0.3650
  QMMM:    13       13      H       -0.0300    0.2850    0.0930
  QMMM:    14       14      H        1.7510    3.3230   -2.7000
  QMMM:    15       15      H        3.0220    2.1220   -2.8660
  QMMM:    16       16      H        1.7730    2.2450   -4.1160
  QMMM:    17       17      H       -0.5860    2.5670   -1.9350
  QMMM:    18       18      H       -0.6760    1.6480   -3.4110
  QMMM:    19       19      H       -2.3520    0.8150   -1.8280
  QMMM:    20       20      H        1.3350    0.2790   -2.6120
  QMMM:    21       21      H        2.1970    2.0080   -0.8270

--------------------------------------------------------------------------------
  RESULTS
--------------------------------------------------------------------------------

      iter         sqm energy              rms gradient
      ----    -------------------    -----------------------
xmin    10      -84.2777 kcal/mol        1.2942 kcal/(mol*A)
xmin    20      -85.5635 kcal/mol        0.2571 kcal/(mol*A)
xmin    30      -85.6267 kcal/mol        0.1040 kcal/(mol*A)
xmin    40      -85.6425 kcal/mol        0.0740 kcal/(mol*A)
xmin    50      -85.6493 kcal/mol        0.0349 kcal/(mol*A)
xmin    60      -85.6532 kcal/mol        0.1297 kcal/(mol*A)
xmin    70      -85.6570 kcal/mol        0.0328 kcal/(mol*A)
xmin    80      -85.6606 kcal/mol        0.0463 kcal/(mol*A)
xmin    90      -85.6635 kcal/mol        0.0321 kcal/(mol*A)
xmin   100      -85.6659 kcal/mol        0.0148 kcal/(mol*A)
xmin   110      -85.6674 kcal/mol        0.0231 kcal/(mol*A)
xmin   120      -85.6695 kcal/mol        0.0156 kcal/(mol*A)
xmin   130      -85.6712 kcal/mol        0.0197 kcal/(mol*A)
xmin   140      -85.6718 kcal/mol        0.0406 kcal/(mol*A)
xmin   150      -85.6723 kcal/mol        0.0152 kcal/(mol*A)
xmin   160      -85.6727 kcal/mol        0.0112 kcal/(mol*A)
xmin   170      -85.6730 kcal/mol        0.0413 kcal/(mol*A)
xmin   180      -85.6731 kcal/mol        0.0078 kcal/(mol*A)
xmin   190      -85.6732 kcal/mol        0.0165 kcal/(mol*A)
xmin   200      -85.6733 kcal/mol        0.0050 kcal/(mol*A)
xmin   210      -85.6733 kcal/mol        0.0054 kcal/(mol*A)
xmin   220      -85.6734 kcal/mol        0.0048 kcal/(mol*A)
xmin   230      -85.6734 kcal/mol        0.0025 kcal/(mol*A)
xmin   240      -85.6734 kcal/mol        0.0015 kcal/(mol*A)
xmin   250      -85.6734 kcal/mol        0.0021 kcal/(mol*A)
xmin   260      -85.6734 kcal/mol        0.0007 kcal/(mol*A)
xmin   270      -85.6734 kcal/mol        0.0017 kcal/(mol*A)
xmin   280      -85.6734 kcal/mol        0.0011 kcal/(mol*A)
  ... geometry converged !
 
 Final MO eigenvalues (eV):
 -39.2944  -36.0583  -31.8529  -27.7323  -27.4011  -23.0827  -20.4532  -17.1198
 -16.7212  -16.0066  -14.9004  -14.4429  -14.2979  -13.4605  -12.8515  -12.8390
 -12.3424  -12.1096  -11.8814  -11.6961  -11.3537  -10.6387    3.5216    3.5665
   3.8032    3.9707    4.1032    4.1731    4.2809    4.5207    4.5791    4.6852
   4.7089    4.7633    4.9119    4.9676    5.0239    5.0855    5.2530    5.3026
   5.4211    6.4135

 Heat of formation   =        -85.67342728 kcal/mol  (       -3.71507859 eV)

 Total SCF energy    =     -29585.75165326 kcal/mol  (    -1282.93446309 eV)
 Electronic energy   =    -137564.25612873 kcal/mol  (    -5965.23377688 eV)
 Core-core repulsion =     107978.50447547 kcal/mol  (     4682.29931380 eV)
 
    Atomic Charges for Step       1 :
  Atom    Element       Mulliken Charge
     1      C                 -0.209
     2      C                 -0.212
     3      C                 -0.247
     4      C                 -0.183
     5      C                 -0.101
     6      C                  0.025
     7      O                 -0.325
     8      H                  0.076
     9      H                  0.070
    10      H                  0.074
    11      H                  0.068
    12      H                  0.070
    13      H                  0.096
    14      H                  0.072
    15      H                  0.089
    16      H                  0.082
    17      H                  0.078
    18      H                  0.085
    19      H                  0.080
    20      H                  0.117
    21      H                  0.194
 Total Mulliken Charge =       0.000
 
                  X        Y        Z     TOTAL  
  QM DIPOLE    -0.693    0.850   -1.096    1.551
 
 Final Structure

  QMMM: QM Region Cartesian Coordinates (*=link atom) 
  QMMM: QM_NO.   MM_NO.  ATOM         X         Y         Z
  QMMM:     1        1      C       -1.1253   -0.7584   -2.3153
  QMMM:     2        2      C       -0.9850    0.4282   -0.1302
  QMMM:     3        3      C        1.9528    2.1245   -3.1589
  QMMM:     4        4      C       -0.3165    1.6234   -2.2352
  QMMM:     5        5      C       -1.2324    0.5798   -1.6153
  QMMM:     6        6      C        1.1756    1.3197   -2.1298
  QMMM:     7        7      O        1.6824    1.5700   -0.8266
  QMMM:     8        8      H       -0.1487   -1.2512   -2.0913
  QMMM:     9        9      H       -1.2147   -0.6312   -3.4209
  QMMM:    10       10      H       -1.9425   -1.4365   -1.9686
  QMMM:    11       11      H       -1.1464    1.4024    0.3906
  QMMM:    12       12      H       -1.6815   -0.3291    0.3027
  QMMM:    13       13      H        0.0672    0.1015    0.0594
  QMMM:    14       14      H        1.7215    3.2121   -3.0618
  QMMM:    15       15      H        3.0486    1.9798   -3.0028
  QMMM:    16       16      H        1.6863    1.7914   -4.1893
  QMMM:    17       17      H       -0.5170    2.6130   -1.7448
  QMMM:    18       18      H       -0.5788    1.7249   -3.3218
  QMMM:    19       19      H       -2.2889    0.9547   -1.7562
  QMMM:    20       20      H        1.3655    0.2182   -2.2781
  QMMM:    21       21      H        1.5106    2.4968   -0.6238

           --------- Calculation Completed ----------

