            --------------------------------------------------------
                             AMBER SQM VERSION 19
 
                                     By
              Ross C. Walker, Michael F. Crowley, Scott Brozell,
                         Tim Giese, Andreas W. Goetz,
                        Tai-Sung Lee and David A. Case
 
            --------------------------------------------------------
 

--------------------------------------------------------------------------------
  QM CALCULATION INFO
--------------------------------------------------------------------------------

| QMMM: Citation for AMBER QMMM Run:
| QMMM: R.C. Walker, M.F. Crowley and D.A. Case, J. COMP. CHEM. 29:1019, 2008

QMMM: SINGLET STATE CALCULATION
QMMM: RHF CALCULATION, NO. OF DOUBLY OCCUPIED LEVELS = 30

| QMMM: *** Selected Hamiltonian *** 
| QMMM: AM1         

| QMMM: *** Parameter sets in use ***
| QMMM: C : M.J.S.DEWAR et al. JACS, 107, 3902, (1985)
| QMMM: H : M.J.S.DEWAR et al. JACS, 107, 3902, (1985)

| QMMM: *** SCF convergence criteria ***
| QMMM: Energy change                :  0.1D-09 kcal/mol
| QMMM: Error matrix |FP-PF|         :  0.1D+00 au
| QMMM: Density matrix change        :  0.5D-06
| QMMM: Maximum number of SCF cycles :     1000

| QMMM: *** Diagonalization Routine Information ***
| QMMM: Pseudo diagonalizations are allowed.
| QMMM: Auto diagonalization routine selection is in use.
| QMMM:
| QMMM: Timing diagonalization routines:
| QMMM:                              norbs =       60
| QMMM:    diag iterations used for timing =       15
| QMMM:
| QMMM:              Internal diag routine = 0.047056 seconds
| QMMM:                 Dspev diag routine = 0.056042 seconds
| QMMM:                Dspevd diag routine = 0.008589 seconds
| QMMM:                Dspevx diag routine = 0.035561 seconds
| QMMM:                 Dsyev diag routine = 0.012347 seconds
| QMMM:                Dsyevd diag routine = 0.006710 seconds
| QMMM:                Dsyevr diag routine = 0.009004 seconds
| QMMM:
| QMMM:                Pseudo diag routine = 0.002926 seconds
| QMMM:
| QMMM: Using dsyevd routine (diag_routine=6).

  QMMM: QM Region Cartesian Coordinates (*=link atom) 
  QMMM: QM_NO.   MM_NO.  ATOM         X         Y         Z
  QMMM:     1        1      C       -0.5680   -2.0630    0.2280
  QMMM:     2        2      C        0.3420   -1.0310    0.0180
  QMMM:     3        3      C        3.0390   -5.3110   -0.1010
  QMMM:     4        4      C       -0.1300   -3.3870    0.2510
  QMMM:     5        5      C        1.6940   -1.3190   -0.1680
  QMMM:     6        6      C        1.6870   -5.0230    0.0860
  QMMM:     7        7      C        3.9500   -4.2790   -0.3090
  QMMM:     8        8      C        1.2280   -3.6950    0.0650
  QMMM:     9        9      C        2.1530   -2.6460   -0.1470
  QMMM:    10       10      C        3.5110   -2.9550   -0.3330
  QMMM:    11       11      C        5.1500   -1.3910    0.7410
  QMMM:    12       12      C        4.5420   -1.8940   -0.5630
  QMMM:    13       13      H       -1.6210   -1.8370    0.3710
  QMMM:    14       14      H       -0.0010   -0.0000   -0.0000
  QMMM:    15       15      H        3.3810   -6.3420   -0.0820
  QMMM:    16       16      H       -0.8590   -4.1770    0.4160
  QMMM:    17       17      H        2.3740   -0.4860   -0.3290
  QMMM:    18       18      H        0.9930   -5.8450    0.2480
  QMMM:    19       19      H        5.0010   -4.5160   -0.4520
  QMMM:    20       20      H        4.3830   -0.9600    1.3940
  QMMM:    21       21      H        5.9000   -0.6190    0.5430
  QMMM:    22       22      H        5.6380   -2.2050    1.2880
  QMMM:    23       23      H        5.3420   -2.2780   -1.2130
  QMMM:    24       24      H        4.0990   -1.0480   -1.1080

--------------------------------------------------------------------------------
  RESULTS
--------------------------------------------------------------------------------

      iter         sqm energy              rms gradient
      ----    -------------------    -----------------------
xmin    10       28.7527 kcal/mol        0.8061 kcal/(mol*A)
xmin    20       28.6254 kcal/mol        0.6797 kcal/(mol*A)
xmin    30       28.5765 kcal/mol        0.3086 kcal/(mol*A)
xmin    40       28.5625 kcal/mol        0.0753 kcal/(mol*A)
xmin    50       28.5579 kcal/mol        0.0996 kcal/(mol*A)
xmin    60       28.5570 kcal/mol        0.0225 kcal/(mol*A)
xmin    70       28.5568 kcal/mol        0.0074 kcal/(mol*A)
xmin    80       28.5567 kcal/mol        0.0082 kcal/(mol*A)
xmin    90       28.5567 kcal/mol        0.0023 kcal/(mol*A)
xmin   100       28.5567 kcal/mol        0.0010 kcal/(mol*A)
  ... geometry converged !
 
 Final MO eigenvalues (eV):
 -40.6357  -37.0304  -35.1386  -31.5611  -30.8388  -29.3145  -24.7533  -23.6502
 -23.5228  -21.0969  -18.3120  -17.5426  -16.9068  -15.5570  -15.3355  -14.7690
 -14.4897  -14.2141  -14.0082  -13.5642  -13.3790  -12.8100  -12.4076  -11.9865
 -11.8908  -11.5581  -11.3730  -10.4362   -9.3091   -8.5898   -0.2617    0.2218
   1.2065    2.1396    3.2631    3.6825    3.7184    3.8572    3.9707    4.0522
   4.0915    4.2353    4.3829    4.4404    4.4910    4.5372    4.5758    4.8280
   4.8336    4.9116    5.1176    5.1669    5.2506    5.3675    5.3745    5.6224
   5.7226    5.7975    6.0141    6.1706

 Heat of formation   =         28.55668424 kcal/mol  (        1.23831075 eV)

 Total SCF energy    =     -39234.69965754 kcal/mol  (    -1701.34424602 eV)
 Electronic energy   =    -220504.73738060 kcal/mol  (    -9561.80293051 eV)
 Core-core repulsion =     181270.03772307 kcal/mol  (     7860.45868449 eV)
 
    Atomic Charges for Step       1 :
  Atom    Element       Mulliken Charge
     1      C                 -0.128
     2      C                 -0.129
     3      C                 -0.125
     4      C                 -0.118
     5      C                 -0.119
     6      C                 -0.122
     7      C                 -0.129
     8      C                 -0.036
     9      C                 -0.028
    10      C                 -0.055
    11      C                 -0.210
    12      C                 -0.126
    13      H                  0.132
    14      H                  0.131
    15      H                  0.131
    16      H                  0.132
    17      H                  0.134
    18      H                  0.132
    19      H                  0.131
    20      H                  0.079
    21      H                  0.072
    22      H                  0.078
    23      H                  0.085
    24      H                  0.088
 Total Mulliken Charge =       0.000
 
                  X        Y        Z     TOTAL  
  QM DIPOLE     0.193    0.177    0.031    0.263
 
 Final Structure

  QMMM: QM Region Cartesian Coordinates (*=link atom) 
  QMMM: QM_NO.   MM_NO.  ATOM         X         Y         Z
  QMMM:     1        1      C       -0.5332   -2.0645    0.2790
  QMMM:     2        2      C        0.4058   -1.0237    0.0852
  QMMM:     3        3      C        3.0039   -5.3571   -0.1483
  QMMM:     4        4      C       -0.1198   -3.3730    0.2683
  QMMM:     5        5      C        1.7330   -1.3128   -0.1151
  QMMM:     6        6      C        1.6810   -5.0540    0.0524
  QMMM:     7        7      C        3.9484   -4.3250   -0.3483
  QMMM:     8        8      C        1.2493   -3.6999    0.0626
  QMMM:     9        9      C        2.1951   -2.6589   -0.1343
  QMMM:    10       10      C        3.5675   -2.9989   -0.3439
  QMMM:    11       11      C        5.0276   -1.2808    0.7179
  QMMM:    12       12      C        4.5936   -1.9410   -0.5694
  QMMM:    13       13      H       -1.5912   -1.8093    0.4373
  QMMM:    14       14      H        0.0566    0.0194    0.0981
  QMMM:    15       15      H        3.3466   -6.4024   -0.1575
  QMMM:    16       16      H       -0.8384   -4.1929    0.4183
  QMMM:    17       17      H        2.4582   -0.4975   -0.2603
  QMMM:    18       18      H        0.9352   -5.8477    0.2077
  QMMM:    19       19      H        5.0025   -4.5981   -0.5099
  QMMM:    20       20      H        4.1555   -0.8148    1.2374
  QMMM:    21       21      H        5.7818   -0.4855    0.5040
  QMMM:    22       22      H        5.4867   -2.0290    1.4080
  QMMM:    23       23      H        5.4933   -2.3933   -1.0694
  QMMM:    24       24      H        4.1892   -1.1666   -1.2758

           --------- Calculation Completed ----------

