            --------------------------------------------------------
                             AMBER SQM VERSION 19
 
                                     By
              Ross C. Walker, Michael F. Crowley, Scott Brozell,
                         Tim Giese, Andreas W. Goetz,
                        Tai-Sung Lee and David A. Case
 
            --------------------------------------------------------
 

--------------------------------------------------------------------------------
  QM CALCULATION INFO
--------------------------------------------------------------------------------

| QMMM: Citation for AMBER QMMM Run:
| QMMM: R.C. Walker, M.F. Crowley and D.A. Case, J. COMP. CHEM. 29:1019, 2008

QMMM: SINGLET STATE CALCULATION
QMMM: RHF CALCULATION, NO. OF DOUBLY OCCUPIED LEVELS = 39

| QMMM: *** Selected Hamiltonian *** 
| QMMM: AM1         

| QMMM: *** Parameter sets in use ***
| QMMM: C : M.J.S.DEWAR et al. JACS, 107, 3902, (1985)
| QMMM: N : M.J.S.DEWAR et al. JACS, 107, 3902, (1985)
| QMMM: O : M.J.S.DEWAR et al. JACS, 107, 3902, (1985)
| QMMM: S : M.J.S.DEWAR et al. INORG. CHEM., 29, 3881, (1990)
| QMMM: H : M.J.S.DEWAR et al. JACS, 107, 3902, (1985)

| QMMM: *** SCF convergence criteria ***
| QMMM: Energy change                :  0.1D-09 kcal/mol
| QMMM: Error matrix |FP-PF|         :  0.1D+00 au
| QMMM: Density matrix change        :  0.5D-06
| QMMM: Maximum number of SCF cycles :     1000

| QMMM: *** Diagonalization Routine Information ***
| QMMM: Pseudo diagonalizations are allowed.
| QMMM: Auto diagonalization routine selection is in use.
| QMMM:
| QMMM: Timing diagonalization routines:
| QMMM:                              norbs =       73
| QMMM:    diag iterations used for timing =       15
| QMMM:
| QMMM:              Internal diag routine = 0.025820 seconds
| QMMM:                 Dspev diag routine = 0.025056 seconds
| QMMM:                Dspevd diag routine = 0.010816 seconds
| QMMM:                Dspevx diag routine = 0.044647 seconds
| QMMM:                 Dsyev diag routine = 0.012595 seconds
| QMMM:                Dsyevd diag routine = 0.136888 seconds
| QMMM:                Dsyevr diag routine = 0.013123 seconds
| QMMM:
| QMMM:                Pseudo diag routine = 0.004438 seconds
| QMMM:
| QMMM: Using dspevd routine (diag_routine=3).

  QMMM: QM Region Cartesian Coordinates (*=link atom) 
  QMMM: QM_NO.   MM_NO.  ATOM         X         Y         Z
  QMMM:     1        1      C       -0.8340   -1.4540    2.5990
  QMMM:     2        2      C       -5.2760    2.2910    2.7120
  QMMM:     3        3      C       -0.3800   -4.2950    6.9830
  QMMM:     4        4      C        0.4580   -0.1390   -0.0860
  QMMM:     5        5      C       -3.7560    2.2750    2.6880
  QMMM:     6        6      C       -0.8180   -2.9420    6.4400
  QMMM:     7        7      C       -3.2180    0.9230    2.2230
  QMMM:     8        8      C       -0.9420   -0.5610    0.3300
  QMMM:     9        9      C       -1.6880    0.9140    2.1970
  QMMM:    10       10      C       -0.6240   -2.8670    4.9280
  QMMM:    11       11      N       -1.1580   -0.3850    1.7650
  QMMM:    12       12      O       -0.3520   -2.5040    2.1860
  QMMM:    13       13      S       -1.1570   -1.2420    4.3160
  QMMM:    14       14      H       -5.6650    1.5310    3.3980
  QMMM:    15       15      H       -5.6410    3.2680    3.0460
  QMMM:    16       16      H       -5.6870    2.0970    1.7160
  QMMM:    17       17      H       -0.9620   -5.1050    6.5320
  QMMM:    18       18      H        0.6800   -4.4760    6.7760
  QMMM:    19       19      H       -0.5260   -4.3330    8.0670
  QMMM:    20       20      H        0.6370    0.9170    0.1430
  QMMM:    21       21      H        1.2190   -0.7270    0.4380
  QMMM:    22       22      H        0.5950   -0.2840   -1.1620
  QMMM:    23       23      H       -3.3990    3.0680    2.0200
  QMMM:    24       24      H       -3.3780    2.5020    3.6920
  QMMM:    25       25      H       -0.2350   -2.1580    6.9400
  QMMM:    26       26      H       -1.8720   -2.7840    6.6990
  QMMM:    27       27      H       -3.5890    0.1320    2.8850
  QMMM:    28       28      H       -3.6040    0.6970    1.2220
  QMMM:    29       29      H       -1.0950   -1.6130    0.0620
  QMMM:    30       30      H       -1.6930    0.0190   -0.2180
  QMMM:    31       31      H       -1.2880    1.1760    3.1820
  QMMM:    32       32      H       -1.3170    1.6820    1.5080
  QMMM:    33       33      H        0.4320   -3.0180    4.6780
  QMMM:    34       34      H       -1.2130   -3.6490    4.4360

--------------------------------------------------------------------------------
  RESULTS
--------------------------------------------------------------------------------

      iter         sqm energy              rms gradient
      ----    -------------------    -----------------------
xmin    10      -72.8353 kcal/mol        0.2424 kcal/(mol*A)
xmin    20      -72.9265 kcal/mol        0.0436 kcal/(mol*A)
xmin    30      -72.9380 kcal/mol        0.0566 kcal/(mol*A)
xmin    40      -72.9400 kcal/mol        0.0130 kcal/(mol*A)
xmin    50      -72.9405 kcal/mol        0.0356 kcal/(mol*A)
xmin    60      -72.9431 kcal/mol        0.0280 kcal/(mol*A)
xmin    70      -72.9490 kcal/mol        0.0388 kcal/(mol*A)
xmin    80      -72.9600 kcal/mol        0.1822 kcal/(mol*A)
xmin    90      -72.9830 kcal/mol        0.1590 kcal/(mol*A)
xmin   100      -73.0232 kcal/mol        0.2145 kcal/(mol*A)
xmin   110      -73.0590 kcal/mol        0.1550 kcal/(mol*A)
xmin   120      -73.1190 kcal/mol        0.0457 kcal/(mol*A)
xmin   130      -73.1469 kcal/mol        0.0996 kcal/(mol*A)
xmin   140      -73.1796 kcal/mol        0.1285 kcal/(mol*A)
xmin   150      -73.2048 kcal/mol        0.1024 kcal/(mol*A)
xmin   160      -73.2263 kcal/mol        0.0572 kcal/(mol*A)
xmin   170      -73.2421 kcal/mol        0.0869 kcal/(mol*A)
xmin   180      -73.2484 kcal/mol        0.0251 kcal/(mol*A)
xmin   190      -73.2518 kcal/mol        0.0078 kcal/(mol*A)
xmin   200      -73.2533 kcal/mol        0.0581 kcal/(mol*A)
xmin   210      -73.2550 kcal/mol        0.0129 kcal/(mol*A)
xmin   220      -73.2564 kcal/mol        0.0209 kcal/(mol*A)
xmin   230      -73.2573 kcal/mol        0.0051 kcal/(mol*A)
xmin   240      -73.2575 kcal/mol        0.0132 kcal/(mol*A)
xmin   250      -73.2578 kcal/mol        0.0044 kcal/(mol*A)
xmin   260      -73.2579 kcal/mol        0.0072 kcal/(mol*A)
xmin   270      -73.2580 kcal/mol        0.0052 kcal/(mol*A)
xmin   280      -73.2580 kcal/mol        0.0048 kcal/(mol*A)
xmin   290      -73.2580 kcal/mol        0.0117 kcal/(mol*A)
xmin   300      -73.2581 kcal/mol        0.0018 kcal/(mol*A)
xmin   310      -73.2581 kcal/mol        0.0010 kcal/(mol*A)
xmin   320      -73.2581 kcal/mol        0.0011 kcal/(mol*A)
  ... geometry converged !
 
 Final MO eigenvalues (eV):
 -39.9628  -37.3599  -35.6463  -35.3313  -31.9995  -29.5275  -28.2655  -25.3000
 -24.8562  -22.5422  -22.0628  -21.0495  -18.6419  -17.6112  -16.7075  -16.3068
 -16.1421  -16.0600  -15.0866  -14.8099  -14.6417  -14.5016  -13.9399  -13.8408
 -13.7497  -13.4318  -12.9679  -12.8299  -12.5236  -12.2763  -12.2268  -12.0633
 -11.8748  -11.6606  -11.4756  -11.4427  -10.4550   -9.7817   -9.1620    0.1277
   1.2062    1.2631    2.2245    3.4564    3.6590    3.6930    3.8024    3.8085
   3.8903    4.0200    4.1749    4.1986    4.2396    4.3347    4.3391    4.4233
   4.5070    4.5818    4.6057    4.6431    4.7157    4.7336    4.8022    4.9076
   4.9336    4.9554    4.9849    5.0153    5.0978    5.1047    5.4127    6.0662
   6.7148

 Heat of formation   =        -73.25808091 kcal/mol  (       -3.17670877 eV)

 Total SCF energy    =     -52874.49449406 kcal/mol  (    -2292.81013373 eV)
 Electronic energy   =    -314731.47586394 kcal/mol  (   -13647.78092294 eV)
 Core-core repulsion =     261856.98136988 kcal/mol  (    11354.97078921 eV)
 
    Atomic Charges for Step       1 :
  Atom    Element       Mulliken Charge
     1      C                  0.199
     2      C                 -0.210
     3      C                 -0.212
     4      C                 -0.230
     5      C                 -0.157
     6      C                 -0.152
     7      C                 -0.182
     8      C                 -0.026
     9      C                 -0.026
    10      C                 -0.276
    11      N                 -0.318
    12      O                 -0.370
    13      S                  0.095
    14      H                  0.076
    15      H                  0.074
    16      H                  0.073
    17      H                  0.078
    18      H                  0.073
    19      H                  0.077
    20      H                  0.073
    21      H                  0.090
    22      H                  0.082
    23      H                  0.077
    24      H                  0.082
    25      H                  0.087
    26      H                  0.093
    27      H                  0.097
    28      H                  0.085
    29      H                  0.118
    30      H                  0.080
    31      H                  0.105
    32      H                  0.091
    33      H                  0.114
    34      H                  0.143
 Total Mulliken Charge =      -0.000
 
                  X        Y        Z     TOTAL  
  QM DIPOLE    -0.883    1.811    0.128    2.019
 
 Final Structure

  QMMM: QM Region Cartesian Coordinates (*=link atom) 
  QMMM: QM_NO.   MM_NO.  ATOM         X         Y         Z
  QMMM:     1        1      C       -0.7144   -1.4864    2.6652
  QMMM:     2        2      C       -4.9607    2.4367    2.9726
  QMMM:     3        3      C       -0.6819   -4.2615    6.8539
  QMMM:     4        4      C        0.0555   -0.1973   -0.4180
  QMMM:     5        5      C       -3.4707    2.2951    2.7963
  QMMM:     6        6      C       -1.2404   -3.1107    6.0541
  QMMM:     7        7      C       -3.0976    0.8887    2.3790
  QMMM:     8        8      C       -1.1187   -0.7859    0.3498
  QMMM:     9        9      C       -1.5803    0.7800    2.2097
  QMMM:    10       10      C       -0.1790   -2.4942    5.1795
  QMMM:    11       11      N       -1.1099   -0.5122    1.7716
  QMMM:    12       12      O       -0.3116   -2.6036    2.2817
  QMMM:    13       13      S       -0.8037   -1.0433    4.3717
  QMMM:    14       14      H       -5.3332    1.7347    3.7575
  QMMM:    15       15      H       -5.2165    3.4790    3.2810
  QMMM:    16       16      H       -5.4945    2.2097    2.0182
  QMMM:    17       17      H       -0.2804   -5.0536    6.1765
  QMMM:    18       18      H        0.1455   -3.9162    7.5197
  QMMM:    19       19      H       -1.4825   -4.7115    7.4892
  QMMM:    20       20      H        0.0888    0.9144   -0.3241
  QMMM:    21       21      H        1.0233   -0.6136   -0.0491
  QMMM:    22       22      H       -0.0577   -0.4604   -1.4973
  QMMM:    23       23      H       -3.1122    3.0249    2.0228
  QMMM:    24       24      H       -2.9520    2.5509    3.7582
  QMMM:    25       25      H       -1.6552   -2.3347    6.7513
  QMMM:    26       26      H       -2.0905   -3.4734    5.4171
  QMMM:    27       27      H       -3.4494    0.1582    3.1537
  QMMM:    28       28      H       -3.6121    0.6313    1.4165
  QMMM:    29       29      H       -1.1224   -1.9051    0.2012
  QMMM:    30       30      H       -2.0786   -0.3724   -0.0759
  QMMM:    31       31      H       -1.0851    1.0445    3.1913
  QMMM:    32       32      H       -1.2477    1.5435    1.4474
  QMMM:    33       33      H        0.6931   -2.1653    5.7968
  QMMM:    34       34      H        0.1866   -3.2342    4.4221

           --------- Calculation Completed ----------

