            --------------------------------------------------------
                             AMBER SQM VERSION 19
 
                                     By
              Ross C. Walker, Michael F. Crowley, Scott Brozell,
                         Tim Giese, Andreas W. Goetz,
                        Tai-Sung Lee and David A. Case
 
            --------------------------------------------------------
 

--------------------------------------------------------------------------------
  QM CALCULATION INFO
--------------------------------------------------------------------------------

| QMMM: Citation for AMBER QMMM Run:
| QMMM: R.C. Walker, M.F. Crowley and D.A. Case, J. COMP. CHEM. 29:1019, 2008

QMMM: SINGLET STATE CALCULATION
QMMM: RHF CALCULATION, NO. OF DOUBLY OCCUPIED LEVELS = 46

| QMMM: *** Selected Hamiltonian *** 
| QMMM: AM1         

| QMMM: *** Parameter sets in use ***
| QMMM: C : M.J.S.DEWAR et al. JACS, 107, 3902, (1985)
| QMMM: N : M.J.S.DEWAR et al. JACS, 107, 3902, (1985)
| QMMM: O : M.J.S.DEWAR et al. JACS, 107, 3902, (1985)
| QMMM: H : M.J.S.DEWAR et al. JACS, 107, 3902, (1985)

| QMMM: *** SCF convergence criteria ***
| QMMM: Energy change                :  0.1D-09 kcal/mol
| QMMM: Error matrix |FP-PF|         :  0.1D+00 au
| QMMM: Density matrix change        :  0.5D-06
| QMMM: Maximum number of SCF cycles :     1000

| QMMM: *** Diagonalization Routine Information ***
| QMMM: Pseudo diagonalizations are allowed.
| QMMM: Auto diagonalization routine selection is in use.
| QMMM:
| QMMM: Timing diagonalization routines:
| QMMM:                              norbs =       80
| QMMM:    diag iterations used for timing =       15
| QMMM:
| QMMM:              Internal diag routine = 0.033564 seconds
| QMMM:                 Dspev diag routine = 0.053701 seconds
| QMMM:                Dspevd diag routine = 0.016445 seconds
| QMMM:                Dspevx diag routine = 0.045558 seconds
| QMMM:                 Dsyev diag routine = 0.011214 seconds
| QMMM:                Dsyevd diag routine = 0.014565 seconds
| QMMM:                Dsyevr diag routine = 0.012852 seconds
| QMMM:
| QMMM:                Pseudo diag routine = 0.005047 seconds
| QMMM:
| QMMM: Using dsyev routine (diag_routine=5).

  QMMM: QM Region Cartesian Coordinates (*=link atom) 
  QMMM: QM_NO.   MM_NO.  ATOM         X         Y         Z
  QMMM:     1        1      C       -1.4830   -1.1840    0.9200
  QMMM:     2        2      C       -2.8980   -3.0880    1.4600
  QMMM:     3        3      C       -1.6390   -0.6630    2.2200
  QMMM:     4        4      C       -2.1060   -2.3840    0.5480
  QMMM:     5        5      C       -3.0620   -2.5770    2.7570
  QMMM:     6        6      C       -2.4380   -1.3720    3.1400
  QMMM:     7        7      C        1.2100   -0.4460    3.4410
  QMMM:     8        8      C       -1.4900    1.8070    1.7630
  QMMM:     9        9      C        0.5900    0.5700    2.4890
  QMMM:    10       10      C       -0.9480    0.6440    2.6050
  QMMM:    11       11      N       -1.9230   -2.9050   -0.8140
  QMMM:    12       12      N       -3.8980   -3.3310    3.7010
  QMMM:    13       13      O       -1.2140   -2.2520   -1.5910
  QMMM:    14       14      O       -2.4910   -3.9680   -1.1010
  QMMM:    15       15      O       -4.4200   -4.3810    3.3040
  QMMM:    16       16      O       -4.0320   -2.8680    4.8440
  QMMM:    17       17      O       -2.5580   -0.8230    4.3910
  QMMM:    18       18      H       -0.8680   -0.6450    0.1990
  QMMM:    19       19      H       -3.3780   -4.0200    1.1650
  QMMM:    20       20      H        0.9020   -1.4670    3.1970
  QMMM:    21       21      H        2.3020   -0.4030    3.3740
  QMMM:    22       22      H        0.9270   -0.2360    4.4770
  QMMM:    23       23      H       -1.2400    1.6980    0.7020
  QMMM:    24       24      H       -2.5800    1.8750    1.8450
  QMMM:    25       25      H       -1.0690    2.7590    2.1060
  QMMM:    26       26      H        1.0130    1.5550    2.7210
  QMMM:    27       27      H        0.8980    0.3340    1.4630
  QMMM:    28       28      H       -1.1750    0.8920    3.6480
  QMMM:    29       29      H       -3.1270   -1.3790    4.9650

--------------------------------------------------------------------------------
  RESULTS
--------------------------------------------------------------------------------

      iter         sqm energy              rms gradient
      ----    -------------------    -----------------------
xmin    10      -35.3280 kcal/mol        0.1891 kcal/(mol*A)
xmin    20      -35.3677 kcal/mol        0.1627 kcal/(mol*A)
xmin    30      -35.3796 kcal/mol        0.0444 kcal/(mol*A)
xmin    40      -35.3812 kcal/mol        0.0166 kcal/(mol*A)
xmin    50      -35.3842 kcal/mol        0.0200 kcal/(mol*A)
xmin    60      -35.3844 kcal/mol        0.0085 kcal/(mol*A)
xmin    70      -35.3844 kcal/mol        0.0060 kcal/(mol*A)
xmin    80      -35.3844 kcal/mol        0.0057 kcal/(mol*A)
xmin    90      -35.3844 kcal/mol        0.0040 kcal/(mol*A)
  ... geometry converged !
 
 Final MO eigenvalues (eV):
 -44.1481  -43.7082  -41.6398  -39.1784  -38.2808  -38.1563  -37.4572  -33.1997
 -32.5097  -30.9100  -28.0620  -27.5405  -25.6552  -24.4419  -23.8312  -22.1297
 -20.8758  -20.4847  -20.1331  -19.5930  -19.2928  -19.1348  -18.9064  -18.2536
 -16.7046  -16.6033  -16.0218  -15.3964  -15.3288  -15.0728  -14.6618  -14.1859
 -13.9416  -13.3974  -13.0651  -13.0168  -12.6964  -12.6418  -12.6031  -12.5115
 -12.2358  -12.2284  -12.1725  -11.9106  -11.2940  -10.4872   -1.7823   -1.4708
  -0.3176   -0.2836    0.1108    0.2500    1.2939    1.4915    2.1318    2.5190
   2.6418    2.8320    3.1041    3.2481    3.4151    3.5775    3.6239    3.6730
   3.7665    3.9016    3.9931    4.1910    4.2193    4.3236    4.4553    4.5177
   4.5683    4.6370    4.7587    4.8903    5.1510    5.2198    6.4068    6.8151


 Heat of formation   =        -35.38440523 kcal/mol  (       -1.53438295 eV)

 Total SCF energy    =     -79691.69477238 kcal/mol  (    -3455.69120040 eV)
 Electronic energy   =    -455462.43846894 kcal/mol  (   -19750.33339703 eV)
 Core-core repulsion =     375770.74369656 kcal/mol  (    16294.64219663 eV)
 
    Atomic Charges for Step       1 :
  Atom    Element       Mulliken Charge
     1      C                 -0.007
     2      C                  0.021
     3      C                 -0.108
     4      C                 -0.181
     5      C                 -0.243
     6      C                  0.214
     7      C                 -0.213
     8      C                 -0.211
     9      C                 -0.155
    10      C                 -0.069
    11      N                  0.578
    12      N                  0.583
    13      O                 -0.352
    14      O                 -0.347
    15      O                 -0.322
    16      O                 -0.391
    17      O                 -0.233
    18      H                  0.185
    19      H                  0.207
    20      H                  0.072
    21      H                  0.080
    22      H                  0.079
    23      H                  0.076
    24      H                  0.082
    25      H                  0.086
    26      H                  0.090
    27      H                  0.081
    28      H                  0.123
    29      H                  0.277
 Total Mulliken Charge =      -0.000
 
                  X        Y        Z     TOTAL  
  QM DIPOLE     1.864    3.998    2.159    4.911
 
 Final Structure

  QMMM: QM Region Cartesian Coordinates (*=link atom) 
  QMMM: QM_NO.   MM_NO.  ATOM         X         Y         Z
  QMMM:     1        1      C       -1.4815   -1.1549    0.9206
  QMMM:     2        2      C       -2.8950   -3.0722    1.4458
  QMMM:     3        3      C       -1.6196   -0.6634    2.2087
  QMMM:     4        4      C       -2.1164   -2.3558    0.5401
  QMMM:     5        5      C       -3.0479   -2.5828    2.7580
  QMMM:     6        6      C       -2.4165   -1.3768    3.1526
  QMMM:     7        7      C        1.1824   -0.3806    3.5119
  QMMM:     8        8      C       -1.4710    1.7685    1.7627
  QMMM:     9        9      C        0.5711    0.5174    2.4683
  QMMM:    10       10      C       -0.9454    0.6176    2.6021
  QMMM:    11       11      N       -1.9497   -2.8601   -0.8474
  QMMM:    12       12      N       -3.8857   -3.3778    3.6840
  QMMM:    13       13      O       -1.2760   -2.2262   -1.6139
  QMMM:    14       14      O       -2.4924   -3.8845   -1.1607
  QMMM:    15       15      O       -4.3933   -4.3894    3.2898
  QMMM:    16       16      O       -4.0393   -2.9898    4.8165
  QMMM:    17       17      O       -2.4940   -0.8038    4.3788
  QMMM:    18       18      H       -0.8698   -0.6023    0.1817
  QMMM:    19       19      H       -3.3915   -4.0173    1.1413
  QMMM:    20       20      H        0.7650   -1.4139    3.4392
  QMMM:    21       21      H        2.2890   -0.4360    3.3708
  QMMM:    22       22      H        0.9764    0.0081    4.5386
  QMMM:    23       23      H       -1.2039    1.6311    0.6873
  QMMM:    24       24      H       -2.5817    1.8389    1.8487
  QMMM:    25       25      H       -1.0263    2.7295    2.1177
  QMMM:    26       26      H        1.0024    1.5495    2.5684
  QMMM:    27       27      H        0.8368    0.1463    1.4436
  QMMM:    28       28      H       -1.1811    0.8397    3.6839
  QMMM:    29       29      H       -3.0402   -1.3171    5.0001

           --------- Calculation Completed ----------

