            --------------------------------------------------------
                             AMBER SQM VERSION 19
 
                                     By
              Ross C. Walker, Michael F. Crowley, Scott Brozell,
                         Tim Giese, Andreas W. Goetz,
                        Tai-Sung Lee and David A. Case
 
            --------------------------------------------------------
 

--------------------------------------------------------------------------------
  QM CALCULATION INFO
--------------------------------------------------------------------------------

| QMMM: Citation for AMBER QMMM Run:
| QMMM: R.C. Walker, M.F. Crowley and D.A. Case, J. COMP. CHEM. 29:1019, 2008

QMMM: SINGLET STATE CALCULATION
QMMM: RHF CALCULATION, NO. OF DOUBLY OCCUPIED LEVELS = 20

| QMMM: *** Selected Hamiltonian *** 
| QMMM: AM1         

| QMMM: *** Parameter sets in use ***
| QMMM: C : M.J.S.DEWAR et al. JACS, 107, 3902, (1985)
| QMMM: O : M.J.S.DEWAR et al. JACS, 107, 3902, (1985)
| QMMM: H : M.J.S.DEWAR et al. JACS, 107, 3902, (1985)

| QMMM: *** SCF convergence criteria ***
| QMMM: Energy change                :  0.1D-09 kcal/mol
| QMMM: Error matrix |FP-PF|         :  0.1D+00 au
| QMMM: Density matrix change        :  0.5D-06
| QMMM: Maximum number of SCF cycles :     1000

| QMMM: *** Diagonalization Routine Information ***
| QMMM: Pseudo diagonalizations are allowed.
| QMMM: Auto diagonalization routine selection is in use.
| QMMM:
| QMMM: Timing diagonalization routines:
| QMMM:                              norbs =       38
| QMMM:    diag iterations used for timing =       20
| QMMM:
| QMMM:              Internal diag routine = 0.006973 seconds
| QMMM:                 Dspev diag routine = 0.011044 seconds
| QMMM:                Dspevd diag routine = 0.006051 seconds
| QMMM:                Dspevx diag routine = 0.029525 seconds
| QMMM:                 Dsyev diag routine = 0.006632 seconds
| QMMM:                Dsyevd diag routine = 0.003434 seconds
| QMMM:                Dsyevr diag routine = 0.005662 seconds
| QMMM:
| QMMM:                Pseudo diag routine = 0.000614 seconds
| QMMM:
| QMMM: Using dsyevd routine (diag_routine=6).

  QMMM: QM Region Cartesian Coordinates (*=link atom) 
  QMMM: QM_NO.   MM_NO.  ATOM         X         Y         Z
  QMMM:     1        1      C        1.8850   -1.0380   -0.1090
  QMMM:     2        2      C        0.8180   -0.4410    0.5630
  QMMM:     3        3      C        2.9350   -1.6040    0.6140
  QMMM:     4        4      C        0.8010   -0.4100    1.9570
  QMMM:     5        5      C        2.9180   -1.5730    2.0080
  QMMM:     6        6      C        1.8510   -0.9770    2.6800
  QMMM:     7        7      C        1.8330   -0.9450    4.1340
  QMMM:     8        8      O        2.7310   -1.4280    4.8290
  QMMM:     9        9      H        1.8970   -1.0610   -1.1950
  QMMM:    10       10      H        0.0000    0.0000   -0.0000
  QMMM:    11       11      H        3.7650   -2.0690    0.0910
  QMMM:    12       12      H       -0.0360    0.0570    2.4700
  QMMM:    13       13      H        3.7420   -2.0180    2.5610
  QMMM:    14       14      H        0.9620   -0.4580    4.6240

--------------------------------------------------------------------------------
  RESULTS
--------------------------------------------------------------------------------

      iter         sqm energy              rms gradient
      ----    -------------------    -----------------------
xmin    10       -9.0495 kcal/mol        0.0327 kcal/(mol*A)
xmin    20       -9.0496 kcal/mol        0.0078 kcal/(mol*A)
xmin    30       -9.0496 kcal/mol        0.0102 kcal/(mol*A)
xmin    40       -9.0496 kcal/mol        0.0075 kcal/(mol*A)
xmin    50       -9.0496 kcal/mol        0.0021 kcal/(mol*A)
xmin    60       -9.0496 kcal/mol        0.0012 kcal/(mol*A)
  ... geometry converged !
 
 Final MO eigenvalues (eV):
 -40.1864  -38.4266  -32.3785  -31.7628  -25.7302  -23.5849  -21.7288  -18.1070
 -17.0524  -16.5878  -15.2133  -15.0508  -14.9228  -14.4873  -13.3975  -12.7725
 -12.2129  -10.7094  -10.0412  -10.0035   -0.4350    0.2274    1.3892    2.7134
   3.0978    3.5725    3.7116    3.7689    4.0426    4.1381    4.3138    4.6720
   4.7778    5.1170    5.2210    5.3235    5.7162    6.3959

 Heat of formation   =         -9.04961852 kcal/mol  (       -0.39242091 eV)

 Total SCF energy    =     -29946.83084556 kcal/mol  (    -1298.59203181 eV)
 Electronic energy   =    -118825.94461698 kcal/mol  (    -5152.67961567 eV)
 Core-core repulsion =      88879.11377142 kcal/mol  (     3854.08758386 eV)
 
    Atomic Charges for Step       1 :
  Atom    Element       Mulliken Charge
     1      C                 -0.098
     2      C                 -0.145
     3      C                 -0.145
     4      C                 -0.087
     5      C                 -0.069
     6      C                 -0.177
     7      C                  0.223
     8      O                 -0.289
     9      H                  0.135
    10      H                  0.137
    11      H                  0.138
    12      H                  0.134
    13      H                  0.154
    14      H                  0.090
 Total Mulliken Charge =      -0.000
 
                  X        Y        Z     TOTAL  
  QM DIPOLE    -1.557    0.822   -2.343    2.931
 
 Final Structure

  QMMM: QM Region Cartesian Coordinates (*=link atom) 
  QMMM: QM_NO.   MM_NO.  ATOM         X         Y         Z
  QMMM:     1        1      C        1.8825   -1.0371   -0.1122
  QMMM:     2        2      C        0.8172   -0.4403    0.5643
  QMMM:     3        3      C        2.9356   -1.6056    0.6045
  QMMM:     4        4      C        0.8036   -0.4112    1.9570
  QMMM:     5        5      C        2.9257   -1.5785    1.9981
  QMMM:     6        6      C        1.8590   -0.9809    2.6810
  QMMM:     7        7      C        1.8379   -0.9465    4.1519
  QMMM:     8        8      O        2.7261   -1.4248    4.8610
  QMMM:     9        9      H        1.8908   -1.0587   -1.2123
  QMMM:    10       10      H       -0.0123    0.0074   -0.0025
  QMMM:    11       11      H        3.7749   -2.0758    0.0711
  QMMM:    12       12      H       -0.0371    0.0597    2.4892
  QMMM:    13       13      H        3.7512   -2.0239    2.5768
  QMMM:    14       14      H        0.9468   -0.4488    4.5994

           --------- Calculation Completed ----------

