            --------------------------------------------------------
                             AMBER SQM VERSION 19
 
                                     By
              Ross C. Walker, Michael F. Crowley, Scott Brozell,
                         Tim Giese, Andreas W. Goetz,
                        Tai-Sung Lee and David A. Case
 
            --------------------------------------------------------
 

--------------------------------------------------------------------------------
  QM CALCULATION INFO
--------------------------------------------------------------------------------

| QMMM: Citation for AMBER QMMM Run:
| QMMM: R.C. Walker, M.F. Crowley and D.A. Case, J. COMP. CHEM. 29:1019, 2008

QMMM: SINGLET STATE CALCULATION
QMMM: RHF CALCULATION, NO. OF DOUBLY OCCUPIED LEVELS = 25

| QMMM: *** Selected Hamiltonian *** 
| QMMM: AM1         

| QMMM: *** Parameter sets in use ***
| QMMM: C : M.J.S.DEWAR et al. JACS, 107, 3902, (1985)
| QMMM: O : M.J.S.DEWAR et al. JACS, 107, 3902, (1985)
| QMMM: H : M.J.S.DEWAR et al. JACS, 107, 3902, (1985)

| QMMM: *** SCF convergence criteria ***
| QMMM: Energy change                :  0.1D-09 kcal/mol
| QMMM: Error matrix |FP-PF|         :  0.1D+00 au
| QMMM: Density matrix change        :  0.5D-06
| QMMM: Maximum number of SCF cycles :     1000

| QMMM: *** Diagonalization Routine Information ***
| QMMM: Pseudo diagonalizations are allowed.
| QMMM: Auto diagonalization routine selection is in use.
| QMMM:
| QMMM: Timing diagonalization routines:
| QMMM:                              norbs =       46
| QMMM:    diag iterations used for timing =       20
| QMMM:
| QMMM:              Internal diag routine = 0.004565 seconds
| QMMM:                 Dspev diag routine = 0.018325 seconds
| QMMM:                Dspevd diag routine = 0.005100 seconds
| QMMM:                Dspevx diag routine = 0.031526 seconds
| QMMM:                 Dsyev diag routine = 0.005770 seconds
| QMMM:                Dsyevd diag routine = 0.004652 seconds
| QMMM:                Dsyevr diag routine = 0.005828 seconds
| QMMM:
| QMMM:                Pseudo diag routine = 0.000926 seconds
| QMMM:
| QMMM: Using internal diagonalization routine (diag_routine=1).

  QMMM: QM Region Cartesian Coordinates (*=link atom) 
  QMMM: QM_NO.   MM_NO.  ATOM         X         Y         Z
  QMMM:     1        1      C        0.3020    0.5420    3.9170
  QMMM:     2        2      C       -3.1660   -3.7250   -0.0470
  QMMM:     3        3      C        0.3150    0.8020    2.4260
  QMMM:     4        4      C       -3.2680   -2.2460   -0.3500
  QMMM:     5        5      C       -0.8940    0.4510    0.4420
  QMMM:     6        6      C       -2.1460   -0.1940   -0.1210
  QMMM:     7        7      O       -0.8530    0.2360    1.8470
  QMMM:     8        8      O       -2.1050   -1.5920    0.1370
  QMMM:     9        9      H        1.1900    0.9650    4.3950
  QMMM:    10       10      H       -0.5900    0.9800    4.3780
  QMMM:    11       11      H        0.2690   -0.5340    4.1210
  QMMM:    12       12      H       -4.0480   -4.2600   -0.4090
  QMMM:    13       13      H       -2.2750   -4.1550   -0.5160
  QMMM:    14       14      H       -3.0700   -3.8920    1.0310
  QMMM:    15       15      H        1.1950    0.3430    1.9650
  QMMM:    16       16      H        0.3240    1.8770    2.2240
  QMMM:    17       17      H       -4.1460   -1.8130    0.1390
  QMMM:    18       18      H       -3.3400   -2.0790   -1.4290
  QMMM:    19       19      H       -0.8900    1.5300    0.2610
  QMMM:    20       20      H        0.0000    0.0000    0.0000
  QMMM:    21       21      H       -2.2120   -0.0490   -1.2040
  QMMM:    22       22      H       -3.0380    0.2180    0.3610

--------------------------------------------------------------------------------
  RESULTS
--------------------------------------------------------------------------------

      iter         sqm energy              rms gradient
      ----    -------------------    -----------------------
xmin    10     -109.9064 kcal/mol        0.5222 kcal/(mol*A)
xmin    20     -110.1719 kcal/mol        0.2232 kcal/(mol*A)
xmin    30     -110.2855 kcal/mol        0.2650 kcal/(mol*A)
xmin    40     -110.4070 kcal/mol        0.2141 kcal/(mol*A)
xmin    50     -110.4755 kcal/mol        0.1760 kcal/(mol*A)
xmin    60     -110.5286 kcal/mol        0.1771 kcal/(mol*A)
xmin    70     -110.5652 kcal/mol        0.2810 kcal/(mol*A)
xmin    80     -110.5838 kcal/mol        0.0774 kcal/(mol*A)
xmin    90     -110.6130 kcal/mol        0.0901 kcal/(mol*A)
xmin   100     -110.6239 kcal/mol        0.0387 kcal/(mol*A)
xmin   110     -110.6331 kcal/mol        0.1054 kcal/(mol*A)
xmin   120     -110.6408 kcal/mol        0.0622 kcal/(mol*A)
xmin   130     -110.6460 kcal/mol        0.0416 kcal/(mol*A)
xmin   140     -110.6498 kcal/mol        0.0494 kcal/(mol*A)
xmin   150     -110.6546 kcal/mol        0.0245 kcal/(mol*A)
xmin   160     -110.6593 kcal/mol        0.0498 kcal/(mol*A)
xmin   170     -110.6620 kcal/mol        0.0781 kcal/(mol*A)
xmin   180     -110.6643 kcal/mol        0.0574 kcal/(mol*A)
xmin   190     -110.6655 kcal/mol        0.0584 kcal/(mol*A)
xmin   200     -110.6666 kcal/mol        0.0267 kcal/(mol*A)
xmin   210     -110.6678 kcal/mol        0.1051 kcal/(mol*A)
xmin   220     -110.6690 kcal/mol        0.0498 kcal/(mol*A)
xmin   230     -110.6697 kcal/mol        0.0440 kcal/(mol*A)
xmin   240     -110.6703 kcal/mol        0.0148 kcal/(mol*A)
xmin   250     -110.6714 kcal/mol        0.0133 kcal/(mol*A)
xmin   260     -110.6720 kcal/mol        0.0479 kcal/(mol*A)
xmin   270     -110.6724 kcal/mol        0.0094 kcal/(mol*A)
xmin   280     -110.6728 kcal/mol        0.0391 kcal/(mol*A)
xmin   290     -110.6733 kcal/mol        0.0230 kcal/(mol*A)
xmin   300     -110.6736 kcal/mol        0.0454 kcal/(mol*A)
xmin   310     -110.6739 kcal/mol        0.0159 kcal/(mol*A)
xmin   320     -110.6741 kcal/mol        0.0108 kcal/(mol*A)
xmin   330     -110.6743 kcal/mol        0.0131 kcal/(mol*A)
xmin   340     -110.6745 kcal/mol        0.0095 kcal/(mol*A)
xmin   350     -110.6748 kcal/mol        0.0120 kcal/(mol*A)
xmin   360     -110.6750 kcal/mol        0.0130 kcal/(mol*A)
xmin   370     -110.6752 kcal/mol        0.0112 kcal/(mol*A)
xmin   380     -110.6754 kcal/mol        0.0154 kcal/(mol*A)
xmin   390     -110.6755 kcal/mol        0.0226 kcal/(mol*A)
xmin   400     -110.6756 kcal/mol        0.0038 kcal/(mol*A)
xmin   410     -110.6757 kcal/mol        0.0124 kcal/(mol*A)
xmin   420     -110.6758 kcal/mol        0.0120 kcal/(mol*A)
xmin   430     -110.6759 kcal/mol        0.0143 kcal/(mol*A)
xmin   440     -110.6760 kcal/mol        0.0061 kcal/(mol*A)
xmin   450     -110.6761 kcal/mol        0.0048 kcal/(mol*A)
xmin   460     -110.6762 kcal/mol        0.0141 kcal/(mol*A)
xmin   470     -110.6763 kcal/mol        0.0114 kcal/(mol*A)
xmin   480     -110.6764 kcal/mol        0.0102 kcal/(mol*A)
xmin   490     -110.6765 kcal/mol        0.0078 kcal/(mol*A)
xmin   500     -110.6765 kcal/mol        0.0124 kcal/(mol*A)
xmin   510     -110.6766 kcal/mol        0.0120 kcal/(mol*A)
xmin   520     -110.6766 kcal/mol        0.0081 kcal/(mol*A)
xmin   530     -110.6767 kcal/mol        0.0205 kcal/(mol*A)
xmin   540     -110.6767 kcal/mol        0.0022 kcal/(mol*A)
xmin   550     -110.6768 kcal/mol        0.0078 kcal/(mol*A)
xmin   560     -110.6768 kcal/mol        0.0155 kcal/(mol*A)
xmin   570     -110.6769 kcal/mol        0.0039 kcal/(mol*A)
xmin   580     -110.6769 kcal/mol        0.0048 kcal/(mol*A)
xmin   590     -110.6770 kcal/mol        0.0077 kcal/(mol*A)
xmin   600     -110.6770 kcal/mol        0.0147 kcal/(mol*A)
xmin   610     -110.6771 kcal/mol        0.0035 kcal/(mol*A)
xmin   620     -110.6771 kcal/mol        0.0050 kcal/(mol*A)
xmin   630     -110.6772 kcal/mol        0.0023 kcal/(mol*A)
xmin   640     -110.6772 kcal/mol        0.0061 kcal/(mol*A)
xmin   650     -110.6773 kcal/mol        0.0116 kcal/(mol*A)
xmin   660     -110.6773 kcal/mol        0.0087 kcal/(mol*A)
xmin   670     -110.6773 kcal/mol        0.0057 kcal/(mol*A)
xmin   680     -110.6774 kcal/mol        0.0043 kcal/(mol*A)
xmin   690     -110.6774 kcal/mol        0.0060 kcal/(mol*A)
xmin   700     -110.6775 kcal/mol        0.0056 kcal/(mol*A)
xmin   710     -110.6775 kcal/mol        0.0074 kcal/(mol*A)
xmin   720     -110.6775 kcal/mol        0.0076 kcal/(mol*A)
xmin   730     -110.6775 kcal/mol        0.0052 kcal/(mol*A)
xmin   740     -110.6776 kcal/mol        0.0139 kcal/(mol*A)
xmin   750     -110.6776 kcal/mol        0.0031 kcal/(mol*A)
xmin   760     -110.6776 kcal/mol        0.0028 kcal/(mol*A)
xmin   770     -110.6777 kcal/mol        0.0055 kcal/(mol*A)
xmin   780     -110.6777 kcal/mol        0.0155 kcal/(mol*A)
xmin   790     -110.6778 kcal/mol        0.0022 kcal/(mol*A)
xmin   800     -110.6778 kcal/mol        0.0037 kcal/(mol*A)
xmin   810     -110.6778 kcal/mol        0.0054 kcal/(mol*A)
xmin   820     -110.6779 kcal/mol        0.0101 kcal/(mol*A)
xmin   830     -110.6779 kcal/mol        0.0088 kcal/(mol*A)
xmin   840     -110.6780 kcal/mol        0.0058 kcal/(mol*A)
xmin   850     -110.6780 kcal/mol        0.0067 kcal/(mol*A)
xmin   860     -110.6781 kcal/mol        0.0051 kcal/(mol*A)
xmin   870     -110.6781 kcal/mol        0.0070 kcal/(mol*A)
xmin   880     -110.6782 kcal/mol        0.0105 kcal/(mol*A)
xmin   890     -110.6782 kcal/mol        0.0071 kcal/(mol*A)
xmin   900     -110.6783 kcal/mol        0.0102 kcal/(mol*A)
xmin   910     -110.6783 kcal/mol        0.0026 kcal/(mol*A)
xmin   920     -110.6784 kcal/mol        0.0063 kcal/(mol*A)
xmin   930     -110.6784 kcal/mol        0.0042 kcal/(mol*A)
xmin   940     -110.6785 kcal/mol        0.0078 kcal/(mol*A)
xmin   950     -110.6785 kcal/mol        0.0200 kcal/(mol*A)
xmin   960     -110.6786 kcal/mol        0.0143 kcal/(mol*A)
xmin   970     -110.6787 kcal/mol        0.0077 kcal/(mol*A)
xmin   980     -110.6788 kcal/mol        0.0143 kcal/(mol*A)
xmin   990     -110.6788 kcal/mol        0.0055 kcal/(mol*A)
xmin  1000     -110.6789 kcal/mol        0.0035 kcal/(mol*A)
xmin  1010     -110.6789 kcal/mol        0.0073 kcal/(mol*A)
xmin  1020     -110.6790 kcal/mol        0.0059 kcal/(mol*A)
xmin  1030     -110.6791 kcal/mol        0.0343 kcal/(mol*A)
xmin  1040     -110.6792 kcal/mol        0.0133 kcal/(mol*A)
xmin  1050     -110.6794 kcal/mol        0.0298 kcal/(mol*A)
xmin  1060     -110.6795 kcal/mol        0.0059 kcal/(mol*A)
xmin  1070     -110.6795 kcal/mol        0.0198 kcal/(mol*A)
xmin  1080     -110.6796 kcal/mol        0.0059 kcal/(mol*A)
xmin  1090     -110.6797 kcal/mol        0.0104 kcal/(mol*A)
xmin  1100     -110.6799 kcal/mol        0.0073 kcal/(mol*A)
xmin  1110     -110.6800 kcal/mol        0.0169 kcal/(mol*A)
xmin  1120     -110.6802 kcal/mol        0.0149 kcal/(mol*A)
xmin  1130     -110.6805 kcal/mol        0.0247 kcal/(mol*A)
xmin  1140     -110.6806 kcal/mol        0.0108 kcal/(mol*A)
xmin  1150     -110.6808 kcal/mol        0.0255 kcal/(mol*A)
xmin  1160     -110.6809 kcal/mol        0.0142 kcal/(mol*A)
xmin  1170     -110.6810 kcal/mol        0.0053 kcal/(mol*A)
xmin  1180     -110.6812 kcal/mol        0.0482 kcal/(mol*A)
xmin  1190     -110.6814 kcal/mol        0.0075 kcal/(mol*A)
xmin  1200     -110.6817 kcal/mol        0.0416 kcal/(mol*A)
xmin  1210     -110.6823 kcal/mol        0.0207 kcal/(mol*A)
xmin  1220     -110.6826 kcal/mol        0.0255 kcal/(mol*A)
xmin  1230     -110.6830 kcal/mol        0.0122 kcal/(mol*A)
xmin  1240     -110.6837 kcal/mol        0.0150 kcal/(mol*A)
xmin  1250     -110.6842 kcal/mol        0.0158 kcal/(mol*A)
xmin  1260     -110.6846 kcal/mol        0.0227 kcal/(mol*A)
xmin  1270     -110.6849 kcal/mol        0.0189 kcal/(mol*A)
xmin  1280     -110.6855 kcal/mol        0.0146 kcal/(mol*A)
xmin  1290     -110.6866 kcal/mol        0.0268 kcal/(mol*A)
xmin  1300     -110.6873 kcal/mol        0.0682 kcal/(mol*A)
xmin  1310     -110.6883 kcal/mol        0.0175 kcal/(mol*A)
xmin  1320     -110.6892 kcal/mol        0.0559 kcal/(mol*A)
xmin  1330     -110.6908 kcal/mol        0.0658 kcal/(mol*A)
xmin  1340     -110.6921 kcal/mol        0.0337 kcal/(mol*A)
xmin  1350     -110.6945 kcal/mol        0.0821 kcal/(mol*A)
xmin  1360     -110.6965 kcal/mol        0.0285 kcal/(mol*A)
xmin  1370     -110.6989 kcal/mol        0.1956 kcal/(mol*A)
xmin  1380     -110.7013 kcal/mol        0.0277 kcal/(mol*A)
xmin  1390     -110.7031 kcal/mol        0.0207 kcal/(mol*A)
xmin  1400     -110.7044 kcal/mol        0.0194 kcal/(mol*A)
xmin  1410     -110.7066 kcal/mol        0.0628 kcal/(mol*A)
xmin  1420     -110.7097 kcal/mol        0.0308 kcal/(mol*A)
xmin  1430     -110.7126 kcal/mol        0.0675 kcal/(mol*A)
xmin  1440     -110.7168 kcal/mol        0.0416 kcal/(mol*A)
xmin  1450     -110.7226 kcal/mol        0.0963 kcal/(mol*A)
xmin  1460     -110.7302 kcal/mol        0.0319 kcal/(mol*A)
xmin  1470     -110.7351 kcal/mol        0.0327 kcal/(mol*A)
xmin  1480     -110.7392 kcal/mol        0.0322 kcal/(mol*A)
xmin  1490     -110.7427 kcal/mol        0.0961 kcal/(mol*A)
xmin  1500     -110.7464 kcal/mol        0.2049 kcal/(mol*A)
xmin  1510     -110.7508 kcal/mol        0.0843 kcal/(mol*A)
xmin  1520     -110.7551 kcal/mol        0.0995 kcal/(mol*A)
xmin  1530     -110.7608 kcal/mol        0.0724 kcal/(mol*A)
xmin  1540     -110.7700 kcal/mol        0.0355 kcal/(mol*A)
xmin  1550     -110.7751 kcal/mol        0.0376 kcal/(mol*A)
xmin  1560     -110.7791 kcal/mol        0.0673 kcal/(mol*A)
xmin  1570     -110.7826 kcal/mol        0.0278 kcal/(mol*A)
xmin  1580     -110.7874 kcal/mol        0.0773 kcal/(mol*A)
xmin  1590     -110.7897 kcal/mol        0.0834 kcal/(mol*A)
xmin  1600     -110.7944 kcal/mol        0.1341 kcal/(mol*A)
xmin  1610     -110.7987 kcal/mol        0.0196 kcal/(mol*A)
xmin  1620     -110.8024 kcal/mol        0.0847 kcal/(mol*A)
xmin  1630     -110.8055 kcal/mol        0.1045 kcal/(mol*A)
xmin  1640     -110.8108 kcal/mol        0.1682 kcal/(mol*A)
xmin  1650     -110.8149 kcal/mol        0.0222 kcal/(mol*A)
xmin  1660     -110.8181 kcal/mol        0.0302 kcal/(mol*A)
xmin  1670     -110.8217 kcal/mol        0.0359 kcal/(mol*A)
xmin  1680     -110.8232 kcal/mol        0.0743 kcal/(mol*A)
xmin  1690     -110.8250 kcal/mol        0.0208 kcal/(mol*A)
xmin  1700     -110.8295 kcal/mol        0.0395 kcal/(mol*A)
xmin  1710     -110.8307 kcal/mol        0.0857 kcal/(mol*A)
xmin  1720     -110.8333 kcal/mol        0.0448 kcal/(mol*A)
xmin  1730     -110.8374 kcal/mol        0.0770 kcal/(mol*A)
xmin  1740     -110.8383 kcal/mol        0.0277 kcal/(mol*A)
xmin  1750     -110.8395 kcal/mol        0.0181 kcal/(mol*A)
xmin  1760     -110.8399 kcal/mol        0.0127 kcal/(mol*A)
xmin  1770     -110.8403 kcal/mol        0.0125 kcal/(mol*A)
xmin  1780     -110.8406 kcal/mol        0.0203 kcal/(mol*A)
xmin  1790     -110.8409 kcal/mol        0.0226 kcal/(mol*A)
xmin  1800     -110.8412 kcal/mol        0.0051 kcal/(mol*A)
xmin  1810     -110.8415 kcal/mol        0.0206 kcal/(mol*A)
xmin  1820     -110.8417 kcal/mol        0.0069 kcal/(mol*A)
xmin  1830     -110.8419 kcal/mol        0.0080 kcal/(mol*A)
xmin  1840     -110.8421 kcal/mol        0.0140 kcal/(mol*A)
xmin  1850     -110.8423 kcal/mol        0.0085 kcal/(mol*A)
xmin  1860     -110.8424 kcal/mol        0.0046 kcal/(mol*A)
xmin  1870     -110.8425 kcal/mol        0.0039 kcal/(mol*A)
xmin  1880     -110.8426 kcal/mol        0.0182 kcal/(mol*A)
xmin  1890     -110.8426 kcal/mol        0.0100 kcal/(mol*A)
xmin  1900     -110.8427 kcal/mol        0.0052 kcal/(mol*A)
xmin  1910     -110.8428 kcal/mol        0.0054 kcal/(mol*A)
xmin  1920     -110.8428 kcal/mol        0.0072 kcal/(mol*A)
xmin  1930     -110.8428 kcal/mol        0.0051 kcal/(mol*A)
xmin  1940     -110.8429 kcal/mol        0.0143 kcal/(mol*A)
xmin  1950     -110.8429 kcal/mol        0.0099 kcal/(mol*A)
xmin  1960     -110.8429 kcal/mol        0.0066 kcal/(mol*A)
xmin  1970     -110.8429 kcal/mol        0.0012 kcal/(mol*A)
xmin  1980     -110.8429 kcal/mol        0.0040 kcal/(mol*A)
xmin  1990     -110.8429 kcal/mol        0.0013 kcal/(mol*A)
xmin  2000     -110.8429 kcal/mol        0.0018 kcal/(mol*A)
xmin  2010     -110.8430 kcal/mol        0.0054 kcal/(mol*A)
xmin  2020     -110.8430 kcal/mol        0.0039 kcal/(mol*A)
xmin  2030     -110.8430 kcal/mol        0.0052 kcal/(mol*A)
xmin  2040     -110.8430 kcal/mol        0.0059 kcal/(mol*A)
xmin  2050     -110.8430 kcal/mol        0.0020 kcal/(mol*A)
xmin  2060     -110.8430 kcal/mol        0.0009 kcal/(mol*A)
xmin  2070     -110.8430 kcal/mol        0.0010 kcal/(mol*A)
  ... geometry converged !
 
 Final MO eigenvalues (eV):
 -39.4303  -38.4333  -33.0182  -31.7306  -28.9882  -23.6359  -23.3140  -23.0924
 -18.0410  -17.5093  -16.6163  -16.4904  -15.9442  -14.7876  -14.3806  -13.5420
 -13.3691  -13.1243  -12.4496  -12.3437  -12.3253  -11.8976  -11.7905  -10.5593
 -10.4067    2.4377    3.5680    3.8798    3.9173    3.9752    4.0584    4.1810
   4.2081    4.3021    4.3049    4.3613    4.5926    4.6528    4.7757    4.7898
   4.8678    4.9070    5.0271    5.0318    6.2047    6.2397

 Heat of formation   =       -110.84299368 kcal/mol  (       -4.80651289 eV)

 Total SCF energy    =     -36960.05125039 kcal/mol  (    -1602.70808943 eV)
 Electronic energy   =    -161150.19238944 kcal/mol  (    -6987.99672128 eV)
 Core-core repulsion =     124190.14113905 kcal/mol  (     5385.28863185 eV)
 
    Atomic Charges for Step       1 :
  Atom    Element       Mulliken Charge
     1      C                 -0.215
     2      C                 -0.215
     3      C                 -0.018
     4      C                 -0.018
     5      C                 -0.022
     6      C                 -0.022
     7      O                 -0.285
     8      O                 -0.285
     9      H                  0.079
    10      H                  0.087
    11      H                  0.087
    12      H                  0.079
    13      H                  0.087
    14      H                  0.087
    15      H                  0.065
    16      H                  0.065
    17      H                  0.065
    18      H                  0.065
    19      H                  0.078
    20      H                  0.078
    21      H                  0.078
    22      H                  0.078
 Total Mulliken Charge =      -0.000
 
                  X        Y        Z     TOTAL  
  QM DIPOLE    -0.000    0.002   -0.002    0.003
 
 Final Structure

  QMMM: QM Region Cartesian Coordinates (*=link atom) 
  QMMM: QM_NO.   MM_NO.  ATOM         X         Y         Z
  QMMM:     1        1      C        0.2568    1.9869    3.6523
  QMMM:     2        2      C       -3.2063   -3.5011   -1.5040
  QMMM:     3        3      C        0.4696    0.9128    2.6114
  QMMM:     4        4      C       -3.4193   -2.4210   -0.4693
  QMMM:     5        5      C       -0.7525   -0.5643    1.2267
  QMMM:     6        6      C       -2.1973   -0.9387    0.9100
  QMMM:     7        7      O       -0.8248    0.4603    2.2146
  QMMM:     8        8      O       -2.1249   -1.9677   -0.0732
  QMMM:     9        9      H        1.2468    2.3720    3.9930
  QMMM:    10       10      H       -0.3378    2.8297    3.2261
  QMMM:    11       11      H       -0.2981    1.5751    4.5288
  QMMM:    12       12      H       -4.1963   -3.8867   -1.8442
  QMMM:    13       13      H       -2.6494   -3.0948   -2.3818
  QMMM:    14       14      H       -2.6135   -4.3424   -1.0722
  QMMM:    15       15      H        1.0541    0.0511    3.0321
  QMMM:    16       16      H        1.0143    1.3181    1.7167
  QMMM:    17       17      H       -3.9657   -2.8207    0.4268
  QMMM:    18       18      H       -4.0021   -1.5609   -0.8956
  QMMM:    19       19      H       -0.2321   -0.1817    0.3101
  QMMM:    20       20      H       -0.1925   -1.4493    1.6276
  QMMM:    21       21      H       -2.7560   -0.0551    0.5045
  QMMM:    22       22      H       -2.7190   -1.3167    1.8277

           --------- Calculation Completed ----------

