            --------------------------------------------------------
                             AMBER SQM VERSION 19
 
                                     By
              Ross C. Walker, Michael F. Crowley, Scott Brozell,
                         Tim Giese, Andreas W. Goetz,
                        Tai-Sung Lee and David A. Case
 
            --------------------------------------------------------
 

--------------------------------------------------------------------------------
  QM CALCULATION INFO
--------------------------------------------------------------------------------

| QMMM: Citation for AMBER QMMM Run:
| QMMM: R.C. Walker, M.F. Crowley and D.A. Case, J. COMP. CHEM. 29:1019, 2008

QMMM: SINGLET STATE CALCULATION
QMMM: RHF CALCULATION, NO. OF DOUBLY OCCUPIED LEVELS = 18

| QMMM: *** Selected Hamiltonian *** 
| QMMM: AM1         

| QMMM: *** Parameter sets in use ***
| QMMM: C : M.J.S.DEWAR et al. JACS, 107, 3902, (1985)
| QMMM: I : M.J.S.DEWAR et al. THEOCHEM, 180, 1, (1988)
| QMMM: H : M.J.S.DEWAR et al. JACS, 107, 3902, (1985)

| QMMM: *** SCF convergence criteria ***
| QMMM: Energy change                :  0.1D-09 kcal/mol
| QMMM: Error matrix |FP-PF|         :  0.1D+00 au
| QMMM: Density matrix change        :  0.5D-06
| QMMM: Maximum number of SCF cycles :     1000

| QMMM: *** Diagonalization Routine Information ***
| QMMM: Pseudo diagonalizations are allowed.
| QMMM: Auto diagonalization routine selection is in use.
| QMMM:
| QMMM: Timing diagonalization routines:
| QMMM:                              norbs =       33
| QMMM:    diag iterations used for timing =       20
| QMMM:
| QMMM:              Internal diag routine = 0.007229 seconds
| QMMM:                 Dspev diag routine = 0.008000 seconds
| QMMM:                Dspevd diag routine = 0.003583 seconds
| QMMM:                Dspevx diag routine = 0.017129 seconds
| QMMM:                 Dsyev diag routine = 0.003918 seconds
| QMMM:                Dsyevd diag routine = 0.005156 seconds
| QMMM:                Dsyevr diag routine = 0.004752 seconds
| QMMM:
| QMMM:                Pseudo diag routine = 0.000874 seconds
| QMMM:
| QMMM: Using dspevd routine (diag_routine=3).

  QMMM: QM Region Cartesian Coordinates (*=link atom) 
  QMMM: QM_NO.   MM_NO.  ATOM         X         Y         Z
  QMMM:     1        1      C        1.8850   -1.0380   -0.1090
  QMMM:     2        2      C        0.8180   -0.4410    0.5630
  QMMM:     3        3      C        2.9350   -1.6040    0.6140
  QMMM:     4        4      C        0.8010   -0.4100    1.9570
  QMMM:     5        5      C        2.9180   -1.5730    2.0080
  QMMM:     6        6      C        1.8510   -0.9770    2.6800
  QMMM:     7        7      I        1.8260   -0.9310    4.7570
  QMMM:     8        8      H        1.8980   -1.0610   -1.1950
  QMMM:     9        9      H        0.0000   -0.0000   -0.0000
  QMMM:    10       10      H        3.7660   -2.0680    0.0900
  QMMM:    11       11      H       -0.0400    0.0590    2.4610
  QMMM:    12       12      H        3.7460   -2.0200    2.5530

--------------------------------------------------------------------------------
  RESULTS
--------------------------------------------------------------------------------

      iter         sqm energy              rms gradient
      ----    -------------------    -----------------------
xmin    10       38.0293 kcal/mol        0.0041 kcal/(mol*A)
  ... geometry converged !
 
 Final MO eigenvalues (eV):
 -39.7596  -33.5163  -31.7308  -28.6073  -23.4989  -22.7253  -17.8874  -16.1307
 -15.9438  -14.4682  -14.1598  -13.9666  -12.2765  -11.9574  -11.3733  -10.8133
  -9.9563   -9.6476    0.0619    0.2591    0.4201    2.5861    3.7038    3.7339
   3.8606    4.1619    4.2521    4.6114    4.8063    5.1166    5.1954    5.3766
   5.7419

 Heat of formation   =         38.02925273 kcal/mol  (        1.64907214 eV)

 Total SCF energy    =     -27303.23820072 kcal/mol  (    -1183.95725254 eV)
 Electronic energy   =     -98012.77097683 kcal/mol  (    -4250.15268101 eV)
 Core-core repulsion =      70709.53277611 kcal/mol  (     3066.19542848 eV)
 
    Atomic Charges for Step       1 :
  Atom    Element       Mulliken Charge
     1      C                 -0.112
     2      C                 -0.134
     3      C                 -0.134
     4      C                 -0.096
     5      C                 -0.096
     6      C                 -0.263
     7      I                  0.140
     8      H                  0.135
     9      H                  0.137
    10      H                  0.137
    11      H                  0.144
    12      H                  0.144
 Total Mulliken Charge =       0.000
 
                  X        Y        Z     TOTAL  
  QM DIPOLE     0.017   -0.031   -1.429    1.429
 
 Final Structure

  QMMM: QM Region Cartesian Coordinates (*=link atom) 
  QMMM: QM_NO.   MM_NO.  ATOM         X         Y         Z
  QMMM:     1        1      C        1.8846   -1.0375   -0.1066
  QMMM:     2        2      C        0.8185   -0.4412    0.5665
  QMMM:     3        3      C        2.9340   -1.6032    0.6172
  QMMM:     4        4      C        0.8010   -0.4103    1.9612
  QMMM:     5        5      C        2.9182   -1.5732    2.0119
  QMMM:     6        6      C        1.8512   -0.9765    2.6849
  QMMM:     7        7      I        1.8271   -0.9323    4.7051
  QMMM:     8        8      H        1.8977   -1.0615   -1.2063
  QMMM:     9        9      H       -0.0112    0.0061   -0.0005
  QMMM:    10       10      H        3.7767   -2.0745    0.0902
  QMMM:    11       11      H       -0.0459    0.0631    2.4822
  QMMM:    12       12      H        3.7521   -2.0230    2.5732

           --------- Calculation Completed ----------

