            --------------------------------------------------------
                             AMBER SQM VERSION 19
 
                                     By
              Ross C. Walker, Michael F. Crowley, Scott Brozell,
                         Tim Giese, Andreas W. Goetz,
                        Tai-Sung Lee and David A. Case
 
            --------------------------------------------------------
 

--------------------------------------------------------------------------------
  QM CALCULATION INFO
--------------------------------------------------------------------------------

| QMMM: Citation for AMBER QMMM Run:
| QMMM: R.C. Walker, M.F. Crowley and D.A. Case, J. COMP. CHEM. 29:1019, 2008

QMMM: SINGLET STATE CALCULATION
QMMM: RHF CALCULATION, NO. OF DOUBLY OCCUPIED LEVELS = 23

| QMMM: *** Selected Hamiltonian *** 
| QMMM: AM1         

| QMMM: *** Parameter sets in use ***
| QMMM: C : M.J.S.DEWAR et al. JACS, 107, 3902, (1985)
| QMMM: O : M.J.S.DEWAR et al. JACS, 107, 3902, (1985)
| QMMM: H : M.J.S.DEWAR et al. JACS, 107, 3902, (1985)

| QMMM: *** SCF convergence criteria ***
| QMMM: Energy change                :  0.1D-09 kcal/mol
| QMMM: Error matrix |FP-PF|         :  0.1D+00 au
| QMMM: Density matrix change        :  0.5D-06
| QMMM: Maximum number of SCF cycles :     1000

| QMMM: *** Diagonalization Routine Information ***
| QMMM: Pseudo diagonalizations are allowed.
| QMMM: Auto diagonalization routine selection is in use.
| QMMM:
| QMMM: Timing diagonalization routines:
| QMMM:                              norbs =       42
| QMMM:    diag iterations used for timing =       20
| QMMM:
| QMMM:              Internal diag routine = 0.012544 seconds
| QMMM:                 Dspev diag routine = 0.020489 seconds
| QMMM:                Dspevd diag routine = 0.006577 seconds
| QMMM:                Dspevx diag routine = 0.039754 seconds
| QMMM:                 Dsyev diag routine = 0.005183 seconds
| QMMM:                Dsyevd diag routine = 0.004025 seconds
| QMMM:                Dsyevr diag routine = 0.005025 seconds
| QMMM:
| QMMM:                Pseudo diag routine = 0.001138 seconds
| QMMM:
| QMMM: Using dsyevd routine (diag_routine=6).

  QMMM: QM Region Cartesian Coordinates (*=link atom) 
  QMMM: QM_NO.   MM_NO.  ATOM         X         Y         Z
  QMMM:     1        1      C        0.8180   -0.4390    0.5640
  QMMM:     2        2      C        2.9370   -1.5970    0.6200
  QMMM:     3        3      C        0.7990   -0.4060    1.9590
  QMMM:     4        4      C        2.9180   -1.5650    2.0140
  QMMM:     5        5      C        1.8870   -1.0340   -0.1050
  QMMM:     6        6      C        1.8500   -0.9690    2.6840
  QMMM:     7        7      C        1.9050   -1.0680   -1.5590
  QMMM:     8        8      O        2.8210   -1.5790   -2.2090
  QMMM:     9        9      O        1.8310   -0.9390    4.0440
  QMMM:    10       10      H       -0.0060    0.0040    0.0090
  QMMM:    11       11      H        3.7740   -2.0650    0.1080
  QMMM:    12       12      H       -0.0370    0.0580    2.4750
  QMMM:    13       13      H        3.7400   -2.0050    2.5730
  QMMM:    14       14      H        1.0450   -0.6070   -2.0920
  QMMM:    15       15      H        1.1750   -0.2790    4.3350

--------------------------------------------------------------------------------
  RESULTS
--------------------------------------------------------------------------------

      iter         sqm energy              rms gradient
      ----    -------------------    -----------------------
xmin    10      -53.8327 kcal/mol        0.5702 kcal/(mol*A)
xmin    20      -53.8877 kcal/mol        0.2260 kcal/(mol*A)
xmin    30      -53.8903 kcal/mol        0.0300 kcal/(mol*A)
xmin    40      -53.8904 kcal/mol        0.0057 kcal/(mol*A)
xmin    50      -53.8904 kcal/mol        0.0020 kcal/(mol*A)
xmin    60      -53.8905 kcal/mol        0.0024 kcal/(mol*A)
  ... geometry converged !
 
 Final MO eigenvalues (eV):
 -40.7548  -39.1949  -37.4453  -32.0938  -31.3266  -25.4969  -23.9810  -21.9965
 -19.4127  -17.6767  -17.5265  -16.1315  -15.5310  -15.3576  -14.8486  -14.7010
 -14.5237  -13.6427  -12.7475  -12.2737  -10.7115  -10.2207   -9.4929   -0.4458
   0.0938    1.3464    2.6089    2.6267    3.1291    3.3474    3.4858    3.8627
   3.9407    4.2039    4.3968    4.6637    4.7932    4.9411    5.1965    5.4463
   5.9332    6.4240

 Heat of formation   =        -53.89045228 kcal/mol  (       -2.33686537 eV)

 Total SCF energy    =     -37340.80171004 kcal/mol  (    -1619.21866832 eV)
 Electronic energy   =    -149723.76491834 kcal/mol  (    -6492.50964478 eV)
 Core-core repulsion =     112382.96320830 kcal/mol  (     4873.29097647 eV)
 
    Atomic Charges for Step       1 :
  Atom    Element       Mulliken Charge
     1      C                 -0.046
     2      C                 -0.036
     3      C                 -0.232
     4      C                 -0.174
     5      C                 -0.214
     6      C                  0.111
     7      C                  0.228
     8      O                 -0.294
     9      O                 -0.245
    10      H                  0.136
    11      H                  0.158
    12      H                  0.138
    13      H                  0.157
    14      H                  0.088
    15      H                  0.223
 Total Mulliken Charge =       0.000
 
                  X        Y        Z     TOTAL  
  QM DIPOLE    -2.645    1.536    1.992    3.650
 
 Final Structure

  QMMM: QM Region Cartesian Coordinates (*=link atom) 
  QMMM: QM_NO.   MM_NO.  ATOM         X         Y         Z
  QMMM:     1        1      C        0.8239   -0.4184    0.5559
  QMMM:     2        2      C        2.9404   -1.5974    0.6352
  QMMM:     3        3      C        0.7957   -0.3608    1.9451
  QMMM:     4        4      C        2.9311   -1.5504    2.0230
  QMMM:     5        5      C        1.8918   -1.0344   -0.1081
  QMMM:     6        6      C        1.8518   -0.9283    2.6760
  QMMM:     7        7      C        1.9076   -1.0874   -1.5759
  QMMM:     8        8      O        2.8102   -1.6107   -2.2338
  QMMM:     9        9      O        1.8947   -0.9110    4.0478
  QMMM:    10       10      H       -0.0015    0.0249   -0.0233
  QMMM:    11       11      H        3.7754   -2.0796    0.0994
  QMMM:    12       12      H       -0.0421    0.1225    2.4666
  QMMM:    13       13      H        3.7460   -1.9874    2.6171
  QMMM:    14       14      H        1.0309   -0.6133   -2.0747
  QMMM:    15       15      H        1.1010   -0.4582    4.3698

           --------- Calculation Completed ----------

