            --------------------------------------------------------
                             AMBER SQM VERSION 19
 
                                     By
              Ross C. Walker, Michael F. Crowley, Scott Brozell,
                         Tim Giese, Andreas W. Goetz,
                        Tai-Sung Lee and David A. Case
 
            --------------------------------------------------------
 

--------------------------------------------------------------------------------
  QM CALCULATION INFO
--------------------------------------------------------------------------------

| QMMM: Citation for AMBER QMMM Run:
| QMMM: R.C. Walker, M.F. Crowley and D.A. Case, J. COMP. CHEM. 29:1019, 2008

QMMM: SINGLET STATE CALCULATION
QMMM: RHF CALCULATION, NO. OF DOUBLY OCCUPIED LEVELS = 54

| QMMM: *** Selected Hamiltonian *** 
| QMMM: AM1         

| QMMM: *** Parameter sets in use ***
| QMMM: C : M.J.S.DEWAR et al. JACS, 107, 3902, (1985)
| QMMM: N : M.J.S.DEWAR et al. JACS, 107, 3902, (1985)
| QMMM: H : M.J.S.DEWAR et al. JACS, 107, 3902, (1985)

| QMMM: *** SCF convergence criteria ***
| QMMM: Energy change                :  0.1D-09 kcal/mol
| QMMM: Error matrix |FP-PF|         :  0.1D+00 au
| QMMM: Density matrix change        :  0.5D-06
| QMMM: Maximum number of SCF cycles :     1000

| QMMM: *** Diagonalization Routine Information ***
| QMMM: Pseudo diagonalizations are allowed.
| QMMM: Auto diagonalization routine selection is in use.
| QMMM:
| QMMM: Timing diagonalization routines:
| QMMM:                              norbs =      107
| QMMM:    diag iterations used for timing =       10
| QMMM:
| QMMM:              Internal diag routine = 0.024402 seconds
| QMMM:                 Dspev diag routine = 0.041903 seconds
| QMMM:                Dspevd diag routine = 0.019367 seconds
| QMMM:                Dspevx diag routine = 0.070767 seconds
| QMMM:                 Dsyev diag routine = 0.021999 seconds
| QMMM:                Dsyevd diag routine = 0.025445 seconds
| QMMM:                Dsyevr diag routine = 0.020055 seconds
| QMMM:
| QMMM:                Pseudo diag routine = 0.009322 seconds
| QMMM:
| QMMM: Using dspevd routine (diag_routine=3).

  QMMM: QM Region Cartesian Coordinates (*=link atom) 
  QMMM: QM_NO.   MM_NO.  ATOM         X         Y         Z
  QMMM:     1        1      C        3.8660    1.0810    6.7820
  QMMM:     2        2      C        0.9650   -0.4230    0.5620
  QMMM:     3        3      C        5.1180    0.5220    6.5790
  QMMM:     4        4      C        1.7760   -1.4230    0.0320
  QMMM:     5        5      C        2.7820    0.6460    6.0200
  QMMM:     6        6      C        0.9430   -0.1990    1.9390
  QMMM:     7        7      C        5.2810   -0.4680    5.6120
  QMMM:     8        8      C        2.5700   -2.1990    0.8760
  QMMM:     9        9      C        2.9210   -0.3680    5.0470
  QMMM:    10       10      C        1.7350   -0.9780    2.7960
  QMMM:    11       11      C        4.1980   -0.9340    4.8350
  QMMM:    12       12      C        2.5580   -1.9830    2.2620
  QMMM:    13       13      C        1.7210   -0.7510    4.2570
  QMMM:    14       14      C        0.5610   -1.0060    4.8940
  QMMM:    15       15      C        4.5480   -1.9880    3.8000
  QMMM:    16       16      C        3.4250   -2.8150    3.1720
  QMMM:    17       17      C       -3.8880   -2.9650    5.3890
  QMMM:    18       18      C       -2.6370   -3.6840    3.4670
  QMMM:    19       19      C       -0.7020   -1.3980    4.1940
  QMMM:    20       20      C       -1.6220   -2.2260    5.0850
  QMMM:    21       21      N       -2.8460   -2.5840    4.4220
  QMMM:    22       22      H        3.7270    1.8490    7.5370
  QMMM:    23       23      H        0.3470    0.1810   -0.0950
  QMMM:    24       24      H        5.9650    0.8460    7.1760
  QMMM:    25       25      H        1.7900   -1.6000   -1.0400
  QMMM:    26       26      H        1.8140    1.1080    6.2080
  QMMM:    27       27      H        0.3020    0.5850    2.3340
  QMMM:    28       28      H        6.2750   -0.8870    5.4650
  QMMM:    29       29      H        3.1960   -2.9760    0.4450
  QMMM:    30       30      H        0.5390   -0.9120    5.9720
  QMMM:    31       31      H        5.0570   -1.4770    2.9710
  QMMM:    32       32      H        5.2840   -2.6660    4.2550
  QMMM:    33       33      H        2.8090   -3.2320    3.9780
  QMMM:    34       34      H        3.8240   -3.6790    2.6250
  QMMM:    35       35      H       -4.0520   -2.1540    6.1030
  QMMM:    36       36      H       -3.5850   -3.8610    5.9370
  QMMM:    37       37      H       -4.8280   -3.1720    4.8700
  QMMM:    38       38      H       -1.8650   -3.4110    2.7430
  QMMM:    39       39      H       -3.5640   -3.8980    2.9290
  QMMM:    40       40      H       -2.3210   -4.5880    3.9950
  QMMM:    41       41      H       -0.4860   -1.9480    3.2690
  QMMM:    42       42      H       -1.2220   -0.4780    3.9030
  QMMM:    43       43      H       -1.8970   -1.6510    5.9750
  QMMM:    44       44      H       -1.1390   -3.1520    5.4150

--------------------------------------------------------------------------------
  RESULTS
--------------------------------------------------------------------------------

      iter         sqm energy              rms gradient
      ----    -------------------    -----------------------
xmin    10       57.2941 kcal/mol        0.4058 kcal/(mol*A)
xmin    20       61.4727 kcal/mol       10.9321 kcal/(mol*A)
xmin    30       57.2286 kcal/mol        0.0963 kcal/(mol*A)
xmin    40       57.2117 kcal/mol        0.1947 kcal/(mol*A)
xmin    50       57.1907 kcal/mol        0.1574 kcal/(mol*A)
xmin    60       57.1563 kcal/mol        0.0907 kcal/(mol*A)
xmin    70       57.1497 kcal/mol        0.0533 kcal/(mol*A)
xmin    80       57.1357 kcal/mol        0.0999 kcal/(mol*A)
xmin    90       57.1318 kcal/mol        0.0480 kcal/(mol*A)
xmin   100       57.1256 kcal/mol        0.0265 kcal/(mol*A)
xmin   110       57.1221 kcal/mol        0.0106 kcal/(mol*A)
xmin   120       57.1235 kcal/mol        0.1567 kcal/(mol*A)
xmin   130       57.1197 kcal/mol        0.0163 kcal/(mol*A)
xmin   140       57.1222 kcal/mol        0.1979 kcal/(mol*A)
xmin   150       57.1170 kcal/mol        0.0299 kcal/(mol*A)
xmin   160       57.1165 kcal/mol        0.0114 kcal/(mol*A)
xmin   170       57.1163 kcal/mol        0.0073 kcal/(mol*A)
xmin   180       57.1163 kcal/mol        0.0056 kcal/(mol*A)
xmin   190       57.1162 kcal/mol        0.0151 kcal/(mol*A)
xmin   200       57.1162 kcal/mol        0.0033 kcal/(mol*A)
xmin   210       57.1162 kcal/mol        0.0017 kcal/(mol*A)
xmin   220       57.1162 kcal/mol        0.0055 kcal/(mol*A)
xmin   230       57.1162 kcal/mol        0.0025 kcal/(mol*A)
xmin   240       57.1162 kcal/mol        0.0030 kcal/(mol*A)
xmin   250       57.1162 kcal/mol        0.0019 kcal/(mol*A)
xmin   260       57.1162 kcal/mol        0.0033 kcal/(mol*A)
xmin   270       57.1162 kcal/mol        0.0030 kcal/(mol*A)
  ... geometry converged !
 
 Final MO eigenvalues (eV):
 -40.9396  -39.0670  -38.4984  -36.0464  -35.4417  -32.5013  -32.0246  -31.1839
 -29.6122  -28.2692  -28.1795  -25.6657  -25.0169  -23.6645  -22.7697  -22.3088
 -21.5811  -20.8216  -19.6061  -17.4335  -17.1265  -16.5674  -16.5233  -16.2628
 -16.0391  -15.7472  -15.6241  -15.4517  -14.9909  -14.7369  -14.2989  -14.1373
 -13.8235  -13.7111  -13.4271  -13.2350  -13.1169  -12.9559  -12.7371  -12.6484
 -12.4285  -12.3658  -12.3317  -12.0202  -11.7628  -11.6778  -11.5648  -11.4457
 -10.3991   -9.5322   -9.4378   -9.2573   -9.1272   -8.9145    0.0975    0.5196
   0.5210    0.5879    1.3176    2.8556    2.9008    3.0533    3.6553    3.6943
   3.7889    3.8644    3.9405    3.9800    4.0183    4.0968    4.1171    4.1511
   4.1859    4.2258    4.2900    4.3369    4.4048    4.4702    4.4826    4.5045
   4.5267    4.6084    4.6261    4.6822    4.6987    4.7785    4.8314    4.8615
   4.9006    4.9276    4.9601    5.0614    5.1542    5.2037    5.2804    5.3885
   5.5345    5.5901    5.6384    5.7122    5.7360    5.7853    5.9315    6.1198
   6.1655    6.2508    6.3170

 Heat of formation   =         57.11615598 kcal/mol  (        2.47674238 eV)

 Total SCF energy    =     -71107.11438410 kcal/mol  (    -3083.43586072 eV)
 Electronic energy   =    -541509.86141902 kcal/mol  (   -23481.62965262 eV)
 Core-core repulsion =     470402.74703492 kcal/mol  (    20398.19379190 eV)
 
    Atomic Charges for Step       1 :
  Atom    Element       Mulliken Charge
     1      C                 -0.136
     2      C                 -0.134
     3      C                 -0.124
     4      C                 -0.127
     5      C                 -0.122
     6      C                 -0.115
     7      C                 -0.140
     8      C                 -0.128
     9      C                 -0.028
    10      C                 -0.032
    11      C                 -0.045
    12      C                 -0.059
    13      C                 -0.039
    14      C                 -0.142
    15      C                 -0.116
    16      C                 -0.119
    17      C                 -0.118
    18      C                 -0.122
    19      C                 -0.140
    20      C                 -0.062
    21      N                 -0.265
    22      H                  0.132
    23      H                  0.131
    24      H                  0.131
    25      H                  0.131
    26      H                  0.133
    27      H                  0.136
    28      H                  0.129
    29      H                  0.131
    30      H                  0.127
    31      H                  0.095
    32      H                  0.087
    33      H                  0.100
    34      H                  0.086
    35      H                  0.082
    36      H                  0.044
    37      H                  0.083
    38      H                  0.085
    39      H                  0.081
    40      H                  0.045
    41      H                  0.097
    42      H                  0.104
    43      H                  0.086
    44      H                  0.055
 Total Mulliken Charge =       0.000
 
                  X        Y        Z     TOTAL  
  QM DIPOLE     0.378   -1.151    0.015    1.212
 
 Final Structure

  QMMM: QM Region Cartesian Coordinates (*=link atom) 
  QMMM: QM_NO.   MM_NO.  ATOM         X         Y         Z
  QMMM:     1        1      C        3.7715    1.2857    6.5093
  QMMM:     2        2      C        1.2499   -0.4479    0.4763
  QMMM:     3        3      C        5.0170    0.6621    6.4194
  QMMM:     4        4      C        2.0543   -1.4978    0.0358
  QMMM:     5        5      C        2.7029    0.7894    5.7748
  QMMM:     6        6      C        1.1069   -0.2015    1.8414
  QMMM:     7        7      C        5.1720   -0.4437    5.5944
  QMMM:     8        8      C        2.7226   -2.3013    0.9592
  QMMM:     9        9      C        2.8473   -0.3327    4.9356
  QMMM:    10       10      C        1.7758   -1.0019    2.7730
  QMMM:    11       11      C        4.1000   -0.9584    4.8400
  QMMM:    12       12      C        2.5915   -2.0569    2.3279
  QMMM:    13       13      C        1.6423   -0.7695    4.2147
  QMMM:    14       14      C        0.4780   -0.9190    4.8752
  QMMM:    15       15      C        4.4398   -2.1336    3.9872
  QMMM:    16       16      C        3.2957   -2.8858    3.3414
  QMMM:    17       17      C       -3.5545   -3.4972    5.6570
  QMMM:    18       18      C       -3.0159   -3.1190    3.3410
  QMMM:    19       19      C       -0.8128   -1.3010    4.2581
  QMMM:    20       20      C       -1.4928   -2.3938    5.0869
  QMMM:    21       21      N       -2.8743   -2.6513    4.7009
  QMMM:    22       22      H        3.6377    2.1646    7.1562
  QMMM:    23       23      H        0.7257    0.1877   -0.2520
  QMMM:    24       24      H        5.8705    1.0454    6.9972
  QMMM:    25       25      H        2.1640   -1.6931   -1.0409
  QMMM:    26       26      H        1.7205    1.2829    5.8402
  QMMM:    27       27      H        0.4685    0.6234    2.1909
  QMMM:    28       28      H        6.1557   -0.9334    5.5232
  QMMM:    29       29      H        3.3562   -3.1298    0.6097
  QMMM:    30       30      H        0.4427   -0.7436    5.9650
  QMMM:    31       31      H        5.1376   -1.7764    3.1785
  QMMM:    32       32      H        5.0166   -2.8668    4.6185
  QMMM:    33       33      H        2.5644   -3.2129    4.1295
  QMMM:    34       34      H        3.7079   -3.8136    2.8601
  QMMM:    35       35      H       -3.5106   -3.0150    6.6685
  QMMM:    36       36      H       -3.1109   -4.5280    5.7341
  QMMM:    37       37      H       -4.6297   -3.5946    5.3536
  QMMM:    38       38      H       -2.6396   -2.3252    2.6440
  QMMM:    39       39      H       -4.1019   -3.2969    3.1245
  QMMM:    40       40      H       -2.4516   -4.0706    3.1370
  QMMM:    41       41      H       -0.6602   -1.6558    3.2038
  QMMM:    42       42      H       -1.4718   -0.3905    4.2125
  QMMM:    43       43      H       -1.5021   -2.0683    6.1666
  QMMM:    44       44      H       -0.8637   -3.3302    5.0215

           --------- Calculation Completed ----------

