            --------------------------------------------------------
                             AMBER SQM VERSION 19
 
                                     By
              Ross C. Walker, Michael F. Crowley, Scott Brozell,
                         Tim Giese, Andreas W. Goetz,
                        Tai-Sung Lee and David A. Case
 
            --------------------------------------------------------
 

--------------------------------------------------------------------------------
  QM CALCULATION INFO
--------------------------------------------------------------------------------

| QMMM: Citation for AMBER QMMM Run:
| QMMM: R.C. Walker, M.F. Crowley and D.A. Case, J. COMP. CHEM. 29:1019, 2008

QMMM: SINGLET STATE CALCULATION
QMMM: RHF CALCULATION, NO. OF DOUBLY OCCUPIED LEVELS = 24

| QMMM: *** Selected Hamiltonian *** 
| QMMM: AM1         

| QMMM: *** Parameter sets in use ***
| QMMM: C : M.J.S.DEWAR et al. JACS, 107, 3902, (1985)
| QMMM: N : M.J.S.DEWAR et al. JACS, 107, 3902, (1985)
| QMMM: O : M.J.S.DEWAR et al. JACS, 107, 3902, (1985)
| QMMM: H : M.J.S.DEWAR et al. JACS, 107, 3902, (1985)

| QMMM: *** SCF convergence criteria ***
| QMMM: Energy change                :  0.1D-09 kcal/mol
| QMMM: Error matrix |FP-PF|         :  0.1D+00 au
| QMMM: Density matrix change        :  0.5D-06
| QMMM: Maximum number of SCF cycles :     1000

| QMMM: *** Diagonalization Routine Information ***
| QMMM: Pseudo diagonalizations are allowed.
| QMMM: Auto diagonalization routine selection is in use.
| QMMM:
| QMMM: Timing diagonalization routines:
| QMMM:                              norbs =       43
| QMMM:    diag iterations used for timing =       20
| QMMM:
| QMMM:              Internal diag routine = 0.014424 seconds
| QMMM:                 Dspev diag routine = 0.009454 seconds
| QMMM:                Dspevd diag routine = 0.012902 seconds
| QMMM:                Dspevx diag routine = 0.028608 seconds
| QMMM:                 Dsyev diag routine = 0.009203 seconds
| QMMM:                Dsyevd diag routine = 0.006120 seconds
| QMMM:                Dsyevr diag routine = 0.009008 seconds
| QMMM:
| QMMM:                Pseudo diag routine = 0.001904 seconds
| QMMM:
| QMMM: Using dsyevd routine (diag_routine=6).

  QMMM: QM Region Cartesian Coordinates (*=link atom) 
  QMMM: QM_NO.   MM_NO.  ATOM         X         Y         Z
  QMMM:     1        1      C        0.3790   -0.7860    0.7060
  QMMM:     2        2      C        1.5220   -0.2150    1.5300
  QMMM:     3        3      C        2.7000    0.1940    0.6450
  QMMM:     4        4      C        3.8610    0.7360    1.4790
  QMMM:     5        5      C        5.0100    1.1790    0.5900
  QMMM:     6        6      N        6.0590    1.7460    1.4530
  QMMM:     7        7      O        6.0250    2.9690    1.6780
  QMMM:     8        8      O        6.9050    0.9630    1.9200
  QMMM:     9        9      H       -0.4520   -1.0720    1.3590
  QMMM:    10       10      H        0.0070   -0.0490   -0.0130
  QMMM:    11       11      H        0.6980   -1.6750    0.1540
  QMMM:    12       12      H        1.8480   -0.9650    2.2600
  QMMM:    13       13      H        1.1610    0.6520    2.0940
  QMMM:    14       14      H        2.3730    0.9580   -0.0710
  QMMM:    15       15      H        3.0390   -0.6710    0.0610
  QMMM:    16       16      H        4.2040   -0.0380    2.1780
  QMMM:    17       17      H        3.5140    1.5790    2.0900
  QMMM:    18       18      H        4.7210    1.9680   -0.1080
  QMMM:    19       19      H        5.4680    0.3460    0.0500

--------------------------------------------------------------------------------
  RESULTS
--------------------------------------------------------------------------------

      iter         sqm energy              rms gradient
      ----    -------------------    -----------------------
xmin    10      -37.3477 kcal/mol        0.2741 kcal/(mol*A)
xmin    20      -37.3715 kcal/mol        0.0531 kcal/(mol*A)
xmin    30      -37.3750 kcal/mol        0.0194 kcal/(mol*A)
xmin    40      -37.3756 kcal/mol        0.0349 kcal/(mol*A)
xmin    50      -37.3758 kcal/mol        0.0105 kcal/(mol*A)
xmin    60      -37.3767 kcal/mol        0.0515 kcal/(mol*A)
xmin    70      -37.3774 kcal/mol        0.0082 kcal/(mol*A)
xmin    80      -37.3786 kcal/mol        0.0147 kcal/(mol*A)
xmin    90      -37.3831 kcal/mol        0.0840 kcal/(mol*A)
xmin   100      -37.3866 kcal/mol        0.0630 kcal/(mol*A)
xmin   110      -37.3913 kcal/mol        0.0288 kcal/(mol*A)
xmin   120      -37.3961 kcal/mol        0.0535 kcal/(mol*A)
xmin   130      -37.4003 kcal/mol        0.0617 kcal/(mol*A)
xmin   140      -37.4091 kcal/mol        0.0600 kcal/(mol*A)
xmin   150      -37.4202 kcal/mol        0.0489 kcal/(mol*A)
xmin   160      -37.4277 kcal/mol        0.0339 kcal/(mol*A)
xmin   170      -37.4490 kcal/mol        0.2078 kcal/(mol*A)
xmin   180      -37.4660 kcal/mol        0.2785 kcal/(mol*A)
xmin   190      -37.4793 kcal/mol        0.0834 kcal/(mol*A)
xmin   200      -37.4889 kcal/mol        0.0458 kcal/(mol*A)
xmin   210      -37.4957 kcal/mol        0.3169 kcal/(mol*A)
xmin   220      -37.5018 kcal/mol        0.1582 kcal/(mol*A)
xmin   230      -37.5059 kcal/mol        0.0202 kcal/(mol*A)
xmin   240      -37.5141 kcal/mol        0.0466 kcal/(mol*A)
xmin   250      -37.5171 kcal/mol        0.0135 kcal/(mol*A)
xmin   260      -37.5187 kcal/mol        0.0174 kcal/(mol*A)
xmin   270      -37.5201 kcal/mol        0.0637 kcal/(mol*A)
xmin   280      -37.5209 kcal/mol        0.0088 kcal/(mol*A)
xmin   290      -37.5217 kcal/mol        0.0070 kcal/(mol*A)
xmin   300      -37.5219 kcal/mol        0.0085 kcal/(mol*A)
xmin   310      -37.5225 kcal/mol        0.0270 kcal/(mol*A)
xmin   320      -37.5227 kcal/mol        0.0149 kcal/(mol*A)
xmin   330      -37.5228 kcal/mol        0.0049 kcal/(mol*A)
xmin   340      -37.5229 kcal/mol        0.0035 kcal/(mol*A)
xmin   350      -37.5230 kcal/mol        0.0081 kcal/(mol*A)
xmin   360      -37.5230 kcal/mol        0.0145 kcal/(mol*A)
xmin   370      -37.5231 kcal/mol        0.0020 kcal/(mol*A)
xmin   380      -37.5231 kcal/mol        0.0038 kcal/(mol*A)
xmin   390      -37.5231 kcal/mol        0.0014 kcal/(mol*A)
xmin   400      -37.5231 kcal/mol        0.0011 kcal/(mol*A)
xmin   410      -37.5231 kcal/mol        0.0009 kcal/(mol*A)
xmin   420      -37.5231 kcal/mol        0.0033 kcal/(mol*A)
xmin   430      -37.5231 kcal/mol        0.0008 kcal/(mol*A)
xmin   440      -37.5231 kcal/mol        0.0025 kcal/(mol*A)
xmin   450      -37.5231 kcal/mol        0.0011 kcal/(mol*A)
xmin   450      -37.5231 kcal/mol        0.0004 kcal/(mol*A)
  ... geometry converged !
 
 Final MO eigenvalues (eV):
 -43.2744  -37.8133  -37.4982  -33.7404  -29.3788  -25.4623  -23.1104  -22.2322
 -19.6098  -19.1967  -18.6123  -17.0888  -15.3867  -15.2324  -14.8982  -13.6220
 -13.3991  -12.8509  -12.3673  -12.3288  -12.2913  -11.8617  -11.7458  -11.6422
   0.0199    0.6100    2.7815    2.9221    3.2182    3.3136    3.5297    3.7768
   3.7869    4.0123    4.2133    4.2534    4.4534    4.4919    4.6889    4.7227
   4.8490    5.4201    7.1361

 Heat of formation   =        -37.52312753 kcal/mol  (       -1.62712491 eV)

 Total SCF energy    =     -37765.68831098 kcal/mol  (    -1637.64313390 eV)
 Electronic energy   =    -155935.42346687 kcal/mol  (    -6761.86737205 eV)
 Core-core repulsion =     118169.73515589 kcal/mol  (     5124.22423815 eV)
 
    Atomic Charges for Step       1 :
  Atom    Element       Mulliken Charge
     1      C                 -0.212
     2      C                 -0.158
     3      C                 -0.157
     4      C                 -0.173
     5      C                 -0.137
     6      N                  0.510
     7      O                 -0.362
     8      O                 -0.361
     9      H                  0.078
    10      H                  0.074
    11      H                  0.074
    12      H                  0.085
    13      H                  0.083
    14      H                  0.084
    15      H                  0.085
    16      H                  0.117
    17      H                  0.102
    18      H                  0.136
    19      H                  0.132
 Total Mulliken Charge =      -0.000
 
                  X        Y        Z     TOTAL  
  QM DIPOLE    -3.862   -1.534   -1.954    4.592
 
 Final Structure

  QMMM: QM Region Cartesian Coordinates (*=link atom) 
  QMMM: QM_NO.   MM_NO.  ATOM         X         Y         Z
  QMMM:     1        1      C        0.4471   -0.8878    0.6762
  QMMM:     2        2      C        1.5806   -0.3702    1.5236
  QMMM:     3        3      C        2.6751    0.2352    0.6697
  QMMM:     4        4      C        3.8103    0.7466    1.5319
  QMMM:     5        5      C        4.8789    1.3684    0.6500
  QMMM:     6        6      N        6.1085    1.8042    1.4235
  QMMM:     7        7      O        6.5801    2.8813    1.1800
  QMMM:     8        8      O        6.5859    1.0604    2.2354
  QMMM:     9        9      H       -0.3487   -1.3287    1.3239
  QMMM:    10       10      H       -0.0050   -0.0628    0.0741
  QMMM:    11       11      H        0.8076   -1.6775   -0.0265
  QMMM:    12       12      H        2.0061   -1.2074    2.1380
  QMMM:    13       13      H        1.1944    0.4025    2.2398
  QMMM:    14       14      H        2.2528    1.0765    0.0591
  QMMM:    15       15      H        3.0611   -0.5366   -0.0475
  QMMM:    16       16      H        4.2489   -0.0968    2.1300
  QMMM:    17       17      H        3.4224    1.5074    2.2594
  QMMM:    18       18      H        4.4882    2.2807    0.1218
  QMMM:    19       19      H        5.2477    0.6236   -0.1075

           --------- Calculation Completed ----------

