            --------------------------------------------------------
                             AMBER SQM VERSION 19
 
                                     By
              Ross C. Walker, Michael F. Crowley, Scott Brozell,
                         Tim Giese, Andreas W. Goetz,
                        Tai-Sung Lee and David A. Case
 
            --------------------------------------------------------
 

--------------------------------------------------------------------------------
  QM CALCULATION INFO
--------------------------------------------------------------------------------

| QMMM: Citation for AMBER QMMM Run:
| QMMM: R.C. Walker, M.F. Crowley and D.A. Case, J. COMP. CHEM. 29:1019, 2008

QMMM: SINGLET STATE CALCULATION
QMMM: RHF CALCULATION, NO. OF DOUBLY OCCUPIED LEVELS = 24

| QMMM: *** Selected Hamiltonian *** 
| QMMM: AM1         

| QMMM: *** Parameter sets in use ***
| QMMM: C : M.J.S.DEWAR et al. JACS, 107, 3902, (1985)
| QMMM: N : M.J.S.DEWAR et al. JACS, 107, 3902, (1985)
| QMMM: O : M.J.S.DEWAR et al. JACS, 107, 3902, (1985)
| QMMM: F : M.J.S.DEWAR et al. THEOCHEM, 180, 1, (1988)
| QMMM: H : M.J.S.DEWAR et al. JACS, 107, 3902, (1985)

| QMMM: *** SCF convergence criteria ***
| QMMM: Energy change                :  0.1D-09 kcal/mol
| QMMM: Error matrix |FP-PF|         :  0.1D+00 au
| QMMM: Density matrix change        :  0.5D-06
| QMMM: Maximum number of SCF cycles :     1000

| QMMM: *** Diagonalization Routine Information ***
| QMMM: Pseudo diagonalizations are allowed.
| QMMM: Auto diagonalization routine selection is in use.
| QMMM:
| QMMM: Timing diagonalization routines:
| QMMM:                              norbs =       39
| QMMM:    diag iterations used for timing =       20
| QMMM:
| QMMM:              Internal diag routine = 0.015501 seconds
| QMMM:                 Dspev diag routine = 0.008064 seconds
| QMMM:                Dspevd diag routine = 0.010393 seconds
| QMMM:                Dspevx diag routine = 0.022144 seconds
| QMMM:                 Dsyev diag routine = 0.005918 seconds
| QMMM:                Dsyevd diag routine = 0.005175 seconds
| QMMM:                Dsyevr diag routine = 0.006375 seconds
| QMMM:
| QMMM:                Pseudo diag routine = 0.001308 seconds
| QMMM:
| QMMM: Using dsyevd routine (diag_routine=6).

  QMMM: QM Region Cartesian Coordinates (*=link atom) 
  QMMM: QM_NO.   MM_NO.  ATOM         X         Y         Z
  QMMM:     1        1      C       -1.0700    0.3560    1.7120
  QMMM:     2        2      C       -1.9310   -0.1090    2.6140
  QMMM:     3        3      C       -2.4750   -1.4770    2.5050
  QMMM:     4        4      C       -1.0990   -1.7120    0.4430
  QMMM:     5        5      N       -0.6590   -0.4100    0.6550
  QMMM:     6        6      N       -2.0040   -2.1830    1.4030
  QMMM:     7        7      O       -3.2680   -1.9180    3.3300
  QMMM:     8        8      O       -0.7240   -2.3970   -0.5090
  QMMM:     9        9      F       -2.3500    0.6240    3.6620
  QMMM:    10       10      H       -0.6540    1.3540    1.7650
  QMMM:    11       11      H       -0.0010   -0.0090   -0.0060
  QMMM:    12       12      H       -2.3490   -3.1310    1.2820

--------------------------------------------------------------------------------
  RESULTS
--------------------------------------------------------------------------------

      iter         sqm energy              rms gradient
      ----    -------------------    -----------------------
xmin    10      -93.9164 kcal/mol        0.0362 kcal/(mol*A)
xmin    20      -93.9164 kcal/mol        0.0009 kcal/(mol*A)
xmin    20      -93.9164 kcal/mol        0.0005 kcal/(mol*A)
  ... geometry converged !
 
 Final MO eigenvalues (eV):
 -50.0840  -41.5847  -39.1992  -37.5011  -34.9569  -31.3145  -25.9821  -24.7770
 -21.0083  -20.2738  -18.7371  -17.8970  -17.5538  -17.1542  -16.3149  -16.2627
 -15.8988  -15.0205  -14.2348  -13.3968  -12.3007  -11.6032  -11.4560   -9.8111
  -0.6560    0.3504    0.3704    1.3921    1.7086    2.1522    2.6916    3.5419
   3.9407    4.3554    4.4881    4.7626    5.4569    5.8995    6.4224

 Heat of formation   =        -93.91643888 kcal/mol  (       -4.07252239 eV)

 Total SCF energy    =     -48267.45666841 kcal/mol  (    -2093.03398241 eV)
 Electronic energy   =    -175045.17656886 kcal/mol  (    -7590.52844928 eV)
 Core-core repulsion =     126777.71990045 kcal/mol  (     5497.49446687 eV)
 
    Atomic Charges for Step       1 :
  Atom    Element       Mulliken Charge
     1      C                 -0.002
     2      C                 -0.074
     3      C                  0.342
     4      C                  0.394
     5      N                 -0.306
     6      N                 -0.361
     7      O                 -0.301
     8      O                 -0.351
     9      F                 -0.069
    10      H                  0.179
    11      H                  0.275
    12      H                  0.274
 Total Mulliken Charge =      -0.000
 
                  X        Y        Z     TOTAL  
  QM DIPOLE     2.302    2.669   -1.513    3.836
 
 Final Structure

  QMMM: QM Region Cartesian Coordinates (*=link atom) 
  QMMM: QM_NO.   MM_NO.  ATOM         X         Y         Z
  QMMM:     1        1      C       -1.0497    0.3858    1.7024
  QMMM:     2        2      C       -1.9369   -0.0970    2.6309
  QMMM:     3        3      C       -2.4806   -1.4756    2.5144
  QMMM:     4        4      C       -1.1158   -1.7086    0.4687
  QMMM:     5        5      N       -0.6396   -0.3901    0.6407
  QMMM:     6        6      N       -2.0237   -2.2140    1.4115
  QMMM:     7        7      O       -3.2830   -1.9877    3.3064
  QMMM:     8        8      O       -0.7294   -2.3921   -0.5013
  QMMM:     9        9      F       -2.3489    0.6491    3.6761
  QMMM:    10       10      H       -0.6294    1.4067    1.7638
  QMMM:    11       11      H        0.0037   -0.0411   -0.0332
  QMMM:    12       12      H       -2.3507   -3.1475    1.2757

           --------- Calculation Completed ----------

