            --------------------------------------------------------
                             AMBER SQM VERSION 19
 
                                     By
              Ross C. Walker, Michael F. Crowley, Scott Brozell,
                         Tim Giese, Andreas W. Goetz,
                        Tai-Sung Lee and David A. Case
 
            --------------------------------------------------------
 

--------------------------------------------------------------------------------
  QM CALCULATION INFO
--------------------------------------------------------------------------------

| QMMM: Citation for AMBER QMMM Run:
| QMMM: R.C. Walker, M.F. Crowley and D.A. Case, J. COMP. CHEM. 29:1019, 2008

QMMM: SINGLET STATE CALCULATION
QMMM: RHF CALCULATION, NO. OF DOUBLY OCCUPIED LEVELS = 30

| QMMM: *** Selected Hamiltonian *** 
| QMMM: AM1         

| QMMM: *** Parameter sets in use ***
| QMMM: C : M.J.S.DEWAR et al. JACS, 107, 3902, (1985)
| QMMM: O : M.J.S.DEWAR et al. JACS, 107, 3902, (1985)
| QMMM: H : M.J.S.DEWAR et al. JACS, 107, 3902, (1985)

| QMMM: *** SCF convergence criteria ***
| QMMM: Energy change                :  0.1D-09 kcal/mol
| QMMM: Error matrix |FP-PF|         :  0.1D+00 au
| QMMM: Density matrix change        :  0.5D-06
| QMMM: Maximum number of SCF cycles :     1000

| QMMM: *** Diagonalization Routine Information ***
| QMMM: Pseudo diagonalizations are allowed.
| QMMM: Auto diagonalization routine selection is in use.
| QMMM:
| QMMM: Timing diagonalization routines:
| QMMM:                              norbs =       58
| QMMM:    diag iterations used for timing =       15
| QMMM:
| QMMM:              Internal diag routine = 0.034031 seconds
| QMMM:                 Dspev diag routine = 0.043583 seconds
| QMMM:                Dspevd diag routine = 0.020682 seconds
| QMMM:                Dspevx diag routine = 0.023188 seconds
| QMMM:                 Dsyev diag routine = 0.004640 seconds
| QMMM:                Dsyevd diag routine = 0.003430 seconds
| QMMM:                Dsyevr diag routine = 0.005215 seconds
| QMMM:
| QMMM:                Pseudo diag routine = 0.001380 seconds
| QMMM:
| QMMM: Using dsyevd routine (diag_routine=6).

  QMMM: QM Region Cartesian Coordinates (*=link atom) 
  QMMM: QM_NO.   MM_NO.  ATOM         X         Y         Z
  QMMM:     1        1      C        0.2370   -2.1820   -4.7280
  QMMM:     2        2      C       -1.1640   -0.3040   -0.2490
  QMMM:     3        3      C        1.5240   -4.3440   -9.1380
  QMMM:     4        4      C       -0.6040   -1.1540   -3.9880
  QMMM:     5        5      C        0.0830   -2.1870   -6.2420
  QMMM:     6        6      C       -1.3120   -0.2090   -1.7590
  QMMM:     7        7      C        0.7130   -3.2490   -8.4640
  QMMM:     8        8      C       -0.4250   -1.2270   -2.4730
  QMMM:     9        9      C        0.8880   -3.2800   -6.9440
  QMMM:    10       10      O        0.9710   -2.9750   -4.1390
  QMMM:    11       11      H       -1.8050    0.4350    0.2420
  QMMM:    12       12      H       -0.1310   -0.1150    0.0580
  QMMM:    13       13      H       -1.4540   -1.2970    0.1120
  QMMM:    14       14      H        1.3790   -4.3100  -10.2230
  QMMM:    15       15      H        2.5920   -4.2230   -8.9340
  QMMM:    16       16      H        1.2160   -5.3340   -8.7870
  QMMM:    17       17      H       -0.3150   -0.1610   -4.3480
  QMMM:    18       18      H       -1.6540   -1.3290   -4.2490
  QMMM:    19       19      H        0.3720   -1.2030   -6.6270
  QMMM:    20       20      H       -0.9830   -2.3360   -6.4520
  QMMM:    21       21      H       -1.0500    0.8050   -2.0820
  QMMM:    22       22      H       -2.3610   -0.3750   -2.0290
  QMMM:    23       23      H       -0.3460   -3.3800   -8.7180
  QMMM:    24       24      H        1.0230   -2.2790   -8.8650
  QMMM:    25       25      H        0.6270   -1.0460   -2.2170
  QMMM:    26       26      H       -0.6650   -2.2380   -2.1210
  QMMM:    27       27      H        0.5500   -4.2530   -6.5690
  QMMM:    28       28      H        1.9510   -3.1930   -6.6880

--------------------------------------------------------------------------------
  RESULTS
--------------------------------------------------------------------------------

      iter         sqm energy              rms gradient
      ----    -------------------    -----------------------
xmin    10      -88.7645 kcal/mol        0.1716 kcal/(mol*A)
xmin    20      -88.7690 kcal/mol        0.0380 kcal/(mol*A)
xmin    30      -88.7703 kcal/mol        0.0884 kcal/(mol*A)
xmin    40      -88.7717 kcal/mol        0.0217 kcal/(mol*A)
xmin    50      -88.7727 kcal/mol        0.0134 kcal/(mol*A)
xmin    60      -88.7728 kcal/mol        0.0130 kcal/(mol*A)
xmin    70      -88.7731 kcal/mol        0.0128 kcal/(mol*A)
xmin    80      -88.7733 kcal/mol        0.0059 kcal/(mol*A)
xmin    90      -88.7733 kcal/mol        0.0033 kcal/(mol*A)
xmin   100      -88.7736 kcal/mol        0.0038 kcal/(mol*A)
xmin   110      -88.7737 kcal/mol        0.0126 kcal/(mol*A)
xmin   120      -88.7739 kcal/mol        0.0051 kcal/(mol*A)
xmin   130      -88.7740 kcal/mol        0.0098 kcal/(mol*A)
xmin   140      -88.7742 kcal/mol        0.0132 kcal/(mol*A)
xmin   150      -88.7746 kcal/mol        0.0076 kcal/(mol*A)
xmin   160      -88.7749 kcal/mol        0.0296 kcal/(mol*A)
xmin   170      -88.7756 kcal/mol        0.0382 kcal/(mol*A)
xmin   180      -88.7759 kcal/mol        0.0148 kcal/(mol*A)
xmin   190      -88.7766 kcal/mol        0.0290 kcal/(mol*A)
xmin   200      -88.7774 kcal/mol        0.0070 kcal/(mol*A)
xmin   210      -88.7781 kcal/mol        0.0115 kcal/(mol*A)
xmin   220      -88.7793 kcal/mol        0.0079 kcal/(mol*A)
xmin   230      -88.7822 kcal/mol        0.0148 kcal/(mol*A)
xmin   240      -88.7832 kcal/mol        0.0085 kcal/(mol*A)
xmin   250      -88.7844 kcal/mol        0.0117 kcal/(mol*A)
xmin   260      -88.7858 kcal/mol        0.0058 kcal/(mol*A)
xmin   270      -88.7876 kcal/mol        0.0181 kcal/(mol*A)
xmin   280      -88.7891 kcal/mol        0.0175 kcal/(mol*A)
xmin   290      -88.7902 kcal/mol        0.0169 kcal/(mol*A)
xmin   300      -88.7914 kcal/mol        0.0599 kcal/(mol*A)
xmin   310      -88.7932 kcal/mol        0.0475 kcal/(mol*A)
xmin   320      -88.7947 kcal/mol        0.0227 kcal/(mol*A)
xmin   330      -88.7958 kcal/mol        0.0089 kcal/(mol*A)
xmin   340      -88.7965 kcal/mol        0.0247 kcal/(mol*A)
xmin   350      -88.7982 kcal/mol        0.0119 kcal/(mol*A)
xmin   360      -88.7990 kcal/mol        0.0198 kcal/(mol*A)
xmin   370      -88.8007 kcal/mol        0.0269 kcal/(mol*A)
xmin   380      -88.8012 kcal/mol        0.0155 kcal/(mol*A)
xmin   390      -88.8034 kcal/mol        0.0421 kcal/(mol*A)
xmin   400      -88.8040 kcal/mol        0.0042 kcal/(mol*A)
xmin   410      -88.8042 kcal/mol        0.0075 kcal/(mol*A)
xmin   420      -88.8048 kcal/mol        0.0118 kcal/(mol*A)
xmin   430      -88.8049 kcal/mol        0.0059 kcal/(mol*A)
xmin   440      -88.8050 kcal/mol        0.0201 kcal/(mol*A)
xmin   450      -88.8051 kcal/mol        0.0071 kcal/(mol*A)
xmin   460      -88.8051 kcal/mol        0.0197 kcal/(mol*A)
xmin   470      -88.8052 kcal/mol        0.0101 kcal/(mol*A)
xmin   480      -88.8053 kcal/mol        0.0045 kcal/(mol*A)
xmin   490      -88.8053 kcal/mol        0.0104 kcal/(mol*A)
xmin   500      -88.8054 kcal/mol        0.0183 kcal/(mol*A)
xmin   510      -88.8054 kcal/mol        0.0045 kcal/(mol*A)
xmin   520      -88.8054 kcal/mol        0.0028 kcal/(mol*A)
xmin   530      -88.8054 kcal/mol        0.0010 kcal/(mol*A)
xmin   540      -88.8054 kcal/mol        0.0009 kcal/(mol*A)
xmin   550      -88.8054 kcal/mol        0.0013 kcal/(mol*A)
  ... geometry converged !
 
 Final MO eigenvalues (eV):
 -39.8904  -36.3800  -36.0198  -32.3642  -30.7847  -26.7055  -24.1814  -21.9472
 -21.4755  -20.2569  -17.0233  -16.5079  -16.3403  -15.9426  -15.2184  -14.6704
 -14.4959  -14.0215  -13.4908  -13.2210  -13.1838  -12.4972  -12.1744  -12.1088
 -12.0938  -11.9406  -11.9259  -11.3251  -11.2876  -10.3795    0.9141    2.9677
   3.6006    3.6674    3.8221    3.8550    3.8978    3.9870    4.1028    4.1812
   4.2779    4.2939    4.4491    4.5741    4.6363    4.6418    4.6846    4.8359
   4.9212    4.9429    4.9746    5.0356    5.0578    5.1094    5.1271    5.2366
   5.2375    6.5618

 Heat of formation   =        -88.80544275 kcal/mol  (       -3.85089297 eV)

 Total SCF energy    =     -39719.61275722 kcal/mol  (    -1722.37165592 eV)
 Electronic energy   =    -204434.61340327 kcal/mol  (    -8864.95006302 eV)
 Core-core repulsion =     164715.00064606 kcal/mol  (     7142.57840710 eV)
 
    Atomic Charges for Step       1 :
  Atom    Element       Mulliken Charge
     1      C                  0.225
     2      C                 -0.210
     3      C                 -0.210
     4      C                 -0.211
     5      C                 -0.211
     6      C                 -0.158
     7      C                 -0.158
     8      C                 -0.154
     9      C                 -0.154
    10      O                 -0.290
    11      H                  0.072
    12      H                  0.074
    13      H                  0.075
    14      H                  0.072
    15      H                  0.075
    16      H                  0.074
    17      H                  0.099
    18      H                  0.106
    19      H                  0.106
    20      H                  0.099
    21      H                  0.075
    22      H                  0.076
    23      H                  0.075
    24      H                  0.076
    25      H                  0.089
    26      H                  0.100
    27      H                  0.089
    28      H                  0.100
 Total Mulliken Charge =       0.000
 
                  X        Y        Z     TOTAL  
  QM DIPOLE    -1.533    1.683   -1.228    2.587
 
 Final Structure

  QMMM: QM Region Cartesian Coordinates (*=link atom) 
  QMMM: QM_NO.   MM_NO.  ATOM         X         Y         Z
  QMMM:     1        1      C        0.2152   -2.2753   -4.7030
  QMMM:     2        2      C       -1.0465   -0.1784   -0.3374
  QMMM:     3        3      C        1.4283   -4.3199   -9.1071
  QMMM:     4        4      C       -0.7100   -1.3360   -3.9807
  QMMM:     5        5      C        0.1721   -2.1516   -6.2007
  QMMM:     6        6      C       -1.3752   -0.3136   -1.8018
  QMMM:     7        7      C        0.8069   -3.1409   -8.4038
  QMMM:     8        8      C       -0.3831   -1.2112   -2.5093
  QMMM:     9        9      C        0.8061   -3.3318   -6.9024
  QMMM:    10       10      O        0.9469   -3.0785   -4.1172
  QMMM:    11       11      H       -1.7900    0.4844    0.1674
  QMMM:    12       12      H       -0.0296    0.2629   -0.2007
  QMMM:    13       13      H       -1.0646   -1.1762    0.1642
  QMMM:    14       14      H        1.4222   -4.1597  -10.2122
  QMMM:    15       15      H        2.4855   -4.4634   -8.7765
  QMMM:    16       16      H        0.8620   -5.2561   -8.8827
  QMMM:    17       17      H       -0.6631   -0.3280   -4.4715
  QMMM:    18       18      H       -1.7575   -1.7219   -4.1077
  QMMM:    19       19      H        0.7101   -1.2061   -6.4819
  QMMM:    20       20      H       -0.8955   -2.0386   -6.5271
  QMMM:    21       21      H       -1.3742    0.7000   -2.2834
  QMMM:    22       22      H       -2.4096   -0.7331   -1.9182
  QMMM:    23       23      H       -0.2462   -2.9991   -8.7646
  QMMM:    24       24      H        1.3729   -2.2071   -8.6626
  QMMM:    25       25      H        0.6541   -0.8008   -2.3906
  QMMM:    26       26      H       -0.3849   -2.2308   -2.0402
  QMMM:    27       27      H        0.2476   -4.2679   -6.6377
  QMMM:    28       28      H        1.8570   -3.4645   -6.5314

           --------- Calculation Completed ----------

