            --------------------------------------------------------
                             AMBER SQM VERSION 19
 
                                     By
              Ross C. Walker, Michael F. Crowley, Scott Brozell,
                         Tim Giese, Andreas W. Goetz,
                        Tai-Sung Lee and David A. Case
 
            --------------------------------------------------------
 

--------------------------------------------------------------------------------
  QM CALCULATION INFO
--------------------------------------------------------------------------------

| QMMM: Citation for AMBER QMMM Run:
| QMMM: R.C. Walker, M.F. Crowley and D.A. Case, J. COMP. CHEM. 29:1019, 2008

QMMM: SINGLET STATE CALCULATION
QMMM: RHF CALCULATION, NO. OF DOUBLY OCCUPIED LEVELS = 32

| QMMM: *** Selected Hamiltonian *** 
| QMMM: AM1         

| QMMM: *** Parameter sets in use ***
| QMMM: C : M.J.S.DEWAR et al. JACS, 107, 3902, (1985)
| QMMM: Cl: M.J.S.DEWAR et al. THEOCHEM, 180, 1, (1988)
| QMMM: H : M.J.S.DEWAR et al. JACS, 107, 3902, (1985)

| QMMM: *** SCF convergence criteria ***
| QMMM: Energy change                :  0.1D-09 kcal/mol
| QMMM: Error matrix |FP-PF|         :  0.1D+00 au
| QMMM: Density matrix change        :  0.5D-06
| QMMM: Maximum number of SCF cycles :     1000

| QMMM: *** Diagonalization Routine Information ***
| QMMM: Pseudo diagonalizations are allowed.
| QMMM: Auto diagonalization routine selection is in use.
| QMMM:
| QMMM: Timing diagonalization routines:
| QMMM:                              norbs =       61
| QMMM:    diag iterations used for timing =       15
| QMMM:
| QMMM:              Internal diag routine = 0.015117 seconds
| QMMM:                 Dspev diag routine = 0.020106 seconds
| QMMM:                Dspevd diag routine = 0.018996 seconds
| QMMM:                Dspevx diag routine = 0.049877 seconds
| QMMM:                 Dsyev diag routine = 0.009548 seconds
| QMMM:                Dsyevd diag routine = 0.004633 seconds
| QMMM:                Dsyevr diag routine = 0.007109 seconds
| QMMM:
| QMMM:                Pseudo diag routine = 0.001975 seconds
| QMMM:
| QMMM: Using dsyevd routine (diag_routine=6).

  QMMM: QM Region Cartesian Coordinates (*=link atom) 
  QMMM: QM_NO.   MM_NO.  ATOM         X         Y         Z
  QMMM:     1        1      C        1.8850   -1.0360   -0.1120
  QMMM:     2        2      C        0.8070   -0.4630    0.5610
  QMMM:     3        3      C        2.9210   -1.6310    0.6080
  QMMM:     4        4      C        1.0760   -2.2470    6.1370
  QMMM:     5        5      C        1.6250   -1.2210    6.9060
  QMMM:     6        6      C        0.7640   -0.4840    1.9550
  QMMM:     7        7      C        2.8780   -1.6520    2.0020
  QMMM:     8        8      C        1.1410   -2.1870    4.7450
  QMMM:     9        9      C        2.2390   -0.1350    6.2820
  QMMM:    10       10      C        1.8000   -1.0790    2.6760
  QMMM:    11       11      C        1.7550   -1.1010    4.1220
  QMMM:    12       12      C        2.3040   -0.0740    4.8900
  QMMM:    13       13      Cl       3.0770    1.2960    4.1720
  QMMM:    14       14      H        1.9170   -1.0210   -1.1980
  QMMM:    15       15      H       -0.0010   -0.0020    0.0000
  QMMM:    16       16      H        3.7600   -2.0790    0.0840
  QMMM:    17       17      H        0.5980   -3.0930    6.6220
  QMMM:    18       18      H        1.5750   -1.2680    7.9900
  QMMM:    19       19      H       -0.0840   -0.0330    2.4660
  QMMM:    20       20      H        3.6930   -2.1200    2.5500
  QMMM:    21       21      H        0.7070   -2.9960    4.1620
  QMMM:    22       22      H        2.6620    0.6560    6.8970

--------------------------------------------------------------------------------
  RESULTS
--------------------------------------------------------------------------------

      iter         sqm energy              rms gradient
      ----    -------------------    -----------------------
xmin    10       42.6948 kcal/mol        0.0148 kcal/(mol*A)
xmin    20       42.6948 kcal/mol        0.0011 kcal/(mol*A)
  ... geometry converged !
 
 Final MO eigenvalues (eV):
 -40.3705  -38.8029  -37.3700  -33.5691  -31.4549  -31.4114  -29.6795  -24.4181
 -23.4832  -23.2067  -21.8145  -18.4037  -17.4417  -16.5958  -16.3455  -15.7905
 -15.5314  -14.7197  -14.2947  -14.2483  -14.0942  -13.3589  -12.9306  -12.4228
 -12.3797  -12.0708  -11.9611  -11.5426   -9.8492   -9.6955   -9.5967   -9.5021
   0.1206    0.2332    0.3847    0.5297    1.4594    2.5688    2.8410    3.5264
   3.7769    3.8682    4.0064    4.0186    4.0988    4.1512    4.2777    4.4114
   4.5790    4.6443    4.7952    4.9612    5.0954    5.1940    5.2464    5.4132
   5.5070    5.5620    5.6635    5.7676    6.0625

 Heat of formation   =         42.69476587 kcal/mol  (        1.85138398 eV)

 Total SCF energy    =     -46888.07458405 kcal/mol  (    -2033.21948675 eV)
 Electronic energy   =    -242644.03018954 kcal/mol  (   -10521.83470749 eV)
 Core-core repulsion =     195755.95560548 kcal/mol  (     8488.61522074 eV)
 
    Atomic Charges for Step       1 :
  Atom    Element       Mulliken Charge
     1      C                 -0.124
     2      C                 -0.133
     3      C                 -0.133
     4      C                 -0.132
     5      C                 -0.120
     6      C                 -0.108
     7      C                 -0.108
     8      C                 -0.110
     9      C                 -0.129
    10      C                 -0.047
    11      C                 -0.034
    12      C                 -0.049
    13      Cl                -0.009
    14      H                  0.131
    15      H                  0.133
    16      H                  0.133
    17      H                  0.136
    18      H                  0.137
    19      H                  0.137
    20      H                  0.137
    21      H                  0.142
    22      H                  0.147
 Total Mulliken Charge =      -0.000
 
                  X        Y        Z     TOTAL  
  QM DIPOLE    -0.539   -0.960    0.369    1.161
 
 Final Structure

  QMMM: QM Region Cartesian Coordinates (*=link atom) 
  QMMM: QM_NO.   MM_NO.  ATOM         X         Y         Z
  QMMM:     1        1      C        1.8845   -1.0382   -0.1344
  QMMM:     2        2      C        0.8078   -0.4629    0.5400
  QMMM:     3        3      C        2.9207   -1.6302    0.5873
  QMMM:     4        4      C        1.0759   -2.2472    6.1594
  QMMM:     5        5      C        1.6252   -1.2211    6.9282
  QMMM:     6        6      C        0.7643   -0.4784    1.9332
  QMMM:     7        7      C        2.8828   -1.6489    1.9806
  QMMM:     8        8      C        1.1396   -2.1883    4.7696
  QMMM:     9        9      C        2.2384   -0.1358    6.3073
  QMMM:    10       10      C        1.8031   -1.0723    2.6613
  QMMM:    11       11      C        1.7527   -1.1040    4.1265
  QMMM:    12       12      C        2.3022   -0.0770    4.9103
  QMMM:    13       13      Cl       3.0587    1.2635    4.1866
  QMMM:    14       14      H        1.9170   -1.0239   -1.2336
  QMMM:    15       15      H       -0.0097    0.0063   -0.0269
  QMMM:    16       16      H        3.7718   -2.0829    0.0578
  QMMM:    17       17      H        0.5916   -3.1043    6.6501
  QMMM:    18       18      H        1.5757   -1.2661    8.0262
  QMMM:    19       19      H       -0.0841   -0.0213    2.4636
  QMMM:    20       20      H        3.7026   -2.1135    2.5484
  QMMM:    21       21      H        0.7062   -2.9979    4.1627
  QMMM:    22       22      H        2.6722    0.6744    6.9130

           --------- Calculation Completed ----------

