            --------------------------------------------------------
                             AMBER SQM VERSION 19
 
                                     By
              Ross C. Walker, Michael F. Crowley, Scott Brozell,
                         Tim Giese, Andreas W. Goetz,
                        Tai-Sung Lee and David A. Case
 
            --------------------------------------------------------
 

--------------------------------------------------------------------------------
  QM CALCULATION INFO
--------------------------------------------------------------------------------

| QMMM: Citation for AMBER QMMM Run:
| QMMM: R.C. Walker, M.F. Crowley and D.A. Case, J. COMP. CHEM. 29:1019, 2008

QMMM: SINGLET STATE CALCULATION
QMMM: RHF CALCULATION, NO. OF DOUBLY OCCUPIED LEVELS = 16

| QMMM: *** Selected Hamiltonian *** 
| QMMM: AM1         

| QMMM: *** Parameter sets in use ***
| QMMM: C : M.J.S.DEWAR et al. JACS, 107, 3902, (1985)
| QMMM: Cl: M.J.S.DEWAR et al. THEOCHEM, 180, 1, (1988)

| QMMM: *** SCF convergence criteria ***
| QMMM: Energy change                :  0.1D-09 kcal/mol
| QMMM: Error matrix |FP-PF|         :  0.1D+00 au
| QMMM: Density matrix change        :  0.5D-06
| QMMM: Maximum number of SCF cycles :     1000

| QMMM: *** Diagonalization Routine Information ***
| QMMM: Pseudo diagonalizations are allowed.
| QMMM: Auto diagonalization routine selection is in use.
| QMMM:
| QMMM: Timing diagonalization routines:
| QMMM:                              norbs =       20
| QMMM:    diag iterations used for timing =       20
| QMMM:
| QMMM:              Internal diag routine = 0.000737 seconds
| QMMM:                 Dspev diag routine = 0.001033 seconds
| QMMM:                Dspevd diag routine = 0.005264 seconds
| QMMM:                Dspevx diag routine = 0.013134 seconds
| QMMM:                 Dsyev diag routine = 0.001184 seconds
| QMMM:                Dsyevd diag routine = 0.001232 seconds
| QMMM:                Dsyevr diag routine = 0.001807 seconds
| QMMM:
| QMMM:                Pseudo diag routine = 0.000113 seconds
| QMMM:
| QMMM: Using internal diagonalization routine (diag_routine=1).

  QMMM: QM Region Cartesian Coordinates (*=link atom) 
  QMMM: QM_NO.   MM_NO.  ATOM         X         Y         Z
  QMMM:     1        1      C       -1.6170   -0.7010   -0.2650
  QMMM:     2        2      Cl       0.0000    0.0000    0.0000
  QMMM:     3        3      Cl      -1.4940   -2.4780   -0.3020
  QMMM:     4        4      Cl      -2.2700   -0.1180   -1.8170
  QMMM:     5        5      Cl      -2.7020   -0.2060    1.0580

--------------------------------------------------------------------------------
  RESULTS
--------------------------------------------------------------------------------

      iter         sqm energy              rms gradient
      ----    -------------------    -----------------------
xmin    10      -28.1604 kcal/mol        0.0014 kcal/(mol*A)
  ... geometry converged !
 
 Final MO eigenvalues (eV):
 -39.2582  -37.9901  -37.9901  -37.9901  -28.2490  -18.0988  -18.0987  -18.0987
 -13.5391  -13.5391  -12.5304  -12.5304  -12.5304  -12.3784  -12.3784  -12.3784
  -1.1166    0.1207    0.1207    0.1207

 Heat of formation   =        -28.16044752 kcal/mol  (       -1.22112864 eV)

 Total SCF energy    =     -37434.21554212 kcal/mol  (    -1623.26939604 eV)
 Electronic energy   =     -88167.20596065 kcal/mol  (    -3823.21694465 eV)
 Core-core repulsion =      50732.99041853 kcal/mol  (     2199.94754861 eV)
 
    Atomic Charges for Step       1 :
  Atom    Element       Mulliken Charge
     1      C                  0.031
     2      Cl                -0.008
     3      Cl                -0.008
     4      Cl                -0.008
     5      Cl                -0.008
 Total Mulliken Charge =      -0.000
 
                  X        Y        Z     TOTAL  
  QM DIPOLE    -0.000   -0.000   -0.000    0.000
 
 Final Structure

  QMMM: QM Region Cartesian Coordinates (*=link atom) 
  QMMM: QM_NO.   MM_NO.  ATOM         X         Y         Z
  QMMM:     1        1      C       -1.6166   -0.7006   -0.2652
  QMMM:     2        2      Cl      -0.0191   -0.0097   -0.0028
  QMMM:     3        3      Cl      -1.4975   -2.4563   -0.3037
  QMMM:     4        4      Cl      -2.2613   -0.1225   -1.7977
  QMMM:     5        5      Cl      -2.6886   -0.2138    1.0433

           --------- Calculation Completed ----------

