            --------------------------------------------------------
                             AMBER SQM VERSION 19
 
                                     By
              Ross C. Walker, Michael F. Crowley, Scott Brozell,
                         Tim Giese, Andreas W. Goetz,
                        Tai-Sung Lee and David A. Case
 
            --------------------------------------------------------
 

--------------------------------------------------------------------------------
  QM CALCULATION INFO
--------------------------------------------------------------------------------

| QMMM: Citation for AMBER QMMM Run:
| QMMM: R.C. Walker, M.F. Crowley and D.A. Case, J. COMP. CHEM. 29:1019, 2008

QMMM: SINGLET STATE CALCULATION
QMMM: RHF CALCULATION, NO. OF DOUBLY OCCUPIED LEVELS = 27

| QMMM: *** Selected Hamiltonian *** 
| QMMM: AM1         

| QMMM: *** Parameter sets in use ***
| QMMM: C : M.J.S.DEWAR et al. JACS, 107, 3902, (1985)
| QMMM: N : M.J.S.DEWAR et al. JACS, 107, 3902, (1985)
| QMMM: H : M.J.S.DEWAR et al. JACS, 107, 3902, (1985)

| QMMM: *** SCF convergence criteria ***
| QMMM: Energy change                :  0.1D-09 kcal/mol
| QMMM: Error matrix |FP-PF|         :  0.1D+00 au
| QMMM: Density matrix change        :  0.5D-06
| QMMM: Maximum number of SCF cycles :     1000

| QMMM: *** Diagonalization Routine Information ***
| QMMM: Pseudo diagonalizations are allowed.
| QMMM: Auto diagonalization routine selection is in use.
| QMMM:
| QMMM: Timing diagonalization routines:
| QMMM:                              norbs =       52
| QMMM:    diag iterations used for timing =       15
| QMMM:
| QMMM:              Internal diag routine = 0.005110 seconds
| QMMM:                 Dspev diag routine = 0.018963 seconds
| QMMM:                Dspevd diag routine = 0.005068 seconds
| QMMM:                Dspevx diag routine = 0.061800 seconds
| QMMM:                 Dsyev diag routine = 0.006239 seconds
| QMMM:                Dsyevd diag routine = 0.004378 seconds
| QMMM:                Dsyevr diag routine = 0.005604 seconds
| QMMM:
| QMMM:                Pseudo diag routine = 0.001679 seconds
| QMMM:
| QMMM: Using dsyevd routine (diag_routine=6).

  QMMM: QM Region Cartesian Coordinates (*=link atom) 
  QMMM: QM_NO.   MM_NO.  ATOM         X         Y         Z
  QMMM:     1        1      C       -2.3110    3.1440   -1.9980
  QMMM:     2        2      C       -3.1110    3.0370   -0.8820
  QMMM:     3        3      C       -0.4780    2.6220   -0.7330
  QMMM:     4        4      C       -1.2870    2.5200    0.3650
  QMMM:     5        5      C       -2.0270    0.0020    1.8760
  QMMM:     6        6      C        0.3170   -0.0300    1.0010
  QMMM:     7        7      C       -0.6900    2.1630    1.7040
  QMMM:     8        8      C       -0.6430    0.6470    1.9820
  QMMM:     9        9      N       -0.9800    2.9390   -1.9440
  QMMM:    10       10      N       -2.6100    2.7200    0.3280
  QMMM:    11       11      H       -2.7140    3.3990   -2.9700
  QMMM:    12       12      H       -4.1810    3.2030   -0.9270
  QMMM:    13       13      H        0.5920    2.4580   -0.6970
  QMMM:    14       14      H       -2.4720    0.1740    0.8900
  QMMM:    15       15      H       -2.7110    0.3990    2.6330
  QMMM:    16       16      H       -1.9630   -1.0810    2.0310
  QMMM:    17       17      H        0.3860   -1.1040    1.2020
  QMMM:    18       18      H       -0.0150    0.1010   -0.0350
  QMMM:    19       19      H        1.3250    0.3910    1.0900
  QMMM:    20       20      H        0.3180    2.5890    1.7890
  QMMM:    21       21      H       -1.2870    2.6640    2.4780
  QMMM:    22       22      H       -0.2630    0.4720    2.9960

--------------------------------------------------------------------------------
  RESULTS
--------------------------------------------------------------------------------

      iter         sqm energy              rms gradient
      ----    -------------------    -----------------------
xmin    10       21.4566 kcal/mol        0.5889 kcal/(mol*A)
xmin    20       21.3909 kcal/mol        0.2082 kcal/(mol*A)
xmin    30       21.3842 kcal/mol        0.0539 kcal/(mol*A)
xmin    40       21.3838 kcal/mol        0.0196 kcal/(mol*A)
xmin    50       21.3837 kcal/mol        0.0123 kcal/(mol*A)
xmin    60       21.3837 kcal/mol        0.0147 kcal/(mol*A)
xmin    70       21.3836 kcal/mol        0.0018 kcal/(mol*A)
xmin    80       21.3836 kcal/mol        0.0010 kcal/(mol*A)
xmin    90       21.3836 kcal/mol        0.0033 kcal/(mol*A)
xmin   100       21.3836 kcal/mol        0.0019 kcal/(mol*A)
  ... geometry converged !
 
 Final MO eigenvalues (eV):
 -40.8508  -37.3335  -34.6912  -31.9856  -28.1896  -27.9031  -25.0826  -24.0139
 -20.6117  -18.1350  -17.5910  -16.9310  -16.2081  -15.1091  -14.7915  -14.5745
 -14.1354  -13.3292  -13.0400  -12.6735  -12.5383  -12.2320  -11.9180  -11.6940
 -11.5317  -10.2262   -9.9042   -0.2574    0.0951    2.5592    3.0045    3.2560
   3.3411    3.5674    3.7501    3.8254    3.9024    4.1889    4.2219    4.3818
   4.4468    4.5190    4.5519    4.6725    4.8287    4.8865    5.0183    5.1287
   5.1927    5.3476    6.1034    6.6641

 Heat of formation   =         21.38360559 kcal/mol  (        0.92726272 eV)

 Total SCF energy    =     -36975.23055709 kcal/mol  (    -1603.36631356 eV)
 Electronic energy   =    -189744.80667121 kcal/mol  (    -8227.95224280 eV)
 Core-core repulsion =     152769.57611412 kcal/mol  (     6624.58592924 eV)
 
    Atomic Charges for Step       1 :
  Atom    Element       Mulliken Charge
     1      C                 -0.128
     2      C                 -0.116
     3      C                 -0.122
     4      C                 -0.051
     5      C                 -0.207
     6      C                 -0.214
     7      C                 -0.111
     8      C                 -0.100
     9      N                 -0.102
    10      N                 -0.106
    11      H                  0.170
    12      H                  0.169
    13      H                  0.171
    14      H                  0.079
    15      H                  0.082
    16      H                  0.072
    17      H                  0.079
    18      H                  0.078
    19      H                  0.070
    20      H                  0.090
    21      H                  0.108
    22      H                  0.088
 Total Mulliken Charge =      -0.000
 
                  X        Y        Z     TOTAL  
  QM DIPOLE     0.077   -0.260    0.462    0.536
 
 Final Structure

  QMMM: QM Region Cartesian Coordinates (*=link atom) 
  QMMM: QM_NO.   MM_NO.  ATOM         X         Y         Z
  QMMM:     1        1      C       -2.2922    3.1965   -2.0408
  QMMM:     2        2      C       -3.1375    3.1058   -0.9057
  QMMM:     3        3      C       -0.5028    2.5997   -0.7438
  QMMM:     4        4      C       -1.3447    2.5029    0.4048
  QMMM:     5        5      C       -1.9829   -0.0434    1.9167
  QMMM:     6        6      C        0.3240   -0.0209    0.9756
  QMMM:     7        7      C       -0.7370    2.1337    1.7236
  QMMM:     8        8      C       -0.6290    0.6309    1.9539
  QMMM:     9        9      N       -0.9702    2.9429   -1.9587
  QMMM:    10       10      N       -2.6740    2.7630    0.3113
  QMMM:    11       11      H       -2.6849    3.4793   -3.0311
  QMMM:    12       12      H       -4.2180    3.3164   -0.9771
  QMMM:    13       13      H        0.5780    2.3892   -0.6685
  QMMM:    14       14      H       -2.4049   -0.0284    0.8833
  QMMM:    15       15      H       -2.6977    0.4794    2.5967
  QMMM:    16       16      H       -1.8899   -1.1074    2.2432
  QMMM:    17       17      H        0.4232   -1.1095    1.2035
  QMMM:    18       18      H       -0.0497    0.0878   -0.0717
  QMMM:    19       19      H        1.3345    0.4500    1.0404
  QMMM:    20       20      H        0.2923    2.5821    1.7694
  QMMM:    21       21      H       -1.3386    2.5791    2.5620
  QMMM:    22       22      H       -0.2032    0.5001    2.9919

           --------- Calculation Completed ----------

