            --------------------------------------------------------
                             AMBER SQM VERSION 19
 
                                     By
              Ross C. Walker, Michael F. Crowley, Scott Brozell,
                         Tim Giese, Andreas W. Goetz,
                        Tai-Sung Lee and David A. Case
 
            --------------------------------------------------------
 

--------------------------------------------------------------------------------
  QM CALCULATION INFO
--------------------------------------------------------------------------------

| QMMM: Citation for AMBER QMMM Run:
| QMMM: R.C. Walker, M.F. Crowley and D.A. Case, J. COMP. CHEM. 29:1019, 2008

QMMM: SINGLET STATE CALCULATION
QMMM: RHF CALCULATION, NO. OF DOUBLY OCCUPIED LEVELS = 29

| QMMM: *** Selected Hamiltonian *** 
| QMMM: AM1         

| QMMM: *** Parameter sets in use ***
| QMMM: C : M.J.S.DEWAR et al. JACS, 107, 3902, (1985)
| QMMM: O : M.J.S.DEWAR et al. JACS, 107, 3902, (1985)
| QMMM: H : M.J.S.DEWAR et al. JACS, 107, 3902, (1985)

| QMMM: *** SCF convergence criteria ***
| QMMM: Energy change                :  0.1D-09 kcal/mol
| QMMM: Error matrix |FP-PF|         :  0.1D+00 au
| QMMM: Density matrix change        :  0.5D-06
| QMMM: Maximum number of SCF cycles :     1000

| QMMM: *** Diagonalization Routine Information ***
| QMMM: Pseudo diagonalizations are allowed.
| QMMM: Auto diagonalization routine selection is in use.
| QMMM:
| QMMM: Timing diagonalization routines:
| QMMM:                              norbs =       52
| QMMM:    diag iterations used for timing =       15
| QMMM:
| QMMM:              Internal diag routine = 0.009256 seconds
| QMMM:                 Dspev diag routine = 0.022758 seconds
| QMMM:                Dspevd diag routine = 0.004614 seconds
| QMMM:                Dspevx diag routine = 0.045411 seconds
| QMMM:                 Dsyev diag routine = 0.003624 seconds
| QMMM:                Dsyevd diag routine = 0.003181 seconds
| QMMM:                Dsyevr diag routine = 0.004172 seconds
| QMMM:
| QMMM:                Pseudo diag routine = 0.000904 seconds
| QMMM:
| QMMM: Using dsyevd routine (diag_routine=6).

  QMMM: QM Region Cartesian Coordinates (*=link atom) 
  QMMM: QM_NO.   MM_NO.  ATOM         X         Y         Z
  QMMM:     1        1      C        1.8850   -1.0360   -0.1120
  QMMM:     2        2      C        2.8780   -1.6520    2.0020
  QMMM:     3        3      C        0.8070   -0.4630    0.5610
  QMMM:     4        4      C        1.8000   -1.0790    2.6760
  QMMM:     5        5      C        2.9210   -1.6310    0.6080
  QMMM:     6        6      C        0.7640   -0.4840    1.9550
  QMMM:     7        7      C        4.0460   -2.2280   -0.0940
  QMMM:     8        8      C        6.1160   -3.3760    0.2050
  QMMM:     9        9      O        4.1680   -2.2560   -1.3250
  QMMM:    10       10      O       -0.2890    0.0740    2.6120
  QMMM:    11       11      O        4.9580   -2.7580    0.7770
  QMMM:    12       12      H        1.9090   -1.0150   -1.1990
  QMMM:    13       13      H        3.6800   -2.1130    2.5730
  QMMM:    14       14      H        0.0030   -0.0010   -0.0060
  QMMM:    15       15      H        1.7710   -1.0990    3.7620
  QMMM:    16       16      H        6.7590   -3.7560    1.0030
  QMMM:    17       17      H        6.6590   -2.6450   -0.3990
  QMMM:    18       18      H        5.7980   -4.2070   -0.4300
  QMMM:    19       19      H       -0.1750   -0.0190    3.5710

--------------------------------------------------------------------------------
  RESULTS
--------------------------------------------------------------------------------

      iter         sqm energy              rms gradient
      ----    -------------------    -----------------------
xmin    10     -106.2434 kcal/mol        0.2744 kcal/(mol*A)
xmin    20     -106.2463 kcal/mol        0.0060 kcal/(mol*A)
xmin    30     -106.2463 kcal/mol        0.0121 kcal/(mol*A)
xmin    40     -106.2463 kcal/mol        0.0015 kcal/(mol*A)
xmin    50     -106.2463 kcal/mol        0.0052 kcal/(mol*A)
xmin    60     -106.2463 kcal/mol        0.0012 kcal/(mol*A)
  ... geometry converged !
 
 Final MO eigenvalues (eV):
 -41.1254  -40.2290  -37.8340  -36.7819  -32.0730  -31.5464  -28.0905  -24.7239
 -24.0066  -21.8202  -19.4569  -18.6203  -18.0357  -16.9854  -16.9045  -15.8151
 -15.4670  -15.0187  -14.7542  -14.4668  -14.0782  -13.5517  -12.9840  -12.7710
 -12.2632  -11.4809  -11.3413  -10.2295   -9.5361   -0.3965    0.0936    1.5095
   2.0623    2.6092    2.6175    3.4066    3.4810    3.6527    3.9224    4.0860
   4.1283    4.2579    4.3359    4.4203    4.6975    4.7679    4.9334    5.1470
   5.3984    5.5454    5.9174    6.8400

 Heat of formation   =       -106.24632086 kcal/mol  (       -4.60718620 eV)

 Total SCF energy    =     -48329.14064086 kcal/mol  (    -2095.70880018 eV)
 Electronic energy   =    -215506.83612662 kcal/mol  (    -9345.07766908 eV)
 Core-core repulsion =     167177.69548576 kcal/mol  (     7249.36886890 eV)
 
    Atomic Charges for Step       1 :
  Atom    Element       Mulliken Charge
     1      C                 -0.039
     2      C                 -0.028
     3      C                 -0.175
     4      C                 -0.235
     5      C                 -0.153
     6      C                  0.114
     7      C                  0.350
     8      C                 -0.061
     9      O                 -0.358
    10      O                 -0.244
    11      O                 -0.281
    12      H                  0.161
    13      H                  0.157
    14      H                  0.158
    15      H                  0.140
    16      H                  0.100
    17      H                  0.086
    18      H                  0.086
    19      H                  0.224
 Total Mulliken Charge =      -0.000
 
                  X        Y        Z     TOTAL  
  QM DIPOLE    -0.065   -0.054    2.902    2.903
 
 Final Structure

  QMMM: QM Region Cartesian Coordinates (*=link atom) 
  QMMM: QM_NO.   MM_NO.  ATOM         X         Y         Z
  QMMM:     1        1      C        1.8980   -1.0448   -0.0765
  QMMM:     2        2      C        2.8630   -1.6453    2.0712
  QMMM:     3        3      C        0.8100   -0.4643    0.5610
  QMMM:     4        4      C        1.7790   -1.0676    2.7245
  QMMM:     5        5      C        2.9275   -1.6368    0.6730
  QMMM:     6        6      C        0.7548   -0.4782    1.9669
  QMMM:     7        7      C        4.0565   -2.2374   -0.0446
  QMMM:     8        8      C        6.1341   -3.3882    0.1128
  QMMM:     9        9      O        4.2377   -2.2997   -1.2648
  QMMM:    10       10      O       -0.3443    0.1104    2.5401
  QMMM:    11       11      O        5.0144   -2.7909    0.7679
  QMMM:    12       12      H        1.9644   -1.0468   -1.1776
  QMMM:    13       13      H        3.6754   -2.1121    2.6520
  QMMM:    14       14      H       -0.0046    0.0034   -0.0098
  QMMM:    15       15      H        1.7250   -1.0724    3.8220
  QMMM:    16       16      H        6.7641   -3.7615    0.9573
  QMMM:    17       17      H        6.6737   -2.6223   -0.4944
  QMMM:    18       18      H        5.7907   -4.2237   -0.5434
  QMMM:    19       19      H       -0.2613    0.0342    3.5026

           --------- Calculation Completed ----------

