            --------------------------------------------------------
                             AMBER SQM VERSION 19
 
                                     By
              Ross C. Walker, Michael F. Crowley, Scott Brozell,
                         Tim Giese, Andreas W. Goetz,
                        Tai-Sung Lee and David A. Case
 
            --------------------------------------------------------
 

--------------------------------------------------------------------------------
  QM CALCULATION INFO
--------------------------------------------------------------------------------

| QMMM: Citation for AMBER QMMM Run:
| QMMM: R.C. Walker, M.F. Crowley and D.A. Case, J. COMP. CHEM. 29:1019, 2008

QMMM: SINGLET STATE CALCULATION
QMMM: RHF CALCULATION, NO. OF DOUBLY OCCUPIED LEVELS = 51

| QMMM: *** Selected Hamiltonian *** 
| QMMM: AM1         

| QMMM: *** Parameter sets in use ***
| QMMM: C : M.J.S.DEWAR et al. JACS, 107, 3902, (1985)
| QMMM: N : M.J.S.DEWAR et al. JACS, 107, 3902, (1985)
| QMMM: O : M.J.S.DEWAR et al. JACS, 107, 3902, (1985)
| QMMM: P : M.J.S.DEWAR et al. THEOCHEM, 187,1, (1989)
| QMMM: S : M.J.S.DEWAR et al. INORG. CHEM., 29, 3881, (1990)
| QMMM: H : M.J.S.DEWAR et al. JACS, 107, 3902, (1985)

| QMMM: *** SCF convergence criteria ***
| QMMM: Energy change                :  0.1D-09 kcal/mol
| QMMM: Error matrix |FP-PF|         :  0.1D+00 au
| QMMM: Density matrix change        :  0.5D-06
| QMMM: Maximum number of SCF cycles :     1000

| QMMM: *** Diagonalization Routine Information ***
| QMMM: Pseudo diagonalizations are allowed.
| QMMM: Auto diagonalization routine selection is in use.
| QMMM:
| QMMM: Timing diagonalization routines:
| QMMM:                              norbs =       88
| QMMM:    diag iterations used for timing =       15
| QMMM:
| QMMM:              Internal diag routine = 0.030686 seconds
| QMMM:                 Dspev diag routine = 0.047459 seconds
| QMMM:                Dspevd diag routine = 0.012835 seconds
| QMMM:                Dspevx diag routine = 0.064677 seconds
| QMMM:                 Dsyev diag routine = 0.019144 seconds
| QMMM:                Dsyevd diag routine = 0.021408 seconds
| QMMM:                Dsyevr diag routine = 0.015341 seconds
| QMMM:
| QMMM:                Pseudo diag routine = 0.007008 seconds
| QMMM:
| QMMM: Using dspevd routine (diag_routine=3).

  QMMM: QM Region Cartesian Coordinates (*=link atom) 
  QMMM: QM_NO.   MM_NO.  ATOM         X         Y         Z
  QMMM:     1        1      C       -3.8240   -2.6720   -4.7120
  QMMM:     2        2      C       -2.8280   -1.6960   -4.6950
  QMMM:     3        3      C       -3.4760   -4.0160   -4.5980
  QMMM:     4        4      C       -1.4860   -2.0680   -4.5640
  QMMM:     5        5      C       -2.1270   -4.3690   -4.4680
  QMMM:     6        6      C       -1.1220   -3.4150   -4.4490
  QMMM:     7        7      C       -1.7020   -5.7600   -4.3460
  QMMM:     8        8      C       -0.5670  -11.8280   -1.5270
  QMMM:     9        9      C        3.3880   -9.5370   -2.3130
  QMMM:    10       10      C        0.1850   -7.2920   -4.0600
  QMMM:    11       11      N        0.2320   -3.7410   -4.3210
  QMMM:    12       12      N        0.5770   -4.9370   -4.2070
  QMMM:    13       13      N       -0.3390   -5.9500   -4.2240
  QMMM:    14       14      O       -2.5340   -6.6630   -4.3600
  QMMM:    15       15      O       -0.1720  -10.4830   -1.3290
  QMMM:    16       16      O        2.2010   -9.9940   -1.6910
  QMMM:    17       17      P        0.7760   -9.7650   -2.4410
  QMMM:    18       18      S        0.6980  -10.6540   -4.1770
  QMMM:    19       19      S        0.3550   -7.7130   -2.3100
  QMMM:    20       20      H       -4.8680   -2.3850   -4.8120
  QMMM:    21       21      H       -3.0940   -0.6450   -4.7820
  QMMM:    22       22      H       -4.2470   -4.7830   -4.6090
  QMMM:    23       23      H       -0.7150   -1.3000   -4.5510
  QMMM:    24       24      H       -1.4770  -12.0110   -0.9510
  QMMM:    25       25      H        0.2160  -12.4990   -1.1650
  QMMM:    26       26      H       -0.7730  -12.0320   -2.5810
  QMMM:    27       27      H        4.1580   -9.4180   -1.5460
  QMMM:    28       28      H        3.2350   -8.5740   -2.8060
  QMMM:    29       29      H        3.7320  -10.2770   -3.0410
  QMMM:    30       30      H       -0.4840   -8.0080   -4.5460
  QMMM:    31       31      H        1.1610   -7.3550   -4.5510

--------------------------------------------------------------------------------
  RESULTS
--------------------------------------------------------------------------------

      iter         sqm energy              rms gradient
      ----    -------------------    -----------------------
xmin    10      -20.6900 kcal/mol        1.8341 kcal/(mol*A)
xmin    20      -21.9479 kcal/mol        0.5111 kcal/(mol*A)
xmin    30      -22.2139 kcal/mol        0.3809 kcal/(mol*A)
xmin    40      -22.4145 kcal/mol        0.3620 kcal/(mol*A)
xmin    50      -22.6255 kcal/mol        0.4772 kcal/(mol*A)
xmin    60      -22.7902 kcal/mol        0.1215 kcal/(mol*A)
xmin    70      -22.7947 kcal/mol        0.0249 kcal/(mol*A)
xmin    80      -22.7963 kcal/mol        0.0285 kcal/(mol*A)
xmin    90      -22.7971 kcal/mol        0.0114 kcal/(mol*A)
xmin   100      -22.7976 kcal/mol        0.0327 kcal/(mol*A)
xmin   110      -22.8005 kcal/mol        0.1332 kcal/(mol*A)
xmin   120      -22.8035 kcal/mol        0.0471 kcal/(mol*A)
xmin   130      -22.8088 kcal/mol        0.0890 kcal/(mol*A)
xmin   140      -22.9202 kcal/mol        0.2502 kcal/(mol*A)
xmin   150      -23.0894 kcal/mol        0.2773 kcal/(mol*A)
xmin   160      -23.1837 kcal/mol        0.3528 kcal/(mol*A)
xmin   170      -24.2287 kcal/mol        0.4730 kcal/(mol*A)
xmin   180      -24.4990 kcal/mol        0.2116 kcal/(mol*A)
xmin   190      -24.6443 kcal/mol        0.1628 kcal/(mol*A)
xmin   200      -24.7104 kcal/mol        0.1880 kcal/(mol*A)
xmin   210      -24.7334 kcal/mol        0.0575 kcal/(mol*A)
xmin   220      -24.7531 kcal/mol        0.0797 kcal/(mol*A)
xmin   230      -24.7588 kcal/mol        0.0401 kcal/(mol*A)
xmin   240      -24.7595 kcal/mol        0.0226 kcal/(mol*A)
xmin   250      -24.7596 kcal/mol        0.0136 kcal/(mol*A)
xmin   260      -24.7596 kcal/mol        0.0021 kcal/(mol*A)
xmin   270      -24.7596 kcal/mol        0.0026 kcal/(mol*A)
xmin   280      -24.7596 kcal/mol        0.0038 kcal/(mol*A)
  ... geometry converged !
 
 Final MO eigenvalues (eV):
 -42.2990  -39.7301  -39.4819  -39.3157  -39.2804  -35.8166  -32.8480  -32.4080
 -29.0020  -28.8868  -28.0645  -26.5474  -25.4582  -23.6163  -22.9004  -20.8702
 -20.5118  -19.8076  -19.1838  -19.0938  -18.5992  -17.9248  -17.4476  -17.0563
 -16.9610  -16.8761  -16.8257  -16.5112  -16.3523  -15.5131  -15.4457  -14.9870
 -14.4117  -14.2667  -14.1778  -13.7379  -13.6656  -13.3422  -13.3110  -13.1433
 -12.8373  -12.5330  -12.1513  -11.5887  -11.4471  -11.0692  -10.7010  -10.6003
 -10.1951   -9.9859   -9.9359   -2.5386   -1.2890   -0.8086   -0.3247    0.3457
   0.4499    0.6296    0.7252    1.1585    1.6595    2.2077    2.2599    2.3129
   3.0247    3.0313    3.1379    3.2788    3.3604    3.4279    3.4589    3.5535
   3.6261    3.6313    3.7261    3.8452    3.8898    3.9139    4.1431    4.2392
   4.2573    4.4004    4.6684    4.6736    4.7213    5.0389    5.9456    7.0794


 Heat of formation   =        -24.75962187 kcal/mol  (       -1.07365777 eV)

 Total SCF energy    =     -81684.61495791 kcal/mol  (    -3542.11070456 eV)
 Electronic energy   =    -502335.39073307 kcal/mol  (   -21782.89713079 eV)
 Core-core repulsion =     420650.77577516 kcal/mol  (    18240.78642622 eV)
 
    Atomic Charges for Step       1 :
  Atom    Element       Mulliken Charge
     1      C                 -0.125
     2      C                 -0.100
     3      C                 -0.063
     4      C                 -0.089
     5      C                 -0.137
     6      C                 -0.040
     7      C                  0.337
     8      C                 -0.083
     9      C                 -0.074
    10      C                  0.053
    11      N                 -0.074
    12      N                  0.096
    13      N                 -0.296
    14      O                 -0.303
    15      O                 -0.616
    16      O                 -0.637
    17      P                  2.299
    18      S                 -1.086
    19      S                 -0.701
    20      H                  0.148
    21      H                  0.146
    22      H                  0.166
    23      H                  0.160
    24      H                  0.108
    25      H                  0.130
    26      H                  0.107
    27      H                  0.110
    28      H                  0.111
    29      H                  0.123
    30      H                  0.179
    31      H                  0.152
 Total Mulliken Charge =      -0.000
 
                  X        Y        Z     TOTAL  
  QM DIPOLE    -1.234    4.460    1.962    5.026
 
 Final Structure

  QMMM: QM Region Cartesian Coordinates (*=link atom) 
  QMMM: QM_NO.   MM_NO.  ATOM         X         Y         Z
  QMMM:     1        1      C       -2.9661   -2.3608   -4.3282
  QMMM:     2        2      C       -1.6760   -1.9022   -4.0479
  QMMM:     3        3      C       -3.2019   -3.7176   -4.5366
  QMMM:     4        4      C       -0.6018   -2.7845   -3.9689
  QMMM:     5        5      C       -2.1366   -4.6169   -4.4645
  QMMM:     6        6      C       -0.8241   -4.1566   -4.1760
  QMMM:     7        7      C       -2.3360   -6.0677   -4.6775
  QMMM:     8        8      C        0.2374  -11.9610   -1.8140
  QMMM:     9        9      C        2.6114   -7.6369   -2.1079
  QMMM:    10       10      C       -1.2377   -8.2925   -4.6652
  QMMM:    11       11      N        0.2407   -5.1066   -4.0968
  QMMM:    12       12      N        0.0607   -6.3102   -4.2728
  QMMM:    13       13      N       -1.1414   -6.8617   -4.5815
  QMMM:    14       14      O       -3.4208   -6.5969   -4.9522
  QMMM:    15       15      O        0.8230  -10.7464   -1.3768
  QMMM:    16       16      O        1.6185   -8.5026   -1.5858
  QMMM:    17       17      P        1.0411   -9.6574   -2.5211
  QMMM:    18       18      S        1.9871  -10.1214   -4.0643
  QMMM:    19       19      S       -0.9869   -9.1335   -3.0387
  QMMM:    20       20      H       -3.8014   -1.6459   -4.3854
  QMMM:    21       21      H       -1.5043   -0.8260   -3.8861
  QMMM:    22       22      H       -4.2141   -4.0940   -4.7587
  QMMM:    23       23      H        0.4110   -2.4137   -3.7463
  QMMM:    24       24      H       -0.8090  -11.7529   -2.1547
  QMMM:    25       25      H        0.2403  -12.6358   -0.9203
  QMMM:    26       26      H        0.8602  -12.3879   -2.6421
  QMMM:    27       27      H        3.4441   -7.6165   -1.3561
  QMMM:    28       28      H        2.1657   -6.6115   -2.2001
  QMMM:    29       29      H        2.9793   -8.0130   -3.1009
  QMMM:    30       30      H       -2.2903   -8.5946   -4.9162
  QMMM:    31       31      H       -0.4931   -8.7145   -5.3897

           --------- Calculation Completed ----------

