            --------------------------------------------------------
                             AMBER SQM VERSION 19
 
                                     By
              Ross C. Walker, Michael F. Crowley, Scott Brozell,
                         Tim Giese, Andreas W. Goetz,
                        Tai-Sung Lee and David A. Case
 
            --------------------------------------------------------
 

--------------------------------------------------------------------------------
  QM CALCULATION INFO
--------------------------------------------------------------------------------

| QMMM: Citation for AMBER QMMM Run:
| QMMM: R.C. Walker, M.F. Crowley and D.A. Case, J. COMP. CHEM. 29:1019, 2008

QMMM: SINGLET STATE CALCULATION
QMMM: RHF CALCULATION, NO. OF DOUBLY OCCUPIED LEVELS = 31

| QMMM: *** Selected Hamiltonian *** 
| QMMM: AM1         

| QMMM: *** Parameter sets in use ***
| QMMM: C : M.J.S.DEWAR et al. JACS, 107, 3902, (1985)
| QMMM: H : M.J.S.DEWAR et al. JACS, 107, 3902, (1985)

| QMMM: *** SCF convergence criteria ***
| QMMM: Energy change                :  0.1D-09 kcal/mol
| QMMM: Error matrix |FP-PF|         :  0.1D+00 au
| QMMM: Density matrix change        :  0.5D-06
| QMMM: Maximum number of SCF cycles :     1000

| QMMM: *** Diagonalization Routine Information ***
| QMMM: Pseudo diagonalizations are allowed.
| QMMM: Auto diagonalization routine selection is in use.
| QMMM:
| QMMM: Timing diagonalization routines:
| QMMM:                              norbs =       62
| QMMM:    diag iterations used for timing =       15
| QMMM:
| QMMM:              Internal diag routine = 0.017647 seconds
| QMMM:                 Dspev diag routine = 0.063286 seconds
| QMMM:                Dspevd diag routine = 0.008924 seconds
| QMMM:                Dspevx diag routine = 0.028470 seconds
| QMMM:                 Dsyev diag routine = 0.007739 seconds
| QMMM:                Dsyevd diag routine = 0.005624 seconds
| QMMM:                Dsyevr diag routine = 0.007813 seconds
| QMMM:
| QMMM:                Pseudo diag routine = 0.002809 seconds
| QMMM:
| QMMM: Using dsyevd routine (diag_routine=6).

  QMMM: QM Region Cartesian Coordinates (*=link atom) 
  QMMM: QM_NO.   MM_NO.  ATOM         X         Y         Z
  QMMM:     1        1      C        0.4520   -0.7410    0.2810
  QMMM:     2        2      C       -7.0610   -8.7110   -3.0140
  QMMM:     3        3      C       -0.2800   -2.0450    0.5520
  QMMM:     4        4      C       -6.3260   -7.4080   -3.2890
  QMMM:     5        5      C       -1.2770   -2.3690   -0.5600
  QMMM:     6        6      C       -5.4700   -6.9880   -2.0940
  QMMM:     7        7      C       -2.0370   -3.6650   -0.2670
  QMMM:     8        8      C       -4.7180   -5.6720   -2.3180
  QMMM:     9        9      C       -3.0070   -4.0070   -1.4000
  QMMM:    10       10      C       -3.8040   -5.2920   -1.1510
  QMMM:    11       11      H        1.1610   -0.5290    1.0880
  QMMM:    12       12      H       -0.2490    0.0970    0.2170
  QMMM:    13       13      H        1.0130   -0.7930   -0.6580
  QMMM:    14       14      H       -7.6710   -8.9920   -3.8780
  QMMM:    15       15      H       -6.3560   -9.5250   -2.8170
  QMMM:    16       16      H       -7.7240   -8.6130   -2.1480
  QMMM:    17       17      H       -0.8040   -1.9700    1.5120
  QMMM:    18       18      H        0.4520   -2.8560    0.6440
  QMMM:    19       19      H       -7.0640   -6.6330   -3.5210
  QMMM:    20       20      H       -5.6940   -7.5330   -4.1760
  QMMM:    21       21      H       -0.7450   -2.4620   -1.5140
  QMMM:    22       22      H       -1.9900   -1.5420   -0.6670
  QMMM:    23       23      H       -4.7310   -7.7730   -1.8890
  QMMM:    24       24      H       -6.0980   -6.9060   -1.1990
  QMMM:    25       25      H       -2.5840   -3.5540    0.6760
  QMMM:    26       26      H       -1.3220   -4.4860   -0.1340
  QMMM:    27       27      H       -5.4440   -4.8730   -2.5060
  QMMM:    28       28      H       -4.1150   -5.7740   -3.2290
  QMMM:    29       29      H       -2.4410   -4.1310   -2.3310
  QMMM:    30       30      H       -3.6980   -3.1700   -1.5610
  QMMM:    31       31      H       -4.3900   -5.1760   -0.2330
  QMMM:    32       32      H       -3.0910   -6.1060   -0.9730

--------------------------------------------------------------------------------
  RESULTS
--------------------------------------------------------------------------------

      iter         sqm energy              rms gradient
      ----    -------------------    -----------------------
xmin    10      -72.3832 kcal/mol        0.0413 kcal/(mol*A)
xmin    20      -72.3903 kcal/mol        0.0427 kcal/(mol*A)
xmin    30      -72.3918 kcal/mol        0.0281 kcal/(mol*A)
xmin    40      -72.3921 kcal/mol        0.0016 kcal/(mol*A)
xmin    50      -72.3922 kcal/mol        0.0015 kcal/(mol*A)
xmin    60      -72.3922 kcal/mol        0.0024 kcal/(mol*A)
  ... geometry converged !
 
 Final MO eigenvalues (eV):
 -37.8959  -36.5151  -34.3481  -31.5802  -28.4697  -25.3568  -22.7361  -21.7769
 -21.2555  -21.2465  -16.9682  -16.2827  -15.2921  -15.1655  -15.0236  -14.3902
 -14.1735  -13.8589  -13.3161  -13.1065  -12.7429  -12.2307  -12.1457  -12.0860
 -11.7210  -11.6462  -11.6160  -11.2587  -11.1300  -11.1016  -11.0632    3.5767
   3.6788    3.7989    3.9462    3.9804    4.2029    4.2040    4.3232    4.3332
   4.4485    4.5481    4.6004    4.6409    4.6923    4.7730    4.7956    4.8230
   4.9193    4.9745    5.0364    5.0565    5.1188    5.1443    5.1643    5.2600
   5.2785    5.2823    5.2917    5.3600    5.3819    5.4101

 Heat of formation   =        -72.39223470 kcal/mol  (       -3.13916286 eV)

 Total SCF energy    =     -36570.75255607 kcal/mol  (    -1585.82683128 eV)
 Electronic energy   =    -204456.49872274 kcal/mol  (    -8865.89908169 eV)
 Core-core repulsion =     167885.74616667 kcal/mol  (     7280.07225041 eV)
 
    Atomic Charges for Step       1 :
  Atom    Element       Mulliken Charge
     1      C                 -0.210
     2      C                 -0.210
     3      C                 -0.159
     4      C                 -0.159
     5      C                 -0.158
     6      C                 -0.158
     7      C                 -0.158
     8      C                 -0.158
     9      C                 -0.158
    10      C                 -0.158
    11      H                  0.072
    12      H                  0.072
    13      H                  0.072
    14      H                  0.072
    15      H                  0.072
    16      H                  0.072
    17      H                  0.078
    18      H                  0.078
    19      H                  0.078
    20      H                  0.078
    21      H                  0.079
    22      H                  0.079
    23      H                  0.079
    24      H                  0.079
    25      H                  0.079
    26      H                  0.079
    27      H                  0.079
    28      H                  0.079
    29      H                  0.079
    30      H                  0.079
    31      H                  0.079
    32      H                  0.079
 Total Mulliken Charge =       0.000
 
                  X        Y        Z     TOTAL  
  QM DIPOLE    -0.000    0.000    0.000    0.000
 
 Final Structure

  QMMM: QM Region Cartesian Coordinates (*=link atom) 
  QMMM: QM_NO.   MM_NO.  ATOM         X         Y         Z
  QMMM:     1        1      C        0.3617   -0.7724    0.2964
  QMMM:     2        2      C       -7.0579   -8.6138   -2.9552
  QMMM:     3        3      C       -0.3818   -2.0562    0.5596
  QMMM:     4        4      C       -6.3112   -7.3322   -3.2203
  QMMM:     5        5      C       -1.3060   -2.4083   -0.5867
  QMMM:     6        6      C       -5.3893   -6.9785   -2.0726
  QMMM:     7        7      C       -2.0512   -3.6979   -0.3177
  QMMM:     8        8      C       -4.6422   -5.6903   -2.3428
  QMMM:     9        9      C       -2.9740   -4.0493   -1.4648
  QMMM:    10       10      C       -3.7202   -5.3383   -1.1951
  QMMM:    11       11      H        1.0367   -0.5318    1.1528
  QMMM:    12       12      H       -0.3519    0.0761    0.1607
  QMMM:    13       13      H        0.9821   -0.8583   -0.6284
  QMMM:    14       14      H       -7.7309   -8.8558   -3.8129
  QMMM:    15       15      H       -6.3463   -9.4631   -2.8147
  QMMM:    16       16      H       -7.6810   -8.5238   -2.0326
  QMMM:    17       17      H       -0.9793   -1.9589    1.5045
  QMMM:    18       18      H        0.3514   -2.8908    0.7179
  QMMM:    19       19      H       -7.0424   -6.4967   -3.3830
  QMMM:    20       20      H       -5.7115   -7.4335   -4.1634
  QMMM:    21       21      H       -0.7101   -2.5082   -1.5321
  QMMM:    22       22      H       -2.0406   -1.5754   -0.7460
  QMMM:    23       23      H       -4.6560   -7.8119   -1.9098
  QMMM:    24       24      H       -5.9873   -6.8759   -1.1289
  QMMM:    25       25      H       -2.6475   -3.5976    0.6274
  QMMM:    26       26      H       -1.3164   -4.5306   -0.1576
  QMMM:    27       27      H       -5.3757   -4.8570   -2.5050
  QMMM:    28       28      H       -4.0450   -5.7928   -3.2870
  QMMM:    29       29      H       -2.3777   -4.1506   -2.4097
  QMMM:    30       30      H       -3.7083   -3.2163   -1.6255
  QMMM:    31       31      H       -4.3173   -5.2367   -0.2506
  QMMM:    32       32      H       -2.9860   -6.1712   -1.0336

           --------- Calculation Completed ----------

