            --------------------------------------------------------
                             AMBER SQM VERSION 19
 
                                     By
              Ross C. Walker, Michael F. Crowley, Scott Brozell,
                         Tim Giese, Andreas W. Goetz,
                        Tai-Sung Lee and David A. Case
 
            --------------------------------------------------------
 

--------------------------------------------------------------------------------
  QM CALCULATION INFO
--------------------------------------------------------------------------------

| QMMM: Citation for AMBER QMMM Run:
| QMMM: R.C. Walker, M.F. Crowley and D.A. Case, J. COMP. CHEM. 29:1019, 2008

QMMM: SINGLET STATE CALCULATION
QMMM: RHF CALCULATION, NO. OF DOUBLY OCCUPIED LEVELS = 36

| QMMM: *** Selected Hamiltonian *** 
| QMMM: AM1         

| QMMM: *** Parameter sets in use ***
| QMMM: C : M.J.S.DEWAR et al. JACS, 107, 3902, (1985)
| QMMM: N : M.J.S.DEWAR et al. JACS, 107, 3902, (1985)
| QMMM: F : M.J.S.DEWAR et al. THEOCHEM, 180, 1, (1988)
| QMMM: H : M.J.S.DEWAR et al. JACS, 107, 3902, (1985)

| QMMM: *** SCF convergence criteria ***
| QMMM: Energy change                :  0.1D-09 kcal/mol
| QMMM: Error matrix |FP-PF|         :  0.1D+00 au
| QMMM: Density matrix change        :  0.5D-06
| QMMM: Maximum number of SCF cycles :     1000

| QMMM: *** Diagonalization Routine Information ***
| QMMM: Pseudo diagonalizations are allowed.
| QMMM: Auto diagonalization routine selection is in use.
| QMMM:
| QMMM: Timing diagonalization routines:
| QMMM:                              norbs =       62
| QMMM:    diag iterations used for timing =       15
| QMMM:
| QMMM:              Internal diag routine = 0.017933 seconds
| QMMM:                 Dspev diag routine = 0.022675 seconds
| QMMM:                Dspevd diag routine = 0.020615 seconds
| QMMM:                Dspevx diag routine = 0.034374 seconds
| QMMM:                 Dsyev diag routine = 0.005670 seconds
| QMMM:                Dsyevd diag routine = 0.004302 seconds
| QMMM:                Dsyevr diag routine = 0.005861 seconds
| QMMM:
| QMMM:                Pseudo diag routine = 0.001540 seconds
| QMMM:
| QMMM: Using dsyevd routine (diag_routine=6).

  QMMM: QM Region Cartesian Coordinates (*=link atom) 
  QMMM: QM_NO.   MM_NO.  ATOM         X         Y         Z
  QMMM:     1        1      C        1.8840   -1.0360   -0.1090
  QMMM:     2        2      C        2.8270   -0.2760    0.5840
  QMMM:     3        3      C        0.9250   -1.7660    0.5930
  QMMM:     4        4      C        2.8100   -0.2470    1.9780
  QMMM:     5        5      C        0.9080   -1.7360    1.9870
  QMMM:     6        6      C        1.8510   -0.9770    2.6800
  QMMM:     7        7      C        0.8410   -1.7020    4.8280
  QMMM:     8        8      C        2.8170   -0.1710    4.8190
  QMMM:     9        9      C        2.3190    1.2390    5.0220
  QMMM:    10       10      N        1.8340   -0.9470    4.0900
  QMMM:    11       11      F        3.2370    1.9730    5.6890
  QMMM:    12       12      F        2.0830    1.8540    3.8440
  QMMM:    13       13      F        1.1780    1.2610    5.7430
  QMMM:    14       14      H        1.8970   -1.0590   -1.1950
  QMMM:    15       15      H        3.5740    0.2920    0.0370
  QMMM:    16       16      H        0.1910   -2.3570    0.0540
  QMMM:    17       17      H        3.5490    0.3490    2.5080
  QMMM:    18       18      H        0.1560   -2.3090    2.5240
  QMMM:    19       19      H       -0.1270   -1.1950    4.7830
  QMMM:    20       20      H        1.1400   -1.7960    5.8750
  QMMM:    21       21      H        0.7340   -2.7030    4.4020
  QMMM:    22       22      H        3.0090   -0.6450    5.7870
  QMMM:    23       23      H        3.7580   -0.1610    4.2610

--------------------------------------------------------------------------------
  RESULTS
--------------------------------------------------------------------------------

      iter         sqm energy              rms gradient
      ----    -------------------    -----------------------
xmin    10     -128.6979 kcal/mol        0.8310 kcal/(mol*A)
xmin    20     -128.8210 kcal/mol        0.6606 kcal/(mol*A)
xmin    30     -129.0426 kcal/mol        1.5971 kcal/(mol*A)
xmin    40     -129.1438 kcal/mol        0.5205 kcal/(mol*A)
xmin    50     -129.2349 kcal/mol        0.1060 kcal/(mol*A)
xmin    60     -129.2999 kcal/mol        0.5234 kcal/(mol*A)
xmin    70     -129.4779 kcal/mol        0.9205 kcal/(mol*A)
xmin    80     -129.7163 kcal/mol        0.2641 kcal/(mol*A)
xmin    90     -129.7377 kcal/mol        0.0735 kcal/(mol*A)
xmin   100     -129.7415 kcal/mol        0.0630 kcal/(mol*A)
xmin   110     -129.7419 kcal/mol        0.0209 kcal/(mol*A)
xmin   120     -129.7419 kcal/mol        0.0123 kcal/(mol*A)
xmin   130     -129.7419 kcal/mol        0.0012 kcal/(mol*A)
  ... geometry converged !
 
 Final MO eigenvalues (eV):
 -51.8017  -48.5420  -48.4956  -40.2864  -37.6235  -31.9033  -31.2618  -30.0496
 -26.6364  -24.3998  -23.0962  -22.0204  -19.5200  -19.3773  -18.8248  -18.3057
 -16.8395  -16.7442  -15.5502  -15.4764  -15.2142  -15.1242  -14.8297  -14.5856
 -14.4334  -14.3075  -14.2552  -13.7442  -13.4053  -13.1856  -12.9179  -12.4957
 -12.0082  -10.7910   -9.8776   -8.8168    0.3048    0.3849    1.4345    2.1073
   2.7294    2.8508    3.2830    3.4890    3.6175    3.6933    3.8022    3.8446
   3.9119    3.9819    4.0366    4.2891    4.2988    4.3891    4.5801    4.8889
   5.1099    5.3447    5.5598    5.6236    5.8075    6.1671

 Heat of formation   =       -129.74194831 kcal/mol  (       -5.62603306 eV)

 Total SCF energy    =     -68095.80357270 kcal/mol  (    -2952.85562520 eV)
 Electronic energy   =    -317212.47522777 kcal/mol  (   -13755.36512848 eV)
 Core-core repulsion =     249116.67165507 kcal/mol  (    10802.50950328 eV)
 
    Atomic Charges for Step       1 :
  Atom    Element       Mulliken Charge
     1      C                 -0.154
     2      C                 -0.103
     3      C                 -0.104
     4      C                 -0.163
     5      C                 -0.175
     6      C                  0.064
     7      C                 -0.088
     8      C                 -0.052
     9      C                  0.387
    10      N                 -0.274
    11      F                 -0.176
    12      F                 -0.163
    13      F                 -0.166
    14      H                  0.134
    15      H                  0.134
    16      H                  0.132
    17      H                  0.144
    18      H                  0.134
    19      H                  0.100
    20      H                  0.096
    21      H                  0.056
    22      H                  0.110
    23      H                  0.128
 Total Mulliken Charge =      -0.000
 
                  X        Y        Z     TOTAL  
  QM DIPOLE    -0.045   -3.037   -0.787    3.137
 
 Final Structure

  QMMM: QM Region Cartesian Coordinates (*=link atom) 
  QMMM: QM_NO.   MM_NO.  ATOM         X         Y         Z
  QMMM:     1        1      C        1.9014   -1.1970   -0.1845
  QMMM:     2        2      C        2.5672   -0.1454    0.4444
  QMMM:     3        3      C        1.1381   -2.0780    0.5778
  QMMM:     4        4      C        2.4756    0.0309    1.8203
  QMMM:     5        5      C        1.0406   -1.9246    1.9580
  QMMM:     6        6      C        1.7075   -0.8613    2.6051
  QMMM:     7        7      C        0.5415   -1.3291    4.7118
  QMMM:     8        8      C        2.7769   -0.3642    4.7345
  QMMM:     9        9      C        2.7661    1.0777    5.3802
  QMMM:    10       10      N        1.5820   -0.6403    3.9966
  QMMM:    11       11      F        3.8940    1.3027    6.1309
  QMMM:    12       12      F        2.7366    2.1080    4.4800
  QMMM:    13       13      F        1.7253    1.3125    6.2384
  QMMM:    14       14      H        1.9764   -1.3273   -1.2732
  QMMM:    15       15      H        3.1670    0.5594   -0.1514
  QMMM:    16       16      H        0.6076   -2.9094    0.0892
  QMMM:    17       17      H        2.9868    0.8845    2.2942
  QMMM:    18       18      H        0.4361   -2.6421    2.5327
  QMMM:    19       19      H       -0.4172   -1.2494    4.1345
  QMMM:    20       20      H        0.4064   -0.8294    5.7091
  QMMM:    21       21      H        0.7791   -2.4155    4.8782
  QMMM:    22       22      H        2.9083   -1.0771    5.5971
  QMMM:    23       23      H        3.6917   -0.4005    4.0801

           --------- Calculation Completed ----------

