            --------------------------------------------------------
                             AMBER SQM VERSION 19
 
                                     By
              Ross C. Walker, Michael F. Crowley, Scott Brozell,
                         Tim Giese, Andreas W. Goetz,
                        Tai-Sung Lee and David A. Case
 
            --------------------------------------------------------
 

--------------------------------------------------------------------------------
  QM CALCULATION INFO
--------------------------------------------------------------------------------

| QMMM: Citation for AMBER QMMM Run:
| QMMM: R.C. Walker, M.F. Crowley and D.A. Case, J. COMP. CHEM. 29:1019, 2008

QMMM: SINGLET STATE CALCULATION
QMMM: RHF CALCULATION, NO. OF DOUBLY OCCUPIED LEVELS = 13

| QMMM: *** Selected Hamiltonian *** 
| QMMM: AM1         

| QMMM: *** Parameter sets in use ***
| QMMM: C : M.J.S.DEWAR et al. JACS, 107, 3902, (1985)
| QMMM: F : M.J.S.DEWAR et al. THEOCHEM, 180, 1, (1988)
| QMMM: H : M.J.S.DEWAR et al. JACS, 107, 3902, (1985)

| QMMM: *** SCF convergence criteria ***
| QMMM: Energy change                :  0.1D-09 kcal/mol
| QMMM: Error matrix |FP-PF|         :  0.1D+00 au
| QMMM: Density matrix change        :  0.5D-06
| QMMM: Maximum number of SCF cycles :     1000

| QMMM: *** Diagonalization Routine Information ***
| QMMM: Pseudo diagonalizations are allowed.
| QMMM: Auto diagonalization routine selection is in use.
| QMMM:
| QMMM: Timing diagonalization routines:
| QMMM:                              norbs =       20
| QMMM:    diag iterations used for timing =       20
| QMMM:
| QMMM:              Internal diag routine = 0.000652 seconds
| QMMM:                 Dspev diag routine = 0.001051 seconds
| QMMM:                Dspevd diag routine = 0.000935 seconds
| QMMM:                Dspevx diag routine = 0.008554 seconds
| QMMM:                 Dsyev diag routine = 0.000987 seconds
| QMMM:                Dsyevd diag routine = 0.000909 seconds
| QMMM:                Dsyevr diag routine = 0.002718 seconds
| QMMM:
| QMMM:                Pseudo diag routine = 0.000169 seconds
| QMMM:
| QMMM: Using internal diagonalization routine (diag_routine=1).

  QMMM: QM Region Cartesian Coordinates (*=link atom) 
  QMMM: QM_NO.   MM_NO.  ATOM         X         Y         Z
  QMMM:     1        1      C       -0.2180    0.5510    0.9190
  QMMM:     2        2      C        0.4580   -0.0920    2.1030
  QMMM:     3        3      F        0.2140    0.6400    3.2170
  QMMM:     4        4      F        1.8010   -0.0870    1.9150
  QMMM:     5        5      H        0.1430    1.5770    0.7880
  QMMM:     6        6      H       -0.0000    0.0000    0.0000
  QMMM:     7        7      H       -1.3010    0.5950    1.0670
  QMMM:     8        8      H        0.1240   -1.1190    2.2690

--------------------------------------------------------------------------------
  RESULTS
--------------------------------------------------------------------------------

      iter         sqm energy              rms gradient
      ----    -------------------    -----------------------
xmin    10     -118.6653 kcal/mol        0.0102 kcal/(mol*A)
xmin    20     -118.6653 kcal/mol        0.0018 kcal/(mol*A)
  ... geometry converged !
 
 Final MO eigenvalues (eV):
 -50.4384  -47.7792  -32.1414  -24.1763  -18.6379  -18.1166  -17.2523  -14.7346
 -14.1960  -13.9440  -13.7731  -13.2865  -11.9256    2.7796    3.0885    3.3839
   3.6843    4.3357    4.3987    4.4393

 Heat of formation   =       -118.66531290 kcal/mol  (       -5.14571410 eV)

 Total SCF energy    =     -29574.35764508 kcal/mol  (    -1282.44038182 eV)
 Electronic energy   =     -71053.20324857 kcal/mol  (    -3081.09809846 eV)
 Core-core repulsion =      41478.84560349 kcal/mol  (     1798.65771664 eV)
 
    Atomic Charges for Step       1 :
  Atom    Element       Mulliken Charge
     1      C                 -0.270
     2      C                  0.217
     3      F                 -0.178
     4      F                 -0.178
     5      H                  0.106
     6      H                  0.101
     7      H                  0.101
     8      H                  0.100
 Total Mulliken Charge =      -0.000
 
                  X        Y        Z     TOTAL  
  QM DIPOLE    -1.558   -0.748   -1.477    2.273
 
 Final Structure

  QMMM: QM Region Cartesian Coordinates (*=link atom) 
  QMMM: QM_NO.   MM_NO.  ATOM         X         Y         Z
  QMMM:     1        1      C       -0.2321    0.5674    0.8950
  QMMM:     2        2      C        0.4622   -0.0800    2.0993
  QMMM:     3        3      F        0.2688    0.6337    3.2629
  QMMM:     4        4      F        1.8352   -0.0843    1.9738
  QMMM:     5        5      H        0.1312    1.6123    0.7549
  QMMM:     6        6      H       -0.0048   -0.0256   -0.0207
  QMMM:     7        7      H       -1.3323    0.5824    1.0715
  QMMM:     8        8      H        0.0928   -1.1409    2.2413

           --------- Calculation Completed ----------

