            --------------------------------------------------------
                             AMBER SQM VERSION 19
 
                                     By
              Ross C. Walker, Michael F. Crowley, Scott Brozell,
                         Tim Giese, Andreas W. Goetz,
                        Tai-Sung Lee and David A. Case
 
            --------------------------------------------------------
 

--------------------------------------------------------------------------------
  QM CALCULATION INFO
--------------------------------------------------------------------------------

| QMMM: Citation for AMBER QMMM Run:
| QMMM: R.C. Walker, M.F. Crowley and D.A. Case, J. COMP. CHEM. 29:1019, 2008

QMMM: SINGLET STATE CALCULATION
QMMM: RHF CALCULATION, NO. OF DOUBLY OCCUPIED LEVELS = 24

| QMMM: *** Selected Hamiltonian *** 
| QMMM: AM1         

| QMMM: *** Parameter sets in use ***
| QMMM: C : M.J.S.DEWAR et al. JACS, 107, 3902, (1985)
| QMMM: N : M.J.S.DEWAR et al. JACS, 107, 3902, (1985)
| QMMM: O : M.J.S.DEWAR et al. JACS, 107, 3902, (1985)
| QMMM: H : M.J.S.DEWAR et al. JACS, 107, 3902, (1985)

| QMMM: *** SCF convergence criteria ***
| QMMM: Energy change                :  0.1D-09 kcal/mol
| QMMM: Error matrix |FP-PF|         :  0.1D+00 au
| QMMM: Density matrix change        :  0.5D-06
| QMMM: Maximum number of SCF cycles :     1000

| QMMM: *** Diagonalization Routine Information ***
| QMMM: Pseudo diagonalizations are allowed.
| QMMM: Auto diagonalization routine selection is in use.
| QMMM:
| QMMM: Timing diagonalization routines:
| QMMM:                              norbs =       45
| QMMM:    diag iterations used for timing =       20
| QMMM:
| QMMM:              Internal diag routine = 0.010845 seconds
| QMMM:                 Dspev diag routine = 0.016611 seconds
| QMMM:                Dspevd diag routine = 0.010430 seconds
| QMMM:                Dspevx diag routine = 0.033493 seconds
| QMMM:                 Dsyev diag routine = 0.005595 seconds
| QMMM:                Dsyevd diag routine = 0.004357 seconds
| QMMM:                Dsyevr diag routine = 0.006197 seconds
| QMMM:
| QMMM:                Pseudo diag routine = 0.001475 seconds
| QMMM:
| QMMM: Using dsyevd routine (diag_routine=6).

  QMMM: QM Region Cartesian Coordinates (*=link atom) 
  QMMM: QM_NO.   MM_NO.  ATOM         X         Y         Z
  QMMM:     1        1      C        1.8850   -1.0380   -0.1090
  QMMM:     2        2      C        0.8180   -0.4410    0.5630
  QMMM:     3        3      C        2.9350   -1.6040    0.6140
  QMMM:     4        4      C        0.8010   -0.4100    1.9570
  QMMM:     5        5      C        2.9180   -1.5730    2.0080
  QMMM:     6        6      C        1.8510   -0.9770    2.6800
  QMMM:     7        7      C        1.1870   -2.0310    4.7060
  QMMM:     8        8      N        3.9880   -2.1500    2.7270
  QMMM:     9        9      O        1.8150   -0.9360    4.0420
  QMMM:    10       10      H        1.8980   -1.0610   -1.1950
  QMMM:    11       11      H        0.0000   -0.0000   -0.0000
  QMMM:    12       12      H        3.7610   -2.0660    0.0800
  QMMM:    13       13      H       -0.0340    0.0560    2.4740
  QMMM:    14       14      H        1.9020   -2.8490    4.8190
  QMMM:    15       15      H        0.3240   -2.3640    4.1240
  QMMM:    16       16      H        0.8530   -1.7030    5.6930
  QMMM:    17       17      H        4.5480   -2.8510    2.2870
  QMMM:    18       18      H        4.1070   -1.9160    3.6910

--------------------------------------------------------------------------------
  RESULTS
--------------------------------------------------------------------------------

      iter         sqm energy              rms gradient
      ----    -------------------    -----------------------
xmin    10      -15.6671 kcal/mol        0.9841 kcal/(mol*A)
xmin    20      -15.9353 kcal/mol        0.2373 kcal/(mol*A)
xmin    30      -16.0289 kcal/mol        0.6991 kcal/(mol*A)
xmin    40      -16.0850 kcal/mol        0.2474 kcal/(mol*A)
xmin    50      -16.1254 kcal/mol        0.2860 kcal/(mol*A)
xmin    60      -16.1576 kcal/mol        0.2914 kcal/(mol*A)
xmin    70      -16.2030 kcal/mol        0.6796 kcal/(mol*A)
xmin    80      -16.2504 kcal/mol        0.2187 kcal/(mol*A)
xmin    90      -16.2743 kcal/mol        0.0579 kcal/(mol*A)
xmin   100      -16.2868 kcal/mol        0.0590 kcal/(mol*A)
xmin   110      -16.2933 kcal/mol        0.1455 kcal/(mol*A)
xmin   120      -16.3035 kcal/mol        0.1376 kcal/(mol*A)
xmin   130      -16.3107 kcal/mol        0.0547 kcal/(mol*A)
xmin   140      -16.3129 kcal/mol        0.0218 kcal/(mol*A)
xmin   150      -16.3142 kcal/mol        0.0269 kcal/(mol*A)
xmin   160      -16.3149 kcal/mol        0.0689 kcal/(mol*A)
xmin   170      -16.3160 kcal/mol        0.0423 kcal/(mol*A)
xmin   180      -16.3167 kcal/mol        0.0429 kcal/(mol*A)
xmin   190      -16.3174 kcal/mol        0.0262 kcal/(mol*A)
xmin   200      -16.3180 kcal/mol        0.0546 kcal/(mol*A)
xmin   210      -16.3186 kcal/mol        0.0357 kcal/(mol*A)
xmin   220      -16.3189 kcal/mol        0.0409 kcal/(mol*A)
xmin   230      -16.3194 kcal/mol        0.0427 kcal/(mol*A)
xmin   240      -16.3199 kcal/mol        0.0465 kcal/(mol*A)
xmin   250      -16.3204 kcal/mol        0.0353 kcal/(mol*A)
xmin   260      -16.3211 kcal/mol        0.0225 kcal/(mol*A)
xmin   270      -16.3218 kcal/mol        0.0813 kcal/(mol*A)
xmin   280      -16.3225 kcal/mol        0.0306 kcal/(mol*A)
xmin   290      -16.3233 kcal/mol        0.0345 kcal/(mol*A)
xmin   300      -16.3243 kcal/mol        0.0345 kcal/(mol*A)
xmin   310      -16.3258 kcal/mol        0.0994 kcal/(mol*A)
xmin   320      -16.3275 kcal/mol        0.0604 kcal/(mol*A)
xmin   330      -16.3298 kcal/mol        0.0755 kcal/(mol*A)
xmin   340      -16.3336 kcal/mol        0.2172 kcal/(mol*A)
xmin   350      -16.3367 kcal/mol        0.2646 kcal/(mol*A)
xmin   360      -16.3418 kcal/mol        0.0830 kcal/(mol*A)
xmin   370      -16.3472 kcal/mol        0.3860 kcal/(mol*A)
xmin   380      -16.3590 kcal/mol        0.0656 kcal/(mol*A)
xmin   390      -16.3732 kcal/mol        0.1243 kcal/(mol*A)
xmin   400      -16.4546 kcal/mol        0.1923 kcal/(mol*A)
xmin   410      -16.5375 kcal/mol        0.2842 kcal/(mol*A)
xmin   420      -16.6232 kcal/mol        0.3502 kcal/(mol*A)
xmin   430      -16.6630 kcal/mol        0.1392 kcal/(mol*A)
xmin   440      -16.7139 kcal/mol        0.1512 kcal/(mol*A)
xmin   450      -16.7510 kcal/mol        0.1150 kcal/(mol*A)
xmin   460      -16.7676 kcal/mol        0.1068 kcal/(mol*A)
xmin   470      -16.7816 kcal/mol        0.0940 kcal/(mol*A)
xmin   480      -16.7896 kcal/mol        0.0788 kcal/(mol*A)
xmin   490      -16.7984 kcal/mol        0.1275 kcal/(mol*A)
xmin   500      -16.8068 kcal/mol        0.0547 kcal/(mol*A)
xmin   510      -16.8145 kcal/mol        0.2149 kcal/(mol*A)
xmin   520      -16.8248 kcal/mol        0.0884 kcal/(mol*A)
xmin   530      -16.8321 kcal/mol        0.0835 kcal/(mol*A)
xmin   540      -16.8388 kcal/mol        0.1202 kcal/(mol*A)
xmin   550      -16.8478 kcal/mol        0.1165 kcal/(mol*A)
xmin   560      -16.8554 kcal/mol        0.0970 kcal/(mol*A)
xmin   570      -16.8612 kcal/mol        0.1032 kcal/(mol*A)
xmin   580      -16.8659 kcal/mol        0.0864 kcal/(mol*A)
xmin   590      -16.8737 kcal/mol        0.0710 kcal/(mol*A)
xmin   600      -16.8769 kcal/mol        0.0548 kcal/(mol*A)
xmin   610      -16.8815 kcal/mol        0.0715 kcal/(mol*A)
xmin   620      -16.8851 kcal/mol        0.0326 kcal/(mol*A)
xmin   630      -16.8872 kcal/mol        0.0787 kcal/(mol*A)
xmin   640      -16.8895 kcal/mol        0.1112 kcal/(mol*A)
xmin   650      -16.8912 kcal/mol        0.0382 kcal/(mol*A)
xmin   660      -16.8924 kcal/mol        0.0491 kcal/(mol*A)
xmin   670      -16.8933 kcal/mol        0.0308 kcal/(mol*A)
xmin   680      -16.8938 kcal/mol        0.0103 kcal/(mol*A)
xmin   690      -16.8943 kcal/mol        0.0094 kcal/(mol*A)
xmin   700      -16.8946 kcal/mol        0.0103 kcal/(mol*A)
xmin   710      -16.8949 kcal/mol        0.0306 kcal/(mol*A)
xmin   720      -16.8950 kcal/mol        0.0271 kcal/(mol*A)
xmin   730      -16.8951 kcal/mol        0.0093 kcal/(mol*A)
xmin   740      -16.8951 kcal/mol        0.0053 kcal/(mol*A)
xmin   750      -16.8952 kcal/mol        0.0062 kcal/(mol*A)
xmin   760      -16.8953 kcal/mol        0.0056 kcal/(mol*A)
xmin   770      -16.8953 kcal/mol        0.0036 kcal/(mol*A)
xmin   780      -16.8953 kcal/mol        0.0130 kcal/(mol*A)
xmin   790      -16.8953 kcal/mol        0.0083 kcal/(mol*A)
xmin   800      -16.8954 kcal/mol        0.0034 kcal/(mol*A)
xmin   810      -16.8954 kcal/mol        0.0130 kcal/(mol*A)
xmin   820      -16.8954 kcal/mol        0.0057 kcal/(mol*A)
xmin   830      -16.8954 kcal/mol        0.0008 kcal/(mol*A)
xmin   840      -16.8954 kcal/mol        0.0006 kcal/(mol*A)
xmin   850      -16.8954 kcal/mol        0.0022 kcal/(mol*A)
  ... geometry converged !
 
 Final MO eigenvalues (eV):
 -40.3258  -37.8324  -35.1939  -30.7596  -29.2499  -27.5173  -22.9055  -22.6132
 -18.6964  -17.5917  -17.4018  -16.3689  -15.6782  -15.4002  -14.6782  -14.1713
 -13.6735  -13.0166  -12.3584  -12.2077  -11.5634  -11.4520   -9.3701   -8.3250
   0.5444    0.5941    2.5759    2.9223    3.1813    3.8582    3.9556    4.1310
   4.1625    4.2791    4.3721    4.4244    4.7459    4.9087    5.1218    5.4594
   5.7460    5.8320    6.0937    6.3866    6.5894

 Heat of formation   =        -16.89538443 kcal/mol  (       -0.73263885 eV)

 Total SCF energy    =     -35680.14658193 kcal/mol  (    -1547.20725823 eV)
 Electronic energy   =    -161018.88778866 kcal/mol  (    -6982.30292653 eV)
 Core-core repulsion =     125338.74120672 kcal/mol  (     5435.09566830 eV)
 
    Atomic Charges for Step       1 :
  Atom    Element       Mulliken Charge
     1      C                 -0.119
     2      C                 -0.144
     3      C                 -0.167
     4      C                 -0.156
     5      C                  0.039
     6      C                  0.011
     7      C                 -0.069
     8      N                 -0.313
     9      O                 -0.229
    10      H                  0.131
    11      H                  0.132
    12      H                  0.134
    13      H                  0.135
    14      H                  0.067
    15      H                  0.077
    16      H                  0.100
    17      H                  0.178
    18      H                  0.193
 Total Mulliken Charge =      -0.000
 
                  X        Y        Z     TOTAL  
  QM DIPOLE    -0.589   -0.617    0.325    0.912
 
 Final Structure

  QMMM: QM Region Cartesian Coordinates (*=link atom) 
  QMMM: QM_NO.   MM_NO.  ATOM         X         Y         Z
  QMMM:     1        1      C        1.9905   -1.1602   -0.1018
  QMMM:     2        2      C        0.7666   -1.1386    0.5604
  QMMM:     3        3      C        3.1718   -1.3895    0.5971
  QMMM:     4        4      C        0.7171   -1.3590    1.9360
  QMMM:     5        5      C        3.1623   -1.5961    1.9933
  QMMM:     6        6      C        1.8940   -1.5940    2.6471
  QMMM:     7        7      C        0.8226   -1.3664    4.7570
  QMMM:     8        8      N        4.3614   -1.7168    2.7066
  QMMM:     9        9      O        1.9075   -1.8950    4.0030
  QMMM:    10       10      H        2.0302   -0.9932   -1.1885
  QMMM:    11       11      H       -0.1626   -0.9530    0.0037
  QMMM:    12       12      H        4.1286   -1.3962    0.0531
  QMMM:    13       13      H       -0.2511   -1.3521    2.4566
  QMMM:    14       14      H       -0.1022   -1.9645    4.5668
  QMMM:    15       15      H        0.6474   -0.2905    4.5166
  QMMM:    16       16      H        1.1542   -1.4880    5.8192
  QMMM:    17       17      H        5.0778   -2.1924    2.2021
  QMMM:    18       18      H        4.2411   -2.0685    3.6326

           --------- Calculation Completed ----------

