            --------------------------------------------------------
                             AMBER SQM VERSION 19
 
                                     By
              Ross C. Walker, Michael F. Crowley, Scott Brozell,
                         Tim Giese, Andreas W. Goetz,
                        Tai-Sung Lee and David A. Case
 
            --------------------------------------------------------
 

--------------------------------------------------------------------------------
  QM CALCULATION INFO
--------------------------------------------------------------------------------

| QMMM: Citation for AMBER QMMM Run:
| QMMM: R.C. Walker, M.F. Crowley and D.A. Case, J. COMP. CHEM. 29:1019, 2008

QMMM: SINGLET STATE CALCULATION
QMMM: RHF CALCULATION, NO. OF DOUBLY OCCUPIED LEVELS = 20

| QMMM: *** Selected Hamiltonian *** 
| QMMM: AM1         

| QMMM: *** Parameter sets in use ***
| QMMM: C : M.J.S.DEWAR et al. JACS, 107, 3902, (1985)
| QMMM: H : M.J.S.DEWAR et al. JACS, 107, 3902, (1985)

| QMMM: *** SCF convergence criteria ***
| QMMM: Energy change                :  0.1D-09 kcal/mol
| QMMM: Error matrix |FP-PF|         :  0.1D+00 au
| QMMM: Density matrix change        :  0.5D-06
| QMMM: Maximum number of SCF cycles :     1000

| QMMM: *** Diagonalization Routine Information ***
| QMMM: Pseudo diagonalizations are allowed.
| QMMM: Auto diagonalization routine selection is in use.
| QMMM:
| QMMM: Timing diagonalization routines:
| QMMM:                              norbs =       40
| QMMM:    diag iterations used for timing =       20
| QMMM:
| QMMM:              Internal diag routine = 0.013411 seconds
| QMMM:                 Dspev diag routine = 0.005028 seconds
| QMMM:                Dspevd diag routine = 0.004300 seconds
| QMMM:                Dspevx diag routine = 0.015226 seconds
| QMMM:                 Dsyev diag routine = 0.004286 seconds
| QMMM:                Dsyevd diag routine = 0.003570 seconds
| QMMM:                Dsyevr diag routine = 0.004556 seconds
| QMMM:
| QMMM:                Pseudo diag routine = 0.001059 seconds
| QMMM:
| QMMM: Using dsyevd routine (diag_routine=6).

  QMMM: QM Region Cartesian Coordinates (*=link atom) 
  QMMM: QM_NO.   MM_NO.  ATOM         X         Y         Z
  QMMM:     1        1      C        1.7770    0.4550   -1.0850
  QMMM:     2        2      C        2.2250    1.2890   -2.0400
  QMMM:     3        3      C        0.3710   -0.0660   -1.0290
  QMMM:     4        4      C        1.3430    1.7500   -3.1740
  QMMM:     5        5      C       -0.5880    0.6850   -1.9520
  QMMM:     6        6      C        0.0500    0.9430   -3.3120
  QMMM:     7        7      C        3.6290    1.8160   -2.0380
  QMMM:     8        8      H        2.4520    0.1320   -0.2970
  QMMM:     9        9      H        0.3860   -1.1290   -1.2960
  QMMM:    10       10      H       -0.0000    0.0000    0.0000
  QMMM:    11       11      H        1.0980    2.8070   -3.0140
  QMMM:    12       12      H        1.8940    1.6870   -4.1210
  QMMM:    13       13      H       -1.5120    0.1090   -2.0710
  QMMM:    14       14      H       -0.8670    1.6420   -1.4930
  QMMM:    15       15      H       -0.6510    1.4780   -3.9630
  QMMM:    16       16      H        0.2660   -0.0170   -3.7990
  QMMM:    17       17      H        4.1710    1.4010   -1.1910
  QMMM:    18       18      H        3.6100    2.9010   -1.9620
  QMMM:    19       19      H        4.1250    1.5320   -2.9640

--------------------------------------------------------------------------------
  RESULTS
--------------------------------------------------------------------------------

      iter         sqm energy              rms gradient
      ----    -------------------    -----------------------
xmin    10      -17.9305 kcal/mol        0.0763 kcal/(mol*A)
xmin    20      -17.9415 kcal/mol        0.0381 kcal/(mol*A)
xmin    30      -17.9456 kcal/mol        0.0781 kcal/(mol*A)
xmin    40      -17.9464 kcal/mol        0.0618 kcal/(mol*A)
xmin    50      -17.9467 kcal/mol        0.0083 kcal/(mol*A)
xmin    60      -17.9468 kcal/mol        0.0032 kcal/(mol*A)
xmin    70      -17.9469 kcal/mol        0.0012 kcal/(mol*A)
  ... geometry converged !
 
 Final MO eigenvalues (eV):
 -39.0324  -33.3970  -31.4787  -27.2683  -23.7816  -22.1649  -18.0347  -16.3597
 -15.3673  -14.9055  -14.4906  -13.9064  -13.4227  -12.9999  -12.6070  -12.5341
 -11.4125  -11.2600  -11.0365   -9.2136    1.2570    3.7943    3.8545    3.9352
   4.2999    4.4081    4.4337    4.4693    4.6601    4.6892    4.7096    4.8728
   4.9365    4.9607    4.9927    5.1483    5.3183    5.3920    5.8490    6.1498


 Heat of formation   =        -17.94687804 kcal/mol  (       -0.77823503 eV)

 Total SCF energy    =     -24496.08809264 kcal/mol  (    -1062.23008944 eV)
 Electronic energy   =    -116506.97976572 kcal/mol  (    -5052.12175386 eV)
 Core-core repulsion =      92010.89167308 kcal/mol  (     3989.89166442 eV)
 
    Atomic Charges for Step       1 :
  Atom    Element       Mulliken Charge
     1      C                 -0.168
     2      C                 -0.111
     3      C                 -0.126
     4      C                 -0.124
     5      C                 -0.154
     6      C                 -0.154
     7      C                 -0.179
     8      H                  0.120
     9      H                  0.086
    10      H                  0.084
    11      H                  0.086
    12      H                  0.085
    13      H                  0.078
    14      H                  0.081
    15      H                  0.078
    16      H                  0.081
    17      H                  0.077
    18      H                  0.080
    19      H                  0.080
 Total Mulliken Charge =       0.000
 
                  X        Y        Z     TOTAL  
  QM DIPOLE    -0.024    0.081   -0.145    0.168
 
 Final Structure

  QMMM: QM Region Cartesian Coordinates (*=link atom) 
  QMMM: QM_NO.   MM_NO.  ATOM         X         Y         Z
  QMMM:     1        1      C        1.7568    0.4643   -1.0799
  QMMM:     2        2      C        2.2098    1.2832   -2.0408
  QMMM:     3        3      C        0.3717   -0.0609   -1.0311
  QMMM:     4        4      C        1.3382    1.7716   -3.1466
  QMMM:     5        5      C       -0.5725    0.6868   -1.9525
  QMMM:     6        6      C        0.0719    0.9518   -3.2965
  QMMM:     7        7      C        3.6055    1.7806   -2.0671
  QMMM:     8        8      H        2.4184    0.1225   -0.2679
  QMMM:     9        9      H        0.3932   -1.1487   -1.3166
  QMMM:    10       10      H       -0.0138   -0.0046    0.0223
  QMMM:    11       11      H        1.0708    2.8438   -2.9393
  QMMM:    12       12      H        1.9103    1.7539   -4.1125
  QMMM:    13       13      H       -1.5108    0.0902   -2.0927
  QMMM:    14       14      H       -0.8614    1.6625   -1.4807
  QMMM:    15       15      H       -0.6481    1.4959   -3.9614
  QMMM:    16       16      H        0.3147   -0.0252   -3.7911
  QMMM:    17       17      H        4.1731    1.4622   -1.1589
  QMMM:    18       18      H        3.6152    2.8981   -2.1172
  QMMM:    19       19      H        4.1359    1.3870   -2.9704

           --------- Calculation Completed ----------

