            --------------------------------------------------------
                             AMBER SQM VERSION 19
 
                                     By
              Ross C. Walker, Michael F. Crowley, Scott Brozell,
                         Tim Giese, Andreas W. Goetz,
                        Tai-Sung Lee and David A. Case
 
            --------------------------------------------------------
 

--------------------------------------------------------------------------------
  QM CALCULATION INFO
--------------------------------------------------------------------------------

| QMMM: Citation for AMBER QMMM Run:
| QMMM: R.C. Walker, M.F. Crowley and D.A. Case, J. COMP. CHEM. 29:1019, 2008

QMMM: SINGLET STATE CALCULATION
QMMM: RHF CALCULATION, NO. OF DOUBLY OCCUPIED LEVELS = 42

| QMMM: *** Selected Hamiltonian *** 
| QMMM: AM1         

| QMMM: *** Parameter sets in use ***
| QMMM: C : M.J.S.DEWAR et al. JACS, 107, 3902, (1985)
| QMMM: N : M.J.S.DEWAR et al. JACS, 107, 3902, (1985)
| QMMM: S : M.J.S.DEWAR et al. INORG. CHEM., 29, 3881, (1990)
| QMMM: H : M.J.S.DEWAR et al. JACS, 107, 3902, (1985)

| QMMM: *** SCF convergence criteria ***
| QMMM: Energy change                :  0.1D-09 kcal/mol
| QMMM: Error matrix |FP-PF|         :  0.1D+00 au
| QMMM: Density matrix change        :  0.5D-06
| QMMM: Maximum number of SCF cycles :     1000

| QMMM: *** Diagonalization Routine Information ***
| QMMM: Pseudo diagonalizations are allowed.
| QMMM: Auto diagonalization routine selection is in use.
| QMMM:
| QMMM: Timing diagonalization routines:
| QMMM:                              norbs =       77
| QMMM:    diag iterations used for timing =       15
| QMMM:
| QMMM:              Internal diag routine = 0.043252 seconds
| QMMM:                 Dspev diag routine = 0.023489 seconds
| QMMM:                Dspevd diag routine = 0.017887 seconds
| QMMM:                Dspevx diag routine = 0.050190 seconds
| QMMM:                 Dsyev diag routine = 0.013566 seconds
| QMMM:                Dsyevd diag routine = 0.025156 seconds
| QMMM:                Dsyevr diag routine = 0.019217 seconds
| QMMM:
| QMMM:                Pseudo diag routine = 0.004998 seconds
| QMMM:
| QMMM: Using dsyev routine (diag_routine=5).

  QMMM: QM Region Cartesian Coordinates (*=link atom) 
  QMMM: QM_NO.   MM_NO.  ATOM         X         Y         Z
  QMMM:     1        1      C        0.8260   -2.1460   -1.9290
  QMMM:     2        2      C        2.0360   -1.9200   -0.0450
  QMMM:     3        3      C        2.6690   -3.3720   -1.6210
  QMMM:     4        4      C       -1.3900   -1.2620   -4.7620
  QMMM:     5        5      C        1.8380   -3.0790    2.8140
  QMMM:     6        6      C        3.1860   -1.0400    3.3630
  QMMM:     7        7      C        5.1080   -4.5080   -1.0160
  QMMM:     8        8      C       -0.1290   -1.7920   -4.0980
  QMMM:     9        9      C        2.8030   -2.0300    2.2620
  QMMM:    10       10      N        0.9850   -1.5440   -0.7580
  QMMM:    11       11      N        1.6450   -3.0670   -2.4070
  QMMM:    12       12      N        2.9100   -2.8340   -0.4330
  QMMM:    13       13      N       -0.2910   -1.7500   -2.6560
  QMMM:    14       14      N        2.1880   -1.2800    1.1750
  QMMM:    15       15      S        3.7830   -4.6140   -2.2430
  QMMM:    16       16      H       -2.2630   -1.8610   -4.4810
  QMMM:    17       17      H       -1.5860   -0.2260   -4.4650
  QMMM:    18       18      H       -1.2900   -1.2920   -5.8510
  QMMM:    19       19      H        0.9030   -2.6210    3.1540
  QMMM:    20       20      H        1.5830   -3.8250    2.0530
  QMMM:    21       21      H        2.2850   -3.6100    3.6610
  QMMM:    22       22      H        2.3080   -0.5100    3.7490
  QMMM:    23       23      H        3.8840   -0.2860    2.9800
  QMMM:    24       24      H        3.6700   -1.5540    4.1990
  QMMM:    25       25      H        5.9020   -5.2080   -1.2890
  QMMM:    26       26      H        4.7420   -4.7790   -0.0220
  QMMM:    27       27      H        5.5350   -3.5010   -0.9900
  QMMM:    28       28      H        0.7250   -1.1770   -4.4100
  QMMM:    29       29      H        0.0410   -2.8190   -4.4420
  QMMM:    30       30      H        3.7260   -2.5200    1.9280
  QMMM:    31       31      H       -0.5790   -0.8550   -2.2730
  QMMM:    32       32      H        1.3040   -0.8320    1.3910

--------------------------------------------------------------------------------
  RESULTS
--------------------------------------------------------------------------------

      iter         sqm energy              rms gradient
      ----    -------------------    -----------------------
xmin    10       49.8729 kcal/mol        0.5359 kcal/(mol*A)
xmin    20       49.6554 kcal/mol        0.9234 kcal/(mol*A)
xmin    30       49.4771 kcal/mol        0.5025 kcal/(mol*A)
xmin    40       49.4097 kcal/mol        0.0545 kcal/(mol*A)
xmin    50       49.3992 kcal/mol        0.0513 kcal/(mol*A)
xmin    60       49.3965 kcal/mol        0.0283 kcal/(mol*A)
xmin    70       49.3952 kcal/mol        0.0236 kcal/(mol*A)
xmin    80       49.3950 kcal/mol        0.0073 kcal/(mol*A)
xmin    90       49.3950 kcal/mol        0.0060 kcal/(mol*A)
xmin   100       49.3949 kcal/mol        0.0011 kcal/(mol*A)
xmin   110       49.3949 kcal/mol        0.0007 kcal/(mol*A)
xmin   120       49.3949 kcal/mol        0.0009 kcal/(mol*A)
  ... geometry converged !
 
 Final MO eigenvalues (eV):
 -40.3109  -38.2494  -36.9872  -33.9125  -33.2644  -31.0937  -30.4625  -29.7421
 -27.9161  -25.3159  -24.5579  -22.9016  -21.7497  -19.7108  -18.8119  -17.0593
 -16.9851  -16.3105  -16.0179  -15.7331  -15.4223  -15.3134  -15.1950  -14.8668
 -14.4679  -14.1130  -13.5608  -13.3569  -13.2616  -13.1630  -13.0325  -12.7512
 -12.5578  -12.0340  -11.8394  -11.6162  -11.4877  -10.6463  -10.4601   -9.5661
  -9.2994   -8.6746    0.1629    0.3853    0.4078    1.3850    1.7541    2.2951
   2.7439    3.5321    3.6217    3.6931    3.8422    3.9102    3.9605    4.0067
   4.0279    4.0667    4.0845    4.2889    4.3142    4.5346    4.5801    4.6320
   4.6830    4.7297    4.7528    4.8133    4.8817    4.9774    5.1922    5.2069
   5.9254    6.0876    6.2054    6.4518    7.4335

 Heat of formation   =         49.39492635 kcal/mol  (        2.14192474 eV)

 Total SCF energy    =     -60308.92826374 kcal/mol  (    -2615.19137348 eV)
 Electronic energy   =    -363198.75837569 kcal/mol  (   -15749.48000415 eV)
 Core-core repulsion =     302889.83011195 kcal/mol  (    13134.28863067 eV)
 
    Atomic Charges for Step       1 :
  Atom    Element       Mulliken Charge
     1      C                  0.209
     2      C                  0.208
     3      C                 -0.057
     4      C                 -0.230
     5      C                 -0.243
     6      C                 -0.221
     7      C                 -0.368
     8      C                 -0.024
     9      C                  0.015
    10      N                 -0.327
    11      N                 -0.272
    12      N                 -0.308
    13      N                 -0.290
    14      N                 -0.269
    15      S                  0.315
    16      H                  0.085
    17      H                  0.077
    18      H                  0.091
    19      H                  0.075
    20      H                  0.092
    21      H                  0.083
    22      H                  0.075
    23      H                  0.089
    24      H                  0.085
    25      H                  0.116
    26      H                  0.113
    27      H                  0.115
    28      H                  0.083
    29      H                  0.107
    30      H                  0.122
    31      H                  0.235
    32      H                  0.222
 Total Mulliken Charge =      -0.000
 
                  X        Y        Z     TOTAL  
  QM DIPOLE    -0.235    0.507    1.378    1.487
 
 Final Structure

  QMMM: QM Region Cartesian Coordinates (*=link atom) 
  QMMM: QM_NO.   MM_NO.  ATOM         X         Y         Z
  QMMM:     1        1      C        0.8505   -1.9482   -2.0311
  QMMM:     2        2      C        1.9356   -1.8849    0.0445
  QMMM:     3        3      C        2.7341   -3.2511   -1.6574
  QMMM:     4        4      C       -1.4377   -1.2213   -4.9494
  QMMM:     5        5      C        2.1878   -3.1928    2.9245
  QMMM:     6        6      C        3.0789   -0.9474    3.5150
  QMMM:     7        7      C        4.9917   -4.7026   -0.9799
  QMMM:     8        8      C       -0.2409   -1.8381   -4.2425
  QMMM:     9        9      C        2.8362   -1.9261    2.3621
  QMMM:    10       10      N        0.8936   -1.4243   -0.7451
  QMMM:    11       11      N        1.7734   -2.8592   -2.5430
  QMMM:    12       12      N        2.8729   -2.8285   -0.3684
  QMMM:    13       13      N       -0.2273   -1.5656   -2.8255
  QMMM:    14       14      N        2.0725   -1.2862    1.3039
  QMMM:    15       15      S        3.8624   -4.4007   -2.2802
  QMMM:    16       16      H       -2.3991   -1.6060   -4.5319
  QMMM:    17       17      H       -1.4329   -0.1080   -4.8632
  QMMM:    18       18      H       -1.3863   -1.4932   -6.0313
  QMMM:    19       19      H        1.2030   -2.9629    3.3969
  QMMM:    20       20      H        2.0318   -3.9503    2.1199
  QMMM:    21       21      H        2.8594   -3.6326    3.6999
  QMMM:    22       22      H        2.1198   -0.6598    4.0085
  QMMM:    23       23      H        3.5890   -0.0224    3.1548
  QMMM:    24       24      H        3.7325   -1.4446    4.2709
  QMMM:    25       25      H        5.7207   -5.4339   -1.4041
  QMMM:    26       26      H        4.5063   -5.1481   -0.0831
  QMMM:    27       27      H        5.5363   -3.7861   -0.6606
  QMMM:    28       28      H        0.7059   -1.4555   -4.7254
  QMMM:    29       29      H       -0.2619   -2.9577   -4.3845
  QMMM:    30       30      H        3.8446   -2.2076    1.9318
  QMMM:    31       31      H       -0.7687   -0.7922   -2.5079
  QMMM:    32       32      H        1.2731   -0.7764    1.6197

           --------- Calculation Completed ----------

