            --------------------------------------------------------
                             AMBER SQM VERSION 19
 
                                     By
              Ross C. Walker, Michael F. Crowley, Scott Brozell,
                         Tim Giese, Andreas W. Goetz,
                        Tai-Sung Lee and David A. Case
 
            --------------------------------------------------------
 

--------------------------------------------------------------------------------
  QM CALCULATION INFO
--------------------------------------------------------------------------------

| QMMM: Citation for AMBER QMMM Run:
| QMMM: R.C. Walker, M.F. Crowley and D.A. Case, J. COMP. CHEM. 29:1019, 2008

QMMM: SINGLET STATE CALCULATION
QMMM: RHF CALCULATION, NO. OF DOUBLY OCCUPIED LEVELS = 28

| QMMM: *** Selected Hamiltonian *** 
| QMMM: AM1         

| QMMM: *** Parameter sets in use ***
| QMMM: C : M.J.S.DEWAR et al. JACS, 107, 3902, (1985)
| QMMM: N : M.J.S.DEWAR et al. JACS, 107, 3902, (1985)
| QMMM: H : M.J.S.DEWAR et al. JACS, 107, 3902, (1985)

| QMMM: *** SCF convergence criteria ***
| QMMM: Energy change                :  0.1D-09 kcal/mol
| QMMM: Error matrix |FP-PF|         :  0.1D+00 au
| QMMM: Density matrix change        :  0.5D-06
| QMMM: Maximum number of SCF cycles :     1000

| QMMM: *** Diagonalization Routine Information ***
| QMMM: Pseudo diagonalizations are allowed.
| QMMM: Auto diagonalization routine selection is in use.
| QMMM:
| QMMM: Timing diagonalization routines:
| QMMM:                              norbs =       55
| QMMM:    diag iterations used for timing =       15
| QMMM:
| QMMM:              Internal diag routine = 0.012408 seconds
| QMMM:                 Dspev diag routine = 0.010849 seconds
| QMMM:                Dspevd diag routine = 0.015837 seconds
| QMMM:                Dspevx diag routine = 0.049108 seconds
| QMMM:                 Dsyev diag routine = 0.006381 seconds
| QMMM:                Dsyevd diag routine = 0.004589 seconds
| QMMM:                Dsyevr diag routine = 0.006137 seconds
| QMMM:
| QMMM:                Pseudo diag routine = 0.002242 seconds
| QMMM:
| QMMM: Using dsyevd routine (diag_routine=6).

  QMMM: QM Region Cartesian Coordinates (*=link atom) 
  QMMM: QM_NO.   MM_NO.  ATOM         X         Y         Z
  QMMM:     1        1      C        3.4280    0.0980   -2.2480
  QMMM:     2        2      C       -3.4350    6.3890   -5.7320
  QMMM:     3        3      C        2.6490    1.3740   -1.9720
  QMMM:     4        4      C       -2.5370    6.0480   -4.5540
  QMMM:     5        5      C        1.7010    1.7130   -3.1220
  QMMM:     6        6      C       -1.6920    4.8050   -4.8340
  QMMM:     7        7      C        0.8960    2.9760   -2.8210
  QMMM:     8        8      C       -0.7660    4.4900   -3.6600
  QMMM:     9        9      N        0.0140    3.2930   -3.9380
  QMMM:    10       10      H        4.0990   -0.1240   -1.4130
  QMMM:    11       11      H        2.7520   -0.7540   -2.3770
  QMMM:    12       12      H        4.0340    0.1970   -3.1540
  QMMM:    13       13      H       -4.0300    7.2800   -5.5100
  QMMM:    14       14      H       -2.8440    6.5910   -6.6310
  QMMM:    15       15      H       -4.1240    5.5670   -5.9520
  QMMM:    16       16      H        2.0790    1.2540   -1.0430
  QMMM:    17       17      H        3.3540    2.1990   -1.8150
  QMMM:    18       18      H       -1.8830    6.9020   -4.3410
  QMMM:    19       19      H       -3.1570    5.8840   -3.6650
  QMMM:    20       20      H        2.2800    1.8520   -4.0440
  QMMM:    21       21      H        1.0190    0.8690   -3.2940
  QMMM:    22       22      H       -2.3520    3.9500   -5.0270
  QMMM:    23       23      H       -1.0980    4.9650   -5.7440
  QMMM:    24       24      H        0.2980    2.8370   -1.9140
  QMMM:    25       25      H        1.5720    3.8210   -2.6500
  QMMM:    26       26      H       -0.0880    5.3310   -3.4760
  QMMM:    27       27      H       -1.3540    4.3300   -2.7500
  QMMM:    28       28      H        0.5760    3.4440   -4.7750

--------------------------------------------------------------------------------
  RESULTS
--------------------------------------------------------------------------------

      iter         sqm energy              rms gradient
      ----    -------------------    -----------------------
xmin    10      -45.3179 kcal/mol        0.1569 kcal/(mol*A)
xmin    20      -45.3477 kcal/mol        0.1815 kcal/(mol*A)
xmin    30      -45.3572 kcal/mol        0.0221 kcal/(mol*A)
xmin    40      -45.3608 kcal/mol        0.0262 kcal/(mol*A)
xmin    50      -45.3610 kcal/mol        0.0223 kcal/(mol*A)
xmin    60      -45.3611 kcal/mol        0.0010 kcal/(mol*A)
  ... geometry converged !
 
 Final MO eigenvalues (eV):
 -38.2212  -36.1769  -34.4214  -30.4228  -27.9541  -23.9920  -22.7412  -21.9704
 -21.3621  -17.1327  -16.1886  -16.0014  -15.7976  -14.8856  -14.3933  -14.1913
 -13.7675  -13.2284  -13.1267  -12.5265  -12.1271  -11.9228  -11.8978  -11.8831
 -11.6035  -11.3342  -11.2100   -9.2937    3.1217    3.7296    3.7423    3.9385
   3.9975    4.1480    4.2114    4.2350    4.2711    4.4962    4.5138    4.5945
   4.6774    4.7382    4.8017    4.8138    4.8827    4.9612    5.0068    5.0643
   5.0700    5.1699    5.2071    5.2462    5.2666    6.2574    6.4525

 Heat of formation   =        -45.36109375 kcal/mol  (       -1.96700463 eV)

 Total SCF energy    =     -34465.65531643 kcal/mol  (    -1494.54296502 eV)
 Electronic energy   =    -179303.22411478 kcal/mol  (    -7775.17124647 eV)
 Core-core repulsion =     144837.56879835 kcal/mol  (     6280.62828144 eV)
 
    Atomic Charges for Step       1 :
  Atom    Element       Mulliken Charge
     1      C                 -0.211
     2      C                 -0.211
     3      C                 -0.158
     4      C                 -0.158
     5      C                 -0.163
     6      C                 -0.163
     7      C                 -0.072
     8      C                 -0.072
     9      N                 -0.304
    10      H                  0.073
    11      H                  0.074
    12      H                  0.072
    13      H                  0.073
    14      H                  0.072
    15      H                  0.074
    16      H                  0.080
    17      H                  0.077
    18      H                  0.077
    19      H                  0.080
    20      H                  0.077
    21      H                  0.094
    22      H                  0.094
    23      H                  0.077
    24      H                  0.088
    25      H                  0.045
    26      H                  0.045
    27      H                  0.088
    28      H                  0.150
 Total Mulliken Charge =       0.000
 
                  X        Y        Z     TOTAL  
  QM DIPOLE     0.774    0.818   -0.053    1.128
 
 Final Structure

  QMMM: QM Region Cartesian Coordinates (*=link atom) 
  QMMM: QM_NO.   MM_NO.  ATOM         X         Y         Z
  QMMM:     1        1      C        3.5274    0.2103   -2.2567
  QMMM:     2        2      C       -3.3393    6.4957   -5.7171
  QMMM:     3        3      C        2.6471    1.4025   -1.9832
  QMMM:     4        4      C       -2.4682    6.0818   -4.5592
  QMMM:     5        5      C        1.6964    1.6616   -3.1325
  QMMM:     6        6      C       -1.7275    4.7958   -4.8580
  QMMM:     7        7      C        0.8206    2.8752   -2.8282
  QMMM:     8        8      C       -0.8513    4.4043   -3.6699
  QMMM:     9        9      N       -0.1546    3.1484   -3.8650
  QMMM:    10       10      H        4.2193    0.0343   -1.3981
  QMMM:    11       11      H        2.9108   -0.7087   -2.4073
  QMMM:    12       12      H        4.1403    0.3746   -3.1758
  QMMM:    13       13      H       -3.8785    7.4437   -5.4770
  QMMM:    14       14      H       -2.7241    6.6622   -6.6342
  QMMM:    15       15      H       -4.0966    5.7063   -5.9426
  QMMM:    16       16      H        2.0593    1.2289   -1.0432
  QMMM:    17       17      H        3.2849    2.3097   -1.8107
  QMMM:    18       18      H       -1.7307    6.8968   -4.3327
  QMMM:    19       19      H       -3.1005    5.9450   -3.6422
  QMMM:    20       20      H        2.2827    1.8357   -4.0726
  QMMM:    21       21      H        1.0538    0.7583   -3.3015
  QMMM:    22       22      H       -2.4636    3.9786   -5.0768
  QMMM:    23       23      H       -1.0955    4.9310   -5.7746
  QMMM:    24       24      H        0.2491    2.6852   -1.8751
  QMMM:    25       25      H        1.4972    3.7618   -2.6356
  QMMM:    26       26      H       -0.1392    5.2580   -3.4577
  QMMM:    27       27      H       -1.5027    4.2855   -2.7574
  QMMM:    28       28      H        0.2743    3.1186   -4.7712

           --------- Calculation Completed ----------

