            --------------------------------------------------------
                             AMBER SQM VERSION 19
 
                                     By
              Ross C. Walker, Michael F. Crowley, Scott Brozell,
                         Tim Giese, Andreas W. Goetz,
                        Tai-Sung Lee and David A. Case
 
            --------------------------------------------------------
 

--------------------------------------------------------------------------------
  QM CALCULATION INFO
--------------------------------------------------------------------------------

| QMMM: Citation for AMBER QMMM Run:
| QMMM: R.C. Walker, M.F. Crowley and D.A. Case, J. COMP. CHEM. 29:1019, 2008

QMMM: SINGLET STATE CALCULATION
QMMM: RHF CALCULATION, NO. OF DOUBLY OCCUPIED LEVELS = 21

| QMMM: *** Selected Hamiltonian *** 
| QMMM: AM1         

| QMMM: *** Parameter sets in use ***
| QMMM: C : M.J.S.DEWAR et al. JACS, 107, 3902, (1985)
| QMMM: N : M.J.S.DEWAR et al. JACS, 107, 3902, (1985)
| QMMM: H : M.J.S.DEWAR et al. JACS, 107, 3902, (1985)

| QMMM: *** SCF convergence criteria ***
| QMMM: Energy change                :  0.1D-09 kcal/mol
| QMMM: Error matrix |FP-PF|         :  0.1D+00 au
| QMMM: Density matrix change        :  0.5D-06
| QMMM: Maximum number of SCF cycles :     1000

| QMMM: *** Diagonalization Routine Information ***
| QMMM: Pseudo diagonalizations are allowed.
| QMMM: Auto diagonalization routine selection is in use.
| QMMM:
| QMMM: Timing diagonalization routines:
| QMMM:                              norbs =       41
| QMMM:    diag iterations used for timing =       20
| QMMM:
| QMMM:              Internal diag routine = 0.008179 seconds
| QMMM:                 Dspev diag routine = 0.009331 seconds
| QMMM:                Dspevd diag routine = 0.009582 seconds
| QMMM:                Dspevx diag routine = 0.023549 seconds
| QMMM:                 Dsyev diag routine = 0.006506 seconds
| QMMM:                Dsyevd diag routine = 0.007088 seconds
| QMMM:                Dsyevr diag routine = 0.006597 seconds
| QMMM:
| QMMM:                Pseudo diag routine = 0.001393 seconds
| QMMM:
| QMMM: Using dsyev routine (diag_routine=5).

  QMMM: QM Region Cartesian Coordinates (*=link atom) 
  QMMM: QM_NO.   MM_NO.  ATOM         X         Y         Z
  QMMM:     1        1      C        1.2860   -0.0600    1.7330
  QMMM:     2        2      C        0.1840   -0.4390    0.9740
  QMMM:     3        3      C        1.4970   -0.6400    2.9790
  QMMM:     4        4      C       -0.6700   -1.3940    1.5010
  QMMM:     5        5      C        0.5840   -1.5860    3.4170
  QMMM:     6        6      C        1.6230   -3.4980    4.6630
  QMMM:     7        7      C        0.7790   -2.2280    4.7500
  QMMM:     8        8      N       -0.4980   -1.9790    2.7080
  QMMM:     9        9      H        1.9790    0.6850    1.3540
  QMMM:    10       10      H        0.0000   -0.0010   -0.0000
  QMMM:    11       11      H        2.3530   -0.3530    3.5810
  QMMM:    12       12      H       -1.5430   -1.7240    0.9480
  QMMM:    13       13      H        1.1490   -4.2410    4.0130
  QMMM:    14       14      H        1.7500   -3.9460    5.6540
  QMMM:    15       15      H        2.6170   -3.2820    4.2580
  QMMM:    16       16      H        1.2590   -1.5240    5.4480
  QMMM:    17       17      H       -0.1940   -2.4720    5.2040

--------------------------------------------------------------------------------
  RESULTS
--------------------------------------------------------------------------------

      iter         sqm energy              rms gradient
      ----    -------------------    -----------------------
xmin    10       19.5828 kcal/mol        0.1833 kcal/(mol*A)
xmin    20       19.5749 kcal/mol        0.0830 kcal/(mol*A)
xmin    30       19.5637 kcal/mol        0.2376 kcal/(mol*A)
xmin    40       19.5491 kcal/mol        0.0936 kcal/(mol*A)
xmin    50       19.5401 kcal/mol        0.0739 kcal/(mol*A)
xmin    60       19.5305 kcal/mol        0.1397 kcal/(mol*A)
xmin    70       19.5185 kcal/mol        0.0769 kcal/(mol*A)
xmin    80       19.5094 kcal/mol        0.1613 kcal/(mol*A)
xmin    90       19.5039 kcal/mol        0.1684 kcal/(mol*A)
xmin   100       19.4985 kcal/mol        0.2743 kcal/(mol*A)
xmin   110       19.5012 kcal/mol        0.1007 kcal/(mol*A)
xmin   120       19.4968 kcal/mol        0.0990 kcal/(mol*A)
xmin   130       19.4947 kcal/mol        0.0796 kcal/(mol*A)
xmin   140       19.4917 kcal/mol        0.0289 kcal/(mol*A)
xmin   150       19.4901 kcal/mol        0.0193 kcal/(mol*A)
xmin   160       19.4895 kcal/mol        0.0187 kcal/(mol*A)
xmin   170       19.4888 kcal/mol        0.0253 kcal/(mol*A)
xmin   180       19.4882 kcal/mol        0.0057 kcal/(mol*A)
xmin   190       19.4877 kcal/mol        0.0302 kcal/(mol*A)
xmin   200       19.4875 kcal/mol        0.0143 kcal/(mol*A)
xmin   210       19.4873 kcal/mol        0.0081 kcal/(mol*A)
xmin   220       19.4873 kcal/mol        0.0250 kcal/(mol*A)
xmin   230       19.4872 kcal/mol        0.0137 kcal/(mol*A)
xmin   240       19.4871 kcal/mol        0.0028 kcal/(mol*A)
xmin   250       19.4871 kcal/mol        0.0178 kcal/(mol*A)
xmin   260       19.4871 kcal/mol        0.0111 kcal/(mol*A)
xmin   270       19.4871 kcal/mol        0.0089 kcal/(mol*A)
xmin   280       19.4870 kcal/mol        0.0018 kcal/(mol*A)
xmin   290       19.4870 kcal/mol        0.0023 kcal/(mol*A)
xmin   300       19.4870 kcal/mol        0.0006 kcal/(mol*A)
xmin   310       19.4870 kcal/mol        0.0023 kcal/(mol*A)
  ... geometry converged !
 
 Final MO eigenvalues (eV):
 -40.1014  -34.7863  -32.9226  -30.2863  -25.1432  -24.0403  -21.9029  -17.4698
 -16.9570  -16.4372  -15.0546  -14.5895  -14.3033  -13.8635  -13.2141  -12.8265
 -12.0320  -11.7884  -10.6164  -10.5000   -9.6615    0.1677    0.3519    2.7882
   3.3746    3.6583    3.8458    3.9722    4.0412    4.1926    4.3090    4.5478
   4.6470    4.8043    4.8776    4.9551    5.1713    5.2476    5.2798    5.7388
   6.9031

 Heat of formation   =         19.48703478 kcal/mol  (        0.84502124 eV)

 Total SCF energy    =     -28294.63413200 kcal/mol  (    -1226.94740610 eV)
 Electronic energy   =    -126322.54031169 kcal/mol  (    -5477.75639876 eV)
 Core-core repulsion =      98027.90617968 kcal/mol  (     4250.80899266 eV)
 
    Atomic Charges for Step       1 :
  Atom    Element       Mulliken Charge
     1      C                 -0.091
     2      C                 -0.187
     3      C                 -0.182
     4      C                 -0.067
     5      C                 -0.011
     6      C                 -0.207
     7      C                 -0.114
     8      N                 -0.140
     9      H                  0.136
    10      H                  0.142
    11      H                  0.141
    12      H                  0.157
    13      H                  0.092
    14      H                  0.072
    15      H                  0.074
    16      H                  0.082
    17      H                  0.102
 Total Mulliken Charge =      -0.000
 
                  X        Y        Z     TOTAL  
  QM DIPOLE     1.104    1.197   -0.338    1.663
 
 Final Structure

  QMMM: QM Region Cartesian Coordinates (*=link atom) 
  QMMM: QM_NO.   MM_NO.  ATOM         X         Y         Z
  QMMM:     1        1      C        1.2650    0.0676    1.7555
  QMMM:     2        2      C        0.2274   -0.4192    0.9613
  QMMM:     3        3      C        1.4927   -0.5151    3.0026
  QMMM:     4        4      C       -0.5462   -1.4829    1.4611
  QMMM:     5        5      C        0.6670   -1.5803    3.4259
  QMMM:     6        6      C        1.4065   -3.6211    4.6574
  QMMM:     7        7      C        0.9152   -2.1993    4.7726
  QMMM:     8        8      N       -0.3458   -2.0588    2.6587
  QMMM:     9        9      H        1.8955    0.8980    1.4061
  QMMM:    10       10      H        0.0137    0.0097   -0.0256
  QMMM:    11       11      H        2.3028   -0.1537    3.6500
  QMMM:    12       12      H       -1.3796   -1.9015    0.8681
  QMMM:    13       13      H        0.6411   -4.2659    4.1619
  QMMM:    14       14      H        1.6133   -4.0338    5.6746
  QMMM:    15       15      H        2.3479   -3.6678    4.0588
  QMMM:    16       16      H        1.6731   -1.5806    5.3231
  QMMM:    17       17      H       -0.0345   -2.1773    5.3729

           --------- Calculation Completed ----------

