            --------------------------------------------------------
                             AMBER SQM VERSION 19
 
                                     By
              Ross C. Walker, Michael F. Crowley, Scott Brozell,
                         Tim Giese, Andreas W. Goetz,
                        Tai-Sung Lee and David A. Case
 
            --------------------------------------------------------
 

--------------------------------------------------------------------------------
  QM CALCULATION INFO
--------------------------------------------------------------------------------

| QMMM: Citation for AMBER QMMM Run:
| QMMM: R.C. Walker, M.F. Crowley and D.A. Case, J. COMP. CHEM. 29:1019, 2008

QMMM: SINGLET STATE CALCULATION
QMMM: RHF CALCULATION, NO. OF DOUBLY OCCUPIED LEVELS = 20

| QMMM: *** Selected Hamiltonian *** 
| QMMM: AM1         

| QMMM: *** Parameter sets in use ***
| QMMM: C : M.J.S.DEWAR et al. JACS, 107, 3902, (1985)
| QMMM: O : M.J.S.DEWAR et al. JACS, 107, 3902, (1985)
| QMMM: H : M.J.S.DEWAR et al. JACS, 107, 3902, (1985)

| QMMM: *** SCF convergence criteria ***
| QMMM: Energy change                :  0.1D-09 kcal/mol
| QMMM: Error matrix |FP-PF|         :  0.1D+00 au
| QMMM: Density matrix change        :  0.5D-06
| QMMM: Maximum number of SCF cycles :     1000

| QMMM: *** Diagonalization Routine Information ***
| QMMM: Pseudo diagonalizations are allowed.
| QMMM: Auto diagonalization routine selection is in use.
| QMMM:
| QMMM: Timing diagonalization routines:
| QMMM:                              norbs =       38
| QMMM:    diag iterations used for timing =       20
| QMMM:
| QMMM:              Internal diag routine = 0.009251 seconds
| QMMM:                 Dspev diag routine = 0.015418 seconds
| QMMM:                Dspevd diag routine = 0.007800 seconds
| QMMM:                Dspevx diag routine = 0.038543 seconds
| QMMM:                 Dsyev diag routine = 0.009380 seconds
| QMMM:                Dsyevd diag routine = 0.003961 seconds
| QMMM:                Dsyevr diag routine = 0.005182 seconds
| QMMM:
| QMMM:                Pseudo diag routine = 0.001058 seconds
| QMMM:
| QMMM: Using dsyevd routine (diag_routine=6).

  QMMM: QM Region Cartesian Coordinates (*=link atom) 
  QMMM: QM_NO.   MM_NO.  ATOM         X         Y         Z
  QMMM:     1        1      C        1.8260    0.1300   -1.0400
  QMMM:     2        2      C        0.9950    0.4380   -0.0380
  QMMM:     3        3      C        1.4150   -0.8860   -2.0280
  QMMM:     4        4      C        1.6140    1.8760    3.4820
  QMMM:     5        5      C        1.3140    1.4610    1.0140
  QMMM:     6        6      C        1.2640    0.8510    2.4150
  QMMM:     7        7      O        2.1350   -1.2060   -2.9660
  QMMM:     8        8      H        2.7960    0.5970   -1.1590
  QMMM:     9        9      H        0.0270   -0.0520    0.0420
  QMMM:    10       10      H        0.4220   -1.3410   -1.8770
  QMMM:    11       11      H        2.6240    2.2700    3.3310
  QMMM:    12       12      H        0.9110    2.7150    3.4650
  QMMM:    13       13      H        1.5730    1.4190    4.4760
  QMMM:    14       14      H        2.3030    1.9030    0.8400
  QMMM:    15       15      H        0.5850    2.2770    0.9380
  QMMM:    16       16      H        0.2620    0.4520    2.6170
  QMMM:    17       17      H        1.9640    0.0090    2.4840

--------------------------------------------------------------------------------
  RESULTS
--------------------------------------------------------------------------------

      iter         sqm energy              rms gradient
      ----    -------------------    -----------------------
xmin    10      -40.2591 kcal/mol        0.1087 kcal/(mol*A)
xmin    20      -40.2802 kcal/mol        0.2459 kcal/(mol*A)
xmin    30      -40.2991 kcal/mol        0.0912 kcal/(mol*A)
xmin    40      -40.3151 kcal/mol        0.2372 kcal/(mol*A)
xmin    50      -40.3254 kcal/mol        0.1241 kcal/(mol*A)
xmin    60      -40.3329 kcal/mol        0.0504 kcal/(mol*A)
xmin    70      -40.3381 kcal/mol        0.0380 kcal/(mol*A)
xmin    80      -40.3421 kcal/mol        0.0658 kcal/(mol*A)
xmin    90      -40.3448 kcal/mol        0.1034 kcal/(mol*A)
xmin   100      -40.3469 kcal/mol        0.0206 kcal/(mol*A)
xmin   110      -40.3483 kcal/mol        0.0165 kcal/(mol*A)
xmin   120      -40.3495 kcal/mol        0.0786 kcal/(mol*A)
xmin   130      -40.3501 kcal/mol        0.0313 kcal/(mol*A)
xmin   140      -40.3504 kcal/mol        0.0450 kcal/(mol*A)
xmin   150      -40.3510 kcal/mol        0.0104 kcal/(mol*A)
xmin   160      -40.3512 kcal/mol        0.0265 kcal/(mol*A)
xmin   170      -40.3513 kcal/mol        0.0156 kcal/(mol*A)
xmin   180      -40.3515 kcal/mol        0.0073 kcal/(mol*A)
xmin   190      -40.3515 kcal/mol        0.0037 kcal/(mol*A)
xmin   200      -40.3516 kcal/mol        0.0046 kcal/(mol*A)
xmin   210      -40.3516 kcal/mol        0.0045 kcal/(mol*A)
xmin   220      -40.3517 kcal/mol        0.0056 kcal/(mol*A)
xmin   230      -40.3517 kcal/mol        0.0032 kcal/(mol*A)
xmin   240      -40.3517 kcal/mol        0.0138 kcal/(mol*A)
xmin   250      -40.3517 kcal/mol        0.0109 kcal/(mol*A)
xmin   260      -40.3517 kcal/mol        0.0060 kcal/(mol*A)
xmin   270      -40.3517 kcal/mol        0.0009 kcal/(mol*A)
xmin   280      -40.3517 kcal/mol        0.0024 kcal/(mol*A)
xmin   290      -40.3517 kcal/mol        0.0022 kcal/(mol*A)
xmin   300      -40.3517 kcal/mol        0.0015 kcal/(mol*A)
xmin   310      -40.3517 kcal/mol        0.0009 kcal/(mol*A)
  ... geometry converged !
 
 Final MO eigenvalues (eV):
 -39.1184  -37.1698  -33.5937  -28.6745  -24.0993  -21.9926  -20.9025  -16.9839
 -16.6927  -15.9567  -14.9467  -14.6905  -14.3524  -13.6474  -12.9544  -12.7087
 -12.2729  -11.7713  -10.5959  -10.4220   -0.1152    1.9041    3.1237    3.3622
   3.5604    3.7952    3.8403    4.0973    4.1825    4.4532    4.5097    4.6444
   4.7620    4.7840    4.9267    5.0247    5.2080    6.4699

 Heat of formation   =        -40.35172476 kcal/mol  (       -1.74978209 eV)

 Total SCF energy    =     -28280.76993855 kcal/mol  (    -1226.34620956 eV)
 Electronic energy   =    -110269.33144649 kcal/mol  (    -4781.63702556 eV)
 Core-core repulsion =      81988.56150794 kcal/mol  (     3555.29081601 eV)
 
    Atomic Charges for Step       1 :
  Atom    Element       Mulliken Charge
     1      C                 -0.261
     2      C                 -0.086
     3      C                  0.210
     4      C                 -0.212
     5      C                 -0.148
     6      C                 -0.157
     7      O                 -0.287
     8      H                  0.149
     9      H                  0.124
    10      H                  0.083
    11      H                  0.075
    12      H                  0.074
    13      H                  0.077
    14      H                  0.095
    15      H                  0.100
    16      H                  0.080
    17      H                  0.085
 Total Mulliken Charge =       0.000
 
                  X        Y        Z     TOTAL  
  QM DIPOLE    -1.410    0.993    3.120    3.565
 
 Final Structure

  QMMM: QM Region Cartesian Coordinates (*=link atom) 
  QMMM: QM_NO.   MM_NO.  ATOM         X         Y         Z
  QMMM:     1        1      C        1.7800    0.1561   -1.0912
  QMMM:     2        2      C        1.0754    0.3589    0.0285
  QMMM:     3        3      C        1.3925   -0.8470   -2.0895
  QMMM:     4        4      C        1.5605    1.9152    3.4770
  QMMM:     5        5      C        1.4273    1.3788    1.0439
  QMMM:     6        6      C        1.2136    0.8643    2.4544
  QMMM:     7        7      O        2.0285   -1.0392   -3.1287
  QMMM:     8        8      H        2.6905    0.7341   -1.3217
  QMMM:     9        9      H        0.1682   -0.2321    0.2471
  QMMM:    10       10      H        0.4767   -1.4382   -1.8564
  QMMM:    11       11      H        2.6308    2.2202    3.3826
  QMMM:    12       12      H        0.9244    2.8233    3.3420
  QMMM:    13       13      H        1.3963    1.5194    4.5083
  QMMM:    14       14      H        2.4937    1.7094    0.9225
  QMMM:    15       15      H        0.7808    2.2848    0.8759
  QMMM:    16       16      H        0.1435    0.5518    2.5821
  QMMM:    17       17      H        1.8472   -0.0468    2.6193

           --------- Calculation Completed ----------

