            --------------------------------------------------------
                             AMBER SQM VERSION 19
 
                                     By
              Ross C. Walker, Michael F. Crowley, Scott Brozell,
                         Tim Giese, Andreas W. Goetz,
                        Tai-Sung Lee and David A. Case
 
            --------------------------------------------------------
 

--------------------------------------------------------------------------------
  QM CALCULATION INFO
--------------------------------------------------------------------------------

| QMMM: Citation for AMBER QMMM Run:
| QMMM: R.C. Walker, M.F. Crowley and D.A. Case, J. COMP. CHEM. 29:1019, 2008

QMMM: SINGLET STATE CALCULATION
QMMM: RHF CALCULATION, NO. OF DOUBLY OCCUPIED LEVELS = 18

| QMMM: *** Selected Hamiltonian *** 
| QMMM: AM1         

| QMMM: *** Parameter sets in use ***
| QMMM: C : M.J.S.DEWAR et al. JACS, 107, 3902, (1985)
| QMMM: S : M.J.S.DEWAR et al. INORG. CHEM., 29, 3881, (1990)
| QMMM: H : M.J.S.DEWAR et al. JACS, 107, 3902, (1985)

| QMMM: *** SCF convergence criteria ***
| QMMM: Energy change                :  0.1D-09 kcal/mol
| QMMM: Error matrix |FP-PF|         :  0.1D+00 au
| QMMM: Density matrix change        :  0.5D-06
| QMMM: Maximum number of SCF cycles :     1000

| QMMM: *** Diagonalization Routine Information ***
| QMMM: Pseudo diagonalizations are allowed.
| QMMM: Auto diagonalization routine selection is in use.
| QMMM:
| QMMM: Timing diagonalization routines:
| QMMM:                              norbs =       34
| QMMM:    diag iterations used for timing =       20
| QMMM:
| QMMM:              Internal diag routine = 0.003474 seconds
| QMMM:                 Dspev diag routine = 0.017179 seconds
| QMMM:                Dspevd diag routine = 0.008013 seconds
| QMMM:                Dspevx diag routine = 0.015811 seconds
| QMMM:                 Dsyev diag routine = 0.003813 seconds
| QMMM:                Dsyevd diag routine = 0.002687 seconds
| QMMM:                Dsyevr diag routine = 0.003521 seconds
| QMMM:
| QMMM:                Pseudo diag routine = 0.000664 seconds
| QMMM:
| QMMM: Using dsyevd routine (diag_routine=6).

  QMMM: QM Region Cartesian Coordinates (*=link atom) 
  QMMM: QM_NO.   MM_NO.  ATOM         X         Y         Z
  QMMM:     1        1      C        1.8850   -1.0380   -0.1090
  QMMM:     2        2      C        0.8180   -0.4410    0.5630
  QMMM:     3        3      C        2.9350   -1.6040    0.6140
  QMMM:     4        4      C        0.8010   -0.4100    1.9570
  QMMM:     5        5      C        2.9180   -1.5730    2.0080
  QMMM:     6        6      C        1.8510   -0.9770    2.6800
  QMMM:     7        7      S        1.8290   -0.9380    4.4620
  QMMM:     8        8      H        1.8980   -1.0620   -1.1950
  QMMM:     9        9      H        0.0010    0.0000   -0.0010
  QMMM:    10       10      H        3.7650   -2.0680    0.0900
  QMMM:    11       11      H       -0.0390    0.0590    2.4630
  QMMM:    12       12      H        3.7450   -2.0200    2.5540
  QMMM:    13       13      H        0.6760   -0.2680    4.6040

--------------------------------------------------------------------------------
  RESULTS
--------------------------------------------------------------------------------

      iter         sqm energy              rms gradient
      ----    -------------------    -----------------------
xmin    10       25.6418 kcal/mol        0.0736 kcal/(mol*A)
xmin    20       25.6413 kcal/mol        0.0285 kcal/(mol*A)
xmin    30       25.6412 kcal/mol        0.0033 kcal/(mol*A)
  ... geometry converged !
 
 Final MO eigenvalues (eV):
 -39.4065  -31.9322  -31.6365  -23.8594  -23.5498  -19.3794  -17.5107  -16.4983
 -15.6885  -14.5340  -14.2975  -13.9852  -12.6674  -12.1348  -11.6028  -11.0255
  -9.8601   -8.4340    0.2097    0.3949    0.6949    1.5729    2.7104    3.7740
   3.8352    4.0073    4.2831    4.3963    4.7196    4.9394    5.1788    5.3570
   5.5376    5.8821

 Heat of formation   =         25.64120695 kcal/mol  (        1.11188617 eV)

 Total SCF energy    =     -24093.92306671 kcal/mol  (    -1044.79090528 eV)
 Electronic energy   =     -97055.68625725 kcal/mol  (    -4208.65037324 eV)
 Core-core repulsion =      72961.76319054 kcal/mol  (     3163.85946796 eV)
 
    Atomic Charges for Step       1 :
  Atom    Element       Mulliken Charge
     1      C                 -0.137
     2      C                 -0.112
     3      C                 -0.114
     4      C                 -0.145
     5      C                 -0.119
     6      C                 -0.211
     7      S                  0.144
     8      H                  0.134
     9      H                  0.133
    10      H                  0.134
    11      H                  0.130
    12      H                  0.143
    13      H                  0.019
 Total Mulliken Charge =       0.000
 
                  X        Y        Z     TOTAL  
  QM DIPOLE    -0.848    0.455   -0.734    1.210
 
 Final Structure

  QMMM: QM Region Cartesian Coordinates (*=link atom) 
  QMMM: QM_NO.   MM_NO.  ATOM         X         Y         Z
  QMMM:     1        1      C        1.8846   -1.0396   -0.1099
  QMMM:     2        2      C        0.8138   -0.4376    0.5491
  QMMM:     3        3      C        2.9265   -1.6008    0.6305
  QMMM:     4        4      C        0.7821   -0.3953    1.9421
  QMMM:     5        5      C        2.8985   -1.5606    2.0214
  QMMM:     6        6      C        1.8235   -0.9561    2.6879
  QMMM:     7        7      S        1.8801   -0.9571    4.3832
  QMMM:     8        8      H        1.9089   -1.0726   -1.2086
  QMMM:     9        9      H       -0.0103    0.0064   -0.0286
  QMMM:    10       10      H        3.7737   -2.0770    0.1150
  QMMM:    11       11      H       -0.0680    0.0824    2.4516
  QMMM:    12       12      H        3.7207   -2.0034    2.6046
  QMMM:    13       13      H        0.7490   -0.3286    4.6518

           --------- Calculation Completed ----------

