            --------------------------------------------------------
                             AMBER SQM VERSION 19
 
                                     By
              Ross C. Walker, Michael F. Crowley, Scott Brozell,
                         Tim Giese, Andreas W. Goetz,
                        Tai-Sung Lee and David A. Case
 
            --------------------------------------------------------
 

--------------------------------------------------------------------------------
  QM CALCULATION INFO
--------------------------------------------------------------------------------

| QMMM: Citation for AMBER QMMM Run:
| QMMM: R.C. Walker, M.F. Crowley and D.A. Case, J. COMP. CHEM. 29:1019, 2008

QMMM: SINGLET STATE CALCULATION
QMMM: RHF CALCULATION, NO. OF DOUBLY OCCUPIED LEVELS = 14

| QMMM: *** Selected Hamiltonian *** 
| QMMM: AM1         

| QMMM: *** Parameter sets in use ***
| QMMM: C : M.J.S.DEWAR et al. JACS, 107, 3902, (1985)
| QMMM: H : M.J.S.DEWAR et al. JACS, 107, 3902, (1985)

| QMMM: *** SCF convergence criteria ***
| QMMM: Energy change                :  0.1D-09 kcal/mol
| QMMM: Error matrix |FP-PF|         :  0.1D+00 au
| QMMM: Density matrix change        :  0.5D-06
| QMMM: Maximum number of SCF cycles :     1000

| QMMM: *** Diagonalization Routine Information ***
| QMMM: Pseudo diagonalizations are allowed.
| QMMM: Auto diagonalization routine selection is in use.
| QMMM:
| QMMM: Timing diagonalization routines:
| QMMM:                              norbs =       28
| QMMM:    diag iterations used for timing =       20
| QMMM:
| QMMM:              Internal diag routine = 0.002222 seconds
| QMMM:                 Dspev diag routine = 0.007015 seconds
| QMMM:                Dspevd diag routine = 0.027433 seconds
| QMMM:                Dspevx diag routine = 0.023391 seconds
| QMMM:                 Dsyev diag routine = 0.002418 seconds
| QMMM:                Dsyevd diag routine = 0.013060 seconds
| QMMM:                Dsyevr diag routine = 0.002578 seconds
| QMMM:
| QMMM:                Pseudo diag routine = 0.000304 seconds
| QMMM:
| QMMM: Using internal diagonalization routine (diag_routine=1).

  QMMM: QM Region Cartesian Coordinates (*=link atom) 
  QMMM: QM_NO.   MM_NO.  ATOM         X         Y         Z
  QMMM:     1        1      C       -0.1320   -0.3170    1.0280
  QMMM:     2        2      C       -0.9690   -3.9040    0.9360
  QMMM:     3        3      C       -0.4460   -1.5740    1.3660
  QMMM:     4        4      C       -0.6570   -2.6890    0.4540
  QMMM:     5        5      C       -0.5220   -2.4670   -1.0270
  QMMM:     6        6      H        0.0010    0.4340    1.8000
  QMMM:     7        7      H       -0.0000    0.0000   -0.0000
  QMMM:     8        8      H       -1.1300   -4.7490    0.2730
  QMMM:     9        9      H       -1.0720   -4.0910    2.0000
  QMMM:    10       10      H       -0.5550   -1.7880    2.4280
  QMMM:    11       11      H       -1.2430   -1.7200   -1.3750
  QMMM:    12       12      H       -0.7050   -3.3840   -1.5980
  QMMM:    13       13      H        0.4890   -2.1270   -1.2780

--------------------------------------------------------------------------------
  RESULTS
--------------------------------------------------------------------------------

      iter         sqm energy              rms gradient
      ----    -------------------    -----------------------
xmin    10       23.2502 kcal/mol        0.0488 kcal/(mol*A)
xmin    20       23.2501 kcal/mol        0.0008 kcal/(mol*A)
  ... geometry converged !
 
 Final MO eigenvalues (eV):
 -37.1635  -31.5370  -28.0100  -23.0107  -18.8378  -16.1854  -15.5348  -14.2704
 -13.5310  -12.9695  -12.5321  -11.6607  -11.3460   -9.2126    0.4608    2.2281
   3.7667    4.0615    4.2705    4.4304    4.6029    4.7624    4.8928    4.9673
   5.4277    5.5061    5.7818    6.0679

 Heat of formation   =         23.25006595 kcal/mol  (        1.00819851 eV)

 Total SCF energy    =     -17281.18508560 kcal/mol  (     -749.36841792 eV)
 Electronic energy   =     -64383.46277520 kcal/mol  (    -2791.87644834 eV)
 Core-core repulsion =      47102.27768961 kcal/mol  (     2042.50803042 eV)
 
    Atomic Charges for Step       1 :
  Atom    Element       Mulliken Charge
     1      C                 -0.212
     2      C                 -0.212
     3      C                 -0.131
     4      C                 -0.079
     5      C                 -0.183
     6      H                  0.113
     7      H                  0.113
     8      H                  0.114
     9      H                  0.113
    10      H                  0.120
    11      H                  0.084
    12      H                  0.078
    13      H                  0.084
 Total Mulliken Charge =      -0.000
 
                  X        Y        Z     TOTAL  
  QM DIPOLE     0.028    0.080   -0.160    0.181
 
 Final Structure

  QMMM: QM Region Cartesian Coordinates (*=link atom) 
  QMMM: QM_NO.   MM_NO.  ATOM         X         Y         Z
  QMMM:     1        1      C       -0.1355   -0.3376    0.9957
  QMMM:     2        2      C       -0.9724   -3.9167    0.9294
  QMMM:     3        3      C       -0.4484   -1.5793    1.3693
  QMMM:     4        4      C       -0.6597   -2.6999    0.4605
  QMMM:     5        5      C       -0.5160   -2.4424   -0.9949
  QMMM:     6        6      H        0.0117    0.4673    1.7276
  QMMM:     7        7      H       -0.0057   -0.0402   -0.0530
  QMMM:     8        8      H       -1.1362   -4.7756    0.2666
  QMMM:     9        9      H       -1.0825   -4.1245    2.0013
  QMMM:    10       10      H       -0.5666   -1.8219    2.4413
  QMMM:    11       11      H       -1.2463   -1.6612   -1.3228
  QMMM:    12       12      H       -0.6993   -3.3690   -1.5920
  QMMM:    13       13      H        0.5159   -2.0749   -1.2219

           --------- Calculation Completed ----------

