            --------------------------------------------------------
                             AMBER SQM VERSION 19
 
                                     By
              Ross C. Walker, Michael F. Crowley, Scott Brozell,
                         Tim Giese, Andreas W. Goetz,
                        Tai-Sung Lee and David A. Case
 
            --------------------------------------------------------
 

--------------------------------------------------------------------------------
  QM CALCULATION INFO
--------------------------------------------------------------------------------

| QMMM: Citation for AMBER QMMM Run:
| QMMM: R.C. Walker, M.F. Crowley and D.A. Case, J. COMP. CHEM. 29:1019, 2008

QMMM: SINGLET STATE CALCULATION
QMMM: RHF CALCULATION, NO. OF DOUBLY OCCUPIED LEVELS = 12

| QMMM: *** Selected Hamiltonian *** 
| QMMM: AM1         

| QMMM: *** Parameter sets in use ***
| QMMM: C : M.J.S.DEWAR et al. JACS, 107, 3902, (1985)
| QMMM: O : M.J.S.DEWAR et al. JACS, 107, 3902, (1985)
| QMMM: H : M.J.S.DEWAR et al. JACS, 107, 3902, (1985)

| QMMM: *** SCF convergence criteria ***
| QMMM: Energy change                :  0.1D-09 kcal/mol
| QMMM: Error matrix |FP-PF|         :  0.1D+00 au
| QMMM: Density matrix change        :  0.5D-06
| QMMM: Maximum number of SCF cycles :     1000

| QMMM: *** Diagonalization Routine Information ***
| QMMM: Pseudo diagonalizations are allowed.
| QMMM: Auto diagonalization routine selection is in use.
| QMMM:
| QMMM: Timing diagonalization routines:
| QMMM:                              norbs =       22
| QMMM:    diag iterations used for timing =       20
| QMMM:
| QMMM:              Internal diag routine = 0.000801 seconds
| QMMM:                 Dspev diag routine = 0.001181 seconds
| QMMM:                Dspevd diag routine = 0.005243 seconds
| QMMM:                Dspevx diag routine = 0.008128 seconds
| QMMM:                 Dsyev diag routine = 0.001037 seconds
| QMMM:                Dsyevd diag routine = 0.001083 seconds
| QMMM:                Dsyevr diag routine = 0.004138 seconds
| QMMM:
| QMMM:                Pseudo diag routine = 0.000249 seconds
| QMMM:
| QMMM: Using internal diagonalization routine (diag_routine=1).

  QMMM: QM Region Cartesian Coordinates (*=link atom) 
  QMMM: QM_NO.   MM_NO.  ATOM         X         Y         Z
  QMMM:     1        1      C       -0.4680    0.6050    0.7690
  QMMM:     2        2      C       -1.5850    0.1860    1.3740
  QMMM:     3        3      C       -2.2690   -1.1040    1.0630
  QMMM:     4        4      O       -2.3090   -1.8950    2.2420
  QMMM:     5        5      H       -0.0040    1.5510    1.0260
  QMMM:     6        6      H        0.0000    0.0000    0.0000
  QMMM:     7        7      H       -2.0350    0.8200    2.1340
  QMMM:     8        8      H       -1.7500   -1.6680    0.2810
  QMMM:     9        9      H       -3.2950   -0.9100    0.7360
  QMMM:    10       10      H       -1.4800   -1.7300    2.7190

--------------------------------------------------------------------------------
  RESULTS
--------------------------------------------------------------------------------

      iter         sqm energy              rms gradient
      ----    -------------------    -----------------------
xmin    10      -38.9847 kcal/mol        0.8943 kcal/(mol*A)
xmin    20      -39.2306 kcal/mol        0.4607 kcal/(mol*A)
xmin    30      -39.3183 kcal/mol        0.2064 kcal/(mol*A)
xmin    40      -39.3743 kcal/mol        0.4751 kcal/(mol*A)
xmin    50      -39.3941 kcal/mol        0.2523 kcal/(mol*A)
xmin    60      -39.4009 kcal/mol        0.1813 kcal/(mol*A)
xmin    70      -39.4028 kcal/mol        0.0348 kcal/(mol*A)
xmin    80      -39.4044 kcal/mol        0.1135 kcal/(mol*A)
xmin    90      -39.4052 kcal/mol        0.0139 kcal/(mol*A)
xmin   100      -39.4054 kcal/mol        0.0131 kcal/(mol*A)
xmin   110      -39.4054 kcal/mol        0.0212 kcal/(mol*A)
xmin   120      -39.4055 kcal/mol        0.0069 kcal/(mol*A)
xmin   130      -39.4055 kcal/mol        0.0108 kcal/(mol*A)
xmin   140      -39.4055 kcal/mol        0.0134 kcal/(mol*A)
xmin   150      -39.4056 kcal/mol        0.0126 kcal/(mol*A)
xmin   160      -39.4056 kcal/mol        0.0059 kcal/(mol*A)
xmin   170      -39.4056 kcal/mol        0.0015 kcal/(mol*A)
  ... geometry converged !
 
 Final MO eigenvalues (eV):
 -38.3895  -33.9117  -26.7155  -21.1536  -18.2361  -15.9945  -15.5388  -14.7799
 -12.9717  -12.4044  -11.2619  -10.2851    1.0497    3.5878    3.7927    3.9311
   4.2886    4.4273    4.8395    5.3191    5.5232    6.2878

 Heat of formation   =        -39.40556376 kcal/mol  (       -1.70875347 eV)

 Total SCF energy    =     -18149.09468907 kcal/mol  (     -787.00380248 eV)
 Electronic energy   =     -53544.05077070 kcal/mol  (    -2321.84427261 eV)
 Core-core repulsion =      35394.95608164 kcal/mol  (     1534.84047013 eV)
 
    Atomic Charges for Step       1 :
  Atom    Element       Mulliken Charge
     1      C                 -0.210
     2      C                 -0.208
     3      C                  0.001
     4      O                 -0.324
     5      H                  0.116
     6      H                  0.112
     7      H                  0.133
     8      H                  0.070
     9      H                  0.114
    10      H                  0.198
 Total Mulliken Charge =      -0.000
 
                  X        Y        Z     TOTAL  
  QM DIPOLE     1.469    0.479   -0.422    1.602
 
 Final Structure

  QMMM: QM Region Cartesian Coordinates (*=link atom) 
  QMMM: QM_NO.   MM_NO.  ATOM         X         Y         Z
  QMMM:     1        1      C       -0.5521    0.7233    0.6279
  QMMM:     2        2      C       -1.4367    0.1493    1.4386
  QMMM:     3        3      C       -2.1300   -1.1306    1.1227
  QMMM:     4        4      O       -2.6418   -1.7642    2.2809
  QMMM:     5        5      H       -0.0697    1.6793    0.8698
  QMMM:     6        6      H       -0.2507    0.2822   -0.3316
  QMMM:     7        7      H       -1.7272    0.6071    2.3990
  QMMM:     8        8      H       -1.4477   -1.8347    0.5722
  QMMM:     9        9      H       -3.0412   -0.9347    0.4906
  QMMM:    10       10      H       -1.8980   -1.9222    2.8740

           --------- Calculation Completed ----------

