            --------------------------------------------------------
                             AMBER SQM VERSION 19
 
                                     By
              Ross C. Walker, Michael F. Crowley, Scott Brozell,
                         Tim Giese, Andreas W. Goetz,
                        Tai-Sung Lee and David A. Case
 
            --------------------------------------------------------
 

--------------------------------------------------------------------------------
  QM CALCULATION INFO
--------------------------------------------------------------------------------

| QMMM: Citation for AMBER QMMM Run:
| QMMM: R.C. Walker, M.F. Crowley and D.A. Case, J. COMP. CHEM. 29:1019, 2008

QMMM: SINGLET STATE CALCULATION
QMMM: RHF CALCULATION, NO. OF DOUBLY OCCUPIED LEVELS = 26

| QMMM: *** Selected Hamiltonian *** 
| QMMM: AM1         

| QMMM: *** Parameter sets in use ***
| QMMM: C : M.J.S.DEWAR et al. JACS, 107, 3902, (1985)
| QMMM: N : M.J.S.DEWAR et al. JACS, 107, 3902, (1985)
| QMMM: O : M.J.S.DEWAR et al. JACS, 107, 3902, (1985)
| QMMM: H : M.J.S.DEWAR et al. JACS, 107, 3902, (1985)

| QMMM: *** SCF convergence criteria ***
| QMMM: Energy change                :  0.1D-09 kcal/mol
| QMMM: Error matrix |FP-PF|         :  0.1D+00 au
| QMMM: Density matrix change        :  0.5D-06
| QMMM: Maximum number of SCF cycles :     1000

| QMMM: *** Diagonalization Routine Information ***
| QMMM: Pseudo diagonalizations are allowed.
| QMMM: Auto diagonalization routine selection is in use.
| QMMM:
| QMMM: Timing diagonalization routines:
| QMMM:                              norbs =       45
| QMMM:    diag iterations used for timing =       20
| QMMM:
| QMMM:              Internal diag routine = 0.005240 seconds
| QMMM:                 Dspev diag routine = 0.005385 seconds
| QMMM:                Dspevd diag routine = 0.017068 seconds
| QMMM:                Dspevx diag routine = 0.035779 seconds
| QMMM:                 Dsyev diag routine = 0.011047 seconds
| QMMM:                Dsyevd diag routine = 0.007135 seconds
| QMMM:                Dsyevr diag routine = 0.014689 seconds
| QMMM:
| QMMM:                Pseudo diag routine = 0.001976 seconds
| QMMM:
| QMMM: Using internal diagonalization routine (diag_routine=1).

  QMMM: QM Region Cartesian Coordinates (*=link atom) 
  QMMM: QM_NO.   MM_NO.  ATOM         X         Y         Z
  QMMM:     1        1      C        1.8850   -1.0380   -0.1090
  QMMM:     2        2      C        0.8180   -0.4410    0.5630
  QMMM:     3        3      C        2.9350   -1.6040    0.6140
  QMMM:     4        4      C        0.8010   -0.4100    1.9570
  QMMM:     5        5      C        2.9180   -1.5730    2.0080
  QMMM:     6        6      C        1.8510   -0.9770    2.6800
  QMMM:     7        7      N        3.9970   -2.1550    2.7290
  QMMM:     8        8      O        4.9390   -2.6820    2.0900
  QMMM:     9        9      O        3.9750   -2.1240    3.9820
  QMMM:    10       10      O        1.8120   -0.9350    4.0420
  QMMM:    11       11      H        1.8980   -1.0610   -1.1950
  QMMM:    12       12      H       -0.0000   -0.0000   -0.0000
  QMMM:    13       13      H        3.7600   -2.0650    0.0770
  QMMM:    14       14      H       -0.0330    0.0560    2.4740
  QMMM:    15       15      H        1.1530   -0.2720    4.3160

--------------------------------------------------------------------------------
  RESULTS
--------------------------------------------------------------------------------

      iter         sqm energy              rms gradient
      ----    -------------------    -----------------------
xmin    10      -15.8589 kcal/mol        0.3912 kcal/(mol*A)
xmin    20      -15.9298 kcal/mol        0.0953 kcal/(mol*A)
xmin    30      -15.9321 kcal/mol        0.0137 kcal/(mol*A)
xmin    40      -15.9322 kcal/mol        0.0206 kcal/(mol*A)
xmin    50      -15.9323 kcal/mol        0.0052 kcal/(mol*A)
xmin    60      -15.9323 kcal/mol        0.0032 kcal/(mol*A)
xmin    70      -15.9324 kcal/mol        0.0131 kcal/(mol*A)
xmin    80      -15.9324 kcal/mol        0.0107 kcal/(mol*A)
xmin    90      -15.9324 kcal/mol        0.0048 kcal/(mol*A)
xmin   100      -15.9324 kcal/mol        0.0045 kcal/(mol*A)
xmin   110      -15.9324 kcal/mol        0.0036 kcal/(mol*A)
xmin   120      -15.9324 kcal/mol        0.0020 kcal/(mol*A)
xmin   130      -15.9325 kcal/mol        0.0050 kcal/(mol*A)
xmin   140      -15.9325 kcal/mol        0.0009 kcal/(mol*A)
xmin   150      -15.9325 kcal/mol        0.0062 kcal/(mol*A)
xmin   160      -15.9325 kcal/mol        0.0005 kcal/(mol*A)
  ... geometry converged !
 
 Final MO eigenvalues (eV):
 -43.1478  -40.7683  -38.3201  -37.3922  -32.8058  -31.2788  -27.1034  -24.4179
 -23.2597  -20.2132  -19.6575  -19.2544  -18.3529  -17.4488  -16.5834  -15.7664
 -15.6839  -15.0785  -13.6415  -13.3977  -13.0843  -12.0765  -11.6299  -11.6267
 -10.7870   -9.9539   -1.0138   -0.3378    0.6582    0.7541    1.9979    2.1052
   2.9767    3.0468    3.4053    3.4493    3.7386    4.0330    4.2178    4.4728
   4.7363    4.9121    5.4286    5.8106    7.4000

 Heat of formation   =        -15.93245542 kcal/mol  (       -0.69088311 eV)

 Total SCF energy    =     -46160.76067675 kcal/mol  (    -2001.68078907 eV)
 Electronic energy   =    -192679.34417411 kcal/mol  (    -8355.20333785 eV)
 Core-core repulsion =     146518.58349736 kcal/mol  (     6353.52254878 eV)
 
    Atomic Charges for Step       1 :
  Atom    Element       Mulliken Charge
     1      C                 -0.178
     2      C                 -0.047
     3      C                 -0.034
     4      C                 -0.232
     5      C                 -0.172
     6      C                  0.149
     7      N                  0.579
     8      O                 -0.377
     9      O                 -0.330
    10      O                 -0.204
    11      H                  0.150
    12      H                  0.145
    13      H                  0.174
    14      H                  0.147
    15      H                  0.227
 Total Mulliken Charge =      -0.000
 
                  X        Y        Z     TOTAL  
  QM DIPOLE    -5.067    2.774   -2.622    6.344
 
 Final Structure

  QMMM: QM Region Cartesian Coordinates (*=link atom) 
  QMMM: QM_NO.   MM_NO.  ATOM         X         Y         Z
  QMMM:     1        1      C        1.8791   -1.0404   -0.1154
  QMMM:     2        2      C        0.8165   -0.4207    0.5492
  QMMM:     3        3      C        2.9226   -1.6060    0.6056
  QMMM:     4        4      C        0.7916   -0.3632    1.9359
  QMMM:     5        5      C        2.9167   -1.5588    2.0126
  QMMM:     6        6      C        1.8405   -0.9311    2.6831
  QMMM:     7        7      N        4.0402   -2.1688    2.7611
  QMMM:     8        8      O        4.9289   -2.6878    2.1341
  QMMM:     9        9      O        4.0439   -2.1350    3.9597
  QMMM:    10       10      O        1.8613   -0.9000    4.0485
  QMMM:    11       11      H        1.8911   -1.0815   -1.2147
  QMMM:    12       12      H       -0.0069    0.0253   -0.0308
  QMMM:    13       13      H        3.7635   -2.0964    0.0830
  QMMM:    14       14      H       -0.0431    0.1237    2.4610
  QMMM:    15       15      H        1.0629   -0.4403    4.3550

           --------- Calculation Completed ----------

