            --------------------------------------------------------
                             AMBER SQM VERSION 19
 
                                     By
              Ross C. Walker, Michael F. Crowley, Scott Brozell,
                         Tim Giese, Andreas W. Goetz,
                        Tai-Sung Lee and David A. Case
 
            --------------------------------------------------------
 

--------------------------------------------------------------------------------
  QM CALCULATION INFO
--------------------------------------------------------------------------------

| QMMM: Citation for AMBER QMMM Run:
| QMMM: R.C. Walker, M.F. Crowley and D.A. Case, J. COMP. CHEM. 29:1019, 2008

QMMM: SINGLET STATE CALCULATION
QMMM: RHF CALCULATION, NO. OF DOUBLY OCCUPIED LEVELS = 38

| QMMM: *** Selected Hamiltonian *** 
| QMMM: AM1         

| QMMM: *** Parameter sets in use ***
| QMMM: C : M.J.S.DEWAR et al. JACS, 107, 3902, (1985)
| QMMM: O : M.J.S.DEWAR et al. JACS, 107, 3902, (1985)
| QMMM: Cl: M.J.S.DEWAR et al. THEOCHEM, 180, 1, (1988)
| QMMM: H : M.J.S.DEWAR et al. JACS, 107, 3902, (1985)

| QMMM: *** SCF convergence criteria ***
| QMMM: Energy change                :  0.1D-09 kcal/mol
| QMMM: Error matrix |FP-PF|         :  0.1D+00 au
| QMMM: Density matrix change        :  0.5D-06
| QMMM: Maximum number of SCF cycles :     1000

| QMMM: *** Diagonalization Routine Information ***
| QMMM: Pseudo diagonalizations are allowed.
| QMMM: Auto diagonalization routine selection is in use.
| QMMM:
| QMMM: Timing diagonalization routines:
| QMMM:                              norbs =       65
| QMMM:    diag iterations used for timing =       15
| QMMM:
| QMMM:              Internal diag routine = 0.013279 seconds
| QMMM:                 Dspev diag routine = 0.017053 seconds
| QMMM:                Dspevd diag routine = 0.011345 seconds
| QMMM:                Dspevx diag routine = 0.049433 seconds
| QMMM:                 Dsyev diag routine = 0.009300 seconds
| QMMM:                Dsyevd diag routine = 0.007823 seconds
| QMMM:                Dsyevr diag routine = 0.008098 seconds
| QMMM:
| QMMM:                Pseudo diag routine = 0.004385 seconds
| QMMM:
| QMMM: Using dsyevd routine (diag_routine=6).

  QMMM: QM Region Cartesian Coordinates (*=link atom) 
  QMMM: QM_NO.   MM_NO.  ATOM         X         Y         Z
  QMMM:     1        1      C        2.8440   -1.7000    3.2480
  QMMM:     2        2      C        1.6480   -0.9850    3.2960
  QMMM:     3        3      C        3.4250   -2.0050    2.0170
  QMMM:     4        4      C        2.8100   -1.5940    0.8350
  QMMM:     5        5      C        1.6130   -0.8790    0.8830
  QMMM:     6        6      C        1.0320   -0.5750    2.1140
  QMMM:     7        7      C        1.0810   -0.6920    4.6080
  QMMM:     8        8      C        5.1570   -3.0850    3.2370
  QMMM:     9        9      C        0.0950   -1.3890   -0.8750
  QMMM:    10       10      O        0.7560   -1.5700    5.4090
  QMMM:    11       11      O        3.3800   -1.8930   -0.3680
  QMMM:    12       12      O        4.5940   -2.7040    1.9840
  QMMM:    13       13      O        1.0260   -0.4860   -0.2840
  QMMM:    14       14      Cl      -0.4540    0.3140    2.1630
  QMMM:    15       15      H        3.3290   -2.0230    4.1660
  QMMM:    16       16      H        0.9450    0.3770    4.8740
  QMMM:    17       17      H        6.0860   -3.6360    3.0680
  QMMM:    18       18      H        4.4450   -3.7100    3.7820
  QMMM:    19       19      H        5.3700   -2.1860    3.8200
  QMMM:    20       20      H       -0.2990   -0.9560   -1.7980
  QMMM:    21       21      H       -0.7210   -1.5840   -0.1740
  QMMM:    22       22      H        0.6070   -2.3270   -1.1050
  QMMM:    23       23      H        4.2010   -2.3900   -0.2330

--------------------------------------------------------------------------------
  RESULTS
--------------------------------------------------------------------------------

      iter         sqm energy              rms gradient
      ----    -------------------    -----------------------
xmin    10     -127.2876 kcal/mol        0.7005 kcal/(mol*A)
xmin    20     -127.9272 kcal/mol        0.4768 kcal/(mol*A)
xmin    30     -128.5815 kcal/mol        0.5901 kcal/(mol*A)
xmin    40     -128.7770 kcal/mol        0.1213 kcal/(mol*A)
xmin    50     -128.8581 kcal/mol        0.2462 kcal/(mol*A)
xmin    60     -128.8835 kcal/mol        0.2058 kcal/(mol*A)
xmin    70     -128.8948 kcal/mol        0.0533 kcal/(mol*A)
xmin    80     -128.9026 kcal/mol        0.0813 kcal/(mol*A)
xmin    90     -128.9040 kcal/mol        0.0417 kcal/(mol*A)
xmin   100     -128.9044 kcal/mol        0.0125 kcal/(mol*A)
xmin   110     -128.9047 kcal/mol        0.0224 kcal/(mol*A)
xmin   120     -128.9048 kcal/mol        0.0142 kcal/(mol*A)
xmin   130     -128.9049 kcal/mol        0.0068 kcal/(mol*A)
xmin   140     -128.9050 kcal/mol        0.0129 kcal/(mol*A)
xmin   150     -128.9050 kcal/mol        0.0060 kcal/(mol*A)
xmin   160     -128.9050 kcal/mol        0.0058 kcal/(mol*A)
xmin   170     -128.9050 kcal/mol        0.0021 kcal/(mol*A)
xmin   180     -128.9050 kcal/mol        0.0015 kcal/(mol*A)
xmin   190     -128.9050 kcal/mol        0.0006 kcal/(mol*A)
  ... geometry converged !
 
 Final MO eigenvalues (eV):
 -41.6500  -39.6882  -39.5229  -38.3547  -37.9325  -36.7865  -31.3703  -30.9292
 -28.4366  -27.4503  -25.6977  -23.6789  -22.1221  -20.0255  -19.3167  -18.3852
 -17.6525  -17.1720  -16.8823  -16.4767  -16.4075  -16.0702  -15.6856  -15.1503
 -14.9218  -14.5147  -14.3814  -13.7620  -13.6058  -13.1384  -12.8913  -12.6659
 -12.2336  -11.7482  -11.3465  -10.7788   -9.6396   -9.2779   -0.7430   -0.2828
   0.9674    1.1136    1.7583    2.1887    2.3881    2.7092    2.9280    3.2934
   3.4777    3.7362    3.7581    3.8814    3.9047    3.9612    4.0810    4.1784
   4.3011    4.4557    4.5276    4.7469    4.7941    5.5617    5.8330    6.1233
   6.2357

 Heat of formation   =       -128.90504881 kcal/mol  (       -5.58974237 eV)

 Total SCF energy    =     -67585.12544531 kcal/mol  (    -2930.71095986 eV)
 Electronic energy   =    -336691.96750621 kcal/mol  (   -14600.05929952 eV)
 Core-core repulsion =     269106.84206090 kcal/mol  (    11669.34833966 eV)
 
    Atomic Charges for Step       1 :
  Atom    Element       Mulliken Charge
     1      C                 -0.110
     2      C                 -0.169
     3      C                 -0.006
     4      C                  0.078
     5      C                  0.035
     6      C                 -0.028
     7      C                  0.227
     8      C                 -0.071
     9      C                 -0.076
    10      O                 -0.292
    11      O                 -0.235
    12      O                 -0.230
    13      O                 -0.199
    14      Cl                 0.017
    15      H                  0.169
    16      H                  0.112
    17      H                  0.110
    18      H                  0.080
    19      H                  0.082
    20      H                  0.106
    21      H                  0.069
    22      H                  0.088
    23      H                  0.243
 Total Mulliken Charge =      -0.000
 
                  X        Y        Z     TOTAL  
  QM DIPOLE     1.194   -1.955   -0.867    2.450
 
 Final Structure

  QMMM: QM Region Cartesian Coordinates (*=link atom) 
  QMMM: QM_NO.   MM_NO.  ATOM         X         Y         Z
  QMMM:     1        1      C        2.7318   -1.7418    3.3567
  QMMM:     2        2      C        1.5748   -0.9521    3.4108
  QMMM:     3        3      C        3.2739   -2.1105    2.1301
  QMMM:     4        4      C        2.6694   -1.6833    0.9253
  QMMM:     5        5      C        1.5070   -0.8877    0.9770
  QMMM:     6        6      C        0.9552   -0.5332    2.2233
  QMMM:     7        7      C        1.0448   -0.5881    4.7394
  QMMM:     8        8      C        5.1532   -3.1644    3.1413
  QMMM:     9        9      C        0.3732   -1.3232   -1.0483
  QMMM:    10       10      O        1.5667   -0.9675    5.7910
  QMMM:    11       11      O        3.1514   -2.0306   -0.3091
  QMMM:    12       12      O        4.3970   -2.9029    1.9622
  QMMM:    13       13      O        0.9736   -0.3559   -0.1830
  QMMM:    14       14      Cl      -0.4582    0.4095    2.2737
  QMMM:    15       15      H        3.1942   -2.0608    4.3058
  QMMM:    16       16      H        0.1382    0.0570    4.7447
  QMMM:    17       17      H        6.0451   -3.7214    2.7568
  QMMM:    18       18      H        4.5635   -3.8004    3.8456
  QMMM:    19       19      H        5.4609   -2.2109    3.6345
  QMMM:    20       20      H        0.0098   -0.7065   -1.9081
  QMMM:    21       21      H       -0.4781   -1.8291   -0.5332
  QMMM:    22       22      H        1.1318   -2.0705   -1.3849
  QMMM:    23       23      H        3.9908   -2.5035   -0.1849

           --------- Calculation Completed ----------

