            --------------------------------------------------------
                             AMBER SQM VERSION 19
 
                                     By
              Ross C. Walker, Michael F. Crowley, Scott Brozell,
                         Tim Giese, Andreas W. Goetz,
                        Tai-Sung Lee and David A. Case
 
            --------------------------------------------------------
 

--------------------------------------------------------------------------------
  QM CALCULATION INFO
--------------------------------------------------------------------------------

| QMMM: Citation for AMBER QMMM Run:
| QMMM: R.C. Walker, M.F. Crowley and D.A. Case, J. COMP. CHEM. 29:1019, 2008

QMMM: SINGLET STATE CALCULATION
QMMM: RHF CALCULATION, NO. OF DOUBLY OCCUPIED LEVELS = 27

| QMMM: *** Selected Hamiltonian *** 
| QMMM: AM1         

| QMMM: *** Parameter sets in use ***
| QMMM: C : M.J.S.DEWAR et al. JACS, 107, 3902, (1985)
| QMMM: H : M.J.S.DEWAR et al. JACS, 107, 3902, (1985)

| QMMM: *** SCF convergence criteria ***
| QMMM: Energy change                :  0.1D-09 kcal/mol
| QMMM: Error matrix |FP-PF|         :  0.1D+00 au
| QMMM: Density matrix change        :  0.5D-06
| QMMM: Maximum number of SCF cycles :     1000

| QMMM: *** Diagonalization Routine Information ***
| QMMM: Pseudo diagonalizations are allowed.
| QMMM: Auto diagonalization routine selection is in use.
| QMMM:
| QMMM: Timing diagonalization routines:
| QMMM:                              norbs =       54
| QMMM:    diag iterations used for timing =       15
| QMMM:
| QMMM:              Internal diag routine = 0.005318 seconds
| QMMM:                 Dspev diag routine = 0.029188 seconds
| QMMM:                Dspevd diag routine = 0.012026 seconds
| QMMM:                Dspevx diag routine = 0.036243 seconds
| QMMM:                 Dsyev diag routine = 0.005764 seconds
| QMMM:                Dsyevd diag routine = 0.002967 seconds
| QMMM:                Dsyevr diag routine = 0.004460 seconds
| QMMM:
| QMMM:                Pseudo diag routine = 0.001166 seconds
| QMMM:
| QMMM: Using dsyevd routine (diag_routine=6).

  QMMM: QM Region Cartesian Coordinates (*=link atom) 
  QMMM: QM_NO.   MM_NO.  ATOM         X         Y         Z
  QMMM:     1        1      C       -2.1380   -2.7710    3.5730
  QMMM:     2        2      C       -0.9810   -2.0190    3.3700
  QMMM:     3        3      C       -3.2800   -2.5130    2.8140
  QMMM:     4        4      C       -0.9660   -1.0090    2.4080
  QMMM:     5        5      C       -3.2650   -1.5020    1.8530
  QMMM:     6        6      C       -2.1080   -0.7840    1.6810
  QMMM:     7        7      C       -1.0060    0.0250   -0.4340
  QMMM:     8        8      C       -1.7780    1.6830    1.2950
  QMMM:     9        9      C       -3.4290    0.4950   -0.1340
  QMMM:    10       10      C       -2.0900    0.3300    0.6220
  QMMM:    11       11      H       -2.1510   -3.5580    4.3220
  QMMM:    12       12      H       -0.0920   -2.2210    3.9610
  QMMM:    13       13      H       -4.1810   -3.0980    2.9730
  QMMM:    14       14      H       -0.0590   -0.4280    2.2570
  QMMM:    15       15      H       -4.1590   -1.3080    1.2660
  QMMM:    16       16      H       -0.9950    0.7880   -1.2210
  QMMM:    17       17      H        0.0000    0.0000    0.0000
  QMMM:    18       18      H       -1.1820   -0.9450   -0.9120
  QMMM:    19       19      H       -0.7880    1.6940    1.7650
  QMMM:    20       20      H       -1.7940    2.5020    0.5660
  QMMM:    21       21      H       -2.5140    1.9160    2.0740
  QMMM:    22       22      H       -3.3660    1.2990   -0.8770
  QMMM:    23       23      H       -3.7040   -0.4190   -0.6720
  QMMM:    24       24      H       -4.2480    0.7500    0.5480

--------------------------------------------------------------------------------
  RESULTS
--------------------------------------------------------------------------------

      iter         sqm energy              rms gradient
      ----    -------------------    -----------------------
xmin    10        3.5009 kcal/mol        0.3217 kcal/(mol*A)
xmin    20        3.4927 kcal/mol        0.0407 kcal/(mol*A)
xmin    30        3.4924 kcal/mol        0.0136 kcal/(mol*A)
xmin    40        3.4923 kcal/mol        0.0056 kcal/(mol*A)
  ... geometry converged !
 
 Final MO eigenvalues (eV):
 -40.0365  -36.8821  -31.4688  -30.4732  -27.8344  -27.8051  -23.6680  -22.7979
 -20.0032  -17.6503  -15.9434  -15.7369  -15.0706  -15.0289  -14.3775  -14.0541
 -13.5027  -12.8752  -12.7982  -12.6255  -12.4420  -12.1773  -11.8148  -11.4773
 -11.3166   -9.5828   -9.3564    0.5618    0.6390    2.9746    3.6170    3.7727
   4.0196    4.0971    4.1898    4.2118    4.3271    4.5003    4.5771    4.5771
   4.6815    4.7261    4.8683    4.8789    4.9865    5.0246    5.1453    5.2223
   5.2401    5.2741    5.6956    5.7201    5.8385    6.1977

 Heat of formation   =          3.49231565 kcal/mol  (        0.15143817 eV)

 Total SCF energy    =     -33975.54798134 kcal/mol  (    -1473.29031618 eV)
 Electronic energy   =    -186750.53443752 kcal/mol  (    -8098.11085545 eV)
 Core-core repulsion =     152774.98645618 kcal/mol  (     6624.82053927 eV)
 
    Atomic Charges for Step       1 :
  Atom    Element       Mulliken Charge
     1      C                 -0.134
     2      C                 -0.130
     3      C                 -0.130
     4      C                 -0.129
     5      C                 -0.128
     6      C                 -0.057
     7      C                 -0.203
     8      C                 -0.203
     9      C                 -0.205
    10      C                 -0.017
    11      H                  0.130
    12      H                  0.129
    13      H                  0.129
    14      H                  0.130
    15      H                  0.133
    16      H                  0.074
    17      H                  0.075
    18      H                  0.079
    19      H                  0.075
    20      H                  0.074
    21      H                  0.079
    22      H                  0.075
    23      H                  0.077
    24      H                  0.077
 Total Mulliken Charge =       0.000
 
                  X        Y        Z     TOTAL  
  QM DIPOLE     0.009    0.227   -0.214    0.312
 
 Final Structure

  QMMM: QM Region Cartesian Coordinates (*=link atom) 
  QMMM: QM_NO.   MM_NO.  ATOM         X         Y         Z
  QMMM:     1        1      C       -2.1290   -2.7756    3.5806
  QMMM:     2        2      C       -0.9823   -2.0122    3.3610
  QMMM:     3        3      C       -3.2743   -2.5247    2.8288
  QMMM:     4        4      C       -0.9850   -1.0075    2.3971
  QMMM:     5        5      C       -3.2777   -1.5179    1.8625
  QMMM:     6        6      C       -2.1335   -0.7458    1.6335
  QMMM:     7        7      C       -1.0095    0.0380   -0.4274
  QMMM:     8        8      C       -1.7728    1.6776    1.2836
  QMMM:     9        9      C       -3.4182    0.5031   -0.1363
  QMMM:    10       10      C       -2.0936    0.3500    0.6013
  QMMM:    11       11      H       -2.1278   -3.5691    4.3414
  QMMM:    12       12      H       -0.0733   -2.2033    3.9500
  QMMM:    13       13      H       -4.1831   -3.1217    2.9951
  QMMM:    14       14      H       -0.0731   -0.4129    2.2344
  QMMM:    15       15      H       -4.1984   -1.3450    1.2858
  QMMM:    16       16      H       -0.9747    0.8437   -1.1995
  QMMM:    17       17      H       -0.0089   -0.0279    0.0623
  QMMM:    18       18      H       -1.2247   -0.9335   -0.9325
  QMMM:    19       19      H       -0.7805    1.6298    1.7918
  QMMM:    20       20      H       -1.7449    2.4974    0.5262
  QMMM:    21       21      H       -2.5527    1.9190    2.0444
  QMMM:    22       22      H       -3.3367    1.3256   -0.8880
  QMMM:    23       23      H       -3.6807   -0.4390   -0.6742
  QMMM:    24       24      H       -4.2385    0.7588    0.5761

           --------- Calculation Completed ----------

