            --------------------------------------------------------
                             AMBER SQM VERSION 19
 
                                     By
              Ross C. Walker, Michael F. Crowley, Scott Brozell,
                         Tim Giese, Andreas W. Goetz,
                        Tai-Sung Lee and David A. Case
 
            --------------------------------------------------------
 

--------------------------------------------------------------------------------
  QM CALCULATION INFO
--------------------------------------------------------------------------------

| QMMM: Citation for AMBER QMMM Run:
| QMMM: R.C. Walker, M.F. Crowley and D.A. Case, J. COMP. CHEM. 29:1019, 2008

QMMM: SINGLET STATE CALCULATION
QMMM: RHF CALCULATION, NO. OF DOUBLY OCCUPIED LEVELS = 29

| QMMM: *** Selected Hamiltonian *** 
| QMMM: AM1         

| QMMM: *** Parameter sets in use ***
| QMMM: C : M.J.S.DEWAR et al. JACS, 107, 3902, (1985)
| QMMM: O : M.J.S.DEWAR et al. JACS, 107, 3902, (1985)
| QMMM: H : M.J.S.DEWAR et al. JACS, 107, 3902, (1985)

| QMMM: *** SCF convergence criteria ***
| QMMM: Energy change                :  0.1D-09 kcal/mol
| QMMM: Error matrix |FP-PF|         :  0.1D+00 au
| QMMM: Density matrix change        :  0.5D-06
| QMMM: Maximum number of SCF cycles :     1000

| QMMM: *** Diagonalization Routine Information ***
| QMMM: Pseudo diagonalizations are allowed.
| QMMM: Auto diagonalization routine selection is in use.
| QMMM:
| QMMM: Timing diagonalization routines:
| QMMM:                              norbs =       50
| QMMM:    diag iterations used for timing =       20
| QMMM:
| QMMM:              Internal diag routine = 0.005748 seconds
| QMMM:                 Dspev diag routine = 0.012550 seconds
| QMMM:                Dspevd diag routine = 0.009280 seconds
| QMMM:                Dspevx diag routine = 0.035919 seconds
| QMMM:                 Dsyev diag routine = 0.010154 seconds
| QMMM:                Dsyevd diag routine = 0.008191 seconds
| QMMM:                Dsyevr diag routine = 0.006517 seconds
| QMMM:
| QMMM:                Pseudo diag routine = 0.001115 seconds
| QMMM:
| QMMM: Using internal diagonalization routine (diag_routine=1).

  QMMM: QM Region Cartesian Coordinates (*=link atom) 
  QMMM: QM_NO.   MM_NO.  ATOM         X         Y         Z
  QMMM:     1        1      C       -0.7130    1.3210   -1.5480
  QMMM:     2        2      C       -4.7450   -2.1210   -2.4720
  QMMM:     3        3      C       -0.1310    1.1110   -0.1830
  QMMM:     4        4      C       -4.3200   -3.5310   -2.1960
  QMMM:     5        5      C       -2.5900    0.8100   -2.8900
  QMMM:     6        6      C       -3.9060    0.0610   -2.8220
  QMMM:     7        7      O       -0.1670    1.9650   -2.4340
  QMMM:     8        8      O       -5.9100   -1.7680   -2.5950
  QMMM:     9        9      O       -1.9190    0.6900   -1.6320
  QMMM:    10       10      O       -3.6450   -1.3130   -2.5610
  QMMM:    11       11      H        0.0290    0.0440   -0.0080
  QMMM:    12       12      H       -0.7990    1.5300    0.5730
  QMMM:    13       13      H        0.8340    1.6230   -0.1180
  QMMM:    14       14      H       -3.7870   -3.5780   -1.2430
  QMMM:    15       15      H       -3.6870   -3.8930   -3.0100
  QMMM:    16       16      H       -5.2050   -4.1710   -2.1330
  QMMM:    17       17      H       -2.7510    1.8740   -3.0900
  QMMM:    18       18      H       -1.9460    0.3830   -3.6640
  QMMM:    19       19      H       -4.4490    0.1300   -3.7700
  QMMM:    20       20      H       -4.5280    0.4510   -2.0110

--------------------------------------------------------------------------------
  RESULTS
--------------------------------------------------------------------------------

      iter         sqm energy              rms gradient
      ----    -------------------    -----------------------
xmin    10     -185.3573 kcal/mol        0.5509 kcal/(mol*A)
xmin    20     -185.5460 kcal/mol        0.2524 kcal/(mol*A)
xmin    30     -185.6657 kcal/mol        0.1470 kcal/(mol*A)
xmin    40     -185.7137 kcal/mol        0.1388 kcal/(mol*A)
xmin    50     -185.7673 kcal/mol        0.2075 kcal/(mol*A)
xmin    60     -185.8178 kcal/mol        0.0767 kcal/(mol*A)
xmin    70     -185.8331 kcal/mol        0.1196 kcal/(mol*A)
xmin    80     -185.8387 kcal/mol        0.0911 kcal/(mol*A)
xmin    90     -185.8443 kcal/mol        0.0968 kcal/(mol*A)
xmin   100     -185.8516 kcal/mol        0.0716 kcal/(mol*A)
xmin   110     -185.8597 kcal/mol        0.0474 kcal/(mol*A)
xmin   120     -185.8628 kcal/mol        0.0369 kcal/(mol*A)
xmin   130     -185.8658 kcal/mol        0.0293 kcal/(mol*A)
xmin   140     -185.8693 kcal/mol        0.0335 kcal/(mol*A)
xmin   150     -185.8734 kcal/mol        0.0605 kcal/(mol*A)
xmin   160     -185.8772 kcal/mol        0.2458 kcal/(mol*A)
xmin   170     -185.8811 kcal/mol        0.0190 kcal/(mol*A)
xmin   180     -185.8838 kcal/mol        0.0381 kcal/(mol*A)
xmin   190     -185.8864 kcal/mol        0.0173 kcal/(mol*A)
xmin   200     -185.8878 kcal/mol        0.1066 kcal/(mol*A)
xmin   210     -185.8915 kcal/mol        0.0125 kcal/(mol*A)
xmin   220     -185.8930 kcal/mol        0.0601 kcal/(mol*A)
xmin   230     -185.8940 kcal/mol        0.0190 kcal/(mol*A)
xmin   240     -185.8959 kcal/mol        0.0093 kcal/(mol*A)
xmin   250     -185.8968 kcal/mol        0.0160 kcal/(mol*A)
xmin   260     -185.8989 kcal/mol        0.0203 kcal/(mol*A)
xmin   270     -185.8992 kcal/mol        0.0104 kcal/(mol*A)
xmin   280     -185.8995 kcal/mol        0.0459 kcal/(mol*A)
xmin   290     -185.8999 kcal/mol        0.0105 kcal/(mol*A)
xmin   300     -185.9004 kcal/mol        0.0361 kcal/(mol*A)
xmin   310     -185.9009 kcal/mol        0.0498 kcal/(mol*A)
xmin   320     -185.9011 kcal/mol        0.0082 kcal/(mol*A)
xmin   330     -185.9014 kcal/mol        0.0092 kcal/(mol*A)
xmin   340     -185.9016 kcal/mol        0.0104 kcal/(mol*A)
xmin   350     -185.9017 kcal/mol        0.0266 kcal/(mol*A)
xmin   360     -185.9019 kcal/mol        0.0048 kcal/(mol*A)
xmin   370     -185.9020 kcal/mol        0.0046 kcal/(mol*A)
xmin   380     -185.9021 kcal/mol        0.0127 kcal/(mol*A)
xmin   390     -185.9022 kcal/mol        0.0049 kcal/(mol*A)
xmin   400     -185.9024 kcal/mol        0.0099 kcal/(mol*A)
xmin   410     -185.9025 kcal/mol        0.0030 kcal/(mol*A)
xmin   420     -185.9025 kcal/mol        0.0021 kcal/(mol*A)
xmin   430     -185.9026 kcal/mol        0.0018 kcal/(mol*A)
xmin   440     -185.9026 kcal/mol        0.0040 kcal/(mol*A)
xmin   450     -185.9027 kcal/mol        0.0057 kcal/(mol*A)
xmin   460     -185.9027 kcal/mol        0.0060 kcal/(mol*A)
xmin   470     -185.9027 kcal/mol        0.0022 kcal/(mol*A)
xmin   480     -185.9028 kcal/mol        0.0016 kcal/(mol*A)
xmin   490     -185.9028 kcal/mol        0.0126 kcal/(mol*A)
xmin   500     -185.9028 kcal/mol        0.0016 kcal/(mol*A)
xmin   510     -185.9028 kcal/mol        0.0058 kcal/(mol*A)
xmin   520     -185.9028 kcal/mol        0.0057 kcal/(mol*A)
xmin   530     -185.9028 kcal/mol        0.0017 kcal/(mol*A)
xmin   540     -185.9029 kcal/mol        0.0019 kcal/(mol*A)
xmin   550     -185.9029 kcal/mol        0.0074 kcal/(mol*A)
xmin   560     -185.9029 kcal/mol        0.0038 kcal/(mol*A)
xmin   570     -185.9029 kcal/mol        0.0057 kcal/(mol*A)
xmin   580     -185.9029 kcal/mol        0.0008 kcal/(mol*A)
xmin   590     -185.9029 kcal/mol        0.0009 kcal/(mol*A)
xmin   600     -185.9029 kcal/mol        0.0005 kcal/(mol*A)
  ... geometry converged !
 
 Final MO eigenvalues (eV):
 -41.1239  -40.5879  -37.4660  -36.6957  -32.6433  -31.4971  -29.9353  -24.0734
 -22.1071  -22.0714  -18.6944  -18.6113  -17.4995  -17.2007  -17.1171  -16.3809
 -14.9353  -14.7859  -14.4343  -13.9007  -13.8753  -13.7010  -13.2098  -13.0695
 -12.6300  -11.7283  -11.7067  -11.3734  -11.3195    1.0357    1.0405    1.7634
   2.0508    3.3889    3.4542    3.7169    3.7972    3.8528    3.8717    3.8840
   3.9177    4.0598    4.1990    4.2173    4.4223    4.4457    5.3765    5.4134
   6.6764    6.6867

 Heat of formation   =       -185.90289493 kcal/mol  (       -8.06135445 eV)

 Total SCF energy    =     -50473.71120088 kcal/mol  (    -2188.70435805 eV)
 Electronic energy   =    -214816.52395997 kcal/mol  (    -9315.14348727 eV)
 Core-core repulsion =     164342.81275909 kcal/mol  (     7126.43912923 eV)
 
    Atomic Charges for Step       1 :
  Atom    Element       Mulliken Charge
     1      C                  0.306
     2      C                  0.306
     3      C                 -0.218
     4      C                 -0.218
     5      C                 -0.017
     6      C                 -0.017
     7      O                 -0.355
     8      O                 -0.355
     9      O                 -0.282
    10      O                 -0.282
    11      H                  0.118
    12      H                  0.114
    13      H                  0.117
    14      H                  0.118
    15      H                  0.114
    16      H                  0.117
    17      H                  0.100
    18      H                  0.117
    19      H                  0.100
    20      H                  0.117
 Total Mulliken Charge =      -0.000
 
                  X        Y        Z     TOTAL  
  QM DIPOLE     0.726   -1.145    1.157    1.782
 
 Final Structure

  QMMM: QM Region Cartesian Coordinates (*=link atom) 
  QMMM: QM_NO.   MM_NO.  ATOM         X         Y         Z
  QMMM:     1        1      C       -0.6554    1.2951   -1.5134
  QMMM:     2        2      C       -4.7398   -2.1939   -2.4061
  QMMM:     3        3      C       -0.1485    1.4543   -0.1232
  QMMM:     4        4      C       -4.4273   -3.6466   -2.4894
  QMMM:     5        5      C       -2.5171    0.6608   -2.8678
  QMMM:     6        6      C       -3.8788    0.0204   -2.6479
  QMMM:     7        7      O       -0.0694    1.5021   -2.5780
  QMMM:     8        8      O       -5.8024   -1.6483   -2.1020
  QMMM:     9        9      O       -1.9528    0.8618   -1.5627
  QMMM:    10       10      O       -3.6716   -1.3987   -2.7224
  QMMM:    11       11      H        0.7032    0.7472    0.0323
  QMMM:    12       12      H       -0.9504    1.2397    0.6235
  QMMM:    13       13      H        0.2175    2.5017    0.0111
  QMMM:    14       14      H       -4.5454   -4.0988   -1.4740
  QMMM:    15       15      H       -3.3840   -3.8127   -2.8508
  QMMM:    16       16      H       -5.1484   -4.1325   -3.1915
  QMMM:    17       17      H       -2.6260    1.6588   -3.3659
  QMMM:    18       18      H       -1.8388    0.0040   -3.4724
  QMMM:    19       19      H       -4.5912    0.3190   -3.4598
  QMMM:    20       20      H       -4.3083    0.2844   -1.6465

           --------- Calculation Completed ----------

