            --------------------------------------------------------
                             AMBER SQM VERSION 19
 
                                     By
              Ross C. Walker, Michael F. Crowley, Scott Brozell,
                         Tim Giese, Andreas W. Goetz,
                        Tai-Sung Lee and David A. Case
 
            --------------------------------------------------------
 

--------------------------------------------------------------------------------
  QM CALCULATION INFO
--------------------------------------------------------------------------------

| QMMM: Citation for AMBER QMMM Run:
| QMMM: R.C. Walker, M.F. Crowley and D.A. Case, J. COMP. CHEM. 29:1019, 2008

QMMM: SINGLET STATE CALCULATION
QMMM: RHF CALCULATION, NO. OF DOUBLY OCCUPIED LEVELS = 36

| QMMM: *** Selected Hamiltonian *** 
| QMMM: AM1         

| QMMM: *** Parameter sets in use ***
| QMMM: C : M.J.S.DEWAR et al. JACS, 107, 3902, (1985)
| QMMM: O : M.J.S.DEWAR et al. JACS, 107, 3902, (1985)
| QMMM: H : M.J.S.DEWAR et al. JACS, 107, 3902, (1985)

| QMMM: *** SCF convergence criteria ***
| QMMM: Energy change                :  0.1D-09 kcal/mol
| QMMM: Error matrix |FP-PF|         :  0.1D+00 au
| QMMM: Density matrix change        :  0.5D-06
| QMMM: Maximum number of SCF cycles :     1000

| QMMM: *** Diagonalization Routine Information ***
| QMMM: Pseudo diagonalizations are allowed.
| QMMM: Auto diagonalization routine selection is in use.
| QMMM:
| QMMM: Timing diagonalization routines:
| QMMM:                              norbs =       60
| QMMM:    diag iterations used for timing =       15
| QMMM:
| QMMM:              Internal diag routine = 0.014995 seconds
| QMMM:                 Dspev diag routine = 0.067835 seconds
| QMMM:                Dspevd diag routine = 0.006041 seconds
| QMMM:                Dspevx diag routine = 0.025089 seconds
| QMMM:                 Dsyev diag routine = 0.004970 seconds
| QMMM:                Dsyevd diag routine = 0.003564 seconds
| QMMM:                Dsyevr diag routine = 0.005451 seconds
| QMMM:
| QMMM:                Pseudo diag routine = 0.001326 seconds
| QMMM:
| QMMM: Using dsyevd routine (diag_routine=6).

  QMMM: QM Region Cartesian Coordinates (*=link atom) 
  QMMM: QM_NO.   MM_NO.  ATOM         X         Y         Z
  QMMM:     1        1      C       -1.4240   -1.4910   -0.6420
  QMMM:     2        2      C       -0.7390   -0.1330   -0.8000
  QMMM:     3        3      C       -0.4800   -2.6340   -1.0160
  QMMM:     4        4      C       -0.0640   -0.0220   -2.1700
  QMMM:     5        5      C        0.2030   -2.3730   -2.3590
  QMMM:     6        6      C        0.7250    1.2760   -2.3060
  QMMM:     7        7      O        0.8520   -1.1030   -2.3510
  QMMM:     8        8      O       -1.8480   -1.6520    0.7120
  QMMM:     9        9      O       -1.7100    0.9020   -0.6670
  QMMM:    10       10      O       -1.2210   -3.8520   -1.0860
  QMMM:    11       11      O        1.1670   -3.4050   -2.5670
  QMMM:    12       12      O        1.3270    1.3050   -3.5870
  QMMM:    13       13      H       -2.3370   -1.5300   -1.2480
  QMMM:    14       14      H        0.0000    0.0020   -0.0010
  QMMM:    15       15      H        0.2720   -2.7730   -0.2310
  QMMM:    16       16      H       -0.8140   -0.0420   -2.9720
  QMMM:    17       17      H       -0.5170   -2.4240   -3.1850
  QMMM:    18       18      H        1.5010    1.3220   -1.5420
  QMMM:    19       19      H        0.0560    2.1310   -2.2030
  QMMM:    20       20      H       -1.0490   -1.6000    1.2570
  QMMM:    21       21      H       -2.3640    0.7580   -1.3690
  QMMM:    22       22      H       -1.8990   -3.7220   -1.7660
  QMMM:    23       23      H        1.5860   -3.2200   -3.4210
  QMMM:    24       24      H        1.8230    2.1390   -3.6510

--------------------------------------------------------------------------------
  RESULTS
--------------------------------------------------------------------------------

      iter         sqm energy              rms gradient
      ----    -------------------    -----------------------
xmin    10     -294.6931 kcal/mol        0.6252 kcal/(mol*A)
xmin    20     -295.4161 kcal/mol        0.3274 kcal/(mol*A)
xmin    30     -295.5095 kcal/mol        0.1429 kcal/(mol*A)
xmin    40     -296.9677 kcal/mol        0.6405 kcal/(mol*A)
xmin    50     -298.1178 kcal/mol        0.3394 kcal/(mol*A)
xmin    60     -298.2625 kcal/mol        0.2544 kcal/(mol*A)
xmin    70     -298.3107 kcal/mol        0.1675 kcal/(mol*A)
xmin    80     -298.3250 kcal/mol        0.0129 kcal/(mol*A)
xmin    90     -298.3256 kcal/mol        0.0042 kcal/(mol*A)
xmin   100     -298.3257 kcal/mol        0.0033 kcal/(mol*A)
xmin   110     -298.3257 kcal/mol        0.0015 kcal/(mol*A)
  ... geometry converged !
 
 Final MO eigenvalues (eV):
 -42.0904  -39.4223  -39.1870  -37.9288  -37.1447  -36.7480  -32.0508  -30.9000
 -27.1127  -24.8536  -23.6860  -22.8519  -19.8246  -19.3848  -18.9416  -18.4105
 -18.0710  -17.6332  -17.1388  -16.6586  -15.9867  -15.4464  -15.2355  -14.9614
 -14.8467  -14.5434  -14.1741  -13.5476  -13.0000  -12.8408  -12.7222  -12.2918
 -11.9186  -11.4236  -10.9096  -10.8089    1.9442    2.3321    2.5294    2.6839
   2.7918    2.9109    3.1462    3.1766    3.3514    3.4413    3.5108    3.6035
   3.7147    3.8521    3.9249    4.0420    4.2862    4.4306    5.4813    5.6121
   5.7631    5.8665    5.9028    6.0907

 Heat of formation   =       -298.32572201 kcal/mol  (      -12.93637405 eV)

 Total SCF energy    =     -65914.22409550 kcal/mol  (    -2858.25524025 eV)
 Electronic energy   =    -327326.73723676 kcal/mol  (   -14193.95244078 eV)
 Core-core repulsion =     261412.51314126 kcal/mol  (    11335.69720052 eV)
 
    Atomic Charges for Step       1 :
  Atom    Element       Mulliken Charge
     1      C                 -0.040
     2      C                 -0.027
     3      C                 -0.022
     4      C                 -0.030
     5      C                  0.136
     6      C                 -0.012
     7      O                 -0.321
     8      O                 -0.297
     9      O                 -0.302
    10      O                 -0.285
    11      O                 -0.308
    12      O                 -0.320
    13      H                  0.115
    14      H                  0.130
    15      H                  0.146
    16      H                  0.094
    17      H                  0.076
    18      H                  0.083
    19      H                  0.131
    20      H                  0.211
    21      H                  0.209
    22      H                  0.200
    23      H                  0.227
    24      H                  0.207
 Total Mulliken Charge =      -0.000
 
                  X        Y        Z     TOTAL  
  QM DIPOLE    -0.365    0.101   -1.143    1.204
 
 Final Structure

  QMMM: QM Region Cartesian Coordinates (*=link atom) 
  QMMM: QM_NO.   MM_NO.  ATOM         X         Y         Z
  QMMM:     1        1      C       -1.4628   -1.4730   -0.7606
  QMMM:     2        2      C       -0.7257   -0.1255   -0.8048
  QMMM:     3        3      C       -0.4550   -2.5994   -1.0385
  QMMM:     4        4      C       -0.1040    0.0442   -2.2001
  QMMM:     5        5      C        0.2287   -2.3248   -2.3957
  QMMM:     6        6      C        0.7269    1.3287   -2.2798
  QMMM:     7        7      O        0.8013   -1.0243   -2.4747
  QMMM:     8        8      O       -2.1495   -1.6543    0.4557
  QMMM:     9        9      O       -1.5707    0.9602   -0.4924
  QMMM:    10       10      O       -1.0709   -3.8650   -1.0197
  QMMM:    11       11      O        1.3575   -3.1515   -2.4998
  QMMM:    12       12      O        1.0924    1.6146   -3.6110
  QMMM:    13       13      H       -2.2836   -1.4886   -1.5356
  QMMM:    14       14      H        0.0817   -0.0912   -0.0193
  QMMM:    15       15      H        0.3254   -2.6571   -0.2279
  QMMM:    16       16      H       -0.9084    0.0569   -2.9870
  QMMM:    17       17      H       -0.4822   -2.4899   -3.2541
  QMMM:    18       18      H        1.6357    1.2364   -1.6289
  QMMM:    19       19      H        0.0944    2.1954   -1.9472
  QMMM:    20       20      H       -1.4900   -1.7295    1.1574
  QMMM:    21       21      H       -2.4270    0.7989   -0.9089
  QMMM:    22       22      H       -1.7911   -3.8522   -1.6632
  QMMM:    23       23      H        1.9733   -2.7363   -3.1213
  QMMM:    24       24      H        1.6498    0.8864   -3.9136

           --------- Calculation Completed ----------

