            --------------------------------------------------------
                             AMBER SQM VERSION 19
 
                                     By
              Ross C. Walker, Michael F. Crowley, Scott Brozell,
                         Tim Giese, Andreas W. Goetz,
                        Tai-Sung Lee and David A. Case
 
            --------------------------------------------------------
 

--------------------------------------------------------------------------------
  QM CALCULATION INFO
--------------------------------------------------------------------------------

| QMMM: Citation for AMBER QMMM Run:
| QMMM: R.C. Walker, M.F. Crowley and D.A. Case, J. COMP. CHEM. 29:1019, 2008

QMMM: SINGLET STATE CALCULATION
QMMM: RHF CALCULATION, NO. OF DOUBLY OCCUPIED LEVELS = 16

| QMMM: *** Selected Hamiltonian *** 
| QMMM: AM1         

| QMMM: *** Parameter sets in use ***
| QMMM: C : M.J.S.DEWAR et al. JACS, 107, 3902, (1985)
| QMMM: Br: M.J.S.DEWAR et al. THEOCHEM, 180, 1, (1988)
| QMMM: H : M.J.S.DEWAR et al. JACS, 107, 3902, (1985)

| QMMM: *** SCF convergence criteria ***
| QMMM: Energy change                :  0.1D-09 kcal/mol
| QMMM: Error matrix |FP-PF|         :  0.1D+00 au
| QMMM: Density matrix change        :  0.5D-06
| QMMM: Maximum number of SCF cycles :     1000

| QMMM: *** Diagonalization Routine Information ***
| QMMM: Pseudo diagonalizations are allowed.
| QMMM: Auto diagonalization routine selection is in use.
| QMMM:
| QMMM: Timing diagonalization routines:
| QMMM:                              norbs =       29
| QMMM:    diag iterations used for timing =       20
| QMMM:
| QMMM:              Internal diag routine = 0.001938 seconds
| QMMM:                 Dspev diag routine = 0.008110 seconds
| QMMM:                Dspevd diag routine = 0.007538 seconds
| QMMM:                Dspevx diag routine = 0.026437 seconds
| QMMM:                 Dsyev diag routine = 0.004815 seconds
| QMMM:                Dsyevd diag routine = 0.003092 seconds
| QMMM:                Dsyevr diag routine = 0.004161 seconds
| QMMM:
| QMMM:                Pseudo diag routine = 0.000681 seconds
| QMMM:
| QMMM: Using internal diagonalization routine (diag_routine=1).

  QMMM: QM Region Cartesian Coordinates (*=link atom) 
  QMMM: QM_NO.   MM_NO.  ATOM         X         Y         Z
  QMMM:     1        1      C        0.3900   -0.1780   -1.0080
  QMMM:     2        2      C       -0.7000    1.9370   -1.7720
  QMMM:     3        3      C        0.0070    0.2530   -3.4790
  QMMM:     4        4      C       -0.5320    0.4430   -2.0610
  QMMM:     5        5      Br       1.7600    1.0800   -3.6870
  QMMM:     6        6      H        1.3970    0.2500   -1.0590
  QMMM:     7        7      H       -0.0000    0.0000    0.0000
  QMMM:     8        8      H        0.4760   -1.2620   -1.1370
  QMMM:     9        9      H        0.2570    2.4660   -1.8430
  QMMM:    10       10      H       -1.1020    2.0960   -0.7670
  QMMM:    11       11      H       -1.3940    2.3950   -2.4850
  QMMM:    12       12      H       -0.6460    0.6940   -4.2380
  QMMM:    13       13      H        0.1620   -0.8050   -3.7130
  QMMM:    14       14      H       -1.5190   -0.0270   -1.9740

--------------------------------------------------------------------------------
  RESULTS
--------------------------------------------------------------------------------

      iter         sqm energy              rms gradient
      ----    -------------------    -----------------------
xmin    10      -23.9122 kcal/mol        0.1598 kcal/(mol*A)
xmin    20      -23.9374 kcal/mol        0.0453 kcal/(mol*A)
xmin    30      -23.9380 kcal/mol        0.0071 kcal/(mol*A)
xmin    40      -23.9380 kcal/mol        0.0022 kcal/(mol*A)
xmin    50      -23.9380 kcal/mol        0.0009 kcal/(mol*A)
  ... geometry converged !
 
 Final MO eigenvalues (eV):
 -37.2431  -31.5735  -27.9642  -27.1328  -20.8138  -16.4859  -15.5774  -15.1805
 -13.3922  -13.2653  -12.8887  -12.4277  -12.1448  -11.5407  -10.6950  -10.6151
   0.8807    3.4837    3.5280    3.6732    4.1598    4.2719    4.3513    4.4715
   4.7525    4.7579    4.8905    5.0281    5.0568

 Heat of formation   =        -23.93800907 kcal/mol  (       -1.03802997 eV)

 Total SCF energy    =     -22837.72311198 kcal/mol  (     -990.31798760 eV)
 Electronic energy   =     -80669.52297740 kcal/mol  (    -3498.09301320 eV)
 Core-core repulsion =      57831.79986543 kcal/mol  (     2507.77502560 eV)
 
    Atomic Charges for Step       1 :
  Atom    Element       Mulliken Charge
     1      C                 -0.214
     2      C                 -0.214
     3      C                 -0.211
     4      C                 -0.102
     5      Br                -0.054
     6      H                  0.089
     7      H                  0.077
     8      H                  0.075
     9      H                  0.089
    10      H                  0.077
    11      H                  0.075
    12      H                  0.110
    13      H                  0.110
    14      H                  0.092
 Total Mulliken Charge =      -0.000
 
                  X        Y        Z     TOTAL  
  QM DIPOLE    -1.426   -0.533    0.561    1.622
 
 Final Structure

  QMMM: QM Region Cartesian Coordinates (*=link atom) 
  QMMM: QM_NO.   MM_NO.  ATOM         X         Y         Z
  QMMM:     1        1      C        0.3954   -0.1584   -1.0030
  QMMM:     2        2      C       -0.6912    1.9533   -1.7611
  QMMM:     3        3      C        0.0243    0.2418   -3.4552
  QMMM:     4        4      C       -0.4889    0.4818   -2.0511
  QMMM:     5        5      Br       1.7562    0.9849   -3.8683
  QMMM:     6        6      H        1.3939    0.3399   -0.9640
  QMMM:     7        7      H       -0.0814   -0.0678    0.0030
  QMMM:     8        8      H        0.5471   -1.2415   -1.2283
  QMMM:     9        9      H        0.2856    2.4939   -1.7367
  QMMM:    10       10      H       -1.1870    2.0801   -0.7683
  QMMM:    11       11      H       -1.3367    2.4207   -2.5432
  QMMM:    12       12      H       -0.6772    0.6888   -4.1981
  QMMM:    13       13      H        0.1167   -0.8535   -3.6443
  QMMM:    14       14      H       -1.5009   -0.0221   -2.0044

           --------- Calculation Completed ----------

