            --------------------------------------------------------
                             AMBER SQM VERSION 19
 
                                     By
              Ross C. Walker, Michael F. Crowley, Scott Brozell,
                         Tim Giese, Andreas W. Goetz,
                        Tai-Sung Lee and David A. Case
 
            --------------------------------------------------------
 

--------------------------------------------------------------------------------
  QM CALCULATION INFO
--------------------------------------------------------------------------------

| QMMM: Citation for AMBER QMMM Run:
| QMMM: R.C. Walker, M.F. Crowley and D.A. Case, J. COMP. CHEM. 29:1019, 2008

QMMM: SINGLET STATE CALCULATION
QMMM: RHF CALCULATION, NO. OF DOUBLY OCCUPIED LEVELS = 24

| QMMM: *** Selected Hamiltonian *** 
| QMMM: AM1         

| QMMM: *** Parameter sets in use ***
| QMMM: C : M.J.S.DEWAR et al. JACS, 107, 3902, (1985)
| QMMM: O : M.J.S.DEWAR et al. JACS, 107, 3902, (1985)
| QMMM: H : M.J.S.DEWAR et al. JACS, 107, 3902, (1985)

| QMMM: *** SCF convergence criteria ***
| QMMM: Energy change                :  0.1D-09 kcal/mol
| QMMM: Error matrix |FP-PF|         :  0.1D+00 au
| QMMM: Density matrix change        :  0.5D-06
| QMMM: Maximum number of SCF cycles :     1000

| QMMM: *** Diagonalization Routine Information ***
| QMMM: Pseudo diagonalizations are allowed.
| QMMM: Auto diagonalization routine selection is in use.
| QMMM:
| QMMM: Timing diagonalization routines:
| QMMM:                              norbs =       46
| QMMM:    diag iterations used for timing =       20
| QMMM:
| QMMM:              Internal diag routine = 0.010044 seconds
| QMMM:                 Dspev diag routine = 0.018574 seconds
| QMMM:                Dspevd diag routine = 0.006254 seconds
| QMMM:                Dspevx diag routine = 0.029435 seconds
| QMMM:                 Dsyev diag routine = 0.007481 seconds
| QMMM:                Dsyevd diag routine = 0.007009 seconds
| QMMM:                Dsyevr diag routine = 0.009243 seconds
| QMMM:
| QMMM:                Pseudo diag routine = 0.001101 seconds
| QMMM:
| QMMM: Using dspevd routine (diag_routine=3).

  QMMM: QM Region Cartesian Coordinates (*=link atom) 
  QMMM: QM_NO.   MM_NO.  ATOM         X         Y         Z
  QMMM:     1        1      C        2.6510    2.6140    2.8470
  QMMM:     2        2      C        1.0140    0.3950    0.1170
  QMMM:     3        3      C        5.4840    4.5630    4.6450
  QMMM:     4        4      C        2.5200    1.7870    1.5770
  QMMM:     5        5      C        4.0250    3.2150    3.0970
  QMMM:     6        6      C        1.1270    1.1880    1.4080
  QMMM:     7        7      C        4.0920    4.0010    4.4030
  QMMM:     8        8      O        1.7090    2.7840    3.6190
  QMMM:     9        9      H        1.7320   -0.4320    0.1000
  QMMM:    10       10      H        0.0090   -0.0270    0.0170
  QMMM:    11       11      H        1.2030    1.0320   -0.7530
  QMMM:    12       12      H        5.7810    5.2370    3.8350
  QMMM:    13       13      H        5.5080    5.1270    5.5820
  QMMM:    14       14      H        6.2240    3.7600    4.7130
  QMMM:    15       15      H        2.7510    2.4380    0.7260
  QMMM:    16       16      H        3.2680    0.9870    1.6180
  QMMM:    17       17      H        4.2630    3.8730    2.2540
  QMMM:    18       18      H        4.7520    2.3960    3.1170
  QMMM:    19       19      H        0.8960    0.5320    2.2560
  QMMM:    20       20      H        0.3740    1.9850    1.4100
  QMMM:    21       21      H        3.3690    4.8250    4.3820
  QMMM:    22       22      H        3.8120    3.3550    5.2440

--------------------------------------------------------------------------------
  RESULTS
--------------------------------------------------------------------------------

      iter         sqm energy              rms gradient
      ----    -------------------    -----------------------
xmin    10      -75.1240 kcal/mol        0.0722 kcal/(mol*A)
xmin    20      -75.1255 kcal/mol        0.0271 kcal/(mol*A)
xmin    30      -75.1262 kcal/mol        0.0055 kcal/(mol*A)
xmin    40      -75.1265 kcal/mol        0.0150 kcal/(mol*A)
xmin    50      -75.1266 kcal/mol        0.0078 kcal/(mol*A)
xmin    60      -75.1267 kcal/mol        0.0126 kcal/(mol*A)
xmin    70      -75.1270 kcal/mol        0.0267 kcal/(mol*A)
xmin    80      -75.1271 kcal/mol        0.0073 kcal/(mol*A)
xmin    90      -75.1274 kcal/mol        0.0035 kcal/(mol*A)
xmin   100      -75.1279 kcal/mol        0.0069 kcal/(mol*A)
xmin   110      -75.1285 kcal/mol        0.0298 kcal/(mol*A)
xmin   120      -75.1290 kcal/mol        0.0526 kcal/(mol*A)
xmin   130      -75.1295 kcal/mol        0.0294 kcal/(mol*A)
xmin   140      -75.1299 kcal/mol        0.0512 kcal/(mol*A)
xmin   150      -75.1311 kcal/mol        0.0205 kcal/(mol*A)
xmin   160      -75.1318 kcal/mol        0.0391 kcal/(mol*A)
xmin   170      -75.1326 kcal/mol        0.0359 kcal/(mol*A)
xmin   180      -75.1335 kcal/mol        0.0560 kcal/(mol*A)
xmin   190      -75.1344 kcal/mol        0.0554 kcal/(mol*A)
xmin   200      -75.1353 kcal/mol        0.0445 kcal/(mol*A)
xmin   210      -75.1362 kcal/mol        0.0156 kcal/(mol*A)
xmin   220      -75.1376 kcal/mol        0.0125 kcal/(mol*A)
xmin   230      -75.1394 kcal/mol        0.0344 kcal/(mol*A)
xmin   240      -75.1407 kcal/mol        0.0171 kcal/(mol*A)
xmin   250      -75.1421 kcal/mol        0.0482 kcal/(mol*A)
xmin   260      -75.1432 kcal/mol        0.0143 kcal/(mol*A)
xmin   270      -75.1444 kcal/mol        0.0130 kcal/(mol*A)
xmin   280      -75.1453 kcal/mol        0.0715 kcal/(mol*A)
xmin   290      -75.1472 kcal/mol        0.0272 kcal/(mol*A)
xmin   300      -75.1481 kcal/mol        0.0180 kcal/(mol*A)
xmin   310      -75.1499 kcal/mol        0.0358 kcal/(mol*A)
xmin   320      -75.1507 kcal/mol        0.0145 kcal/(mol*A)
xmin   330      -75.1512 kcal/mol        0.0099 kcal/(mol*A)
xmin   340      -75.1519 kcal/mol        0.0301 kcal/(mol*A)
xmin   350      -75.1523 kcal/mol        0.0219 kcal/(mol*A)
xmin   360      -75.1526 kcal/mol        0.0203 kcal/(mol*A)
xmin   370      -75.1529 kcal/mol        0.0180 kcal/(mol*A)
xmin   380      -75.1532 kcal/mol        0.0083 kcal/(mol*A)
xmin   390      -75.1535 kcal/mol        0.0100 kcal/(mol*A)
xmin   400      -75.1536 kcal/mol        0.0444 kcal/(mol*A)
xmin   410      -75.1539 kcal/mol        0.0117 kcal/(mol*A)
xmin   420      -75.1540 kcal/mol        0.0050 kcal/(mol*A)
xmin   430      -75.1541 kcal/mol        0.0041 kcal/(mol*A)
xmin   440      -75.1541 kcal/mol        0.0021 kcal/(mol*A)
xmin   450      -75.1542 kcal/mol        0.0024 kcal/(mol*A)
xmin   460      -75.1543 kcal/mol        0.0067 kcal/(mol*A)
xmin   470      -75.1543 kcal/mol        0.0021 kcal/(mol*A)
xmin   480      -75.1543 kcal/mol        0.0050 kcal/(mol*A)
xmin   490      -75.1544 kcal/mol        0.0148 kcal/(mol*A)
xmin   500      -75.1544 kcal/mol        0.0013 kcal/(mol*A)
xmin   510      -75.1544 kcal/mol        0.0026 kcal/(mol*A)
xmin   520      -75.1544 kcal/mol        0.0020 kcal/(mol*A)
xmin   530      -75.1544 kcal/mol        0.0046 kcal/(mol*A)
xmin   540      -75.1544 kcal/mol        0.0014 kcal/(mol*A)
xmin   550      -75.1544 kcal/mol        0.0012 kcal/(mol*A)
xmin   550      -75.1544 kcal/mol        0.0004 kcal/(mol*A)
  ... geometry converged !
 
 Final MO eigenvalues (eV):
 -39.8487  -35.3408  -35.2072  -30.4371  -27.6254  -23.3113  -21.6793  -20.3303
 -16.9174  -16.6110  -16.1546  -15.7430  -14.5305  -14.1151  -13.8857  -13.2287
 -13.0826  -12.8716  -12.6441  -12.1187  -12.0149  -11.5196  -11.4461  -10.3935
   0.9138    3.0006    3.6353    3.7161    3.8535    3.8566    4.0127    4.2122
   4.2306    4.3006    4.3964    4.5732    4.6748    4.6844    4.7355    4.9236
   4.9823    5.0101    5.0234    5.1565    5.1632    6.5618

 Heat of formation   =        -75.15443403 kcal/mol  (       -3.25894081 eV)

 Total SCF energy    =     -32532.25568545 kcal/mol  (    -1410.70446578 eV)
 Electronic energy   =    -149362.86788283 kcal/mol  (    -6476.85997497 eV)
 Core-core repulsion =     116830.61219739 kcal/mol  (     5066.15550919 eV)
 
    Atomic Charges for Step       1 :
  Atom    Element       Mulliken Charge
     1      C                  0.225
     2      C                 -0.211
     3      C                 -0.211
     4      C                 -0.212
     5      C                 -0.212
     6      C                 -0.155
     7      C                 -0.155
     8      O                 -0.291
     9      H                  0.070
    10      H                  0.078
    11      H                  0.071
    12      H                  0.070
    13      H                  0.078
    14      H                  0.071
    15      H                  0.106
    16      H                  0.099
    17      H                  0.099
    18      H                  0.106
    19      H                  0.088
    20      H                  0.099
    21      H                  0.088
    22      H                  0.099
 Total Mulliken Charge =       0.000
 
                  X        Y        Z     TOTAL  
  QM DIPOLE     2.011   -0.330   -1.678    2.640
 
 Final Structure

  QMMM: QM Region Cartesian Coordinates (*=link atom) 
  QMMM: QM_NO.   MM_NO.  ATOM         X         Y         Z
  QMMM:     1        1      C        2.6225    2.5950    2.8916
  QMMM:     2        2      C        1.0487    0.4575    0.1138
  QMMM:     3        3      C        5.4667    4.5241    4.6093
  QMMM:     4        4      C        2.4770    1.8920    1.5708
  QMMM:     5        5      C        4.0121    3.0938    3.1744
  QMMM:     6        6      C        1.1948    1.0953    1.4704
  QMMM:     7        7      C        4.0549    4.0940    4.3086
  QMMM:     8        8      O        1.6821    2.7493    3.6762
  QMMM:     9        9      H        1.9020   -0.2326   -0.0939
  QMMM:    10       10      H        0.1003   -0.1302    0.0649
  QMMM:    11       11      H        1.0233    1.2343   -0.6884
  QMMM:    12       12      H        5.9365    4.9971    3.7131
  QMMM:    13       13      H        5.4735    5.2664    5.4437
  QMMM:    14       14      H        6.0916    3.6490    4.9114
  QMMM:    15       15      H        2.5056    2.6713    0.7621
  QMMM:    16       16      H        3.3606    1.2178    1.4168
  QMMM:    17       17      H        4.4317    3.5540    2.2410
  QMMM:    18       18      H        4.6514    2.2048    3.4259
  QMMM:    19       19      H        1.1858    0.3059    2.2676
  QMMM:    20       20      H        0.3230    1.7724    1.6747
  QMMM:    21       21      H        3.4318    4.9871    4.0387
  QMMM:    22       22      H        3.5879    3.6367    5.2213

           --------- Calculation Completed ----------

