            --------------------------------------------------------
                             AMBER SQM VERSION 19
 
                                     By
              Ross C. Walker, Michael F. Crowley, Scott Brozell,
                         Tim Giese, Andreas W. Goetz,
                        Tai-Sung Lee and David A. Case
 
            --------------------------------------------------------
 

--------------------------------------------------------------------------------
  QM CALCULATION INFO
--------------------------------------------------------------------------------

| QMMM: Citation for AMBER QMMM Run:
| QMMM: R.C. Walker, M.F. Crowley and D.A. Case, J. COMP. CHEM. 29:1019, 2008

QMMM: SINGLET STATE CALCULATION
QMMM: RHF CALCULATION, NO. OF DOUBLY OCCUPIED LEVELS = 24

| QMMM: *** Selected Hamiltonian *** 
| QMMM: AM1         

| QMMM: *** Parameter sets in use ***
| QMMM: C : M.J.S.DEWAR et al. JACS, 107, 3902, (1985)
| QMMM: N : M.J.S.DEWAR et al. JACS, 107, 3902, (1985)
| QMMM: O : M.J.S.DEWAR et al. JACS, 107, 3902, (1985)
| QMMM: H : M.J.S.DEWAR et al. JACS, 107, 3902, (1985)

| QMMM: *** SCF convergence criteria ***
| QMMM: Energy change                :  0.1D-09 kcal/mol
| QMMM: Error matrix |FP-PF|         :  0.1D+00 au
| QMMM: Density matrix change        :  0.5D-06
| QMMM: Maximum number of SCF cycles :     1000

| QMMM: *** Diagonalization Routine Information ***
| QMMM: Pseudo diagonalizations are allowed.
| QMMM: Auto diagonalization routine selection is in use.
| QMMM:
| QMMM: Timing diagonalization routines:
| QMMM:                              norbs =       45
| QMMM:    diag iterations used for timing =       20
| QMMM:
| QMMM:              Internal diag routine = 0.004980 seconds
| QMMM:                 Dspev diag routine = 0.008402 seconds
| QMMM:                Dspevd diag routine = 0.004927 seconds
| QMMM:                Dspevx diag routine = 0.021349 seconds
| QMMM:                 Dsyev diag routine = 0.008714 seconds
| QMMM:                Dsyevd diag routine = 0.006174 seconds
| QMMM:                Dsyevr diag routine = 0.006053 seconds
| QMMM:
| QMMM:                Pseudo diag routine = 0.001578 seconds
| QMMM:
| QMMM: Using dspevd routine (diag_routine=3).

  QMMM: QM Region Cartesian Coordinates (*=link atom) 
  QMMM: QM_NO.   MM_NO.  ATOM         X         Y         Z
  QMMM:     1        1      C        0.8180   -0.4390    0.5640
  QMMM:     2        2      C        2.9370   -1.5970    0.6200
  QMMM:     3        3      C        0.7990   -0.4060    1.9590
  QMMM:     4        4      C        2.9180   -1.5650    2.0140
  QMMM:     5        5      C        1.8870   -1.0340   -0.1050
  QMMM:     6        6      C        1.8500   -0.9690    2.6840
  QMMM:     7        7      C        0.7090   -0.3130    4.6640
  QMMM:     8        8      N        1.9050   -1.0660   -1.5150
  QMMM:     9        9      O        1.8320   -0.9370    4.0440
  QMMM:    10       10      H       -0.0060    0.0030    0.0100
  QMMM:    11       11      H        3.7750   -2.0630    0.1080
  QMMM:    12       12      H       -0.0360    0.0600    2.4750
  QMMM:    13       13      H        3.7400   -2.0040    2.5740
  QMMM:    14       14      H       -0.1100   -1.0320    4.7470
  QMMM:    15       15      H        0.3930    0.5470    4.0680
  QMMM:    16       16      H        0.9960    0.0250    5.6630
  QMMM:    17       17      H        1.1740   -0.6120   -2.0230
  QMMM:    18       18      H        2.5940   -1.6210   -1.9810

--------------------------------------------------------------------------------
  RESULTS
--------------------------------------------------------------------------------

      iter         sqm energy              rms gradient
      ----    -------------------    -----------------------
xmin    10      -16.3060 kcal/mol        0.5979 kcal/(mol*A)
xmin    20      -16.6485 kcal/mol        0.9204 kcal/(mol*A)
xmin    30      -16.7184 kcal/mol        0.0946 kcal/(mol*A)
xmin    40      -16.7237 kcal/mol        0.0576 kcal/(mol*A)
xmin    50      -16.7241 kcal/mol        0.0140 kcal/(mol*A)
xmin    60      -16.7244 kcal/mol        0.0476 kcal/(mol*A)
xmin    70      -16.7248 kcal/mol        0.0553 kcal/(mol*A)
xmin    80      -16.7249 kcal/mol        0.0089 kcal/(mol*A)
xmin    90      -16.7249 kcal/mol        0.0077 kcal/(mol*A)
xmin   100      -16.7250 kcal/mol        0.0065 kcal/(mol*A)
xmin   110      -16.7250 kcal/mol        0.0031 kcal/(mol*A)
xmin   120      -16.7250 kcal/mol        0.0084 kcal/(mol*A)
xmin   130      -16.7250 kcal/mol        0.0012 kcal/(mol*A)
xmin   140      -16.7250 kcal/mol        0.0021 kcal/(mol*A)
  ... geometry converged !
 
 Final MO eigenvalues (eV):
 -40.2427  -38.2590  -34.5961  -31.6185  -29.0487  -27.1663  -23.3433  -22.3678
 -18.7370  -17.6066  -17.4819  -16.3216  -15.8511  -15.1770  -14.2902  -13.9916
 -13.9372  -13.4313  -12.6125  -12.3145  -11.6884  -10.8352   -9.7789   -8.2032
   0.5172    0.6346    2.6849    2.8850    3.1620    3.8275    3.9054    4.0222
   4.1782    4.3007    4.3497    4.4179    4.6663    5.0327    5.1198    5.3471
   5.5049    5.7148    6.2338    6.2661    6.6175

 Heat of formation   =        -16.72498269 kcal/mol  (       -0.72524967 eV)

 Total SCF energy    =     -35679.97618019 kcal/mol  (    -1547.19986905 eV)
 Electronic energy   =    -158412.52752426 kcal/mol  (    -6869.28266442 eV)
 Core-core repulsion =     122732.55134407 kcal/mol  (     5322.08279537 eV)
 
    Atomic Charges for Step       1 :
  Atom    Element       Mulliken Charge
     1      C                 -0.155
     2      C                 -0.155
     3      C                 -0.166
     4      C                 -0.120
     5      C                  0.016
     6      C                  0.038
     7      C                 -0.075
     8      N                 -0.317
     9      O                 -0.212
    10      H                  0.132
    11      H                  0.134
    12      H                  0.135
    13      H                  0.148
    14      H                  0.069
    15      H                  0.071
    16      H                  0.103
    17      H                  0.176
    18      H                  0.176
 Total Mulliken Charge =      -0.000
 
                  X        Y        Z     TOTAL  
  QM DIPOLE    -1.640   -0.646   -0.669    1.885
 
 Final Structure

  QMMM: QM Region Cartesian Coordinates (*=link atom) 
  QMMM: QM_NO.   MM_NO.  ATOM         X         Y         Z
  QMMM:     1        1      C        0.7871   -0.4461    0.5098
  QMMM:     2        2      C        2.9481   -1.5483    0.6298
  QMMM:     3        3      C        0.7347   -0.3956    1.8995
  QMMM:     4        4      C        2.8991   -1.4992    2.0136
  QMMM:     5        5      C        1.8949   -1.0159   -0.1529
  QMMM:     6        6      C        1.7881   -0.9206    2.6526
  QMMM:     7        7      C        0.7531   -0.3068    4.7051
  QMMM:     8        8      N        1.9926   -0.9790   -1.5531
  QMMM:     9        9      O        1.8400   -0.9327    4.0363
  QMMM:    10       10      H       -0.0480   -0.0250   -0.0702
  QMMM:    11       11      H        3.8246   -1.9999    0.1404
  QMMM:    12       12      H       -0.1388    0.0589    2.3878
  QMMM:    13       13      H        3.7187   -1.9082    2.6220
  QMMM:    14       14      H       -0.2051   -0.8365    4.4826
  QMMM:    15       15      H        0.6783    0.7706    4.4195
  QMMM:    16       16      H        1.0176   -0.4104    5.7880
  QMMM:    17       17      H        1.1083   -0.9383   -2.0120
  QMMM:    18       18      H        2.5819   -1.6901   -1.9288

           --------- Calculation Completed ----------

