            --------------------------------------------------------
                             AMBER SQM VERSION 19
 
                                     By
              Ross C. Walker, Michael F. Crowley, Scott Brozell,
                         Tim Giese, Andreas W. Goetz,
                        Tai-Sung Lee and David A. Case
 
            --------------------------------------------------------
 

--------------------------------------------------------------------------------
  QM CALCULATION INFO
--------------------------------------------------------------------------------

| QMMM: Citation for AMBER QMMM Run:
| QMMM: R.C. Walker, M.F. Crowley and D.A. Case, J. COMP. CHEM. 29:1019, 2008

QMMM: SINGLET STATE CALCULATION
QMMM: RHF CALCULATION, NO. OF DOUBLY OCCUPIED LEVELS = 26

| QMMM: *** Selected Hamiltonian *** 
| QMMM: AM1         

| QMMM: *** Parameter sets in use ***
| QMMM: C : M.J.S.DEWAR et al. JACS, 107, 3902, (1985)
| QMMM: N : M.J.S.DEWAR et al. JACS, 107, 3902, (1985)
| QMMM: O : M.J.S.DEWAR et al. JACS, 107, 3902, (1985)
| QMMM: H : M.J.S.DEWAR et al. JACS, 107, 3902, (1985)

| QMMM: *** SCF convergence criteria ***
| QMMM: Energy change                :  0.1D-09 kcal/mol
| QMMM: Error matrix |FP-PF|         :  0.1D+00 au
| QMMM: Density matrix change        :  0.5D-06
| QMMM: Maximum number of SCF cycles :     1000

| QMMM: *** Diagonalization Routine Information ***
| QMMM: Pseudo diagonalizations are allowed.
| QMMM: Auto diagonalization routine selection is in use.
| QMMM:
| QMMM: Timing diagonalization routines:
| QMMM:                              norbs =       46
| QMMM:    diag iterations used for timing =       20
| QMMM:
| QMMM:              Internal diag routine = 0.017868 seconds
| QMMM:                 Dspev diag routine = 0.007327 seconds
| QMMM:                Dspevd diag routine = 0.005481 seconds
| QMMM:                Dspevx diag routine = 0.027439 seconds
| QMMM:                 Dsyev diag routine = 0.007131 seconds
| QMMM:                Dsyevd diag routine = 0.005596 seconds
| QMMM:                Dsyevr diag routine = 0.007386 seconds
| QMMM:
| QMMM:                Pseudo diag routine = 0.001937 seconds
| QMMM:
| QMMM: Using dspevd routine (diag_routine=3).

  QMMM: QM Region Cartesian Coordinates (*=link atom) 
  QMMM: QM_NO.   MM_NO.  ATOM         X         Y         Z
  QMMM:     1        1      C        1.8850   -1.0360   -0.1120
  QMMM:     2        2      C        2.8780   -1.6520    2.0020
  QMMM:     3        3      C        0.8070   -0.4630    0.5610
  QMMM:     4        4      C        1.8000   -1.0790    2.6760
  QMMM:     5        5      C        2.9210   -1.6310    0.6080
  QMMM:     6        6      C        0.7640   -0.4840    1.9550
  QMMM:     7        7      N        4.0110   -2.2110   -0.0730
  QMMM:     8        8      N       -0.3340    0.1000    2.6410
  QMMM:     9        9      O       -1.2550    0.6300    1.9740
  QMMM:    10       10      O       -0.3530    0.0700    3.8950
  QMMM:    11       11      H        1.9090   -1.0150   -1.1990
  QMMM:    12       12      H        3.6810   -2.1120    2.5730
  QMMM:    13       13      H        0.0060   -0.0030   -0.0130
  QMMM:    14       14      H        1.7800   -1.1020    3.7630
  QMMM:    15       15      H        4.0080   -2.2310   -1.0730
  QMMM:    16       16      H        4.7240   -2.6750    0.4540

--------------------------------------------------------------------------------
  RESULTS
--------------------------------------------------------------------------------

      iter         sqm energy              rms gradient
      ----    -------------------    -----------------------
xmin    10       21.4588 kcal/mol        0.7760 kcal/(mol*A)
xmin    20       21.4302 kcal/mol        0.2180 kcal/(mol*A)
xmin    30       21.4290 kcal/mol        0.0149 kcal/(mol*A)
xmin    40       21.4290 kcal/mol        0.0027 kcal/(mol*A)
xmin    50       21.4290 kcal/mol        0.0032 kcal/(mol*A)
  ... geometry converged !
 
 Final MO eigenvalues (eV):
 -42.9905  -40.1245  -37.3983  -36.1178  -32.2434  -30.7543  -26.3560  -24.1197
 -22.9540  -20.0399  -19.3007  -18.6208  -18.2056  -18.1307  -15.8334  -15.4380
 -14.8947  -14.7959  -14.3463  -12.5332  -12.4209  -12.0209  -11.5961  -11.5911
 -10.5182   -9.2685   -0.7846   -0.0906    0.7726    0.9778    2.0664    2.2397
   3.1639    3.2632    3.6273    3.6784    3.9380    4.4009    4.4975    4.5335
   4.7902    5.0024    5.5718    5.6203    5.9326    7.4575

 Heat of formation   =         21.42896914 kcal/mol  (        0.92922983 eV)

 Total SCF energy    =     -43869.90918583 kcal/mol  (    -1902.34201404 eV)
 Electronic energy   =    -185943.48118821 kcal/mol  (    -8063.11440043 eV)
 Core-core repulsion =     142073.57200238 kcal/mol  (     6160.77238638 eV)
 
    Atomic Charges for Step       1 :
  Atom    Element       Mulliken Charge
     1      C                 -0.224
     2      C                 -0.224
     3      C                 -0.017
     4      C                 -0.017
     5      C                  0.140
     6      C                 -0.197
     7      N                 -0.358
     8      N                  0.578
     9      O                 -0.370
    10      O                 -0.370
    11      H                  0.145
    12      H                  0.145
    13      H                  0.168
    14      H                  0.168
    15      H                  0.217
    16      H                  0.217
 Total Mulliken Charge =      -0.000
 
                  X        Y        Z     TOTAL  
  QM DIPOLE     5.205   -3.707   -3.521    7.296
 
 Final Structure

  QMMM: QM Region Cartesian Coordinates (*=link atom) 
  QMMM: QM_NO.   MM_NO.  ATOM         X         Y         Z
  QMMM:     1        1      C        1.8887   -1.0303   -0.1261
  QMMM:     2        2      C        2.8926   -1.6501    2.0105
  QMMM:     3        3      C        0.8174   -0.4643    0.5427
  QMMM:     4        4      C        1.8204   -1.0835    2.6773
  QMMM:     5        5      C        2.9574   -1.6318    0.5913
  QMMM:     6        6      C        0.7760   -0.4883    1.9480
  QMMM:     7        7      N        4.0572   -2.1336   -0.0710
  QMMM:     8        8      N       -0.3704    0.1129    2.6610
  QMMM:     9        9      O       -1.2576    0.6175    2.0234
  QMMM:    10       10      O       -0.3924    0.0842    3.8640
  QMMM:    11       11      H        1.9092   -1.0030   -1.2261
  QMMM:    12       12      H        3.7040   -2.1111    2.5938
  QMMM:    13       13      H       -0.0056    0.0042   -0.0255
  QMMM:    14       14      H        1.7829   -1.1000    3.7810
  QMMM:    15       15      H        3.9787   -2.2938   -1.0457
  QMMM:    16       16      H        4.6737   -2.7229    0.4334

           --------- Calculation Completed ----------

