            --------------------------------------------------------
                             AMBER SQM VERSION 19
 
                                     By
              Ross C. Walker, Michael F. Crowley, Scott Brozell,
                         Tim Giese, Andreas W. Goetz,
                        Tai-Sung Lee and David A. Case
 
            --------------------------------------------------------
 

--------------------------------------------------------------------------------
  QM CALCULATION INFO
--------------------------------------------------------------------------------

| QMMM: Citation for AMBER QMMM Run:
| QMMM: R.C. Walker, M.F. Crowley and D.A. Case, J. COMP. CHEM. 29:1019, 2008

QMMM: SINGLET STATE CALCULATION
QMMM: RHF CALCULATION, NO. OF DOUBLY OCCUPIED LEVELS = 14

| QMMM: *** Selected Hamiltonian *** 
| QMMM: AM1         

| QMMM: *** Parameter sets in use ***
| QMMM: C : M.J.S.DEWAR et al. JACS, 107, 3902, (1985)
| QMMM: H : M.J.S.DEWAR et al. JACS, 107, 3902, (1985)

| QMMM: *** SCF convergence criteria ***
| QMMM: Energy change                :  0.1D-09 kcal/mol
| QMMM: Error matrix |FP-PF|         :  0.1D+00 au
| QMMM: Density matrix change        :  0.5D-06
| QMMM: Maximum number of SCF cycles :     1000

| QMMM: *** Diagonalization Routine Information ***
| QMMM: Pseudo diagonalizations are allowed.
| QMMM: Auto diagonalization routine selection is in use.
| QMMM:
| QMMM: Timing diagonalization routines:
| QMMM:                              norbs =       28
| QMMM:    diag iterations used for timing =       20
| QMMM:
| QMMM:              Internal diag routine = 0.001722 seconds
| QMMM:                 Dspev diag routine = 0.013979 seconds
| QMMM:                Dspevd diag routine = 0.002120 seconds
| QMMM:                Dspevx diag routine = 0.014844 seconds
| QMMM:                 Dsyev diag routine = 0.002190 seconds
| QMMM:                Dsyevd diag routine = 0.002015 seconds
| QMMM:                Dsyevr diag routine = 0.002771 seconds
| QMMM:
| QMMM:                Pseudo diag routine = 0.005472 seconds
| QMMM: Pseudo diagonalization appears to be slower than regular
| QMMM: diagonalization. Setting pseudo_diag=0 for optimum performance.
| QMMM:
| QMMM: Using internal diagonalization routine (diag_routine=1).

  QMMM: QM Region Cartesian Coordinates (*=link atom) 
  QMMM: QM_NO.   MM_NO.  ATOM         X         Y         Z
  QMMM:     1        1      C        3.8760   -3.3880    1.2010
  QMMM:     2        2      C        2.9020   -2.8460    0.7550
  QMMM:     3        3      C        0.7830   -0.0540   -0.7630
  QMMM:     4        4      C        1.7080   -2.1860    0.2090
  QMMM:     5        5      C        2.0200   -0.7560   -0.2270
  QMMM:     6        6      H        4.7400   -3.8690    1.5970
  QMMM:     7        7      H        0.0000    0.0000    0.0000
  QMMM:     8        8      H        1.0300    0.9680   -1.0690
  QMMM:     9        9      H        0.3790   -0.5810   -1.6340
  QMMM:    10       10      H        1.3310   -2.7610   -0.6440
  QMMM:    11       11      H        0.9160   -2.1790    0.9670
  QMMM:    12       12      H        2.7960   -0.7590   -1.0020
  QMMM:    13       13      H        2.4210   -0.1830    0.6190

--------------------------------------------------------------------------------
  RESULTS
--------------------------------------------------------------------------------

      iter         sqm energy              rms gradient
      ----    -------------------    -----------------------
xmin    10       30.5275 kcal/mol        0.0571 kcal/(mol*A)
xmin    20       30.5269 kcal/mol        0.2376 kcal/(mol*A)
xmin    30       30.5259 kcal/mol        0.0375 kcal/(mol*A)
xmin    40       30.5258 kcal/mol        0.0060 kcal/(mol*A)
xmin    50       30.5257 kcal/mol        0.0045 kcal/(mol*A)
xmin    60       30.5256 kcal/mol        0.0017 kcal/(mol*A)
xmin    70       30.5256 kcal/mol        0.0020 kcal/(mol*A)
xmin    80       30.5256 kcal/mol        0.0032 kcal/(mol*A)
xmin    90       30.5256 kcal/mol        0.0014 kcal/(mol*A)
  ... geometry converged !
 
 Final MO eigenvalues (eV):
 -36.5860  -32.7495  -28.0079  -22.5591  -18.8709  -16.1353  -15.4665  -14.4881
 -13.6074  -12.8796  -12.3460  -11.6962  -10.7565  -10.6146    1.9526    1.9741
   3.5594    3.8161    4.0597    4.2976    4.4484    4.6705    4.7520    4.9009
   5.0380    5.1243    5.2800    6.8724

 Heat of formation   =         30.52563096 kcal/mol  (        1.32369069 eV)

 Total SCF energy    =     -17273.90952059 kcal/mol  (     -749.05292574 eV)
 Electronic energy   =     -62940.66423701 kcal/mol  (    -2729.31200889 eV)
 Core-core repulsion =      45666.75471642 kcal/mol  (     1980.25908315 eV)
 
    Atomic Charges for Step       1 :
  Atom    Element       Mulliken Charge
     1      C                 -0.221
     2      C                 -0.165
     3      C                 -0.213
     4      C                 -0.056
     5      C                 -0.155
     6      H                  0.221
     7      H                  0.073
     8      H                  0.076
     9      H                  0.073
    10      H                  0.098
    11      H                  0.098
    12      H                  0.086
    13      H                  0.086
 Total Mulliken Charge =      -0.000
 
                  X        Y        Z     TOTAL  
  QM DIPOLE    -0.300    0.250   -0.164    0.424
 
 Final Structure

  QMMM: QM Region Cartesian Coordinates (*=link atom) 
  QMMM: QM_NO.   MM_NO.  ATOM         X         Y         Z
  QMMM:     1        1      C        3.8523   -3.3867    1.1823
  QMMM:     2        2      C        2.8914   -2.8250    0.7433
  QMMM:     3        3      C        0.7885   -0.0763   -0.7643
  QMMM:     4        4      C        1.7316   -2.1654    0.2201
  QMMM:     5        5      C        2.0267   -0.7408   -0.2206
  QMMM:     6        6      H        4.7030   -3.8846    1.5712
  QMMM:     7        7      H       -0.0133   -0.0376    0.0123
  QMMM:     8        8      H        1.0204    0.9683   -1.0839
  QMMM:     9        9      H        0.3943   -0.6358   -1.6470
  QMMM:    10       10      H        1.3334   -2.7519   -0.6553
  QMMM:    11       11      H        0.9244   -2.1534    1.0057
  QMMM:    12       12      H        2.8281   -0.7506   -1.0051
  QMMM:    13       13      H        2.4212   -0.1543    0.6502

           --------- Calculation Completed ----------

