            --------------------------------------------------------
                             AMBER SQM VERSION 19
 
                                     By
              Ross C. Walker, Michael F. Crowley, Scott Brozell,
                         Tim Giese, Andreas W. Goetz,
                        Tai-Sung Lee and David A. Case
 
            --------------------------------------------------------
 

--------------------------------------------------------------------------------
  QM CALCULATION INFO
--------------------------------------------------------------------------------

| QMMM: Citation for AMBER QMMM Run:
| QMMM: R.C. Walker, M.F. Crowley and D.A. Case, J. COMP. CHEM. 29:1019, 2008

QMMM: SINGLET STATE CALCULATION
QMMM: RHF CALCULATION, NO. OF DOUBLY OCCUPIED LEVELS = 40

| QMMM: *** Selected Hamiltonian *** 
| QMMM: AM1         

| QMMM: *** Parameter sets in use ***
| QMMM: C : M.J.S.DEWAR et al. JACS, 107, 3902, (1985)
| QMMM: O : M.J.S.DEWAR et al. JACS, 107, 3902, (1985)
| QMMM: Cl: M.J.S.DEWAR et al. THEOCHEM, 180, 1, (1988)
| QMMM: H : M.J.S.DEWAR et al. JACS, 107, 3902, (1985)

| QMMM: *** SCF convergence criteria ***
| QMMM: Energy change                :  0.1D-09 kcal/mol
| QMMM: Error matrix |FP-PF|         :  0.1D+00 au
| QMMM: Density matrix change        :  0.5D-06
| QMMM: Maximum number of SCF cycles :     1000

| QMMM: *** Diagonalization Routine Information ***
| QMMM: Pseudo diagonalizations are allowed.
| QMMM: Auto diagonalization routine selection is in use.
| QMMM:
| QMMM: Timing diagonalization routines:
| QMMM:                              norbs =       70
| QMMM:    diag iterations used for timing =       15
| QMMM:
| QMMM:              Internal diag routine = 0.046691 seconds
| QMMM:                 Dspev diag routine = 0.052099 seconds
| QMMM:                Dspevd diag routine = 0.011254 seconds
| QMMM:                Dspevx diag routine = 0.034529 seconds
| QMMM:                 Dsyev diag routine = 0.010809 seconds
| QMMM:                Dsyevd diag routine = 0.007865 seconds
| QMMM:                Dsyevr diag routine = 0.009819 seconds
| QMMM:
| QMMM:                Pseudo diag routine = 0.003705 seconds
| QMMM:
| QMMM: Using dsyevd routine (diag_routine=6).

  QMMM: QM Region Cartesian Coordinates (*=link atom) 
  QMMM: QM_NO.   MM_NO.  ATOM         X         Y         Z
  QMMM:     1        1      C       -1.8580    0.7400    0.8000
  QMMM:     2        2      C       -1.0040   -0.2570    0.3260
  QMMM:     3        3      C       -3.1490    0.4150    1.2200
  QMMM:     4        4      C       -1.4370   -1.5820    0.2690
  QMMM:     5        5      C       -6.5290   -2.8210    1.9320
  QMMM:     6        6      C       -4.8170   -4.8180    0.9820
  QMMM:     7        7      C       -3.5800   -0.9100    1.1630
  QMMM:     8        8      C       -2.7270   -1.9050    0.6890
  QMMM:     9        9      C       -5.2390   -2.4980    1.5120
  QMMM:    10       10      C       -4.3860   -3.4940    1.0380
  QMMM:    11       11      C       -6.9620   -4.1460    1.8750
  QMMM:    12       12      C       -6.1070   -5.1430    1.4010
  QMMM:    13       13      O       -4.8560   -1.1830    1.5850
  QMMM:    14       14      O       -3.1090   -3.2200    0.6160
  QMMM:    15       15      Cl      -8.5700   -4.4910    2.4080
  QMMM:    16       16      Cl      -6.5900   -6.8010    1.3090
  QMMM:    17       17      H       -1.5180    1.7700    0.8420
  QMMM:    18       18      H       -0.0000   -0.0000   -0.0000
  QMMM:    19       19      H       -3.8080    1.1960    1.5870
  QMMM:    20       20      H       -0.7660   -2.3520   -0.1010
  QMMM:    21       21      H       -7.1870   -2.0380    2.3000
  QMMM:    22       22      H       -4.1430   -5.5870    0.6100

--------------------------------------------------------------------------------
  RESULTS
--------------------------------------------------------------------------------

      iter         sqm energy              rms gradient
      ----    -------------------    -----------------------
xmin    10       -8.9739 kcal/mol        0.0066 kcal/(mol*A)
  ... geometry converged !
 
 Final MO eigenvalues (eV):
 -42.4264  -39.8330  -38.9066  -38.4763  -37.8876  -36.9421  -32.4960  -31.3358
 -31.1523  -29.6553  -25.4429  -24.8767  -23.2972  -22.1174  -21.0192  -18.6753
 -18.4720  -17.3480  -17.2334  -16.9363  -16.8530  -15.5975  -15.3293  -15.3211
 -15.1357  -15.0459  -14.7753  -14.4669  -13.4826  -13.2078  -13.1046  -13.0830
 -12.3403  -12.1349  -12.0629  -11.8665  -10.3098  -10.0574   -9.7745   -8.7991
  -0.5844   -0.3263    0.0245    0.1265    0.8759    1.0579    1.4946    1.9673
   1.9868    2.4277    2.5492    3.1959    3.4645    3.5063    3.6810    3.8432
   3.8537    4.0191    4.0611    4.2693    4.4407    4.4813    4.5684    4.7629
   4.8002    4.8272    5.1732    5.3887    5.3906    6.1316

 Heat of formation   =         -8.97391864 kcal/mol  (       -0.38913831 eV)

 Total SCF energy    =     -69305.51633816 kcal/mol  (    -3005.31270709 eV)
 Electronic energy   =    -355586.80741960 kcal/mol  (   -15419.40104157 eV)
 Core-core repulsion =     286281.29108144 kcal/mol  (    12414.08833448 eV)
 
    Atomic Charges for Step       1 :
  Atom    Element       Mulliken Charge
     1      C                 -0.125
     2      C                 -0.125
     3      C                 -0.113
     4      C                 -0.113
     5      C                 -0.109
     6      C                 -0.109
     7      C                  0.015
     8      C                  0.015
     9      C                  0.028
    10      C                  0.028
    11      C                 -0.060
    12      C                 -0.060
    13      O                 -0.129
    14      O                 -0.129
    15      Cl                 0.020
    16      Cl                 0.020
    17      H                  0.142
    18      H                  0.142
    19      H                  0.157
    20      H                  0.157
    21      H                  0.173
    22      H                  0.173
 Total Mulliken Charge =      -0.000
 
                  X        Y        Z     TOTAL  
  QM DIPOLE     1.640    1.570   -0.346    2.297
 
 Final Structure

  QMMM: QM Region Cartesian Coordinates (*=link atom) 
  QMMM: QM_NO.   MM_NO.  ATOM         X         Y         Z
  QMMM:     1        1      C       -1.8588    0.7392    0.7998
  QMMM:     2        2      C       -1.0047   -0.2571    0.3259
  QMMM:     3        3      C       -3.1512    0.4298    1.2227
  QMMM:     4        4      C       -1.4232   -1.5860    0.2639
  QMMM:     5        5      C       -6.5408   -2.8148    1.9371
  QMMM:     6        6      C       -4.8120   -4.8315    0.9777
  QMMM:     7        7      C       -3.5772   -0.9012    1.1631
  QMMM:     8        8      C       -2.7183   -1.9031    0.6865
  QMMM:     9        9      C       -5.2477   -2.4994    1.5153
  QMMM:    10       10      C       -4.3876   -3.5027    1.0380
  QMMM:    11       11      C       -6.9672   -4.1467    1.8771
  QMMM:    12       12      C       -6.1082   -5.1488    1.4003
  QMMM:    13       13      O       -4.8775   -1.1603    1.5970
  QMMM:    14       14      O       -3.0902   -3.2452    0.6053
  QMMM:    15       15      Cl      -8.5393   -4.5153    2.3924
  QMMM:    16       16      Cl      -6.6101   -6.7659    1.3216
  QMMM:    17       17      H       -1.5134    1.7831    0.8424
  QMMM:    18       18      H        0.0122    0.0035   -0.0040
  QMMM:    19       19      H       -3.8343    1.2047    1.5981
  QMMM:    20       20      H       -0.7607   -2.3807   -0.1073
  QMMM:    21       21      H       -7.2042   -2.0190    2.3088
  QMMM:    22       22      H       -4.1279   -5.6076    0.6016

           --------- Calculation Completed ----------

