            --------------------------------------------------------
                             AMBER SQM VERSION 19
 
                                     By
              Ross C. Walker, Michael F. Crowley, Scott Brozell,
                         Tim Giese, Andreas W. Goetz,
                        Tai-Sung Lee and David A. Case
 
            --------------------------------------------------------
 

--------------------------------------------------------------------------------
  QM CALCULATION INFO
--------------------------------------------------------------------------------

| QMMM: Citation for AMBER QMMM Run:
| QMMM: R.C. Walker, M.F. Crowley and D.A. Case, J. COMP. CHEM. 29:1019, 2008

QMMM: SINGLET STATE CALCULATION
QMMM: RHF CALCULATION, NO. OF DOUBLY OCCUPIED LEVELS = 39

| QMMM: *** Selected Hamiltonian *** 
| QMMM: AM1         

| QMMM: *** Parameter sets in use ***
| QMMM: C : M.J.S.DEWAR et al. JACS, 107, 3902, (1985)
| QMMM: F : M.J.S.DEWAR et al. THEOCHEM, 180, 1, (1988)
| QMMM: H : M.J.S.DEWAR et al. JACS, 107, 3902, (1985)

| QMMM: *** SCF convergence criteria ***
| QMMM: Energy change                :  0.1D-09 kcal/mol
| QMMM: Error matrix |FP-PF|         :  0.1D+00 au
| QMMM: Density matrix change        :  0.5D-06
| QMMM: Maximum number of SCF cycles :     1000

| QMMM: *** Diagonalization Routine Information ***
| QMMM: Pseudo diagonalizations are allowed.
| QMMM: Auto diagonalization routine selection is in use.
| QMMM:
| QMMM: Timing diagonalization routines:
| QMMM:                              norbs =       60
| QMMM:    diag iterations used for timing =       15
| QMMM:
| QMMM:              Internal diag routine = 0.011223 seconds
| QMMM:                 Dspev diag routine = 0.011462 seconds
| QMMM:                Dspevd diag routine = 0.009360 seconds
| QMMM:                Dspevx diag routine = 0.035464 seconds
| QMMM:                 Dsyev diag routine = 0.008647 seconds
| QMMM:                Dsyevd diag routine = 0.005768 seconds
| QMMM:                Dsyevr diag routine = 0.007771 seconds
| QMMM:
| QMMM:                Pseudo diag routine = 0.003646 seconds
| QMMM:
| QMMM: Using dsyevd routine (diag_routine=6).

  QMMM: QM Region Cartesian Coordinates (*=link atom) 
  QMMM: QM_NO.   MM_NO.  ATOM         X         Y         Z
  QMMM:     1        1      C        1.8850   -1.0380   -0.1090
  QMMM:     2        2      C        0.8180   -0.4410    0.5630
  QMMM:     3        3      C        2.9350   -1.6040    0.6140
  QMMM:     4        4      C        0.8010   -0.4100    1.9570
  QMMM:     5        5      C        2.9180   -1.5730    2.0080
  QMMM:     6        6      C        1.8510   -0.9770    2.6800
  QMMM:     7        7      C        4.0540   -2.1850    2.7600
  QMMM:     8        8      C        1.8110   -0.9320    4.1720
  QMMM:     9        9      F        5.0140   -2.7240    1.9540
  QMMM:    10       10      F        4.7150   -1.3010    3.5620
  QMMM:    11       11      F        3.6530   -3.1980    3.5820
  QMMM:    12       12      F        0.7000   -0.3140    4.6700
  QMMM:    13       13      F        1.8240   -2.1670    4.7550
  QMMM:    14       14      F        2.8740   -0.2630    4.7040
  QMMM:    15       15      H        1.8970   -1.0620   -1.1940
  QMMM:    16       16      H       -0.0000   -0.0010   -0.0010
  QMMM:    17       17      H        3.7610   -2.0670    0.0810
  QMMM:    18       18      H       -0.0350    0.0570    2.4710

--------------------------------------------------------------------------------
  RESULTS
--------------------------------------------------------------------------------

      iter         sqm energy              rms gradient
      ----    -------------------    -----------------------
xmin    10     -282.5264 kcal/mol        0.0232 kcal/(mol*A)
xmin    20     -282.5268 kcal/mol        0.0076 kcal/(mol*A)
xmin    30     -282.5322 kcal/mol        0.0713 kcal/(mol*A)
xmin    40     -282.5491 kcal/mol        0.3598 kcal/(mol*A)
xmin    50     -282.6011 kcal/mol        0.0846 kcal/(mol*A)
xmin    60     -282.6481 kcal/mol        0.8908 kcal/(mol*A)
xmin    70     -282.6815 kcal/mol        0.0866 kcal/(mol*A)
xmin    80     -282.6977 kcal/mol        0.1610 kcal/(mol*A)
xmin    90     -282.6988 kcal/mol        0.0185 kcal/(mol*A)
xmin   100     -282.6990 kcal/mol        0.0400 kcal/(mol*A)
xmin   110     -282.6991 kcal/mol        0.0036 kcal/(mol*A)
xmin   120     -282.6991 kcal/mol        0.0021 kcal/(mol*A)
  ... geometry converged !
 
 Final MO eigenvalues (eV):
 -52.2103  -52.0140  -48.8598  -48.7522  -48.6745  -48.6280  -40.5157  -33.6632
 -33.1293  -27.9560  -26.5676  -23.9772  -23.3444  -20.4135  -19.7330  -19.6385
 -19.4744  -19.3443  -19.0175  -16.9885  -16.5963  -16.1711  -15.5821  -15.4553
 -15.4157  -15.3276  -14.8192  -14.8140  -14.5964  -14.5305  -14.5243  -14.5112
 -14.4795  -14.3636  -13.8910  -13.0117  -12.7970  -10.9711  -10.8330   -0.9866
  -0.6533    1.1315    1.3531    1.6245    2.5605    2.7601    3.1039    3.1441
   3.2681    3.2836    3.3124    3.4027    3.4566    3.5552    3.6731    3.9417
   4.2843    4.3405    4.5392    4.8338

 Heat of formation   =       -282.69907448 kcal/mol  (      -12.25875177 eV)

 Total SCF energy    =     -92044.50209751 kcal/mol  (    -3991.34912179 eV)
 Electronic energy   =    -395461.87909950 kcal/mol  (   -17148.51390224 eV)
 Core-core repulsion =     303417.37700199 kcal/mol  (    13157.16478045 eV)
 
    Atomic Charges for Step       1 :
  Atom    Element       Mulliken Charge
     1      C                 -0.106
     2      C                 -0.106
     3      C                 -0.093
     4      C                 -0.093
     5      C                 -0.111
     6      C                 -0.111
     7      C                  0.463
     8      C                  0.463
     9      F                 -0.164
    10      F                 -0.152
    11      F                 -0.151
    12      F                 -0.164
    13      F                 -0.152
    14      F                 -0.151
    15      H                  0.150
    16      H                  0.150
    17      H                  0.162
    18      H                  0.162
 Total Mulliken Charge =       0.000
 
                  X        Y        Z     TOTAL  
  QM DIPOLE    -2.242    1.114   -4.538    5.183
 
 Final Structure

  QMMM: QM Region Cartesian Coordinates (*=link atom) 
  QMMM: QM_NO.   MM_NO.  ATOM         X         Y         Z
  QMMM:     1        1      C        1.8396   -1.0981   -0.1147
  QMMM:     2        2      C        0.8317   -0.4061    0.5533
  QMMM:     3        3      C        2.8661   -1.7027    0.6102
  QMMM:     4        4      C        0.8512   -0.3211    1.9451
  QMMM:     5        5      C        2.8924   -1.6189    2.0058
  QMMM:     6        6      C        1.8765   -0.9274    2.6776
  QMMM:     7        7      C        4.0435   -2.3166    2.7364
  QMMM:     8        8      C        1.8396   -0.7834    4.2018
  QMMM:     9        9      F        5.1219   -2.6083    1.9352
  QMMM:    10       10      F        4.5876   -1.5991    3.7712
  QMMM:    11       11      F        3.7020   -3.5267    3.2871
  QMMM:    12       12      F        0.6124   -0.4167    4.7015
  QMMM:    13       13      F        2.1488   -1.9256    4.8957
  QMMM:    14       14      F        2.6963    0.1704    4.6925
  QMMM:    15       15      H        1.8303   -1.1702   -1.2132
  QMMM:    16       16      H        0.0186    0.0746   -0.0124
  QMMM:    17       17      H        3.6657   -2.2484    0.0815
  QMMM:    18       18      H        0.0519    0.2244    2.4744

           --------- Calculation Completed ----------

