            --------------------------------------------------------
                             AMBER SQM VERSION 19
 
                                     By
              Ross C. Walker, Michael F. Crowley, Scott Brozell,
                         Tim Giese, Andreas W. Goetz,
                        Tai-Sung Lee and David A. Case
 
            --------------------------------------------------------
 

--------------------------------------------------------------------------------
  QM CALCULATION INFO
--------------------------------------------------------------------------------

| QMMM: Citation for AMBER QMMM Run:
| QMMM: R.C. Walker, M.F. Crowley and D.A. Case, J. COMP. CHEM. 29:1019, 2008

QMMM: SINGLET STATE CALCULATION
QMMM: RHF CALCULATION, NO. OF DOUBLY OCCUPIED LEVELS = 39

| QMMM: *** Selected Hamiltonian *** 
| QMMM: AM1         

| QMMM: *** Parameter sets in use ***
| QMMM: C : M.J.S.DEWAR et al. JACS, 107, 3902, (1985)
| QMMM: N : M.J.S.DEWAR et al. JACS, 107, 3902, (1985)
| QMMM: O : M.J.S.DEWAR et al. JACS, 107, 3902, (1985)
| QMMM: Br: M.J.S.DEWAR et al. THEOCHEM, 180, 1, (1988)
| QMMM: H : M.J.S.DEWAR et al. JACS, 107, 3902, (1985)

| QMMM: *** SCF convergence criteria ***
| QMMM: Energy change                :  0.1D-09 kcal/mol
| QMMM: Error matrix |FP-PF|         :  0.1D+00 au
| QMMM: Density matrix change        :  0.5D-06
| QMMM: Maximum number of SCF cycles :     1000

| QMMM: *** Diagonalization Routine Information ***
| QMMM: Pseudo diagonalizations are allowed.
| QMMM: Auto diagonalization routine selection is in use.
| QMMM:
| QMMM: Timing diagonalization routines:
| QMMM:                              norbs =       69
| QMMM:    diag iterations used for timing =       15
| QMMM:
| QMMM:              Internal diag routine = 0.032791 seconds
| QMMM:                 Dspev diag routine = 0.013410 seconds
| QMMM:                Dspevd diag routine = 0.010893 seconds
| QMMM:                Dspevx diag routine = 0.041006 seconds
| QMMM:                 Dsyev diag routine = 0.014632 seconds
| QMMM:                Dsyevd diag routine = 0.005677 seconds
| QMMM:                Dsyevr diag routine = 0.007714 seconds
| QMMM:
| QMMM:                Pseudo diag routine = 0.002204 seconds
| QMMM:
| QMMM: Using dsyevd routine (diag_routine=6).

  QMMM: QM Region Cartesian Coordinates (*=link atom) 
  QMMM: QM_NO.   MM_NO.  ATOM         X         Y         Z
  QMMM:     1        1      C       -6.3830   -4.2600   -5.5710
  QMMM:     2        2      C       -5.3320   -5.0930   -5.4920
  QMMM:     3        3      C       -6.3450   -2.9820   -4.7810
  QMMM:     4        4      C       -4.1550   -3.6350   -3.9390
  QMMM:     5        5      C       -5.1880   -6.4070   -6.2110
  QMMM:     6        6      C       -6.2980   -2.5680   -1.1470
  QMMM:     7        7      C       -5.0450   -0.2790   -4.0480
  QMMM:     8        8      C       -6.2580   -1.3960   -2.1190
  QMMM:     9        9      C       -5.1350   -1.5310   -3.1690
  QMMM:    10       10      N       -4.2640   -4.7630   -4.6990
  QMMM:    11       11      N       -5.2280   -2.7620   -3.9790
  QMMM:    12       12      O       -7.2790   -2.1840   -4.8650
  QMMM:    13       13      O       -3.1310   -3.4690   -3.2780
  QMMM:    14       14      Br      -7.9090   -4.5740   -6.6100
  QMMM:    15       15      H       -4.3000   -6.3880   -6.8540
  QMMM:    16       16      H       -6.0400   -6.6620   -6.8450
  QMMM:    17       17      H       -5.0660   -7.2200   -5.4870
  QMMM:    18       18      H       -5.3340   -2.6940   -0.6440
  QMMM:    19       19      H       -7.0590   -2.3930   -0.3800
  QMMM:    20       20      H       -6.5470   -3.5030   -1.6580
  QMMM:    21       21      H       -5.9740   -0.0830   -4.5910
  QMMM:    22       22      H       -4.8290    0.6040   -3.4370
  QMMM:    23       23      H       -4.2420   -0.3820   -4.7860
  QMMM:    24       24      H       -7.2390   -1.2910   -2.5920
  QMMM:    25       25      H       -6.0960   -0.4760   -1.5430
  QMMM:    26       26      H       -4.1960   -1.5600   -2.6030
  QMMM:    27       27      H       -3.4620   -5.3820   -4.6390

--------------------------------------------------------------------------------
  RESULTS
--------------------------------------------------------------------------------

      iter         sqm energy              rms gradient
      ----    -------------------    -----------------------
xmin    10      -59.4896 kcal/mol        0.1016 kcal/(mol*A)
xmin    20      -59.5180 kcal/mol        0.0667 kcal/(mol*A)
xmin    30      -59.5269 kcal/mol        0.0593 kcal/(mol*A)
xmin    40      -59.5716 kcal/mol        0.2711 kcal/(mol*A)
xmin    50      -59.8716 kcal/mol        0.6394 kcal/(mol*A)
xmin    60      -60.1061 kcal/mol        0.1440 kcal/(mol*A)
xmin    70      -60.1543 kcal/mol        0.0929 kcal/(mol*A)
xmin    80      -60.1578 kcal/mol        0.0662 kcal/(mol*A)
xmin    90      -60.1586 kcal/mol        0.0117 kcal/(mol*A)
xmin   100      -60.1586 kcal/mol        0.0010 kcal/(mol*A)
  ... geometry converged !
 
 Final MO eigenvalues (eV):
 -41.6979  -39.0428  -38.2699  -36.5170  -33.8317  -33.5498  -31.4083  -30.6297
 -28.8475  -24.8045  -24.4677  -23.6927  -21.8551  -19.9988  -19.0445  -17.9038
 -17.1862  -16.8610  -16.2096  -15.4660  -15.0892  -14.9090  -14.7619  -14.6415
 -14.6046  -14.1502  -14.0467  -13.3660  -12.8864  -12.7069  -12.3004  -12.0082
 -11.9751  -11.8026  -11.6070  -11.3249  -10.8799  -10.4940   -9.5264   -0.4914
   0.1818    0.6804    0.9981    1.5581    1.9757    2.5883    3.1392    3.3846
   3.5645    3.6641    3.8544    3.9217    3.9651    4.0663    4.1855    4.2855
   4.5275    4.5801    4.7820    4.7938    4.8468    4.9301    4.9799    5.1023
   5.1713    5.2835    5.8849    6.2586    6.7359

 Heat of formation   =        -60.15862777 kcal/mol  (       -2.60867385 eV)

 Total SCF energy    =     -63178.42885412 kcal/mol  (    -2739.62225637 eV)
 Electronic energy   =    -350067.84495625 kcal/mol  (   -15180.08087057 eV)
 Core-core repulsion =     286889.41610213 kcal/mol  (    12440.45861420 eV)
 
    Atomic Charges for Step       1 :
  Atom    Element       Mulliken Charge
     1      C                 -0.363
     2      C                  0.139
     3      C                  0.370
     4      C                  0.399
     5      C                 -0.208
     6      C                 -0.212
     7      C                 -0.230
     8      C                 -0.176
     9      C                  0.034
    10      N                 -0.310
    11      N                 -0.306
    12      O                 -0.316
    13      O                 -0.363
    14      Br                 0.111
    15      H                  0.122
    16      H                  0.122
    17      H                  0.095
    18      H                  0.077
    19      H                  0.076
    20      H                  0.072
    21      H                  0.107
    22      H                  0.084
    23      H                  0.081
    24      H                  0.113
    25      H                  0.089
    26      H                  0.127
    27      H                  0.268
 Total Mulliken Charge =      -0.000
 
                  X        Y        Z     TOTAL  
  QM DIPOLE     1.404   -3.288   -0.998    3.712
 
 Final Structure

  QMMM: QM Region Cartesian Coordinates (*=link atom) 
  QMMM: QM_NO.   MM_NO.  ATOM         X         Y         Z
  QMMM:     1        1      C       -6.2989   -4.2276   -5.6391
  QMMM:     2        2      C       -5.2771   -5.1366   -5.5051
  QMMM:     3        3      C       -6.2962   -2.9707   -4.8605
  QMMM:     4        4      C       -4.1729   -3.7043   -3.8557
  QMMM:     5        5      C       -5.2455   -6.4164   -6.2787
  QMMM:     6        6      C       -6.2855   -2.4701   -1.0942
  QMMM:     7        7      C       -5.0351   -0.2789   -3.9977
  QMMM:     8        8      C       -6.2951   -1.4074   -2.1599
  QMMM:     9        9      C       -5.1293   -1.5493   -3.1514
  QMMM:    10       10      N       -4.2344   -4.8820   -4.6347
  QMMM:    11       11      N       -5.2121   -2.7648   -3.9714
  QMMM:    12       12      O       -7.1801   -2.1031   -4.9469
  QMMM:    13       13      O       -3.1879   -3.5603   -3.0991
  QMMM:    14       14      Br      -7.7205   -4.5392   -6.8005
  QMMM:    15       15      H       -5.2464   -6.1880   -7.3749
  QMMM:    16       16      H       -6.1584   -7.0185   -6.0381
  QMMM:    17       17      H       -4.3451   -7.0389   -6.0512
  QMMM:    18       18      H       -5.2982   -2.5027   -0.5722
  QMMM:    19       19      H       -7.0784   -2.2568   -0.3364
  QMMM:    20       20      H       -6.4846   -3.4789   -1.5294
  QMMM:    21       21      H       -5.9860   -0.1015   -4.5563
  QMMM:    22       22      H       -4.8478    0.5868   -3.3180
  QMMM:    23       23      H       -4.1936   -0.3445   -4.7275
  QMMM:    24       24      H       -7.2716   -1.4194   -2.7126
  QMMM:    25       25      H       -6.1942   -0.3977   -1.6794
  QMMM:    26       26      H       -4.1738   -1.6315   -2.5441
  QMMM:    27       27      H       -3.4852   -5.5307   -4.5320

           --------- Calculation Completed ----------

