            --------------------------------------------------------
                             AMBER SQM VERSION 19
 
                                     By
              Ross C. Walker, Michael F. Crowley, Scott Brozell,
                         Tim Giese, Andreas W. Goetz,
                        Tai-Sung Lee and David A. Case
 
            --------------------------------------------------------
 

--------------------------------------------------------------------------------
  QM CALCULATION INFO
--------------------------------------------------------------------------------

| QMMM: Citation for AMBER QMMM Run:
| QMMM: R.C. Walker, M.F. Crowley and D.A. Case, J. COMP. CHEM. 29:1019, 2008

QMMM: SINGLET STATE CALCULATION
QMMM: RHF CALCULATION, NO. OF DOUBLY OCCUPIED LEVELS = 21

| QMMM: *** Selected Hamiltonian *** 
| QMMM: AM1         

| QMMM: *** Parameter sets in use ***
| QMMM: C : M.J.S.DEWAR et al. JACS, 107, 3902, (1985)
| QMMM: N : M.J.S.DEWAR et al. JACS, 107, 3902, (1985)
| QMMM: H : M.J.S.DEWAR et al. JACS, 107, 3902, (1985)

| QMMM: *** SCF convergence criteria ***
| QMMM: Energy change                :  0.1D-09 kcal/mol
| QMMM: Error matrix |FP-PF|         :  0.1D+00 au
| QMMM: Density matrix change        :  0.5D-06
| QMMM: Maximum number of SCF cycles :     1000

| QMMM: *** Diagonalization Routine Information ***
| QMMM: Pseudo diagonalizations are allowed.
| QMMM: Auto diagonalization routine selection is in use.
| QMMM:
| QMMM: Timing diagonalization routines:
| QMMM:                              norbs =       41
| QMMM:    diag iterations used for timing =       20
| QMMM:
| QMMM:              Internal diag routine = 0.010412 seconds
| QMMM:                 Dspev diag routine = 0.004749 seconds
| QMMM:                Dspevd diag routine = 0.003695 seconds
| QMMM:                Dspevx diag routine = 0.031896 seconds
| QMMM:                 Dsyev diag routine = 0.005038 seconds
| QMMM:                Dsyevd diag routine = 0.004241 seconds
| QMMM:                Dsyevr diag routine = 0.004945 seconds
| QMMM:
| QMMM:                Pseudo diag routine = 0.001209 seconds
| QMMM:
| QMMM: Using dspevd routine (diag_routine=3).

  QMMM: QM Region Cartesian Coordinates (*=link atom) 
  QMMM: QM_NO.   MM_NO.  ATOM         X         Y         Z
  QMMM:     1        1      C        0.1830   -0.3460    1.0110
  QMMM:     2        2      C        1.5260   -0.4070    3.0050
  QMMM:     3        3      C       -0.7040   -1.2000    1.6470
  QMMM:     4        4      C        0.5790   -1.2580    3.5520
  QMMM:     5        5      C        1.3170    0.0530    1.7100
  QMMM:     6        6      C        3.3950    0.2160    0.3160
  QMMM:     7        7      C        2.3050    0.9710    1.0730
  QMMM:     8        8      N       -0.5340   -1.6670    2.9040
  QMMM:     9        9      H       -0.0080   -0.0050   -0.0010
  QMMM:    10       10      H        2.4010   -0.1140    3.5760
  QMMM:    11       11      H       -1.6030   -1.5410    1.1450
  QMMM:    12       12      H        0.6960   -1.6440    4.5590
  QMMM:    13       13      H        3.9540   -0.4450    0.9870
  QMMM:    14       14      H        4.1040    0.9140   -0.1410
  QMMM:    15       15      H        2.9650   -0.4010   -0.4810
  QMMM:    16       16      H        1.7970    1.6610    0.3790
  QMMM:    17       17      H        2.7760    1.6160    1.8320

--------------------------------------------------------------------------------
  RESULTS
--------------------------------------------------------------------------------

      iter         sqm energy              rms gradient
      ----    -------------------    -----------------------
xmin    10       18.2816 kcal/mol        0.0029 kcal/(mol*A)
xmin    20       18.2816 kcal/mol        0.0006 kcal/(mol*A)
xmin    20       18.2816 kcal/mol        0.0003 kcal/(mol*A)
  ... geometry converged !
 
 Final MO eigenvalues (eV):
 -40.1909  -35.6947  -31.4573  -31.1194  -25.3148  -24.0794  -21.9962  -17.3457
 -17.1030  -16.5509  -14.9842  -14.8158  -14.3009  -14.2720  -13.4672  -12.6000
 -12.4621  -11.8129  -10.6093  -10.3150   -9.8776    0.2123    0.2659    2.7959
   3.5389    3.5568    3.6131    3.9878    4.0527    4.0692    4.2177    4.3280
   4.6084    4.6285    4.6631    4.8090    4.9123    5.1164    5.3485    5.7191
   6.8899

 Heat of formation   =         18.28161565 kcal/mol  (        0.79275034 eV)

 Total SCF energy    =     -28295.83955113 kcal/mol  (    -1226.99967699 eV)
 Electronic energy   =    -126213.45709333 kcal/mol  (    -5473.02619545 eV)
 Core-core repulsion =      97917.61754220 kcal/mol  (     4246.02651846 eV)
 
    Atomic Charges for Step       1 :
  Atom    Element       Mulliken Charge
     1      C                 -0.181
     2      C                 -0.181
     3      C                 -0.071
     4      C                 -0.071
     5      C                 -0.031
     6      C                 -0.208
     7      C                 -0.130
     8      N                 -0.142
     9      H                  0.142
    10      H                  0.142
    11      H                  0.158
    12      H                  0.158
    13      H                  0.079
    14      H                  0.077
    15      H                  0.079
    16      H                  0.090
    17      H                  0.090
 Total Mulliken Charge =       0.000
 
                  X        Y        Z     TOTAL  
  QM DIPOLE     1.580    1.350   -1.023    2.317
 
 Final Structure

  QMMM: QM Region Cartesian Coordinates (*=link atom) 
  QMMM: QM_NO.   MM_NO.  ATOM         X         Y         Z
  QMMM:     1        1      C        0.1873   -0.3461    1.0089
  QMMM:     2        2      C        1.5295   -0.4068    3.0024
  QMMM:     3        3      C       -0.7146   -1.2102    1.6537
  QMMM:     4        4      C        0.5685   -1.2682    3.5594
  QMMM:     5        5      C        1.3358    0.0645    1.6976
  QMMM:     6        6      C        3.3936    0.2199    0.3167
  QMMM:     7        7      C        2.3215    0.9797    1.0618
  QMMM:     8        8      N       -0.5394   -1.6713    2.9074
  QMMM:     9        9      H       -0.0083   -0.0015   -0.0148
  QMMM:    10       10      H        2.4135   -0.1110    3.5821
  QMMM:    11       11      H       -1.6304   -1.5540    1.1402
  QMMM:    12       12      H        0.6894   -1.6589    4.5857
  QMMM:    13       13      H        3.9550   -0.4515    1.0103
  QMMM:    14       14      H        4.1149    0.9349   -0.1475
  QMMM:    15       15      H        2.9436   -0.4060   -0.4913
  QMMM:    16       16      H        1.7896    1.6677    0.3505
  QMMM:    17       17      H        2.7994    1.6219    1.8500

           --------- Calculation Completed ----------

