            --------------------------------------------------------
                             AMBER SQM VERSION 19
 
                                     By
              Ross C. Walker, Michael F. Crowley, Scott Brozell,
                         Tim Giese, Andreas W. Goetz,
                        Tai-Sung Lee and David A. Case
 
            --------------------------------------------------------
 

--------------------------------------------------------------------------------
  QM CALCULATION INFO
--------------------------------------------------------------------------------

| QMMM: Citation for AMBER QMMM Run:
| QMMM: R.C. Walker, M.F. Crowley and D.A. Case, J. COMP. CHEM. 29:1019, 2008

QMMM: SINGLET STATE CALCULATION
QMMM: RHF CALCULATION, NO. OF DOUBLY OCCUPIED LEVELS =  8

| QMMM: *** Selected Hamiltonian *** 
| QMMM: AM1         

| QMMM: *** Parameter sets in use ***
| QMMM: C : M.J.S.DEWAR et al. JACS, 107, 3902, (1985)
| QMMM: N : M.J.S.DEWAR et al. JACS, 107, 3902, (1985)
| QMMM: H : M.J.S.DEWAR et al. JACS, 107, 3902, (1985)

| QMMM: *** SCF convergence criteria ***
| QMMM: Energy change                :  0.1D-09 kcal/mol
| QMMM: Error matrix |FP-PF|         :  0.1D+00 au
| QMMM: Density matrix change        :  0.5D-06
| QMMM: Maximum number of SCF cycles :     1000

| QMMM: *** Diagonalization Routine Information ***
| QMMM: Pseudo diagonalizations are allowed.
| QMMM: Auto diagonalization routine selection is in use.
| QMMM:
| QMMM: Timing diagonalization routines:
| QMMM:                              norbs =       15
| QMMM:    diag iterations used for timing =       20
| QMMM:
| QMMM:              Internal diag routine = 0.022566 seconds
| QMMM:                 Dspev diag routine = 0.000814 seconds
| QMMM:                Dspevd diag routine = 0.000889 seconds
| QMMM:                Dspevx diag routine = 0.015630 seconds
| QMMM:                 Dsyev diag routine = 0.000650 seconds
| QMMM:                Dsyevd diag routine = 0.000689 seconds
| QMMM:                Dsyevr diag routine = 0.008921 seconds
| QMMM:
| QMMM:                Pseudo diag routine = 0.000093 seconds
| QMMM:
| QMMM: Using dsyev routine (diag_routine=5).

  QMMM: QM Region Cartesian Coordinates (*=link atom) 
  QMMM: QM_NO.   MM_NO.  ATOM         X         Y         Z
  QMMM:     1        1      C       -0.2060    1.4710    1.5040
  QMMM:     2        2      C        0.4480    0.2840    0.9570
  QMMM:     3        3      N       -0.7250    2.4140    1.9390
  QMMM:     4        4      H        1.5130    0.4680    0.7920
  QMMM:     5        5      H        0.0000    0.0000    0.0000
  QMMM:     6        6      H        0.3510   -0.5640    1.6420

--------------------------------------------------------------------------------
  RESULTS
--------------------------------------------------------------------------------

      iter         sqm energy              rms gradient
      ----    -------------------    -----------------------
xmin    10       19.2354 kcal/mol        0.0027 kcal/(mol*A)
  ... geometry converged !
 
 Final MO eigenvalues (eV):
 -36.9147  -30.9854  -18.5319  -15.4375  -15.4375  -13.7233  -12.4645  -12.4645
   1.6644    1.6644    3.1459    3.8886    3.8886    4.0600    6.6223

 Heat of formation   =         19.23535628 kcal/mol  (        0.83410764 eV)

 Total SCF energy    =     -11620.28066505 kcal/mol  (     -503.89318178 eV)
 Electronic energy   =     -27781.33920214 kcal/mol  (    -1204.68926769 eV)
 Core-core repulsion =      16161.05853708 kcal/mol  (      700.79608591 eV)
 
    Atomic Charges for Step       1 :
  Atom    Element       Mulliken Charge
     1      C                 -0.144
     2      C                 -0.136
     3      N                 -0.050
     4      H                  0.110
     5      H                  0.110
     6      H                  0.110
 Total Mulliken Charge =       0.000
 
                  X        Y        Z     TOTAL  
  QM DIPOLE     1.294   -2.353   -1.080    2.894
 
 Final Structure

  QMMM: QM Region Cartesian Coordinates (*=link atom) 
  QMMM: QM_NO.   MM_NO.  ATOM         X         Y         Z
  QMMM:     1        1      C       -0.1984    1.4578    1.4964
  QMMM:     2        2      C        0.4453    0.2878    0.9596
  QMMM:     3        3      N       -0.7187    2.4036    1.9303
  QMMM:     4        4      H        1.5350    0.4887    0.7955
  QMMM:     5        5      H       -0.0216    0.0060   -0.0189
  QMMM:     6        6      H        0.3393   -0.5709    1.6711

           --------- Calculation Completed ----------

