            --------------------------------------------------------
                             AMBER SQM VERSION 19
 
                                     By
              Ross C. Walker, Michael F. Crowley, Scott Brozell,
                         Tim Giese, Andreas W. Goetz,
                        Tai-Sung Lee and David A. Case
 
            --------------------------------------------------------
 

--------------------------------------------------------------------------------
  QM CALCULATION INFO
--------------------------------------------------------------------------------

| QMMM: Citation for AMBER QMMM Run:
| QMMM: R.C. Walker, M.F. Crowley and D.A. Case, J. COMP. CHEM. 29:1019, 2008

QMMM: SINGLET STATE CALCULATION
QMMM: RHF CALCULATION, NO. OF DOUBLY OCCUPIED LEVELS = 32

| QMMM: *** Selected Hamiltonian *** 
| QMMM: AM1         

| QMMM: *** Parameter sets in use ***
| QMMM: C : M.J.S.DEWAR et al. JACS, 107, 3902, (1985)
| QMMM: O : M.J.S.DEWAR et al. JACS, 107, 3902, (1985)
| QMMM: H : M.J.S.DEWAR et al. JACS, 107, 3902, (1985)

| QMMM: *** SCF convergence criteria ***
| QMMM: Energy change                :  0.1D-09 kcal/mol
| QMMM: Error matrix |FP-PF|         :  0.1D+00 au
| QMMM: Density matrix change        :  0.5D-06
| QMMM: Maximum number of SCF cycles :     1000

| QMMM: *** Diagonalization Routine Information ***
| QMMM: Pseudo diagonalizations are allowed.
| QMMM: Auto diagonalization routine selection is in use.
| QMMM:
| QMMM: Timing diagonalization routines:
| QMMM:                              norbs =       62
| QMMM:    diag iterations used for timing =       15
| QMMM:
| QMMM:              Internal diag routine = 0.041461 seconds
| QMMM:                 Dspev diag routine = 0.036466 seconds
| QMMM:                Dspevd diag routine = 0.006310 seconds
| QMMM:                Dspevx diag routine = 0.034000 seconds
| QMMM:                 Dsyev diag routine = 0.005739 seconds
| QMMM:                Dsyevd diag routine = 0.004372 seconds
| QMMM:                Dsyevr diag routine = 0.005838 seconds
| QMMM:
| QMMM:                Pseudo diag routine = 0.001689 seconds
| QMMM:
| QMMM: Using dsyevd routine (diag_routine=6).

  QMMM: QM Region Cartesian Coordinates (*=link atom) 
  QMMM: QM_NO.   MM_NO.  ATOM         X         Y         Z
  QMMM:     1        1      C        1.8790   -1.0380   -0.1130
  QMMM:     2        2      C        4.4330   -3.6140    6.0240
  QMMM:     3        3      C        1.9160   -2.2550    0.5680
  QMMM:     4        4      C        1.8020    0.1590    0.6010
  QMMM:     5        5      C        4.8770   -2.8200    4.9660
  QMMM:     6        6      C        3.0950   -3.5670    6.4170
  QMMM:     7        7      C        1.8770   -2.2750    1.9620
  QMMM:     8        8      C        1.7620    0.1380    1.9950
  QMMM:     9        9      C        3.9840   -1.9800    4.3010
  QMMM:    10       10      C        2.2020   -2.7270    5.7520
  QMMM:    11       11      C        1.8000   -1.0790    2.6760
  QMMM:    12       12      C        2.6460   -1.9330    4.6940
  QMMM:    13       13      O        1.7590   -1.0980    4.0360
  QMMM:    14       14      H        1.9110   -1.0220   -1.1980
  QMMM:    15       15      H        5.1280   -4.2690    6.5410
  QMMM:    16       16      H        1.9760   -3.1860    0.0130
  QMMM:    17       17      H        1.7730    1.1060    0.0700
  QMMM:    18       18      H        5.9190   -2.8560    4.6600
  QMMM:    19       19      H        2.7500   -4.1860    7.2400
  QMMM:    20       20      H        1.9040   -3.2260    2.4870
  QMMM:    21       21      H        1.7010    1.0730    2.5450
  QMMM:    22       22      H        4.3370   -1.3630    3.4790
  QMMM:    23       23      H        1.1610   -2.6930    6.0630

--------------------------------------------------------------------------------
  RESULTS
--------------------------------------------------------------------------------

      iter         sqm energy              rms gradient
      ----    -------------------    -----------------------
xmin    10       23.6551 kcal/mol        0.5255 kcal/(mol*A)
xmin    20       23.5588 kcal/mol        0.2209 kcal/(mol*A)
xmin    30       23.5418 kcal/mol        0.0929 kcal/(mol*A)
xmin    40       23.4757 kcal/mol        0.2474 kcal/(mol*A)
xmin    50       23.4157 kcal/mol        0.6318 kcal/(mol*A)
xmin    60       23.3767 kcal/mol        0.6230 kcal/(mol*A)
xmin    70       23.3402 kcal/mol        0.2042 kcal/(mol*A)
xmin    80       23.3152 kcal/mol        0.0218 kcal/(mol*A)
xmin    90       23.3142 kcal/mol        0.0612 kcal/(mol*A)
xmin   100       23.3138 kcal/mol        0.0608 kcal/(mol*A)
xmin   110       23.3135 kcal/mol        0.0332 kcal/(mol*A)
xmin   120       23.3134 kcal/mol        0.0120 kcal/(mol*A)
xmin   130       23.3134 kcal/mol        0.0086 kcal/(mol*A)
xmin   140       23.3134 kcal/mol        0.0024 kcal/(mol*A)
xmin   150       23.3134 kcal/mol        0.0009 kcal/(mol*A)
xmin   150       23.3134 kcal/mol        0.0004 kcal/(mol*A)
  ... geometry converged !
 
 Final MO eigenvalues (eV):
 -40.8846  -39.0852  -37.5079  -31.8165  -31.7677  -31.0906  -29.9077  -24.2270
 -23.7614  -23.0099  -22.2186  -19.1911  -17.8371  -16.9111  -16.7809  -16.4176
 -15.5566  -15.2305  -14.5032  -14.4354  -14.3511  -14.1526  -13.4135  -12.7493
 -12.6723  -12.4896  -11.9358  -11.8152   -9.9135   -9.8374   -9.7662   -8.9551
   0.1709    0.3422    0.3930    0.5194    2.2365    2.7491    2.7786    3.7400
   3.8468    3.8484    3.8895    4.0192    4.0442    4.2522    4.2808    4.2872
   4.4545    4.4963    4.8587    4.9597    4.9805    5.2078    5.3409    5.3626
   5.3864    5.5413    5.5459    5.7023    5.9287    6.5432

 Heat of formation   =         23.31337807 kcal/mol  (        1.01094393 eV)

 Total SCF energy    =     -45959.24298833 kcal/mol  (    -1992.94232637 eV)
 Electronic energy   =    -243739.20729465 kcal/mol  (   -10569.32515046 eV)
 Core-core repulsion =     197779.96430633 kcal/mol  (     8576.38282409 eV)
 
    Atomic Charges for Step       1 :
  Atom    Element       Mulliken Charge
     1      C                 -0.150
     2      C                 -0.150
     3      C                 -0.107
     4      C                 -0.110
     5      C                 -0.107
     6      C                 -0.110
     7      C                 -0.173
     8      C                 -0.142
     9      C                 -0.173
    10      C                 -0.142
    11      C                  0.060
    12      C                  0.060
    13      O                 -0.161
    14      H                  0.134
    15      H                  0.134
    16      H                  0.135
    17      H                  0.135
    18      H                  0.135
    19      H                  0.135
    20      H                  0.148
    21      H                  0.150
    22      H                  0.148
    23      H                  0.150
 Total Mulliken Charge =       0.000
 
                  X        Y        Z     TOTAL  
  QM DIPOLE     0.808   -0.708   -0.631    1.246
 
 Final Structure

  QMMM: QM Region Cartesian Coordinates (*=link atom) 
  QMMM: QM_NO.   MM_NO.  ATOM         X         Y         Z
  QMMM:     1        1      C        1.8389   -0.8795   -0.1646
  QMMM:     2        2      C        4.3502   -3.6623    6.1710
  QMMM:     3        3      C        2.1139   -2.1147    0.4220
  QMMM:     4        4      C        1.6008    0.2387    0.6360
  QMMM:     5        5      C        4.8317   -3.0887    4.9943
  QMMM:     6        6      C        3.0377   -3.4232    6.5809
  QMMM:     7        7      C        2.1522   -2.2436    1.8093
  QMMM:     8        8      C        1.6401    0.1353    2.0242
  QMMM:     9        9      C        4.0091   -2.2726    4.2197
  QMMM:    10       10      C        2.1956   -2.6163    5.8199
  QMMM:    11       11      C        1.9138   -1.1146    2.6017
  QMMM:    12       12      C        2.6939   -2.0417    4.6401
  QMMM:    13       13      O        1.8310   -1.1639    3.9903
  QMMM:    14       14      H        1.8087   -0.7863   -1.2597
  QMMM:    15       15      H        5.0060   -4.3036    6.7775
  QMMM:    16       16      H        2.2984   -2.9957   -0.2104
  QMMM:    17       17      H        1.3829    1.2116    0.1705
  QMMM:    18       18      H        5.8674   -3.2758    4.6742
  QMMM:    19       19      H        2.6610   -3.8760    7.5103
  QMMM:    20       20      H        2.3667   -3.2134    2.2810
  QMMM:    21       21      H        1.4512    1.0052    2.6686
  QMMM:    22       22      H        4.3798   -1.8148    3.2914
  QMMM:    23       23      H        1.1609   -2.4151    6.1307

           --------- Calculation Completed ----------

