            --------------------------------------------------------
                             AMBER SQM VERSION 19
 
                                     By
              Ross C. Walker, Michael F. Crowley, Scott Brozell,
                         Tim Giese, Andreas W. Goetz,
                        Tai-Sung Lee and David A. Case
 
            --------------------------------------------------------
 

--------------------------------------------------------------------------------
  QM CALCULATION INFO
--------------------------------------------------------------------------------

| QMMM: Citation for AMBER QMMM Run:
| QMMM: R.C. Walker, M.F. Crowley and D.A. Case, J. COMP. CHEM. 29:1019, 2008

QMMM: SINGLET STATE CALCULATION
QMMM: RHF CALCULATION, NO. OF DOUBLY OCCUPIED LEVELS = 31

| QMMM: *** Selected Hamiltonian *** 
| QMMM: AM1         

| QMMM: *** Parameter sets in use ***
| QMMM: C : M.J.S.DEWAR et al. JACS, 107, 3902, (1985)
| QMMM: O : M.J.S.DEWAR et al. JACS, 107, 3902, (1985)
| QMMM: H : M.J.S.DEWAR et al. JACS, 107, 3902, (1985)

| QMMM: *** SCF convergence criteria ***
| QMMM: Energy change                :  0.1D-09 kcal/mol
| QMMM: Error matrix |FP-PF|         :  0.1D+00 au
| QMMM: Density matrix change        :  0.5D-06
| QMMM: Maximum number of SCF cycles :     1000

| QMMM: *** Diagonalization Routine Information ***
| QMMM: Pseudo diagonalizations are allowed.
| QMMM: Auto diagonalization routine selection is in use.
| QMMM:
| QMMM: Timing diagonalization routines:
| QMMM:                              norbs =       54
| QMMM:    diag iterations used for timing =       15
| QMMM:
| QMMM:              Internal diag routine = 0.008397 seconds
| QMMM:                 Dspev diag routine = 0.010269 seconds
| QMMM:                Dspevd diag routine = 0.010257 seconds
| QMMM:                Dspevx diag routine = 0.027784 seconds
| QMMM:                 Dsyev diag routine = 0.006994 seconds
| QMMM:                Dsyevd diag routine = 0.004472 seconds
| QMMM:                Dsyevr diag routine = 0.006184 seconds
| QMMM:
| QMMM:                Pseudo diag routine = 0.001789 seconds
| QMMM:
| QMMM: Using dsyevd routine (diag_routine=6).

  QMMM: QM Region Cartesian Coordinates (*=link atom) 
  QMMM: QM_NO.   MM_NO.  ATOM         X         Y         Z
  QMMM:     1        1      C        0.2410    3.0420   -3.5110
  QMMM:     2        2      C       -2.4030   -0.4390   -0.8450
  QMMM:     3        3      C       -4.2230    2.3630   -0.4030
  QMMM:     4        4      C       -0.2420    2.7580    0.9070
  QMMM:     5        5      C       -0.8530    1.8230   -1.8260
  QMMM:     6        6      C       -1.8770    1.9220   -0.6770
  QMMM:     7        7      O       -0.7390    3.0800   -2.4830
  QMMM:     8        8      O       -1.9820    0.6390   -0.0210
  QMMM:     9        9      O       -3.1390    2.2310   -1.3140
  QMMM:    10       10      O       -1.4990    2.9390    0.2700
  QMMM:    11       11      H        0.9240    2.2080   -3.3320
  QMMM:    12       12      H        0.7940    3.9840   -3.5230
  QMMM:    13       13      H       -0.2580    2.9010   -4.4730
  QMMM:    14       14      H       -2.6420   -0.0630   -1.8430
  QMMM:    15       15      H       -3.2820   -0.9150   -0.4030
  QMMM:    16       16      H       -1.5940   -1.1690   -0.9170
  QMMM:    17       17      H       -3.8950    2.0780    0.6000
  QMMM:    18       18      H       -5.0500    1.7240   -0.7230
  QMMM:    19       19      H       -4.5530    3.4050   -0.3930
  QMMM:    20       20      H        0.5050    3.3970    0.4280
  QMMM:    21       21      H        0.0570    1.7100    0.8330
  QMMM:    22       22      H       -0.3340    3.0350    1.9600
  QMMM:    23       23      H       -1.1420    1.0660   -2.5610
  QMMM:    24       24      H        0.1410    1.5640   -1.4470

--------------------------------------------------------------------------------
  RESULTS
--------------------------------------------------------------------------------

      iter         sqm energy              rms gradient
      ----    -------------------    -----------------------
xmin    10     -186.0789 kcal/mol        1.8968 kcal/(mol*A)
xmin    20     -187.6553 kcal/mol        0.7109 kcal/(mol*A)
xmin    30     -188.0683 kcal/mol        0.4538 kcal/(mol*A)
xmin    40     -188.2192 kcal/mol        0.5529 kcal/(mol*A)
xmin    50     -188.2512 kcal/mol        0.2430 kcal/(mol*A)
xmin    60     -188.2770 kcal/mol        0.0521 kcal/(mol*A)
xmin    70     -188.2967 kcal/mol        0.0378 kcal/(mol*A)
xmin    80     -188.3118 kcal/mol        0.0870 kcal/(mol*A)
xmin    90     -188.3460 kcal/mol        0.2437 kcal/(mol*A)
xmin   100     -188.4650 kcal/mol        0.7181 kcal/(mol*A)
xmin   110     -188.7185 kcal/mol        0.8572 kcal/(mol*A)
xmin   120     -190.2702 kcal/mol        1.5202 kcal/(mol*A)
xmin   130     -191.0002 kcal/mol        0.1939 kcal/(mol*A)
xmin   140     -191.1097 kcal/mol        0.1134 kcal/(mol*A)
xmin   150     -191.1672 kcal/mol        0.1302 kcal/(mol*A)
xmin   160     -191.1790 kcal/mol        0.0787 kcal/(mol*A)
xmin   170     -191.1908 kcal/mol        0.1182 kcal/(mol*A)
xmin   180     -191.2040 kcal/mol        0.0390 kcal/(mol*A)
xmin   190     -191.2062 kcal/mol        0.0140 kcal/(mol*A)
xmin   200     -191.2068 kcal/mol        0.0145 kcal/(mol*A)
xmin   210     -191.2069 kcal/mol        0.0086 kcal/(mol*A)
xmin   220     -191.2071 kcal/mol        0.0126 kcal/(mol*A)
xmin   230     -191.2072 kcal/mol        0.0017 kcal/(mol*A)
xmin   240     -191.2072 kcal/mol        0.0084 kcal/(mol*A)
xmin   250     -191.2072 kcal/mol        0.0037 kcal/(mol*A)
  ... geometry converged !
 
 Final MO eigenvalues (eV):
 -41.2805  -38.5676  -37.3558  -37.1192  -30.1909  -28.2278  -27.4889  -27.0804
 -26.0664  -22.3646  -19.0948  -18.9539  -18.1368  -16.7366  -16.4108  -15.6554
 -15.4789  -15.2090  -14.8812  -14.7336  -14.6587  -13.8143  -12.9381  -12.8031
 -12.4476  -12.2984  -12.0976  -11.4435  -11.0294  -10.9351  -10.1899    2.3570
   2.6868    2.8190    3.2988    3.7331    4.0226    4.0920    4.1359    4.2709
   4.3608    4.3979    4.4238    4.5039    4.5314    4.5939    4.6030    4.6708
   4.7147    4.7906    5.6778    6.1236    6.3935    6.5393

 Heat of formation   =       -191.20721155 kcal/mol  (       -8.29136688 eV)

 Total SCF energy    =     -51738.67552969 kcal/mol  (    -2243.55732751 eV)
 Electronic energy   =    -259331.04331571 kcal/mol  (   -11245.43789583 eV)
 Core-core repulsion =     207592.36778602 kcal/mol  (     9001.88056832 eV)
 
    Atomic Charges for Step       1 :
  Atom    Element       Mulliken Charge
     1      C                 -0.080
     2      C                 -0.062
     3      C                 -0.057
     4      C                 -0.061
     5      C                 -0.035
     6      C                  0.274
     7      O                 -0.266
     8      O                 -0.323
     9      O                 -0.305
    10      O                 -0.282
    11      H                  0.060
    12      H                  0.097
    13      H                  0.090
    14      H                  0.077
    15      H                  0.099
    16      H                  0.056
    17      H                  0.080
    18      H                  0.088
    19      H                  0.079
    20      H                  0.078
    21      H                  0.078
    22      H                  0.097
    23      H                  0.096
    24      H                  0.121
 Total Mulliken Charge =       0.000
 
                  X        Y        Z     TOTAL  
  QM DIPOLE    -0.253   -1.119   -0.439    1.229
 
 Final Structure

  QMMM: QM Region Cartesian Coordinates (*=link atom) 
  QMMM: QM_NO.   MM_NO.  ATOM         X         Y         Z
  QMMM:     1        1      C       -0.3448    3.4251   -3.0320
  QMMM:     2        2      C       -2.2208   -0.5853   -0.6058
  QMMM:     3        3      C       -3.9187    2.4002   -1.0947
  QMMM:     4        4      C       -0.5000    2.8408    0.8852
  QMMM:     5        5      C       -0.3877    1.4236   -1.7543
  QMMM:     6        6      C       -1.6297    1.7131   -0.8881
  QMMM:     7        7      O        0.3224    2.5982   -2.0870
  QMMM:     8        8      O       -1.9517    0.6647    0.0077
  QMMM:     9        9      O       -2.7314    1.9344   -1.7295
  QMMM:    10       10      O       -1.5673    2.8423   -0.0567
  QMMM:    11       11      H       -0.4334    2.8955   -4.0123
  QMMM:    12       12      H        0.3153    4.3228   -3.1245
  QMMM:    13       13      H       -1.3584    3.7083   -2.6528
  QMMM:    14       14      H       -3.0232   -0.4809   -1.3767
  QMMM:    15       15      H       -2.5613   -1.2382    0.2364
  QMMM:    16       16      H       -1.2907   -0.9965   -1.0705
  QMMM:    17       17      H       -4.1390    1.7950   -0.1829
  QMMM:    18       18      H       -4.7099    2.2634   -1.8733
  QMMM:    19       19      H       -3.8024    3.4778   -0.8260
  QMMM:    20       20      H        0.4824    2.8349    0.3520
  QMMM:    21       21      H       -0.5837    1.9618    1.5686
  QMMM:    22       22      H       -0.6419    3.7974    1.4477
  QMMM:    23       23      H       -0.7086    0.8698   -2.6746
  QMMM:    24       24      H        0.3395    0.8149   -1.1529

           --------- Calculation Completed ----------

