            --------------------------------------------------------
                             AMBER SQM VERSION 19
 
                                     By
              Ross C. Walker, Michael F. Crowley, Scott Brozell,
                         Tim Giese, Andreas W. Goetz,
                        Tai-Sung Lee and David A. Case
 
            --------------------------------------------------------
 

--------------------------------------------------------------------------------
  QM CALCULATION INFO
--------------------------------------------------------------------------------

| QMMM: Citation for AMBER QMMM Run:
| QMMM: R.C. Walker, M.F. Crowley and D.A. Case, J. COMP. CHEM. 29:1019, 2008

QMMM: SINGLET STATE CALCULATION
QMMM: RHF CALCULATION, NO. OF DOUBLY OCCUPIED LEVELS = 27

| QMMM: *** Selected Hamiltonian *** 
| QMMM: AM1         

| QMMM: *** Parameter sets in use ***
| QMMM: C : M.J.S.DEWAR et al. JACS, 107, 3902, (1985)
| QMMM: Cl: M.J.S.DEWAR et al. THEOCHEM, 180, 1, (1988)
| QMMM: H : M.J.S.DEWAR et al. JACS, 107, 3902, (1985)

| QMMM: *** SCF convergence criteria ***
| QMMM: Energy change                :  0.1D-09 kcal/mol
| QMMM: Error matrix |FP-PF|         :  0.1D+00 au
| QMMM: Density matrix change        :  0.5D-06
| QMMM: Maximum number of SCF cycles :     1000

| QMMM: *** Diagonalization Routine Information ***
| QMMM: Pseudo diagonalizations are allowed.
| QMMM: Auto diagonalization routine selection is in use.
| QMMM:
| QMMM: Timing diagonalization routines:
| QMMM:                              norbs =       42
| QMMM:    diag iterations used for timing =       20
| QMMM:
| QMMM:              Internal diag routine = 0.009320 seconds
| QMMM:                 Dspev diag routine = 0.017602 seconds
| QMMM:                Dspevd diag routine = 0.005613 seconds
| QMMM:                Dspevx diag routine = 0.048458 seconds
| QMMM:                 Dsyev diag routine = 0.002964 seconds
| QMMM:                Dsyevd diag routine = 0.002505 seconds
| QMMM:                Dsyevr diag routine = 0.003707 seconds
| QMMM:
| QMMM:                Pseudo diag routine = 0.000546 seconds
| QMMM:
| QMMM: Using dsyevd routine (diag_routine=6).

  QMMM: QM Region Cartesian Coordinates (*=link atom) 
  QMMM: QM_NO.   MM_NO.  ATOM         X         Y         Z
  QMMM:     1        1      C        0.8180   -0.4390    0.5640
  QMMM:     2        2      C        2.9370   -1.5970    0.6200
  QMMM:     3        3      C        1.8870   -1.0340   -0.1050
  QMMM:     4        4      C        0.7990   -0.4060    1.9590
  QMMM:     5        5      C        2.9180   -1.5650    2.0140
  QMMM:     6        6      C        1.8500   -0.9690    2.6840
  QMMM:     7        7      Cl       1.9090   -1.0760   -1.8260
  QMMM:     8        8      Cl      -0.5590    0.3500    2.7190
  QMMM:     9        9      Cl       4.2560   -2.2820    2.8450
  QMMM:    10       10      Cl       1.8260   -0.9290    4.4220
  QMMM:    11       11      H       -0.0000   -0.0010   -0.0040
  QMMM:    12       12      H        3.7690   -2.0620    0.0930

--------------------------------------------------------------------------------
  RESULTS
--------------------------------------------------------------------------------

      iter         sqm energy              rms gradient
      ----    -------------------    -----------------------
xmin    10       -1.7019 kcal/mol        0.0073 kcal/(mol*A)
  ... geometry converged !
 
 Final MO eigenvalues (eV):
 -40.5608  -38.4730  -38.3533  -37.9545  -37.2732  -31.9921  -31.6156  -24.5018
 -24.3853  -19.3662  -17.8726  -17.7968  -16.0652  -15.8997  -15.8822  -14.0709
 -14.0365  -13.8342  -13.7838  -12.9668  -12.4491  -12.3878  -12.2315  -12.0101
 -11.7752  -10.0616   -9.7626   -0.6838   -0.5710    0.4455    0.7828    1.0745
   1.1835    1.7267    3.2088    3.3047    3.5124    3.7170    4.0626    4.2641
   4.4424    4.7266

 Heat of formation   =         -1.70193665 kcal/mol  (       -0.07380151 eV)

 Total SCF energy    =     -52822.70216451 kcal/mol  (    -2290.56424979 eV)
 Electronic energy   =    -191844.75302110 kcal/mol  (    -8319.01274971 eV)
 Core-core repulsion =     139022.05085659 kcal/mol  (     6028.44849992 eV)
 
    Atomic Charges for Step       1 :
  Atom    Element       Mulliken Charge
     1      C                 -0.116
     2      C                 -0.116
     3      C                 -0.049
     4      C                 -0.048
     5      C                 -0.048
     6      C                 -0.064
     7      Cl                 0.010
     8      Cl                 0.026
     9      Cl                 0.026
    10      Cl                 0.041
    11      H                  0.169
    12      H                  0.169
 Total Mulliken Charge =       0.000
 
                  X        Y        Z     TOTAL  
  QM DIPOLE     0.011   -0.019   -0.827    0.828
 
 Final Structure

  QMMM: QM Region Cartesian Coordinates (*=link atom) 
  QMMM: QM_NO.   MM_NO.  ATOM         X         Y         Z
  QMMM:     1        1      C        0.8119   -0.4359    0.5585
  QMMM:     2        2      C        2.9428   -1.6005    0.6138
  QMMM:     3        3      C        1.8865   -1.0343   -0.1036
  QMMM:     4        4      C        0.7966   -0.4051    1.9557
  QMMM:     5        5      C        2.9212   -1.5663    2.0108
  QMMM:     6        6      C        1.8495   -0.9691    2.6958
  QMMM:     7        7      Cl       1.9089   -1.0738   -1.7995
  QMMM:     8        8      Cl      -0.5180    0.3266    2.7363
  QMMM:     9        9      Cl       4.2143   -2.2599    2.8591
  QMMM:    10       10      Cl       1.8272   -0.9296    4.3862
  QMMM:    11       11      H       -0.0185    0.0091   -0.0134
  QMMM:    12       12      H        3.7877   -2.0712    0.0854

           --------- Calculation Completed ----------

