            --------------------------------------------------------
                             AMBER SQM VERSION 19
 
                                     By
              Ross C. Walker, Michael F. Crowley, Scott Brozell,
                         Tim Giese, Andreas W. Goetz,
                        Tai-Sung Lee and David A. Case
 
            --------------------------------------------------------
 

--------------------------------------------------------------------------------
  QM CALCULATION INFO
--------------------------------------------------------------------------------

| QMMM: Citation for AMBER QMMM Run:
| QMMM: R.C. Walker, M.F. Crowley and D.A. Case, J. COMP. CHEM. 29:1019, 2008

QMMM: SINGLET STATE CALCULATION
QMMM: RHF CALCULATION, NO. OF DOUBLY OCCUPIED LEVELS = 30

| QMMM: *** Selected Hamiltonian *** 
| QMMM: AM1         

| QMMM: *** Parameter sets in use ***
| QMMM: C : M.J.S.DEWAR et al. JACS, 107, 3902, (1985)
| QMMM: O : M.J.S.DEWAR et al. JACS, 107, 3902, (1985)
| QMMM: H : M.J.S.DEWAR et al. JACS, 107, 3902, (1985)

| QMMM: *** SCF convergence criteria ***
| QMMM: Energy change                :  0.1D-09 kcal/mol
| QMMM: Error matrix |FP-PF|         :  0.1D+00 au
| QMMM: Density matrix change        :  0.5D-06
| QMMM: Maximum number of SCF cycles :     1000

| QMMM: *** Diagonalization Routine Information ***
| QMMM: Pseudo diagonalizations are allowed.
| QMMM: Auto diagonalization routine selection is in use.
| QMMM:
| QMMM: Timing diagonalization routines:
| QMMM:                              norbs =       58
| QMMM:    diag iterations used for timing =       15
| QMMM:
| QMMM:              Internal diag routine = 0.049658 seconds
| QMMM:                 Dspev diag routine = 0.020042 seconds
| QMMM:                Dspevd diag routine = 0.016986 seconds
| QMMM:                Dspevx diag routine = 0.033420 seconds
| QMMM:                 Dsyev diag routine = 0.004621 seconds
| QMMM:                Dsyevd diag routine = 0.003356 seconds
| QMMM:                Dsyevr diag routine = 0.005163 seconds
| QMMM:
| QMMM:                Pseudo diag routine = 0.001382 seconds
| QMMM:
| QMMM: Using dsyevd routine (diag_routine=6).

  QMMM: QM Region Cartesian Coordinates (*=link atom) 
  QMMM: QM_NO.   MM_NO.  ATOM         X         Y         Z
  QMMM:     1        1      C        2.0330   -2.5790    0.1200
  QMMM:     2        2      C        2.2870   -3.2380   -1.2100
  QMMM:     3        3      C        3.5740    4.5330    5.2230
  QMMM:     4        4      C        2.6300   -1.2050    0.3480
  QMMM:     5        5      C        2.9870    3.1480    5.0040
  QMMM:     6        6      C        2.3680   -0.6660    1.7510
  QMMM:     7        7      C        3.2700    2.6360    3.5920
  QMMM:     8        8      C        2.9610    0.7300    1.9630
  QMMM:     9        9      C        2.7080    1.2290    3.3870
  QMMM:    10       10      O        1.3760   -3.1430    0.9960
  QMMM:    11       11      H        1.6370   -4.1110   -1.3160
  QMMM:    12       12      H        3.3280   -3.5600   -1.2730
  QMMM:    13       13      H        2.0580   -2.5380   -2.0180
  QMMM:    14       14      H        3.1440    5.2560    4.5220
  QMMM:    15       15      H        4.6600    4.5260    5.0870
  QMMM:    16       16      H        3.3610    4.8780    6.2400
  QMMM:    17       17      H        2.2260   -0.5200   -0.4070
  QMMM:    18       18      H        3.7080   -1.2750    0.1660
  QMMM:    19       19      H        3.4120    2.4570    5.7420
  QMMM:    20       20      H        1.9050    3.1840    5.1780
  QMMM:    21       21      H        2.8130   -1.3590    2.4760
  QMMM:    22       22      H        1.2920   -0.6430    1.9550
  QMMM:    23       23      H        2.8260    3.3200    2.8580
  QMMM:    24       24      H        4.3520    2.6290    3.4140
  QMMM:    25       25      H        2.5220    1.4350    1.2490
  QMMM:    26       26      H        4.0410    0.7030    1.7710
  QMMM:    27       27      H        3.1700    0.5410    4.1060
  QMMM:    28       28      H        1.6290    1.2310    3.5890

--------------------------------------------------------------------------------
  RESULTS
--------------------------------------------------------------------------------

      iter         sqm energy              rms gradient
      ----    -------------------    -----------------------
xmin    10      -89.6097 kcal/mol        0.1803 kcal/(mol*A)
xmin    20      -89.6249 kcal/mol        0.0882 kcal/(mol*A)
xmin    30      -89.6284 kcal/mol        0.0359 kcal/(mol*A)
xmin    40      -89.6299 kcal/mol        0.0233 kcal/(mol*A)
xmin    50      -89.6309 kcal/mol        0.0103 kcal/(mol*A)
xmin    60      -89.6314 kcal/mol        0.0357 kcal/(mol*A)
xmin    70      -89.6319 kcal/mol        0.0092 kcal/(mol*A)
xmin    80      -89.6326 kcal/mol        0.0367 kcal/(mol*A)
xmin    90      -89.6330 kcal/mol        0.0405 kcal/(mol*A)
xmin   100      -89.6334 kcal/mol        0.0173 kcal/(mol*A)
xmin   110      -89.6338 kcal/mol        0.0061 kcal/(mol*A)
xmin   120      -89.6341 kcal/mol        0.0383 kcal/(mol*A)
xmin   130      -89.6345 kcal/mol        0.0303 kcal/(mol*A)
xmin   140      -89.6346 kcal/mol        0.0146 kcal/(mol*A)
xmin   150      -89.6350 kcal/mol        0.0067 kcal/(mol*A)
xmin   160      -89.6352 kcal/mol        0.0079 kcal/(mol*A)
xmin   170      -89.6354 kcal/mol        0.0079 kcal/(mol*A)
xmin   180      -89.6355 kcal/mol        0.0112 kcal/(mol*A)
xmin   190      -89.6356 kcal/mol        0.0083 kcal/(mol*A)
xmin   200      -89.6358 kcal/mol        0.0070 kcal/(mol*A)
xmin   210      -89.6359 kcal/mol        0.0032 kcal/(mol*A)
xmin   220      -89.6360 kcal/mol        0.0079 kcal/(mol*A)
xmin   230      -89.6362 kcal/mol        0.0087 kcal/(mol*A)
xmin   240      -89.6363 kcal/mol        0.0023 kcal/(mol*A)
xmin   250      -89.6364 kcal/mol        0.0064 kcal/(mol*A)
xmin   260      -89.6364 kcal/mol        0.0024 kcal/(mol*A)
xmin   270      -89.6365 kcal/mol        0.0039 kcal/(mol*A)
xmin   280      -89.6365 kcal/mol        0.0019 kcal/(mol*A)
xmin   290      -89.6366 kcal/mol        0.0093 kcal/(mol*A)
xmin   300      -89.6366 kcal/mol        0.0024 kcal/(mol*A)
xmin   310      -89.6366 kcal/mol        0.0015 kcal/(mol*A)
xmin   320      -89.6366 kcal/mol        0.0031 kcal/(mol*A)
xmin   330      -89.6366 kcal/mol        0.0046 kcal/(mol*A)
xmin   340      -89.6367 kcal/mol        0.0027 kcal/(mol*A)
xmin   350      -89.6367 kcal/mol        0.0015 kcal/(mol*A)
xmin   360      -89.6367 kcal/mol        0.0020 kcal/(mol*A)
xmin   370      -89.6367 kcal/mol        0.0012 kcal/(mol*A)
xmin   380      -89.6367 kcal/mol        0.0061 kcal/(mol*A)
xmin   390      -89.6367 kcal/mol        0.0014 kcal/(mol*A)
xmin   400      -89.6367 kcal/mol        0.0046 kcal/(mol*A)
  ... geometry converged !
 
 Final MO eigenvalues (eV):
 -39.6737  -37.4351  -35.0722  -32.3941  -30.5651  -27.3394  -23.8365  -21.6800
 -21.5654  -20.3250  -17.0392  -16.4585  -16.2577  -15.9580  -15.1969  -14.8982
 -14.3074  -14.0294  -13.6200  -13.1296  -13.0113  -12.9221  -12.6357  -12.1453
 -11.8210  -11.8054  -11.5823  -11.3257  -11.1478  -10.5069    0.8776    3.0649
   3.5894    3.6787    3.7734    3.8621    3.9749    4.0128    4.1231    4.1432
   4.2598    4.3406    4.4116    4.4836    4.5665    4.6466    4.7493    4.7722
   4.8114    4.9460    5.0389    5.0591    5.1166    5.1530    5.2287    5.2749
   5.3300    6.5245

 Heat of formation   =        -89.63671056 kcal/mol  (       -3.88693945 eV)

 Total SCF energy    =     -39720.44402504 kcal/mol  (    -1722.40770240 eV)
 Electronic energy   =    -201801.03711782 kcal/mol  (    -8750.74962568 eV)
 Core-core repulsion =     162080.59309278 kcal/mol  (     7028.34192328 eV)
 
    Atomic Charges for Step       1 :
  Atom    Element       Mulliken Charge
     1      C                  0.225
     2      C                 -0.273
     3      C                 -0.210
     4      C                 -0.211
     5      C                 -0.159
     6      C                 -0.154
     7      C                 -0.158
     8      C                 -0.157
     9      C                 -0.158
    10      O                 -0.291
    11      H                  0.107
    12      H                  0.103
    13      H                  0.097
    14      H                  0.072
    15      H                  0.071
    16      H                  0.072
    17      H                  0.106
    18      H                  0.100
    19      H                  0.078
    20      H                  0.079
    21      H                  0.090
    22      H                  0.099
    23      H                  0.078
    24      H                  0.078
    25      H                  0.077
    26      H                  0.076
    27      H                  0.081
    28      H                  0.082
 Total Mulliken Charge =      -0.000
 
                  X        Y        Z     TOTAL  
  QM DIPOLE     1.761    1.271   -1.680    2.745
 
 Final Structure

  QMMM: QM Region Cartesian Coordinates (*=link atom) 
  QMMM: QM_NO.   MM_NO.  ATOM         X         Y         Z
  QMMM:     1        1      C        1.9554   -2.5225    0.1328
  QMMM:     2        2      C        2.3843   -3.1832   -1.1392
  QMMM:     3        3      C        3.6079    4.4867    5.1744
  QMMM:     4        4      C        2.5535   -1.1651    0.3701
  QMMM:     5        5      C        3.0478    3.1010    4.9836
  QMMM:     6        6      C        2.3373   -0.6690    1.7824
  QMMM:     7        7      C        3.2576    2.6069    3.5679
  QMMM:     8        8      C        2.9036    0.7221    1.9657
  QMMM:     9        9      C        2.6936    1.2148    3.3816
  QMMM:    10       10      O        1.1664   -3.0588    0.9168
  QMMM:    11       11      H        1.7562   -4.0821   -1.3512
  QMMM:    12       12      H        3.4509   -3.5045   -1.0476
  QMMM:    13       13      H        2.2991   -2.4679   -1.9923
  QMMM:    14       14      H        3.1129    5.2110    4.4832
  QMMM:    15       15      H        4.7054    4.5006    4.9676
  QMMM:    16       16      H        3.4425    4.8312    6.2237
  QMMM:    17       17      H        2.0875   -0.4509   -0.3613
  QMMM:    18       18      H        3.6514   -1.2081    0.1416
  QMMM:    19       19      H        3.5391    2.3934    5.7027
  QMMM:    20       20      H        1.9508    3.1019    5.2199
  QMMM:    21       21      H        2.8218   -1.3773    2.5049
  QMMM:    22       22      H        1.2389   -0.6710    2.0130
  QMMM:    23       23      H        2.7653    3.3123    2.8476
  QMMM:    24       24      H        4.3541    2.6041    3.3302
  QMMM:    25       25      H        2.4116    1.4280    1.2456
  QMMM:    26       26      H        4.0001    0.7182    1.7279
  QMMM:    27       27      H        3.1859    0.5095    4.1019
  QMMM:    28       28      H        1.5971    1.2176    3.6195

           --------- Calculation Completed ----------

