            --------------------------------------------------------
                             AMBER SQM VERSION 19
 
                                     By
              Ross C. Walker, Michael F. Crowley, Scott Brozell,
                         Tim Giese, Andreas W. Goetz,
                        Tai-Sung Lee and David A. Case
 
            --------------------------------------------------------
 

--------------------------------------------------------------------------------
  QM CALCULATION INFO
--------------------------------------------------------------------------------

| QMMM: Citation for AMBER QMMM Run:
| QMMM: R.C. Walker, M.F. Crowley and D.A. Case, J. COMP. CHEM. 29:1019, 2008

QMMM: SINGLET STATE CALCULATION
QMMM: RHF CALCULATION, NO. OF DOUBLY OCCUPIED LEVELS = 24

| QMMM: *** Selected Hamiltonian *** 
| QMMM: AM1         

| QMMM: *** Parameter sets in use ***
| QMMM: C : M.J.S.DEWAR et al. JACS, 107, 3902, (1985)
| QMMM: N : M.J.S.DEWAR et al. JACS, 107, 3902, (1985)
| QMMM: O : M.J.S.DEWAR et al. JACS, 107, 3902, (1985)
| QMMM: H : M.J.S.DEWAR et al. JACS, 107, 3902, (1985)

| QMMM: *** SCF convergence criteria ***
| QMMM: Energy change                :  0.1D-09 kcal/mol
| QMMM: Error matrix |FP-PF|         :  0.1D+00 au
| QMMM: Density matrix change        :  0.5D-06
| QMMM: Maximum number of SCF cycles :     1000

| QMMM: *** Diagonalization Routine Information ***
| QMMM: Pseudo diagonalizations are allowed.
| QMMM: Auto diagonalization routine selection is in use.
| QMMM:
| QMMM: Timing diagonalization routines:
| QMMM:                              norbs =       45
| QMMM:    diag iterations used for timing =       20
| QMMM:
| QMMM:              Internal diag routine = 0.034192 seconds
| QMMM:                 Dspev diag routine = 0.009630 seconds
| QMMM:                Dspevd diag routine = 0.009611 seconds
| QMMM:                Dspevx diag routine = 0.044898 seconds
| QMMM:                 Dsyev diag routine = 0.007462 seconds
| QMMM:                Dsyevd diag routine = 0.002923 seconds
| QMMM:                Dsyevr diag routine = 0.004429 seconds
| QMMM:
| QMMM:                Pseudo diag routine = 0.000842 seconds
| QMMM:
| QMMM: Using dsyevd routine (diag_routine=6).

  QMMM: QM Region Cartesian Coordinates (*=link atom) 
  QMMM: QM_NO.   MM_NO.  ATOM         X         Y         Z
  QMMM:     1        1      C        0.8320   -0.3950    0.5750
  QMMM:     2        2      C        1.8990   -1.0140   -0.0770
  QMMM:     3        3      C        0.8350   -0.2830    1.9660
  QMMM:     4        4      C        2.9710   -1.4090    2.0520
  QMMM:     5        5      C        2.9680   -1.5200    0.6620
  QMMM:     6        6      C        1.9040   -0.7900    2.7040
  QMMM:     7        7      C        0.7850   -0.0360    4.6620
  QMMM:     8        8      N        4.0480   -2.1450    0.0030
  QMMM:     9        9      O        1.9070   -0.6800    4.0610
  QMMM:    10       10      H       -0.0000   -0.0010    0.0000
  QMMM:    11       11      H        1.8870   -1.0960   -1.1610
  QMMM:    12       12      H        0.0010    0.2000    2.4680
  QMMM:    13       13      H        3.8020   -1.8020    2.6320
  QMMM:    14       14      H       -0.0010   -0.7710    4.8490
  QMMM:    15       15      H        0.4150    0.7490    3.9980
  QMMM:    16       16      H        1.0970    0.4090    5.6100
  QMMM:    17       17      H        3.8610   -2.7660   -0.7580
  QMMM:    18       18      H        4.9720   -2.0310    0.3660

--------------------------------------------------------------------------------
  RESULTS
--------------------------------------------------------------------------------

      iter         sqm energy              rms gradient
      ----    -------------------    -----------------------
xmin    10      -17.2423 kcal/mol        1.7632 kcal/(mol*A)
xmin    20      -17.6843 kcal/mol        0.7208 kcal/(mol*A)
xmin    30      -17.7256 kcal/mol        0.1633 kcal/(mol*A)
xmin    40      -17.7273 kcal/mol        0.0855 kcal/(mol*A)
xmin    50      -17.7276 kcal/mol        0.0291 kcal/(mol*A)
xmin    60      -17.7279 kcal/mol        0.0194 kcal/(mol*A)
xmin    70      -17.7280 kcal/mol        0.0098 kcal/(mol*A)
xmin    80      -17.7280 kcal/mol        0.0105 kcal/(mol*A)
xmin    90      -17.7280 kcal/mol        0.0103 kcal/(mol*A)
xmin   100      -17.7280 kcal/mol        0.0014 kcal/(mol*A)
  ... geometry converged !
 
 Final MO eigenvalues (eV):
 -40.2770  -38.2462  -34.8921  -31.0821  -29.0517  -27.5471  -23.2239  -22.3294
 -18.8022  -17.6562  -16.8011  -16.3747  -16.1872  -15.8155  -14.3293  -13.9814
 -13.7887  -12.9531  -12.5734  -12.2582  -11.8192  -11.1839   -9.1138   -8.5195
   0.6135    0.6844    2.5286    2.9319    3.1868    3.8570    4.0502    4.1650
   4.1678    4.2772    4.3374    4.5241    4.5963    4.9534    5.2929    5.3960
   5.6074    5.7374    6.2776    6.3046    6.5969

 Heat of formation   =        -17.72800786 kcal/mol  (       -0.76874411 eV)

 Total SCF energy    =     -35680.97920537 kcal/mol  (    -1547.24336349 eV)
 Electronic energy   =    -158863.51146364 kcal/mol  (    -6888.83879553 eV)
 Core-core repulsion =     123182.53225827 kcal/mol  (     5341.59543204 eV)
 
    Atomic Charges for Step       1 :
  Atom    Element       Mulliken Charge
     1      C                 -0.060
     2      C                 -0.224
     3      C                 -0.246
     4      C                 -0.225
     5      C                  0.090
     6      C                  0.115
     7      C                 -0.075
     8      N                 -0.331
     9      O                 -0.213
    10      H                  0.129
    11      H                  0.132
    12      H                  0.136
    13      H                  0.148
    14      H                  0.072
    15      H                  0.073
    16      H                  0.104
    17      H                  0.187
    18      H                  0.188
 Total Mulliken Charge =      -0.000
 
                  X        Y        Z     TOTAL  
  QM DIPOLE    -0.945   -0.979   -0.259    1.385
 
 Final Structure

  QMMM: QM Region Cartesian Coordinates (*=link atom) 
  QMMM: QM_NO.   MM_NO.  ATOM         X         Y         Z
  QMMM:     1        1      C        0.7757   -0.5170    0.5291
  QMMM:     2        2      C        1.8689   -1.0942   -0.1007
  QMMM:     3        3      C        0.7521   -0.3234    1.9097
  QMMM:     4        4      C        2.9831   -1.3108    2.0540
  QMMM:     5        5      C        2.9995   -1.4933    0.6559
  QMMM:     6        6      C        1.8628   -0.7240    2.6606
  QMMM:     7        7      C        0.8556    0.0167    4.6870
  QMMM:     8        8      N        4.1405   -1.9900    0.0202
  QMMM:     9        9      O        1.9619   -0.5940    4.0339
  QMMM:    10       10      H       -0.0928   -0.2064   -0.0723
  QMMM:    11       11      H        1.8595   -1.2306   -1.1915
  QMMM:    12       12      H       -0.1242    0.1344    2.3850
  QMMM:    13       13      H        3.8351   -1.6076    2.6816
  QMMM:    14       14      H       -0.0706   -0.5917    4.5461
  QMMM:    15       15      H        0.7006    1.0576    4.3124
  QMMM:    16       16      H        1.1618    0.0259    5.7638
  QMMM:    17       17      H        3.9715   -2.4069   -0.8675
  QMMM:    18       18      H        4.7420   -2.5258    0.6047

           --------- Calculation Completed ----------

