            --------------------------------------------------------
                             AMBER SQM VERSION 19
 
                                     By
              Ross C. Walker, Michael F. Crowley, Scott Brozell,
                         Tim Giese, Andreas W. Goetz,
                        Tai-Sung Lee and David A. Case
 
            --------------------------------------------------------
 

--------------------------------------------------------------------------------
  QM CALCULATION INFO
--------------------------------------------------------------------------------

| QMMM: Citation for AMBER QMMM Run:
| QMMM: R.C. Walker, M.F. Crowley and D.A. Case, J. COMP. CHEM. 29:1019, 2008

QMMM: SINGLET STATE CALCULATION
QMMM: RHF CALCULATION, NO. OF DOUBLY OCCUPIED LEVELS = 48

| QMMM: *** Selected Hamiltonian *** 
| QMMM: AM1         

| QMMM: *** Parameter sets in use ***
| QMMM: C : M.J.S.DEWAR et al. JACS, 107, 3902, (1985)
| QMMM: O : M.J.S.DEWAR et al. JACS, 107, 3902, (1985)
| QMMM: H : M.J.S.DEWAR et al. JACS, 107, 3902, (1985)

| QMMM: *** SCF convergence criteria ***
| QMMM: Energy change                :  0.1D-09 kcal/mol
| QMMM: Error matrix |FP-PF|         :  0.1D+00 au
| QMMM: Density matrix change        :  0.5D-06
| QMMM: Maximum number of SCF cycles :     1000

| QMMM: *** Diagonalization Routine Information ***
| QMMM: Pseudo diagonalizations are allowed.
| QMMM: Auto diagonalization routine selection is in use.
| QMMM:
| QMMM: Timing diagonalization routines:
| QMMM:                              norbs =       90
| QMMM:    diag iterations used for timing =       15
| QMMM:
| QMMM:              Internal diag routine = 0.051701 seconds
| QMMM:                 Dspev diag routine = 0.062107 seconds
| QMMM:                Dspevd diag routine = 0.014817 seconds
| QMMM:                Dspevx diag routine = 0.077771 seconds
| QMMM:                 Dsyev diag routine = 0.019140 seconds
| QMMM:                Dsyevd diag routine = 1.042091 seconds
| QMMM:                Dsyevr diag routine = 0.080781 seconds
| QMMM:
| QMMM:                Pseudo diag routine = 0.015933 seconds
| QMMM: Pseudo diagonalization appears to be slower than regular
| QMMM: diagonalization. Setting pseudo_diag=0 for optimum performance.
| QMMM:
| QMMM: Using dspevd routine (diag_routine=3).

  QMMM: QM Region Cartesian Coordinates (*=link atom) 
  QMMM: QM_NO.   MM_NO.  ATOM         X         Y         Z
  QMMM:     1        1      C        3.4830   -4.9770    4.1200
  QMMM:     2        2      C        4.0750   -3.9480    3.3880
  QMMM:     3        3      C        2.3230   -4.7320    4.8550
  QMMM:     4        4      C       -1.8930   -0.6240    5.0130
  QMMM:     5        5      C        3.5070   -2.6740    3.3910
  QMMM:     6        6      C        1.7550   -3.4580    4.8580
  QMMM:     7        7      C       -0.7350   -0.9250    4.2960
  QMMM:     8        8      C       -1.8020   -0.1760    6.3300
  QMMM:     9        9      C        0.6070   -0.3300    6.2150
  QMMM:    10       10      C        2.3470   -2.4290    4.1260
  QMMM:    11       11      C        0.5150   -0.7780    4.8970
  QMMM:    12       12      C       -0.5520   -0.0290    6.9320
  QMMM:    13       13      C        1.7550   -1.1000    4.1290
  QMMM:    14       14      C        0.1690   -0.5940    9.2750
  QMMM:    15       15      C        0.3120    1.7800    8.4920
  QMMM:    16       16      C       -0.4530    0.4500    8.3410
  QMMM:    17       17      O        2.2770   -0.1820    3.4800
  QMMM:    18       18      O        0.5700   -1.6930    8.9150
  QMMM:    19       19      O        0.2300   -0.1820   10.5690
  QMMM:    20       20      H        3.9250   -5.9680    4.1180
  QMMM:    21       21      H        4.9770   -4.1380    2.8140
  QMMM:    22       22      H        1.8630   -5.5330    5.4260
  QMMM:    23       23      H       -2.8670   -0.7390    4.5440
  QMMM:    24       24      H        3.9770   -1.8790    2.8160
  QMMM:    25       25      H        0.8520   -3.2790    5.4350
  QMMM:    26       26      H       -0.8190   -1.2720    3.2690
  QMMM:    27       27      H       -2.7090    0.0570    6.8810
  QMMM:    28       28      H        1.5800   -0.2150    6.6860
  QMMM:    29       29      H        1.3440    1.6950    8.1320
  QMMM:    30       30      H       -0.1830    2.5760    7.9260
  QMMM:    31       31      H        0.3690    2.1010    9.5380
  QMMM:    32       32      H       -1.4750    0.6310    8.7270
  QMMM:    33       33      H        0.6170   -0.8280   11.1980

--------------------------------------------------------------------------------
  RESULTS
--------------------------------------------------------------------------------

      iter         sqm energy              rms gradient
      ----    -------------------    -----------------------
xmin    10      -78.3220 kcal/mol        0.4057 kcal/(mol*A)
xmin    20      -78.4549 kcal/mol        0.1910 kcal/(mol*A)
xmin    30      -78.5941 kcal/mol        0.2413 kcal/(mol*A)
xmin    40      -78.9010 kcal/mol        1.1768 kcal/(mol*A)
xmin    50      -79.1834 kcal/mol        0.7291 kcal/(mol*A)
xmin    60      -79.3537 kcal/mol        0.2943 kcal/(mol*A)
xmin    70      -79.5043 kcal/mol        0.4122 kcal/(mol*A)
xmin    80      -79.5427 kcal/mol        0.1603 kcal/(mol*A)
xmin    90      -79.5483 kcal/mol        0.0429 kcal/(mol*A)
xmin   100      -79.5639 kcal/mol        0.1494 kcal/(mol*A)
xmin   110      -79.5729 kcal/mol        0.1033 kcal/(mol*A)
xmin   120      -79.5968 kcal/mol        0.2448 kcal/(mol*A)
xmin   130      -79.6178 kcal/mol        0.0535 kcal/(mol*A)
xmin   140      -79.6536 kcal/mol        0.2906 kcal/(mol*A)
xmin   150      -79.6935 kcal/mol        0.2874 kcal/(mol*A)
xmin   160      -79.6982 kcal/mol        0.0465 kcal/(mol*A)
xmin   170      -79.7128 kcal/mol        0.0646 kcal/(mol*A)
xmin   180      -79.7434 kcal/mol        0.2484 kcal/(mol*A)
xmin   190      -79.8524 kcal/mol        0.3481 kcal/(mol*A)
xmin   200      -79.9103 kcal/mol        0.6937 kcal/(mol*A)
xmin   210      -79.9978 kcal/mol        0.4381 kcal/(mol*A)
xmin   220      -80.1042 kcal/mol        0.2519 kcal/(mol*A)
xmin   230      -80.1361 kcal/mol        0.2853 kcal/(mol*A)
xmin   240      -80.1677 kcal/mol        0.1394 kcal/(mol*A)
xmin   250      -80.1852 kcal/mol        0.0911 kcal/(mol*A)
xmin   260      -80.2062 kcal/mol        0.1473 kcal/(mol*A)
xmin   270      -80.2205 kcal/mol        0.0394 kcal/(mol*A)
xmin   280      -80.2271 kcal/mol        0.1348 kcal/(mol*A)
xmin   290      -80.2351 kcal/mol        0.1001 kcal/(mol*A)
xmin   300      -80.2378 kcal/mol        0.0699 kcal/(mol*A)
xmin   310      -80.2387 kcal/mol        0.0231 kcal/(mol*A)
xmin   320      -80.2395 kcal/mol        0.0566 kcal/(mol*A)
xmin   330      -80.2408 kcal/mol        0.0203 kcal/(mol*A)
xmin   340      -80.2412 kcal/mol        0.0057 kcal/(mol*A)
xmin   350      -80.2413 kcal/mol        0.0108 kcal/(mol*A)
xmin   360      -80.2417 kcal/mol        0.0074 kcal/(mol*A)
xmin   370      -80.0342 kcal/mol        3.8120 kcal/(mol*A)
xmin   380      -80.2391 kcal/mol        0.0860 kcal/(mol*A)
xmin   390      -80.2414 kcal/mol        0.0148 kcal/(mol*A)
xmin   400      -80.2418 kcal/mol        0.0080 kcal/(mol*A)
xmin   410      -80.2419 kcal/mol        0.0083 kcal/(mol*A)
xmin   420      -80.2419 kcal/mol        0.0060 kcal/(mol*A)
xmin   430      -80.2419 kcal/mol        0.0034 kcal/(mol*A)
xmin   440      -80.2419 kcal/mol        0.0040 kcal/(mol*A)
xmin   450      -80.2419 kcal/mol        0.0018 kcal/(mol*A)
xmin   460      -80.2419 kcal/mol        0.0028 kcal/(mol*A)
xmin   470      -80.2419 kcal/mol        0.0009 kcal/(mol*A)
xmin   480      -80.2419 kcal/mol        0.0020 kcal/(mol*A)
xmin   490      -80.2419 kcal/mol        0.0007 kcal/(mol*A)
xmin   500      -80.2419 kcal/mol        0.0008 kcal/(mol*A)
  ... geometry converged !
 
 Final MO eigenvalues (eV):
 -41.3603  -40.6264  -39.3977  -38.2897  -36.7139  -35.4094  -33.0318  -31.6090
 -31.2256  -30.5555  -26.4064  -25.9815  -23.9674  -23.5994  -23.0965  -21.3962
 -20.3680  -19.1525  -18.2031  -17.8423  -17.4825  -16.7670  -16.5611  -16.3669
 -15.9875  -15.6853  -15.1274  -15.0711  -14.9210  -14.6349  -14.4582  -14.1570
 -14.0442  -13.4499  -13.3320  -13.1217  -12.9594  -12.6171  -12.5579  -12.5090
 -12.2625  -11.9947  -11.5410  -10.6780  -10.0538   -9.9195   -9.8219   -9.7847
  -0.5135    0.0297    0.1370    0.4415    0.9013    1.4748    2.0408    2.5288
   2.8393    2.9222    3.1924    3.4017    3.6711    3.7181    3.7462    3.8335
   3.9300    3.9580    3.9969    4.0260    4.1334    4.1581    4.2525    4.3433
   4.3717    4.4607    4.6015    4.6181    4.7558    4.8650    4.9834    5.0791
   5.1062    5.1928    5.2525    5.3541    5.4474    5.5273    5.6418    5.9148
   6.5016    6.5191

 Heat of formation   =        -80.24192984 kcal/mol  (       -3.47955118 eV)

 Total SCF energy    =     -73848.81047161 kcal/mol  (    -3202.32472450 eV)
 Electronic energy   =    -464287.95540596 kcal/mol  (   -20133.03652946 eV)
 Core-core repulsion =     390439.14493435 kcal/mol  (    16930.71180497 eV)
 
    Atomic Charges for Step       1 :
  Atom    Element       Mulliken Charge
     1      C                 -0.103
     2      C                 -0.145
     3      C                 -0.137
     4      C                 -0.145
     5      C                 -0.078
     6      C                 -0.084
     7      C                 -0.071
     8      C                 -0.092
     9      C                 -0.074
    10      C                 -0.152
    11      C                 -0.146
    12      C                 -0.102
    13      C                  0.309
    14      C                  0.310
    15      C                 -0.210
    16      C                 -0.052
    17      O                 -0.293
    18      O                 -0.362
    19      O                 -0.315
    20      H                  0.134
    21      H                  0.136
    22      H                  0.139
    23      H                  0.140
    24      H                  0.150
    25      H                  0.143
    26      H                  0.154
    27      H                  0.137
    28      H                  0.162
    29      H                  0.097
    30      H                  0.094
    31      H                  0.086
    32      H                  0.127
    33      H                  0.243
 Total Mulliken Charge =      -0.000
 
                  X        Y        Z     TOTAL  
  QM DIPOLE    -0.865    0.451    2.705    2.876
 
 Final Structure

  QMMM: QM Region Cartesian Coordinates (*=link atom) 
  QMMM: QM_NO.   MM_NO.  ATOM         X         Y         Z
  QMMM:     1        1      C        3.9305   -4.3010    5.0403
  QMMM:     2        2      C        4.2326   -3.4602    3.9687
  QMMM:     3        3      C        2.6840   -4.2190    5.6610
  QMMM:     4        4      C       -2.1035    0.0869    4.9612
  QMMM:     5        5      C        3.2904   -2.5380    3.5185
  QMMM:     6        6      C        1.7410   -3.2922    5.2191
  QMMM:     7        7      C       -1.1751   -0.4949    4.1015
  QMMM:     8        8      C       -1.7758    0.3142    6.2972
  QMMM:     9        9      C        0.4148   -0.6439    5.9212
  QMMM:    10       10      C        2.0412   -2.4421    4.1486
  QMMM:    11       11      C        0.0873   -0.8718    4.5816
  QMMM:    12       12      C       -0.5124   -0.0434    6.7810
  QMMM:    13       13      C        1.0596   -1.4641    3.6328
  QMMM:    14       14      C        0.2014   -1.0401    8.9214
  QMMM:    15       15      C        1.0041    1.2115    8.3116
  QMMM:    16       16      C       -0.1575    0.2389    8.2073
  QMMM:    17       17      O        1.0464   -1.1416    2.4358
  QMMM:    18       18      O        1.1461   -1.8111    8.7335
  QMMM:    19       19      O       -0.6558   -1.3586    9.9322
  QMMM:    20       20      H        4.6746   -5.0296    5.3950
  QMMM:    21       21      H        5.2133   -3.5267    3.4752
  QMMM:    22       22      H        2.4435   -4.8813    6.5058
  QMMM:    23       23      H       -3.0966    0.3733    4.5841
  QMMM:    24       24      H        3.5129   -1.8815    2.6621
  QMMM:    25       25      H        0.7590   -3.2307    5.7141
  QMMM:    26       26      H       -1.4179   -0.6579    3.0389
  QMMM:    27       27      H       -2.5134    0.7781    6.9701
  QMMM:    28       28      H        1.4031   -0.9422    6.3131
  QMMM:    29       29      H        1.9287    0.7649    7.8714
  QMMM:    30       30      H        0.7591    2.1504    7.7598
  QMMM:    31       31      H        1.2007    1.4626    9.3815
  QMMM:    32       32      H       -1.0530    0.6854    8.7317
  QMMM:    33       33      H       -0.3723   -2.1862   10.3547

           --------- Calculation Completed ----------

