            --------------------------------------------------------
                             AMBER SQM VERSION 19
 
                                     By
              Ross C. Walker, Michael F. Crowley, Scott Brozell,
                         Tim Giese, Andreas W. Goetz,
                        Tai-Sung Lee and David A. Case
 
            --------------------------------------------------------
 

--------------------------------------------------------------------------------
  QM CALCULATION INFO
--------------------------------------------------------------------------------

| QMMM: Citation for AMBER QMMM Run:
| QMMM: R.C. Walker, M.F. Crowley and D.A. Case, J. COMP. CHEM. 29:1019, 2008

QMMM: SINGLET STATE CALCULATION
QMMM: RHF CALCULATION, NO. OF DOUBLY OCCUPIED LEVELS = 30

| QMMM: *** Selected Hamiltonian *** 
| QMMM: AM1         

| QMMM: *** Parameter sets in use ***
| QMMM: C : M.J.S.DEWAR et al. JACS, 107, 3902, (1985)
| QMMM: O : M.J.S.DEWAR et al. JACS, 107, 3902, (1985)
| QMMM: H : M.J.S.DEWAR et al. JACS, 107, 3902, (1985)

| QMMM: *** SCF convergence criteria ***
| QMMM: Energy change                :  0.1D-09 kcal/mol
| QMMM: Error matrix |FP-PF|         :  0.1D+00 au
| QMMM: Density matrix change        :  0.5D-06
| QMMM: Maximum number of SCF cycles :     1000

| QMMM: *** Diagonalization Routine Information ***
| QMMM: Pseudo diagonalizations are allowed.
| QMMM: Auto diagonalization routine selection is in use.
| QMMM:
| QMMM: Timing diagonalization routines:
| QMMM:                              norbs =       58
| QMMM:    diag iterations used for timing =       15
| QMMM:
| QMMM:              Internal diag routine = 0.021861 seconds
| QMMM:                 Dspev diag routine = 0.091362 seconds
| QMMM:                Dspevd diag routine = 0.004562 seconds
| QMMM:                Dspevx diag routine = 0.031233 seconds
| QMMM:                 Dsyev diag routine = 0.005654 seconds
| QMMM:                Dsyevd diag routine = 0.004168 seconds
| QMMM:                Dsyevr diag routine = 0.006429 seconds
| QMMM:
| QMMM:                Pseudo diag routine = 0.001624 seconds
| QMMM:
| QMMM: Using dsyevd routine (diag_routine=6).

  QMMM: QM Region Cartesian Coordinates (*=link atom) 
  QMMM: QM_NO.   MM_NO.  ATOM         X         Y         Z
  QMMM:     1        1      C       -0.6480   -0.7410   -1.1460
  QMMM:     2        2      C        0.3450    0.1580   -1.1480
  QMMM:     3        3      C       -2.3770   -0.4370    3.4030
  QMMM:     4        4      C        0.9300    0.5240   -2.4400
  QMMM:     5        5      C       -1.4460   -0.9720    2.5990
  QMMM:     6        6      C       -1.3330   -1.1890    0.1150
  QMMM:     7        7      C        0.9030    0.7890    0.0920
  QMMM:     8        8      C        0.4770    0.0560    1.3690
  QMMM:     9        9      C       -1.0150   -0.3010    1.3310
  QMMM:    10       10      C       -0.7770   -2.2760    2.9170
  QMMM:    11       11      O        1.8410    1.3370   -2.5450
  QMMM:    12       12      H       -0.9990   -1.1870   -2.0730
  QMMM:    13       13      H       -2.6820   -0.9310    4.3190
  QMMM:    14       14      H       -2.8550    0.5070    3.1630
  QMMM:    15       15      H        0.4900    0.0160   -3.3140
  QMMM:    16       16      H       -2.4170   -1.1930   -0.0540
  QMMM:    17       17      H       -1.0400   -2.2300    0.3070
  QMMM:    18       18      H        1.9980    0.8100    0.0480
  QMMM:    19       19      H        0.5620    1.8300    0.1390
  QMMM:    20       20      H        1.0760   -0.8580    1.4800
  QMMM:    21       21      H        0.7040    0.6880    2.2370
  QMMM:    22       22      H       -1.5910    0.6290    1.2420
  QMMM:    23       23      H       -1.3410   -3.1080    2.4830
  QMMM:    24       24      H        0.2380   -2.2920    2.5070
  QMMM:    25       25      H       -0.7040   -2.4490    3.9960

--------------------------------------------------------------------------------
  RESULTS
--------------------------------------------------------------------------------

      iter         sqm energy              rms gradient
      ----    -------------------    -----------------------
xmin    10      -27.3219 kcal/mol        0.8910 kcal/(mol*A)
xmin    20      -27.4248 kcal/mol        0.2746 kcal/(mol*A)
xmin    30      -27.4574 kcal/mol        0.3192 kcal/(mol*A)
xmin    40      -27.4955 kcal/mol        0.1966 kcal/(mol*A)
xmin    50      -27.5127 kcal/mol        0.0915 kcal/(mol*A)
xmin    60      -27.5169 kcal/mol        0.0812 kcal/(mol*A)
xmin    70      -27.5191 kcal/mol        0.1066 kcal/(mol*A)
xmin    80      -27.5200 kcal/mol        0.0218 kcal/(mol*A)
xmin    90      -27.5214 kcal/mol        0.0825 kcal/(mol*A)
xmin   100      -27.5212 kcal/mol        0.1026 kcal/(mol*A)
xmin   110      -27.5219 kcal/mol        0.0216 kcal/(mol*A)
xmin   120      -27.5220 kcal/mol        0.0150 kcal/(mol*A)
xmin   130      -27.5222 kcal/mol        0.0183 kcal/(mol*A)
xmin   140      -27.5223 kcal/mol        0.0074 kcal/(mol*A)
xmin   150      -27.5223 kcal/mol        0.0063 kcal/(mol*A)
xmin   160      -27.5223 kcal/mol        0.0041 kcal/(mol*A)
xmin   170      -27.5223 kcal/mol        0.0058 kcal/(mol*A)
xmin   180      -27.5223 kcal/mol        0.0013 kcal/(mol*A)
xmin   190      -27.5223 kcal/mol        0.0011 kcal/(mol*A)
xmin   190      -27.5223 kcal/mol        0.0005 kcal/(mol*A)
  ... geometry converged !
 
 Final MO eigenvalues (eV):
 -40.2774  -38.7092  -35.7784  -31.9274  -31.2668  -28.1278  -25.6893  -23.9426
 -22.3850  -19.6026  -18.6078  -17.2688  -16.5604  -16.0569  -15.2521  -15.0805
 -14.7897  -14.4275  -14.1484  -13.7577  -13.4839  -13.2354  -12.9091  -12.6564
 -11.7729  -11.6759  -11.4128  -10.5140   -9.9875   -9.8222   -0.0827    1.0842
   1.8438    3.1064    3.3967    3.4384    3.6654    3.9523    3.9748    4.0742
   4.1971    4.2094    4.2632    4.3424    4.4303    4.4889    4.6307    4.6905
   4.7539    4.8449    4.8760    4.9609    5.0843    5.2050    5.4308    5.5539
   5.7883    6.4744

 Heat of formation   =        -27.52234449 kcal/mol  (       -1.19345841 eV)

 Total SCF energy    =     -41355.69267221 kcal/mol  (    -1793.31740481 eV)
 Electronic energy   =    -219134.11361059 kcal/mol  (    -9502.36822387 eV)
 Core-core repulsion =     177778.42093839 kcal/mol  (     7709.05081906 eV)
 
    Atomic Charges for Step       1 :
  Atom    Element       Mulliken Charge
     1      C                 -0.096
     2      C                 -0.196
     3      C                 -0.222
     4      C                  0.215
     5      C                 -0.104
     6      C                 -0.136
     7      C                 -0.120
     8      C                 -0.150
     9      C                 -0.072
    10      C                 -0.184
    11      O                 -0.288
    12      H                  0.124
    13      H                  0.114
    14      H                  0.113
    15      H                  0.084
    16      H                  0.098
    17      H                  0.102
    18      H                  0.108
    19      H                  0.096
    20      H                  0.084
    21      H                  0.090
    22      H                  0.095
    23      H                  0.081
    24      H                  0.083
    25      H                  0.081
 Total Mulliken Charge =       0.000
 
                  X        Y        Z     TOTAL  
  QM DIPOLE    -2.137   -2.157    0.846    3.152
 
 Final Structure

  QMMM: QM Region Cartesian Coordinates (*=link atom) 
  QMMM: QM_NO.   MM_NO.  ATOM         X         Y         Z
  QMMM:     1        1      C       -0.6292   -0.7778   -1.1275
  QMMM:     2        2      C        0.3356    0.1582   -1.1514
  QMMM:     3        3      C       -2.2500   -0.3368    3.4328
  QMMM:     4        4      C        0.9264    0.5917   -2.4298
  QMMM:     5        5      C       -1.4234   -0.9767    2.5984
  QMMM:     6        6      C       -1.2537   -1.2776    0.1193
  QMMM:     7        7      C        0.8482    0.8122    0.0831
  QMMM:     8        8      C        0.4700    0.0553    1.3404
  QMMM:     9        9      C       -0.9984   -0.3528    1.3049
  QMMM:    10       10      C       -0.8940   -2.3260    2.9160
  QMMM:    11       11      O        1.8552    1.3977   -2.5171
  QMMM:    12       12      H       -0.9953   -1.2430   -2.0585
  QMMM:    13       13      H       -2.5660   -0.7696    4.3907
  QMMM:    14       14      H       -2.6605    0.6570    3.2132
  QMMM:    15       15      H        0.4745    0.1344   -3.3410
  QMMM:    16       16      H       -2.3603   -1.3933   -0.0306
  QMMM:    17       17      H       -0.8373   -2.3009    0.3338
  QMMM:    18       18      H        1.9661    0.9055    0.0171
  QMMM:    19       19      H        0.4355    1.8573    0.1277
  QMMM:    20       20      H        1.1127   -0.8581    1.4383
  QMMM:    21       21      H        0.6598    0.7006    2.2366
  QMMM:    22       22      H       -1.6065    0.5851    1.1415
  QMMM:    23       23      H       -1.4587   -3.1037    2.3420
  QMMM:    24       24      H        0.1870   -2.4042    2.6418
  QMMM:    25       25      H       -0.9985   -2.5547    4.0053

           --------- Calculation Completed ----------

