            --------------------------------------------------------
                             AMBER SQM VERSION 19
 
                                     By
              Ross C. Walker, Michael F. Crowley, Scott Brozell,
                         Tim Giese, Andreas W. Goetz,
                        Tai-Sung Lee and David A. Case
 
            --------------------------------------------------------
 

--------------------------------------------------------------------------------
  QM CALCULATION INFO
--------------------------------------------------------------------------------

| QMMM: Citation for AMBER QMMM Run:
| QMMM: R.C. Walker, M.F. Crowley and D.A. Case, J. COMP. CHEM. 29:1019, 2008

QMMM: SINGLET STATE CALCULATION
QMMM: RHF CALCULATION, NO. OF DOUBLY OCCUPIED LEVELS = 27

| QMMM: *** Selected Hamiltonian *** 
| QMMM: AM1         

| QMMM: *** Parameter sets in use ***
| QMMM: C : M.J.S.DEWAR et al. JACS, 107, 3902, (1985)
| QMMM: H : M.J.S.DEWAR et al. JACS, 107, 3902, (1985)

| QMMM: *** SCF convergence criteria ***
| QMMM: Energy change                :  0.1D-09 kcal/mol
| QMMM: Error matrix |FP-PF|         :  0.1D+00 au
| QMMM: Density matrix change        :  0.5D-06
| QMMM: Maximum number of SCF cycles :     1000

| QMMM: *** Diagonalization Routine Information ***
| QMMM: Pseudo diagonalizations are allowed.
| QMMM: Auto diagonalization routine selection is in use.
| QMMM:
| QMMM: Timing diagonalization routines:
| QMMM:                              norbs =       54
| QMMM:    diag iterations used for timing =       15
| QMMM:
| QMMM:              Internal diag routine = 0.013378 seconds
| QMMM:                 Dspev diag routine = 0.041567 seconds
| QMMM:                Dspevd diag routine = 0.007049 seconds
| QMMM:                Dspevx diag routine = 0.034275 seconds
| QMMM:                 Dsyev diag routine = 0.006320 seconds
| QMMM:                Dsyevd diag routine = 0.002937 seconds
| QMMM:                Dsyevr diag routine = 0.004450 seconds
| QMMM:
| QMMM:                Pseudo diag routine = 0.001108 seconds
| QMMM:
| QMMM: Using dsyevd routine (diag_routine=6).

  QMMM: QM Region Cartesian Coordinates (*=link atom) 
  QMMM: QM_NO.   MM_NO.  ATOM         X         Y         Z
  QMMM:     1        1      C        1.3670    0.0950    0.5560
  QMMM:     2        2      C        2.3700   -2.0950    0.6090
  QMMM:     3        3      C        1.4200    0.1530    1.9520
  QMMM:     4        4      C        2.4220   -2.0380    2.0050
  QMMM:     5        5      C        1.8300   -1.0350   -0.1260
  QMMM:     6        6      C        1.9460   -0.9140    2.6950
  QMMM:     7        7      C        1.8050   -1.0820   -1.6230
  QMMM:     8        8      C        3.4320   -0.8630    4.7300
  QMMM:     9        9      C        1.1490   -1.9250    4.8620
  QMMM:    10       10      C        1.9930   -0.8270    4.2090
  QMMM:    11       11      H        0.9610    0.9410    0.0070
  QMMM:    12       12      H        2.7530   -2.9770    0.1010
  QMMM:    13       13      H        1.0480    1.0430    2.4530
  QMMM:    14       14      H        2.8430   -2.8810    2.5460
  QMMM:    15       15      H        1.6930   -2.1120   -1.9800
  QMMM:    16       16      H        0.9600   -0.5090   -2.0180
  QMMM:    17       17      H        2.7340   -0.6670   -2.0270
  QMMM:    18       18      H        3.9220   -1.8190    4.5150
  QMMM:    19       19      H        3.4520   -0.7160    5.8150
  QMMM:    20       20      H        4.0340   -0.0690    4.2730
  QMMM:    21       21      H        0.1160   -1.8930    4.4990
  QMMM:    22       22      H        1.1260   -1.7960    5.9500
  QMMM:    23       23      H        1.5460   -2.9250    4.6550
  QMMM:    24       24      H        1.5630    0.1350    4.5180

--------------------------------------------------------------------------------
  RESULTS
--------------------------------------------------------------------------------

      iter         sqm energy              rms gradient
      ----    -------------------    -----------------------
xmin    10       -3.0540 kcal/mol        0.2180 kcal/(mol*A)
xmin    20       -3.0622 kcal/mol        0.1023 kcal/(mol*A)
xmin    30       -3.0630 kcal/mol        0.0102 kcal/(mol*A)
xmin    40       -3.0631 kcal/mol        0.0097 kcal/(mol*A)
xmin    50       -3.0632 kcal/mol        0.0077 kcal/(mol*A)
xmin    60       -3.0632 kcal/mol        0.0094 kcal/(mol*A)
xmin    70       -3.0632 kcal/mol        0.0045 kcal/(mol*A)
xmin    80       -3.0632 kcal/mol        0.0023 kcal/(mol*A)
xmin    90       -3.0632 kcal/mol        0.0024 kcal/(mol*A)
xmin   100       -3.0632 kcal/mol        0.0013 kcal/(mol*A)
  ... geometry converged !
 
 Final MO eigenvalues (eV):
 -39.8762  -36.3921  -32.2719  -31.3421  -27.7401  -27.2510  -23.4740  -22.6674
 -20.5263  -17.0314  -16.2648  -15.8425  -14.7437  -14.6189  -14.4793  -14.1054
 -14.0383  -13.0261  -13.0035  -12.7797  -12.4476  -11.9312  -11.8930  -11.5460
 -11.3143   -9.5808   -9.1061    0.5067    0.6647    2.9140    3.6895    3.8373
   4.0185    4.0965    4.1876    4.3217    4.3827    4.4583    4.5739    4.5752
   4.5886    4.7300    4.8332    4.8574    4.9125    5.0091    5.1368    5.2054
   5.2867    5.3200    5.6716    5.7762    5.8671    6.2207

 Heat of formation   =         -3.06319798 kcal/mol  (       -0.13283023 eV)

 Total SCF energy    =     -33982.10349498 kcal/mol  (    -1473.57458458 eV)
 Electronic energy   =    -182268.29132244 kcal/mol  (    -7903.74620886 eV)
 Core-core repulsion =     148286.18782746 kcal/mol  (     6430.17162428 eV)
 
    Atomic Charges for Step       1 :
  Atom    Element       Mulliken Charge
     1      C                 -0.130
     2      C                 -0.129
     3      C                 -0.124
     4      C                 -0.122
     5      C                 -0.073
     6      C                 -0.071
     7      C                 -0.178
     8      C                 -0.206
     9      C                 -0.206
    10      C                 -0.070
    11      H                  0.130
    12      H                  0.130
    13      H                  0.130
    14      H                  0.131
    15      H                  0.081
    16      H                  0.081
    17      H                  0.085
    18      H                  0.074
    19      H                  0.073
    20      H                  0.078
    21      H                  0.078
    22      H                  0.073
    23      H                  0.074
    24      H                  0.089
 Total Mulliken Charge =       0.000
 
                  X        Y        Z     TOTAL  
  QM DIPOLE     0.053   -0.024   -0.025    0.064
 
 Final Structure

  QMMM: QM Region Cartesian Coordinates (*=link atom) 
  QMMM: QM_NO.   MM_NO.  ATOM         X         Y         Z
  QMMM:     1        1      C        1.3637    0.0951    0.5680
  QMMM:     2        2      C        2.3771   -2.0923    0.6387
  QMMM:     3        3      C        1.4118    0.1620    1.9585
  QMMM:     4        4      C        2.4250   -2.0250    2.0283
  QMMM:     5        5      C        1.8466   -1.0321   -0.1057
  QMMM:     6        6      C        1.9432   -0.8970    2.7034
  QMMM:     7        7      C        1.8102   -1.0972   -1.5844
  QMMM:     8        8      C        3.4198   -0.8747    4.7009
  QMMM:     9        9      C        1.1590   -1.9166    4.8287
  QMMM:    10       10      C        1.9902   -0.8160    4.1969
  QMMM:    11       11      H        0.9422    0.9341   -0.0054
  QMMM:    12       12      H        2.7579   -2.9850    0.1206
  QMMM:    13       13      H        1.0277    1.0558    2.4729
  QMMM:    14       14      H        2.8445   -2.8653    2.6022
  QMMM:    15       15      H        1.7053   -2.1530   -1.9364
  QMMM:    16       16      H        0.9554   -0.5025   -1.9909
  QMMM:    17       17      H        2.7588   -0.6802   -2.0081
  QMMM:    18       18      H        3.8962   -1.8454    4.4225
  QMMM:    19       19      H        3.4369   -0.7772    5.8131
  QMMM:    20       20      H        4.0225   -0.0453    4.2597
  QMMM:    21       21      H        0.1002   -1.8530    4.4812
  QMMM:    22       22      H        1.1773   -1.8184    5.9408
  QMMM:    23       23      H        1.5619   -2.9213    4.5545
  QMMM:    24       24      H        1.5517    0.1745    4.5161

           --------- Calculation Completed ----------

