            --------------------------------------------------------
                             AMBER SQM VERSION 19
 
                                     By
              Ross C. Walker, Michael F. Crowley, Scott Brozell,
                         Tim Giese, Andreas W. Goetz,
                        Tai-Sung Lee and David A. Case
 
            --------------------------------------------------------
 

--------------------------------------------------------------------------------
  QM CALCULATION INFO
--------------------------------------------------------------------------------

| QMMM: Citation for AMBER QMMM Run:
| QMMM: R.C. Walker, M.F. Crowley and D.A. Case, J. COMP. CHEM. 29:1019, 2008

QMMM: SINGLET STATE CALCULATION
QMMM: RHF CALCULATION, NO. OF DOUBLY OCCUPIED LEVELS = 25

| QMMM: *** Selected Hamiltonian *** 
| QMMM: AM1         

| QMMM: *** Parameter sets in use ***
| QMMM: C : M.J.S.DEWAR et al. JACS, 107, 3902, (1985)
| QMMM: O : M.J.S.DEWAR et al. JACS, 107, 3902, (1985)
| QMMM: H : M.J.S.DEWAR et al. JACS, 107, 3902, (1985)

| QMMM: *** SCF convergence criteria ***
| QMMM: Energy change                :  0.1D-09 kcal/mol
| QMMM: Error matrix |FP-PF|         :  0.1D+00 au
| QMMM: Density matrix change        :  0.5D-06
| QMMM: Maximum number of SCF cycles :     1000

| QMMM: *** Diagonalization Routine Information ***
| QMMM: Pseudo diagonalizations are allowed.
| QMMM: Auto diagonalization routine selection is in use.
| QMMM:
| QMMM: Timing diagonalization routines:
| QMMM:                              norbs =       46
| QMMM:    diag iterations used for timing =       20
| QMMM:
| QMMM:              Internal diag routine = 0.018767 seconds
| QMMM:                 Dspev diag routine = 0.035157 seconds
| QMMM:                Dspevd diag routine = 0.012644 seconds
| QMMM:                Dspevx diag routine = 0.042789 seconds
| QMMM:                 Dsyev diag routine = 0.015139 seconds
| QMMM:                Dsyevd diag routine = 0.016522 seconds
| QMMM:                Dsyevr diag routine = 0.010693 seconds
| QMMM:
| QMMM:                Pseudo diag routine = 0.001547 seconds
| QMMM:
| QMMM: Using dsyevr routine (diag_routine=7).

  QMMM: QM Region Cartesian Coordinates (*=link atom) 
  QMMM: QM_NO.   MM_NO.  ATOM         X         Y         Z
  QMMM:     1        1      C        0.0000    0.0000    0.0000
  QMMM:     2        2      C        4.2930    0.8370    3.4120
  QMMM:     3        3      C        3.5800    2.9880   -0.3630
  QMMM:     4        4      C        1.5150    0.0000    0.0000
  QMMM:     5        5      C        3.6960    1.6850    2.3070
  QMMM:     6        6      C        3.3320    1.5210   -0.0660
  QMMM:     7        7      O        1.9580    1.3350    0.0000
  QMMM:     8        8      O        3.9790    1.0580    1.0780
  QMMM:     9        9      H       -0.3760   -1.0190   -0.0040
  QMMM:    10       10      H       -0.3820    0.5030    0.8820
  QMMM:    11       11      H       -0.3830    0.5120   -0.8760
  QMMM:    12       12      H        3.8540   -0.1540    3.4150
  QMMM:    13       13      H        4.1110    1.2980    4.3790
  QMMM:    14       14      H        5.3640    0.7330    3.2760
  QMMM:    15       15      H        3.0850    3.6250    0.3600
  QMMM:    16       16      H        3.1850    3.2270   -1.3440
  QMMM:    17       17      H        4.6450    3.1960   -0.3530
  QMMM:    18       18      H        1.8970   -0.5090   -0.8850
  QMMM:    19       19      H        1.9000   -0.5210    0.8710
  QMMM:    20       20      H        2.6230    1.7840    2.4370
  QMMM:    21       21      H        4.1300    2.6810    2.3260
  QMMM:    22       22      H        3.7450    0.9070   -0.8610

--------------------------------------------------------------------------------
  RESULTS
--------------------------------------------------------------------------------

      iter         sqm energy              rms gradient
      ----    -------------------    -----------------------
xmin    10     -117.3176 kcal/mol        0.2521 kcal/(mol*A)
xmin    20     -117.3459 kcal/mol        0.0540 kcal/(mol*A)
xmin    30     -117.3663 kcal/mol        0.0719 kcal/(mol*A)
xmin    40     -117.3877 kcal/mol        0.0821 kcal/(mol*A)
xmin    50     -117.3992 kcal/mol        0.0802 kcal/(mol*A)
xmin    60     -117.4026 kcal/mol        0.0675 kcal/(mol*A)
xmin    70     -117.4058 kcal/mol        0.0861 kcal/(mol*A)
xmin    80     -117.4080 kcal/mol        0.0505 kcal/(mol*A)
xmin    90     -117.4091 kcal/mol        0.0296 kcal/(mol*A)
xmin   100     -117.4095 kcal/mol        0.0029 kcal/(mol*A)
xmin   110     -117.4096 kcal/mol        0.0306 kcal/(mol*A)
xmin   120     -117.4097 kcal/mol        0.0061 kcal/(mol*A)
xmin   130     -117.4097 kcal/mol        0.0038 kcal/(mol*A)
xmin   140     -117.4097 kcal/mol        0.0010 kcal/(mol*A)
xmin   150     -117.4098 kcal/mol        0.0024 kcal/(mol*A)
  ... geometry converged !
 
 Final MO eigenvalues (eV):
 -40.2105  -37.1845  -32.8837  -31.4207  -30.1410  -24.3155  -23.3706  -22.1937
 -18.5408  -17.7202  -16.4038  -15.6410  -15.3747  -14.9939  -13.7970  -13.3893
 -13.2130  -12.9900  -12.7621  -12.5766  -12.3179  -12.1459  -11.4829  -10.8204
 -10.5063    2.7899    3.0138    3.8093    4.0002    4.0401    4.1174    4.3441
   4.3816    4.4158    4.4500    4.4961    4.5554    4.8225    4.8705    4.8860
   4.9828    5.0245    5.0735    5.1334    6.0734    6.5783

 Heat of formation   =       -117.40975480 kcal/mol  (       -5.09126902 eV)

 Total SCF energy    =     -36966.61801150 kcal/mol  (    -1602.99284556 eV)
 Electronic energy   =    -171530.61125544 kcal/mol  (    -7438.12546097 eV)
 Core-core repulsion =     134563.99324393 kcal/mol  (     5835.13261541 eV)
 
    Atomic Charges for Step       1 :
  Atom    Element       Mulliken Charge
     1      C                 -0.214
     2      C                 -0.214
     3      C                 -0.235
     4      C                 -0.017
     5      C                 -0.020
     6      C                  0.148
     7      O                 -0.309
     8      O                 -0.310
     9      H                  0.079
    10      H                  0.085
    11      H                  0.085
    12      H                  0.083
    13      H                  0.078
    14      H                  0.085
    15      H                  0.094
    16      H                  0.092
    17      H                  0.092
    18      H                  0.062
    19      H                  0.082
    20      H                  0.084
    21      H                  0.063
    22      H                  0.108
 Total Mulliken Charge =       0.000
 
                  X        Y        Z     TOTAL  
  QM DIPOLE    -0.047    0.136   -0.083    0.166
 
 Final Structure

  QMMM: QM Region Cartesian Coordinates (*=link atom) 
  QMMM: QM_NO.   MM_NO.  ATOM         X         Y         Z
  QMMM:     1        1      C        0.0768   -0.0510    0.1719
  QMMM:     2        2      C        4.1156    0.8511    3.3931
  QMMM:     3        3      C        3.6190    3.0065   -0.3583
  QMMM:     4        4      C        1.5682   -0.0259   -0.0676
  QMMM:     5        5      C        3.6741    1.7240    2.2413
  QMMM:     6        6      C        3.3747    1.5254   -0.1314
  QMMM:     7        7      O        1.9762    1.3418    0.0069
  QMMM:     8        8      O        3.9659    1.0045    1.0422
  QMMM:     9        9      H       -0.2884   -1.1035    0.1122
  QMMM:    10       10      H       -0.1624    0.3634    1.1801
  QMMM:    11       11      H       -0.4521    0.5647   -0.5941
  QMMM:    12       12      H        3.5465   -0.1089    3.3940
  QMMM:    13       13      H        3.9315    1.3873    4.3540
  QMMM:    14       14      H        5.2028    0.6136    3.3084
  QMMM:    15       15      H        3.0297    3.6160    0.3676
  QMMM:    16       16      H        3.3052    3.2813   -1.3924
  QMMM:    17       17      H        4.7053    3.2216   -0.2259
  QMMM:    18       18      H        1.8219   -0.4291   -1.0846
  QMMM:    19       19      H        2.1176   -0.6199    0.7102
  QMMM:    20       20      H        2.5752    1.9438    2.2942
  QMMM:    21       21      H        4.2439    2.6915    2.2269
  QMMM:    22       22      H        3.8039    0.8888   -0.9576

           --------- Calculation Completed ----------

