            --------------------------------------------------------
                             AMBER SQM VERSION 19
 
                                     By
              Ross C. Walker, Michael F. Crowley, Scott Brozell,
                         Tim Giese, Andreas W. Goetz,
                        Tai-Sung Lee and David A. Case
 
            --------------------------------------------------------
 

--------------------------------------------------------------------------------
  QM CALCULATION INFO
--------------------------------------------------------------------------------

| QMMM: Citation for AMBER QMMM Run:
| QMMM: R.C. Walker, M.F. Crowley and D.A. Case, J. COMP. CHEM. 29:1019, 2008

QMMM: SINGLET STATE CALCULATION
QMMM: RHF CALCULATION, NO. OF DOUBLY OCCUPIED LEVELS = 31

| QMMM: *** Selected Hamiltonian *** 
| QMMM: AM1         

| QMMM: *** Parameter sets in use ***
| QMMM: C : M.J.S.DEWAR et al. JACS, 107, 3902, (1985)
| QMMM: O : M.J.S.DEWAR et al. JACS, 107, 3902, (1985)
| QMMM: H : M.J.S.DEWAR et al. JACS, 107, 3902, (1985)

| QMMM: *** SCF convergence criteria ***
| QMMM: Energy change                :  0.1D-09 kcal/mol
| QMMM: Error matrix |FP-PF|         :  0.1D+00 au
| QMMM: Density matrix change        :  0.5D-06
| QMMM: Maximum number of SCF cycles :     1000

| QMMM: *** Diagonalization Routine Information ***
| QMMM: Pseudo diagonalizations are allowed.
| QMMM: Auto diagonalization routine selection is in use.
| QMMM:
| QMMM: Timing diagonalization routines:
| QMMM:                              norbs =       60
| QMMM:    diag iterations used for timing =       15
| QMMM:
| QMMM:              Internal diag routine = 0.017635 seconds
| QMMM:                 Dspev diag routine = 0.047190 seconds
| QMMM:                Dspevd diag routine = 0.027798 seconds
| QMMM:                Dspevx diag routine = 0.032931 seconds
| QMMM:                 Dsyev diag routine = 0.007679 seconds
| QMMM:                Dsyevd diag routine = 0.005253 seconds
| QMMM:                Dsyevr diag routine = 0.007052 seconds
| QMMM:
| QMMM:                Pseudo diag routine = 0.002475 seconds
| QMMM:
| QMMM: Using dsyevd routine (diag_routine=6).

  QMMM: QM Region Cartesian Coordinates (*=link atom) 
  QMMM: QM_NO.   MM_NO.  ATOM         X         Y         Z
  QMMM:     1        1      C       -0.5830   -0.6710   -1.2600
  QMMM:     2        2      C        0.5220    0.0960   -1.2540
  QMMM:     3        3      C       -2.3020   -0.3050    3.2910
  QMMM:     4        4      C       -1.4430   -0.9300    2.4730
  QMMM:     5        5      C       -1.3260   -1.0780   -0.0210
  QMMM:     6        6      C        0.6110   -0.1310    1.2810
  QMMM:     7        7      C        1.1470    0.5830    0.0320
  QMMM:     8        8      C       -0.9170   -0.2800    1.2280
  QMMM:     9        9      C        1.2100    0.4880   -2.5300
  QMMM:    10       10      C       -0.9530   -2.3210    2.7500
  QMMM:    11       11      O        0.8990    1.9810    0.1750
  QMMM:    12       12      H       -0.9900   -1.0240   -2.2040
  QMMM:    13       13      H       -2.6760   -0.7840    4.1890
  QMMM:    14       14      H       -2.6510    0.7010    3.0820
  QMMM:    15       15      H       -2.4010   -0.9440   -0.1950
  QMMM:    16       16      H       -1.1630   -2.1530    0.1340
  QMMM:    17       17      H        1.0730   -1.1240    1.3570
  QMMM:    18       18      H        0.8980    0.4290    2.1800
  QMMM:    19       19      H        2.2330    0.4420   -0.0040
  QMMM:    20       20      H       -1.3650    0.7210    1.1690
  QMMM:    21       21      H        0.7920    1.4240   -2.8930
  QMMM:    22       22      H        1.0640   -0.2910   -3.2750
  QMMM:    23       23      H        2.2750    0.6100   -2.3440
  QMMM:    24       24      H       -1.6180   -3.0570    2.2860
  QMMM:    25       25      H        0.0540   -2.4560    2.3440
  QMMM:    26       26      H       -0.9120   -2.5380    3.8230
  QMMM:    27       27      H        1.3150    2.2500    1.0080

--------------------------------------------------------------------------------
  RESULTS
--------------------------------------------------------------------------------

      iter         sqm energy              rms gradient
      ----    -------------------    -----------------------
xmin    10      -44.6289 kcal/mol        0.3901 kcal/(mol*A)
xmin    20      -44.8735 kcal/mol        0.3407 kcal/(mol*A)
xmin    30      -44.9346 kcal/mol        0.1072 kcal/(mol*A)
xmin    40      -44.9549 kcal/mol        0.0230 kcal/(mol*A)
xmin    50      -44.9565 kcal/mol        0.0100 kcal/(mol*A)
xmin    60      -44.9575 kcal/mol        0.0221 kcal/(mol*A)
xmin    70      -44.9578 kcal/mol        0.0169 kcal/(mol*A)
xmin    80      -44.9578 kcal/mol        0.0034 kcal/(mol*A)
xmin    90      -44.9578 kcal/mol        0.0024 kcal/(mol*A)
xmin   100      -44.9578 kcal/mol        0.0006 kcal/(mol*A)
  ... geometry converged !
 
 Final MO eigenvalues (eV):
 -40.3197  -37.2911  -35.4126  -32.2238  -30.5368  -28.0216  -26.9961  -23.8403
 -22.9250  -19.4970  -18.3844  -17.6110  -16.6111  -15.7910  -15.4462  -14.9451
 -14.6323  -14.1474  -14.0884  -13.8113  -13.6035  -13.0099  -12.6106  -12.5475
 -12.3311  -12.0000  -11.4407  -11.2048  -10.8366   -9.7601   -9.4397    1.0858
   1.2148    3.4780    3.5774    3.6524    3.7968    4.0626    4.1265    4.2258
   4.2510    4.3498    4.4354    4.4928    4.5609    4.6050    4.6572    4.6748
   4.7817    4.8569    4.9669    4.9788    5.0488    5.1452    5.2223    5.5952
   5.7252    5.9005    6.0139    6.3286

 Heat of formation   =        -44.95781355 kcal/mol  (       -1.94951709 eV)

 Total SCF energy    =     -42002.95814736 kcal/mol  (    -1821.38494200 eV)
 Electronic energy   =    -235113.34715581 kcal/mol  (   -10195.27978647 eV)
 Core-core repulsion =     193110.38900845 kcal/mol  (     8373.89484448 eV)
 
    Atomic Charges for Step       1 :
  Atom    Element       Mulliken Charge
     1      C                 -0.153
     2      C                 -0.103
     3      C                 -0.224
     4      C                 -0.103
     5      C                 -0.124
     6      C                 -0.182
     7      C                  0.064
     8      C                 -0.073
     9      C                 -0.179
    10      C                 -0.183
    11      O                 -0.323
    12      H                  0.124
    13      H                  0.112
    14      H                  0.114
    15      H                  0.093
    16      H                  0.090
    17      H                  0.091
    18      H                  0.084
    19      H                  0.075
    20      H                  0.107
    21      H                  0.099
    22      H                  0.077
    23      H                  0.077
    24      H                  0.083
    25      H                  0.081
    26      H                  0.079
    27      H                  0.197
 Total Mulliken Charge =      -0.000
 
                  X        Y        Z     TOTAL  
  QM DIPOLE     0.692   -1.160    0.894    1.620
 
 Final Structure

  QMMM: QM Region Cartesian Coordinates (*=link atom) 
  QMMM: QM_NO.   MM_NO.  ATOM         X         Y         Z
  QMMM:     1        1      C       -0.5282   -0.7510   -1.2425
  QMMM:     2        2      C        0.5220    0.0814   -1.2416
  QMMM:     3        3      C       -2.1919   -0.2043    3.2819
  QMMM:     4        4      C       -1.4242   -0.9307    2.4622
  QMMM:     5        5      C       -1.2166   -1.2233   -0.0180
  QMMM:     6        6      C        0.6139   -0.1288    1.2674
  QMMM:     7        7      C        1.1191    0.6148    0.0320
  QMMM:     8        8      C       -0.8905   -0.3510    1.1891
  QMMM:     9        9      C        1.1782    0.5525   -2.4824
  QMMM:    10       10      C       -1.0730   -2.3384    2.7732
  QMMM:    11       11      O        0.8049    2.0054    0.0892
  QMMM:    12       12      H       -0.9315   -1.1462   -2.1893
  QMMM:    13       13      H       -2.5883   -0.6061    4.2231
  QMMM:    14       14      H       -2.4729    0.8339    3.0636
  QMMM:    15       15      H       -2.3267   -1.2248   -0.1841
  QMMM:    16       16      H       -0.9067   -2.2859    0.1812
  QMMM:    17       17      H        1.1427   -1.1143    1.3359
  QMMM:    18       18      H        0.8624    0.4588    2.1885
  QMMM:    19       19      H        2.2436    0.5102   -0.0193
  QMMM:    20       20      H       -1.3668    0.6599    1.0193
  QMMM:    21       21      H        1.2080    1.6718   -2.4856
  QMMM:    22       22      H        0.6334    0.2045   -3.3934
  QMMM:    23       23      H        2.2298    0.1735   -2.5315
  QMMM:    24       24      H       -1.6983   -3.0330    2.1571
  QMMM:    25       25      H        0.0025   -2.5393    2.5433
  QMMM:    26       26      H       -1.2530   -2.5719    3.8515
  QMMM:    27       27      H        1.1012    2.3201    0.9513

           --------- Calculation Completed ----------

