            --------------------------------------------------------
                             AMBER SQM VERSION 19
 
                                     By
              Ross C. Walker, Michael F. Crowley, Scott Brozell,
                         Tim Giese, Andreas W. Goetz,
                        Tai-Sung Lee and David A. Case
 
            --------------------------------------------------------
 

--------------------------------------------------------------------------------
  QM CALCULATION INFO
--------------------------------------------------------------------------------

| QMMM: Citation for AMBER QMMM Run:
| QMMM: R.C. Walker, M.F. Crowley and D.A. Case, J. COMP. CHEM. 29:1019, 2008

QMMM: SINGLET STATE CALCULATION
QMMM: RHF CALCULATION, NO. OF DOUBLY OCCUPIED LEVELS = 24

| QMMM: *** Selected Hamiltonian *** 
| QMMM: AM1         

| QMMM: *** Parameter sets in use ***
| QMMM: C : M.J.S.DEWAR et al. JACS, 107, 3902, (1985)
| QMMM: O : M.J.S.DEWAR et al. JACS, 107, 3902, (1985)
| QMMM: H : M.J.S.DEWAR et al. JACS, 107, 3902, (1985)

| QMMM: *** SCF convergence criteria ***
| QMMM: Energy change                :  0.1D-09 kcal/mol
| QMMM: Error matrix |FP-PF|         :  0.1D+00 au
| QMMM: Density matrix change        :  0.5D-06
| QMMM: Maximum number of SCF cycles :     1000

| QMMM: *** Diagonalization Routine Information ***
| QMMM: Pseudo diagonalizations are allowed.
| QMMM: Auto diagonalization routine selection is in use.
| QMMM:
| QMMM: Timing diagonalization routines:
| QMMM:                              norbs =       46
| QMMM:    diag iterations used for timing =       20
| QMMM:
| QMMM:              Internal diag routine = 0.021438 seconds
| QMMM:                 Dspev diag routine = 0.011910 seconds
| QMMM:                Dspevd diag routine = 0.019917 seconds
| QMMM:                Dspevx diag routine = 0.043308 seconds
| QMMM:                 Dsyev diag routine = 0.003698 seconds
| QMMM:                Dsyevd diag routine = 0.003072 seconds
| QMMM:                Dsyevr diag routine = 0.004409 seconds
| QMMM:
| QMMM:                Pseudo diag routine = 0.000945 seconds
| QMMM:
| QMMM: Using dsyevd routine (diag_routine=6).

  QMMM: QM Region Cartesian Coordinates (*=link atom) 
  QMMM: QM_NO.   MM_NO.  ATOM         X         Y         Z
  QMMM:     1        1      C        1.8850   -1.0380   -0.1090
  QMMM:     2        2      C        0.8180   -0.4410    0.5630
  QMMM:     3        3      C        2.9350   -1.6040    0.6140
  QMMM:     4        4      C        0.8010   -0.4100    1.9570
  QMMM:     5        5      C        2.9180   -1.5730    2.0080
  QMMM:     6        6      C        1.8510   -0.9770    2.6800
  QMMM:     7        7      C        1.8190    0.4350    5.9950
  QMMM:     8        8      C        1.1680    0.1520    4.6580
  QMMM:     9        9      O        1.8340   -0.9480    4.0400
  QMMM:    10       10      H        1.8990   -1.0600   -1.1950
  QMMM:    11       11      H       -0.0000   -0.0010   -0.0000
  QMMM:    12       12      H        3.7660   -2.0680    0.0900
  QMMM:    13       13      H       -0.0340    0.0550    2.4750
  QMMM:    14       14      H        3.7390   -2.0170    2.5660
  QMMM:    15       15      H        1.3310    1.2760    6.4970
  QMMM:    16       16      H        1.7640   -0.4450    6.6450
  QMMM:    17       17      H        2.8810    0.6690    5.8660
  QMMM:    18       18      H        1.2440    1.0240    4.0020
  QMMM:    19       19      H        0.1130   -0.1040    4.7920

--------------------------------------------------------------------------------
  RESULTS
--------------------------------------------------------------------------------

      iter         sqm energy              rms gradient
      ----    -------------------    -----------------------
xmin    10      -21.1641 kcal/mol        0.3440 kcal/(mol*A)
xmin    20      -21.3759 kcal/mol        1.4830 kcal/(mol*A)
xmin    30      -21.5512 kcal/mol        0.1786 kcal/(mol*A)
xmin    40      -21.5834 kcal/mol        0.1964 kcal/(mol*A)
xmin    50      -21.6063 kcal/mol        0.2375 kcal/(mol*A)
xmin    60      -21.6194 kcal/mol        0.0779 kcal/(mol*A)
xmin    70      -21.6276 kcal/mol        0.1967 kcal/(mol*A)
xmin    80      -21.6324 kcal/mol        0.1407 kcal/(mol*A)
xmin    90      -21.6352 kcal/mol        0.0198 kcal/(mol*A)
xmin   100      -21.6371 kcal/mol        0.0303 kcal/(mol*A)
xmin   110      -21.6375 kcal/mol        0.0147 kcal/(mol*A)
xmin   120      -21.6378 kcal/mol        0.0546 kcal/(mol*A)
xmin   130      -21.6380 kcal/mol        0.0108 kcal/(mol*A)
xmin   140      -21.6380 kcal/mol        0.0072 kcal/(mol*A)
xmin   150      -21.6380 kcal/mol        0.0098 kcal/(mol*A)
xmin   160      -21.6381 kcal/mol        0.0025 kcal/(mol*A)
xmin   170      -21.6381 kcal/mol        0.0010 kcal/(mol*A)
  ... geometry converged !
 
 Final MO eigenvalues (eV):
 -40.2880  -37.9016  -32.6418  -31.4583  -29.9113  -24.5741  -23.0175  -22.2394
 -18.9264  -16.8641  -16.8114  -16.4094  -15.2013  -14.3623  -14.1861  -14.0727
 -13.4065  -12.7450  -12.7037  -12.3401  -11.7044  -11.5537   -9.7432   -8.9597
   0.5095    0.6066    2.4495    2.9396    3.7567    3.8222    3.9193    4.0072
   4.1335    4.1724    4.4094    4.4216    4.5515    4.6968    4.7864    4.9048
   5.1231    5.3758    5.5261    5.7102    5.9122    6.5299

 Heat of formation   =        -21.63806373 kcal/mol  (       -0.93829685 eV)

 Total SCF energy    =     -34176.10232839 kcal/mol  (    -1481.98700526 eV)
 Electronic energy   =    -155900.43000261 kcal/mol  (    -6760.34994157 eV)
 Core-core repulsion =     121724.32767422 kcal/mol  (     5278.36293631 eV)
 
    Atomic Charges for Step       1 :
  Atom    Element       Mulliken Charge
     1      C                 -0.166
     2      C                 -0.095
     3      C                 -0.099
     4      C                 -0.206
     5      C                 -0.158
     6      C                  0.083
     7      C                 -0.218
     8      C                 -0.022
     9      O                 -0.216
    10      H                  0.132
    11      H                  0.130
    12      H                  0.133
    13      H                  0.135
    14      H                  0.148
    15      H                  0.084
    16      H                  0.090
    17      H                  0.090
    18      H                  0.077
    19      H                  0.077
 Total Mulliken Charge =      -0.000
 
                  X        Y        Z     TOTAL  
  QM DIPOLE    -0.997    0.724    0.282    1.264
 
 Final Structure

  QMMM: QM Region Cartesian Coordinates (*=link atom) 
  QMMM: QM_NO.   MM_NO.  ATOM         X         Y         Z
  QMMM:     1        1      C        1.8097   -1.1690   -0.1305
  QMMM:     2        2      C        0.8524   -0.3964    0.5216
  QMMM:     3        3      C        2.8714   -1.7190    0.5925
  QMMM:     4        4      C        0.9415   -0.1639    1.8948
  QMMM:     5        5      C        2.9817   -1.5017    1.9604
  QMMM:     6        6      C        2.0083   -0.7185    2.6116
  QMMM:     7        7      C        1.6714    0.2506    6.1087
  QMMM:     8        8      C        1.2373    0.2296    4.6612
  QMMM:     9        9      O        2.2095   -0.5640    3.9686
  QMMM:    10       10      H        1.7319   -1.3471   -1.2122
  QMMM:    11       11      H        0.0156    0.0375   -0.0459
  QMMM:    12       12      H        3.6276   -2.3295    0.0767
  QMMM:    13       13      H        0.1778    0.4478    2.3931
  QMMM:    14       14      H        3.8104   -1.9270    2.5431
  QMMM:    15       15      H        0.9458    0.8590    6.6989
  QMMM:    16       16      H        1.7033   -0.7859    6.5218
  QMMM:    17       17      H        2.6895    0.6979    6.2046
  QMMM:    18       18      H        1.2226    1.2640    4.2269
  QMMM:    19       19      H        0.2243   -0.2392    4.5480

           --------- Calculation Completed ----------

