            --------------------------------------------------------
                             AMBER SQM VERSION 19
 
                                     By
              Ross C. Walker, Michael F. Crowley, Scott Brozell,
                         Tim Giese, Andreas W. Goetz,
                        Tai-Sung Lee and David A. Case
 
            --------------------------------------------------------
 

--------------------------------------------------------------------------------
  QM CALCULATION INFO
--------------------------------------------------------------------------------

| QMMM: Citation for AMBER QMMM Run:
| QMMM: R.C. Walker, M.F. Crowley and D.A. Case, J. COMP. CHEM. 29:1019, 2008

QMMM: SINGLET STATE CALCULATION
QMMM: RHF CALCULATION, NO. OF DOUBLY OCCUPIED LEVELS = 28

| QMMM: *** Selected Hamiltonian *** 
| QMMM: AM1         

| QMMM: *** Parameter sets in use ***
| QMMM: C : M.J.S.DEWAR et al. JACS, 107, 3902, (1985)
| QMMM: O : M.J.S.DEWAR et al. JACS, 107, 3902, (1985)
| QMMM: H : M.J.S.DEWAR et al. JACS, 107, 3902, (1985)

| QMMM: *** SCF convergence criteria ***
| QMMM: Energy change                :  0.1D-09 kcal/mol
| QMMM: Error matrix |FP-PF|         :  0.1D+00 au
| QMMM: Density matrix change        :  0.5D-06
| QMMM: Maximum number of SCF cycles :     1000

| QMMM: *** Diagonalization Routine Information ***
| QMMM: Pseudo diagonalizations are allowed.
| QMMM: Auto diagonalization routine selection is in use.
| QMMM:
| QMMM: Timing diagonalization routines:
| QMMM:                              norbs =       54
| QMMM:    diag iterations used for timing =       15
| QMMM:
| QMMM:              Internal diag routine = 0.005342 seconds
| QMMM:                 Dspev diag routine = 0.073695 seconds
| QMMM:                Dspevd diag routine = 0.005060 seconds
| QMMM:                Dspevx diag routine = 0.019535 seconds
| QMMM:                 Dsyev diag routine = 0.004003 seconds
| QMMM:                Dsyevd diag routine = 0.002964 seconds
| QMMM:                Dsyevr diag routine = 0.004830 seconds
| QMMM:
| QMMM:                Pseudo diag routine = 0.001102 seconds
| QMMM:
| QMMM: Using dsyevd routine (diag_routine=6).

  QMMM: QM Region Cartesian Coordinates (*=link atom) 
  QMMM: QM_NO.   MM_NO.  ATOM         X         Y         Z
  QMMM:     1        1      C        1.8910   -1.3160    2.1960
  QMMM:     2        2      C        1.0490   -1.5220    1.1710
  QMMM:     3        3      C        2.6870   -0.0680    2.2940
  QMMM:     4        4      C        0.8860   -0.5350    0.0400
  QMMM:     5        5      C        2.4730    1.0100    1.2540
  QMMM:     6        6      C        2.0780    0.4380   -0.1190
  QMMM:     7        7      C        0.1980   -2.7570    1.0930
  QMMM:     8        8      C        3.2820   -0.2830   -0.7620
  QMMM:     9        9      C        1.6640    1.5930   -1.0480
  QMMM:    10       10      O        3.4510    0.0840    3.2450
  QMMM:    11       11      H        2.0190   -2.0220    3.0090
  QMMM:    12       12      H        0.7420   -1.0790   -0.9030
  QMMM:    13       13      H       -0.0400    0.0270    0.2210
  QMMM:    14       14      H        1.6920    1.6780    1.6380
  QMMM:    15       15      H        3.3980    1.5920    1.1680
  QMMM:    16       16      H       -0.8620   -2.4850    1.0600
  QMMM:    17       17      H        0.3460   -3.4150    1.9550
  QMMM:    18       18      H        0.4390   -3.3290    0.1910
  QMMM:    19       19      H        4.1270    0.4030   -0.8910
  QMMM:    20       20      H        3.6330   -1.1270   -0.1600
  QMMM:    21       21      H        3.0210   -0.6750   -1.7520
  QMMM:    22       22      H        2.4870    2.3030   -1.1890
  QMMM:    23       23      H        1.3710    1.2200   -2.0360
  QMMM:    24       24      H        0.8140    2.1490   -0.6370

--------------------------------------------------------------------------------
  RESULTS
--------------------------------------------------------------------------------

      iter         sqm energy              rms gradient
      ----    -------------------    -----------------------
xmin    10      -49.8963 kcal/mol        0.1289 kcal/(mol*A)
xmin    20      -49.9148 kcal/mol        0.0577 kcal/(mol*A)
xmin    30      -49.9200 kcal/mol        0.0298 kcal/(mol*A)
xmin    40      -49.9216 kcal/mol        0.0783 kcal/(mol*A)
xmin    50      -49.9222 kcal/mol        0.0261 kcal/(mol*A)
xmin    60      -49.9224 kcal/mol        0.0478 kcal/(mol*A)
xmin    70      -49.9225 kcal/mol        0.0088 kcal/(mol*A)
xmin    80      -49.9226 kcal/mol        0.0018 kcal/(mol*A)
xmin    90      -49.9226 kcal/mol        0.0045 kcal/(mol*A)
xmin   100      -49.9226 kcal/mol        0.0013 kcal/(mol*A)
  ... geometry converged !
 
 Final MO eigenvalues (eV):
 -40.6992  -37.9934  -35.3320  -30.6610  -28.1489  -28.0279  -27.6187  -22.1549
 -21.1160  -17.9416  -16.8691  -16.7132  -15.8428  -15.3066  -15.0848  -14.2295
 -14.1001  -13.9258  -13.5606  -13.2506  -13.0771  -12.6201  -12.5834  -12.0493
 -11.8676  -11.7042  -10.3177  -10.0043   -0.0176    1.9125    3.2370    3.2662
   3.3872    3.5257    3.8241    4.0112    4.0449    4.1111    4.1644    4.2159
   4.2660    4.3862    4.4050    4.4676    4.5465    4.6433    4.7532    4.8482
   4.8782    4.9830    5.0964    5.2115    5.4203    6.7335

 Heat of formation   =        -49.92257988 kcal/mol  (       -2.16480551 eV)

 Total SCF energy    =     -38421.06988216 kcal/mol  (    -1666.06261143 eV)
 Electronic energy   =    -203246.52581156 kcal/mol  (    -8813.43071903 eV)
 Core-core repulsion =     164825.45592939 kcal/mol  (     7147.36810760 eV)
 
    Atomic Charges for Step       1 :
  Atom    Element       Mulliken Charge
     1      C                 -0.243
     2      C                 -0.032
     3      C                  0.261
     4      C                 -0.137
     5      C                 -0.204
     6      C                 -0.044
     7      C                 -0.196
     8      C                 -0.209
     9      C                 -0.208
    10      O                 -0.299
    11      H                  0.149
    12      H                  0.096
    13      H                  0.099
    14      H                  0.110
    15      H                  0.114
    16      H                  0.089
    17      H                  0.089
    18      H                  0.092
    19      H                  0.080
    20      H                  0.083
    21      H                  0.075
    22      H                  0.080
    23      H                  0.077
    24      H                  0.075
 Total Mulliken Charge =       0.000
 
                  X        Y        Z     TOTAL  
  QM DIPOLE    -2.562   -0.546   -2.862    3.880
 
 Final Structure

  QMMM: QM Region Cartesian Coordinates (*=link atom) 
  QMMM: QM_NO.   MM_NO.  ATOM         X         Y         Z
  QMMM:     1        1      C        1.8902   -1.2820    2.1881
  QMMM:     2        2      C        1.0552   -1.5055    1.1594
  QMMM:     3        3      C        2.7152   -0.0698    2.2823
  QMMM:     4        4      C        0.8875   -0.5315    0.0456
  QMMM:     5        5      C        2.4719    0.9928    1.2465
  QMMM:     6        6      C        2.0716    0.4244   -0.1125
  QMMM:     7        7      C        0.2251   -2.7296    1.0677
  QMMM:     8        8      C        3.2517   -0.3045   -0.7388
  QMMM:     9        9      C        1.6594    1.5726   -1.0244
  QMMM:    10       10      O        3.5486    0.0871    3.1841
  QMMM:    11       11      H        2.0046   -2.0027    3.0136
  QMMM:    12       12      H        0.7308   -1.0829   -0.9199
  QMMM:    13       13      H       -0.0450    0.0663    0.2436
  QMMM:    14       14      H        1.6498    1.6553    1.6313
  QMMM:    15       15      H        3.3919    1.6249    1.1342
  QMMM:    16       16      H       -0.8461   -2.4560    0.8972
  QMMM:    17       17      H        0.2921   -3.3430    1.9994
  QMMM:    18       18      H        0.5670   -3.3567    0.2059
  QMMM:    19       19      H        4.1173    0.3909   -0.8562
  QMMM:    20       20      H        3.5645   -1.1589   -0.0913
  QMMM:    21       21      H        2.9737   -0.6994   -1.7452
  QMMM:    22       22      H        2.5154    2.2745   -1.1688
  QMMM:    23       23      H        1.3484    1.1784   -2.0214
  QMMM:    24       24      H        0.8052    2.1393   -0.5822

           --------- Calculation Completed ----------

