            --------------------------------------------------------
                             AMBER SQM VERSION 19
 
                                     By
              Ross C. Walker, Michael F. Crowley, Scott Brozell,
                         Tim Giese, Andreas W. Goetz,
                        Tai-Sung Lee and David A. Case
 
            --------------------------------------------------------
 

--------------------------------------------------------------------------------
  QM CALCULATION INFO
--------------------------------------------------------------------------------

| QMMM: Citation for AMBER QMMM Run:
| QMMM: R.C. Walker, M.F. Crowley and D.A. Case, J. COMP. CHEM. 29:1019, 2008

QMMM: SINGLET STATE CALCULATION
QMMM: RHF CALCULATION, NO. OF DOUBLY OCCUPIED LEVELS = 50

| QMMM: *** Selected Hamiltonian *** 
| QMMM: AM1         

| QMMM: *** Parameter sets in use ***
| QMMM: C : M.J.S.DEWAR et al. JACS, 107, 3902, (1985)
| QMMM: N : M.J.S.DEWAR et al. JACS, 107, 3902, (1985)
| QMMM: O : M.J.S.DEWAR et al. JACS, 107, 3902, (1985)
| QMMM: P : M.J.S.DEWAR et al. THEOCHEM, 187,1, (1989)
| QMMM: S : M.J.S.DEWAR et al. INORG. CHEM., 29, 3881, (1990)
| QMMM: H : M.J.S.DEWAR et al. JACS, 107, 3902, (1985)

| QMMM: *** SCF convergence criteria ***
| QMMM: Energy change                :  0.1D-09 kcal/mol
| QMMM: Error matrix |FP-PF|         :  0.1D+00 au
| QMMM: Density matrix change        :  0.5D-06
| QMMM: Maximum number of SCF cycles :     1000

| QMMM: *** Diagonalization Routine Information ***
| QMMM: Pseudo diagonalizations are allowed.
| QMMM: Auto diagonalization routine selection is in use.
| QMMM:
| QMMM: Timing diagonalization routines:
| QMMM:                              norbs =       86
| QMMM:    diag iterations used for timing =       15
| QMMM:
| QMMM:              Internal diag routine = 0.066042 seconds
| QMMM:                 Dspev diag routine = 0.041089 seconds
| QMMM:                Dspevd diag routine = 0.012190 seconds
| QMMM:                Dspevx diag routine = 0.054836 seconds
| QMMM:                 Dsyev diag routine = 0.013416 seconds
| QMMM:                Dsyevd diag routine = 0.018052 seconds
| QMMM:                Dsyevr diag routine = 0.021839 seconds
| QMMM:
| QMMM:                Pseudo diag routine = 0.010246 seconds
| QMMM:
| QMMM: Using dspevd routine (diag_routine=3).

  QMMM: QM Region Cartesian Coordinates (*=link atom) 
  QMMM: QM_NO.   MM_NO.  ATOM         X         Y         Z
  QMMM:     1        1      C       -3.1320   -1.4300   -6.1120
  QMMM:     2        2      C       -3.4810    0.9620   -5.8670
  QMMM:     3        3      C       -2.1970   -1.4000   -5.0710
  QMMM:     4        4      C       -2.5470    0.9800   -4.8280
  QMMM:     5        5      C       -3.7720   -0.2480   -6.5070
  QMMM:     6        6      C       -1.9090   -0.1980   -4.4260
  QMMM:     7        7      C        1.5850    1.3180   -0.3370
  QMMM:     8        8      C        2.5000   -3.1630   -4.5820
  QMMM:     9        9      C        0.4090    0.4610   -0.7590
  QMMM:    10       10      C        1.6210   -2.8740   -3.3830
  QMMM:    11       11      N       -4.7500   -0.2780   -7.6010
  QMMM:    12       12      O       -4.9780   -1.3700   -8.1420
  QMMM:    13       13      O       -5.2880    0.7910   -7.9220
  QMMM:    14       14      O       -1.0140   -0.0600   -3.4040
  QMMM:    15       15      O        0.8440   -0.4330   -1.7700
  QMMM:    16       16      O        0.6410   -1.9230   -3.7630
  QMMM:    17       17      P       -0.2760   -1.2560   -2.6050
  QMMM:    18       18      S       -1.3900   -2.4610   -1.5690
  QMMM:    19       19      H       -3.3450   -2.3790   -6.6020
  QMMM:    20       20      H       -3.9660    1.8910   -6.1610
  QMMM:    21       21      H       -1.7120   -2.3320   -4.7950
  QMMM:    22       22      H       -2.3170    1.9190   -4.3290
  QMMM:    23       23      H        2.4040    0.6930    0.0350
  QMMM:    24       24      H        1.9770    1.8810   -1.1900
  QMMM:    25       25      H        1.2940    2.0220    0.4470
  QMMM:    26       26      H        1.9020   -3.5430   -5.4170
  QMMM:    27       27      H        2.9890   -2.2470   -4.9320
  QMMM:    28       28      H        3.2690   -3.9000   -4.3350
  QMMM:    29       29      H       -0.3980    1.0950   -1.1380
  QMMM:    30       30      H        0.0400   -0.1120    0.0970
  QMMM:    31       31      H        2.2280   -2.4830   -2.5610
  QMMM:    32       32      H        1.1270   -3.7930   -3.0540

--------------------------------------------------------------------------------
  RESULTS
--------------------------------------------------------------------------------

      iter         sqm energy              rms gradient
      ----    -------------------    -----------------------
xmin    10     -133.5336 kcal/mol        0.2772 kcal/(mol*A)
xmin    20     -133.8227 kcal/mol        0.4335 kcal/(mol*A)
xmin    30     -134.3520 kcal/mol        0.5043 kcal/(mol*A)
xmin    40     -135.6484 kcal/mol        0.8812 kcal/(mol*A)
xmin    50     -136.8457 kcal/mol        1.8626 kcal/(mol*A)
xmin    60     -137.9654 kcal/mol        1.1592 kcal/(mol*A)
xmin    70     -138.3810 kcal/mol        0.1838 kcal/(mol*A)
xmin    80     -138.5995 kcal/mol        0.4336 kcal/(mol*A)
xmin    90     -138.9834 kcal/mol        0.2181 kcal/(mol*A)
xmin   100     -139.1348 kcal/mol        0.1030 kcal/(mol*A)
xmin   110     -139.2282 kcal/mol        0.1974 kcal/(mol*A)
xmin   120     -139.3311 kcal/mol        0.1417 kcal/(mol*A)
xmin   130     -139.3828 kcal/mol        0.1946 kcal/(mol*A)
xmin   140     -139.3975 kcal/mol        0.0987 kcal/(mol*A)
xmin   150     -139.4003 kcal/mol        0.0580 kcal/(mol*A)
xmin   160     -139.4048 kcal/mol        0.0771 kcal/(mol*A)
xmin   170     -139.4094 kcal/mol        0.0543 kcal/(mol*A)
xmin   180     -139.4102 kcal/mol        0.0121 kcal/(mol*A)
xmin   190     -139.4108 kcal/mol        0.0042 kcal/(mol*A)
xmin   200     -139.4108 kcal/mol        0.0077 kcal/(mol*A)
xmin   210     -139.4109 kcal/mol        0.0067 kcal/(mol*A)
xmin   220     -139.4109 kcal/mol        0.0070 kcal/(mol*A)
xmin   230     -139.4110 kcal/mol        0.0028 kcal/(mol*A)
xmin   240     -139.4110 kcal/mol        0.0029 kcal/(mol*A)
xmin   250     -139.4110 kcal/mol        0.0029 kcal/(mol*A)
xmin   260     -139.4110 kcal/mol        0.0011 kcal/(mol*A)
xmin   270     -139.4110 kcal/mol        0.0007 kcal/(mol*A)
xmin   280     -139.4110 kcal/mol        0.0008 kcal/(mol*A)
  ... geometry converged !
 
 Final MO eigenvalues (eV):
 -43.4857  -41.0810  -40.0647  -39.4723  -38.5368  -37.9198  -32.9127  -32.7205
 -32.5702  -32.1848  -27.3515  -24.9152  -24.7476  -24.5505  -23.9354  -22.6191
 -20.5435  -20.4740  -19.9230  -19.6140  -19.5839  -18.6796  -17.7856  -17.5663
 -17.4035  -17.2952  -16.7147  -16.3459  -16.2520  -15.3511  -15.0041  -14.7755
 -14.7042  -14.3922  -14.1863  -13.8663  -13.6945  -13.4071  -13.0509  -12.8755
 -12.5487  -12.4391  -12.3865  -12.0536  -12.0177  -12.0072  -10.8701  -10.7157
 -10.3329  -10.3028   -1.9533   -1.2919   -0.5749    0.2704    0.3975    0.7355
   1.2957    1.4200    1.7077    2.8298    2.9026    2.9150    2.9566    2.9908
   3.0794    3.3066    3.3252    3.3970    3.4908    3.5177    3.7109    3.8179
   3.9248    4.0617    4.0781    4.1074    4.2327    4.2640    4.3475    4.3698
   4.4072    4.4703    4.6706    4.9946    5.4148    7.0274

 Heat of formation   =       -139.41098593 kcal/mol  (       -6.04531399 eV)

 Total SCF energy    =     -83077.97036409 kcal/mol  (    -3602.53112892 eV)
 Electronic energy   =    -489430.61019344 kcal/mol  (   -21223.30385471 eV)
 Core-core repulsion =     406352.63982935 kcal/mol  (    17620.77272579 eV)
 
    Atomic Charges for Step       1 :
  Atom    Element       Mulliken Charge
     1      C                 -0.058
     2      C                 -0.052
     3      C                 -0.144
     4      C                 -0.141
     5      C                 -0.133
     6      C                  0.120
     7      C                 -0.233
     8      C                 -0.214
     9      C                  0.005
    10      C                 -0.003
    11      N                  0.569
    12      O                 -0.356
    13      O                 -0.351
    14      O                 -0.639
    15      O                 -0.700
    16      O                 -0.693
    17      P                  2.496
    18      S                 -1.162
    19      H                  0.177
    20      H                  0.181
    21      H                  0.169
    22      H                  0.177
    23      H                  0.091
    24      H                  0.095
    25      H                  0.098
    26      H                  0.097
    27      H                  0.095
    28      H                  0.095
    29      H                  0.107
    30      H                  0.111
    31      H                  0.090
    32      H                  0.108
 Total Mulliken Charge =      -0.000
 
                  X        Y        Z     TOTAL  
  QM DIPOLE     7.228    1.152    0.677    7.351
 
 Final Structure

  QMMM: QM Region Cartesian Coordinates (*=link atom) 
  QMMM: QM_NO.   MM_NO.  ATOM         X         Y         Z
  QMMM:     1        1      C       -2.5001   -0.7733   -6.8989
  QMMM:     2        2      C       -4.1452    0.0407   -5.2829
  QMMM:     3        3      C       -1.4789   -0.5054   -5.9947
  QMMM:     4        4      C       -3.1242    0.3123   -4.3773
  QMMM:     5        5      C       -3.8307   -0.5015   -6.5394
  QMMM:     6        6      C       -1.7941    0.0225   -4.7295
  QMMM:     7        7      C        2.2748    0.8743   -0.3967
  QMMM:     8        8      C        1.5410   -3.8105   -3.9309
  QMMM:     9        9      C        1.1392    1.1903   -1.3419
  QMMM:    10       10      C        1.1690   -2.7227   -2.9560
  QMMM:    11       11      N       -4.9221   -0.7875   -7.5084
  QMMM:    12       12      O       -4.6404   -1.2663   -8.5741
  QMMM:    13       13      O       -6.0546   -0.5311   -7.2002
  QMMM:    14       14      O       -0.7732    0.3988   -3.8899
  QMMM:    15       15      O        1.1551    0.2561   -2.4160
  QMMM:    16       16      O        0.4317   -1.7259   -3.6586
  QMMM:    17       17      P       -0.1641   -0.5671   -2.7472
  QMMM:    18       18      S       -1.2875   -1.0182   -1.3206
  QMMM:    19       19      H       -2.2656   -1.1923   -7.8933
  QMMM:    20       20      H       -5.1949    0.2544   -5.0134
  QMMM:    21       21      H       -0.4299   -0.7058   -6.2635
  QMMM:    22       22      H       -3.3624    0.7434   -3.3914
  QMMM:    23       23      H        2.1040   -0.0987    0.1227
  QMMM:    24       24      H        3.2398    0.8152   -0.9548
  QMMM:    25       25      H        2.3440    1.6840    0.3693
  QMMM:    26       26      H        0.6234   -4.2725   -4.3680
  QMMM:    27       27      H        2.1569   -3.3942   -4.7636
  QMMM:    28       28      H        2.1275   -4.5948   -3.3949
  QMMM:    29       29      H        1.2835    2.2101   -1.7984
  QMMM:    30       30      H        0.1438    1.1305   -0.8155
  QMMM:    31       31      H        2.0790   -2.2212   -2.5270
  QMMM:    32       32      H        0.5132   -3.1136   -2.1278

           --------- Calculation Completed ----------

