            --------------------------------------------------------
                             AMBER SQM VERSION 19
 
                                     By
              Ross C. Walker, Michael F. Crowley, Scott Brozell,
                         Tim Giese, Andreas W. Goetz,
                        Tai-Sung Lee and David A. Case
 
            --------------------------------------------------------
 

--------------------------------------------------------------------------------
  QM CALCULATION INFO
--------------------------------------------------------------------------------

| QMMM: Citation for AMBER QMMM Run:
| QMMM: R.C. Walker, M.F. Crowley and D.A. Case, J. COMP. CHEM. 29:1019, 2008

QMMM: SINGLET STATE CALCULATION
QMMM: RHF CALCULATION, NO. OF DOUBLY OCCUPIED LEVELS = 29

| QMMM: *** Selected Hamiltonian *** 
| QMMM: AM1         

| QMMM: *** Parameter sets in use ***
| QMMM: C : M.J.S.DEWAR et al. JACS, 107, 3902, (1985)
| QMMM: H : M.J.S.DEWAR et al. JACS, 107, 3902, (1985)

| QMMM: *** SCF convergence criteria ***
| QMMM: Energy change                :  0.1D-09 kcal/mol
| QMMM: Error matrix |FP-PF|         :  0.1D+00 au
| QMMM: Density matrix change        :  0.5D-06
| QMMM: Maximum number of SCF cycles :     1000

| QMMM: *** Diagonalization Routine Information ***
| QMMM: Pseudo diagonalizations are allowed.
| QMMM: Auto diagonalization routine selection is in use.
| QMMM:
| QMMM: Timing diagonalization routines:
| QMMM:                              norbs =       58
| QMMM:    diag iterations used for timing =       15
| QMMM:
| QMMM:              Internal diag routine = 0.010815 seconds
| QMMM:                 Dspev diag routine = 0.063535 seconds
| QMMM:                Dspevd diag routine = 0.013383 seconds
| QMMM:                Dspevx diag routine = 0.025296 seconds
| QMMM:                 Dsyev diag routine = 0.004626 seconds
| QMMM:                Dsyevd diag routine = 0.003405 seconds
| QMMM:                Dsyevr diag routine = 0.006617 seconds
| QMMM:
| QMMM:                Pseudo diag routine = 0.002397 seconds
| QMMM:
| QMMM: Using dsyevd routine (diag_routine=6).

  QMMM: QM Region Cartesian Coordinates (*=link atom) 
  QMMM: QM_NO.   MM_NO.  ATOM         X         Y         Z
  QMMM:     1        1      C        5.8330   -0.4960    0.1920
  QMMM:     2        2      C        0.9670   -0.4610    0.1850
  QMMM:     3        3      C        4.6690    0.2400   -0.1040
  QMMM:     4        4      C        2.1420    0.2580   -0.1080
  QMMM:     5        5      C        5.7580   -1.7960    0.7190
  QMMM:     6        6      C        1.0220   -1.7620    0.7130
  QMMM:     7        7      C        3.4010   -0.3260    0.1270
  QMMM:     8        8      C        3.3910   -1.6200    0.6510
  QMMM:     9        9      C        4.5110   -2.3520    0.9460
  QMMM:    10       10      C        2.2600   -2.3360    0.9430
  QMMM:    11       11      C        4.1520   -3.7010    1.4930
  QMMM:    12       12      C        2.5990   -3.6900    1.4920
  QMMM:    13       13      H        6.8080   -0.0490    0.0090
  QMMM:    14       14      H       -0.0000   -0.0000   -0.0000
  QMMM:    15       15      H        4.7600    1.2440   -0.5110
  QMMM:    16       16      H        2.0680    1.2630   -0.5150
  QMMM:    17       17      H        6.6650   -2.3490    0.9420
  QMMM:    18       18      H        0.1060   -2.3020    0.9330
  QMMM:    19       19      H        4.5350   -4.5010    0.8510
  QMMM:    20       20      H        4.5380   -3.8320    2.5090
  QMMM:    21       21      H        2.2080   -3.8120    2.5080
  QMMM:    22       22      H        2.2050   -4.4860    0.8520

--------------------------------------------------------------------------------
  RESULTS
--------------------------------------------------------------------------------

      iter         sqm energy              rms gradient
      ----    -------------------    -----------------------
xmin    10       42.4336 kcal/mol        0.0043 kcal/(mol*A)
xmin    20       42.4335 kcal/mol        0.0012 kcal/(mol*A)
  ... geometry converged !
 
 Final MO eigenvalues (eV):
 -41.2941  -36.6793  -36.2377  -30.9849  -30.3302  -29.3092  -25.3547  -23.5590
 -22.0951  -21.4961  -18.1895  -17.0603  -16.5423  -16.0412  -15.2904  -15.1794
 -14.2181  -13.8481  -13.6446  -13.4432  -12.9303  -12.5805  -12.3078  -11.6841
 -11.6796  -11.5214  -10.2953   -9.3037   -8.4943   -0.2130    0.2697    1.1446
   2.1231    3.2065    3.4359    3.5868    3.8413    3.9937    4.0428    4.0766
   4.1390    4.2705    4.4149    4.4289    4.5830    4.6586    4.6889    4.8385
   4.9482    5.1650    5.2153    5.4143    5.4933    5.6181    5.6819    5.7948
   6.0425    6.1846

 Heat of formation   =         42.43354843 kcal/mol  (        1.84005674 eV)

 Total SCF energy    =     -38590.99278725 kcal/mol  (    -1673.43102152 eV)
 Electronic energy   =    -213488.26093259 kcal/mol  (    -9257.54568027 eV)
 Core-core repulsion =     174897.26814534 kcal/mol  (     7584.11465875 eV)
 
    Atomic Charges for Step       1 :
  Atom    Element       Mulliken Charge
     1      C                 -0.123
     2      C                 -0.123
     3      C                 -0.120
     4      C                 -0.120
     5      C                 -0.121
     6      C                 -0.121
     7      C                 -0.022
     8      C                 -0.063
     9      C                 -0.063
    10      C                 -0.063
    11      C                 -0.119
    12      C                 -0.119
    13      H                  0.129
    14      H                  0.129
    15      H                  0.132
    16      H                  0.132
    17      H                  0.134
    18      H                  0.134
    19      H                  0.097
    20      H                  0.097
    21      H                  0.097
    22      H                  0.097
 Total Mulliken Charge =       0.000
 
                  X        Y        Z     TOTAL  
  QM DIPOLE    -0.004   -0.516    0.209    0.557
 
 Final Structure

  QMMM: QM Region Cartesian Coordinates (*=link atom) 
  QMMM: QM_NO.   MM_NO.  ATOM         X         Y         Z
  QMMM:     1        1      C        5.8242   -0.4750    0.1836
  QMMM:     2        2      C        0.9763   -0.4401    0.1771
  QMMM:     3        3      C        4.6832    0.2408   -0.1046
  QMMM:     4        4      C        2.1282    0.2592   -0.1080
  QMMM:     5        5      C        5.7885   -1.7946    0.7183
  QMMM:     6        6      C        0.9916   -1.7601    0.7119
  QMMM:     7        7      C        3.4012   -0.3324    0.1297
  QMMM:     8        8      C        3.3912   -1.6284    0.6548
  QMMM:     9        9      C        4.5707   -2.3745    0.9552
  QMMM:    10       10      C        2.2003   -2.3574    0.9521
  QMMM:    11       11      C        4.1521   -3.7078    1.4961
  QMMM:    12       12      C        2.5982   -3.6966    1.4940
  QMMM:    13       13      H        6.8113   -0.0234   -0.0010
  QMMM:    14       14      H       -0.0038    0.0256   -0.0100
  QMMM:    15       15      H        4.7449    1.2581   -0.5169
  QMMM:    16       16      H        2.0822    1.2772   -0.5204
  QMMM:    17       17      H        6.7326   -2.3152    0.9277
  QMMM:    18       18      H        0.0395   -2.2670    0.9189
  QMMM:    19       19      H        4.5389   -4.5372    0.8541
  QMMM:    20       20      H        4.5416   -3.8569    2.5333
  QMMM:    21       21      H        2.2039   -3.8400    2.5302
  QMMM:    22       22      H        2.2012   -4.5204    0.8510

           --------- Calculation Completed ----------

