            --------------------------------------------------------
                             AMBER SQM VERSION 19
 
                                     By
              Ross C. Walker, Michael F. Crowley, Scott Brozell,
                         Tim Giese, Andreas W. Goetz,
                        Tai-Sung Lee and David A. Case
 
            --------------------------------------------------------
 

--------------------------------------------------------------------------------
  QM CALCULATION INFO
--------------------------------------------------------------------------------

| QMMM: Citation for AMBER QMMM Run:
| QMMM: R.C. Walker, M.F. Crowley and D.A. Case, J. COMP. CHEM. 29:1019, 2008

QMMM: SINGLET STATE CALCULATION
QMMM: RHF CALCULATION, NO. OF DOUBLY OCCUPIED LEVELS = 32

| QMMM: *** Selected Hamiltonian *** 
| QMMM: AM1         

| QMMM: *** Parameter sets in use ***
| QMMM: C : M.J.S.DEWAR et al. JACS, 107, 3902, (1985)
| QMMM: N : M.J.S.DEWAR et al. JACS, 107, 3902, (1985)
| QMMM: O : M.J.S.DEWAR et al. JACS, 107, 3902, (1985)
| QMMM: H : M.J.S.DEWAR et al. JACS, 107, 3902, (1985)

| QMMM: *** SCF convergence criteria ***
| QMMM: Energy change                :  0.1D-09 kcal/mol
| QMMM: Error matrix |FP-PF|         :  0.1D+00 au
| QMMM: Density matrix change        :  0.5D-06
| QMMM: Maximum number of SCF cycles :     1000

| QMMM: *** Diagonalization Routine Information ***
| QMMM: Pseudo diagonalizations are allowed.
| QMMM: Auto diagonalization routine selection is in use.
| QMMM:
| QMMM: Timing diagonalization routines:
| QMMM:                              norbs =       50
| QMMM:    diag iterations used for timing =       20
| QMMM:
| QMMM:              Internal diag routine = 0.025006 seconds
| QMMM:                 Dspev diag routine = 0.017156 seconds
| QMMM:                Dspevd diag routine = 0.019979 seconds
| QMMM:                Dspevx diag routine = 0.039476 seconds
| QMMM:                 Dsyev diag routine = 0.004322 seconds
| QMMM:                Dsyevd diag routine = 0.003538 seconds
| QMMM:                Dsyevr diag routine = 0.005111 seconds
| QMMM:
| QMMM:                Pseudo diag routine = 0.001120 seconds
| QMMM:
| QMMM: Using dsyevd routine (diag_routine=6).

  QMMM: QM Region Cartesian Coordinates (*=link atom) 
  QMMM: QM_NO.   MM_NO.  ATOM         X         Y         Z
  QMMM:     1        1      C       -6.1760    0.8030    0.1260
  QMMM:     2        2      C       -6.1870    1.7610   -1.0530
  QMMM:     3        3      C       -5.2920   -0.4070   -0.1310
  QMMM:     4        4      N       -7.0990    3.8350   -1.7790
  QMMM:     5        5      N       -4.4950   -2.4230    0.8500
  QMMM:     6        6      O       -6.4310    3.5310   -2.7680
  QMMM:     7        7      O       -3.9360   -2.4750   -0.2460
  QMMM:     8        8      O       -7.8030    4.8290   -1.5820
  QMMM:     9        9      O       -4.4500   -3.2170    1.7930
  QMMM:    10       10      O       -7.0180    2.8700   -0.7370
  QMMM:    11       11      O       -5.3010   -1.2610    1.0050
  QMMM:    12       12      H       -5.8440    1.3250    1.0330
  QMMM:    13       13      H       -7.2000    0.4800    0.3550
  QMMM:    14       14      H       -5.1780    2.1320   -1.2640
  QMMM:    15       15      H       -6.5820    1.2740   -1.9490
  QMMM:    16       16      H       -4.2570   -0.1020   -0.3140
  QMMM:    17       17      H       -5.6400   -0.9790   -0.9970

--------------------------------------------------------------------------------
  RESULTS
--------------------------------------------------------------------------------

      iter         sqm energy              rms gradient
      ----    -------------------    -----------------------
xmin    10      -60.3234 kcal/mol        2.1602 kcal/(mol*A)
xmin    20      -60.4389 kcal/mol        0.0249 kcal/(mol*A)
xmin    30      -60.4393 kcal/mol        0.0250 kcal/(mol*A)
xmin    40      -60.4394 kcal/mol        0.0051 kcal/(mol*A)
xmin    50      -60.4394 kcal/mol        0.0310 kcal/(mol*A)
xmin    60      -60.4395 kcal/mol        0.0019 kcal/(mol*A)
xmin    70      -60.4396 kcal/mol        0.0039 kcal/(mol*A)
xmin    80      -60.4396 kcal/mol        0.0028 kcal/(mol*A)
xmin    90      -60.4396 kcal/mol        0.0059 kcal/(mol*A)
xmin   100      -60.4396 kcal/mol        0.0037 kcal/(mol*A)
  ... geometry converged !
 
 Final MO eigenvalues (eV):
 -44.5408  -44.5217  -40.0759  -39.5671  -39.1742  -38.9187  -35.1527  -29.6180
 -26.9605  -25.6371  -23.7383  -22.2688  -21.9404  -20.5655  -20.5208  -20.4019
 -20.2656  -17.8113  -17.1231  -16.2592  -15.8854  -15.3318  -14.2451  -14.0799
 -13.3749  -13.3694  -13.2400  -13.0849  -12.9254  -12.9149  -12.8006  -12.5335
  -0.5972   -0.4650   -0.4641   -0.0439    2.1677    2.1744    2.4262    2.7868
   2.7977    2.8920    2.9507    3.1845    3.6391    3.8292    4.9881    4.9906
   6.7103    6.7137

 Heat of formation   =        -60.43957138 kcal/mol  (       -2.62085648 eV)

 Total SCF energy    =     -64477.22877293 kcal/mol  (    -2795.94244712 eV)
 Electronic energy   =    -259189.09908215 kcal/mol  (   -11239.28273198 eV)
 Core-core repulsion =     194711.87030922 kcal/mol  (     8443.34028486 eV)
 
    Atomic Charges for Step       1 :
  Atom    Element       Mulliken Charge
     1      C                 -0.174
     2      C                 -0.016
     3      C                 -0.016
     4      N                  0.659
     5      N                  0.659
     6      O                 -0.361
     7      O                 -0.361
     8      O                 -0.287
     9      O                 -0.287
    10      O                 -0.258
    11      O                 -0.258
    12      H                  0.127
    13      H                  0.127
    14      H                  0.112
    15      H                  0.112
    16      H                  0.112
    17      H                  0.112
 Total Mulliken Charge =      -0.000
 
                  X        Y        Z     TOTAL  
  QM DIPOLE     0.570   -0.168   -0.967    1.134
 
 Final Structure

  QMMM: QM Region Cartesian Coordinates (*=link atom) 
  QMMM: QM_NO.   MM_NO.  ATOM         X         Y         Z
  QMMM:     1        1      C       -6.1024    0.7874    0.0310
  QMMM:     2        2      C       -6.0977    1.7188   -1.1666
  QMMM:     3        3      C       -5.2153   -0.4040   -0.2778
  QMMM:     4        4      N       -7.1783    3.8218   -1.6248
  QMMM:     5        5      N       -4.6003   -2.3700    0.9700
  QMMM:     6        6      O       -6.6274    3.7633   -2.6806
  QMMM:     7        7      O       -3.9575   -2.6598    0.0086
  QMMM:     8        8      O       -7.9038    4.6611   -1.2038
  QMMM:     9        9      O       -4.7278   -2.9598    1.9917
  QMMM:    10       10      O       -6.9715    2.8104   -0.7622
  QMMM:    11       11      O       -5.2928   -1.2174    0.9267
  QMMM:    12       12      H       -5.7280    1.3244    0.9419
  QMMM:    13       13      H       -7.1475    0.4460    0.2533
  QMMM:    14       14      H       -5.0768    2.1273   -1.3827
  QMMM:    15       15      H       -6.5194    1.2327   -2.0841
  QMMM:    16       16      H       -4.1489   -0.1058   -0.4506
  QMMM:    17       17      H       -5.5934   -1.0006   -1.1479

           --------- Calculation Completed ----------

