            --------------------------------------------------------
                             AMBER SQM VERSION 19
 
                                     By
              Ross C. Walker, Michael F. Crowley, Scott Brozell,
                         Tim Giese, Andreas W. Goetz,
                        Tai-Sung Lee and David A. Case
 
            --------------------------------------------------------
 

--------------------------------------------------------------------------------
  QM CALCULATION INFO
--------------------------------------------------------------------------------

| QMMM: Citation for AMBER QMMM Run:
| QMMM: R.C. Walker, M.F. Crowley and D.A. Case, J. COMP. CHEM. 29:1019, 2008

QMMM: SINGLET STATE CALCULATION
QMMM: RHF CALCULATION, NO. OF DOUBLY OCCUPIED LEVELS = 16

| QMMM: *** Selected Hamiltonian *** 
| QMMM: AM1         

| QMMM: *** Parameter sets in use ***
| QMMM: C : M.J.S.DEWAR et al. JACS, 107, 3902, (1985)
| QMMM: O : M.J.S.DEWAR et al. JACS, 107, 3902, (1985)
| QMMM: H : M.J.S.DEWAR et al. JACS, 107, 3902, (1985)

| QMMM: *** SCF convergence criteria ***
| QMMM: Energy change                :  0.1D-09 kcal/mol
| QMMM: Error matrix |FP-PF|         :  0.1D+00 au
| QMMM: Density matrix change        :  0.5D-06
| QMMM: Maximum number of SCF cycles :     1000

| QMMM: *** Diagonalization Routine Information ***
| QMMM: Pseudo diagonalizations are allowed.
| QMMM: Auto diagonalization routine selection is in use.
| QMMM:
| QMMM: Timing diagonalization routines:
| QMMM:                              norbs =       30
| QMMM:    diag iterations used for timing =       20
| QMMM:
| QMMM:              Internal diag routine = 0.001592 seconds
| QMMM:                 Dspev diag routine = 0.014353 seconds
| QMMM:                Dspevd diag routine = 0.002116 seconds
| QMMM:                Dspevx diag routine = 0.016203 seconds
| QMMM:                 Dsyev diag routine = 0.006185 seconds
| QMMM:                Dsyevd diag routine = 0.001881 seconds
| QMMM:                Dsyevr diag routine = 0.002577 seconds
| QMMM:
| QMMM:                Pseudo diag routine = 0.001493 seconds
| QMMM:
| QMMM: Using internal diagonalization routine (diag_routine=1).

  QMMM: QM Region Cartesian Coordinates (*=link atom) 
  QMMM: QM_NO.   MM_NO.  ATOM         X         Y         Z
  QMMM:     1        1      C       -0.4650   -0.0650    0.9890
  QMMM:     2        2      C        1.6270    0.6910    2.1570
  QMMM:     3        3      C        1.2040   -1.7600    1.8120
  QMMM:     4        4      C        0.5610   -0.3990    2.0720
  QMMM:     5        5      O       -0.1080   -0.4450    3.3330
  QMMM:     6        6      H       -0.9610    0.8890    1.2040
  QMMM:     7        7      H        0.0000    0.0000    0.0000
  QMMM:     8        8      H       -1.2550   -0.8230    0.9520
  QMMM:     9        9      H        2.3380    0.4800    2.9640
  QMMM:    10       10      H        1.1750    1.6620    2.3900
  QMMM:    11       11      H        2.1850    0.7840    1.2190
  QMMM:    12       12      H        0.4460   -2.5520    1.7870
  QMMM:    13       13      H        1.7490   -1.7740    0.8630
  QMMM:    14       14      H        1.8990   -2.0230    2.6170
  QMMM:    15       15      H       -0.6580    0.3520    3.3800

--------------------------------------------------------------------------------
  RESULTS
--------------------------------------------------------------------------------

      iter         sqm energy              rms gradient
      ----    -------------------    -----------------------
xmin    10      -71.7003 kcal/mol        0.1267 kcal/(mol*A)
xmin    20      -71.7054 kcal/mol        0.0395 kcal/(mol*A)
xmin    30      -71.7057 kcal/mol        0.0102 kcal/(mol*A)
xmin    40      -71.7057 kcal/mol        0.0032 kcal/(mol*A)
xmin    50      -71.7057 kcal/mol        0.0011 kcal/(mol*A)
  ... geometry converged !
 
 Final MO eigenvalues (eV):
 -39.2082  -33.3528  -28.0553  -28.0462  -21.0607  -17.5255  -16.0640  -15.5504
 -14.2747  -13.4656  -13.0168  -12.7173  -12.5820  -12.5041  -11.7690  -10.9902
   3.4390    3.7400    3.8423    4.0494    4.3666    4.4672    4.5878    4.7272
   4.7722    4.8629    5.0155    5.1304    5.1551    6.3935

 Heat of formation   =        -71.70574516 kcal/mol  (       -3.10939444 eV)

 Total SCF energy    =     -22398.07790809 kcal/mol  (     -971.25354096 eV)
 Electronic energy   =     -85508.94567089 kcal/mol  (    -3707.94612857 eV)
 Core-core repulsion =      63110.86776280 kcal/mol  (     2736.69258761 eV)
 
    Atomic Charges for Step       1 :
  Atom    Element       Mulliken Charge
     1      C                 -0.240
     2      C                 -0.240
     3      C                 -0.201
     4      C                  0.074
     5      O                 -0.326
     6      H                  0.072
     7      H                  0.083
     8      H                  0.089
     9      H                  0.089
    10      H                  0.072
    11      H                  0.083
    12      H                  0.087
    13      H                  0.076
    14      H                  0.087
    15      H                  0.196
 Total Mulliken Charge =      -0.000
 
                  X        Y        Z     TOTAL  
  QM DIPOLE     0.240    1.121   -1.142    1.618
 
 Final Structure

  QMMM: QM Region Cartesian Coordinates (*=link atom) 
  QMMM: QM_NO.   MM_NO.  ATOM         X         Y         Z
  QMMM:     1        1      C       -0.4608   -0.0647    0.9735
  QMMM:     2        2      C        1.6052    0.6985    2.1563
  QMMM:     3        3      C        1.1920   -1.7487    1.8151
  QMMM:     4        4      C        0.5451   -0.3929    2.0701
  QMMM:     5        5      O       -0.1270   -0.5187    3.3252
  QMMM:     6        6      H       -0.9272    0.9319    1.1601
  QMMM:     7        7      H        0.0486   -0.0439   -0.0182
  QMMM:     8        8      H       -1.2663   -0.8368    0.9534
  QMMM:     9        9      H        2.3056    0.4822    2.9978
  QMMM:    10       10      H        1.1270    1.6907    2.3368
  QMMM:    11       11      H        2.1833    0.7453    1.2040
  QMMM:    12       12      H        0.4093   -2.5430    1.7792
  QMMM:    13       13      H        1.7395   -1.7244    0.8444
  QMMM:    14       14      H        1.9063   -1.9902    2.6374
  QMMM:    15       15      H       -0.5436    0.3319    3.5038

           --------- Calculation Completed ----------

