            --------------------------------------------------------
                             AMBER SQM VERSION 19
 
                                     By
              Ross C. Walker, Michael F. Crowley, Scott Brozell,
                         Tim Giese, Andreas W. Goetz,
                        Tai-Sung Lee and David A. Case
 
            --------------------------------------------------------
 

--------------------------------------------------------------------------------
  QM CALCULATION INFO
--------------------------------------------------------------------------------

| QMMM: Citation for AMBER QMMM Run:
| QMMM: R.C. Walker, M.F. Crowley and D.A. Case, J. COMP. CHEM. 29:1019, 2008

QMMM: SINGLET STATE CALCULATION
QMMM: RHF CALCULATION, NO. OF DOUBLY OCCUPIED LEVELS = 12

| QMMM: *** Selected Hamiltonian *** 
| QMMM: AM1         

| QMMM: *** Parameter sets in use ***
| QMMM: C : M.J.S.DEWAR et al. JACS, 107, 3902, (1985)
| QMMM: Cl: M.J.S.DEWAR et al. THEOCHEM, 180, 1, (1988)
| QMMM: H : M.J.S.DEWAR et al. JACS, 107, 3902, (1985)

| QMMM: *** SCF convergence criteria ***
| QMMM: Energy change                :  0.1D-09 kcal/mol
| QMMM: Error matrix |FP-PF|         :  0.1D+00 au
| QMMM: Density matrix change        :  0.5D-06
| QMMM: Maximum number of SCF cycles :     1000

| QMMM: *** Diagonalization Routine Information ***
| QMMM: Pseudo diagonalizations are allowed.
| QMMM: Auto diagonalization routine selection is in use.
| QMMM:
| QMMM: Timing diagonalization routines:
| QMMM:                              norbs =       18
| QMMM:    diag iterations used for timing =       20
| QMMM:
| QMMM:              Internal diag routine = 0.000636 seconds
| QMMM:                 Dspev diag routine = 0.001027 seconds
| QMMM:                Dspevd diag routine = 0.000919 seconds
| QMMM:                Dspevx diag routine = 0.005029 seconds
| QMMM:                 Dsyev diag routine = 0.000881 seconds
| QMMM:                Dsyevd diag routine = 0.000918 seconds
| QMMM:                Dsyevr diag routine = 0.001245 seconds
| QMMM:
| QMMM:                Pseudo diag routine = 0.000130 seconds
| QMMM:
| QMMM: Using internal diagonalization routine (diag_routine=1).

  QMMM: QM Region Cartesian Coordinates (*=link atom) 
  QMMM: QM_NO.   MM_NO.  ATOM         X         Y         Z
  QMMM:     1        1      C        2.0180   -0.6860   -0.1990
  QMMM:     2        2      C        0.7540   -0.5140   -0.5800
  QMMM:     3        3      Cl       2.6210   -0.0980    1.2930
  QMMM:     4        4      Cl       0.1510   -1.1010   -2.0720
  QMMM:     5        5      H        2.7720   -1.2010   -0.7780
  QMMM:     6        6      H        0.0000    0.0000   -0.0000

--------------------------------------------------------------------------------
  RESULTS
--------------------------------------------------------------------------------

      iter         sqm energy              rms gradient
      ----    -------------------    -----------------------
xmin    10       -3.4779 kcal/mol        0.0025 kcal/(mol*A)
  ... geometry converged !
 
 Final MO eigenvalues (eV):
 -38.4304  -37.9333  -32.8226  -23.0367  -17.6829  -16.5405  -14.3721  -13.8792
 -13.0041  -12.2614  -11.8026  -10.0144    0.3395    0.6762    1.9569    3.3363
   4.4573    4.4759

 Heat of formation   =         -3.47787403 kcal/mol  (       -0.15081193 eV)

 Total SCF energy    =     -23771.86996558 kcal/mol  (    -1030.82563486 eV)
 Electronic energy   =     -53113.17401187 kcal/mol  (    -2303.16005429 eV)
 Core-core repulsion =      29341.30404630 kcal/mol  (     1272.33441942 eV)
 
    Atomic Charges for Step       1 :
  Atom    Element       Mulliken Charge
     1      C                 -0.155
     2      C                 -0.155
     3      Cl                -0.011
     4      Cl                -0.011
     5      H                  0.165
     6      H                  0.165
 Total Mulliken Charge =      -0.000
 
                  X        Y        Z     TOTAL  
  QM DIPOLE    -0.000    0.000    0.000    0.000
 
 Final Structure

  QMMM: QM Region Cartesian Coordinates (*=link atom) 
  QMMM: QM_NO.   MM_NO.  ATOM         X         Y         Z
  QMMM:     1        1      C        2.0203   -0.6861   -0.1993
  QMMM:     2        2      C        0.7517   -0.5139   -0.5793
  QMMM:     3        3      Cl       2.6020   -0.1006    1.2757
  QMMM:     4        4      Cl       0.1700   -1.0994   -2.0544
  QMMM:     5        5      H        2.7846   -1.2088   -0.7903
  QMMM:     6        6      H       -0.0126    0.0088    0.0117

           --------- Calculation Completed ----------

