            --------------------------------------------------------
                             AMBER SQM VERSION 19
 
                                     By
              Ross C. Walker, Michael F. Crowley, Scott Brozell,
                         Tim Giese, Andreas W. Goetz,
                        Tai-Sung Lee and David A. Case
 
            --------------------------------------------------------
 

--------------------------------------------------------------------------------
  QM CALCULATION INFO
--------------------------------------------------------------------------------

| QMMM: Citation for AMBER QMMM Run:
| QMMM: R.C. Walker, M.F. Crowley and D.A. Case, J. COMP. CHEM. 29:1019, 2008

QMMM: SINGLET STATE CALCULATION
QMMM: RHF CALCULATION, NO. OF DOUBLY OCCUPIED LEVELS = 19

| QMMM: *** Selected Hamiltonian *** 
| QMMM: AM1         

| QMMM: *** Parameter sets in use ***
| QMMM: C : M.J.S.DEWAR et al. JACS, 107, 3902, (1985)
| QMMM: O : M.J.S.DEWAR et al. JACS, 107, 3902, (1985)
| QMMM: H : M.J.S.DEWAR et al. JACS, 107, 3902, (1985)

| QMMM: *** SCF convergence criteria ***
| QMMM: Energy change                :  0.1D-09 kcal/mol
| QMMM: Error matrix |FP-PF|         :  0.1D+00 au
| QMMM: Density matrix change        :  0.5D-06
| QMMM: Maximum number of SCF cycles :     1000

| QMMM: *** Diagonalization Routine Information ***
| QMMM: Pseudo diagonalizations are allowed.
| QMMM: Auto diagonalization routine selection is in use.
| QMMM:
| QMMM: Timing diagonalization routines:
| QMMM:                              norbs =       36
| QMMM:    diag iterations used for timing =       20
| QMMM:
| QMMM:              Internal diag routine = 0.002604 seconds
| QMMM:                 Dspev diag routine = 0.012971 seconds
| QMMM:                Dspevd diag routine = 0.013472 seconds
| QMMM:                Dspevx diag routine = 0.013747 seconds
| QMMM:                 Dsyev diag routine = 0.003738 seconds
| QMMM:                Dsyevd diag routine = 0.003585 seconds
| QMMM:                Dsyevr diag routine = 0.003885 seconds
| QMMM:
| QMMM:                Pseudo diag routine = 0.000743 seconds
| QMMM:
| QMMM: Using internal diagonalization routine (diag_routine=1).

  QMMM: QM Region Cartesian Coordinates (*=link atom) 
  QMMM: QM_NO.   MM_NO.  ATOM         X         Y         Z
  QMMM:     1        1      C       -0.3630    0.7820   -0.7780
  QMMM:     2        2      C       -0.7530   -2.7860   -4.3250
  QMMM:     3        3      C        0.1200    0.3160   -2.1430
  QMMM:     4        4      C       -0.5210   -1.0170   -2.5370
  QMMM:     5        5      C       -0.0770   -1.4810   -3.9280
  QMMM:     6        6      O       -0.3950   -0.4880   -4.9000
  QMMM:     7        7      H        0.1060    1.7350   -0.5150
  QMMM:     8        8      H       -0.1100    0.0530   -0.0020
  QMMM:     9        9      H       -1.4480    0.9260   -0.7740
  QMMM:    10       10      H       -1.8420   -2.6710   -4.3580
  QMMM:    11       11      H       -0.4380   -3.0890   -5.3290
  QMMM:    12       12      H       -0.5060   -3.5900   -3.6240
  QMMM:    13       13      H       -0.1180    1.0850   -2.8860
  QMMM:    14       14      H        1.2110    0.2120   -2.1200
  QMMM:    15       15      H       -0.2590   -1.7820   -1.7950
  QMMM:    16       16      H       -1.6120   -0.9000   -2.5180
  QMMM:    17       17      H        1.0100   -1.6200   -3.9460
  QMMM:    18       18      H        0.1420   -0.6860   -5.6830

--------------------------------------------------------------------------------
  RESULTS
--------------------------------------------------------------------------------

      iter         sqm energy              rms gradient
      ----    -------------------    -----------------------
xmin    10      -81.0550 kcal/mol        0.3856 kcal/(mol*A)
xmin    20      -81.1355 kcal/mol        0.0638 kcal/(mol*A)
xmin    30      -81.1651 kcal/mol        0.2619 kcal/(mol*A)
xmin    40      -81.1734 kcal/mol        0.0264 kcal/(mol*A)
xmin    50      -81.1760 kcal/mol        0.0125 kcal/(mol*A)
xmin    60      -81.1765 kcal/mol        0.0083 kcal/(mol*A)
xmin    70      -81.1767 kcal/mol        0.0101 kcal/(mol*A)
xmin    80      -81.1768 kcal/mol        0.0131 kcal/(mol*A)
xmin    90      -81.1768 kcal/mol        0.0007 kcal/(mol*A)
xmin   100      -81.1768 kcal/mol        0.0008 kcal/(mol*A)
  ... geometry converged !
 
 Final MO eigenvalues (eV):
 -38.9100  -35.0484  -31.6509  -27.5049  -22.6072  -21.4295  -18.2286  -16.0186
 -15.5819  -15.2660  -13.9387  -13.6100  -13.2953  -12.7851  -12.5746  -11.9132
 -11.5072  -11.1962  -10.8886    3.4768    3.6525    3.9748    3.9840    4.1028
   4.3604    4.4649    4.5237    4.7628    4.8373    4.8662    4.9976    5.0847
   5.1841    5.3113    5.4025    6.3509

 Heat of formation   =        -81.17682472 kcal/mol  (       -3.52009127 eV)

 Total SCF energy    =     -25994.40201918 kcal/mol  (    -1127.20185678 eV)
 Electronic energy   =    -107356.77337746 kcal/mol  (    -4655.33903029 eV)
 Core-core repulsion =      81362.37135829 kcal/mol  (     3528.13717351 eV)
 
    Atomic Charges for Step       1 :
  Atom    Element       Mulliken Charge
     1      C                 -0.210
     2      C                 -0.249
     3      C                 -0.159
     4      C                 -0.152
     5      C                  0.027
     6      O                 -0.328
     7      H                  0.072
     8      H                  0.068
     9      H                  0.073
    10      H                  0.088
    11      H                  0.072
    12      H                  0.084
    13      H                  0.097
    14      H                  0.073
    15      H                  0.081
    16      H                  0.096
    17      H                  0.070
    18      H                  0.196
 Total Mulliken Charge =      -0.000
 
                  X        Y        Z     TOTAL  
  QM DIPOLE     0.607   -1.386   -0.118    1.517
 
 Final Structure

  QMMM: QM Region Cartesian Coordinates (*=link atom) 
  QMMM: QM_NO.   MM_NO.  ATOM         X         Y         Z
  QMMM:     1        1      C       -0.3500    0.7555   -0.7794
  QMMM:     2        2      C       -0.6443   -2.7906   -4.2941
  QMMM:     3        3      C        0.1714    0.2668   -2.1057
  QMMM:     4        4      C       -0.5822   -0.9564   -2.5805
  QMMM:     5        5      C       -0.0898   -1.4202   -3.9479
  QMMM:     6        6      O       -0.5215   -0.4442   -4.8918
  QMMM:     7        7      H        0.2238    1.6530   -0.4446
  QMMM:     8        8      H       -0.2515   -0.0375    0.0010
  QMMM:     9        9      H       -1.4282    1.0361   -0.8589
  QMMM:    10       10      H       -1.7601   -2.7640   -4.3062
  QMMM:    11       11      H       -0.2869   -3.1103   -5.3023
  QMMM:    12       12      H       -0.3090   -3.5416   -3.5407
  QMMM:    13       13      H        0.0736    1.0758   -2.8779
  QMMM:    14       14      H        1.2632    0.0240   -2.0155
  QMMM:    15       15      H       -0.4504   -1.7962   -1.8504
  QMMM:    16       16      H       -1.6768   -0.7231   -2.6472
  QMMM:    17       17      H        1.0377   -1.4564   -3.9554
  QMMM:    18       18      H       -0.2721   -0.7716   -5.7635

           --------- Calculation Completed ----------

