            --------------------------------------------------------
                             AMBER SQM VERSION 19
 
                                     By
              Ross C. Walker, Michael F. Crowley, Scott Brozell,
                         Tim Giese, Andreas W. Goetz,
                        Tai-Sung Lee and David A. Case
 
            --------------------------------------------------------
 

--------------------------------------------------------------------------------
  QM CALCULATION INFO
--------------------------------------------------------------------------------

| QMMM: Citation for AMBER QMMM Run:
| QMMM: R.C. Walker, M.F. Crowley and D.A. Case, J. COMP. CHEM. 29:1019, 2008

QMMM: SINGLET STATE CALCULATION
QMMM: RHF CALCULATION, NO. OF DOUBLY OCCUPIED LEVELS = 12

| QMMM: *** Selected Hamiltonian *** 
| QMMM: AM1         

| QMMM: *** Parameter sets in use ***
| QMMM: C : M.J.S.DEWAR et al. JACS, 107, 3902, (1985)
| QMMM: Cl: M.J.S.DEWAR et al. THEOCHEM, 180, 1, (1988)
| QMMM: H : M.J.S.DEWAR et al. JACS, 107, 3902, (1985)

| QMMM: *** SCF convergence criteria ***
| QMMM: Energy change                :  0.1D-09 kcal/mol
| QMMM: Error matrix |FP-PF|         :  0.1D+00 au
| QMMM: Density matrix change        :  0.5D-06
| QMMM: Maximum number of SCF cycles :     1000

| QMMM: *** Diagonalization Routine Information ***
| QMMM: Pseudo diagonalizations are allowed.
| QMMM: Auto diagonalization routine selection is in use.
| QMMM:
| QMMM: Timing diagonalization routines:
| QMMM:                              norbs =       18
| QMMM:    diag iterations used for timing =       20
| QMMM:
| QMMM:              Internal diag routine = 0.000525 seconds
| QMMM:                 Dspev diag routine = 0.023348 seconds
| QMMM:                Dspevd diag routine = 0.000769 seconds
| QMMM:                Dspevx diag routine = 0.006909 seconds
| QMMM:                 Dsyev diag routine = 0.000718 seconds
| QMMM:                Dsyevd diag routine = 0.000741 seconds
| QMMM:                Dsyevr diag routine = 0.001022 seconds
| QMMM:
| QMMM:                Pseudo diag routine = 0.000087 seconds
| QMMM:
| QMMM: Using internal diagonalization routine (diag_routine=1).

  QMMM: QM Region Cartesian Coordinates (*=link atom) 
  QMMM: QM_NO.   MM_NO.  ATOM         X         Y         Z
  QMMM:     1        1      C       -0.5470   -0.2640   -0.9000
  QMMM:     2        2      C       -0.9360   -1.5190   -1.1380
  QMMM:     3        3      Cl      -0.5840   -2.7830   -0.0180
  QMMM:     4        4      Cl      -1.8050   -1.9210   -2.5720
  QMMM:     5        5      H       -0.7630    0.5390   -1.5970
  QMMM:     6        6      H        0.0000    0.0000    0.0000

--------------------------------------------------------------------------------
  RESULTS
--------------------------------------------------------------------------------

      iter         sqm energy              rms gradient
      ----    -------------------    -----------------------
xmin    10       -0.0941 kcal/mol        0.0007 kcal/(mol*A)
xmin    10       -0.0941 kcal/mol        0.0004 kcal/(mol*A)
  ... geometry converged !
 
 Final MO eigenvalues (eV):
 -38.6098  -37.6657  -32.9710  -22.8867  -17.8682  -16.2869  -14.7380  -13.3924
 -12.4559  -12.4127  -11.9913  -10.1897    0.3792    0.5543    1.4042    4.1077
   4.3813    4.5556

 Heat of formation   =         -0.09412325 kcal/mol  (       -0.00408149 eV)

 Total SCF energy    =     -23768.48621480 kcal/mol  (    -1030.67890442 eV)
 Electronic energy   =     -54166.56150548 kcal/mol  (    -2348.83836371 eV)
 Core-core repulsion =      30398.07529068 kcal/mol  (     1318.15945929 eV)
 
    Atomic Charges for Step       1 :
  Atom    Element       Mulliken Charge
     1      C                 -0.206
     2      C                 -0.094
     3      Cl                 0.008
     4      Cl                 0.008
     5      H                  0.142
     6      H                  0.142
 Total Mulliken Charge =      -0.000
 
                  X        Y        Z     TOTAL  
  QM DIPOLE     0.356    1.145    0.217    1.219
 
 Final Structure

  QMMM: QM Region Cartesian Coordinates (*=link atom) 
  QMMM: QM_NO.   MM_NO.  ATOM         X         Y         Z
  QMMM:     1        1      C       -0.5459   -0.2626   -0.8995
  QMMM:     2        2      C       -0.9359   -1.5167   -1.1370
  QMMM:     3        3      Cl      -0.6107   -2.7895   -0.0590
  QMMM:     4        4      Cl      -1.7923   -1.9524   -2.5386
  QMMM:     5        5      H       -0.7579    0.5577   -1.5987
  QMMM:     6        6      H        0.0076    0.0154    0.0078

           --------- Calculation Completed ----------

