            --------------------------------------------------------
                             AMBER SQM VERSION 19
 
                                     By
              Ross C. Walker, Michael F. Crowley, Scott Brozell,
                         Tim Giese, Andreas W. Goetz,
                        Tai-Sung Lee and David A. Case
 
            --------------------------------------------------------
 

--------------------------------------------------------------------------------
  QM CALCULATION INFO
--------------------------------------------------------------------------------

| QMMM: Citation for AMBER QMMM Run:
| QMMM: R.C. Walker, M.F. Crowley and D.A. Case, J. COMP. CHEM. 29:1019, 2008

QMMM: SINGLET STATE CALCULATION
QMMM: RHF CALCULATION, NO. OF DOUBLY OCCUPIED LEVELS = 17

| QMMM: *** Selected Hamiltonian *** 
| QMMM: AM1         

| QMMM: *** Parameter sets in use ***
| QMMM: C : M.J.S.DEWAR et al. JACS, 107, 3902, (1985)
| QMMM: H : M.J.S.DEWAR et al. JACS, 107, 3902, (1985)

| QMMM: *** SCF convergence criteria ***
| QMMM: Energy change                :  0.1D-09 kcal/mol
| QMMM: Error matrix |FP-PF|         :  0.1D+00 au
| QMMM: Density matrix change        :  0.5D-06
| QMMM: Maximum number of SCF cycles :     1000

| QMMM: *** Diagonalization Routine Information ***
| QMMM: Pseudo diagonalizations are allowed.
| QMMM: Auto diagonalization routine selection is in use.
| QMMM:
| QMMM: Timing diagonalization routines:
| QMMM:                              norbs =       34
| QMMM:    diag iterations used for timing =       20
| QMMM:
| QMMM:              Internal diag routine = 0.002710 seconds
| QMMM:                 Dspev diag routine = 0.002276 seconds
| QMMM:                Dspevd diag routine = 0.011606 seconds
| QMMM:                Dspevx diag routine = 0.017876 seconds
| QMMM:                 Dsyev diag routine = 0.004797 seconds
| QMMM:                Dsyevd diag routine = 0.004179 seconds
| QMMM:                Dsyevr diag routine = 0.005838 seconds
| QMMM:
| QMMM:                Pseudo diag routine = 0.000863 seconds
| QMMM:
| QMMM: Using dspev routine (diag_routine=2).

  QMMM: QM Region Cartesian Coordinates (*=link atom) 
  QMMM: QM_NO.   MM_NO.  ATOM         X         Y         Z
  QMMM:     1        1      C        0.6210   -0.4100   -0.7910
  QMMM:     2        2      C       -0.8310   -3.7980   -1.2030
  QMMM:     3        3      C        0.4220   -1.6580   -1.2550
  QMMM:     4        4      C       -0.6320   -2.5510   -0.7390
  QMMM:     5        5      C        1.3220   -2.1640   -2.3570
  QMMM:     6        6      C       -1.5340   -2.0440    0.3610
  QMMM:     7        7      H        1.3950    0.2470   -1.1700
  QMMM:     8        8      H        0.0000    0.0000    0.0000
  QMMM:     9        9      H       -1.6190   -4.4280   -0.7990
  QMMM:    10       10      H       -0.2320   -4.2420   -1.9900
  QMMM:    11       11      H        2.0670   -1.4180   -2.6590
  QMMM:    12       12      H        0.7400   -2.4120   -3.2510
  QMMM:    13       13      H        1.8750   -3.0520   -2.0310
  QMMM:    14       14      H       -2.0880   -1.1580    0.0330
  QMMM:    15       15      H       -2.2780   -2.7900    0.6640
  QMMM:    16       16      H       -0.9530   -1.7930    1.2550

--------------------------------------------------------------------------------
  RESULTS
--------------------------------------------------------------------------------

      iter         sqm energy              rms gradient
      ----    -------------------    -----------------------
xmin    10       17.2408 kcal/mol        0.0295 kcal/(mol*A)
xmin    20       17.2407 kcal/mol        0.0026 kcal/(mol*A)
xmin    30       17.2407 kcal/mol        0.0017 kcal/(mol*A)
xmin    40       17.2407 kcal/mol        0.0060 kcal/(mol*A)
xmin    50       17.2407 kcal/mol        0.0053 kcal/(mol*A)
xmin    60       17.2407 kcal/mol        0.0066 kcal/(mol*A)
xmin    70       17.2407 kcal/mol        0.0034 kcal/(mol*A)
xmin    80       17.2406 kcal/mol        0.0064 kcal/(mol*A)
xmin    90       17.2405 kcal/mol        0.0227 kcal/(mol*A)
xmin   100       17.2403 kcal/mol        0.0064 kcal/(mol*A)
xmin   110       17.2396 kcal/mol        0.0520 kcal/(mol*A)
xmin   120       17.2389 kcal/mol        0.1069 kcal/(mol*A)
xmin   130       17.2376 kcal/mol        0.1432 kcal/(mol*A)
xmin   140       17.2358 kcal/mol        0.0451 kcal/(mol*A)
xmin   150       17.2344 kcal/mol        0.0261 kcal/(mol*A)
xmin   160       17.2317 kcal/mol        0.0396 kcal/(mol*A)
xmin   170       17.2275 kcal/mol        0.0700 kcal/(mol*A)
xmin   180       17.2192 kcal/mol        0.0626 kcal/(mol*A)
xmin   190       17.2101 kcal/mol        0.0975 kcal/(mol*A)
xmin   200       17.2055 kcal/mol        0.2091 kcal/(mol*A)
xmin   210       17.1950 kcal/mol        0.1774 kcal/(mol*A)
xmin   220       17.1836 kcal/mol        0.0425 kcal/(mol*A)
xmin   230       17.1767 kcal/mol        0.1279 kcal/(mol*A)
xmin   240       17.1738 kcal/mol        0.0870 kcal/(mol*A)
xmin   250       17.1719 kcal/mol        0.0753 kcal/(mol*A)
xmin   260       17.1709 kcal/mol        0.0362 kcal/(mol*A)
xmin   270       17.1703 kcal/mol        0.0194 kcal/(mol*A)
xmin   280       17.1695 kcal/mol        0.0073 kcal/(mol*A)
xmin   290       17.1692 kcal/mol        0.0140 kcal/(mol*A)
xmin   300       17.1690 kcal/mol        0.0236 kcal/(mol*A)
xmin   310       17.1689 kcal/mol        0.0075 kcal/(mol*A)
xmin   320       17.1689 kcal/mol        0.0045 kcal/(mol*A)
xmin   330       17.1688 kcal/mol        0.0034 kcal/(mol*A)
xmin   340       17.1688 kcal/mol        0.0120 kcal/(mol*A)
xmin   350       17.1688 kcal/mol        0.0033 kcal/(mol*A)
xmin   360       17.1688 kcal/mol        0.0011 kcal/(mol*A)
xmin   370       17.1688 kcal/mol        0.0011 kcal/(mol*A)
xmin   380       17.1688 kcal/mol        0.0012 kcal/(mol*A)
  ... geometry converged !
 
 Final MO eigenvalues (eV):
 -37.9219  -32.5323  -28.9977  -26.6025  -22.5569  -18.0650  -16.3915  -15.2726
 -14.6785  -13.6741  -13.4414  -13.3974  -12.7821  -12.2294  -11.6624  -10.6814
  -9.1695    0.5381    2.0548    3.7367    4.0684    4.2553    4.4109    4.5113
   4.5716    4.6487    4.7942    4.8966    4.9331    5.0413    5.5138    5.5424
   5.8363    6.1043

 Heat of formation   =         17.16879538 kcal/mol  (        0.74449483 eV)

 Total SCF energy    =     -20874.11938770 kcal/mol  (     -905.16974059 eV)
 Electronic energy   =     -87955.89126105 kcal/mol  (    -3814.05365167 eV)
 Core-core repulsion =      67081.77187335 kcal/mol  (     2908.88391108 eV)
 
    Atomic Charges for Step       1 :
  Atom    Element       Mulliken Charge
     1      C                 -0.216
     2      C                 -0.216
     3      C                 -0.073
     4      C                 -0.073
     5      C                 -0.183
     6      C                 -0.183
     7      H                  0.113
     8      H                  0.114
     9      H                  0.113
    10      H                  0.114
    11      H                  0.078
    12      H                  0.085
    13      H                  0.083
    14      H                  0.085
    15      H                  0.078
    16      H                  0.083
 Total Mulliken Charge =       0.000
 
                  X        Y        Z     TOTAL  
  QM DIPOLE    -0.021    0.011   -0.022    0.032
 
 Final Structure

  QMMM: QM Region Cartesian Coordinates (*=link atom) 
  QMMM: QM_NO.   MM_NO.  ATOM         X         Y         Z
  QMMM:     1        1      C        0.7725   -0.5313   -0.6002
  QMMM:     2        2      C       -0.6410   -3.8711   -1.0183
  QMMM:     3        3      C        0.4426   -1.6726   -1.2199
  QMMM:     4        4      C       -0.6026   -2.5673   -0.7118
  QMMM:     5        5      C        1.1363   -2.0949   -2.4653
  QMMM:     6        6      C       -1.6282   -1.9598    0.1768
  QMMM:     7        7      H        1.5572    0.1332   -0.9840
  QMMM:     8        8      H        0.2861   -0.1935    0.3233
  QMMM:     9        9      H       -1.4245   -4.5364   -0.6332
  QMMM:    10       10      H        0.1030   -4.3527   -1.6648
  QMMM:    11       11      H        1.7436   -1.2599   -2.8930
  QMMM:    12       12      H        0.3940   -2.4230   -3.2342
  QMMM:    13       13      H        1.8224   -2.9525   -2.2508
  QMMM:    14       14      H       -2.0096   -1.0050   -0.2621
  QMMM:    15       15      H       -2.4935   -2.6509    0.3272
  QMMM:    16       16      H       -1.1831   -1.7332    1.1782

           --------- Calculation Completed ----------

