            --------------------------------------------------------
                             AMBER SQM VERSION 19
 
                                     By
              Ross C. Walker, Michael F. Crowley, Scott Brozell,
                         Tim Giese, Andreas W. Goetz,
                        Tai-Sung Lee and David A. Case
 
            --------------------------------------------------------
 

--------------------------------------------------------------------------------
  QM CALCULATION INFO
--------------------------------------------------------------------------------

| QMMM: Citation for AMBER QMMM Run:
| QMMM: R.C. Walker, M.F. Crowley and D.A. Case, J. COMP. CHEM. 29:1019, 2008

QMMM: SINGLET STATE CALCULATION
QMMM: RHF CALCULATION, NO. OF DOUBLY OCCUPIED LEVELS = 24

| QMMM: *** Selected Hamiltonian *** 
| QMMM: AM1         

| QMMM: *** Parameter sets in use ***
| QMMM: C : M.J.S.DEWAR et al. JACS, 107, 3902, (1985)
| QMMM: O : M.J.S.DEWAR et al. JACS, 107, 3902, (1985)
| QMMM: H : M.J.S.DEWAR et al. JACS, 107, 3902, (1985)

| QMMM: *** SCF convergence criteria ***
| QMMM: Energy change                :  0.1D-09 kcal/mol
| QMMM: Error matrix |FP-PF|         :  0.1D+00 au
| QMMM: Density matrix change        :  0.5D-06
| QMMM: Maximum number of SCF cycles :     1000

| QMMM: *** Diagonalization Routine Information ***
| QMMM: Pseudo diagonalizations are allowed.
| QMMM: Auto diagonalization routine selection is in use.
| QMMM:
| QMMM: Timing diagonalization routines:
| QMMM:                              norbs =       46
| QMMM:    diag iterations used for timing =       20
| QMMM:
| QMMM:              Internal diag routine = 0.004687 seconds
| QMMM:                 Dspev diag routine = 0.015188 seconds
| QMMM:                Dspevd diag routine = 0.004785 seconds
| QMMM:                Dspevx diag routine = 0.025701 seconds
| QMMM:                 Dsyev diag routine = 0.005748 seconds
| QMMM:                Dsyevd diag routine = 0.004519 seconds
| QMMM:                Dsyevr diag routine = 0.005970 seconds
| QMMM:
| QMMM:                Pseudo diag routine = 0.001608 seconds
| QMMM:
| QMMM: Using dsyevd routine (diag_routine=6).

  QMMM: QM Region Cartesian Coordinates (*=link atom) 
  QMMM: QM_NO.   MM_NO.  ATOM         X         Y         Z
  QMMM:     1        1      C        2.3660   -1.3020   -0.3360
  QMMM:     2        2      C        3.2850   -1.9550    0.4850
  QMMM:     3        3      C        1.3230   -0.5690    0.2300
  QMMM:     4        4      C        3.1600   -1.8760    1.8730
  QMMM:     5        5      C        1.1970   -0.4900    1.6170
  QMMM:     6        6      C        2.1160   -1.1440    2.4380
  QMMM:     7        7      C       -1.0530   -0.5950    2.7170
  QMMM:     8        8      C        0.0740    0.2970    2.2040
  QMMM:     9        9      O        2.0070   -1.0780    3.7950
  QMMM:    10       10      H        2.4630   -1.3630   -1.4160
  QMMM:    11       11      H        4.0970   -2.5260    0.0450
  QMMM:    12       12      H        0.6110   -0.0650   -0.4190
  QMMM:    13       13      H        3.8780   -2.3870    2.5070
  QMMM:    14       14      H       -1.4410   -1.2360    1.9180
  QMMM:    15       15      H       -1.8820    0.0100    3.0980
  QMMM:    16       16      H       -0.7040   -1.2420    3.5280
  QMMM:    17       17      H        0.4390    0.9270    3.0300
  QMMM:    18       18      H       -0.3320    0.9990    1.4590
  QMMM:    19       19      H        2.7210   -1.5850    4.2130

--------------------------------------------------------------------------------
  RESULTS
--------------------------------------------------------------------------------

      iter         sqm energy              rms gradient
      ----    -------------------    -----------------------
xmin    10      -34.6364 kcal/mol        0.2646 kcal/(mol*A)
xmin    20      -34.6493 kcal/mol        0.1680 kcal/(mol*A)
xmin    30      -34.6536 kcal/mol        0.0718 kcal/(mol*A)
xmin    40      -34.6542 kcal/mol        0.0476 kcal/(mol*A)
xmin    50      -34.6546 kcal/mol        0.0323 kcal/(mol*A)
xmin    60      -34.6552 kcal/mol        0.0124 kcal/(mol*A)
xmin    70      -34.6555 kcal/mol        0.0206 kcal/(mol*A)
xmin    80      -34.6559 kcal/mol        0.0240 kcal/(mol*A)
xmin    90      -34.6560 kcal/mol        0.0086 kcal/(mol*A)
xmin   100      -34.6561 kcal/mol        0.0058 kcal/(mol*A)
xmin   110      -34.6562 kcal/mol        0.0122 kcal/(mol*A)
xmin   120      -34.6563 kcal/mol        0.0059 kcal/(mol*A)
xmin   130      -34.6564 kcal/mol        0.0046 kcal/(mol*A)
xmin   140      -34.6564 kcal/mol        0.0040 kcal/(mol*A)
xmin   150      -34.6564 kcal/mol        0.0040 kcal/(mol*A)
xmin   160      -34.6564 kcal/mol        0.0106 kcal/(mol*A)
xmin   170      -34.6565 kcal/mol        0.0019 kcal/(mol*A)
xmin   180      -34.6565 kcal/mol        0.0065 kcal/(mol*A)
xmin   190      -34.6565 kcal/mol        0.0033 kcal/(mol*A)
xmin   200      -34.6565 kcal/mol        0.0069 kcal/(mol*A)
xmin   210      -34.6565 kcal/mol        0.0008 kcal/(mol*A)
xmin   220      -34.6565 kcal/mol        0.0018 kcal/(mol*A)
xmin   230      -34.6565 kcal/mol        0.0017 kcal/(mol*A)
xmin   240      -34.6565 kcal/mol        0.0011 kcal/(mol*A)
xmin   250      -34.6565 kcal/mol        0.0007 kcal/(mol*A)
  ... geometry converged !
 
 Final MO eigenvalues (eV):
 -40.3807  -37.4006  -34.7397  -30.7163  -29.6130  -24.5187  -23.5668  -21.4804
 -18.8988  -17.1833  -16.5894  -15.3648  -15.0662  -14.6305  -14.4387  -14.0916
 -13.4490  -12.7618  -12.4215  -12.3033  -11.6200  -11.4463   -9.6424   -8.9854
   0.4097    0.5332    2.8212    3.0428    3.7527    3.8116    4.0048    4.1858
   4.2995    4.4215    4.5935    4.7386    4.7775    4.9764    5.0693    5.1523
   5.3438    5.3802    5.5184    5.6745    5.9066    6.3399

 Heat of formation   =        -34.65649259 kcal/mol  (       -1.50281829 eV)

 Total SCF energy    =     -34189.12075725 kcal/mol  (    -1482.55152670 eV)
 Electronic energy   =    -158712.20120441 kcal/mol  (    -6882.27749033 eV)
 Core-core repulsion =     124523.08044716 kcal/mol  (     5399.72596363 eV)
 
    Atomic Charges for Step       1 :
  Atom    Element       Mulliken Charge
     1      C                 -0.162
     2      C                 -0.096
     3      C                 -0.098
     4      C                 -0.211
     5      C                 -0.092
     6      C                  0.078
     7      C                 -0.206
     8      C                 -0.113
     9      O                 -0.252
    10      H                  0.133
    11      H                  0.132
    12      H                  0.134
    13      H                  0.132
    14      H                  0.072
    15      H                  0.071
    16      H                  0.084
    17      H                  0.098
    18      H                  0.080
    19      H                  0.216
 Total Mulliken Charge =      -0.000
 
                  X        Y        Z     TOTAL  
  QM DIPOLE     0.828   -0.554   -0.145    1.007
 
 Final Structure

  QMMM: QM Region Cartesian Coordinates (*=link atom) 
  QMMM: QM_NO.   MM_NO.  ATOM         X         Y         Z
  QMMM:     1        1      C        2.3637   -1.3224   -0.3321
  QMMM:     2        2      C        3.2920   -1.9656    0.4843
  QMMM:     3        3      C        1.3197   -0.5922    0.2356
  QMMM:     4        4      C        3.1815   -1.8817    1.8702
  QMMM:     5        5      C        1.1808   -0.4905    1.6218
  QMMM:     6        6      C        2.1289   -1.1474    2.4341
  QMMM:     7        7      C       -1.0609   -0.5931    2.6892
  QMMM:     8        8      C        0.0712    0.2937    2.2269
  QMMM:     9        9      O        1.9702   -1.0310    3.7980
  QMMM:    10       10      H        2.4533   -1.3892   -1.4257
  QMMM:    11       11      H        4.1157   -2.5414    0.0372
  QMMM:    12       12      H        0.5910   -0.0850   -0.4156
  QMMM:    13       13      H        3.9115   -2.3857    2.5187
  QMMM:    14       14      H       -1.4942   -1.1630    1.8328
  QMMM:    15       15      H       -1.8680    0.0261    3.1493
  QMMM:    16       16      H       -0.6910   -1.3221    3.4508
  QMMM:    17       17      H        0.4705    0.8691    3.1066
  QMMM:    18       18      H       -0.3152    1.0395    1.4818
  QMMM:    19       19      H        2.7045   -1.4983    4.2221

           --------- Calculation Completed ----------

