            --------------------------------------------------------
                             AMBER SQM VERSION 19
 
                                     By
              Ross C. Walker, Michael F. Crowley, Scott Brozell,
                         Tim Giese, Andreas W. Goetz,
                        Tai-Sung Lee and David A. Case
 
            --------------------------------------------------------
 

--------------------------------------------------------------------------------
  QM CALCULATION INFO
--------------------------------------------------------------------------------

| QMMM: Citation for AMBER QMMM Run:
| QMMM: R.C. Walker, M.F. Crowley and D.A. Case, J. COMP. CHEM. 29:1019, 2008

QMMM: SINGLET STATE CALCULATION
QMMM: RHF CALCULATION, NO. OF DOUBLY OCCUPIED LEVELS = 13

| QMMM: *** Selected Hamiltonian *** 
| QMMM: AM1         

| QMMM: *** Parameter sets in use ***
| QMMM: C : M.J.S.DEWAR et al. JACS, 107, 3902, (1985)
| QMMM: I : M.J.S.DEWAR et al. THEOCHEM, 180, 1, (1988)
| QMMM: H : M.J.S.DEWAR et al. JACS, 107, 3902, (1985)

| QMMM: *** SCF convergence criteria ***
| QMMM: Energy change                :  0.1D-09 kcal/mol
| QMMM: Error matrix |FP-PF|         :  0.1D+00 au
| QMMM: Density matrix change        :  0.5D-06
| QMMM: Maximum number of SCF cycles :     1000

| QMMM: *** Diagonalization Routine Information ***
| QMMM: Pseudo diagonalizations are allowed.
| QMMM: Auto diagonalization routine selection is in use.
| QMMM:
| QMMM: Timing diagonalization routines:
| QMMM:                              norbs =       23
| QMMM:    diag iterations used for timing =       20
| QMMM:
| QMMM:              Internal diag routine = 0.000888 seconds
| QMMM:                 Dspev diag routine = 0.001320 seconds
| QMMM:                Dspevd diag routine = 0.017329 seconds
| QMMM:                Dspevx diag routine = 0.008479 seconds
| QMMM:                 Dsyev diag routine = 0.001173 seconds
| QMMM:                Dsyevd diag routine = 0.001199 seconds
| QMMM:                Dsyevr diag routine = 0.005733 seconds
| QMMM:
| QMMM:                Pseudo diag routine = 0.000163 seconds
| QMMM:
| QMMM: Using internal diagonalization routine (diag_routine=1).

  QMMM: QM Region Cartesian Coordinates (*=link atom) 
  QMMM: QM_NO.   MM_NO.  ATOM         X         Y         Z
  QMMM:     1        1      C       -0.5090   -0.5490    0.7980
  QMMM:     2        2      C        0.3040   -0.5210    2.0830
  QMMM:     3        3      C        1.6750   -1.1640    1.8860
  QMMM:     4        4      I        2.7880   -1.1440    3.7120
  QMMM:     5        5      H       -1.4880   -0.0860    0.9590
  QMMM:     6        6      H        0.0000    0.0000    0.0000
  QMMM:     7        7      H       -0.6720   -1.5770    0.4590
  QMMM:     8        8      H       -0.2530   -1.0470    2.8690
  QMMM:     9        9      H        0.4150    0.5190    2.4120
  QMMM:    10       10      H        2.2350   -0.6250    1.1140
  QMMM:    11       11      H        1.5600   -2.1980    1.5430

--------------------------------------------------------------------------------
  RESULTS
--------------------------------------------------------------------------------

      iter         sqm energy              rms gradient
      ----    -------------------    -----------------------
xmin    10       -7.9061 kcal/mol        0.0261 kcal/(mol*A)
xmin    20       -7.9065 kcal/mol        0.0207 kcal/(mol*A)
xmin    30       -7.9065 kcal/mol        0.0043 kcal/(mol*A)
xmin    40       -7.9065 kcal/mol        0.0057 kcal/(mol*A)
xmin    50       -7.9065 kcal/mol        0.0035 kcal/(mol*A)
  ... geometry converged !
 
 Final MO eigenvalues (eV):
 -36.4684  -31.1104  -25.8294  -22.1673  -16.3834  -15.0496  -14.4211  -13.6698
 -12.4594  -11.8721  -11.8033  -10.4884  -10.4284    0.4686    3.4299    3.6176
   4.0602    4.0667    4.3719    4.4609    4.7412    4.7598    4.9113

 Heat of formation   =         -7.90651490 kcal/mol  (       -0.34285221 eV)

 Total SCF energy    =     -19107.93489814 kcal/mol  (     -828.58223399 eV)
 Electronic energy   =     -56326.94107429 kcal/mol  (    -2442.51945164 eV)
 Core-core repulsion =      37219.00617614 kcal/mol  (     1613.93721765 eV)
 
    Atomic Charges for Step       1 :
  Atom    Element       Mulliken Charge
     1      C                 -0.213
     2      C                 -0.155
     3      C                 -0.311
     4      I                  0.046
     5      H                  0.079
     6      H                  0.075
     7      H                  0.075
     8      H                  0.092
     9      H                  0.092
    10      H                  0.111
    11      H                  0.111
 Total Mulliken Charge =      -0.000
 
                  X        Y        Z     TOTAL  
  QM DIPOLE    -0.949    0.059   -1.213    1.541
 
 Final Structure

  QMMM: QM Region Cartesian Coordinates (*=link atom) 
  QMMM: QM_NO.   MM_NO.  ATOM         X         Y         Z
  QMMM:     1        1      C       -0.4942   -0.5508    0.8015
  QMMM:     2        2      C        0.2959   -0.5205    2.0873
  QMMM:     3        3      C        1.6485   -1.1529    1.9000
  QMMM:     4        4      I        2.7976   -1.1521    3.6196
  QMMM:     5        5      H       -1.4945   -0.0786    0.9550
  QMMM:     6        6      H        0.0404    0.0078   -0.0043
  QMMM:     7        7      H       -0.6486   -1.6018    0.4570
  QMMM:     8        8      H       -0.2761   -1.0637    2.8863
  QMMM:     9        9      H        0.4117    0.5437    2.4258
  QMMM:    10       10      H        2.2313   -0.6072    1.1231
  QMMM:    11       11      H        1.5430   -2.2159    1.5837

           --------- Calculation Completed ----------

