            --------------------------------------------------------
                             AMBER SQM VERSION 19
 
                                     By
              Ross C. Walker, Michael F. Crowley, Scott Brozell,
                         Tim Giese, Andreas W. Goetz,
                        Tai-Sung Lee and David A. Case
 
            --------------------------------------------------------
 

--------------------------------------------------------------------------------
  QM CALCULATION INFO
--------------------------------------------------------------------------------

| QMMM: Citation for AMBER QMMM Run:
| QMMM: R.C. Walker, M.F. Crowley and D.A. Case, J. COMP. CHEM. 29:1019, 2008

QMMM: SINGLET STATE CALCULATION
QMMM: RHF CALCULATION, NO. OF DOUBLY OCCUPIED LEVELS = 19

| QMMM: *** Selected Hamiltonian *** 
| QMMM: AM1         

| QMMM: *** Parameter sets in use ***
| QMMM: C : M.J.S.DEWAR et al. JACS, 107, 3902, (1985)
| QMMM: N : M.J.S.DEWAR et al. JACS, 107, 3902, (1985)
| QMMM: H : M.J.S.DEWAR et al. JACS, 107, 3902, (1985)

| QMMM: *** SCF convergence criteria ***
| QMMM: Energy change                :  0.1D-09 kcal/mol
| QMMM: Error matrix |FP-PF|         :  0.1D+00 au
| QMMM: Density matrix change        :  0.5D-06
| QMMM: Maximum number of SCF cycles :     1000

| QMMM: *** Diagonalization Routine Information ***
| QMMM: Pseudo diagonalizations are allowed.
| QMMM: Auto diagonalization routine selection is in use.
| QMMM:
| QMMM: Timing diagonalization routines:
| QMMM:                              norbs =       36
| QMMM:    diag iterations used for timing =       20
| QMMM:
| QMMM:              Internal diag routine = 0.002499 seconds
| QMMM:                 Dspev diag routine = 0.015906 seconds
| QMMM:                Dspevd diag routine = 0.002785 seconds
| QMMM:                Dspevx diag routine = 0.024228 seconds
| QMMM:                 Dsyev diag routine = 0.005044 seconds
| QMMM:                Dsyevd diag routine = 0.006217 seconds
| QMMM:                Dsyevr diag routine = 0.005318 seconds
| QMMM:
| QMMM:                Pseudo diag routine = 0.001038 seconds
| QMMM:
| QMMM: Using internal diagonalization routine (diag_routine=1).

  QMMM: QM Region Cartesian Coordinates (*=link atom) 
  QMMM: QM_NO.   MM_NO.  ATOM         X         Y         Z
  QMMM:     1        1      C        2.7210   -0.3120    3.7040
  QMMM:     2        2      C        0.2060   -0.4420    0.9680
  QMMM:     3        3      C        1.3350   -0.0800    1.6950
  QMMM:     4        4      C       -0.6460   -1.3850    1.5200
  QMMM:     5        5      C        0.6600   -1.5970    3.3980
  QMMM:     6        6      C        1.5730   -0.6640    2.9340
  QMMM:     7        7      N        3.6590   -0.0260    4.3330
  QMMM:     8        8      N       -0.4480   -1.9740    2.7210
  QMMM:     9        9      H       -0.0000   -0.0010   -0.0010
  QMMM:    10       10      H        2.0190    0.6570    1.2840
  QMMM:    11       11      H       -1.5400   -1.7010    0.9930
  QMMM:    12       12      H        0.7880   -2.0880    4.3590

--------------------------------------------------------------------------------
  RESULTS
--------------------------------------------------------------------------------

      iter         sqm energy              rms gradient
      ----    -------------------    -----------------------
xmin    10       63.8284 kcal/mol        0.0538 kcal/(mol*A)
xmin    20       63.8283 kcal/mol        0.0012 kcal/(mol*A)
  ... geometry converged !
 
 Final MO eigenvalues (eV):
 -40.7257  -37.0008  -33.7456  -32.3149  -25.6580  -24.7506  -20.3333  -18.0728
 -17.5293  -15.7333  -15.3584  -14.5209  -14.3253  -13.8192  -13.6864  -13.0469
 -11.1606  -11.1506  -10.3099   -0.7657   -0.2443    1.4194    1.6890    2.5405
   2.6244    3.0851    3.2779    3.3226    3.5568    3.9167    4.1750    4.5053
   4.5776    5.0473    6.2431    6.4307

 Heat of formation   =         63.82834065 kcal/mol  (        2.76780455 eV)

 Total SCF energy    =     -28499.41974679 kcal/mol  (    -1235.82757672 eV)
 Electronic energy   =    -109578.06731197 kcal/mol  (    -4751.66156333 eV)
 Core-core repulsion =      81078.64756518 kcal/mol  (     3515.83398661 eV)
 
    Atomic Charges for Step       1 :
  Atom    Element       Mulliken Charge
     1      C                 -0.095
     2      C                 -0.186
     3      C                 -0.054
     4      C                 -0.049
     5      C                 -0.030
     6      C                 -0.067
     7      N                 -0.026
     8      N                 -0.137
     9      H                  0.152
    10      H                  0.152
    11      H                  0.167
    12      H                  0.173
 Total Mulliken Charge =      -0.000
 
                  X        Y        Z     TOTAL  
  QM DIPOLE    -1.355    0.551   -2.495    2.892
 
 Final Structure

  QMMM: QM Region Cartesian Coordinates (*=link atom) 
  QMMM: QM_NO.   MM_NO.  ATOM         X         Y         Z
  QMMM:     1        1      C        2.7178   -0.3142    3.7025
  QMMM:     2        2      C        0.2109   -0.4368    0.9640
  QMMM:     3        3      C        1.3471   -0.0625    1.6805
  QMMM:     4        4      C       -0.6550   -1.3942    1.5244
  QMMM:     5        5      C        0.6500   -1.6097    3.4097
  QMMM:     6        6      C        1.5796   -0.6564    2.9308
  QMMM:     7        7      N        3.6522   -0.0335    4.3364
  QMMM:     8        8      N       -0.4469   -1.9742    2.7231
  QMMM:     9        9      H       -0.0077    0.0039   -0.0177
  QMMM:    10       10      H        2.0487    0.6827    1.2766
  QMMM:    11       11      H       -1.5661   -1.7175    0.9881
  QMMM:    12       12      H        0.7963   -2.1007    4.3895

           --------- Calculation Completed ----------

