            --------------------------------------------------------
                             AMBER SQM VERSION 19
 
                                     By
              Ross C. Walker, Michael F. Crowley, Scott Brozell,
                         Tim Giese, Andreas W. Goetz,
                        Tai-Sung Lee and David A. Case
 
            --------------------------------------------------------
 

--------------------------------------------------------------------------------
  QM CALCULATION INFO
--------------------------------------------------------------------------------

| QMMM: Citation for AMBER QMMM Run:
| QMMM: R.C. Walker, M.F. Crowley and D.A. Case, J. COMP. CHEM. 29:1019, 2008

QMMM: SINGLET STATE CALCULATION
QMMM: RHF CALCULATION, NO. OF DOUBLY OCCUPIED LEVELS = 18

| QMMM: *** Selected Hamiltonian *** 
| QMMM: AM1         

| QMMM: *** Parameter sets in use ***
| QMMM: C : M.J.S.DEWAR et al. JACS, 107, 3902, (1985)
| QMMM: O : M.J.S.DEWAR et al. JACS, 107, 3902, (1985)
| QMMM: H : M.J.S.DEWAR et al. JACS, 107, 3902, (1985)

| QMMM: *** SCF convergence criteria ***
| QMMM: Energy change                :  0.1D-09 kcal/mol
| QMMM: Error matrix |FP-PF|         :  0.1D+00 au
| QMMM: Density matrix change        :  0.5D-06
| QMMM: Maximum number of SCF cycles :     1000

| QMMM: *** Diagonalization Routine Information ***
| QMMM: Pseudo diagonalizations are allowed.
| QMMM: Auto diagonalization routine selection is in use.
| QMMM:
| QMMM: Timing diagonalization routines:
| QMMM:                              norbs =       34
| QMMM:    diag iterations used for timing =       20
| QMMM:
| QMMM:              Internal diag routine = 0.002126 seconds
| QMMM:                 Dspev diag routine = 0.018803 seconds
| QMMM:                Dspevd diag routine = 0.006959 seconds
| QMMM:                Dspevx diag routine = 0.024299 seconds
| QMMM:                 Dsyev diag routine = 0.005350 seconds
| QMMM:                Dsyevd diag routine = 0.004261 seconds
| QMMM:                Dsyevr diag routine = 0.006453 seconds
| QMMM:
| QMMM:                Pseudo diag routine = 0.001223 seconds
| QMMM:
| QMMM: Using internal diagonalization routine (diag_routine=1).

  QMMM: QM Region Cartesian Coordinates (*=link atom) 
  QMMM: QM_NO.   MM_NO.  ATOM         X         Y         Z
  QMMM:     1        1      C        0.3030    1.1400   -1.7830
  QMMM:     2        2      C        0.3780    1.0130   -0.2830
  QMMM:     3        3      C        1.9180   -0.5870   -4.8560
  QMMM:     4        4      C        1.1480    0.1610   -2.5790
  QMMM:     5        5      C        1.0380    0.3830   -4.0850
  QMMM:     6        6      O       -0.4070    1.9930   -2.3120
  QMMM:     7        7      H        1.4060    1.1780    0.0480
  QMMM:     8        8      H        0.0390    0.0190    0.0180
  QMMM:     9        9      H       -0.2680    1.7630    0.1840
  QMMM:    10       10      H        1.6280   -1.6230   -4.6560
  QMMM:    11       11      H        2.9700   -0.4650   -4.5820
  QMMM:    12       12      H        1.8240   -0.4100   -5.9320
  QMMM:    13       13      H        0.8160   -0.8530   -2.3260
  QMMM:    14       14      H        2.1890    0.2770   -2.2590
  QMMM:    15       15      H       -0.0030    0.2620   -4.4060
  QMMM:    16       16      H        1.3280    1.4110   -4.3330

--------------------------------------------------------------------------------
  RESULTS
--------------------------------------------------------------------------------

      iter         sqm energy              rms gradient
      ----    -------------------    -----------------------
xmin    10      -62.2056 kcal/mol        0.1152 kcal/(mol*A)
xmin    20      -62.2067 kcal/mol        0.0487 kcal/(mol*A)
xmin    30      -62.2076 kcal/mol        0.0302 kcal/(mol*A)
xmin    40      -62.2078 kcal/mol        0.0203 kcal/(mol*A)
xmin    50      -62.2079 kcal/mol        0.0040 kcal/(mol*A)
xmin    60      -62.2080 kcal/mol        0.0117 kcal/(mol*A)
xmin    70      -62.2080 kcal/mol        0.0014 kcal/(mol*A)
xmin    80      -62.2080 kcal/mol        0.0028 kcal/(mol*A)
xmin    90      -62.2080 kcal/mol        0.0036 kcal/(mol*A)
xmin   100      -62.2080 kcal/mol        0.0026 kcal/(mol*A)
xmin   110      -62.2080 kcal/mol        0.0012 kcal/(mol*A)
xmin   120      -62.2080 kcal/mol        0.0084 kcal/(mol*A)
xmin   130      -62.2080 kcal/mol        0.0135 kcal/(mol*A)
xmin   140      -62.2080 kcal/mol        0.0031 kcal/(mol*A)
xmin   150      -62.2080 kcal/mol        0.0110 kcal/(mol*A)
xmin   160      -62.2081 kcal/mol        0.0030 kcal/(mol*A)
xmin   170      -62.2081 kcal/mol        0.0016 kcal/(mol*A)
xmin   180      -62.2081 kcal/mol        0.0095 kcal/(mol*A)
xmin   190      -62.2081 kcal/mol        0.0057 kcal/(mol*A)
xmin   200      -62.2081 kcal/mol        0.0115 kcal/(mol*A)
xmin   210      -62.2082 kcal/mol        0.0073 kcal/(mol*A)
xmin   220      -62.2082 kcal/mol        0.0025 kcal/(mol*A)
xmin   230      -62.2082 kcal/mol        0.0105 kcal/(mol*A)
xmin   240      -62.2083 kcal/mol        0.0041 kcal/(mol*A)
xmin   250      -62.2083 kcal/mol        0.0223 kcal/(mol*A)
xmin   260      -62.2084 kcal/mol        0.0068 kcal/(mol*A)
xmin   270      -62.2084 kcal/mol        0.0058 kcal/(mol*A)
xmin   280      -62.2085 kcal/mol        0.0075 kcal/(mol*A)
xmin   290      -62.2085 kcal/mol        0.0098 kcal/(mol*A)
xmin   300      -62.2086 kcal/mol        0.0072 kcal/(mol*A)
xmin   310      -62.2087 kcal/mol        0.0124 kcal/(mol*A)
xmin   320      -62.2088 kcal/mol        0.0131 kcal/(mol*A)
xmin   330      -62.2089 kcal/mol        0.0191 kcal/(mol*A)
xmin   340      -62.2090 kcal/mol        0.0132 kcal/(mol*A)
xmin   350      -62.2091 kcal/mol        0.0387 kcal/(mol*A)
xmin   360      -62.2092 kcal/mol        0.0057 kcal/(mol*A)
xmin   370      -62.2093 kcal/mol        0.0082 kcal/(mol*A)
xmin   380      -62.2094 kcal/mol        0.0102 kcal/(mol*A)
xmin   390      -62.2096 kcal/mol        0.0236 kcal/(mol*A)
xmin   400      -62.2097 kcal/mol        0.0164 kcal/(mol*A)
xmin   410      -62.2098 kcal/mol        0.0151 kcal/(mol*A)
xmin   420      -62.2100 kcal/mol        0.0068 kcal/(mol*A)
xmin   430      -62.2102 kcal/mol        0.0140 kcal/(mol*A)
xmin   440      -62.2103 kcal/mol        0.0183 kcal/(mol*A)
xmin   450      -62.2105 kcal/mol        0.0442 kcal/(mol*A)
xmin   460      -62.2107 kcal/mol        0.0095 kcal/(mol*A)
xmin   470      -62.2112 kcal/mol        0.0237 kcal/(mol*A)
xmin   480      -62.2116 kcal/mol        0.0219 kcal/(mol*A)
xmin   490      -62.2118 kcal/mol        0.0115 kcal/(mol*A)
xmin   500      -62.2120 kcal/mol        0.0107 kcal/(mol*A)
xmin   510      -62.2122 kcal/mol        0.0107 kcal/(mol*A)
xmin   520      -62.2124 kcal/mol        0.0072 kcal/(mol*A)
xmin   530      -62.2127 kcal/mol        0.0093 kcal/(mol*A)
xmin   540      -62.2129 kcal/mol        0.0091 kcal/(mol*A)
xmin   550      -62.2133 kcal/mol        0.0174 kcal/(mol*A)
xmin   560      -62.2136 kcal/mol        0.0089 kcal/(mol*A)
xmin   570      -62.2138 kcal/mol        0.0133 kcal/(mol*A)
xmin   580      -62.2139 kcal/mol        0.0078 kcal/(mol*A)
xmin   590      -62.2141 kcal/mol        0.0193 kcal/(mol*A)
xmin   600      -62.2144 kcal/mol        0.0071 kcal/(mol*A)
xmin   610      -62.2146 kcal/mol        0.0170 kcal/(mol*A)
xmin   620      -62.2148 kcal/mol        0.0860 kcal/(mol*A)
xmin   630      -62.2150 kcal/mol        0.0099 kcal/(mol*A)
xmin   640      -62.2152 kcal/mol        0.0122 kcal/(mol*A)
xmin   650      -62.2153 kcal/mol        0.0151 kcal/(mol*A)
xmin   660      -62.2154 kcal/mol        0.0134 kcal/(mol*A)
xmin   670      -62.2155 kcal/mol        0.0061 kcal/(mol*A)
xmin   680      -62.2156 kcal/mol        0.0124 kcal/(mol*A)
xmin   690      -62.2157 kcal/mol        0.0057 kcal/(mol*A)
xmin   700      -62.2158 kcal/mol        0.0152 kcal/(mol*A)
xmin   710      -62.2159 kcal/mol        0.0240 kcal/(mol*A)
xmin   720      -62.2159 kcal/mol        0.0092 kcal/(mol*A)
xmin   730      -62.2160 kcal/mol        0.0197 kcal/(mol*A)
xmin   740      -62.2161 kcal/mol        0.0043 kcal/(mol*A)
xmin   750      -62.2161 kcal/mol        0.0094 kcal/(mol*A)
xmin   760      -62.2162 kcal/mol        0.0104 kcal/(mol*A)
xmin   770      -62.2162 kcal/mol        0.0130 kcal/(mol*A)
xmin   780      -62.2163 kcal/mol        0.0062 kcal/(mol*A)
xmin   790      -62.2163 kcal/mol        0.0043 kcal/(mol*A)
xmin   800      -62.2163 kcal/mol        0.0075 kcal/(mol*A)
xmin   810      -62.2163 kcal/mol        0.0035 kcal/(mol*A)
xmin   820      -62.2164 kcal/mol        0.0136 kcal/(mol*A)
xmin   830      -62.2164 kcal/mol        0.0033 kcal/(mol*A)
xmin   840      -62.2164 kcal/mol        0.0048 kcal/(mol*A)
xmin   850      -62.2164 kcal/mol        0.0020 kcal/(mol*A)
xmin   860      -62.2164 kcal/mol        0.0025 kcal/(mol*A)
xmin   870      -62.2164 kcal/mol        0.0046 kcal/(mol*A)
xmin   880      -62.2165 kcal/mol        0.0029 kcal/(mol*A)
xmin   890      -62.2165 kcal/mol        0.0022 kcal/(mol*A)
xmin   900      -62.2165 kcal/mol        0.0018 kcal/(mol*A)
xmin   910      -62.2165 kcal/mol        0.0020 kcal/(mol*A)
xmin   920      -62.2165 kcal/mol        0.0011 kcal/(mol*A)
xmin   930      -62.2165 kcal/mol        0.0009 kcal/(mol*A)
xmin   940      -62.2165 kcal/mol        0.0031 kcal/(mol*A)
  ... geometry converged !
 
 Final MO eigenvalues (eV):
 -39.6277  -35.2654  -31.6611  -27.9652  -22.5928  -20.4124  -16.6613  -16.5685
 -15.9156  -15.0251  -13.9456  -13.6315  -13.2687  -12.8113  -12.6741  -12.0705
 -11.4893  -10.5268    0.8801    3.1052    3.6654    3.8283    3.8713    4.0711
   4.1568    4.2710    4.3202    4.5522    4.6755    4.7666    4.9853    4.9937
   5.1556    6.5273

 Heat of formation   =        -62.21648905 kcal/mol  (       -2.69790942 eV)

 Total SCF energy    =     -25345.61167741 kcal/mol  (    -1099.06819641 eV)
 Electronic energy   =     -98196.30700991 kcal/mol  (    -4258.11140063 eV)
 Core-core repulsion =      72850.69533251 kcal/mol  (     3159.04320422 eV)
 
    Atomic Charges for Step       1 :
  Atom    Element       Mulliken Charge
     1      C                  0.225
     2      C                 -0.273
     3      C                 -0.211
     4      C                 -0.211
     5      C                 -0.155
     6      O                 -0.292
     7      H                  0.103
     8      H                  0.097
     9      H                  0.107
    10      H                  0.071
    11      H                  0.070
    12      H                  0.078
    13      H                  0.106
    14      H                  0.100
    15      H                  0.098
    16      H                  0.089
 Total Mulliken Charge =      -0.000
 
                  X        Y        Z     TOTAL  
  QM DIPOLE     1.779   -1.812    1.133    2.780
 
 Final Structure

  QMMM: QM Region Cartesian Coordinates (*=link atom) 
  QMMM: QM_NO.   MM_NO.  ATOM         X         Y         Z
  QMMM:     1        1      C        0.2412    1.1051   -1.8073
  QMMM:     2        2      C        0.4174    1.0373   -0.3231
  QMMM:     3        3      C        1.9021   -0.5925   -4.8271
  QMMM:     4        4      C        1.0822    0.1346   -2.5865
  QMMM:     5        5      C        1.0956    0.4297   -4.0702
  QMMM:     6        6      O       -0.5415    1.8984   -2.3392
  QMMM:     7        7      H        1.4185    1.4528   -0.0501
  QMMM:     8        8      H        0.3648   -0.0230    0.0227
  QMMM:     9        9      H       -0.3716    1.6317    0.1981
  QMMM:    10       10      H        1.4726   -1.6148   -4.6926
  QMMM:    11       11      H        2.9599   -0.6074   -4.4688
  QMMM:    12       12      H        1.9029   -0.3517   -5.9176
  QMMM:    13       13      H        0.6746   -0.8967   -2.4066
  QMMM:    14       14      H        2.1286    0.1555   -2.1817
  QMMM:    15       15      H        0.0401    0.4485   -4.4521
  QMMM:    16       16      H        1.5194    1.4546   -4.2400

           --------- Calculation Completed ----------

