            --------------------------------------------------------
                             AMBER SQM VERSION 19
 
                                     By
              Ross C. Walker, Michael F. Crowley, Scott Brozell,
                         Tim Giese, Andreas W. Goetz,
                        Tai-Sung Lee and David A. Case
 
            --------------------------------------------------------
 

--------------------------------------------------------------------------------
  QM CALCULATION INFO
--------------------------------------------------------------------------------

| QMMM: Citation for AMBER QMMM Run:
| QMMM: R.C. Walker, M.F. Crowley and D.A. Case, J. COMP. CHEM. 29:1019, 2008

QMMM: SINGLET STATE CALCULATION
QMMM: RHF CALCULATION, NO. OF DOUBLY OCCUPIED LEVELS = 22

| QMMM: *** Selected Hamiltonian *** 
| QMMM: AM1         

| QMMM: *** Parameter sets in use ***
| QMMM: C : M.J.S.DEWAR et al. JACS, 107, 3902, (1985)
| QMMM: N : M.J.S.DEWAR et al. JACS, 107, 3902, (1985)
| QMMM: H : M.J.S.DEWAR et al. JACS, 107, 3902, (1985)

| QMMM: *** SCF convergence criteria ***
| QMMM: Energy change                :  0.1D-09 kcal/mol
| QMMM: Error matrix |FP-PF|         :  0.1D+00 au
| QMMM: Density matrix change        :  0.5D-06
| QMMM: Maximum number of SCF cycles :     1000

| QMMM: *** Diagonalization Routine Information ***
| QMMM: Pseudo diagonalizations are allowed.
| QMMM: Auto diagonalization routine selection is in use.
| QMMM:
| QMMM: Timing diagonalization routines:
| QMMM:                              norbs =       43
| QMMM:    diag iterations used for timing =       20
| QMMM:
| QMMM:              Internal diag routine = 0.010632 seconds
| QMMM:                 Dspev diag routine = 0.013291 seconds
| QMMM:                Dspevd diag routine = 0.016554 seconds
| QMMM:                Dspevx diag routine = 0.045839 seconds
| QMMM:                 Dsyev diag routine = 0.003810 seconds
| QMMM:                Dsyevd diag routine = 0.003207 seconds
| QMMM:                Dsyevr diag routine = 0.004729 seconds
| QMMM:
| QMMM:                Pseudo diag routine = 0.000965 seconds
| QMMM:
| QMMM: Using dsyevd routine (diag_routine=6).

  QMMM: QM Region Cartesian Coordinates (*=link atom) 
  QMMM: QM_NO.   MM_NO.  ATOM         X         Y         Z
  QMMM:     1        1      C        1.1230   -0.0650   -0.2430
  QMMM:     2        2      C        1.6710    1.3410   -0.4290
  QMMM:     3        3      C        0.9810    2.0630   -1.5870
  QMMM:     4        4      C        1.5590    3.4660   -1.7890
  QMMM:     5        5      C        0.8550    4.2620   -2.8920
  QMMM:     6        6      C        1.4520    5.6520   -3.1080
  QMMM:     7        7      N        0.7360    6.3470   -4.1730
  QMMM:     8        8      H        1.6290   -0.5610    0.5900
  QMMM:     9        9      H        0.0510   -0.0420   -0.0250
  QMMM:    10       10      H        1.2780   -0.6680   -1.1430
  QMMM:    11       11      H        1.5320    1.9070    0.4990
  QMMM:    12       12      H        2.7500    1.2850   -0.6160
  QMMM:    13       13      H       -0.0950    2.1350   -1.3860
  QMMM:    14       14      H        1.1020    1.4710   -2.5010
  QMMM:    15       15      H        2.6310    3.3960   -2.0130
  QMMM:    16       16      H        1.4690    4.0280   -0.8510
  QMMM:    17       17      H       -0.2030    4.3630   -2.6140
  QMMM:    18       18      H        0.8810    3.6920   -3.8290
  QMMM:    19       19      H        1.3810    6.2410   -2.1880
  QMMM:    20       20      H        2.5090    5.5830   -3.3820
  QMMM:    21       21      H       -0.2350    6.0450   -4.1720
  QMMM:    22       22      H        1.1250    6.0670   -5.0710

--------------------------------------------------------------------------------
  RESULTS
--------------------------------------------------------------------------------

      iter         sqm energy              rms gradient
      ----    -------------------    -----------------------
xmin    10      -42.6302 kcal/mol        0.2330 kcal/(mol*A)
xmin    20      -42.7350 kcal/mol        0.0344 kcal/(mol*A)
xmin    30      -42.7366 kcal/mol        0.0318 kcal/(mol*A)
xmin    40      -42.7369 kcal/mol        0.0028 kcal/(mol*A)
xmin    50      -42.7371 kcal/mol        0.0130 kcal/(mol*A)
xmin    60      -42.7372 kcal/mol        0.0055 kcal/(mol*A)
xmin    70      -42.7372 kcal/mol        0.0009 kcal/(mol*A)
xmin    80      -42.7372 kcal/mol        0.0026 kcal/(mol*A)
xmin    90      -42.7372 kcal/mol        0.0005 kcal/(mol*A)
  ... geometry converged !
 
 Final MO eigenvalues (eV):
 -37.7478  -35.7539  -32.4576  -28.0633  -23.9891  -21.8680  -21.6048  -17.5143
 -16.4115  -15.7334  -14.8535  -14.8156  -14.3057  -13.4759  -13.2033  -12.4113
 -12.0807  -11.9911  -11.7477  -11.4194  -11.2107   -9.8146    3.5446    3.5906
   3.8540    3.8591    4.1042    4.2179    4.2629    4.3898    4.5708    4.5961
   4.6390    4.7718    4.9152    4.9544    5.0346    5.0833    5.1394    5.2045
   5.2725    6.2348    6.2658

 Heat of formation   =        -42.73724776 kcal/mol  (       -1.85322613 eV)

 Total SCF energy    =     -27289.32540739 kcal/mol  (    -1183.35394854 eV)
 Electronic energy   =    -126450.14519436 kcal/mol  (    -5483.28976169 eV)
 Core-core repulsion =      99160.81978697 kcal/mol  (     4299.93581315 eV)
 
    Atomic Charges for Step       1 :
  Atom    Element       Mulliken Charge
     1      C                 -0.211
     2      C                 -0.159
     3      C                 -0.158
     4      C                 -0.154
     5      C                 -0.200
     6      C                 -0.087
     7      N                 -0.337
     8      H                  0.073
     9      H                  0.072
    10      H                  0.072
    11      H                  0.078
    12      H                  0.078
    13      H                  0.079
    14      H                  0.079
    15      H                  0.081
    16      H                  0.081
    17      H                  0.078
    18      H                  0.078
    19      H                  0.091
    20      H                  0.091
    21      H                  0.139
    22      H                  0.139
 Total Mulliken Charge =      -0.000
 
                  X        Y        Z     TOTAL  
  QM DIPOLE    -0.643   -1.425    0.091    1.566
 
 Final Structure

  QMMM: QM Region Cartesian Coordinates (*=link atom) 
  QMMM: QM_NO.   MM_NO.  ATOM         X         Y         Z
  QMMM:     1        1      C        1.1541   -0.0380   -0.2568
  QMMM:     2        2      C        1.6892    1.3573   -0.4503
  QMMM:     3        3      C        0.9947    2.0649   -1.5944
  QMMM:     4        4      C        1.5351    3.4659   -1.7845
  QMMM:     5        5      C        0.8415    4.1722   -2.9278
  QMMM:     6        6      C        1.3993    5.5857   -3.1049
  QMMM:     7        7      N        0.8262    6.3747   -4.1640
  QMMM:     8        8      H        1.6794   -0.5412    0.5905
  QMMM:     9        9      H        0.0609   -0.0132   -0.0292
  QMMM:    10       10      H        1.3054   -0.6499   -1.1788
  QMMM:    11       11      H        1.5507    1.9484    0.4935
  QMMM:    12       12      H        2.7921    1.3134   -0.6528
  QMMM:    13       13      H       -0.1081    2.1107   -1.3932
  QMMM:    14       14      H        1.1337    1.4762   -2.5394
  QMMM:    15       15      H        2.6382    3.4192   -1.9847
  QMMM:    16       16      H        1.3957    4.0539   -0.8389
  QMMM:    17       17      H       -0.2609    4.2190   -2.7269
  QMMM:    18       18      H        0.9824    3.5848   -3.8729
  QMMM:    19       19      H        1.2566    6.1510   -2.1401
  QMMM:    20       20      H        2.5084    5.5127   -3.2930
  QMMM:    21       21      H       -0.1563    6.5056   -4.0215
  QMMM:    22       22      H        0.9637    5.9347   -5.0529

           --------- Calculation Completed ----------

