            --------------------------------------------------------
                             AMBER SQM VERSION 19
 
                                     By
              Ross C. Walker, Michael F. Crowley, Scott Brozell,
                         Tim Giese, Andreas W. Goetz,
                        Tai-Sung Lee and David A. Case
 
            --------------------------------------------------------
 

--------------------------------------------------------------------------------
  QM CALCULATION INFO
--------------------------------------------------------------------------------

| QMMM: Citation for AMBER QMMM Run:
| QMMM: R.C. Walker, M.F. Crowley and D.A. Case, J. COMP. CHEM. 29:1019, 2008

QMMM: SINGLET STATE CALCULATION
QMMM: RHF CALCULATION, NO. OF DOUBLY OCCUPIED LEVELS = 21

| QMMM: *** Selected Hamiltonian *** 
| QMMM: AM1         

| QMMM: *** Parameter sets in use ***
| QMMM: C : M.J.S.DEWAR et al. JACS, 107, 3902, (1985)
| QMMM: N : M.J.S.DEWAR et al. JACS, 107, 3902, (1985)
| QMMM: H : M.J.S.DEWAR et al. JACS, 107, 3902, (1985)

| QMMM: *** SCF convergence criteria ***
| QMMM: Energy change                :  0.1D-09 kcal/mol
| QMMM: Error matrix |FP-PF|         :  0.1D+00 au
| QMMM: Density matrix change        :  0.5D-06
| QMMM: Maximum number of SCF cycles :     1000

| QMMM: *** Diagonalization Routine Information ***
| QMMM: Pseudo diagonalizations are allowed.
| QMMM: Auto diagonalization routine selection is in use.
| QMMM:
| QMMM: Timing diagonalization routines:
| QMMM:                              norbs =       41
| QMMM:    diag iterations used for timing =       20
| QMMM:
| QMMM:              Internal diag routine = 0.007579 seconds
| QMMM:                 Dspev diag routine = 0.008439 seconds
| QMMM:                Dspevd diag routine = 0.006360 seconds
| QMMM:                Dspevx diag routine = 0.041267 seconds
| QMMM:                 Dsyev diag routine = 0.006216 seconds
| QMMM:                Dsyevd diag routine = 0.005606 seconds
| QMMM:                Dsyevr diag routine = 0.005854 seconds
| QMMM:
| QMMM:                Pseudo diag routine = 0.001584 seconds
| QMMM:
| QMMM: Using dsyevd routine (diag_routine=6).

  QMMM: QM Region Cartesian Coordinates (*=link atom) 
  QMMM: QM_NO.   MM_NO.  ATOM         X         Y         Z
  QMMM:     1        1      C        0.1830   -0.3460    1.0110
  QMMM:     2        2      C        1.5260   -0.4070    3.0050
  QMMM:     3        3      C       -0.7040   -1.2000    1.6470
  QMMM:     4        4      C        1.3170    0.0530    1.7100
  QMMM:     5        5      C        0.5790   -1.2580    3.5520
  QMMM:     6        6      C        2.3040    0.9710    1.0720
  QMMM:     7        7      C        0.7710   -1.7700    4.9400
  QMMM:     8        8      N       -0.5340   -1.6670    2.9040
  QMMM:     9        9      H       -0.0080   -0.0050   -0.0010
  QMMM:    10       10      H        2.4040   -0.1080    3.5690
  QMMM:    11       11      H       -1.6030   -1.5400    1.1450
  QMMM:    12       12      H        3.3260    0.6050    1.2330
  QMMM:    13       13      H        2.1310    1.0550   -0.0090
  QMMM:    14       14      H        2.2300    1.9860    1.4850
  QMMM:    15       15      H        1.5740   -1.2180    5.4430
  QMMM:    16       16      H       -0.1470   -1.6670    5.5330
  QMMM:    17       17      H        1.0300   -2.8370    4.9380

--------------------------------------------------------------------------------
  RESULTS
--------------------------------------------------------------------------------

      iter         sqm energy              rms gradient
      ----    -------------------    -----------------------
xmin    10       17.6849 kcal/mol        0.0457 kcal/(mol*A)
xmin    20       17.6845 kcal/mol        0.0407 kcal/(mol*A)
xmin    30       17.6842 kcal/mol        0.0311 kcal/(mol*A)
xmin    40       17.6838 kcal/mol        0.0256 kcal/(mol*A)
xmin    50       17.6834 kcal/mol        0.0516 kcal/(mol*A)
xmin    60       17.6830 kcal/mol        0.0429 kcal/(mol*A)
xmin    70       17.6826 kcal/mol        0.0485 kcal/(mol*A)
xmin    80       17.6822 kcal/mol        0.0070 kcal/(mol*A)
xmin    90       17.6817 kcal/mol        0.0187 kcal/(mol*A)
xmin   100       17.6813 kcal/mol        0.0477 kcal/(mol*A)
xmin   110       17.6812 kcal/mol        0.0251 kcal/(mol*A)
xmin   120       17.6809 kcal/mol        0.0154 kcal/(mol*A)
xmin   130       17.6806 kcal/mol        0.0336 kcal/(mol*A)
xmin   140       17.6804 kcal/mol        0.0525 kcal/(mol*A)
xmin   150       17.6802 kcal/mol        0.0587 kcal/(mol*A)
xmin   160       17.6800 kcal/mol        0.0167 kcal/(mol*A)
xmin   170       17.6798 kcal/mol        0.0165 kcal/(mol*A)
xmin   180       17.6796 kcal/mol        0.0296 kcal/(mol*A)
xmin   190       17.6795 kcal/mol        0.0217 kcal/(mol*A)
xmin   200       17.6794 kcal/mol        0.0089 kcal/(mol*A)
xmin   210       17.6793 kcal/mol        0.0115 kcal/(mol*A)
xmin   220       17.6791 kcal/mol        0.0111 kcal/(mol*A)
xmin   230       17.6790 kcal/mol        0.0088 kcal/(mol*A)
xmin   240       17.6789 kcal/mol        0.0062 kcal/(mol*A)
xmin   250       17.6787 kcal/mol        0.0173 kcal/(mol*A)
xmin   260       17.6786 kcal/mol        0.0277 kcal/(mol*A)
xmin   270       17.6786 kcal/mol        0.0051 kcal/(mol*A)
xmin   280       17.6785 kcal/mol        0.0076 kcal/(mol*A)
xmin   290       17.6784 kcal/mol        0.0116 kcal/(mol*A)
xmin   300       17.6783 kcal/mol        0.0149 kcal/(mol*A)
xmin   310       17.6782 kcal/mol        0.0066 kcal/(mol*A)
xmin   320       17.6781 kcal/mol        0.0164 kcal/(mol*A)
xmin   330       17.6781 kcal/mol        0.0043 kcal/(mol*A)
xmin   340       17.6780 kcal/mol        0.0064 kcal/(mol*A)
xmin   350       17.6780 kcal/mol        0.0029 kcal/(mol*A)
xmin   360       17.6779 kcal/mol        0.0353 kcal/(mol*A)
xmin   370       17.6779 kcal/mol        0.0178 kcal/(mol*A)
xmin   380       17.6778 kcal/mol        0.0088 kcal/(mol*A)
xmin   390       17.6778 kcal/mol        0.0054 kcal/(mol*A)
xmin   400       17.6777 kcal/mol        0.0125 kcal/(mol*A)
xmin   410       17.6777 kcal/mol        0.0123 kcal/(mol*A)
xmin   420       17.6777 kcal/mol        0.0075 kcal/(mol*A)
xmin   430       17.6776 kcal/mol        0.0068 kcal/(mol*A)
xmin   440       17.6776 kcal/mol        0.0030 kcal/(mol*A)
xmin   450       17.6776 kcal/mol        0.0049 kcal/(mol*A)
xmin   460       17.6775 kcal/mol        0.0051 kcal/(mol*A)
xmin   470       17.6775 kcal/mol        0.0161 kcal/(mol*A)
xmin   480       17.6775 kcal/mol        0.0023 kcal/(mol*A)
xmin   490       17.6775 kcal/mol        0.0103 kcal/(mol*A)
xmin   500       17.6775 kcal/mol        0.0060 kcal/(mol*A)
xmin   510       17.6774 kcal/mol        0.0026 kcal/(mol*A)
xmin   520       17.6774 kcal/mol        0.0017 kcal/(mol*A)
xmin   530       17.6774 kcal/mol        0.0076 kcal/(mol*A)
xmin   540       17.6774 kcal/mol        0.0031 kcal/(mol*A)
xmin   550       17.6774 kcal/mol        0.0043 kcal/(mol*A)
xmin   560       17.6774 kcal/mol        0.0105 kcal/(mol*A)
xmin   570       17.6773 kcal/mol        0.0050 kcal/(mol*A)
xmin   580       17.6773 kcal/mol        0.0062 kcal/(mol*A)
xmin   590       17.6773 kcal/mol        0.0041 kcal/(mol*A)
xmin   600       17.6773 kcal/mol        0.0024 kcal/(mol*A)
xmin   610       17.6773 kcal/mol        0.0043 kcal/(mol*A)
xmin   620       17.6773 kcal/mol        0.0070 kcal/(mol*A)
xmin   630       17.6773 kcal/mol        0.0107 kcal/(mol*A)
xmin   640       17.6773 kcal/mol        0.0021 kcal/(mol*A)
xmin   650       17.6773 kcal/mol        0.0039 kcal/(mol*A)
xmin   660       17.6773 kcal/mol        0.0015 kcal/(mol*A)
xmin   670       17.6773 kcal/mol        0.0019 kcal/(mol*A)
xmin   680       17.6773 kcal/mol        0.0043 kcal/(mol*A)
xmin   690       17.6773 kcal/mol        0.0066 kcal/(mol*A)
xmin   700       17.6772 kcal/mol        0.0031 kcal/(mol*A)
xmin   710       17.6772 kcal/mol        0.0009 kcal/(mol*A)
xmin   720       17.6772 kcal/mol        0.0023 kcal/(mol*A)
xmin   730       17.6772 kcal/mol        0.0037 kcal/(mol*A)
xmin   740       17.6772 kcal/mol        0.0037 kcal/(mol*A)
xmin   750       17.6772 kcal/mol        0.0013 kcal/(mol*A)
xmin   760       17.6772 kcal/mol        0.0013 kcal/(mol*A)
xmin   770       17.6772 kcal/mol        0.0035 kcal/(mol*A)
xmin   780       17.6772 kcal/mol        0.0018 kcal/(mol*A)
xmin   790       17.6772 kcal/mol        0.0014 kcal/(mol*A)
  ... geometry converged !
 
 Final MO eigenvalues (eV):
 -40.1695  -34.8209  -33.0031  -28.6367  -27.9462  -23.6211  -21.6824  -17.1754
 -16.9468  -16.1891  -15.1929  -14.1892  -14.1457  -13.7160  -13.4879  -13.0042
 -12.8663  -12.2458  -10.5310  -10.1825   -9.5886    0.2153    0.3257    2.7642
   3.4624    3.6646    3.7826    4.0361    4.0714    4.2723    4.3028    4.4697
   4.5096    4.5556    4.6936    4.8080    4.9840    5.2296    5.3803    5.7931
   6.9481

 Heat of formation   =         17.67721296 kcal/mol  (        0.76654148 eV)

 Total SCF energy    =     -28296.44395383 kcal/mol  (    -1227.02588586 eV)
 Electronic energy   =    -126324.19195958 kcal/mol  (    -5477.82801958 eV)
 Core-core repulsion =      98027.74800575 kcal/mol  (     4250.80213372 eV)
 
    Atomic Charges for Step       1 :
  Atom    Element       Mulliken Charge
     1      C                 -0.190
     2      C                 -0.186
     3      C                 -0.062
     4      C                 -0.028
     5      C                 -0.008
     6      C                 -0.186
     7      C                 -0.172
     8      N                 -0.147
     9      H                  0.142
    10      H                  0.141
    11      H                  0.157
    12      H                  0.087
    13      H                  0.086
    14      H                  0.092
    15      H                  0.079
    16      H                  0.098
    17      H                  0.098
 Total Mulliken Charge =      -0.000
 
                  X        Y        Z     TOTAL  
  QM DIPOLE     1.498    1.296   -0.585    2.065
 
 Final Structure

  QMMM: QM Region Cartesian Coordinates (*=link atom) 
  QMMM: QM_NO.   MM_NO.  ATOM         X         Y         Z
  QMMM:     1        1      C        0.1797   -0.3350    1.0007
  QMMM:     2        2      C        1.5194   -0.4137    2.9943
  QMMM:     3        3      C       -0.7149   -1.2108    1.6407
  QMMM:     4        4      C        1.3230    0.0731    1.6959
  QMMM:     5        5      C        0.5689   -1.2900    3.5590
  QMMM:     6        6      C        2.2964    1.0050    1.0843
  QMMM:     7        7      C        0.7913   -1.8021    4.9457
  QMMM:     8        8      N       -0.5427   -1.6861    2.8852
  QMMM:     9        9      H       -0.0188    0.0160   -0.0198
  QMMM:    10       10      H        2.4069   -0.1169    3.5693
  QMMM:    11       11      H       -1.6292   -1.5557    1.1244
  QMMM:    12       12      H        3.3385    0.7608    1.4072
  QMMM:    13       13      H        2.2502    0.9589   -0.0316
  QMMM:    14       14      H        2.0683    2.0540    1.4020
  QMMM:    15       15      H        1.7358   -1.3816    5.3680
  QMMM:    16       16      H       -0.0597   -1.5110    5.6105
  QMMM:    17       17      H        0.8659   -2.9180    4.9413

           --------- Calculation Completed ----------

