            --------------------------------------------------------
                             AMBER SQM VERSION 19
 
                                     By
              Ross C. Walker, Michael F. Crowley, Scott Brozell,
                         Tim Giese, Andreas W. Goetz,
                        Tai-Sung Lee and David A. Case
 
            --------------------------------------------------------
 

--------------------------------------------------------------------------------
  QM CALCULATION INFO
--------------------------------------------------------------------------------

| QMMM: Citation for AMBER QMMM Run:
| QMMM: R.C. Walker, M.F. Crowley and D.A. Case, J. COMP. CHEM. 29:1019, 2008

QMMM: SINGLET STATE CALCULATION
QMMM: RHF CALCULATION, NO. OF DOUBLY OCCUPIED LEVELS = 29

| QMMM: *** Selected Hamiltonian *** 
| QMMM: AM1         

| QMMM: *** Parameter sets in use ***
| QMMM: C : M.J.S.DEWAR et al. JACS, 107, 3902, (1985)
| QMMM: O : M.J.S.DEWAR et al. JACS, 107, 3902, (1985)
| QMMM: H : M.J.S.DEWAR et al. JACS, 107, 3902, (1985)

| QMMM: *** SCF convergence criteria ***
| QMMM: Energy change                :  0.1D-09 kcal/mol
| QMMM: Error matrix |FP-PF|         :  0.1D+00 au
| QMMM: Density matrix change        :  0.5D-06
| QMMM: Maximum number of SCF cycles :     1000

| QMMM: *** Diagonalization Routine Information ***
| QMMM: Pseudo diagonalizations are allowed.
| QMMM: Auto diagonalization routine selection is in use.
| QMMM:
| QMMM: Timing diagonalization routines:
| QMMM:                              norbs =       50
| QMMM:    diag iterations used for timing =       20
| QMMM:
| QMMM:              Internal diag routine = 0.011083 seconds
| QMMM:                 Dspev diag routine = 0.017429 seconds
| QMMM:                Dspevd diag routine = 0.010751 seconds
| QMMM:                Dspevx diag routine = 0.036100 seconds
| QMMM:                 Dsyev diag routine = 0.004372 seconds
| QMMM:                Dsyevd diag routine = 0.003822 seconds
| QMMM:                Dsyevr diag routine = 0.005220 seconds
| QMMM:
| QMMM:                Pseudo diag routine = 0.001093 seconds
| QMMM:
| QMMM: Using dsyevd routine (diag_routine=6).

  QMMM: QM Region Cartesian Coordinates (*=link atom) 
  QMMM: QM_NO.   MM_NO.  ATOM         X         Y         Z
  QMMM:     1        1      C        1.5000    0.0000    0.0000
  QMMM:     2        2      C        3.0800   -0.0740   -2.9300
  QMMM:     3        3      C        0.0000    0.0000    0.0000
  QMMM:     4        4      C        3.4590   -1.4090   -3.5020
  QMMM:     5        5      C        3.3850    1.4490   -0.0740
  QMMM:     6        6      C        3.8650    1.6530   -1.4970
  QMMM:     7        7      O        2.1850   -0.9750   -0.0080
  QMMM:     8        8      O        2.0370    0.4740   -3.1050
  QMMM:     9        9      O        1.9840    1.2370    0.0000
  QMMM:    10       10      O        4.0580    0.4280   -2.1850
  QMMM:    11       11      H       -0.3410    0.3740   -0.9590
  QMMM:    12       12      H       -0.3760    0.6590    0.7720
  QMMM:    13       13      H       -0.3610   -1.0060    0.1510
  QMMM:    14       14      H        4.4350   -1.3550   -3.9690
  QMMM:    15       15      H        3.5140   -2.1250   -2.6890
  QMMM:    16       16      H        2.7120   -1.7210   -4.2160
  QMMM:    17       17      H        3.9120    0.6310    0.3960
  QMMM:    18       18      H        3.5580    2.3610    0.4820
  QMMM:    19       19      H        3.1830    2.2860   -2.0460
  QMMM:    20       20      H        4.8440    2.1140   -1.4660

--------------------------------------------------------------------------------
  RESULTS
--------------------------------------------------------------------------------

      iter         sqm energy              rms gradient
      ----    -------------------    -----------------------
xmin    10     -185.3740 kcal/mol        0.5510 kcal/(mol*A)
xmin    20     -185.7266 kcal/mol        0.5097 kcal/(mol*A)
xmin    30     -185.7710 kcal/mol        0.1597 kcal/(mol*A)
xmin    40     -185.7838 kcal/mol        0.2296 kcal/(mol*A)
xmin    50     -185.8081 kcal/mol        0.1353 kcal/(mol*A)
xmin    60     -185.8137 kcal/mol        0.0525 kcal/(mol*A)
xmin    70     -185.8167 kcal/mol        0.0882 kcal/(mol*A)
xmin    80     -185.8212 kcal/mol        0.0324 kcal/(mol*A)
xmin    90     -185.8222 kcal/mol        0.0165 kcal/(mol*A)
xmin   100     -185.8236 kcal/mol        0.0162 kcal/(mol*A)
xmin   110     -185.8239 kcal/mol        0.0128 kcal/(mol*A)
xmin   120     -185.8243 kcal/mol        0.0082 kcal/(mol*A)
xmin   130     -185.8244 kcal/mol        0.0187 kcal/(mol*A)
xmin   140     -185.8244 kcal/mol        0.0023 kcal/(mol*A)
xmin   150     -185.8245 kcal/mol        0.0051 kcal/(mol*A)
xmin   160     -185.8245 kcal/mol        0.0044 kcal/(mol*A)
xmin   170     -185.8245 kcal/mol        0.0045 kcal/(mol*A)
xmin   180     -185.8245 kcal/mol        0.0048 kcal/(mol*A)
  ... geometry converged !
 
 Final MO eigenvalues (eV):
 -41.0871  -40.3237  -37.3428  -36.7028  -32.4539  -31.3884  -29.7495  -24.5948
 -21.8892  -21.6359  -18.6770  -18.2335  -17.7841  -17.2717  -16.7869  -16.2098
 -15.0571  -14.5510  -14.1210  -13.9387  -13.7367  -13.4495  -13.0764  -12.8221
 -12.3235  -12.2227  -11.4603  -11.3355  -11.1016    1.1088    1.2031    1.9099
   2.1598    3.5000    3.5401    3.6700    3.8349    3.9655    4.0464    4.0515
   4.0839    4.1518    4.3458    4.3600    4.4648    4.5505    5.4329    5.6413
   6.8008    6.8455

 Heat of formation   =       -185.82451723 kcal/mol  (       -8.05795574 eV)

 Total SCF energy    =     -50473.63282318 kcal/mol  (    -2188.70095933 eV)
 Electronic energy   =    -224339.55989497 kcal/mol  (    -9728.09331317 eV)
 Core-core repulsion =     173865.92707178 kcal/mol  (     7539.39235383 eV)
 
    Atomic Charges for Step       1 :
  Atom    Element       Mulliken Charge
     1      C                  0.314
     2      C                  0.314
     3      C                 -0.218
     4      C                 -0.218
     5      C                 -0.042
     6      C                 -0.042
     7      O                 -0.359
     8      O                 -0.359
     9      O                 -0.282
    10      O                 -0.282
    11      H                  0.124
    12      H                  0.113
    13      H                  0.114
    14      H                  0.113
    15      H                  0.124
    16      H                  0.114
    17      H                  0.128
    18      H                  0.108
    19      H                  0.128
    20      H                  0.108
 Total Mulliken Charge =       0.000
 
                  X        Y        Z     TOTAL  
  QM DIPOLE     0.485    0.580    0.248    0.796
 
 Final Structure

  QMMM: QM Region Cartesian Coordinates (*=link atom) 
  QMMM: QM_NO.   MM_NO.  ATOM         X         Y         Z
  QMMM:     1        1      C        1.3059    0.0584    0.1580
  QMMM:     2        2      C        3.2451   -0.1705   -3.1041
  QMMM:     3        3      C       -0.1673    0.2231    0.2953
  QMMM:     4        4      C        3.8210   -1.4075   -3.6995
  QMMM:     5        5      C        3.3789    1.2586   -0.1082
  QMMM:     6        6      C        3.6797    1.6261   -1.5575
  QMMM:     7        7      O        1.9606   -0.9834    0.0938
  QMMM:     8        8      O        2.1269    0.3175   -3.2766
  QMMM:     9        9      O        1.9656    1.2581    0.1083
  QMMM:    10       10      O        4.1236    0.4680   -2.2689
  QMMM:    11       11      H       -0.6255    0.1675   -0.7238
  QMMM:    12       12      H       -0.4162    1.2105    0.7528
  QMMM:    13       13      H       -0.5727   -0.6027    0.9284
  QMMM:    14       14      H        4.9363   -1.3595   -3.7148
  QMMM:    15       15      H        3.5022   -2.2808   -3.0770
  QMMM:    16       16      H        3.4311   -1.5321   -4.7385
  QMMM:    17       17      H        3.8356    0.2708    0.1617
  QMMM:    18       18      H        3.7537    2.0649    0.5783
  QMMM:    19       19      H        2.7872    2.0930   -2.0500
  QMMM:    20       20      H        4.5611    2.3210   -1.6026

           --------- Calculation Completed ----------

