            --------------------------------------------------------
                             AMBER SQM VERSION 19
 
                                     By
              Ross C. Walker, Michael F. Crowley, Scott Brozell,
                         Tim Giese, Andreas W. Goetz,
                        Tai-Sung Lee and David A. Case
 
            --------------------------------------------------------
 

--------------------------------------------------------------------------------
  QM CALCULATION INFO
--------------------------------------------------------------------------------

| QMMM: Citation for AMBER QMMM Run:
| QMMM: R.C. Walker, M.F. Crowley and D.A. Case, J. COMP. CHEM. 29:1019, 2008

QMMM: SINGLET STATE CALCULATION
QMMM: RHF CALCULATION, NO. OF DOUBLY OCCUPIED LEVELS = 40

| QMMM: *** Selected Hamiltonian *** 
| QMMM: AM1         

| QMMM: *** Parameter sets in use ***
| QMMM: C : M.J.S.DEWAR et al. JACS, 107, 3902, (1985)
| QMMM: O : M.J.S.DEWAR et al. JACS, 107, 3902, (1985)
| QMMM: H : M.J.S.DEWAR et al. JACS, 107, 3902, (1985)

| QMMM: *** SCF convergence criteria ***
| QMMM: Energy change                :  0.1D-09 kcal/mol
| QMMM: Error matrix |FP-PF|         :  0.1D+00 au
| QMMM: Density matrix change        :  0.5D-06
| QMMM: Maximum number of SCF cycles :     1000

| QMMM: *** Diagonalization Routine Information ***
| QMMM: Pseudo diagonalizations are allowed.
| QMMM: Auto diagonalization routine selection is in use.
| QMMM:
| QMMM: Timing diagonalization routines:
| QMMM:                              norbs =       76
| QMMM:    diag iterations used for timing =       15
| QMMM:
| QMMM:              Internal diag routine = 0.030887 seconds
| QMMM:                 Dspev diag routine = 0.036173 seconds
| QMMM:                Dspevd diag routine = 0.009846 seconds
| QMMM:                Dspevx diag routine = 0.067553 seconds
| QMMM:                 Dsyev diag routine = 0.013528 seconds
| QMMM:                Dsyevd diag routine = 0.034960 seconds
| QMMM:                Dsyevr diag routine = 0.014423 seconds
| QMMM:
| QMMM:                Pseudo diag routine = 0.005395 seconds
| QMMM:
| QMMM: Using dspevd routine (diag_routine=3).

  QMMM: QM Region Cartesian Coordinates (*=link atom) 
  QMMM: QM_NO.   MM_NO.  ATOM         X         Y         Z
  QMMM:     1        1      C       -1.4380   -3.4940   -1.9890
  QMMM:     2        2      C       -0.2940   -2.8050   -1.9010
  QMMM:     3        3      C        1.3300   -1.1850    1.8660
  QMMM:     4        4      C        0.7350   -1.7880    2.9120
  QMMM:     5        5      C        1.0880   -1.2560   -3.7880
  QMMM:     6        6      C        0.8440   -1.3390    4.3420
  QMMM:     7        7      C       -0.1070   -3.0190    2.7070
  QMMM:     8        8      C        2.3970   -0.8320   -4.3820
  QMMM:     9        9      C       -1.2400   -0.4710   -2.4130
  QMMM:    10       10      C        1.2590   -1.5830    0.4170
  QMMM:    11       11      C        0.0760   -0.9050   -0.2820
  QMMM:    12       12      C       -0.1290   -1.3050   -1.7630
  QMMM:    13       13      O        0.1880   -1.7890   -4.4230
  QMMM:    14       14      O        1.0770   -0.9510   -2.4620
  QMMM:    15       15      H       -1.4630   -4.5720   -2.0860
  QMMM:    16       16      H       -2.3900   -2.9730   -1.9620
  QMMM:    17       17      H        0.6300   -3.3810   -1.9330
  QMMM:    18       18      H        1.9540   -0.3130    2.0600
  QMMM:    19       19      H        0.0450   -0.6270    4.5750
  QMMM:    20       20      H        1.8060   -0.8420    4.5080
  QMMM:    21       21      H        0.7570   -2.1550    5.0620
  QMMM:    22       22      H        0.5130   -3.9180    2.7880
  QMMM:    23       23      H       -0.9110   -3.1030    3.4460
  QMMM:    24       24      H       -0.5680   -3.0020    1.7140
  QMMM:    25       25      H        2.3250    0.1970   -4.7440
  QMMM:    26       26      H        2.6710   -1.5080   -5.1960
  QMMM:    27       27      H        3.1750   -0.8780   -3.6150
  QMMM:    28       28      H       -1.0500    0.6000   -2.2710
  QMMM:    29       29      H       -1.3370   -0.6600   -3.4860
  QMMM:    30       30      H       -2.2080   -0.6700   -1.9390
  QMMM:    31       31      H        2.2010   -1.2800   -0.0540
  QMMM:    32       32      H        1.2070   -2.6700    0.3070
  QMMM:    33       33      H        0.1920    0.1870   -0.2220
  QMMM:    34       34      H       -0.8470   -1.1170    0.2770

--------------------------------------------------------------------------------
  RESULTS
--------------------------------------------------------------------------------

      iter         sqm energy              rms gradient
      ----    -------------------    -----------------------
xmin    10      -82.6278 kcal/mol        0.4697 kcal/(mol*A)
xmin    20      -83.1793 kcal/mol        0.7195 kcal/(mol*A)
xmin    30      -83.4169 kcal/mol        0.2671 kcal/(mol*A)
xmin    40      -83.5049 kcal/mol        0.2257 kcal/(mol*A)
xmin    50      -83.5676 kcal/mol        0.0712 kcal/(mol*A)
xmin    60      -83.6218 kcal/mol        0.1333 kcal/(mol*A)
xmin    70      -83.6670 kcal/mol        0.2378 kcal/(mol*A)
xmin    80      -83.7106 kcal/mol        0.1798 kcal/(mol*A)
xmin    90      -83.7856 kcal/mol        0.1094 kcal/(mol*A)
xmin   100      -83.8570 kcal/mol        0.1076 kcal/(mol*A)
xmin   110      -83.9127 kcal/mol        0.2234 kcal/(mol*A)
xmin   120      -83.9544 kcal/mol        0.1434 kcal/(mol*A)
xmin   130      -84.0060 kcal/mol        0.1433 kcal/(mol*A)
xmin   140      -84.0598 kcal/mol        0.0585 kcal/(mol*A)
xmin   150      -84.0903 kcal/mol        0.0681 kcal/(mol*A)
xmin   160      -84.1080 kcal/mol        0.1292 kcal/(mol*A)
xmin   170      -84.1453 kcal/mol        0.0582 kcal/(mol*A)
xmin   180      -84.1559 kcal/mol        0.0398 kcal/(mol*A)
xmin   190      -84.1674 kcal/mol        0.1340 kcal/(mol*A)
xmin   200      -84.1818 kcal/mol        0.0761 kcal/(mol*A)
xmin   210      -84.1896 kcal/mol        0.0253 kcal/(mol*A)
xmin   220      -84.1995 kcal/mol        0.0478 kcal/(mol*A)
xmin   230      -84.2032 kcal/mol        0.1068 kcal/(mol*A)
xmin   240      -84.2066 kcal/mol        0.0158 kcal/(mol*A)
xmin   250      -84.2117 kcal/mol        0.0518 kcal/(mol*A)
xmin   260      -84.2145 kcal/mol        0.0353 kcal/(mol*A)
xmin   270      -84.2161 kcal/mol        0.0074 kcal/(mol*A)
xmin   280      -84.2165 kcal/mol        0.0143 kcal/(mol*A)
xmin   290      -84.2171 kcal/mol        0.0040 kcal/(mol*A)
xmin   300      -84.2172 kcal/mol        0.0061 kcal/(mol*A)
xmin   310      -84.2172 kcal/mol        0.0013 kcal/(mol*A)
xmin   320      -84.2172 kcal/mol        0.0009 kcal/(mol*A)
xmin   330      -84.2173 kcal/mol        0.0030 kcal/(mol*A)
xmin   340      -84.2173 kcal/mol        0.0020 kcal/(mol*A)
xmin   350      -84.2173 kcal/mol        0.0015 kcal/(mol*A)
  ... geometry converged !
 
 Final MO eigenvalues (eV):
 -41.0230  -38.2654  -37.0898  -35.4085  -32.7541  -31.4229  -30.2206  -28.1767
 -27.3312  -24.4304  -22.9050  -22.2469  -19.5157  -18.8050  -17.9406  -17.1549
 -16.7547  -15.7851  -15.5313  -15.2631  -15.1216  -14.6716  -14.3450  -14.1701
 -13.8187  -13.5325  -13.2811  -13.1441  -13.0498  -12.7771  -12.6729  -12.4817
 -12.3146  -11.9758  -11.8260  -11.6495  -11.2479  -10.9528  -10.1401   -9.2385
   1.2005    1.2072    1.2666    1.9352    3.4411    3.5741    3.6588    3.8945
   3.9793    4.0327    4.0708    4.1513    4.1845    4.2367    4.3337    4.4696
   4.4738    4.5053    4.5919    4.6218    4.6741    4.7370    4.7589    4.9034
   4.9565    4.9862    5.0771    5.0897    5.1412    5.2712    5.4267    5.6404
   5.7916    5.8116    6.0584    6.9506

 Heat of formation   =        -84.21728058 kcal/mol  (       -3.65193533 eV)

 Total SCF energy    =     -56565.05370817 kcal/mol  (    -2452.84479026 eV)
 Electronic energy   =    -341104.27497542 kcal/mol  (   -14791.39130894 eV)
 Core-core repulsion =     284539.22126725 kcal/mol  (    12338.54651868 eV)
 
    Atomic Charges for Step       1 :
  Atom    Element       Mulliken Charge
     1      C                 -0.212
     2      C                 -0.168
     3      C                 -0.172
     4      C                 -0.116
     5      C                  0.308
     6      C                 -0.178
     7      C                 -0.181
     8      C                 -0.221
     9      C                 -0.237
    10      C                 -0.128
    11      C                 -0.143
    12      C                  0.127
    13      O                 -0.356
    14      O                 -0.283
    15      H                  0.117
    16      H                  0.110
    17      H                  0.138
    18      H                  0.120
    19      H                  0.080
    20      H                  0.076
    21      H                  0.081
    22      H                  0.080
    23      H                  0.077
    24      H                  0.082
    25      H                  0.115
    26      H                  0.114
    27      H                  0.112
    28      H                  0.083
    29      H                  0.111
    30      H                  0.085
    31      H                  0.100
    32      H                  0.092
    33      H                  0.093
    34      H                  0.091
 Total Mulliken Charge =       0.000
 
                  X        Y        Z     TOTAL  
  QM DIPOLE     1.087    0.437    1.306    1.755
 
 Final Structure

  QMMM: QM Region Cartesian Coordinates (*=link atom) 
  QMMM: QM_NO.   MM_NO.  ATOM         X         Y         Z
  QMMM:     1        1      C       -2.2173   -2.8002   -1.7635
  QMMM:     2        2      C       -0.9604   -2.5083   -2.0879
  QMMM:     3        3      C        0.4013   -1.1774    1.8299
  QMMM:     4        4      C        0.8621   -1.9248    2.8460
  QMMM:     5        5      C        1.4333   -1.5371   -3.5720
  QMMM:     6        6      C        0.8199   -1.4481    4.2491
  QMMM:     7        7      C        1.4375   -3.2751    2.6366
  QMMM:     8        8      C        2.9131   -1.4480   -3.7477
  QMMM:     9        9      C       -1.1063   -0.1201   -2.8010
  QMMM:    10       10      C        0.4329   -1.6152    0.4155
  QMMM:    11       11      C       -0.3412   -0.6772   -0.4856
  QMMM:    12       12      C       -0.3584   -1.1421   -1.9520
  QMMM:    13       13      O        0.6000   -1.9024   -4.4028
  QMMM:    14       14      O        1.0432   -1.1551   -2.3223
  QMMM:    15       15      H       -2.6278   -3.8113   -1.8837
  QMMM:    16       16      H       -2.9194   -2.0584   -1.3604
  QMMM:    17       17      H       -0.2804   -3.2712   -2.5025
  QMMM:    18       18      H       -0.0235   -0.1782    2.0193
  QMMM:    19       19      H        0.2460   -2.1701    4.8824
  QMMM:    20       20      H        0.3358   -0.4444    4.3308
  QMMM:    21       21      H        1.8580   -1.3736    4.6599
  QMMM:    22       22      H        2.2058   -3.2524    1.8231
  QMMM:    23       23      H        1.9188   -3.6606    3.5682
  QMMM:    24       24      H        0.6343   -3.9926    2.3309
  QMMM:    25       25      H        3.1351   -0.6908   -4.5389
  QMMM:    26       26      H        3.2982   -2.4439   -4.0764
  QMMM:    27       27      H        3.4141   -1.1485   -2.7961
  QMMM:    28       28      H       -0.5886    0.8671   -2.7524
  QMMM:    29       29      H       -1.1469   -0.4573   -3.8648
  QMMM:    30       30      H       -2.1473   -0.0076   -2.4158
  QMMM:    31       31      H        1.5005   -1.6694    0.0629
  QMMM:    32       32      H        0.0102   -2.6542    0.3264
  QMMM:    33       33      H        0.1118    0.3471   -0.4418
  QMMM:    34       34      H       -1.4064   -0.6056   -0.1435

           --------- Calculation Completed ----------

