            --------------------------------------------------------
                             AMBER SQM VERSION 19
 
                                     By
              Ross C. Walker, Michael F. Crowley, Scott Brozell,
                         Tim Giese, Andreas W. Goetz,
                        Tai-Sung Lee and David A. Case
 
            --------------------------------------------------------
 

--------------------------------------------------------------------------------
  QM CALCULATION INFO
--------------------------------------------------------------------------------

| QMMM: Citation for AMBER QMMM Run:
| QMMM: R.C. Walker, M.F. Crowley and D.A. Case, J. COMP. CHEM. 29:1019, 2008

QMMM: SINGLET STATE CALCULATION
QMMM: RHF CALCULATION, NO. OF DOUBLY OCCUPIED LEVELS = 25

| QMMM: *** Selected Hamiltonian *** 
| QMMM: AM1         

| QMMM: *** Parameter sets in use ***
| QMMM: C : M.J.S.DEWAR et al. JACS, 107, 3902, (1985)
| QMMM: N : M.J.S.DEWAR et al. JACS, 107, 3902, (1985)
| QMMM: H : M.J.S.DEWAR et al. JACS, 107, 3902, (1985)

| QMMM: *** SCF convergence criteria ***
| QMMM: Energy change                :  0.1D-09 kcal/mol
| QMMM: Error matrix |FP-PF|         :  0.1D+00 au
| QMMM: Density matrix change        :  0.5D-06
| QMMM: Maximum number of SCF cycles :     1000

| QMMM: *** Diagonalization Routine Information ***
| QMMM: Pseudo diagonalizations are allowed.
| QMMM: Auto diagonalization routine selection is in use.
| QMMM:
| QMMM: Timing diagonalization routines:
| QMMM:                              norbs =       49
| QMMM:    diag iterations used for timing =       20
| QMMM:
| QMMM:              Internal diag routine = 0.034695 seconds
| QMMM:                 Dspev diag routine = 0.015148 seconds
| QMMM:                Dspevd diag routine = 0.009491 seconds
| QMMM:                Dspevx diag routine = 0.044647 seconds
| QMMM:                 Dsyev diag routine = 0.004620 seconds
| QMMM:                Dsyevd diag routine = 0.003414 seconds
| QMMM:                Dsyevr diag routine = 0.004953 seconds
| QMMM:
| QMMM:                Pseudo diag routine = 0.001152 seconds
| QMMM:
| QMMM: Using dsyevd routine (diag_routine=6).

  QMMM: QM Region Cartesian Coordinates (*=link atom) 
  QMMM: QM_NO.   MM_NO.  ATOM         X         Y         Z
  QMMM:     1        1      C        0.6450   -0.7070    0.1070
  QMMM:     2        2      C        0.1470   -2.0970   -0.2570
  QMMM:     3        3      C       -0.2980   -2.1670   -1.7190
  QMMM:     4        4      C       -0.8290   -3.5590   -2.0700
  QMMM:     5        5      C       -1.3010   -3.6830   -3.5210
  QMMM:     6        6      C       -1.7630   -5.0940   -3.8930
  QMMM:     7        7      C       -2.2540   -5.1490   -5.3400
  QMMM:     8        8      N       -2.6810   -6.5010   -5.6790
  QMMM:     9        9      H        1.5040   -0.4240   -0.5110
  QMMM:    10       10      H       -0.1410    0.0410   -0.0340
  QMMM:    11       11      H        0.9570   -0.6790    1.1550
  QMMM:    12       12      H        0.9460   -2.8240   -0.0750
  QMMM:    13       13      H       -0.6900   -2.3620    0.4000
  QMMM:    14       14      H        0.5470   -1.9200   -2.3720
  QMMM:    15       15      H       -1.0750   -1.4140   -1.8930
  QMMM:    16       16      H       -0.0340   -4.2970   -1.9050
  QMMM:    17       17      H       -1.6500   -3.8240   -1.3920
  QMMM:    18       18      H       -2.1110   -2.9670   -3.7070
  QMMM:    19       19      H       -0.4690   -3.3950   -4.1760
  QMMM:    20       20      H       -0.9330   -5.7990   -3.7550
  QMMM:    21       21      H       -2.5720   -5.4110   -3.2250
  QMMM:    22       22      H       -3.0970   -4.4630   -5.4770
  QMMM:    23       23      H       -1.4560   -4.8380   -6.0230
  QMMM:    24       24      H       -3.2060   -6.8890   -4.8990
  QMMM:    25       25      H       -1.8600   -7.0890   -5.7960

--------------------------------------------------------------------------------
  RESULTS
--------------------------------------------------------------------------------

      iter         sqm energy              rms gradient
      ----    -------------------    -----------------------
xmin    10      -49.5092 kcal/mol        0.1200 kcal/(mol*A)
xmin    20      -49.5896 kcal/mol        0.0270 kcal/(mol*A)
xmin    30      -49.5969 kcal/mol        0.0721 kcal/(mol*A)
xmin    40      -49.5996 kcal/mol        0.0510 kcal/(mol*A)
xmin    50      -49.6003 kcal/mol        0.0076 kcal/(mol*A)
xmin    60      -49.6005 kcal/mol        0.0127 kcal/(mol*A)
xmin    70      -49.6006 kcal/mol        0.0081 kcal/(mol*A)
xmin    80      -49.6006 kcal/mol        0.0012 kcal/(mol*A)
  ... geometry converged !
 
 Final MO eigenvalues (eV):
 -37.8766  -36.2259  -33.5751  -29.8968  -25.9230  -22.8810  -21.7240  -21.4713
 -17.5227  -16.5969  -15.6588  -15.3010  -15.1516  -14.1188  -13.8868  -13.8098
 -12.9219  -12.5154  -12.2883  -11.8407  -11.6980  -11.6743  -11.3337  -11.1770
  -9.8143    3.5113    3.5813    3.7960    3.8389    4.0706    4.0935    4.1610
   4.3652    4.4129    4.4927    4.5983    4.6870    4.7181    4.7574    4.9361
   5.0029    5.0102    5.0903    5.1311    5.1842    5.2450    5.3010    6.2341
   6.2651

 Heat of formation   =        -49.60059894 kcal/mol  (       -2.15084337 eV)

 Total SCF energy    =     -30883.04179010 kcal/mol  (    -1339.18918478 eV)
 Electronic energy   =    -151986.93718158 kcal/mol  (    -6590.64815843 eV)
 Core-core repulsion =     121103.89539148 kcal/mol  (     5251.45897366 eV)
 
    Atomic Charges for Step       1 :
  Atom    Element       Mulliken Charge
     1      C                 -0.211
     2      C                 -0.159
     3      C                 -0.158
     4      C                 -0.158
     5      C                 -0.154
     6      C                 -0.201
     7      C                 -0.087
     8      N                 -0.337
     9      H                  0.072
    10      H                  0.072
    11      H                  0.072
    12      H                  0.078
    13      H                  0.078
    14      H                  0.079
    15      H                  0.079
    16      H                  0.079
    17      H                  0.079
    18      H                  0.081
    19      H                  0.081
    20      H                  0.078
    21      H                  0.078
    22      H                  0.091
    23      H                  0.091
    24      H                  0.139
    25      H                  0.139
 Total Mulliken Charge =       0.000
 
                  X        Y        Z     TOTAL  
  QM DIPOLE     0.474   -0.031    1.490    1.564
 
 Final Structure

  QMMM: QM Region Cartesian Coordinates (*=link atom) 
  QMMM: QM_NO.   MM_NO.  ATOM         X         Y         Z
  QMMM:     1        1      C        0.6155   -0.7059    0.0520
  QMMM:     2        2      C        0.1588   -2.1009   -0.2883
  QMMM:     3        3      C       -0.3253   -2.1933   -1.7199
  QMMM:     4        4      C       -0.7823   -3.5962   -2.0574
  QMMM:     5        5      C       -1.2667   -3.6865   -3.4887
  QMMM:     6        6      C       -1.7224   -5.0883   -3.8272
  QMMM:     7        7      C       -2.2089   -5.1609   -5.2758
  QMMM:     8        8      N       -2.6735   -6.4442   -5.7341
  QMMM:     9        9      H        1.4563   -0.3928   -0.6133
  QMMM:    10       10      H       -0.2201    0.0244   -0.0737
  QMMM:    11       11      H        0.9677   -0.6601    1.1107
  QMMM:    12       12      H        1.0038   -2.8227   -0.1326
  QMMM:    13       13      H       -0.6681   -2.4068    0.4060
  QMMM:    14       14      H        0.5004   -1.8887   -2.4157
  QMMM:    15       15      H       -1.1717   -1.4737   -1.8769
  QMMM:    16       16      H        0.0645   -4.3154   -1.9006
  QMMM:    17       17      H       -1.6075   -3.9007   -1.3610
  QMMM:    18       18      H       -2.1138   -2.9674   -3.6447
  QMMM:    19       19      H       -0.4413   -3.3807   -4.1847
  QMMM:    20       20      H       -0.8749   -5.8064   -3.6725
  QMMM:    21       21      H       -2.5475   -5.3933   -3.1314
  QMMM:    22       22      H       -3.0512   -4.4235   -5.4086
  QMMM:    23       23      H       -1.3676   -4.8385   -5.9533
  QMMM:    24       24      H       -3.4522   -6.7586   -5.1889
  QMMM:    25       25      H       -1.9460   -7.1298   -5.6763

           --------- Calculation Completed ----------

