            --------------------------------------------------------
                             AMBER SQM VERSION 19
 
                                     By
              Ross C. Walker, Michael F. Crowley, Scott Brozell,
                         Tim Giese, Andreas W. Goetz,
                        Tai-Sung Lee and David A. Case
 
            --------------------------------------------------------
 

--------------------------------------------------------------------------------
  QM CALCULATION INFO
--------------------------------------------------------------------------------

| QMMM: Citation for AMBER QMMM Run:
| QMMM: R.C. Walker, M.F. Crowley and D.A. Case, J. COMP. CHEM. 29:1019, 2008

QMMM: SINGLET STATE CALCULATION
QMMM: RHF CALCULATION, NO. OF DOUBLY OCCUPIED LEVELS = 21

| QMMM: *** Selected Hamiltonian *** 
| QMMM: AM1         

| QMMM: *** Parameter sets in use ***
| QMMM: C : M.J.S.DEWAR et al. JACS, 107, 3902, (1985)
| QMMM: O : M.J.S.DEWAR et al. JACS, 107, 3902, (1985)
| QMMM: H : M.J.S.DEWAR et al. JACS, 107, 3902, (1985)

| QMMM: *** SCF convergence criteria ***
| QMMM: Energy change                :  0.1D-09 kcal/mol
| QMMM: Error matrix |FP-PF|         :  0.1D+00 au
| QMMM: Density matrix change        :  0.5D-06
| QMMM: Maximum number of SCF cycles :     1000

| QMMM: *** Diagonalization Routine Information ***
| QMMM: Pseudo diagonalizations are allowed.
| QMMM: Auto diagonalization routine selection is in use.
| QMMM:
| QMMM: Timing diagonalization routines:
| QMMM:                              norbs =       40
| QMMM:    diag iterations used for timing =       20
| QMMM:
| QMMM:              Internal diag routine = 0.007343 seconds
| QMMM:                 Dspev diag routine = 0.008796 seconds
| QMMM:                Dspevd diag routine = 0.003511 seconds
| QMMM:                Dspevx diag routine = 0.020774 seconds
| QMMM:                 Dsyev diag routine = 0.005227 seconds
| QMMM:                Dsyevd diag routine = 0.003793 seconds
| QMMM:                Dsyevr diag routine = 0.004724 seconds
| QMMM:
| QMMM:                Pseudo diag routine = 0.001155 seconds
| QMMM:
| QMMM: Using dspevd routine (diag_routine=3).

  QMMM: QM Region Cartesian Coordinates (*=link atom) 
  QMMM: QM_NO.   MM_NO.  ATOM         X         Y         Z
  QMMM:     1        1      C        1.0800    2.1730   -6.8040
  QMMM:     2        2      C       -0.1640   -0.2890   -1.0440
  QMMM:     3        3      C        0.5540    1.1250   -5.8510
  QMMM:     4        4      C        0.4170    0.7620   -1.9770
  QMMM:     5        5      C        0.7710    1.4610   -4.3780
  QMMM:     6        6      C        0.1590    0.4130   -3.4430
  QMMM:     7        7      O        1.6920    3.1810   -6.4700
  QMMM:     8        8      H        0.8560    1.9850   -7.8690
  QMMM:     9        9      H        0.0290   -0.0180   -0.0010
  QMMM:    10       10      H        0.2860   -1.2690   -1.2290
  QMMM:    11       11      H       -1.2470   -0.3770   -1.1770
  QMMM:    12       12      H        1.0230    0.1690   -6.1050
  QMMM:    13       13      H       -0.5200    1.0340   -6.0500
  QMMM:    14       14      H        1.4950    0.8450   -1.7980
  QMMM:    15       15      H       -0.0280    1.7360   -1.7420
  QMMM:    16       16      H        1.8410    1.5700   -4.1670
  QMMM:    17       17      H        0.3040    2.4320   -4.1720
  QMMM:    18       18      H       -0.9210    0.3510   -3.6200
  QMMM:    19       19      H        0.5780   -0.5770   -3.6600

--------------------------------------------------------------------------------
  RESULTS
--------------------------------------------------------------------------------

      iter         sqm energy              rms gradient
      ----    -------------------    -----------------------
xmin    10      -68.3882 kcal/mol        0.0526 kcal/(mol*A)
xmin    20      -68.3914 kcal/mol        0.0379 kcal/(mol*A)
xmin    30      -68.3935 kcal/mol        0.0258 kcal/(mol*A)
xmin    40      -68.3939 kcal/mol        0.0129 kcal/(mol*A)
xmin    50      -68.3939 kcal/mol        0.0128 kcal/(mol*A)
xmin    60      -68.3940 kcal/mol        0.0042 kcal/(mol*A)
xmin    70      -68.3940 kcal/mol        0.0136 kcal/(mol*A)
xmin    80      -68.3940 kcal/mol        0.0097 kcal/(mol*A)
xmin    90      -68.3940 kcal/mol        0.0021 kcal/(mol*A)
  ... geometry converged !
 
 Final MO eigenvalues (eV):
 -39.4345  -36.8203  -33.2405  -28.7347  -24.2883  -21.7434  -21.0687  -17.0818
 -16.8431  -15.9157  -15.4811  -14.5454  -14.1085  -14.0015  -12.8044  -12.6501
 -12.2064  -11.8316  -11.7205  -11.2610  -10.5531    0.8707    3.0563    3.5722
   3.7120    3.8740    3.9217    4.1079    4.3100    4.3132    4.4854    4.5826
   4.7943    4.8080    4.9194    5.0474    5.0720    5.1543    5.2441    6.3503


 Heat of formation   =        -68.39403731 kcal/mol  (       -2.96578801 eV)

 Total SCF energy    =     -28938.64225719 kcal/mol  (    -1254.87369399 eV)
 Electronic energy   =    -120858.14403557 kcal/mol  (    -5240.80239519 eV)
 Core-core repulsion =      91919.50177837 kcal/mol  (     3985.92870120 eV)
 
    Atomic Charges for Step       1 :
  Atom    Element       Mulliken Charge
     1      C                  0.181
     2      C                 -0.211
     3      C                 -0.227
     4      C                 -0.158
     5      C                 -0.154
     6      C                 -0.157
     7      O                 -0.285
     8      H                  0.082
     9      H                  0.074
    10      H                  0.072
    11      H                  0.072
    12      H                  0.106
    13      H                  0.106
    14      H                  0.081
    15      H                  0.081
    16      H                  0.093
    17      H                  0.093
    18      H                  0.077
    19      H                  0.077
 Total Mulliken Charge =      -0.000
 
                  X        Y        Z     TOTAL  
  QM DIPOLE    -1.290   -2.191   -0.339    2.565
 
 Final Structure

  QMMM: QM Region Cartesian Coordinates (*=link atom) 
  QMMM: QM_NO.   MM_NO.  ATOM         X         Y         Z
  QMMM:     1        1      C        1.0760    2.1533   -6.7637
  QMMM:     2        2      C       -0.1576   -0.2836   -1.0796
  QMMM:     3        3      C        0.5148    1.1377   -5.8194
  QMMM:     4        4      C        0.4213    0.7624   -1.9968
  QMMM:     5        5      C        0.7599    1.4764   -4.3662
  QMMM:     6        6      C        0.1762    0.4220   -3.4516
  QMMM:     7        7      O        1.6798    3.1683   -6.4169
  QMMM:     8        8      H        0.9062    1.9239   -7.8415
  QMMM:     9        9      H        0.0341   -0.0131   -0.0133
  QMMM:    10       10      H        0.3029   -1.2815   -1.2785
  QMMM:    11       11      H       -1.2610   -0.3718   -1.2281
  QMMM:    12       12      H        0.9732    0.1416   -6.0639
  QMMM:    13       13      H       -0.5886    1.0521   -6.0127
  QMMM:    14       14      H        1.5250    0.8541   -1.8159
  QMMM:    15       15      H       -0.0345    1.7614   -1.7655
  QMMM:    16       16      H        1.8636    1.5710   -4.1874
  QMMM:    17       17      H        0.3075    2.4770   -4.1361
  QMMM:    18       18      H       -0.9270    0.3316   -3.6348
  QMMM:    19       19      H        0.6330   -0.5758   -3.6853

           --------- Calculation Completed ----------

