            --------------------------------------------------------
                             AMBER SQM VERSION 19
 
                                     By
              Ross C. Walker, Michael F. Crowley, Scott Brozell,
                         Tim Giese, Andreas W. Goetz,
                        Tai-Sung Lee and David A. Case
 
            --------------------------------------------------------
 

--------------------------------------------------------------------------------
  QM CALCULATION INFO
--------------------------------------------------------------------------------

| QMMM: Citation for AMBER QMMM Run:
| QMMM: R.C. Walker, M.F. Crowley and D.A. Case, J. COMP. CHEM. 29:1019, 2008

QMMM: SINGLET STATE CALCULATION
QMMM: RHF CALCULATION, NO. OF DOUBLY OCCUPIED LEVELS = 54

| QMMM: *** Selected Hamiltonian *** 
| QMMM: AM1         

| QMMM: *** Parameter sets in use ***
| QMMM: C : M.J.S.DEWAR et al. JACS, 107, 3902, (1985)
| QMMM: N : M.J.S.DEWAR et al. JACS, 107, 3902, (1985)
| QMMM: O : M.J.S.DEWAR et al. JACS, 107, 3902, (1985)
| QMMM: P : M.J.S.DEWAR et al. THEOCHEM, 187,1, (1989)
| QMMM: S : M.J.S.DEWAR et al. INORG. CHEM., 29, 3881, (1990)
| QMMM: H : M.J.S.DEWAR et al. JACS, 107, 3902, (1985)

| QMMM: *** SCF convergence criteria ***
| QMMM: Energy change                :  0.1D-09 kcal/mol
| QMMM: Error matrix |FP-PF|         :  0.1D+00 au
| QMMM: Density matrix change        :  0.5D-06
| QMMM: Maximum number of SCF cycles :     1000

| QMMM: *** Diagonalization Routine Information ***
| QMMM: Pseudo diagonalizations are allowed.
| QMMM: Auto diagonalization routine selection is in use.
| QMMM:
| QMMM: Timing diagonalization routines:
| QMMM:                              norbs =       97
| QMMM:    diag iterations used for timing =       15
| QMMM:
| QMMM:              Internal diag routine = 0.032062 seconds
| QMMM:                 Dspev diag routine = 0.031384 seconds
| QMMM:                Dspevd diag routine = 0.023471 seconds
| QMMM:                Dspevx diag routine = 0.080915 seconds
| QMMM:                 Dsyev diag routine = 0.023336 seconds
| QMMM:                Dsyevd diag routine = 0.022442 seconds
| QMMM:                Dsyevr diag routine = 0.020014 seconds
| QMMM:
| QMMM:                Pseudo diag routine = 0.009709 seconds
| QMMM:
| QMMM: Using dsyevr routine (diag_routine=7).

  QMMM: QM Region Cartesian Coordinates (*=link atom) 
  QMMM: QM_NO.   MM_NO.  ATOM         X         Y         Z
  QMMM:     1        1      C       -1.3330    0.3160   -5.9140
  QMMM:     2        2      C       -2.2640    0.1680   -6.9190
  QMMM:     3        3      C       -1.7530   -0.0380   -4.6550
  QMMM:     4        4      C       -3.8220   -0.6120   -5.4130
  QMMM:     5        5      C       -1.9150    0.5230   -8.3330
  QMMM:     6        6      C       -3.7950    1.9990   -0.2590
  QMMM:     7        7      C        2.3050    0.8870   -0.9920
  QMMM:     8        8      C       -5.9390   -0.2610   -4.1200
  QMMM:     9        9      C       -5.1680   -2.5910   -4.6910
  QMMM:    10       10      C       -2.9050    0.7830   -0.4160
  QMMM:    11       11      C        1.3020   -0.1320   -1.4920
  QMMM:    12       12      C       -5.2150   -1.1330   -5.1460
  QMMM:    13       13      N       -3.5090   -0.2930   -6.6840
  QMMM:    14       14      N       -2.9750   -0.5010   -4.3760
  QMMM:    15       15      O       -0.8560    0.1030   -3.6310
  QMMM:    16       16      O       -2.4180    0.7510   -1.7450
  QMMM:    17       17      O       -0.0020    0.3940   -1.3100
  QMMM:    18       18      P       -1.2380   -0.2970   -2.1130
  QMMM:    19       19      S       -1.5120   -2.1750   -1.6850
  QMMM:    20       20      H       -0.3350    0.6880   -6.0980
  QMMM:    21       21      H       -1.0750   -0.0860   -8.6800
  QMMM:    22       22      H       -2.7640    0.3440   -9.0010
  QMMM:    23       23      H       -1.6450    1.5810   -8.4010
  QMMM:    24       24      H       -3.2360    2.9160   -0.4720
  QMMM:    25       25      H       -4.6280    1.9610   -0.9680
  QMMM:    26       26      H       -4.1970    2.0590    0.7560
  QMMM:    27       27      H        2.2060    1.8270   -1.5440
  QMMM:    28       28      H        2.1290    1.1170    0.0640
  QMMM:    29       29      H        3.3280    0.5160   -1.1070
  QMMM:    30       30      H       -5.4410   -0.2820   -3.1440
  QMMM:    31       31      H       -6.9690   -0.6060   -3.9780
  QMMM:    32       32      H       -5.9770    0.7830   -4.4520
  QMMM:    33       33      H       -4.6350   -2.7030   -3.7410
  QMMM:    34       34      H       -4.6590   -3.2170   -5.4330
  QMMM:    35       35      H       -6.1810   -2.9870   -4.5560
  QMMM:    36       36      H       -3.4820   -0.1250   -0.2190
  QMMM:    37       37      H       -2.0700    0.8360    0.2900
  QMMM:    38       38      H        1.3990   -1.0600   -0.9200
  QMMM:    39       39      H        1.4820   -0.3460   -2.5500
  QMMM:    40       40      H       -5.7840   -1.0900   -6.0840

--------------------------------------------------------------------------------
  RESULTS
--------------------------------------------------------------------------------

      iter         sqm energy              rms gradient
      ----    -------------------    -----------------------
xmin    10     -142.2658 kcal/mol        0.1752 kcal/(mol*A)
xmin    20     -142.6337 kcal/mol        0.8022 kcal/(mol*A)
xmin    30     -143.1103 kcal/mol        0.1565 kcal/(mol*A)
xmin    40     -143.1953 kcal/mol        0.1276 kcal/(mol*A)
xmin    50     -143.2142 kcal/mol        0.0899 kcal/(mol*A)
xmin    60     -143.2277 kcal/mol        0.1339 kcal/(mol*A)
xmin    70     -143.2699 kcal/mol        0.1561 kcal/(mol*A)
xmin    80     -143.4172 kcal/mol        0.2008 kcal/(mol*A)
xmin    90     -143.4719 kcal/mol        0.3184 kcal/(mol*A)
xmin   100     -143.5073 kcal/mol        0.1502 kcal/(mol*A)
xmin   110     -143.5157 kcal/mol        0.0301 kcal/(mol*A)
xmin   120     -143.5286 kcal/mol        0.0700 kcal/(mol*A)
xmin   130     -143.5373 kcal/mol        0.0474 kcal/(mol*A)
xmin   140     -143.5493 kcal/mol        0.0295 kcal/(mol*A)
xmin   150     -143.5528 kcal/mol        0.0150 kcal/(mol*A)
xmin   160     -143.5578 kcal/mol        0.3058 kcal/(mol*A)
xmin   170     -143.7324 kcal/mol        0.4854 kcal/(mol*A)
xmin   180     -143.8235 kcal/mol        0.1795 kcal/(mol*A)
xmin   190     -143.9060 kcal/mol        0.0859 kcal/(mol*A)
xmin   200     -143.9198 kcal/mol        0.0505 kcal/(mol*A)
xmin   210     -143.9232 kcal/mol        0.0186 kcal/(mol*A)
xmin   220     -143.9241 kcal/mol        0.0203 kcal/(mol*A)
xmin   230     -143.9244 kcal/mol        0.0056 kcal/(mol*A)
xmin   240     -143.9245 kcal/mol        0.0026 kcal/(mol*A)
xmin   250     -143.9245 kcal/mol        0.0072 kcal/(mol*A)
xmin   260     -143.9245 kcal/mol        0.0008 kcal/(mol*A)
xmin   270     -143.9245 kcal/mol        0.0020 kcal/(mol*A)
xmin   280     -143.9245 kcal/mol        0.0011 kcal/(mol*A)
  ... geometry converged !
 
 Final MO eigenvalues (eV):
 -41.6327  -39.5943  -39.0845  -38.9302  -36.5601  -34.3959  -32.5860  -32.1445
 -32.0265  -29.6183  -27.8415  -25.5272  -24.8824  -24.1470  -24.0228  -22.2007
 -21.2184  -20.1661  -19.3738  -19.2369  -18.1388  -17.3707  -17.0680  -16.9984
 -16.7807  -16.5351  -16.0139  -15.7157  -15.5964  -15.3431  -15.1923  -14.5574
 -14.4249  -14.2777  -14.1012  -13.6461  -13.4632  -13.4121  -13.2736  -13.0765
 -12.8535  -12.8099  -12.5111  -12.2070  -12.0858  -12.0117  -11.9034  -11.7181
 -11.6711  -11.3500  -11.1224  -10.3874   -9.9096   -9.7136   -1.3992   -0.5800
  -0.3961    0.9853    1.6495    2.0768    2.1895    2.4116    2.6270    3.1376
   3.3645    3.4450    3.4495    3.5852    3.6221    3.7495    3.7820    3.8407
   3.8741    3.9471    4.0004    4.0156    4.1056    4.1357    4.2695    4.2987
   4.3817    4.4466    4.5258    4.5458    4.5912    4.6322    4.7481    4.7948
   4.8215    4.8637    4.9016    4.9814    5.1089    5.2333    5.4775    5.5390
   6.4488

 Heat of formation   =       -143.92449264 kcal/mol  (       -6.24103433 eV)

 Total SCF energy    =     -81283.39984288 kcal/mol  (    -3524.71271163 eV)
 Electronic energy   =    -565690.14368128 kcal/mol  (   -24530.16537363 eV)
 Core-core repulsion =     484406.74383840 kcal/mol  (    21005.45266200 eV)
 
    Atomic Charges for Step       1 :
  Atom    Element       Mulliken Charge
     1      C                 -0.230
     2      C                  0.060
     3      C                  0.177
     4      C                  0.105
     5      C                 -0.183
     6      C                 -0.224
     7      C                 -0.230
     8      C                 -0.210
     9      C                 -0.224
    10      C                  0.004
    11      C                 -0.001
    12      C                 -0.044
    13      N                 -0.192
    14      N                 -0.303
    15      O                 -0.588
    16      O                 -0.687
    17      O                 -0.691
    18      P                  2.516
    19      S                 -1.165
    20      H                  0.175
    21      H                  0.111
    22      H                  0.109
    23      H                  0.091
    24      H                  0.094
    25      H                  0.092
    26      H                  0.090
    27      H                  0.094
    28      H                  0.088
    29      H                  0.091
    30      H                  0.086
    31      H                  0.083
    32      H                  0.076
    33      H                  0.126
    34      H                  0.082
    35      H                  0.078
    36      H                  0.118
    37      H                  0.093
    38      H                  0.119
    39      H                  0.099
    40      H                  0.115
 Total Mulliken Charge =       0.000
 
                  X        Y        Z     TOTAL  
  QM DIPOLE    -0.096    3.610   -1.654    3.972
 
 Final Structure

  QMMM: QM Region Cartesian Coordinates (*=link atom) 
  QMMM: QM_NO.   MM_NO.  ATOM         X         Y         Z
  QMMM:     1        1      C       -1.5094    0.6931   -6.2163
  QMMM:     2        2      C       -2.6195    0.3452   -7.0229
  QMMM:     3        3      C       -1.6542    0.4090   -4.8481
  QMMM:     4        4      C       -3.7616   -0.4789   -5.1610
  QMMM:     5        5      C       -2.5569    0.6247   -8.4891
  QMMM:     6        6      C       -4.0961    1.8756   -1.3188
  QMMM:     7        7      C        1.9822    0.0242   -0.1711
  QMMM:     8        8      C       -5.6867   -0.3555   -3.5688
  QMMM:     9        9      C       -4.5560   -2.5400   -4.0211
  QMMM:    10       10      C       -2.9514    0.9324   -1.0344
  QMMM:    11       11      C        1.5443   -0.1681   -1.6050
  QMMM:    12       12      C       -4.9827   -1.2066   -4.6024
  QMMM:    13       13      N       -3.7289   -0.2445   -6.5090
  QMMM:    14       14      N       -2.7641   -0.1374   -4.2882
  QMMM:    15       15      O       -0.6434    0.6485   -3.9627
  QMMM:    16       16      O       -1.8609    1.2948   -1.8725
  QMMM:    17       17      O        0.4780    0.7258   -1.8916
  QMMM:    18       18      P       -0.9094    0.1512   -2.4291
  QMMM:    19       19      S       -1.2453   -1.6559   -2.0228
  QMMM:    20       20      H       -0.5972    1.1458   -6.6171
  QMMM:    21       21      H       -2.6166   -0.3320   -9.0665
  QMMM:    22       22      H       -3.4133    1.2745   -8.7989
  QMMM:    23       23      H       -1.6003    1.1415   -8.7443
  QMMM:    24       24      H       -3.7977    2.9269   -1.0910
  QMMM:    25       25      H       -4.3950    1.8215   -2.3935
  QMMM:    26       26      H       -4.9674    1.5925   -0.6811
  QMMM:    27       27      H        2.1854    1.1031    0.0311
  QMMM:    28       28      H        1.1948   -0.3270    0.5375
  QMMM:    29       29      H        2.9142   -0.5644    0.0056
  QMMM:    30       30      H       -5.0730   -0.2674   -2.6388
  QMMM:    31       31      H       -6.6625   -0.8295   -3.3008
  QMMM:    32       32      H       -5.8852    0.6685   -3.9666
  QMMM:    33       33      H       -3.8167   -2.4082   -3.1901
  QMMM:    34       34      H       -4.0884   -3.1760   -4.8104
  QMMM:    35       35      H       -5.4529   -3.0714   -3.6201
  QMMM:    36       36      H       -3.2277   -0.1422   -1.2388
  QMMM:    37       37      H       -2.6136    1.0472    0.0341
  QMMM:    38       38      H        1.2043   -1.2285   -1.7879
  QMMM:    39       39      H        2.3846    0.1010   -2.3057
  QMMM:    40       40      H       -5.6994   -1.3965   -5.4535

           --------- Calculation Completed ----------

