            --------------------------------------------------------
                             AMBER SQM VERSION 19
 
                                     By
              Ross C. Walker, Michael F. Crowley, Scott Brozell,
                         Tim Giese, Andreas W. Goetz,
                        Tai-Sung Lee and David A. Case
 
            --------------------------------------------------------
 

--------------------------------------------------------------------------------
  QM CALCULATION INFO
--------------------------------------------------------------------------------

| QMMM: Citation for AMBER QMMM Run:
| QMMM: R.C. Walker, M.F. Crowley and D.A. Case, J. COMP. CHEM. 29:1019, 2008

QMMM: SINGLET STATE CALCULATION
QMMM: RHF CALCULATION, NO. OF DOUBLY OCCUPIED LEVELS =  7

| QMMM: *** Selected Hamiltonian *** 
| QMMM: AM1         

| QMMM: *** Parameter sets in use ***
| QMMM: C : M.J.S.DEWAR et al. JACS, 107, 3902, (1985)
| QMMM: O : M.J.S.DEWAR et al. JACS, 107, 3902, (1985)
| QMMM: H : M.J.S.DEWAR et al. JACS, 107, 3902, (1985)

| QMMM: *** SCF convergence criteria ***
| QMMM: Energy change                :  0.1D-09 kcal/mol
| QMMM: Error matrix |FP-PF|         :  0.1D+00 au
| QMMM: Density matrix change        :  0.5D-06
| QMMM: Maximum number of SCF cycles :     1000

| QMMM: *** Diagonalization Routine Information ***
| QMMM: Pseudo diagonalizations are allowed.
| QMMM: Auto diagonalization routine selection is in use.
| QMMM:
| QMMM: Timing diagonalization routines:
| QMMM:                              norbs =       12
| QMMM:    diag iterations used for timing =       20
| QMMM:
| QMMM:              Internal diag routine = 0.000322 seconds
| QMMM:                 Dspev diag routine = 0.000513 seconds
| QMMM:                Dspevd diag routine = 0.000483 seconds
| QMMM:                Dspevx diag routine = 0.001256 seconds
| QMMM:                 Dsyev diag routine = 0.000461 seconds
| QMMM:                Dsyevd diag routine = 0.000423 seconds
| QMMM:                Dsyevr diag routine = 0.006103 seconds
| QMMM:
| QMMM:                Pseudo diag routine = 0.000045 seconds
| QMMM:
| QMMM: Using internal diagonalization routine (diag_routine=1).

  QMMM: QM Region Cartesian Coordinates (*=link atom) 
  QMMM: QM_NO.   MM_NO.  ATOM         X         Y         Z
  QMMM:     1        1      C        0.2830    0.7680    0.7240
  QMMM:     2        2      O       -0.3110    2.0010    0.3620
  QMMM:     3        3      H        1.3700    0.8800    0.7460
  QMMM:     4        4      H       -0.0000   -0.0000    0.0000
  QMMM:     5        5      H       -0.0720    0.4800    1.7160
  QMMM:     6        6      H        0.0220    2.2310   -0.5220

--------------------------------------------------------------------------------
  RESULTS
--------------------------------------------------------------------------------

      iter         sqm energy              rms gradient
      ----    -------------------    -----------------------
xmin    10      -57.0667 kcal/mol        0.0097 kcal/(mol*A)
  ... geometry converged !
 
 Final MO eigenvalues (eV):
 -37.8408  -26.9821  -18.2797  -15.4479  -15.2888  -12.4947  -11.1351    3.7779
   4.0893    4.2299    4.5222    6.2444

 Heat of formation   =        -57.06667745 kcal/mol  (       -2.47459683 eV)

 Total SCF energy    =     -11622.87974579 kcal/mol  (     -504.00588638 eV)
 Electronic energy   =     -24674.97147186 kcal/mol  (    -1069.98705485 eV)
 Core-core repulsion =      13052.09172607 kcal/mol  (      565.98116847 eV)
 
    Atomic Charges for Step       1 :
  Atom    Element       Mulliken Charge
     1      C                 -0.073
     2      O                 -0.326
     3      H                  0.053
     4      H                  0.053
     5      H                  0.098
     6      H                  0.195
 Total Mulliken Charge =      -0.000
 
                  X        Y        Z     TOTAL  
  QM DIPOLE     1.042   -0.934   -0.820    1.621
 
 Final Structure

  QMMM: QM Region Cartesian Coordinates (*=link atom) 
  QMMM: QM_NO.   MM_NO.  ATOM         X         Y         Z
  QMMM:     1        1      C        0.2909    0.7682    0.7089
  QMMM:     2        2      O       -0.3124    1.9977    0.3722
  QMMM:     3        3      H        1.4049    0.8650    0.7416
  QMMM:     4        4      H        0.0033   -0.0311   -0.0191
  QMMM:     5        5      H       -0.1022    0.5191    1.7266
  QMMM:     6        6      H        0.0075    2.2411   -0.5042

           --------- Calculation Completed ----------

