            --------------------------------------------------------
                             AMBER SQM VERSION 19
 
                                     By
              Ross C. Walker, Michael F. Crowley, Scott Brozell,
                         Tim Giese, Andreas W. Goetz,
                        Tai-Sung Lee and David A. Case
 
            --------------------------------------------------------
 

--------------------------------------------------------------------------------
  QM CALCULATION INFO
--------------------------------------------------------------------------------

| QMMM: Citation for AMBER QMMM Run:
| QMMM: R.C. Walker, M.F. Crowley and D.A. Case, J. COMP. CHEM. 29:1019, 2008

QMMM: SINGLET STATE CALCULATION
QMMM: RHF CALCULATION, NO. OF DOUBLY OCCUPIED LEVELS = 18

| QMMM: *** Selected Hamiltonian *** 
| QMMM: AM1         

| QMMM: *** Parameter sets in use ***
| QMMM: C : M.J.S.DEWAR et al. JACS, 107, 3902, (1985)
| QMMM: O : M.J.S.DEWAR et al. JACS, 107, 3902, (1985)
| QMMM: H : M.J.S.DEWAR et al. JACS, 107, 3902, (1985)

| QMMM: *** SCF convergence criteria ***
| QMMM: Energy change                :  0.1D-09 kcal/mol
| QMMM: Error matrix |FP-PF|         :  0.1D+00 au
| QMMM: Density matrix change        :  0.5D-06
| QMMM: Maximum number of SCF cycles :     1000

| QMMM: *** Diagonalization Routine Information ***
| QMMM: Pseudo diagonalizations are allowed.
| QMMM: Auto diagonalization routine selection is in use.
| QMMM:
| QMMM: Timing diagonalization routines:
| QMMM:                              norbs =       34
| QMMM:    diag iterations used for timing =       20
| QMMM:
| QMMM:              Internal diag routine = 0.006371 seconds
| QMMM:                 Dspev diag routine = 0.014943 seconds
| QMMM:                Dspevd diag routine = 0.012810 seconds
| QMMM:                Dspevx diag routine = 0.021982 seconds
| QMMM:                 Dsyev diag routine = 0.016566 seconds
| QMMM:                Dsyevd diag routine = 0.003075 seconds
| QMMM:                Dsyevr diag routine = 0.015240 seconds
| QMMM:
| QMMM:                Pseudo diag routine = 0.000637 seconds
| QMMM:
| QMMM: Using dsyevd routine (diag_routine=6).

  QMMM: QM Region Cartesian Coordinates (*=link atom) 
  QMMM: QM_NO.   MM_NO.  ATOM         X         Y         Z
  QMMM:     1        1      C        3.9380   -4.1330    1.7330
  QMMM:     2        2      C        1.0280   -0.2940    0.2370
  QMMM:     3        3      C        2.5430   -3.6680    1.3870
  QMMM:     4        4      C        1.0770   -1.7590    0.6390
  QMMM:     5        5      C        2.4920   -2.1880    1.0220
  QMMM:     6        6      O        4.9390   -3.4260    1.6980
  QMMM:     7        7      H        4.0120   -5.1920    2.0360
  QMMM:     8        8      H        0.0060   -0.0090   -0.0340
  QMMM:     9        9      H        1.6740   -0.1020   -0.6250
  QMMM:    10       10      H        1.3530    0.3500    1.0610
  QMMM:    11       11      H        2.1910   -4.2810    0.5500
  QMMM:    12       12      H        1.9040   -3.8720    2.2520
  QMMM:    13       13      H        0.7140   -2.3730   -0.1940
  QMMM:    14       14      H        0.3960   -1.9240    1.4830
  QMMM:    15       15      H        2.8440   -1.5870    1.8690
  QMMM:    16       16      H        3.1770   -1.9890    0.1890

--------------------------------------------------------------------------------
  RESULTS
--------------------------------------------------------------------------------

      iter         sqm energy              rms gradient
      ----    -------------------    -----------------------
xmin    10      -61.5201 kcal/mol        0.0402 kcal/(mol*A)
xmin    20      -61.5223 kcal/mol        0.0380 kcal/(mol*A)
xmin    30      -61.5229 kcal/mol        0.0231 kcal/(mol*A)
xmin    40      -61.5231 kcal/mol        0.0175 kcal/(mol*A)
xmin    50      -61.5233 kcal/mol        0.0064 kcal/(mol*A)
xmin    60      -61.5234 kcal/mol        0.0055 kcal/(mol*A)
xmin    70      -61.5235 kcal/mol        0.0039 kcal/(mol*A)
xmin    80      -61.5235 kcal/mol        0.0059 kcal/(mol*A)
xmin    90      -61.5236 kcal/mol        0.0065 kcal/(mol*A)
xmin   100      -61.5236 kcal/mol        0.0275 kcal/(mol*A)
xmin   110      -61.5236 kcal/mol        0.0032 kcal/(mol*A)
xmin   120      -61.5236 kcal/mol        0.0038 kcal/(mol*A)
xmin   130      -61.5237 kcal/mol        0.0007 kcal/(mol*A)
xmin   140      -61.5237 kcal/mol        0.0019 kcal/(mol*A)
xmin   150      -61.5237 kcal/mol        0.0011 kcal/(mol*A)
  ... geometry converged !
 
 Final MO eigenvalues (eV):
 -39.4201  -36.2470  -31.7185  -26.4115  -22.3052  -21.1166  -17.0522  -16.6956
 -15.9153  -15.0350  -14.5961  -13.4870  -13.3842  -12.4066  -12.1594  -11.9797
 -11.3546  -10.5616    0.8719    3.0653    3.5903    3.7730    3.9109    3.9812
   4.2137    4.3447    4.5687    4.6078    4.8481    4.8947    5.0067    5.0718
   5.1923    6.3516

 Heat of formation   =        -61.52366721 kcal/mol  (       -2.66786641 eV)

 Total SCF energy    =     -25344.91885557 kcal/mol  (    -1099.03815340 eV)
 Electronic energy   =     -96973.51825980 kcal/mol  (    -4205.08730150 eV)
 Core-core repulsion =      71628.59940423 kcal/mol  (     3106.04914810 eV)
 
    Atomic Charges for Step       1 :
  Atom    Element       Mulliken Charge
     1      C                  0.181
     2      C                 -0.210
     3      C                 -0.227
     4      C                 -0.158
     5      C                 -0.154
     6      O                 -0.285
     7      H                  0.082
     8      H                  0.073
     9      H                  0.075
    10      H                  0.075
    11      H                  0.105
    12      H                  0.105
    13      H                  0.076
    14      H                  0.076
    15      H                  0.094
    16      H                  0.094
 Total Mulliken Charge =       0.000
 
                  X        Y        Z     TOTAL  
  QM DIPOLE    -2.275   -1.178   -0.090    2.563
 
 Final Structure

  QMMM: QM Region Cartesian Coordinates (*=link atom) 
  QMMM: QM_NO.   MM_NO.  ATOM         X         Y         Z
  QMMM:     1        1      C        3.9252   -4.1120    1.7461
  QMMM:     2        2      C        1.0320   -0.3110    0.2500
  QMMM:     3        3      C        2.5495   -3.6485    1.3845
  QMMM:     4        4      C        1.0876   -1.7661    0.6375
  QMMM:     5        5      C        2.4961   -2.1884    0.9954
  QMMM:     6        6      O        4.9270   -3.3969    1.7340
  QMMM:     7        7      H        3.9877   -5.1862    2.0380
  QMMM:     8        8      H       -0.0139   -0.0187   -0.0104
  QMMM:     9        9      H        1.6847   -0.1135   -0.6345
  QMMM:    10       10      H        1.3800    0.3348    1.0922
  QMMM:    11       11      H        2.1773   -4.2854    0.5371
  QMMM:    12       12      H        1.8747   -3.8367    2.2628
  QMMM:    13       13      H        0.7113   -2.3966   -0.2112
  QMMM:    14       14      H        0.4077   -1.9495    1.5114
  QMMM:    15       15      H        2.8793   -1.5627    1.8443
  QMMM:    16       16      H        3.1820   -2.0095    0.1257

           --------- Calculation Completed ----------

