            --------------------------------------------------------
                             AMBER SQM VERSION 19
 
                                     By
              Ross C. Walker, Michael F. Crowley, Scott Brozell,
                         Tim Giese, Andreas W. Goetz,
                        Tai-Sung Lee and David A. Case
 
            --------------------------------------------------------
 

--------------------------------------------------------------------------------
  QM CALCULATION INFO
--------------------------------------------------------------------------------

| QMMM: Citation for AMBER QMMM Run:
| QMMM: R.C. Walker, M.F. Crowley and D.A. Case, J. COMP. CHEM. 29:1019, 2008

QMMM: SINGLET STATE CALCULATION
QMMM: RHF CALCULATION, NO. OF DOUBLY OCCUPIED LEVELS = 21

| QMMM: *** Selected Hamiltonian *** 
| QMMM: AM1         

| QMMM: *** Parameter sets in use ***
| QMMM: C : M.J.S.DEWAR et al. JACS, 107, 3902, (1985)
| QMMM: O : M.J.S.DEWAR et al. JACS, 107, 3902, (1985)
| QMMM: Cl: M.J.S.DEWAR et al. THEOCHEM, 180, 1, (1988)
| QMMM: H : M.J.S.DEWAR et al. JACS, 107, 3902, (1985)

| QMMM: *** SCF convergence criteria ***
| QMMM: Energy change                :  0.1D-09 kcal/mol
| QMMM: Error matrix |FP-PF|         :  0.1D+00 au
| QMMM: Density matrix change        :  0.5D-06
| QMMM: Maximum number of SCF cycles :     1000

| QMMM: *** Diagonalization Routine Information ***
| QMMM: Pseudo diagonalizations are allowed.
| QMMM: Auto diagonalization routine selection is in use.
| QMMM:
| QMMM: Timing diagonalization routines:
| QMMM:                              norbs =       37
| QMMM:    diag iterations used for timing =       20
| QMMM:
| QMMM:              Internal diag routine = 0.019112 seconds
| QMMM:                 Dspev diag routine = 0.004839 seconds
| QMMM:                Dspevd diag routine = 0.008527 seconds
| QMMM:                Dspevx diag routine = 0.021886 seconds
| QMMM:                 Dsyev diag routine = 0.005062 seconds
| QMMM:                Dsyevd diag routine = 0.005536 seconds
| QMMM:                Dsyevr diag routine = 0.006467 seconds
| QMMM:
| QMMM:                Pseudo diag routine = 0.001149 seconds
| QMMM:
| QMMM: Using dspev routine (diag_routine=2).

  QMMM: QM Region Cartesian Coordinates (*=link atom) 
  QMMM: QM_NO.   MM_NO.  ATOM         X         Y         Z
  QMMM:     1        1      C        0.8180   -0.4390    0.5640
  QMMM:     2        2      C        2.9370   -1.5970    0.6200
  QMMM:     3        3      C        0.7990   -0.4060    1.9590
  QMMM:     4        4      C        2.9180   -1.5650    2.0140
  QMMM:     5        5      C        1.8870   -1.0340   -0.1050
  QMMM:     6        6      C        1.8500   -0.9690    2.6840
  QMMM:     7        7      O        1.9060   -1.0640   -1.4660
  QMMM:     8        8      Cl       1.8270   -0.9290    4.4040
  QMMM:     9        9      H       -0.0030    0.0030    0.0050
  QMMM:    10       10      H        3.7730   -2.0620    0.1040
  QMMM:    11       11      H       -0.0400    0.0620    2.4670
  QMMM:    12       12      H        3.7440   -2.0070    2.5660
  QMMM:    13       13      H        2.6780   -1.5830   -1.7580

--------------------------------------------------------------------------------
  RESULTS
--------------------------------------------------------------------------------

      iter         sqm energy              rms gradient
      ----    -------------------    -----------------------
xmin    10      -29.4153 kcal/mol        0.0792 kcal/(mol*A)
xmin    20      -29.4198 kcal/mol        0.0287 kcal/(mol*A)
xmin    30      -29.4199 kcal/mol        0.0039 kcal/(mol*A)
xmin    40      -29.4199 kcal/mol        0.0014 kcal/(mol*A)
xmin    40      -29.4199 kcal/mol        0.0004 kcal/(mol*A)
  ... geometry converged !
 
 Final MO eigenvalues (eV):
 -40.4464  -38.2328  -36.8996  -31.9913  -30.2395  -24.1039  -23.3335  -19.2864
 -18.0162  -17.0668  -15.4634  -15.3673  -14.8853  -14.6261  -13.9295  -13.2724
 -12.5031  -11.9159  -11.7335  -10.1528   -9.1243    0.0949    0.1435    1.4004
   2.4884    2.7989    3.5298    3.5571    3.9139    4.1136    4.3815    4.7082
   4.8658    4.9936    5.1335    5.4665    6.0599

 Heat of formation   =        -29.41987412 kcal/mol  (       -1.27574147 eV)

 Total SCF energy    =     -35307.52108997 kcal/mol  (    -1531.04900438 eV)
 Electronic energy   =    -130074.73801332 kcal/mol  (    -5640.46390067 eV)
 Core-core repulsion =      94767.21692335 kcal/mol  (     4109.41489629 eV)
 
    Atomic Charges for Step       1 :
  Atom    Element       Mulliken Charge
     1      C                 -0.149
     2      C                 -0.207
     3      C                 -0.090
     4      C                 -0.085
     5      C                  0.081
     6      C                 -0.098
     7      O                 -0.248
     8      Cl                -0.017
     9      H                  0.156
    10      H                  0.139
    11      H                  0.150
    12      H                  0.148
    13      H                  0.220
 Total Mulliken Charge =      -0.000
 
                  X        Y        Z     TOTAL  
  QM DIPOLE     1.029   -0.586   -0.883    1.477
 
 Final Structure

  QMMM: QM Region Cartesian Coordinates (*=link atom) 
  QMMM: QM_NO.   MM_NO.  ATOM         X         Y         Z
  QMMM:     1        1      C        0.8165   -0.4431    0.5626
  QMMM:     2        2      C        2.9556   -1.6199    0.6359
  QMMM:     3        3      C        0.7991   -0.4032    1.9518
  QMMM:     4        4      C        2.9283   -1.5745    2.0275
  QMMM:     5        5      C        1.8997   -1.0541   -0.0925
  QMMM:     6        6      C        1.8526   -0.9677    2.6814
  QMMM:     7        7      O        1.8578   -1.0610   -1.4672
  QMMM:     8        8      Cl       1.8220   -0.9137    4.3809
  QMMM:     9        9      H        0.0000   -0.0062   -0.0294
  QMMM:    10       10      H        3.7983   -2.0955    0.1150
  QMMM:    11       11      H       -0.0446    0.0730    2.4748
  QMMM:    12       12      H        3.7539   -2.0167    2.6060
  QMMM:    13       13      H        2.6548   -1.5073   -1.7888

           --------- Calculation Completed ----------

