            --------------------------------------------------------
                             AMBER SQM VERSION 19
 
                                     By
              Ross C. Walker, Michael F. Crowley, Scott Brozell,
                         Tim Giese, Andreas W. Goetz,
                        Tai-Sung Lee and David A. Case
 
            --------------------------------------------------------
 

--------------------------------------------------------------------------------
  QM CALCULATION INFO
--------------------------------------------------------------------------------

| QMMM: Citation for AMBER QMMM Run:
| QMMM: R.C. Walker, M.F. Crowley and D.A. Case, J. COMP. CHEM. 29:1019, 2008

QMMM: SINGLET STATE CALCULATION
QMMM: RHF CALCULATION, NO. OF DOUBLY OCCUPIED LEVELS = 13

| QMMM: *** Selected Hamiltonian *** 
| QMMM: AM1         

| QMMM: *** Parameter sets in use ***
| QMMM: C : M.J.S.DEWAR et al. JACS, 107, 3902, (1985)
| QMMM: S : M.J.S.DEWAR et al. INORG. CHEM., 29, 3881, (1990)
| QMMM: H : M.J.S.DEWAR et al. JACS, 107, 3902, (1985)

| QMMM: *** SCF convergence criteria ***
| QMMM: Energy change                :  0.1D-09 kcal/mol
| QMMM: Error matrix |FP-PF|         :  0.1D+00 au
| QMMM: Density matrix change        :  0.5D-06
| QMMM: Maximum number of SCF cycles :     1000

| QMMM: *** Diagonalization Routine Information ***
| QMMM: Pseudo diagonalizations are allowed.
| QMMM: Auto diagonalization routine selection is in use.
| QMMM:
| QMMM: Timing diagonalization routines:
| QMMM:                              norbs =       24
| QMMM:    diag iterations used for timing =       20
| QMMM:
| QMMM:              Internal diag routine = 0.001474 seconds
| QMMM:                 Dspev diag routine = 0.005892 seconds
| QMMM:                Dspevd diag routine = 0.001799 seconds
| QMMM:                Dspevx diag routine = 0.009158 seconds
| QMMM:                 Dsyev diag routine = 0.001830 seconds
| QMMM:                Dsyevd diag routine = 0.002248 seconds
| QMMM:                Dsyevr diag routine = 0.002499 seconds
| QMMM:
| QMMM:                Pseudo diag routine = 0.000322 seconds
| QMMM:
| QMMM: Using internal diagonalization routine (diag_routine=1).

  QMMM: QM Region Cartesian Coordinates (*=link atom) 
  QMMM: QM_NO.   MM_NO.  ATOM         X         Y         Z
  QMMM:     1        1      C       -5.3600   -6.2800   -1.6460
  QMMM:     2        2      C       -4.4750   -5.6360   -2.5590
  QMMM:     3        3      C       -3.2660   -5.3250   -1.9760
  QMMM:     4        4      S       -3.2020   -5.8080   -0.3350
  QMMM:     5        5      C       -4.7930   -6.4360   -0.4000
  QMMM:     6        6      H       -6.3600   -6.6120   -1.8910
  QMMM:     7        7      H       -4.7130   -5.4130   -3.5910
  QMMM:     8        8      H       -2.4180   -4.8370   -2.4350
  QMMM:     9        9      H       -5.2370   -6.8880    0.4750

--------------------------------------------------------------------------------
  RESULTS
--------------------------------------------------------------------------------

  ... geometry converged !
 
 Final MO eigenvalues (eV):
 -37.7044  -29.8519  -25.0290  -20.5626  -18.3965  -16.3827  -13.8277  -13.8262
 -13.3320  -13.1561  -11.6697   -9.5541   -9.2178    0.2384    0.9253    1.3607
   1.7592    4.1167    4.3374    4.5953    4.7098    5.0584    5.4016    5.6176


 Heat of formation   =         27.36348957 kcal/mol  (        1.18656995 eV)

 Total SCF energy    =     -17548.32472713 kcal/mol  (     -760.95246204 eV)
 Electronic energy   =     -58764.13994049 kcal/mol  (    -2548.20432507 eV)
 Core-core repulsion =      41215.81521336 kcal/mol  (     1787.25186303 eV)
 
    Atomic Charges for Step       1 :
  Atom    Element       Mulliken Charge
     1      C                 -0.157
     2      C                 -0.157
     3      C                 -0.439
     4      S                  0.548
     5      C                 -0.439
     6      H                  0.152
     7      H                  0.152
     8      H                  0.169
     9      H                  0.169
 Total Mulliken Charge =      -0.000
 
                  X        Y        Z     TOTAL  
  QM DIPOLE     0.239    0.021    0.246    0.344
 
 Final Structure

  QMMM: QM Region Cartesian Coordinates (*=link atom) 
  QMMM: QM_NO.   MM_NO.  ATOM         X         Y         Z
  QMMM:     1        1      C       -5.3524   -6.2805   -1.6339
  QMMM:     2        2      C       -4.4631   -5.6343   -2.5519
  QMMM:     3        3      C       -3.2589   -5.3281   -1.9581
  QMMM:     4        4      S       -3.2233   -5.8094   -0.3570
  QMMM:     5        5      C       -4.7756   -6.4303   -0.3923
  QMMM:     6        6      H       -6.3581   -6.6055   -1.9065
  QMMM:     7        7      H       -4.7283   -5.4211   -3.5890
  QMMM:     8        8      H       -2.4187   -4.8357   -2.4438
  QMMM:     9        9      H       -5.2457   -6.8901    0.4747

           --------- Calculation Completed ----------

