            --------------------------------------------------------
                             AMBER SQM VERSION 19
 
                                     By
              Ross C. Walker, Michael F. Crowley, Scott Brozell,
                         Tim Giese, Andreas W. Goetz,
                        Tai-Sung Lee and David A. Case
 
            --------------------------------------------------------
 

--------------------------------------------------------------------------------
  QM CALCULATION INFO
--------------------------------------------------------------------------------

| QMMM: Citation for AMBER QMMM Run:
| QMMM: R.C. Walker, M.F. Crowley and D.A. Case, J. COMP. CHEM. 29:1019, 2008

QMMM: SINGLET STATE CALCULATION
QMMM: RHF CALCULATION, NO. OF DOUBLY OCCUPIED LEVELS = 26

| QMMM: *** Selected Hamiltonian *** 
| QMMM: AM1         

| QMMM: *** Parameter sets in use ***
| QMMM: C : M.J.S.DEWAR et al. JACS, 107, 3902, (1985)
| QMMM: O : M.J.S.DEWAR et al. JACS, 107, 3902, (1985)
| QMMM: H : M.J.S.DEWAR et al. JACS, 107, 3902, (1985)

| QMMM: *** SCF convergence criteria ***
| QMMM: Energy change                :  0.1D-09 kcal/mol
| QMMM: Error matrix |FP-PF|         :  0.1D+00 au
| QMMM: Density matrix change        :  0.5D-06
| QMMM: Maximum number of SCF cycles :     1000

| QMMM: *** Diagonalization Routine Information ***
| QMMM: Pseudo diagonalizations are allowed.
| QMMM: Auto diagonalization routine selection is in use.
| QMMM:
| QMMM: Timing diagonalization routines:
| QMMM:                              norbs =       50
| QMMM:    diag iterations used for timing =       20
| QMMM:
| QMMM:              Internal diag routine = 0.018660 seconds
| QMMM:                 Dspev diag routine = 0.011476 seconds
| QMMM:                Dspevd diag routine = 0.007100 seconds
| QMMM:                Dspevx diag routine = 0.045286 seconds
| QMMM:                 Dsyev diag routine = 0.009348 seconds
| QMMM:                Dsyevd diag routine = 0.008316 seconds
| QMMM:                Dsyevr diag routine = 0.007321 seconds
| QMMM:
| QMMM:                Pseudo diag routine = 0.001164 seconds
| QMMM:
| QMMM: Using dspevd routine (diag_routine=3).

  QMMM: QM Region Cartesian Coordinates (*=link atom) 
  QMMM: QM_NO.   MM_NO.  ATOM         X         Y         Z
  QMMM:     1        1      C       -0.9220    0.2620   -0.5380
  QMMM:     2        2      C       -3.6080   -2.8790   -1.7940
  QMMM:     3        3      C       -2.1230   -3.2080   -1.6770
  QMMM:     4        4      C       -3.8300   -1.4770   -2.3550
  QMMM:     5        5      C       -1.3750   -2.1560   -0.8630
  QMMM:     6        6      C       -3.0860   -0.4210   -1.5420
  QMMM:     7        7      C       -1.5960   -0.7480   -1.4190
  QMMM:     8        8      C        0.5160    0.5780   -0.8480
  QMMM:     9        9      O       -1.5150    0.8020    0.3940
  QMMM:    10       10      H       -4.1010   -3.6160   -2.4380
  QMMM:    11       11      H       -4.0770   -2.9540   -0.8050
  QMMM:    12       12      H       -1.9990   -4.1920   -1.2120
  QMMM:    13       13      H       -1.6840   -3.2710   -2.6810
  QMMM:    14       14      H       -3.4870   -1.4430   -3.3960
  QMMM:    15       15      H       -4.9020   -1.2480   -2.3630
  QMMM:    16       16      H       -1.7070   -2.2020    0.1830
  QMMM:    17       17      H       -0.3040   -2.3920   -0.8560
  QMMM:    18       18      H       -3.2170    0.5620   -2.0100
  QMMM:    19       19      H       -3.5360   -0.3480   -0.5430
  QMMM:    20       20      H       -1.1250   -0.6700   -2.4070
  QMMM:    21       21      H        1.1180   -0.3290   -0.7590
  QMMM:    22       22      H        0.5920    0.9830   -1.8610
  QMMM:    23       23      H        0.8910    1.3230   -0.1410

--------------------------------------------------------------------------------
  RESULTS
--------------------------------------------------------------------------------

      iter         sqm energy              rms gradient
      ----    -------------------    -----------------------
xmin    10      -73.8818 kcal/mol        0.3852 kcal/(mol*A)
xmin    20      -73.9020 kcal/mol        0.0908 kcal/(mol*A)
xmin    30      -73.9127 kcal/mol        0.0727 kcal/(mol*A)
xmin    40      -73.9168 kcal/mol        0.0652 kcal/(mol*A)
xmin    50      -73.9200 kcal/mol        0.0442 kcal/(mol*A)
xmin    60      -73.9215 kcal/mol        0.0285 kcal/(mol*A)
xmin    70      -73.9222 kcal/mol        0.0180 kcal/(mol*A)
xmin    80      -73.9225 kcal/mol        0.0241 kcal/(mol*A)
xmin    90      -73.9227 kcal/mol        0.0247 kcal/(mol*A)
xmin   100      -73.9229 kcal/mol        0.0197 kcal/(mol*A)
xmin   110      -73.9230 kcal/mol        0.0031 kcal/(mol*A)
xmin   120      -73.9231 kcal/mol        0.0184 kcal/(mol*A)
xmin   130      -73.9232 kcal/mol        0.0065 kcal/(mol*A)
xmin   140      -73.9232 kcal/mol        0.0052 kcal/(mol*A)
xmin   150      -73.9232 kcal/mol        0.0030 kcal/(mol*A)
xmin   160      -73.9232 kcal/mol        0.0022 kcal/(mol*A)
xmin   170      -73.9232 kcal/mol        0.0007 kcal/(mol*A)
xmin   180      -73.9232 kcal/mol        0.0012 kcal/(mol*A)
xmin   190      -73.9232 kcal/mol        0.0008 kcal/(mol*A)
  ... geometry converged !
 
 Final MO eigenvalues (eV):
 -40.3600  -38.0409  -32.7677  -31.7126  -30.1951  -24.3226  -23.4992  -20.6896
 -20.0357  -17.0442  -16.2630  -15.6874  -15.5602  -14.9550  -14.7209  -14.1490
 -13.6247  -13.2446  -13.0748  -12.8022  -12.1714  -11.9607  -11.6652  -11.2054
 -11.1394  -10.3248    0.9111    3.0392    3.4612    3.6070    3.7695    3.9535
   3.9815    4.0433    4.1422    4.2566    4.3340    4.3587    4.3992    4.5536
   4.6111    4.7181    4.7950    4.8687    4.9650    5.0850    5.1709    5.1724
   5.2654    6.5506

 Heat of formation   =        -73.92322098 kcal/mol  (       -3.20555141 eV)

 Total SCF energy    =     -35488.04749783 kcal/mol  (    -1538.87721685 eV)
 Electronic energy   =    -179771.87145699 kcal/mol  (    -7795.49332019 eV)
 Core-core repulsion =     144283.82395916 kcal/mol  (     6256.61610334 eV)
 
    Atomic Charges for Step       1 :
  Atom    Element       Mulliken Charge
     1      C                  0.228
     2      C                 -0.157
     3      C                 -0.154
     4      C                 -0.155
     5      C                 -0.146
     6      C                 -0.149
     7      C                 -0.153
     8      C                 -0.271
     9      O                 -0.291
    10      H                  0.080
    11      H                  0.083
    12      H                  0.082
    13      H                  0.078
    14      H                  0.077
    15      H                  0.083
    16      H                  0.095
    17      H                  0.078
    18      H                  0.083
    19      H                  0.102
    20      H                  0.099
    21      H                  0.099
    22      H                  0.103
    23      H                  0.106
 Total Mulliken Charge =       0.000
 
                  X        Y        Z     TOTAL  
  QM DIPOLE     1.066   -1.285   -2.103    2.685
 
 Final Structure

  QMMM: QM Region Cartesian Coordinates (*=link atom) 
  QMMM: QM_NO.   MM_NO.  ATOM         X         Y         Z
  QMMM:     1        1      C       -0.9169    0.2596   -0.5112
  QMMM:     2        2      C       -3.5909   -2.8736   -1.8004
  QMMM:     3        3      C       -2.1184   -3.1941   -1.6458
  QMMM:     4        4      C       -3.7924   -1.4856   -2.3727
  QMMM:     5        5      C       -1.4125   -2.1495   -0.8069
  QMMM:     6        6      C       -3.0860   -0.4361   -1.5410
  QMMM:     7        7      C       -1.6055   -0.7562   -1.3944
  QMMM:     8        8      C        0.4879    0.5942   -0.9001
  QMMM:     9        9      O       -1.4680    0.7749    0.4662
  QMMM:    10       10      H       -4.0714   -3.6311   -2.4725
  QMMM:    11       11      H       -4.0945   -2.9416   -0.8003
  QMMM:    12       12      H       -2.0006   -4.1990   -1.1627
  QMMM:    13       13      H       -1.6390   -3.2484   -2.6586
  QMMM:    14       14      H       -3.4031   -1.4554   -3.4245
  QMMM:    15       15      H       -4.8881   -1.2513   -2.4125
  QMMM:    16       16      H       -1.8179   -2.1670    0.2390
  QMMM:    17       17      H       -0.3175   -2.3843   -0.7541
  QMMM:    18       18      H       -3.2028    0.5695   -2.0221
  QMMM:    19       19      H       -3.5498   -0.3767   -0.5208
  QMMM:    20       20      H       -1.1274   -0.7273   -2.4139
  QMMM:    21       21      H        1.0790   -0.3451   -1.0288
  QMMM:    22       22      H        0.4831    1.1492   -1.8701
  QMMM:    23       23      H        0.9757    1.2309   -0.1229

           --------- Calculation Completed ----------

