            --------------------------------------------------------
                             AMBER SQM VERSION 19
 
                                     By
              Ross C. Walker, Michael F. Crowley, Scott Brozell,
                         Tim Giese, Andreas W. Goetz,
                        Tai-Sung Lee and David A. Case
 
            --------------------------------------------------------
 

--------------------------------------------------------------------------------
  QM CALCULATION INFO
--------------------------------------------------------------------------------

| QMMM: Citation for AMBER QMMM Run:
| QMMM: R.C. Walker, M.F. Crowley and D.A. Case, J. COMP. CHEM. 29:1019, 2008

QMMM: SINGLET STATE CALCULATION
QMMM: RHF CALCULATION, NO. OF DOUBLY OCCUPIED LEVELS = 13

| QMMM: *** Selected Hamiltonian *** 
| QMMM: AM1         

| QMMM: *** Parameter sets in use ***
| QMMM: C : M.J.S.DEWAR et al. JACS, 107, 3902, (1985)
| QMMM: Cl: M.J.S.DEWAR et al. THEOCHEM, 180, 1, (1988)
| QMMM: H : M.J.S.DEWAR et al. JACS, 107, 3902, (1985)

| QMMM: *** SCF convergence criteria ***
| QMMM: Energy change                :  0.1D-09 kcal/mol
| QMMM: Error matrix |FP-PF|         :  0.1D+00 au
| QMMM: Density matrix change        :  0.5D-06
| QMMM: Maximum number of SCF cycles :     1000

| QMMM: *** Diagonalization Routine Information ***
| QMMM: Pseudo diagonalizations are allowed.
| QMMM: Auto diagonalization routine selection is in use.
| QMMM:
| QMMM: Timing diagonalization routines:
| QMMM:                              norbs =       23
| QMMM:    diag iterations used for timing =       20
| QMMM:
| QMMM:              Internal diag routine = 0.000866 seconds
| QMMM:                 Dspev diag routine = 0.001301 seconds
| QMMM:                Dspevd diag routine = 0.001258 seconds
| QMMM:                Dspevx diag routine = 0.016145 seconds
| QMMM:                 Dsyev diag routine = 0.001238 seconds
| QMMM:                Dsyevd diag routine = 0.001266 seconds
| QMMM:                Dsyevr diag routine = 0.001647 seconds
| QMMM:
| QMMM:                Pseudo diag routine = 0.000165 seconds
| QMMM:
| QMMM: Using internal diagonalization routine (diag_routine=1).

  QMMM: QM Region Cartesian Coordinates (*=link atom) 
  QMMM: QM_NO.   MM_NO.  ATOM         X         Y         Z
  QMMM:     1        1      C        0.8650   -0.5430    0.3970
  QMMM:     2        2      C        1.1980    1.1740    2.2080
  QMMM:     3        3      C        1.0060   -0.3020    1.8930
  QMMM:     4        4      Cl       2.3970   -1.2330    2.5190
  QMMM:     5        5      H        0.7150   -1.6070    0.1820
  QMMM:     6        6      H        0.0000    0.0000    0.0000
  QMMM:     7        7      H        1.7520   -0.2070   -0.1510
  QMMM:     8        8      H        1.2870    1.3370    3.2880
  QMMM:     9        9      H        0.3410    1.7570    1.8550
  QMMM:    10       10      H        2.0970    1.5750    1.7290
  QMMM:    11       11      H        0.1160   -0.6750    2.4100

--------------------------------------------------------------------------------
  RESULTS
--------------------------------------------------------------------------------

      iter         sqm energy              rms gradient
      ----    -------------------    -----------------------
xmin    10      -31.3898 kcal/mol        0.0102 kcal/(mol*A)
xmin    20      -31.3899 kcal/mol        0.0126 kcal/(mol*A)
  ... geometry converged !
 
 Final MO eigenvalues (eV):
 -37.4735  -34.5264  -28.2072  -22.3532  -16.5904  -15.7845  -14.8085  -13.3506
 -12.9120  -12.5613  -12.2958  -11.3399  -11.1557    1.4075    3.4895    3.7653
   3.8516    4.2128    4.4603    4.4657    4.5417    4.8059    4.8203

 Heat of formation   =        -31.38994035 kcal/mol  (       -1.36116996 eV)

 Total SCF energy    =     -19719.12205528 kcal/mol  (     -855.08529792 eV)
 Electronic energy   =     -59325.11070098 kcal/mol  (    -2572.52984263 eV)
 Core-core repulsion =      39605.98864570 kcal/mol  (     1717.44454472 eV)
 
    Atomic Charges for Step       1 :
  Atom    Element       Mulliken Charge
     1      C                 -0.222
     2      C                 -0.222
     3      C                 -0.052
     4      Cl                -0.138
     5      H                  0.090
     6      H                  0.082
     7      H                  0.090
     8      H                  0.090
     9      H                  0.082
    10      H                  0.090
    11      H                  0.108
 Total Mulliken Charge =      -0.000
 
                  X        Y        Z     TOTAL  
  QM DIPOLE    -1.300    1.034   -0.737    1.818
 
 Final Structure

  QMMM: QM Region Cartesian Coordinates (*=link atom) 
  QMMM: QM_NO.   MM_NO.  ATOM         X         Y         Z
  QMMM:     1        1      C        0.8690   -0.5334    0.4009
  QMMM:     2        2      C        1.2020    1.1684    2.1999
  QMMM:     3        3      C        1.0062   -0.2944    1.8847
  QMMM:     4        4      Cl       2.3638   -1.2407    2.5285
  QMMM:     5        5      H        0.7272   -1.6199    0.1853
  QMMM:     6        6      H       -0.0187    0.0255    0.0149
  QMMM:     7        7      H        1.7762   -0.1788   -0.1456
  QMMM:     8        8      H        1.3038    1.3270    3.3006
  QMMM:     9        9      H        0.3185    1.7485    1.8362
  QMMM:    10       10      H        2.1176    1.5652    1.6982
  QMMM:    11       11      H        0.1084   -0.6914    2.4264

           --------- Calculation Completed ----------

