            --------------------------------------------------------
                             AMBER SQM VERSION 19
 
                                     By
              Ross C. Walker, Michael F. Crowley, Scott Brozell,
                         Tim Giese, Andreas W. Goetz,
                        Tai-Sung Lee and David A. Case
 
            --------------------------------------------------------
 

--------------------------------------------------------------------------------
  QM CALCULATION INFO
--------------------------------------------------------------------------------

| QMMM: Citation for AMBER QMMM Run:
| QMMM: R.C. Walker, M.F. Crowley and D.A. Case, J. COMP. CHEM. 29:1019, 2008

QMMM: SINGLET STATE CALCULATION
QMMM: RHF CALCULATION, NO. OF DOUBLY OCCUPIED LEVELS = 19

| QMMM: *** Selected Hamiltonian *** 
| QMMM: AM1         

| QMMM: *** Parameter sets in use ***
| QMMM: C : M.J.S.DEWAR et al. JACS, 107, 3902, (1985)
| QMMM: H : M.J.S.DEWAR et al. JACS, 107, 3902, (1985)

| QMMM: *** SCF convergence criteria ***
| QMMM: Energy change                :  0.1D-09 kcal/mol
| QMMM: Error matrix |FP-PF|         :  0.1D+00 au
| QMMM: Density matrix change        :  0.5D-06
| QMMM: Maximum number of SCF cycles :     1000

| QMMM: *** Diagonalization Routine Information ***
| QMMM: Pseudo diagonalizations are allowed.
| QMMM: Auto diagonalization routine selection is in use.
| QMMM:
| QMMM: Timing diagonalization routines:
| QMMM:                              norbs =       38
| QMMM:    diag iterations used for timing =       20
| QMMM:
| QMMM:              Internal diag routine = 0.002807 seconds
| QMMM:                 Dspev diag routine = 0.009197 seconds
| QMMM:                Dspevd diag routine = 0.006977 seconds
| QMMM:                Dspevx diag routine = 0.028862 seconds
| QMMM:                 Dsyev diag routine = 0.005308 seconds
| QMMM:                Dsyevd diag routine = 0.009566 seconds
| QMMM:                Dsyevr diag routine = 0.010093 seconds
| QMMM:
| QMMM:                Pseudo diag routine = 0.001238 seconds
| QMMM:
| QMMM: Using internal diagonalization routine (diag_routine=1).

  QMMM: QM Region Cartesian Coordinates (*=link atom) 
  QMMM: QM_NO.   MM_NO.  ATOM         X         Y         Z
  QMMM:     1        1      C       -0.7260   -0.7470   -0.3390
  QMMM:     2        2      C       -3.1250   -2.6790   -5.9030
  QMMM:     3        3      C       -0.8330   -0.7250   -1.8560
  QMMM:     4        4      C       -3.0190   -2.7000   -4.3860
  QMMM:     5        5      C       -1.8740   -1.7250   -2.3580
  QMMM:     6        6      C       -1.9540   -1.7250   -3.8850
  QMMM:     7        7      H       -1.6820   -0.4860    0.1250
  QMMM:     8        8      H        0.0240   -0.0240   -0.0020
  QMMM:     9        9      H       -0.4280   -1.7370    0.0190
  QMMM:    10       10      H       -3.3970   -1.6810   -6.2630
  QMMM:    11       11      H       -2.1760   -2.9650   -6.3670
  QMMM:    12       12      H       -3.8930   -3.3820   -6.2390
  QMMM:    13       13      H        0.1470   -0.9590   -2.2880
  QMMM:    14       14      H       -1.0990    0.2860   -2.1830
  QMMM:    15       15      H       -2.7760   -3.7180   -4.0580
  QMMM:    16       16      H       -3.9930   -2.4430   -3.9540
  QMMM:    17       17      H       -2.8560   -1.4750   -1.9380
  QMMM:    18       18      H       -1.6180   -2.7310   -2.0040
  QMMM:    19       19      H       -0.9780   -1.9990   -4.3050
  QMMM:    20       20      H       -2.1860   -0.7140   -4.2410

--------------------------------------------------------------------------------
  RESULTS
--------------------------------------------------------------------------------

      iter         sqm energy              rms gradient
      ----    -------------------    -----------------------
xmin    10      -44.9311 kcal/mol        0.1050 kcal/(mol*A)
xmin    20      -44.9328 kcal/mol        0.0045 kcal/(mol*A)
xmin    30      -44.9328 kcal/mol        0.0010 kcal/(mol*A)
  ... geometry converged !
 
 Final MO eigenvalues (eV):
 -37.2410  -34.1015  -29.5975  -24.8568  -21.6727  -21.5205  -16.6400  -15.1980
 -15.1453  -14.6251  -13.4856  -13.3905  -13.1535  -12.1060  -12.0444  -11.7526
 -11.3759  -11.3389  -11.0846    3.7353    3.7406    4.0085    4.2638    4.2649
   4.3829    4.5691    4.6650    4.7365    4.7725    4.9401    4.9690    5.0800
   5.1033    5.1882    5.2161    5.2954    5.3375    5.3893

 Heat of formation   =        -44.93281794 kcal/mol  (       -1.94843320 eV)

 Total SCF energy    =     -22195.88101320 kcal/mol  (     -962.48562565 eV)
 Electronic energy   =    -100383.46368317 kcal/mol  (    -4352.95363094 eV)
 Core-core repulsion =      78187.58266996 kcal/mol  (     3390.46800529 eV)
 
    Atomic Charges for Step       1 :
  Atom    Element       Mulliken Charge
     1      C                 -0.210
     2      C                 -0.210
     3      C                 -0.159
     4      C                 -0.159
     5      C                 -0.158
     6      C                 -0.158
     7      H                  0.072
     8      H                  0.072
     9      H                  0.072
    10      H                  0.072
    11      H                  0.072
    12      H                  0.072
    13      H                  0.078
    14      H                  0.078
    15      H                  0.078
    16      H                  0.078
    17      H                  0.078
    18      H                  0.078
    19      H                  0.078
    20      H                  0.078
 Total Mulliken Charge =      -0.000
 
                  X        Y        Z     TOTAL  
  QM DIPOLE     0.000   -0.000   -0.000    0.000
 
 Final Structure

  QMMM: QM Region Cartesian Coordinates (*=link atom) 
  QMMM: QM_NO.   MM_NO.  ATOM         X         Y         Z
  QMMM:     1        1      C       -0.7359   -0.7573   -0.3647
  QMMM:     2        2      C       -3.1076   -2.6762   -5.8778
  QMMM:     3        3      C       -0.8338   -0.7444   -1.8683
  QMMM:     4        4      C       -3.0112   -2.6877   -4.3742
  QMMM:     5        5      C       -1.8751   -1.7242   -2.3660
  QMMM:     6        6      C       -1.9692   -1.7087   -3.8764
  QMMM:     7        7      H       -1.7144   -0.4795    0.0966
  QMMM:     8        8      H        0.0363   -0.0283   -0.0194
  QMMM:     9        9      H       -0.4520   -1.7728    0.0034
  QMMM:    10       10      H       -3.3893   -1.6605   -6.2473
  QMMM:    11       11      H       -2.1292   -2.9565   -6.3380
  QMMM:    12       12      H       -3.8810   -3.4040   -6.2231
  QMMM:    13       13      H        0.1638   -1.0017   -2.3131
  QMMM:    14       14      H       -1.0948    0.2887   -2.2202
  QMMM:    15       15      H       -2.7518   -3.7208   -4.0210
  QMMM:    16       16      H       -4.0089   -2.4288   -3.9305
  QMMM:    17       17      H       -2.8737   -1.4671   -1.9240
  QMMM:    18       18      H       -1.6154   -2.7579   -2.0157
  QMMM:    19       19      H       -0.9707   -1.9665   -4.3184
  QMMM:    20       20      H       -2.2281   -0.6748   -4.2268

           --------- Calculation Completed ----------

