            --------------------------------------------------------
                             AMBER SQM VERSION 19
 
                                     By
              Ross C. Walker, Michael F. Crowley, Scott Brozell,
                         Tim Giese, Andreas W. Goetz,
                        Tai-Sung Lee and David A. Case
 
            --------------------------------------------------------
 

--------------------------------------------------------------------------------
  QM CALCULATION INFO
--------------------------------------------------------------------------------

| QMMM: Citation for AMBER QMMM Run:
| QMMM: R.C. Walker, M.F. Crowley and D.A. Case, J. COMP. CHEM. 29:1019, 2008

QMMM: SINGLET STATE CALCULATION
QMMM: RHF CALCULATION, NO. OF DOUBLY OCCUPIED LEVELS = 27

| QMMM: *** Selected Hamiltonian *** 
| QMMM: AM1         

| QMMM: *** Parameter sets in use ***
| QMMM: C : M.J.S.DEWAR et al. JACS, 107, 3902, (1985)
| QMMM: O : M.J.S.DEWAR et al. JACS, 107, 3902, (1985)
| QMMM: H : M.J.S.DEWAR et al. JACS, 107, 3902, (1985)

| QMMM: *** SCF convergence criteria ***
| QMMM: Energy change                :  0.1D-09 kcal/mol
| QMMM: Error matrix |FP-PF|         :  0.1D+00 au
| QMMM: Density matrix change        :  0.5D-06
| QMMM: Maximum number of SCF cycles :     1000

| QMMM: *** Diagonalization Routine Information ***
| QMMM: Pseudo diagonalizations are allowed.
| QMMM: Auto diagonalization routine selection is in use.
| QMMM:
| QMMM: Timing diagonalization routines:
| QMMM:                              norbs =       52
| QMMM:    diag iterations used for timing =       15
| QMMM:
| QMMM:              Internal diag routine = 0.014327 seconds
| QMMM:                 Dspev diag routine = 0.014657 seconds
| QMMM:                Dspevd diag routine = 0.008336 seconds
| QMMM:                Dspevx diag routine = 0.027550 seconds
| QMMM:                 Dsyev diag routine = 0.005586 seconds
| QMMM:                Dsyevd diag routine = 0.005487 seconds
| QMMM:                Dsyevr diag routine = 0.005503 seconds
| QMMM:
| QMMM:                Pseudo diag routine = 0.001687 seconds
| QMMM:
| QMMM: Using dsyevd routine (diag_routine=6).

  QMMM: QM Region Cartesian Coordinates (*=link atom) 
  QMMM: QM_NO.   MM_NO.  ATOM         X         Y         Z
  QMMM:     1        1      C       -0.5710   -2.0560    0.2750
  QMMM:     2        2      C        0.3370   -1.0320    0.0230
  QMMM:     3        3      C       -0.1390   -3.3820    0.3040
  QMMM:     4        4      C        1.6820   -1.3310   -0.2010
  QMMM:     5        5      C        1.6630   -5.0300    0.1060
  QMMM:     6        6      C        3.0080   -5.3280   -0.1180
  QMMM:     7        7      C        3.4840   -2.9790   -0.3990
  QMMM:     8        8      C        1.2100   -3.7010    0.0800
  QMMM:     9        9      C        2.1350   -2.6600   -0.1750
  QMMM:    10       10      C        3.9170   -4.3050   -0.3700
  QMMM:    11       11      O        5.2280   -4.5970   -0.5870
  QMMM:    12       12      H       -1.6170   -1.8220    0.4490
  QMMM:    13       13      H        0.0000    0.0000    0.0010
  QMMM:    14       14      H       -0.8670   -4.1670    0.5010
  QMMM:    15       15      H        2.3740   -0.5140   -0.3960
  QMMM:    16       16      H        0.9710   -5.8460    0.2990
  QMMM:    17       17      H        3.3390   -6.3630   -0.0940
  QMMM:    18       18      H        4.2070   -2.1900   -0.5980
  QMMM:    19       19      H        5.6980   -4.5900    0.2670

--------------------------------------------------------------------------------
  RESULTS
--------------------------------------------------------------------------------

      iter         sqm energy              rms gradient
      ----    -------------------    -----------------------
xmin    10       -1.3258 kcal/mol        0.1063 kcal/(mol*A)
xmin    20       -1.3414 kcal/mol        0.1613 kcal/(mol*A)
xmin    30       -2.2808 kcal/mol        1.8621 kcal/(mol*A)
xmin    40       -3.3071 kcal/mol        0.8171 kcal/(mol*A)
xmin    50       -3.4688 kcal/mol        0.7146 kcal/(mol*A)
xmin    60       -3.4987 kcal/mol        0.0553 kcal/(mol*A)
xmin    70       -3.5028 kcal/mol        0.0121 kcal/(mol*A)
xmin    80       -3.5030 kcal/mol        0.0152 kcal/(mol*A)
xmin    90       -3.5031 kcal/mol        0.0027 kcal/(mol*A)
xmin   100       -3.5031 kcal/mol        0.0012 kcal/(mol*A)
  ... geometry converged !
 
 Final MO eigenvalues (eV):
 -40.7785  -38.8338  -35.7999  -33.1103  -30.5022  -29.4256  -24.2412  -23.6105
 -22.6750  -19.6003  -18.0632  -17.3395  -16.5949  -15.6031  -15.1575  -14.9553
 -14.5498  -14.0743  -13.9758  -13.7447  -12.7352  -12.1671  -11.6792  -11.6319
 -10.6261   -9.2565   -8.5694   -0.3442    0.1147    1.1420    2.0165    2.9790
   3.1952    3.5369    3.7025    3.8792    3.9313    4.1499    4.2152    4.3134
   4.3672    4.7674    4.8279    4.9865    5.1896    5.2343    5.2600    5.5836
   5.6177    5.8197    6.0226    6.2747

 Heat of formation   =         -3.50307000 kcal/mol  (       -0.15190451 eV)

 Total SCF energy    =     -39442.18337943 kcal/mol  (    -1710.34141535 eV)
 Electronic energy   =    -190294.15681341 kcal/mol  (    -8251.77385254 eV)
 Core-core repulsion =     150851.97343398 kcal/mol  (     6541.43243719 eV)
 
    Atomic Charges for Step       1 :
  Atom    Element       Mulliken Charge
     1      C                 -0.137
     2      C                 -0.118
     3      C                 -0.107
     4      C                 -0.126
     5      C                 -0.080
     6      C                 -0.194
     7      C                 -0.159
     8      C                 -0.067
     9      C                 -0.003
    10      C                  0.075
    11      O                 -0.252
    12      H                  0.132
    13      H                  0.132
    14      H                  0.131
    15      H                  0.135
    16      H                  0.135
    17      H                  0.134
    18      H                  0.151
    19      H                  0.217
 Total Mulliken Charge =      -0.000
 
                  X        Y        Z     TOTAL  
  QM DIPOLE    -0.779   -1.200    0.290    1.460
 
 Final Structure

  QMMM: QM Region Cartesian Coordinates (*=link atom) 
  QMMM: QM_NO.   MM_NO.  ATOM         X         Y         Z
  QMMM:     1        1      C       -0.5990   -2.0842    0.2305
  QMMM:     2        2      C        0.2986   -1.0278   -0.0604
  QMMM:     3        3      C       -0.1415   -3.3750    0.3248
  QMMM:     4        4      C        1.6337   -1.2824   -0.2508
  QMMM:     5        5      C        1.7333   -4.9975    0.2250
  QMMM:     6        6      C        3.0654   -5.2649    0.0367
  QMMM:     7        7      C        3.5125   -2.8927   -0.3529
  QMMM:     8        8      C        1.2362   -3.6690    0.1324
  QMMM:     9        9      C        2.1364   -2.6110   -0.1591
  QMMM:    10       10      C        3.9600   -4.1976   -0.2550
  QMMM:    11       11      O        5.3057   -4.4179   -0.4519
  QMMM:    12       12      H       -1.6641   -1.8538    0.3788
  QMMM:    13       13      H       -0.0915   -0.0015   -0.1309
  QMMM:    14       14      H       -0.8304   -4.2029    0.5503
  QMMM:    15       15      H        2.3386   -0.4684   -0.4772
  QMMM:    16       16      H        1.0268   -5.8108    0.4515
  QMMM:    17       17      H        3.4546   -6.2906    0.1074
  QMMM:    18       18      H        4.2147   -2.0781   -0.5789
  QMMM:    19       19      H        5.4690   -5.3668   -0.3533

           --------- Calculation Completed ----------

