            --------------------------------------------------------
                             AMBER SQM VERSION 19
 
                                     By
              Ross C. Walker, Michael F. Crowley, Scott Brozell,
                         Tim Giese, Andreas W. Goetz,
                        Tai-Sung Lee and David A. Case
 
            --------------------------------------------------------
 

--------------------------------------------------------------------------------
  QM CALCULATION INFO
--------------------------------------------------------------------------------

| QMMM: Citation for AMBER QMMM Run:
| QMMM: R.C. Walker, M.F. Crowley and D.A. Case, J. COMP. CHEM. 29:1019, 2008

QMMM: SINGLET STATE CALCULATION
QMMM: RHF CALCULATION, NO. OF DOUBLY OCCUPIED LEVELS = 13

| QMMM: *** Selected Hamiltonian *** 
| QMMM: AM1         

| QMMM: *** Parameter sets in use ***
| QMMM: C : M.J.S.DEWAR et al. JACS, 107, 3902, (1985)
| QMMM: Br: M.J.S.DEWAR et al. THEOCHEM, 180, 1, (1988)
| QMMM: H : M.J.S.DEWAR et al. JACS, 107, 3902, (1985)

| QMMM: *** SCF convergence criteria ***
| QMMM: Energy change                :  0.1D-09 kcal/mol
| QMMM: Error matrix |FP-PF|         :  0.1D+00 au
| QMMM: Density matrix change        :  0.5D-06
| QMMM: Maximum number of SCF cycles :     1000

| QMMM: *** Diagonalization Routine Information ***
| QMMM: Pseudo diagonalizations are allowed.
| QMMM: Auto diagonalization routine selection is in use.
| QMMM:
| QMMM: Timing diagonalization routines:
| QMMM:                              norbs =       23
| QMMM:    diag iterations used for timing =       20
| QMMM:
| QMMM:              Internal diag routine = 0.000979 seconds
| QMMM:                 Dspev diag routine = 0.001320 seconds
| QMMM:                Dspevd diag routine = 0.010834 seconds
| QMMM:                Dspevx diag routine = 0.004400 seconds
| QMMM:                 Dsyev diag routine = 0.005549 seconds
| QMMM:                Dsyevd diag routine = 0.001227 seconds
| QMMM:                Dsyevr diag routine = 0.001555 seconds
| QMMM:
| QMMM:                Pseudo diag routine = 0.000165 seconds
| QMMM:
| QMMM: Using internal diagonalization routine (diag_routine=1).

  QMMM: QM Region Cartesian Coordinates (*=link atom) 
  QMMM: QM_NO.   MM_NO.  ATOM         X         Y         Z
  QMMM:     1        1      C       -0.5850   -0.6390    0.6690
  QMMM:     2        2      C       -0.0410   -0.5870    2.0870
  QMMM:     3        3      C        1.3990   -1.0650    2.1400
  QMMM:     4        4      Br       2.0720   -0.9280    3.9620
  QMMM:     5        5      H       -1.6230   -0.2920    0.6480
  QMMM:     6        6      H        0.0000    0.0000    0.0000
  QMMM:     7        7      H       -0.5610   -1.6610    0.2770
  QMMM:     8        8      H       -0.6710   -1.2070    2.7360
  QMMM:     9        9      H       -0.1140    0.4410    2.4620
  QMMM:    10       10      H        2.0580   -0.4530    1.5180
  QMMM:    11       11      H        1.4940   -2.1150    1.8500

--------------------------------------------------------------------------------
  RESULTS
--------------------------------------------------------------------------------

      iter         sqm energy              rms gradient
      ----    -------------------    -----------------------
xmin    10      -19.9934 kcal/mol        0.1211 kcal/(mol*A)
xmin    20      -19.9947 kcal/mol        0.0138 kcal/(mol*A)
xmin    30      -19.9951 kcal/mol        0.0284 kcal/(mol*A)
xmin    40      -19.9952 kcal/mol        0.0023 kcal/(mol*A)
  ... geometry converged !
 
 Final MO eigenvalues (eV):
 -35.9933  -31.4815  -26.9195  -22.3435  -16.4786  -15.3061  -14.6178  -13.8200
 -12.5668  -12.3035  -11.8648  -10.7888  -10.6898    0.8338    3.4202    3.5886
   4.0042    4.0424    4.3423    4.4047    4.7050    4.7384    4.8897

 Heat of formation   =        -19.99517293 kcal/mol  (       -0.86705576 eV)

 Total SCF energy    =     -19246.92724431 kcal/mol  (     -834.60939440 eV)
 Electronic energy   =     -57026.80333010 kcal/mol  (    -2472.86775639 eV)
 Core-core repulsion =      37779.87608578 kcal/mol  (     1638.25836199 eV)
 
    Atomic Charges for Step       1 :
  Atom    Element       Mulliken Charge
     1      C                 -0.214
     2      C                 -0.160
     3      C                 -0.215
     4      Br                -0.052
     5      H                  0.081
     6      H                  0.075
     7      H                  0.075
     8      H                  0.094
     9      H                  0.095
    10      H                  0.111
    11      H                  0.111
 Total Mulliken Charge =      -0.000
 
                  X        Y        Z     TOTAL  
  QM DIPOLE    -0.788    0.001   -1.509    1.703
 
 Final Structure

  QMMM: QM Region Cartesian Coordinates (*=link atom) 
  QMMM: QM_NO.   MM_NO.  ATOM         X         Y         Z
  QMMM:     1        1      C       -0.5679   -0.6492    0.6741
  QMMM:     2        2      C       -0.0529   -0.5741    2.0904
  QMMM:     3        3      C        1.3767   -1.0496    2.1600
  QMMM:     4        4      Br       2.1169   -0.9869    3.9382
  QMMM:     5        5      H       -1.6264   -0.2956    0.6328
  QMMM:     6        6      H        0.0453   -0.0085   -0.0047
  QMMM:     7        7      H       -0.5311   -1.6989    0.2946
  QMMM:     8        8      H       -0.6998   -1.2033    2.7579
  QMMM:     9        9      H       -0.1242    0.4837    2.4591
  QMMM:    10       10      H        2.0351   -0.4140    1.5230
  QMMM:    11       11      H        1.4564   -2.1096    1.8237

           --------- Calculation Completed ----------

