            --------------------------------------------------------
                             AMBER SQM VERSION 19
 
                                     By
              Ross C. Walker, Michael F. Crowley, Scott Brozell,
                         Tim Giese, Andreas W. Goetz,
                        Tai-Sung Lee and David A. Case
 
            --------------------------------------------------------
 

--------------------------------------------------------------------------------
  QM CALCULATION INFO
--------------------------------------------------------------------------------

| QMMM: Citation for AMBER QMMM Run:
| QMMM: R.C. Walker, M.F. Crowley and D.A. Case, J. COMP. CHEM. 29:1019, 2008

QMMM: SINGLET STATE CALCULATION
QMMM: RHF CALCULATION, NO. OF DOUBLY OCCUPIED LEVELS = 16

| QMMM: *** Selected Hamiltonian *** 
| QMMM: AM1         

| QMMM: *** Parameter sets in use ***
| QMMM: C : M.J.S.DEWAR et al. JACS, 107, 3902, (1985)
| QMMM: O : M.J.S.DEWAR et al. JACS, 107, 3902, (1985)
| QMMM: H : M.J.S.DEWAR et al. JACS, 107, 3902, (1985)

| QMMM: *** SCF convergence criteria ***
| QMMM: Energy change                :  0.1D-09 kcal/mol
| QMMM: Error matrix |FP-PF|         :  0.1D+00 au
| QMMM: Density matrix change        :  0.5D-06
| QMMM: Maximum number of SCF cycles :     1000

| QMMM: *** Diagonalization Routine Information ***
| QMMM: Pseudo diagonalizations are allowed.
| QMMM: Auto diagonalization routine selection is in use.
| QMMM:
| QMMM: Timing diagonalization routines:
| QMMM:                              norbs =       28
| QMMM:    diag iterations used for timing =       20
| QMMM:
| QMMM:              Internal diag routine = 0.001492 seconds
| QMMM:                 Dspev diag routine = 0.031537 seconds
| QMMM:                Dspevd diag routine = 0.006581 seconds
| QMMM:                Dspevx diag routine = 0.023049 seconds
| QMMM:                 Dsyev diag routine = 0.002359 seconds
| QMMM:                Dsyevd diag routine = 0.005318 seconds
| QMMM:                Dsyevr diag routine = 0.003159 seconds
| QMMM:
| QMMM:                Pseudo diag routine = 0.000457 seconds
| QMMM:
| QMMM: Using internal diagonalization routine (diag_routine=1).

  QMMM: QM Region Cartesian Coordinates (*=link atom) 
  QMMM: QM_NO.   MM_NO.  ATOM         X         Y         Z
  QMMM:     1        1      C        0.0000    0.0000    0.0000
  QMMM:     2        2      C        2.4440    1.4200   -2.3020
  QMMM:     3        3      C        1.9920    1.2500    0.0000
  QMMM:     4        4      O        1.4020    0.0000    0.0000
  QMMM:     5        5      O        1.7960    1.9480   -1.1770
  QMMM:     6        6      H       -0.3160   -1.0330    0.0490
  QMMM:     7        7      H       -0.3870    0.5320    0.8670
  QMMM:     8        8      H       -0.3980    0.4570   -0.9000
  QMMM:     9        9      H        2.2420    2.0890   -3.1260
  QMMM:    10       10      H        2.0760    0.4280   -2.5430
  QMMM:    11       11      H        3.5190    1.3680   -2.1410
  QMMM:    12       12      H        1.5780    1.8720    0.7860
  QMMM:    13       13      H        3.0490    1.0780    0.1760

--------------------------------------------------------------------------------
  RESULTS
--------------------------------------------------------------------------------

      iter         sqm energy              rms gradient
      ----    -------------------    -----------------------
xmin    10     -103.3235 kcal/mol        0.5536 kcal/(mol*A)
xmin    20     -103.3873 kcal/mol        0.1476 kcal/(mol*A)
xmin    30     -103.3989 kcal/mol        0.1273 kcal/(mol*A)
xmin    40     -103.4032 kcal/mol        0.0792 kcal/(mol*A)
xmin    50     -103.4044 kcal/mol        0.0697 kcal/(mol*A)
xmin    60     -103.4047 kcal/mol        0.0257 kcal/(mol*A)
xmin    70     -103.4049 kcal/mol        0.0183 kcal/(mol*A)
xmin    80     -103.4049 kcal/mol        0.0095 kcal/(mol*A)
xmin    90     -103.4049 kcal/mol        0.0043 kcal/(mol*A)
xmin   100     -103.4049 kcal/mol        0.0014 kcal/(mol*A)
xmin   110     -103.4049 kcal/mol        0.0009 kcal/(mol*A)
xmin   120     -103.4049 kcal/mol        0.0012 kcal/(mol*A)
  ... geometry converged !
 
 Final MO eigenvalues (eV):
 -40.0077  -37.0134  -28.7103  -27.4387  -24.6297  -18.1932  -17.6935  -17.3361
 -15.2913  -14.8498  -14.7565  -12.7358  -12.7265  -11.8803  -11.0933  -10.8189
   2.9707    3.1283    3.9593    4.0761    4.2772    4.3753    4.4218    4.4537
   4.5469    4.6204    5.9202    6.4363

 Heat of formation   =       -103.40492215 kcal/mol  (       -4.48397390 eV)

 Total SCF energy    =     -26192.05408426 kcal/mol  (    -1135.77269348 eV)
 Electronic energy   =     -89252.19481465 kcal/mol  (    -3870.26559189 eV)
 Core-core repulsion =      63060.14073039 kcal/mol  (     2734.49289842 eV)
 
    Atomic Charges for Step       1 :
  Atom    Element       Mulliken Charge
     1      C                 -0.071
     2      C                 -0.071
     3      C                  0.092
     4      O                 -0.306
     5      O                 -0.306
     6      H                  0.096
     7      H                  0.058
     8      H                  0.076
     9      H                  0.096
    10      H                  0.076
    11      H                  0.058
    12      H                  0.102
    13      H                  0.102
 Total Mulliken Charge =      -0.000
 
                  X        Y        Z     TOTAL  
  QM DIPOLE     0.076    0.055    0.115    0.148
 
 Final Structure

  QMMM: QM Region Cartesian Coordinates (*=link atom) 
  QMMM: QM_NO.   MM_NO.  ATOM         X         Y         Z
  QMMM:     1        1      C       -0.0209    0.0422   -0.0252
  QMMM:     2        2      C        2.4545    1.3614   -2.2978
  QMMM:     3        3      C        2.0111    1.2729    0.0352
  QMMM:     4        4      O        1.3983    0.0049   -0.0338
  QMMM:     5        5      O        1.7639    1.9226   -1.1915
  QMMM:     6        6      H       -0.3290   -1.0252   -0.1505
  QMMM:     7        7      H       -0.3897    0.4473    0.9494
  QMMM:     8        8      H       -0.4007    0.6677   -0.8695
  QMMM:     9        9      H        2.0949    1.9487   -3.1786
  QMMM:    10       10      H        2.1994    0.2795   -2.4101
  QMMM:    11       11      H        3.5579    1.4845   -2.1657
  QMMM:    12       12      H        1.5569    1.9358    0.8183
  QMMM:    13       13      H        3.1003    1.0666    0.2087

           --------- Calculation Completed ----------

