            --------------------------------------------------------
                             AMBER SQM VERSION 19
 
                                     By
              Ross C. Walker, Michael F. Crowley, Scott Brozell,
                         Tim Giese, Andreas W. Goetz,
                        Tai-Sung Lee and David A. Case
 
            --------------------------------------------------------
 

--------------------------------------------------------------------------------
  QM CALCULATION INFO
--------------------------------------------------------------------------------

| QMMM: Citation for AMBER QMMM Run:
| QMMM: R.C. Walker, M.F. Crowley and D.A. Case, J. COMP. CHEM. 29:1019, 2008

QMMM: SINGLET STATE CALCULATION
QMMM: RHF CALCULATION, NO. OF DOUBLY OCCUPIED LEVELS = 22

| QMMM: *** Selected Hamiltonian *** 
| QMMM: AM1         

| QMMM: *** Parameter sets in use ***
| QMMM: C : M.J.S.DEWAR et al. JACS, 107, 3902, (1985)
| QMMM: N : M.J.S.DEWAR et al. JACS, 107, 3902, (1985)
| QMMM: H : M.J.S.DEWAR et al. JACS, 107, 3902, (1985)

| QMMM: *** SCF convergence criteria ***
| QMMM: Energy change                :  0.1D-09 kcal/mol
| QMMM: Error matrix |FP-PF|         :  0.1D+00 au
| QMMM: Density matrix change        :  0.5D-06
| QMMM: Maximum number of SCF cycles :     1000

| QMMM: *** Diagonalization Routine Information ***
| QMMM: Pseudo diagonalizations are allowed.
| QMMM: Auto diagonalization routine selection is in use.
| QMMM:
| QMMM: Timing diagonalization routines:
| QMMM:                              norbs =       43
| QMMM:    diag iterations used for timing =       20
| QMMM:
| QMMM:              Internal diag routine = 0.015475 seconds
| QMMM:                 Dspev diag routine = 0.005518 seconds
| QMMM:                Dspevd diag routine = 0.008181 seconds
| QMMM:                Dspevx diag routine = 0.030262 seconds
| QMMM:                 Dsyev diag routine = 0.004995 seconds
| QMMM:                Dsyevd diag routine = 0.004064 seconds
| QMMM:                Dsyevr diag routine = 0.005609 seconds
| QMMM:
| QMMM:                Pseudo diag routine = 0.001260 seconds
| QMMM:
| QMMM: Using dsyevd routine (diag_routine=6).

  QMMM: QM Region Cartesian Coordinates (*=link atom) 
  QMMM: QM_NO.   MM_NO.  ATOM         X         Y         Z
  QMMM:     1        1      C       -1.5500   -1.2780    0.9740
  QMMM:     2        2      C        3.4120    0.6160    6.1740
  QMMM:     3        3      C       -1.3230   -0.8630    2.4200
  QMMM:     4        4      C        1.9480    0.3580    5.8520
  QMMM:     5        5      C        0.1580   -0.6240    2.7040
  QMMM:     6        6      C        1.7610   -0.0260    4.3870
  QMMM:     7        7      N        0.3510   -0.2480    4.0990
  QMMM:     8        8      H       -1.2020   -0.5030    0.2840
  QMMM:     9        9      H       -1.0180   -2.2070    0.7450
  QMMM:    10       10      H       -2.6160   -1.4430    0.7900
  QMMM:    11       11      H        4.0190   -0.2760    5.9860
  QMMM:    12       12      H        3.8090    1.4360    5.5670
  QMMM:    13       13      H        3.5270    0.8880    7.2280
  QMMM:    14       14      H       -1.7120   -1.6470    3.0820
  QMMM:    15       15      H       -1.8990    0.0480    2.6240
  QMMM:    16       16      H        1.3680    1.2590    6.0820
  QMMM:    17       17      H        1.5760   -0.4430    6.5030
  QMMM:    18       18      H        0.5440    0.1710    2.0570
  QMMM:    19       19      H        0.7330   -1.5330    2.4960
  QMMM:    20       20      H        2.3250   -0.9370    4.1580
  QMMM:    21       21      H        2.1370    0.7710    3.7370
  QMMM:    22       22      H       -0.1700    0.6070    4.2900

--------------------------------------------------------------------------------
  RESULTS
--------------------------------------------------------------------------------

      iter         sqm energy              rms gradient
      ----    -------------------    -----------------------
xmin    10      -31.6352 kcal/mol        0.1043 kcal/(mol*A)
xmin    20      -31.6825 kcal/mol        0.1752 kcal/(mol*A)
xmin    30      -31.6949 kcal/mol        0.0303 kcal/(mol*A)
xmin    40      -31.6974 kcal/mol        0.0130 kcal/(mol*A)
xmin    50      -31.6977 kcal/mol        0.0012 kcal/(mol*A)
xmin    60      -31.6977 kcal/mol        0.0022 kcal/(mol*A)
xmin    70      -31.6977 kcal/mol        0.0007 kcal/(mol*A)
xmin    80      -31.6978 kcal/mol        0.0008 kcal/(mol*A)
xmin    80      -31.6978 kcal/mol        0.0004 kcal/(mol*A)
  ... geometry converged !
 
 Final MO eigenvalues (eV):
 -38.0330  -35.0160  -32.4994  -27.2339  -24.3600  -22.3761  -21.5392  -17.0412
 -16.0337  -15.7966  -15.6180  -14.0858  -13.9023  -13.3581  -13.0470  -12.7637
 -12.5030  -11.9089  -11.6416  -11.6063  -11.3114   -9.2927    3.1701    3.7907
   3.8206    4.0298    4.0461    4.3555    4.3990    4.4201    4.4636    4.6535
   4.6791    4.7626    4.8440    4.9740    4.9776    5.0733    5.1276    5.1448
   5.1978    6.2623    6.4532

 Heat of formation   =        -31.69775964 kcal/mol  (       -1.37451800 eV)

 Total SCF energy    =     -27278.28591927 kcal/mol  (    -1182.87524042 eV)
 Electronic energy   =    -126991.72760835 kcal/mol  (    -5506.77453746 eV)
 Core-core repulsion =      99713.44168908 kcal/mol  (     4323.89929704 eV)
 
    Atomic Charges for Step       1 :
  Atom    Element       Mulliken Charge
     1      C                 -0.211
     2      C                 -0.211
     3      C                 -0.163
     4      C                 -0.163
     5      C                 -0.073
     6      C                 -0.073
     7      N                 -0.304
     8      H                  0.071
     9      H                  0.075
    10      H                  0.075
    11      H                  0.075
    12      H                  0.071
    13      H                  0.075
    14      H                  0.094
    15      H                  0.076
    16      H                  0.076
    17      H                  0.094
    18      H                  0.046
    19      H                  0.088
    20      H                  0.088
    21      H                  0.046
    22      H                  0.150
 Total Mulliken Charge =       0.000
 
                  X        Y        Z     TOTAL  
  QM DIPOLE     0.246    0.954   -0.583    1.145
 
 Final Structure

  QMMM: QM Region Cartesian Coordinates (*=link atom) 
  QMMM: QM_NO.   MM_NO.  ATOM         X         Y         Z
  QMMM:     1        1      C       -1.5166   -1.1983    0.9446
  QMMM:     2        2      C        3.4183    0.6843    6.1129
  QMMM:     3        3      C       -1.3514   -0.8531    2.4017
  QMMM:     4        4      C        1.9578    0.4078    5.8676
  QMMM:     5        5      C        0.1288   -0.6941    2.7450
  QMMM:     6        6      C        1.7428   -0.0782    4.4353
  QMMM:     7        7      N        0.3630   -0.4158    4.1479
  QMMM:     8        8      H       -1.0886   -0.3964    0.2954
  QMMM:     9        9      H       -0.9974   -2.1576    0.7043
  QMMM:    10       10      H       -2.5995   -1.3120    0.6963
  QMMM:    11       11      H        4.0264   -0.2404    5.9624
  QMMM:    12       12      H        3.7967    1.4695    5.4144
  QMMM:    13       13      H        3.5721    1.0406    7.1601
  QMMM:    14       14      H       -1.8043   -1.6596    3.0361
  QMMM:    15       15      H       -1.9008    0.0983    2.6286
  QMMM:    16       16      H        1.3618    1.3409    6.0484
  QMMM:    17       17      H        1.5920   -0.3674    6.5910
  QMMM:    18       18      H        0.5639    0.1061    2.0732
  QMMM:    19       19      H        0.6658   -1.6550    2.5014
  QMMM:    20       20      H        2.3557   -1.0098    4.2695
  QMMM:    21       21      H        2.1445    0.7105    3.7299
  QMMM:    22       22      H       -0.2530    0.3058    4.4731

           --------- Calculation Completed ----------

