            --------------------------------------------------------
                             AMBER SQM VERSION 19
 
                                     By
              Ross C. Walker, Michael F. Crowley, Scott Brozell,
                         Tim Giese, Andreas W. Goetz,
                        Tai-Sung Lee and David A. Case
 
            --------------------------------------------------------
 

--------------------------------------------------------------------------------
  QM CALCULATION INFO
--------------------------------------------------------------------------------

| QMMM: Citation for AMBER QMMM Run:
| QMMM: R.C. Walker, M.F. Crowley and D.A. Case, J. COMP. CHEM. 29:1019, 2008

QMMM: SINGLET STATE CALCULATION
QMMM: RHF CALCULATION, NO. OF DOUBLY OCCUPIED LEVELS = 21

| QMMM: *** Selected Hamiltonian *** 
| QMMM: AM1         

| QMMM: *** Parameter sets in use ***
| QMMM: C : M.J.S.DEWAR et al. JACS, 107, 3902, (1985)
| QMMM: O : M.J.S.DEWAR et al. JACS, 107, 3902, (1985)
| QMMM: H : M.J.S.DEWAR et al. JACS, 107, 3902, (1985)

| QMMM: *** SCF convergence criteria ***
| QMMM: Energy change                :  0.1D-09 kcal/mol
| QMMM: Error matrix |FP-PF|         :  0.1D+00 au
| QMMM: Density matrix change        :  0.5D-06
| QMMM: Maximum number of SCF cycles :     1000

| QMMM: *** Diagonalization Routine Information ***
| QMMM: Pseudo diagonalizations are allowed.
| QMMM: Auto diagonalization routine selection is in use.
| QMMM:
| QMMM: Timing diagonalization routines:
| QMMM:                              norbs =       40
| QMMM:    diag iterations used for timing =       20
| QMMM:
| QMMM:              Internal diag routine = 0.003225 seconds
| QMMM:                 Dspev diag routine = 0.010151 seconds
| QMMM:                Dspevd diag routine = 0.005101 seconds
| QMMM:                Dspevx diag routine = 0.041304 seconds
| QMMM:                 Dsyev diag routine = 0.016986 seconds
| QMMM:                Dsyevd diag routine = 0.006711 seconds
| QMMM:                Dsyevr diag routine = 0.004562 seconds
| QMMM:
| QMMM:                Pseudo diag routine = 0.001114 seconds
| QMMM:
| QMMM: Using internal diagonalization routine (diag_routine=1).

  QMMM: QM Region Cartesian Coordinates (*=link atom) 
  QMMM: QM_NO.   MM_NO.  ATOM         X         Y         Z
  QMMM:     1        1      C        0.8600   -0.5760   -0.3650
  QMMM:     2        2      C        1.9980   -0.4820    0.6480
  QMMM:     3        3      C        1.2770   -0.0490   -1.7360
  QMMM:     4        4      C        2.5550    0.9350    0.7370
  QMMM:     5        5      C        1.8340    1.3680   -1.6460
  QMMM:     6        6      C        2.9750    1.4610   -0.6340
  QMMM:     7        7      O        3.4010    2.8140   -0.5170
  QMMM:     8        8      H        0.5300   -1.6170   -0.4540
  QMMM:     9        9      H        0.0000    0.0000   -0.0000
  QMMM:    10       10      H        1.6420   -0.8020    1.6340
  QMMM:    11       11      H        2.8010   -1.1720    0.3590
  QMMM:    12       12      H        2.0370   -0.7130   -2.1650
  QMMM:    13       13      H        0.4170   -0.0660   -2.4150
  QMMM:    14       14      H        1.8040    1.6050    1.1760
  QMMM:    15       15      H        3.4110    0.9600    1.4220
  QMMM:    16       16      H        2.1840    1.6980   -2.6320
  QMMM:    17       17      H        1.0350    2.0660   -1.3660
  QMMM:    18       18      H        3.8330    0.8830   -0.9990
  QMMM:    19       19      H        3.9380    3.0060   -1.3020

--------------------------------------------------------------------------------
  RESULTS
--------------------------------------------------------------------------------

      iter         sqm energy              rms gradient
      ----    -------------------    -----------------------
xmin    10      -82.4781 kcal/mol        0.8492 kcal/(mol*A)
xmin    20      -82.5554 kcal/mol        0.0559 kcal/(mol*A)
xmin    30      -82.5570 kcal/mol        0.0365 kcal/(mol*A)
xmin    40      -82.5571 kcal/mol        0.0082 kcal/(mol*A)
xmin    50      -82.5571 kcal/mol        0.0049 kcal/(mol*A)
xmin    60      -82.5571 kcal/mol        0.0007 kcal/(mol*A)
xmin    60      -82.5571 kcal/mol        0.0003 kcal/(mol*A)
  ... geometry converged !
 
 Final MO eigenvalues (eV):
 -39.7449  -36.5199  -31.7152  -30.1528  -23.6078  -23.0531  -20.2620  -17.9577
 -16.6037  -15.4999  -15.2848  -14.8600  -13.8738  -13.3029  -13.2196  -12.5769
 -11.9284  -11.6540  -11.4034  -11.0431  -10.6725    3.3692    3.5958    3.6418
   3.9508    4.0668    4.1063    4.3017    4.3608    4.4536    4.6103    4.7095
   4.8446    4.8892    4.9892    5.1356    5.1694    5.2359    5.3060    6.3668


 Heat of formation   =        -82.55713819 kcal/mol  (       -3.57994615 eV)

 Total SCF energy    =     -28952.80535807 kcal/mol  (    -1255.48785213 eV)
 Electronic energy   =    -131141.51418103 kcal/mol  (    -5686.72278657 eV)
 Core-core repulsion =     102188.70882296 kcal/mol  (     4431.23493443 eV)
 
    Atomic Charges for Step       1 :
  Atom    Element       Mulliken Charge
     1      C                 -0.157
     2      C                 -0.156
     3      C                 -0.151
     4      C                 -0.153
     5      C                 -0.191
     6      C                  0.031
     7      O                 -0.328
     8      H                  0.080
     9      H                  0.082
    10      H                  0.083
    11      H                  0.079
    12      H                  0.079
    13      H                  0.081
    14      H                  0.095
    15      H                  0.093
    16      H                  0.076
    17      H                  0.094
    18      H                  0.070
    19      H                  0.197
 Total Mulliken Charge =      -0.000
 
                  X        Y        Z     TOTAL  
  QM DIPOLE    -0.378   -0.993   -1.198    1.601
 
 Final Structure

  QMMM: QM Region Cartesian Coordinates (*=link atom) 
  QMMM: QM_NO.   MM_NO.  ATOM         X         Y         Z
  QMMM:     1        1      C        0.8638   -0.5479   -0.3660
  QMMM:     2        2      C        1.9969   -0.4737    0.6372
  QMMM:     3        3      C        1.3009   -0.0477   -1.7279
  QMMM:     4        4      C        2.5589    0.9280    0.7362
  QMMM:     5        5      C        1.8630    1.3548   -1.6457
  QMMM:     6        6      C        3.0058    1.4241   -0.6361
  QMMM:     7        7      O        3.4480    2.7644   -0.4556
  QMMM:     8        8      H        0.5077   -1.6073   -0.4527
  QMMM:     9        9      H        0.0014    0.0695   -0.0010
  QMMM:    10       10      H        1.6271   -0.7961    1.6453
  QMMM:    11       11      H        2.8108   -1.1840    0.3344
  QMMM:    12       12      H        2.0791   -0.7387   -2.1472
  QMMM:    13       13      H        0.4274   -0.0590   -2.4305
  QMMM:    14       14      H        1.7850    1.6291    1.1433
  QMMM:    15       15      H        3.4334    0.9474    1.4358
  QMMM:    16       16      H        2.2342    1.6758   -2.6532
  QMMM:    17       17      H        1.0598    2.0733   -1.3363
  QMMM:    18       18      H        3.8696    0.7996   -1.0038
  QMMM:    19       19      H        3.6592    3.1073   -1.3314

           --------- Calculation Completed ----------

