            --------------------------------------------------------
                             AMBER SQM VERSION 19
 
                                     By
              Ross C. Walker, Michael F. Crowley, Scott Brozell,
                         Tim Giese, Andreas W. Goetz,
                        Tai-Sung Lee and David A. Case
 
            --------------------------------------------------------
 

--------------------------------------------------------------------------------
  QM CALCULATION INFO
--------------------------------------------------------------------------------

| QMMM: Citation for AMBER QMMM Run:
| QMMM: R.C. Walker, M.F. Crowley and D.A. Case, J. COMP. CHEM. 29:1019, 2008

QMMM: SINGLET STATE CALCULATION
QMMM: RHF CALCULATION, NO. OF DOUBLY OCCUPIED LEVELS = 21

| QMMM: *** Selected Hamiltonian *** 
| QMMM: AM1         

| QMMM: *** Parameter sets in use ***
| QMMM: C : M.J.S.DEWAR et al. JACS, 107, 3902, (1985)
| QMMM: N : M.J.S.DEWAR et al. JACS, 107, 3902, (1985)
| QMMM: H : M.J.S.DEWAR et al. JACS, 107, 3902, (1985)

| QMMM: *** SCF convergence criteria ***
| QMMM: Energy change                :  0.1D-09 kcal/mol
| QMMM: Error matrix |FP-PF|         :  0.1D+00 au
| QMMM: Density matrix change        :  0.5D-06
| QMMM: Maximum number of SCF cycles :     1000

| QMMM: *** Diagonalization Routine Information ***
| QMMM: Pseudo diagonalizations are allowed.
| QMMM: Auto diagonalization routine selection is in use.
| QMMM:
| QMMM: Timing diagonalization routines:
| QMMM:                              norbs =       41
| QMMM:    diag iterations used for timing =       20
| QMMM:
| QMMM:              Internal diag routine = 0.011247 seconds
| QMMM:                 Dspev diag routine = 0.005545 seconds
| QMMM:                Dspevd diag routine = 0.006816 seconds
| QMMM:                Dspevx diag routine = 0.038605 seconds
| QMMM:                 Dsyev diag routine = 0.004530 seconds
| QMMM:                Dsyevd diag routine = 0.003657 seconds
| QMMM:                Dsyevr diag routine = 0.006659 seconds
| QMMM:
| QMMM:                Pseudo diag routine = 0.002776 seconds
| QMMM:
| QMMM: Using dsyevd routine (diag_routine=6).

  QMMM: QM Region Cartesian Coordinates (*=link atom) 
  QMMM: QM_NO.   MM_NO.  ATOM         X         Y         Z
  QMMM:     1        1      C        1.6140   -0.1640    1.4250
  QMMM:     2        2      C       -0.4940   -1.2320    1.6990
  QMMM:     3        3      C        1.1130   -1.5150    3.3170
  QMMM:     4        4      C        0.3360   -0.4210    0.9410
  QMMM:     5        5      C        2.0180   -0.7180    2.6350
  QMMM:     6        6      C       -0.1260    0.1570   -0.3500
  QMMM:     7        7      C        3.3780   -0.4620    3.1790
  QMMM:     8        8      N       -0.1370   -1.7870    2.8780
  QMMM:     9        9      H        2.2950    0.4680    0.8590
  QMMM:    10       10      H       -1.5020   -1.4670    1.3720
  QMMM:    11       11      H        1.3710   -1.9740    4.2660
  QMMM:    12       12      H       -0.6330   -0.6070   -0.9550
  QMMM:    13       13      H       -0.8240    0.9900   -0.1910
  QMMM:    14       14      H        0.7140    0.5580   -0.9350
  QMMM:    15       15      H        3.4340    0.5430    3.6190
  QMMM:    16       16      H        3.6450   -1.1930    3.9550
  QMMM:    17       17      H        4.1460   -0.5390    2.3970

--------------------------------------------------------------------------------
  RESULTS
--------------------------------------------------------------------------------

      iter         sqm energy              rms gradient
      ----    -------------------    -----------------------
xmin    10       16.0374 kcal/mol        0.0525 kcal/(mol*A)
xmin    20       16.0367 kcal/mol        0.0172 kcal/(mol*A)
xmin    30       16.0366 kcal/mol        0.0188 kcal/(mol*A)
xmin    40       16.0363 kcal/mol        0.0243 kcal/(mol*A)
xmin    50       16.0360 kcal/mol        0.0457 kcal/(mol*A)
xmin    60       16.0357 kcal/mol        0.0294 kcal/(mol*A)
xmin    70       16.0355 kcal/mol        0.0104 kcal/(mol*A)
xmin    80       16.0353 kcal/mol        0.0554 kcal/(mol*A)
xmin    90       16.0351 kcal/mol        0.0265 kcal/(mol*A)
xmin   100       16.0348 kcal/mol        0.0632 kcal/(mol*A)
xmin   110       16.0344 kcal/mol        0.0204 kcal/(mol*A)
xmin   120       16.0342 kcal/mol        0.0138 kcal/(mol*A)
xmin   130       16.0340 kcal/mol        0.0245 kcal/(mol*A)
xmin   140       16.0337 kcal/mol        0.0266 kcal/(mol*A)
xmin   150       16.0333 kcal/mol        0.0134 kcal/(mol*A)
xmin   160       16.0330 kcal/mol        0.0183 kcal/(mol*A)
xmin   170       16.0328 kcal/mol        0.0310 kcal/(mol*A)
xmin   180       16.0325 kcal/mol        0.0073 kcal/(mol*A)
xmin   190       16.0323 kcal/mol        0.0065 kcal/(mol*A)
xmin   200       16.0321 kcal/mol        0.0414 kcal/(mol*A)
xmin   210       16.0318 kcal/mol        0.0186 kcal/(mol*A)
xmin   220       16.0316 kcal/mol        0.0594 kcal/(mol*A)
xmin   230       16.0314 kcal/mol        0.0184 kcal/(mol*A)
xmin   240       16.0312 kcal/mol        0.0079 kcal/(mol*A)
xmin   250       16.0310 kcal/mol        0.0110 kcal/(mol*A)
xmin   260       16.0309 kcal/mol        0.0110 kcal/(mol*A)
xmin   270       16.0307 kcal/mol        0.0092 kcal/(mol*A)
xmin   280       16.0306 kcal/mol        0.0047 kcal/(mol*A)
xmin   290       16.0305 kcal/mol        0.0091 kcal/(mol*A)
xmin   300       16.0304 kcal/mol        0.0100 kcal/(mol*A)
xmin   310       16.0301 kcal/mol        0.0203 kcal/(mol*A)
xmin   320       16.0300 kcal/mol        0.0255 kcal/(mol*A)
xmin   330       16.0298 kcal/mol        0.0106 kcal/(mol*A)
xmin   340       16.0297 kcal/mol        0.0465 kcal/(mol*A)
xmin   350       16.0296 kcal/mol        0.0112 kcal/(mol*A)
xmin   360       16.0296 kcal/mol        0.0162 kcal/(mol*A)
xmin   370       16.0295 kcal/mol        0.0172 kcal/(mol*A)
xmin   380       16.0294 kcal/mol        0.0179 kcal/(mol*A)
xmin   390       16.0293 kcal/mol        0.0119 kcal/(mol*A)
xmin   400       16.0292 kcal/mol        0.0104 kcal/(mol*A)
xmin   410       16.0291 kcal/mol        0.0230 kcal/(mol*A)
xmin   420       16.0290 kcal/mol        0.0175 kcal/(mol*A)
xmin   430       16.0290 kcal/mol        0.0181 kcal/(mol*A)
xmin   440       16.0289 kcal/mol        0.0039 kcal/(mol*A)
xmin   450       16.0289 kcal/mol        0.0043 kcal/(mol*A)
xmin   460       16.0289 kcal/mol        0.0350 kcal/(mol*A)
xmin   470       16.0288 kcal/mol        0.0096 kcal/(mol*A)
xmin   480       16.0288 kcal/mol        0.0063 kcal/(mol*A)
xmin   490       16.0287 kcal/mol        0.0066 kcal/(mol*A)
xmin   500       16.0287 kcal/mol        0.0065 kcal/(mol*A)
xmin   510       16.0287 kcal/mol        0.0109 kcal/(mol*A)
xmin   520       16.0286 kcal/mol        0.0090 kcal/(mol*A)
xmin   530       16.0286 kcal/mol        0.0124 kcal/(mol*A)
xmin   540       16.0286 kcal/mol        0.0054 kcal/(mol*A)
xmin   550       16.0286 kcal/mol        0.0099 kcal/(mol*A)
xmin   560       16.0285 kcal/mol        0.0094 kcal/(mol*A)
xmin   570       16.0285 kcal/mol        0.0031 kcal/(mol*A)
xmin   580       16.0285 kcal/mol        0.0080 kcal/(mol*A)
xmin   590       16.0285 kcal/mol        0.0047 kcal/(mol*A)
xmin   600       16.0285 kcal/mol        0.0073 kcal/(mol*A)
xmin   610       16.0285 kcal/mol        0.0051 kcal/(mol*A)
xmin   620       16.0285 kcal/mol        0.0133 kcal/(mol*A)
xmin   630       16.0284 kcal/mol        0.0033 kcal/(mol*A)
xmin   640       16.0284 kcal/mol        0.0037 kcal/(mol*A)
xmin   650       16.0284 kcal/mol        0.0037 kcal/(mol*A)
xmin   660       16.0284 kcal/mol        0.0135 kcal/(mol*A)
xmin   670       16.0284 kcal/mol        0.0016 kcal/(mol*A)
xmin   680       16.0284 kcal/mol        0.0041 kcal/(mol*A)
xmin   690       16.0284 kcal/mol        0.0016 kcal/(mol*A)
xmin   700       16.0284 kcal/mol        0.0024 kcal/(mol*A)
xmin   710       16.0283 kcal/mol        0.0060 kcal/(mol*A)
xmin   720       16.0283 kcal/mol        0.0016 kcal/(mol*A)
xmin   730       16.0283 kcal/mol        0.0034 kcal/(mol*A)
xmin   740       16.0283 kcal/mol        0.0038 kcal/(mol*A)
xmin   750       16.0283 kcal/mol        0.0008 kcal/(mol*A)
xmin   760       16.0283 kcal/mol        0.0012 kcal/(mol*A)
xmin   770       16.0283 kcal/mol        0.0030 kcal/(mol*A)
xmin   780       16.0283 kcal/mol        0.0021 kcal/(mol*A)
xmin   790       16.0283 kcal/mol        0.0016 kcal/(mol*A)
xmin   800       16.0283 kcal/mol        0.0054 kcal/(mol*A)
xmin   810       16.0283 kcal/mol        0.0032 kcal/(mol*A)
xmin   820       16.0283 kcal/mol        0.0005 kcal/(mol*A)
  ... geometry converged !
 
 Final MO eigenvalues (eV):
 -40.2548  -34.3204  -34.2184  -28.2444  -27.6069  -23.7623  -21.9422  -17.5202
 -17.2441  -15.6296  -15.2023  -14.1954  -13.9965  -13.8253  -13.5125  -13.2623
 -13.1272  -12.3249  -10.5149  -10.3192   -9.4338    0.1369    0.3476    2.7490
   3.5912    3.6721    3.7452    3.9449    3.9475    4.2025    4.3229    4.3320
   4.3905    4.6137    4.6288    4.8176    4.9423    5.2190    5.3287    5.7584
   6.9358

 Heat of formation   =         16.02828830 kcal/mol  (        0.69503874 eV)

 Total SCF energy    =     -28298.09287848 kcal/mol  (    -1227.09738860 eV)
 Electronic energy   =    -126348.00137584 kcal/mol  (    -5478.86047335 eV)
 Core-core repulsion =      98049.90849735 kcal/mol  (     4251.76308475 eV)
 
    Atomic Charges for Step       1 :
  Atom    Element       Mulliken Charge
     1      C                 -0.098
     2      C                 -0.079
     3      C                 -0.079
     4      C                 -0.115
     5      C                 -0.115
     6      C                 -0.175
     7      C                 -0.175
     8      N                 -0.133
     9      H                  0.137
    10      H                  0.158
    11      H                  0.158
    12      H                  0.086
    13      H                  0.088
    14      H                  0.084
    15      H                  0.088
    16      H                  0.086
    17      H                  0.084
 Total Mulliken Charge =       0.000
 
                  X        Y        Z     TOTAL  
  QM DIPOLE     1.376    1.347   -1.130    2.232
 
 Final Structure

  QMMM: QM Region Cartesian Coordinates (*=link atom) 
  QMMM: QM_NO.   MM_NO.  ATOM         X         Y         Z
  QMMM:     1        1      C        1.6343   -0.1631    1.4068
  QMMM:     2        2      C       -0.4950   -1.2515    1.6926
  QMMM:     3        3      C        1.0993   -1.5088    3.3312
  QMMM:     4        4      C        0.3524   -0.4325    0.9146
  QMMM:     5        5      C        2.0276   -0.7030    2.6366
  QMMM:     6        6      C       -0.1134    0.1270   -0.3707
  QMMM:     7        7      C        3.3649   -0.4336    3.2034
  QMMM:     8        8      N       -0.1370   -1.7819    2.8759
  QMMM:     9        9      H        2.3283    0.4666    0.8308
  QMMM:    10       10      H       -1.5145   -1.4948    1.3439
  QMMM:    11       11      H        1.3651   -1.9597    4.3039
  QMMM:    12       12      H       -0.8229   -0.5734   -0.8769
  QMMM:    13       13      H       -0.6453    1.0967   -0.1957
  QMMM:    14       14      H        0.7459    0.3195   -1.0595
  QMMM:    15       15      H        3.3293    0.4791    3.8511
  QMMM:    16       16      H        3.7138   -1.2919    3.8293
  QMMM:    17       17      H        4.1153   -0.2578    2.3936

           --------- Calculation Completed ----------

