            --------------------------------------------------------
                             AMBER SQM VERSION 19
 
                                     By
              Ross C. Walker, Michael F. Crowley, Scott Brozell,
                         Tim Giese, Andreas W. Goetz,
                        Tai-Sung Lee and David A. Case
 
            --------------------------------------------------------
 

--------------------------------------------------------------------------------
  QM CALCULATION INFO
--------------------------------------------------------------------------------

| QMMM: Citation for AMBER QMMM Run:
| QMMM: R.C. Walker, M.F. Crowley and D.A. Case, J. COMP. CHEM. 29:1019, 2008

QMMM: SINGLET STATE CALCULATION
QMMM: RHF CALCULATION, NO. OF DOUBLY OCCUPIED LEVELS = 30

| QMMM: *** Selected Hamiltonian *** 
| QMMM: AM1         

| QMMM: *** Parameter sets in use ***
| QMMM: C : M.J.S.DEWAR et al. JACS, 107, 3902, (1985)
| QMMM: O : M.J.S.DEWAR et al. JACS, 107, 3902, (1985)
| QMMM: H : M.J.S.DEWAR et al. JACS, 107, 3902, (1985)

| QMMM: *** SCF convergence criteria ***
| QMMM: Energy change                :  0.1D-09 kcal/mol
| QMMM: Error matrix |FP-PF|         :  0.1D+00 au
| QMMM: Density matrix change        :  0.5D-06
| QMMM: Maximum number of SCF cycles :     1000

| QMMM: *** Diagonalization Routine Information ***
| QMMM: Pseudo diagonalizations are allowed.
| QMMM: Auto diagonalization routine selection is in use.
| QMMM:
| QMMM: Timing diagonalization routines:
| QMMM:                              norbs =       56
| QMMM:    diag iterations used for timing =       15
| QMMM:
| QMMM:              Internal diag routine = 0.022648 seconds
| QMMM:                 Dspev diag routine = 0.051944 seconds
| QMMM:                Dspevd diag routine = 0.006956 seconds
| QMMM:                Dspevx diag routine = 0.020666 seconds
| QMMM:                 Dsyev diag routine = 0.004211 seconds
| QMMM:                Dsyevd diag routine = 0.003092 seconds
| QMMM:                Dsyevr diag routine = 0.004794 seconds
| QMMM:
| QMMM:                Pseudo diag routine = 0.001191 seconds
| QMMM:
| QMMM: Using dsyevd routine (diag_routine=6).

  QMMM: QM Region Cartesian Coordinates (*=link atom) 
  QMMM: QM_NO.   MM_NO.  ATOM         X         Y         Z
  QMMM:     1        1      C        1.4250   -0.3060   -1.6680
  QMMM:     2        2      C        1.3700   -1.9950    0.1580
  QMMM:     3        3      C       -0.5630   -0.4170   -0.1460
  QMMM:     4        4      C        1.9660   -1.5540   -5.6440
  QMMM:     5        5      C        4.1750   -0.3640   -5.6910
  QMMM:     6        6      C        2.7460   -0.2390   -3.6300
  QMMM:     7        7      C        0.5290   -1.2190   -0.8490
  QMMM:     8        8      C        3.1730   -1.1110   -4.8140
  QMMM:     9        9      O        1.7000    0.8500   -1.3740
  QMMM:    10       10      O        1.8770   -0.9790   -2.7680
  QMMM:    11       11      H        0.7450   -2.6680    0.7530
  QMMM:    12       12      H        1.8930   -1.3190    0.8440
  QMMM:    13       13      H        2.1300   -2.6000   -0.3480
  QMMM:    14       14      H       -1.2460   -1.0810    0.3950
  QMMM:    15       15      H       -1.1520    0.1560   -0.8710
  QMMM:    16       16      H       -0.1410    0.2930    0.5730
  QMMM:    17       17      H        2.2840   -2.1790   -6.4860
  QMMM:    18       18      H        1.4250   -0.6920   -6.0480
  QMMM:    19       19      H        1.2660   -2.1420   -5.0410
  QMMM:    20       20      H        4.5090   -0.9940   -6.5230
  QMMM:    21       21      H        5.0610   -0.0780   -5.1140
  QMMM:    22       22      H        3.7360    0.5470   -6.1120
  QMMM:    23       23      H        3.6190    0.0710   -3.0460
  QMMM:    24       24      H        2.2180    0.6580   -3.9700
  QMMM:    25       25      H        0.0380   -1.9160   -1.5380
  QMMM:    26       26      H        3.6540   -2.0170   -4.4240

--------------------------------------------------------------------------------
  RESULTS
--------------------------------------------------------------------------------

      iter         sqm energy              rms gradient
      ----    -------------------    -----------------------
xmin    10     -123.6825 kcal/mol        0.1735 kcal/(mol*A)
xmin    20     -123.7439 kcal/mol        0.1635 kcal/(mol*A)
xmin    30     -123.7946 kcal/mol        0.1088 kcal/(mol*A)
xmin    40     -123.8250 kcal/mol        0.1327 kcal/(mol*A)
xmin    50     -123.8449 kcal/mol        0.0915 kcal/(mol*A)
xmin    60     -123.8578 kcal/mol        0.0678 kcal/(mol*A)
xmin    70     -123.8733 kcal/mol        0.0542 kcal/(mol*A)
xmin    80     -123.8842 kcal/mol        0.0360 kcal/(mol*A)
xmin    90     -123.8958 kcal/mol        0.0617 kcal/(mol*A)
xmin   100     -123.9040 kcal/mol        0.1793 kcal/(mol*A)
xmin   110     -123.9089 kcal/mol        0.0248 kcal/(mol*A)
xmin   120     -123.9120 kcal/mol        0.0135 kcal/(mol*A)
xmin   130     -123.9149 kcal/mol        0.0197 kcal/(mol*A)
xmin   140     -123.9171 kcal/mol        0.0212 kcal/(mol*A)
xmin   150     -123.9182 kcal/mol        0.0211 kcal/(mol*A)
xmin   160     -123.9199 kcal/mol        0.0458 kcal/(mol*A)
xmin   170     -123.9206 kcal/mol        0.0243 kcal/(mol*A)
xmin   180     -123.9207 kcal/mol        0.0027 kcal/(mol*A)
xmin   190     -123.9209 kcal/mol        0.0044 kcal/(mol*A)
xmin   200     -123.9211 kcal/mol        0.0112 kcal/(mol*A)
xmin   210     -123.9212 kcal/mol        0.0041 kcal/(mol*A)
xmin   220     -123.9213 kcal/mol        0.0042 kcal/(mol*A)
xmin   230     -123.9215 kcal/mol        0.0023 kcal/(mol*A)
xmin   240     -123.9215 kcal/mol        0.0064 kcal/(mol*A)
xmin   250     -123.9216 kcal/mol        0.0088 kcal/(mol*A)
xmin   260     -123.9216 kcal/mol        0.0055 kcal/(mol*A)
xmin   270     -123.9216 kcal/mol        0.0066 kcal/(mol*A)
xmin   280     -123.9216 kcal/mol        0.0091 kcal/(mol*A)
xmin   290     -123.9216 kcal/mol        0.0006 kcal/(mol*A)
xmin   300     -123.9217 kcal/mol        0.0086 kcal/(mol*A)
xmin   310     -123.9217 kcal/mol        0.0021 kcal/(mol*A)
xmin   320     -123.9217 kcal/mol        0.0020 kcal/(mol*A)
  ... geometry converged !
 
 Final MO eigenvalues (eV):
 -40.8952  -37.7651  -35.6590  -35.5375  -28.1497  -27.9139  -27.7573  -24.4499
 -21.1924  -20.5752  -18.5941  -17.2608  -16.9454  -15.6203  -15.4366  -15.0923
 -14.5606  -14.0112  -13.6922  -13.3801  -13.1197  -12.9988  -12.8659  -12.3750
 -12.1915  -12.0941  -11.9685  -11.5580  -11.1970  -11.0479    1.2566    1.9973
   3.4014    3.5887    3.7233    3.7957    3.8750    4.0007    4.1220    4.3004
   4.3523    4.4154    4.4701    4.5182    4.5190    4.5764    4.6365    4.7852
   4.8399    4.8513    4.8788    4.9551    5.1112    5.1637    5.6285    6.9006


 Heat of formation   =       -123.92167577 kcal/mol  (       -5.37364710 eV)

 Total SCF energy    =     -43517.00598943 kcal/mol  (    -1887.03898311 eV)
 Electronic energy   =    -220064.20619036 kcal/mol  (    -9542.70006463 eV)
 Core-core repulsion =     176547.20020093 kcal/mol  (     7655.66108152 eV)
 
    Atomic Charges for Step       1 :
  Atom    Element       Mulliken Charge
     1      C                  0.303
     2      C                 -0.211
     3      C                 -0.211
     4      C                 -0.208
     5      C                 -0.210
     6      C                 -0.011
     7      C                 -0.097
     8      C                 -0.111
     9      O                 -0.354
    10      O                 -0.281
    11      H                  0.084
    12      H                  0.094
    13      H                  0.083
    14      H                  0.084
    15      H                  0.083
    16      H                  0.095
    17      H                  0.074
    18      H                  0.073
    19      H                  0.084
    20      H                  0.079
    21      H                  0.076
    22      H                  0.076
    23      H                  0.091
    24      H                  0.093
    25      H                  0.119
    26      H                  0.102
 Total Mulliken Charge =       0.000
 
                  X        Y        Z     TOTAL  
  QM DIPOLE    -0.572   -1.614   -0.407    1.760
 
 Final Structure

  QMMM: QM Region Cartesian Coordinates (*=link atom) 
  QMMM: QM_NO.   MM_NO.  ATOM         X         Y         Z
  QMMM:     1        1      C        1.5985   -0.4974   -1.5814
  QMMM:     2        2      C        1.4514   -1.7193    0.5552
  QMMM:     3        3      C       -0.5968   -0.7277   -0.4823
  QMMM:     4        4      C        1.7566   -1.1434   -5.7579
  QMMM:     5        5      C        4.1691   -0.5162   -5.6778
  QMMM:     6        6      C        2.7707   -0.2645   -3.6474
  QMMM:     7        7      C        0.7345   -1.4032   -0.7417
  QMMM:     8        8      C        3.0047   -1.0964   -4.9039
  QMMM:     9        9      O        2.0103    0.6355   -1.3250
  QMMM:    10       10      O        1.9437   -1.0589   -2.7792
  QMMM:    11       11      H        0.8006   -2.3588    1.1986
  QMMM:    12       12      H        1.6906   -0.7780    1.1073
  QMMM:    13       13      H        2.4031   -2.2663    0.3524
  QMMM:    14       14      H       -1.2266   -1.3765    0.1725
  QMMM:    15       15      H       -1.1397   -0.5525   -1.4419
  QMMM:    16       16      H       -0.4422    0.2552    0.0256
  QMMM:    17       17      H        1.9156   -1.8104   -6.6388
  QMMM:    18       18      H        1.4936   -0.1235   -6.1289
  QMMM:    19       19      H        0.9000   -1.5358   -5.1584
  QMMM:    20       20      H        4.3393   -1.1068   -6.6100
  QMMM:    21       21      H        5.1014   -0.5433   -5.0640
  QMMM:    22       22      H        3.9628    0.5436   -5.9632
  QMMM:    23       23      H        3.7330   -0.0402   -3.1175
  QMMM:    24       24      H        2.2406    0.6959   -3.8758
  QMMM:    25       25      H        0.5607   -2.3596   -1.3122
  QMMM:    26       26      H        3.2614   -2.1465   -4.5861

           --------- Calculation Completed ----------

