            --------------------------------------------------------
                             AMBER SQM VERSION 19
 
                                     By
              Ross C. Walker, Michael F. Crowley, Scott Brozell,
                         Tim Giese, Andreas W. Goetz,
                        Tai-Sung Lee and David A. Case
 
            --------------------------------------------------------
 

--------------------------------------------------------------------------------
  QM CALCULATION INFO
--------------------------------------------------------------------------------

| QMMM: Citation for AMBER QMMM Run:
| QMMM: R.C. Walker, M.F. Crowley and D.A. Case, J. COMP. CHEM. 29:1019, 2008

QMMM: SINGLET STATE CALCULATION
QMMM: RHF CALCULATION, NO. OF DOUBLY OCCUPIED LEVELS = 38

| QMMM: *** Selected Hamiltonian *** 
| QMMM: AM1         

| QMMM: *** Parameter sets in use ***
| QMMM: C : M.J.S.DEWAR et al. JACS, 107, 3902, (1985)
| QMMM: N : M.J.S.DEWAR et al. JACS, 107, 3902, (1985)
| QMMM: O : M.J.S.DEWAR et al. JACS, 107, 3902, (1985)
| QMMM: Cl: M.J.S.DEWAR et al. THEOCHEM, 180, 1, (1988)
| QMMM: H : M.J.S.DEWAR et al. JACS, 107, 3902, (1985)

| QMMM: *** SCF convergence criteria ***
| QMMM: Energy change                :  0.1D-09 kcal/mol
| QMMM: Error matrix |FP-PF|         :  0.1D+00 au
| QMMM: Density matrix change        :  0.5D-06
| QMMM: Maximum number of SCF cycles :     1000

| QMMM: *** Diagonalization Routine Information ***
| QMMM: Pseudo diagonalizations are allowed.
| QMMM: Auto diagonalization routine selection is in use.
| QMMM:
| QMMM: Timing diagonalization routines:
| QMMM:                              norbs =       68
| QMMM:    diag iterations used for timing =       15
| QMMM:
| QMMM:              Internal diag routine = 0.028450 seconds
| QMMM:                 Dspev diag routine = 0.070418 seconds
| QMMM:                Dspevd diag routine = 0.005200 seconds
| QMMM:                Dspevx diag routine = 0.051958 seconds
| QMMM:                 Dsyev diag routine = 0.012197 seconds
| QMMM:                Dsyevd diag routine = 0.007472 seconds
| QMMM:                Dsyevr diag routine = 0.009278 seconds
| QMMM:
| QMMM:                Pseudo diag routine = 0.003439 seconds
| QMMM:
| QMMM: Using dspevd routine (diag_routine=3).

  QMMM: QM Region Cartesian Coordinates (*=link atom) 
  QMMM: QM_NO.   MM_NO.  ATOM         X         Y         Z
  QMMM:     1        1      C        6.1000    0.8290   -6.6980
  QMMM:     2        2      C        4.7780    1.2040   -6.9080
  QMMM:     3        3      C        6.4650    0.2750   -5.4790
  QMMM:     4        4      C        3.8200    1.0250   -5.8990
  QMMM:     5        5      C        5.5060    0.0990   -4.4740
  QMMM:     6        6      C        4.1570    0.4680   -4.6560
  QMMM:     7        7      C        3.0050   -0.4940   -1.4320
  QMMM:     8        8      C        1.5600   -0.2120   -1.3250
  QMMM:     9        9      C        1.0310    0.3010   -2.4420
  QMMM:    10       10      C        1.8330    0.5770   -3.6760
  QMMM:    11       11      N        3.7650   -0.2760   -2.4490
  QMMM:    12       12      N        3.2030    0.2680   -3.5890
  QMMM:    13       13      N        0.9240   -0.5000   -0.1270
  QMMM:    14       14      O        1.2550    1.0490   -4.6550
  QMMM:    15       15      Cl      -0.6600    0.7010   -2.4940
  QMMM:    16       16      H        6.8390    0.9670   -7.4820
  QMMM:    17       17      H        4.4800    1.6380   -7.8590
  QMMM:    18       18      H        7.4950   -0.0230   -5.3010
  QMMM:    19       19      H        2.8110    1.3440   -6.1370
  QMMM:    20       20      H        5.8400   -0.3400   -3.5360
  QMMM:    21       21      H        3.4660   -0.9380   -0.5340
  QMMM:    22       22      H        1.4880   -0.3060    0.6980
  QMMM:    23       23      H       -0.0010   -0.0710   -0.0640

--------------------------------------------------------------------------------
  RESULTS
--------------------------------------------------------------------------------

      iter         sqm energy              rms gradient
      ----    -------------------    -----------------------
xmin    10       53.1471 kcal/mol        0.2176 kcal/(mol*A)
xmin    20       52.1958 kcal/mol        4.2129 kcal/(mol*A)
xmin    30       50.4998 kcal/mol        2.6330 kcal/(mol*A)
xmin    40       49.8763 kcal/mol        0.9040 kcal/(mol*A)
xmin    50       49.7838 kcal/mol        0.2502 kcal/(mol*A)
xmin    60       49.7734 kcal/mol        0.0292 kcal/(mol*A)
xmin    70       49.7721 kcal/mol        0.0197 kcal/(mol*A)
xmin    80       49.7721 kcal/mol        0.0139 kcal/(mol*A)
xmin    90       49.7721 kcal/mol        0.0017 kcal/(mol*A)
  ... geometry converged !
 
 Final MO eigenvalues (eV):
 -41.4390  -39.2842  -38.2033  -37.9931  -36.8102  -33.3942  -31.5669  -31.1608
 -29.8770  -25.5546  -24.6623  -23.1052  -22.8501  -19.9360  -19.3466  -18.6689
 -17.3221  -17.0692  -16.7602  -16.5097  -15.7526  -15.4135  -15.0403  -14.5730
 -14.2793  -14.0587  -13.9131  -13.3207  -12.7867  -12.5352  -12.4323  -12.0343
 -11.9112  -10.8125  -10.4470   -9.7553   -9.2847   -8.9695   -0.5597    0.3674
   0.4809    0.5549    0.8087    1.5183    1.9346    2.1511    2.7013    2.9460
   3.4543    3.5503    3.8709    3.9573    4.0587    4.1642    4.2830    4.3538
   4.4617    4.5625    5.0290    5.1518    5.4026    5.4467    5.4911    5.5899
   5.6005    5.9866    6.5965    6.9210

 Heat of formation   =         49.77207533 kcal/mol  (        2.15827914 eV)

 Total SCF energy    =     -62343.34113537 kcal/mol  (    -2703.41013553 eV)
 Electronic energy   =    -328607.84098809 kcal/mol  (   -14249.50526812 eV)
 Core-core repulsion =     266264.49985272 kcal/mol  (    11546.09513259 eV)
 
    Atomic Charges for Step       1 :
  Atom    Element       Mulliken Charge
     1      C                 -0.126
     2      C                 -0.124
     3      C                 -0.128
     4      C                 -0.105
     5      C                 -0.117
     6      C                  0.060
     7      C                 -0.206
     8      C                  0.141
     9      C                 -0.278
    10      C                  0.345
    11      N                  0.035
    12      N                 -0.197
    13      N                 -0.352
    14      O                 -0.317
    15      Cl                 0.022
    16      H                  0.134
    17      H                  0.138
    18      H                  0.135
    19      H                  0.156
    20      H                  0.145
    21      H                  0.180
    22      H                  0.225
    23      H                  0.235
 Total Mulliken Charge =      -0.000
 
                  X        Y        Z     TOTAL  
  QM DIPOLE     0.843    0.359    4.354    4.449
 
 Final Structure

  QMMM: QM Region Cartesian Coordinates (*=link atom) 
  QMMM: QM_NO.   MM_NO.  ATOM         X         Y         Z
  QMMM:     1        1      C        6.0035    0.8369   -6.7268
  QMMM:     2        2      C        4.8455    1.6084   -6.6438
  QMMM:     3        3      C        6.2740   -0.1130   -5.7435
  QMMM:     4        4      C        3.9580    1.4446   -5.5831
  QMMM:     5        5      C        5.3967   -0.3002   -4.6778
  QMMM:     6        6      C        4.2285    0.4823   -4.5906
  QMMM:     7        7      C        3.0586    0.0499   -1.2276
  QMMM:     8        8      C        1.5998   -0.0884   -1.3060
  QMMM:     9        9      C        1.0509   -0.0029   -2.5763
  QMMM:    10       10      C        1.8978    0.1980   -3.7531
  QMMM:    11       11      N        3.8345    0.2308   -2.2742
  QMMM:    12       12      N        3.3134    0.3073   -3.4886
  QMMM:    13       13      N        0.8774   -0.3347   -0.1701
  QMMM:    14       14      O        1.4914    0.2853   -4.9210
  QMMM:    15       15      Cl      -0.6179   -0.1350   -2.8269
  QMMM:    16       16      H        6.6998    0.9754   -7.5667
  QMMM:    17       17      H        4.6241    2.3555   -7.4207
  QMMM:    18       18      H        7.1856   -0.7259   -5.8061
  QMMM:    19       19      H        3.0366    2.0472   -5.5417
  QMMM:    20       20      H        5.6291   -1.0564   -3.9127
  QMMM:    21       21      H        3.5750   -0.0006   -0.2539
  QMMM:    22       22      H        1.3102   -0.1864    0.7076
  QMMM:    23       23      H       -0.1125   -0.2929   -0.2143

           --------- Calculation Completed ----------

