            --------------------------------------------------------
                             AMBER SQM VERSION 19
 
                                     By
              Ross C. Walker, Michael F. Crowley, Scott Brozell,
                         Tim Giese, Andreas W. Goetz,
                        Tai-Sung Lee and David A. Case
 
            --------------------------------------------------------
 

--------------------------------------------------------------------------------
  QM CALCULATION INFO
--------------------------------------------------------------------------------

| QMMM: Citation for AMBER QMMM Run:
| QMMM: R.C. Walker, M.F. Crowley and D.A. Case, J. COMP. CHEM. 29:1019, 2008

QMMM: SINGLET STATE CALCULATION
QMMM: RHF CALCULATION, NO. OF DOUBLY OCCUPIED LEVELS = 22

| QMMM: *** Selected Hamiltonian *** 
| QMMM: AM1         

| QMMM: *** Parameter sets in use ***
| QMMM: C : M.J.S.DEWAR et al. JACS, 107, 3902, (1985)
| QMMM: O : M.J.S.DEWAR et al. JACS, 107, 3902, (1985)
| QMMM: Cl: M.J.S.DEWAR et al. THEOCHEM, 180, 1, (1988)
| QMMM: H : M.J.S.DEWAR et al. JACS, 107, 3902, (1985)

| QMMM: *** SCF convergence criteria ***
| QMMM: Energy change                :  0.1D-09 kcal/mol
| QMMM: Error matrix |FP-PF|         :  0.1D+00 au
| QMMM: Density matrix change        :  0.5D-06
| QMMM: Maximum number of SCF cycles :     1000

| QMMM: *** Diagonalization Routine Information ***
| QMMM: Pseudo diagonalizations are allowed.
| QMMM: Auto diagonalization routine selection is in use.
| QMMM:
| QMMM: Timing diagonalization routines:
| QMMM:                              norbs =       36
| QMMM:    diag iterations used for timing =       20
| QMMM:
| QMMM:              Internal diag routine = 0.012163 seconds
| QMMM:                 Dspev diag routine = 0.007539 seconds
| QMMM:                Dspevd diag routine = 0.009000 seconds
| QMMM:                Dspevx diag routine = 0.039924 seconds
| QMMM:                 Dsyev diag routine = 0.004700 seconds
| QMMM:                Dsyevd diag routine = 0.004824 seconds
| QMMM:                Dsyevr diag routine = 0.005511 seconds
| QMMM:
| QMMM:                Pseudo diag routine = 0.000681 seconds
| QMMM:
| QMMM: Using dsyev routine (diag_routine=5).

  QMMM: QM Region Cartesian Coordinates (*=link atom) 
  QMMM: QM_NO.   MM_NO.  ATOM         X         Y         Z
  QMMM:     1        1      C        2.3160    1.4220    0.0000
  QMMM:     2        2      C        4.3800    2.5580    0.0000
  QMMM:     3        3      C        1.7920    0.0000    0.0000
  QMMM:     4        4      C        5.8620    2.2410   -0.0000
  QMMM:     5        5      O        3.7110    1.3320   -0.0000
  QMMM:     6        6      Cl       0.0000    0.0000    0.0000
  QMMM:     7        7      Cl       6.8200    3.7550    0.0000
  QMMM:     8        8      H        1.9650    1.9530   -0.8810
  QMMM:     9        9      H        1.9650    1.9530    0.8810
  QMMM:    10       10      H        4.1200    3.1390   -0.8810
  QMMM:    11       11      H        4.1200    3.1390    0.8820
  QMMM:    12       12      H        2.1150   -0.5310   -0.8810
  QMMM:    13       13      H        2.1150   -0.5310    0.8810
  QMMM:    14       14      H        6.1380    1.6840   -0.8820
  QMMM:    15       15      H        6.1380    1.6840    0.8810

--------------------------------------------------------------------------------
  RESULTS
--------------------------------------------------------------------------------

      iter         sqm energy              rms gradient
      ----    -------------------    -----------------------
xmin    10      -80.0494 kcal/mol        0.0277 kcal/(mol*A)
xmin    20      -80.0495 kcal/mol        0.0008 kcal/(mol*A)
  ... geometry converged !
 
 Final MO eigenvalues (eV):
 -39.6041  -37.5860  -37.3237  -32.9539  -30.3814  -24.1414  -23.8867  -18.2830
 -17.8308  -16.4157  -16.1524  -15.2316  -14.5656  -14.2402  -14.1131  -13.0169
 -12.9752  -11.7366  -11.5368  -11.4969  -11.3750  -10.9917    0.9199    1.3728
   2.8722    3.3206    3.3655    3.4370    3.6874    3.7373    3.7439    4.1042
   4.1568    4.2567    4.2584    5.6144

 Heat of formation   =        -80.04951704 kcal/mol  (       -3.47120754 eV)

 Total SCF energy    =     -39001.10770845 kcal/mol  (    -1691.21493901 eV)
 Electronic energy   =    -133426.89192745 kcal/mol  (    -5785.82420222 eV)
 Core-core repulsion =      94425.78421900 kcal/mol  (     4094.60926322 eV)
 
    Atomic Charges for Step       1 :
  Atom    Element       Mulliken Charge
     1      C                 -0.028
     2      C                 -0.028
     3      C                 -0.123
     4      C                 -0.123
     5      O                 -0.287
     6      Cl                -0.109
     7      Cl                -0.109
     8      H                  0.083
     9      H                  0.083
    10      H                  0.083
    11      H                  0.083
    12      H                  0.118
    13      H                  0.118
    14      H                  0.118
    15      H                  0.118
 Total Mulliken Charge =       0.000
 
                  X        Y        Z     TOTAL  
  QM DIPOLE    -0.017    0.031    0.001    0.035
 
 Final Structure

  QMMM: QM Region Cartesian Coordinates (*=link atom) 
  QMMM: QM_NO.   MM_NO.  ATOM         X         Y         Z
  QMMM:     1        1      C        2.3116    1.4195    0.0004
  QMMM:     2        2      C        4.3849    2.5609   -0.0000
  QMMM:     3        3      C        1.7715    0.0011    0.0001
  QMMM:     4        4      C        5.8722    2.2587   -0.0005
  QMMM:     5        5      O        3.7334    1.2905   -0.0001
  QMMM:     6        6      Cl       0.0204    0.0149   -0.0001
  QMMM:     7        7      Cl       6.7970    3.7457   -0.0002
  QMMM:     8        8      H        1.9821    1.9803   -0.9145
  QMMM:     9        9      H        1.9827    1.9796    0.9160
  QMMM:    10       10      H        4.0871    3.1390   -0.9151
  QMMM:    11       11      H        4.0876    3.1386    0.9154
  QMMM:    12       12      H        2.1029   -0.5495   -0.9121
  QMMM:    13       13      H        2.1027   -0.5498    0.9123
  QMMM:    14       14      H        6.1602    1.6846   -0.9130
  QMMM:    15       15      H        6.1606    1.6839    0.9114

           --------- Calculation Completed ----------

