            --------------------------------------------------------
                             AMBER SQM VERSION 19
 
                                     By
              Ross C. Walker, Michael F. Crowley, Scott Brozell,
                         Tim Giese, Andreas W. Goetz,
                        Tai-Sung Lee and David A. Case
 
            --------------------------------------------------------
 

--------------------------------------------------------------------------------
  QM CALCULATION INFO
--------------------------------------------------------------------------------

| QMMM: Citation for AMBER QMMM Run:
| QMMM: R.C. Walker, M.F. Crowley and D.A. Case, J. COMP. CHEM. 29:1019, 2008

QMMM: SINGLET STATE CALCULATION
QMMM: RHF CALCULATION, NO. OF DOUBLY OCCUPIED LEVELS = 21

| QMMM: *** Selected Hamiltonian *** 
| QMMM: AM1         

| QMMM: *** Parameter sets in use ***
| QMMM: C : M.J.S.DEWAR et al. JACS, 107, 3902, (1985)
| QMMM: N : M.J.S.DEWAR et al. JACS, 107, 3902, (1985)
| QMMM: H : M.J.S.DEWAR et al. JACS, 107, 3902, (1985)

| QMMM: *** SCF convergence criteria ***
| QMMM: Energy change                :  0.1D-09 kcal/mol
| QMMM: Error matrix |FP-PF|         :  0.1D+00 au
| QMMM: Density matrix change        :  0.5D-06
| QMMM: Maximum number of SCF cycles :     1000

| QMMM: *** Diagonalization Routine Information ***
| QMMM: Pseudo diagonalizations are allowed.
| QMMM: Auto diagonalization routine selection is in use.
| QMMM:
| QMMM: Timing diagonalization routines:
| QMMM:                              norbs =       41
| QMMM:    diag iterations used for timing =       20
| QMMM:
| QMMM:              Internal diag routine = 0.003401 seconds
| QMMM:                 Dspev diag routine = 0.023974 seconds
| QMMM:                Dspevd diag routine = 0.007957 seconds
| QMMM:                Dspevx diag routine = 0.021714 seconds
| QMMM:                 Dsyev diag routine = 0.010864 seconds
| QMMM:                Dsyevd diag routine = 0.003743 seconds
| QMMM:                Dsyevr diag routine = 0.004703 seconds
| QMMM:
| QMMM:                Pseudo diag routine = 0.001156 seconds
| QMMM:
| QMMM: Using internal diagonalization routine (diag_routine=1).

  QMMM: QM Region Cartesian Coordinates (*=link atom) 
  QMMM: QM_NO.   MM_NO.  ATOM         X         Y         Z
  QMMM:     1        1      C        0.5010   -0.5710   -0.7890
  QMMM:     2        2      C        0.8640   -1.9620   -0.2800
  QMMM:     3        3      C       -0.3940   -0.6590   -2.0210
  QMMM:     4        4      C        1.4280   -2.8360   -1.4030
  QMMM:     5        5      C        0.2140   -1.5780   -3.0840
  QMMM:     6        6      C       -0.6070   -3.7540   -2.3700
  QMMM:     7        7      N        0.5690   -2.9150   -2.5920
  QMMM:     8        8      H       -0.0000   -0.0000   -0.0000
  QMMM:     9        9      H        1.4190   -0.0270   -1.0450
  QMMM:    10       10      H        1.5980   -1.8790    0.5290
  QMMM:    11       11      H       -0.0280   -2.4380    0.1470
  QMMM:    12       12      H       -1.3820   -1.0360   -1.7270
  QMMM:    13       13      H       -0.5460    0.3420   -2.4390
  QMMM:    14       14      H        2.4020   -2.4330   -1.7090
  QMMM:    15       15      H        1.6330   -3.8440   -1.0220
  QMMM:    16       16      H       -0.4720   -1.6640   -3.9360
  QMMM:    17       17      H        1.1210   -1.1060   -3.4840
  QMMM:    18       18      H       -1.0970   -3.9890   -3.3190
  QMMM:    19       19      H       -1.3230   -3.2370   -1.7240
  QMMM:    20       20      H       -0.3170   -4.6890   -1.8830

--------------------------------------------------------------------------------
  RESULTS
--------------------------------------------------------------------------------

      iter         sqm energy              rms gradient
      ----    -------------------    -----------------------
xmin    10      -16.7439 kcal/mol        0.0965 kcal/(mol*A)
xmin    20      -16.7604 kcal/mol        0.1439 kcal/(mol*A)
xmin    30      -16.7619 kcal/mol        0.0153 kcal/(mol*A)
xmin    40      -16.7620 kcal/mol        0.0007 kcal/(mol*A)
  ... geometry converged !
 
 Final MO eigenvalues (eV):
 -39.6613  -34.0088  -31.5032  -27.6790  -23.8976  -23.6605  -19.8855  -16.7840
 -15.9831  -15.4319  -15.2225  -14.4442  -14.2109  -13.0803  -12.7194  -12.5212
 -11.8918  -11.7193  -11.4086  -11.2282   -9.0469    3.1815    3.6455    3.8580
   3.9453    4.0471    4.2354    4.2418    4.4545    4.4580    4.5555    4.7329
   4.7944    4.8355    4.9606    5.0013    5.0626    5.0686    5.2544    6.3045
   6.3669

 Heat of formation   =        -16.76197124 kcal/mol  (       -0.72685362 eV)

 Total SCF energy    =     -26633.52012478 kcal/mol  (    -1154.91609751 eV)
 Electronic energy   =    -130561.87024771 kcal/mol  (    -5661.58753947 eV)
 Core-core repulsion =     103928.35012293 kcal/mol  (     4506.67144196 eV)
 
    Atomic Charges for Step       1 :
  Atom    Element       Mulliken Charge
     1      C                 -0.154
     2      C                 -0.190
     3      C                 -0.190
     4      C                 -0.074
     5      C                 -0.074
     6      C                 -0.125
     7      N                 -0.246
     8      H                  0.079
     9      H                  0.080
    10      H                  0.085
    11      H                  0.080
    12      H                  0.080
    13      H                  0.085
    14      H                  0.090
    15      H                  0.088
    16      H                  0.088
    17      H                  0.090
    18      H                  0.082
    19      H                  0.045
    20      H                  0.082
 Total Mulliken Charge =      -0.000
 
                  X        Y        Z     TOTAL  
  QM DIPOLE    -0.627    0.487    0.805    1.131
 
 Final Structure

  QMMM: QM Region Cartesian Coordinates (*=link atom) 
  QMMM: QM_NO.   MM_NO.  ATOM         X         Y         Z
  QMMM:     1        1      C        0.5330   -0.5418   -0.7997
  QMMM:     2        2      C        0.8571   -1.9190   -0.2591
  QMMM:     3        3      C       -0.3819   -0.6294   -2.0036
  QMMM:     4        4      C        1.3810   -2.8305   -1.3703
  QMMM:     5        5      C        0.1873   -1.5879   -3.0511
  QMMM:     6        6      C       -0.5841   -3.7976   -2.4131
  QMMM:     7        7      N        0.5491   -2.9116   -2.5629
  QMMM:     8        8      H        0.0484    0.0751    0.0006
  QMMM:     9        9      H        1.4845   -0.0246   -1.0932
  QMMM:    10       10      H        1.6337   -1.8419    0.5438
  QMMM:    11       11      H       -0.0616   -2.3701    0.1987
  QMMM:    12       12      H       -1.3967   -0.9804   -1.6811
  QMMM:    13       13      H       -0.5038    0.3830   -2.4659
  QMMM:    14       14      H        2.3859   -2.4458   -1.7062
  QMMM:    15       15      H        1.5274   -3.8671   -0.9589
  QMMM:    16       16      H       -0.5541   -1.7006   -3.8896
  QMMM:    17       17      H        1.1275   -1.1359   -3.4781
  QMMM:    18       18      H       -1.1147   -3.8760   -3.3981
  QMMM:    19       19      H       -1.3232   -3.4572   -1.6370
  QMMM:    20       20      H       -0.2117   -4.8158   -2.1260

           --------- Calculation Completed ----------

