            --------------------------------------------------------
                             AMBER SQM VERSION 19
 
                                     By
              Ross C. Walker, Michael F. Crowley, Scott Brozell,
                         Tim Giese, Andreas W. Goetz,
                        Tai-Sung Lee and David A. Case
 
            --------------------------------------------------------
 

--------------------------------------------------------------------------------
  QM CALCULATION INFO
--------------------------------------------------------------------------------

| QMMM: Citation for AMBER QMMM Run:
| QMMM: R.C. Walker, M.F. Crowley and D.A. Case, J. COMP. CHEM. 29:1019, 2008

QMMM: SINGLET STATE CALCULATION
QMMM: RHF CALCULATION, NO. OF DOUBLY OCCUPIED LEVELS = 37

| QMMM: *** Selected Hamiltonian *** 
| QMMM: AM1         

| QMMM: *** Parameter sets in use ***
| QMMM: C : M.J.S.DEWAR et al. JACS, 107, 3902, (1985)
| QMMM: O : M.J.S.DEWAR et al. JACS, 107, 3902, (1985)
| QMMM: Cl: M.J.S.DEWAR et al. THEOCHEM, 180, 1, (1988)
| QMMM: H : M.J.S.DEWAR et al. JACS, 107, 3902, (1985)

| QMMM: *** SCF convergence criteria ***
| QMMM: Energy change                :  0.1D-09 kcal/mol
| QMMM: Error matrix |FP-PF|         :  0.1D+00 au
| QMMM: Density matrix change        :  0.5D-06
| QMMM: Maximum number of SCF cycles :     1000

| QMMM: *** Diagonalization Routine Information ***
| QMMM: Pseudo diagonalizations are allowed.
| QMMM: Auto diagonalization routine selection is in use.
| QMMM:
| QMMM: Timing diagonalization routines:
| QMMM:                              norbs =       67
| QMMM:    diag iterations used for timing =       15
| QMMM:
| QMMM:              Internal diag routine = 0.021682 seconds
| QMMM:                 Dspev diag routine = 0.058186 seconds
| QMMM:                Dspevd diag routine = 0.015053 seconds
| QMMM:                Dspevx diag routine = 0.034760 seconds
| QMMM:                 Dsyev diag routine = 0.007211 seconds
| QMMM:                Dsyevd diag routine = 0.005903 seconds
| QMMM:                Dsyevr diag routine = 0.008036 seconds
| QMMM:
| QMMM:                Pseudo diag routine = 0.003803 seconds
| QMMM:
| QMMM: Using dsyevd routine (diag_routine=6).

  QMMM: QM Region Cartesian Coordinates (*=link atom) 
  QMMM: QM_NO.   MM_NO.  ATOM         X         Y         Z
  QMMM:     1        1      C       -1.8580    0.7400    0.8000
  QMMM:     2        2      C       -1.0040   -0.2570    0.3260
  QMMM:     3        3      C       -3.1490    0.4150    1.2200
  QMMM:     4        4      C       -1.4370   -1.5820    0.2690
  QMMM:     5        5      C       -6.5290   -2.8210    1.9320
  QMMM:     6        6      C       -6.9620   -4.1460    1.8750
  QMMM:     7        7      C       -4.8170   -4.8180    0.9820
  QMMM:     8        8      C       -3.5800   -0.9100    1.1630
  QMMM:     9        9      C       -2.7270   -1.9050    0.6890
  QMMM:    10       10      C       -5.2390   -2.4980    1.5120
  QMMM:    11       11      C       -4.3860   -3.4940    1.0380
  QMMM:    12       12      C       -6.1070   -5.1430    1.4010
  QMMM:    13       13      O       -4.8560   -1.1830    1.5850
  QMMM:    14       14      O       -3.1090   -3.2200    0.6160
  QMMM:    15       15      Cl      -6.6470   -6.7760    1.3330
  QMMM:    16       16      H       -1.5180    1.7700    0.8430
  QMMM:    17       17      H        0.0000   -0.0000    0.0000
  QMMM:    18       18      H       -3.8080    1.1960    1.5870
  QMMM:    19       19      H       -0.7660   -2.3520   -0.1010
  QMMM:    20       20      H       -7.1990   -2.0510    2.3020
  QMMM:    21       21      H       -7.9690   -4.3890    2.2050
  QMMM:    22       22      H       -4.1460   -5.5900    0.6110

--------------------------------------------------------------------------------
  RESULTS
--------------------------------------------------------------------------------

      iter         sqm energy              rms gradient
      ----    -------------------    -----------------------
xmin    10       -4.1021 kcal/mol        0.0062 kcal/(mol*A)
  ... geometry converged !
 
 Final MO eigenvalues (eV):
 -42.2787  -39.5710  -38.7581  -38.1985  -37.0550  -32.3866  -31.3206  -31.0135
 -29.5624  -25.2775  -24.6666  -23.0929  -21.8970  -20.8616  -18.4060  -18.1930
 -17.1908  -16.8558  -16.7074  -16.5426  -15.3854  -15.1892  -15.1409  -15.0272
 -14.4751  -14.4456  -13.8116  -13.3176  -12.9737  -12.9106  -12.2066  -12.0066
 -11.9676  -10.2896  -10.0550   -9.6724   -8.7021   -0.3713   -0.1230    0.1302
   0.2918    1.1158    1.6252    2.0144    2.2083    2.5413    2.6972    3.3617
   3.5960    3.6636    3.7569    3.8128    3.9385    4.0538    4.2253    4.3310
   4.5499    4.6232    4.6920    4.8756    4.9078    4.9272    5.1329    5.2655
   5.5105    5.5296    6.2727

 Heat of formation   =         -4.10211390 kcal/mol  (       -0.17788101 eV)

 Total SCF energy    =     -61003.30151916 kcal/mol  (    -2645.30165731 eV)
 Electronic energy   =    -316029.20096029 kcal/mol  (   -13704.05450589 eV)
 Core-core repulsion =     255025.89944112 kcal/mol  (    11058.75284858 eV)
 
    Atomic Charges for Step       1 :
  Atom    Element       Mulliken Charge
     1      C                 -0.126
     2      C                 -0.126
     3      C                 -0.115
     4      C                 -0.115
     5      C                 -0.110
     6      C                 -0.122
     7      C                 -0.114
     8      C                  0.016
     9      C                  0.016
    10      C                  0.019
    11      C                  0.027
    12      C                 -0.061
    13      O                 -0.132
    14      O                 -0.131
    15      Cl                -0.005
    16      H                  0.141
    17      H                  0.141
    18      H                  0.156
    19      H                  0.156
    20      H                  0.160
    21      H                  0.155
    22      H                  0.169
 Total Mulliken Charge =       0.000
 
                  X        Y        Z     TOTAL  
  QM DIPOLE     0.555    1.328    0.011    1.440
 
 Final Structure

  QMMM: QM Region Cartesian Coordinates (*=link atom) 
  QMMM: QM_NO.   MM_NO.  ATOM         X         Y         Z
  QMMM:     1        1      C       -1.8587    0.7392    0.7999
  QMMM:     2        2      C       -1.0045   -0.2569    0.3260
  QMMM:     3        3      C       -3.1510    0.4292    1.2227
  QMMM:     4        4      C       -1.4230   -1.5858    0.2639
  QMMM:     5        5      C       -6.5423   -2.8202    1.9367
  QMMM:     6        6      C       -6.9677   -4.1459    1.8772
  QMMM:     7        7      C       -4.8095   -4.8349    0.9761
  QMMM:     8        8      C       -3.5774   -0.9018    1.1632
  QMMM:     9        9      C       -2.7181   -1.9037    0.6864
  QMMM:    10       10      C       -5.2475   -2.5009    1.5150
  QMMM:    11       11      C       -4.3876   -3.5036    1.0378
  QMMM:    12       12      C       -6.1067   -5.1399    1.4010
  QMMM:    13       13      O       -4.8769   -1.1613    1.5968
  QMMM:    14       14      O       -3.0893   -3.2453    0.6050
  QMMM:    15       15      Cl      -6.6403   -6.7517    1.3346
  QMMM:    16       16      H       -1.5135    1.7830    0.8427
  QMMM:    17       17      H        0.0123    0.0038   -0.0039
  QMMM:    18       18      H       -3.8341    1.2040    1.5982
  QMMM:    19       19      H       -0.7604   -2.3803   -0.1073
  QMMM:    20       20      H       -7.2060   -2.0262    2.3083
  QMMM:    21       21      H       -7.9854   -4.4049    2.2074
  QMMM:    22       22      H       -4.1255   -5.6099    0.6002

           --------- Calculation Completed ----------

