            --------------------------------------------------------
                             AMBER SQM VERSION 19
 
                                     By
              Ross C. Walker, Michael F. Crowley, Scott Brozell,
                         Tim Giese, Andreas W. Goetz,
                        Tai-Sung Lee and David A. Case
 
            --------------------------------------------------------
 

--------------------------------------------------------------------------------
  QM CALCULATION INFO
--------------------------------------------------------------------------------

| QMMM: Citation for AMBER QMMM Run:
| QMMM: R.C. Walker, M.F. Crowley and D.A. Case, J. COMP. CHEM. 29:1019, 2008

QMMM: SINGLET STATE CALCULATION
QMMM: RHF CALCULATION, NO. OF DOUBLY OCCUPIED LEVELS = 21

| QMMM: *** Selected Hamiltonian *** 
| QMMM: AM1         

| QMMM: *** Parameter sets in use ***
| QMMM: C : M.J.S.DEWAR et al. JACS, 107, 3902, (1985)
| QMMM: O : M.J.S.DEWAR et al. JACS, 107, 3902, (1985)
| QMMM: Cl: M.J.S.DEWAR et al. THEOCHEM, 180, 1, (1988)
| QMMM: H : M.J.S.DEWAR et al. JACS, 107, 3902, (1985)

| QMMM: *** SCF convergence criteria ***
| QMMM: Energy change                :  0.1D-09 kcal/mol
| QMMM: Error matrix |FP-PF|         :  0.1D+00 au
| QMMM: Density matrix change        :  0.5D-06
| QMMM: Maximum number of SCF cycles :     1000

| QMMM: *** Diagonalization Routine Information ***
| QMMM: Pseudo diagonalizations are allowed.
| QMMM: Auto diagonalization routine selection is in use.
| QMMM:
| QMMM: Timing diagonalization routines:
| QMMM:                              norbs =       37
| QMMM:    diag iterations used for timing =       20
| QMMM:
| QMMM:              Internal diag routine = 0.002599 seconds
| QMMM:                 Dspev diag routine = 0.007609 seconds
| QMMM:                Dspevd diag routine = 0.007021 seconds
| QMMM:                Dspevx diag routine = 0.021713 seconds
| QMMM:                 Dsyev diag routine = 0.004552 seconds
| QMMM:                Dsyevd diag routine = 0.003991 seconds
| QMMM:                Dsyevr diag routine = 0.004098 seconds
| QMMM:
| QMMM:                Pseudo diag routine = 0.000813 seconds
| QMMM:
| QMMM: Using internal diagonalization routine (diag_routine=1).

  QMMM: QM Region Cartesian Coordinates (*=link atom) 
  QMMM: QM_NO.   MM_NO.  ATOM         X         Y         Z
  QMMM:     1        1      C        1.8850   -1.0380   -0.1090
  QMMM:     2        2      C        0.8180   -0.4410    0.5630
  QMMM:     3        3      C        2.9350   -1.6040    0.6140
  QMMM:     4        4      C        0.8010   -0.4100    1.9570
  QMMM:     5        5      C        2.9180   -1.5730    2.0080
  QMMM:     6        6      C        1.8510   -0.9770    2.6800
  QMMM:     7        7      O        3.9570   -2.1350    2.6890
  QMMM:     8        8      Cl       1.8050   -0.9220    4.4040
  QMMM:     9        9      H        1.8990   -1.0590   -1.1950
  QMMM:    10       10      H        0.0010    0.0020    0.0000
  QMMM:    11       11      H        3.7630   -2.0670    0.0830
  QMMM:    12       12      H       -0.0370    0.0590    2.4660
  QMMM:    13       13      H        3.8730   -1.9060    3.6320

--------------------------------------------------------------------------------
  RESULTS
--------------------------------------------------------------------------------

      iter         sqm energy              rms gradient
      ----    -------------------    -----------------------
xmin    10      -28.7764 kcal/mol        0.2362 kcal/(mol*A)
xmin    20      -28.7869 kcal/mol        0.0421 kcal/(mol*A)
xmin    30      -28.7873 kcal/mol        0.0140 kcal/(mol*A)
xmin    40      -28.7873 kcal/mol        0.0043 kcal/(mol*A)
xmin    50      -28.7873 kcal/mol        0.0022 kcal/(mol*A)
  ... geometry converged !
 
 Final MO eigenvalues (eV):
 -40.4719  -37.8226  -37.5671  -31.6465  -30.4724  -23.9656  -23.4089  -19.4432
 -17.8607  -17.0740  -15.5363  -15.4842  -14.8524  -14.6401  -13.5629  -13.1530
 -12.4666  -12.4387  -11.9992   -9.8664   -9.2593    0.0297    0.2413    1.1298
   2.5189    2.7969    3.4530    3.7660    4.0206    4.0999    4.3677    4.7490
   4.8447    5.0409    5.3389    5.5394    6.0834

 Heat of formation   =        -28.78732593 kcal/mol  (       -1.24831213 eV)

 Total SCF energy    =     -35306.88854178 kcal/mol  (    -1531.02157503 eV)
 Electronic energy   =    -131786.20604247 kcal/mol  (    -5714.67872349 eV)
 Core-core repulsion =      96479.31750069 kcal/mol  (     4183.65714846 eV)
 
    Atomic Charges for Step       1 :
  Atom    Element       Mulliken Charge
     1      C                 -0.094
     2      C                 -0.159
     3      C                 -0.151
     4      C                 -0.085
     5      C                  0.092
     6      C                 -0.150
     7      O                 -0.245
     8      Cl                -0.018
     9      H                  0.139
    10      H                  0.139
    11      H                  0.155
    12      H                  0.148
    13      H                  0.229
 Total Mulliken Charge =      -0.000
 
                  X        Y        Z     TOTAL  
  QM DIPOLE    -0.717    0.377   -0.470    0.937
 
 Final Structure

  QMMM: QM Region Cartesian Coordinates (*=link atom) 
  QMMM: QM_NO.   MM_NO.  ATOM         X         Y         Z
  QMMM:     1        1      C        1.8865   -1.0425   -0.0998
  QMMM:     2        2      C        0.8122   -0.4441    0.5635
  QMMM:     3        3      C        2.9399   -1.5946    0.6180
  QMMM:     4        4      C        0.7872   -0.3954    1.9539
  QMMM:     5        5      C        2.9202   -1.5483    2.0244
  QMMM:     6        6      C        1.8394   -0.9462    2.6927
  QMMM:     7        7      O        3.9989   -2.1162    2.6557
  QMMM:     8        8      Cl       1.7914   -0.8772    4.3934
  QMMM:     9        9      H        1.9005   -1.0780   -1.1998
  QMMM:    10       10      H       -0.0172   -0.0098   -0.0132
  QMMM:    11       11      H        3.7932   -2.0693    0.1128
  QMMM:    12       12      H       -0.0595    0.0762    2.4763
  QMMM:    13       13      H        3.8764   -2.0255    3.6141

           --------- Calculation Completed ----------

