            --------------------------------------------------------
                             AMBER SQM VERSION 19
 
                                     By
              Ross C. Walker, Michael F. Crowley, Scott Brozell,
                         Tim Giese, Andreas W. Goetz,
                        Tai-Sung Lee and David A. Case
 
            --------------------------------------------------------
 

--------------------------------------------------------------------------------
  QM CALCULATION INFO
--------------------------------------------------------------------------------

| QMMM: Citation for AMBER QMMM Run:
| QMMM: R.C. Walker, M.F. Crowley and D.A. Case, J. COMP. CHEM. 29:1019, 2008

QMMM: SINGLET STATE CALCULATION
QMMM: RHF CALCULATION, NO. OF DOUBLY OCCUPIED LEVELS = 21

| QMMM: *** Selected Hamiltonian *** 
| QMMM: AM1         

| QMMM: *** Parameter sets in use ***
| QMMM: C : M.J.S.DEWAR et al. JACS, 107, 3902, (1985)
| QMMM: H : M.J.S.DEWAR et al. JACS, 107, 3902, (1985)

| QMMM: *** SCF convergence criteria ***
| QMMM: Energy change                :  0.1D-09 kcal/mol
| QMMM: Error matrix |FP-PF|         :  0.1D+00 au
| QMMM: Density matrix change        :  0.5D-06
| QMMM: Maximum number of SCF cycles :     1000

| QMMM: *** Diagonalization Routine Information ***
| QMMM: Pseudo diagonalizations are allowed.
| QMMM: Auto diagonalization routine selection is in use.
| QMMM:
| QMMM: Timing diagonalization routines:
| QMMM:                              norbs =       42
| QMMM:    diag iterations used for timing =       20
| QMMM:
| QMMM:              Internal diag routine = 0.003751 seconds
| QMMM:                 Dspev diag routine = 0.005220 seconds
| QMMM:                Dspevd diag routine = 0.003784 seconds
| QMMM:                Dspevx diag routine = 0.018761 seconds
| QMMM:                 Dsyev diag routine = 0.004893 seconds
| QMMM:                Dsyevd diag routine = 0.003931 seconds
| QMMM:                Dsyevr diag routine = 0.005641 seconds
| QMMM:
| QMMM:                Pseudo diag routine = 0.001575 seconds
| QMMM:
| QMMM: Using internal diagonalization routine (diag_routine=1).

  QMMM: QM Region Cartesian Coordinates (*=link atom) 
  QMMM: QM_NO.   MM_NO.  ATOM         X         Y         Z
  QMMM:     1        1      C        0.8180   -0.4390    0.5640
  QMMM:     2        2      C        0.7990   -0.4060    1.9590
  QMMM:     3        3      C        2.9370   -1.5970    0.6200
  QMMM:     4        4      C        2.9180   -1.5650    2.0140
  QMMM:     5        5      C        1.8870   -1.0340   -0.1050
  QMMM:     6        6      C        1.8500   -0.9690    2.6840
  QMMM:     7        7      C        1.9060   -1.0700   -1.5960
  QMMM:     8        8      C        1.8300   -0.9340    4.1740
  QMMM:     9        9      H       -0.0050    0.0030    0.0080
  QMMM:    10       10      H       -0.0370    0.0610    2.4720
  QMMM:    11       11      H        3.7740   -2.0630    0.1060
  QMMM:    12       12      H        3.7410   -2.0050    2.5710
  QMMM:    13       13      H        2.1010   -2.0890   -1.9510
  QMMM:    14       14      H        0.9490   -0.7320   -2.0150
  QMMM:    15       15      H        2.6820   -0.4060   -2.0000
  QMMM:    16       16      H        2.7330   -0.4430    4.5570
  QMMM:    17       17      H        0.9530   -0.3900    4.5490
  QMMM:    18       18      H        1.7790   -1.9460    4.5960

--------------------------------------------------------------------------------
  RESULTS
--------------------------------------------------------------------------------

      iter         sqm energy              rms gradient
      ----    -------------------    -----------------------
xmin    10        6.6866 kcal/mol        0.0336 kcal/(mol*A)
xmin    20        6.6865 kcal/mol        0.0141 kcal/(mol*A)
xmin    30        6.6864 kcal/mol        0.0092 kcal/(mol*A)
xmin    40        6.6862 kcal/mol        0.0126 kcal/(mol*A)
xmin    50        6.6861 kcal/mol        0.0188 kcal/(mol*A)
xmin    60        6.6860 kcal/mol        0.0071 kcal/(mol*A)
xmin    70        6.6858 kcal/mol        0.0203 kcal/(mol*A)
xmin    80        6.6857 kcal/mol        0.0097 kcal/(mol*A)
xmin    90        6.6856 kcal/mol        0.0082 kcal/(mol*A)
xmin   100        6.6854 kcal/mol        0.0198 kcal/(mol*A)
xmin   110        6.6852 kcal/mol        0.0270 kcal/(mol*A)
xmin   120        6.6851 kcal/mol        0.0161 kcal/(mol*A)
xmin   130        6.6850 kcal/mol        0.0119 kcal/(mol*A)
xmin   140        6.6848 kcal/mol        0.0231 kcal/(mol*A)
xmin   150        6.6847 kcal/mol        0.0158 kcal/(mol*A)
xmin   160        6.6846 kcal/mol        0.0172 kcal/(mol*A)
xmin   170        6.6843 kcal/mol        0.0144 kcal/(mol*A)
xmin   180        6.6842 kcal/mol        0.0109 kcal/(mol*A)
xmin   190        6.6840 kcal/mol        0.0059 kcal/(mol*A)
xmin   200        6.6836 kcal/mol        0.0070 kcal/(mol*A)
xmin   210        6.6834 kcal/mol        0.0110 kcal/(mol*A)
xmin   220        6.6833 kcal/mol        0.0199 kcal/(mol*A)
xmin   230        6.6830 kcal/mol        0.0099 kcal/(mol*A)
xmin   240        6.6828 kcal/mol        0.0058 kcal/(mol*A)
xmin   250        6.6826 kcal/mol        0.0206 kcal/(mol*A)
xmin   260        6.6825 kcal/mol        0.0154 kcal/(mol*A)
xmin   270        6.6823 kcal/mol        0.0052 kcal/(mol*A)
xmin   280        6.6822 kcal/mol        0.0165 kcal/(mol*A)
xmin   290        6.6820 kcal/mol        0.0199 kcal/(mol*A)
xmin   300        6.6818 kcal/mol        0.0591 kcal/(mol*A)
xmin   310        6.6815 kcal/mol        0.0144 kcal/(mol*A)
xmin   320        6.6813 kcal/mol        0.0445 kcal/(mol*A)
xmin   330        6.6812 kcal/mol        0.0179 kcal/(mol*A)
xmin   340        6.6810 kcal/mol        0.0099 kcal/(mol*A)
xmin   350        6.6808 kcal/mol        0.0398 kcal/(mol*A)
xmin   360        6.6806 kcal/mol        0.0285 kcal/(mol*A)
xmin   370        6.6804 kcal/mol        0.0175 kcal/(mol*A)
xmin   380        6.6802 kcal/mol        0.0101 kcal/(mol*A)
xmin   390        6.6799 kcal/mol        0.0400 kcal/(mol*A)
xmin   400        6.6796 kcal/mol        0.0157 kcal/(mol*A)
xmin   410        6.6795 kcal/mol        0.0293 kcal/(mol*A)
xmin   420        6.6793 kcal/mol        0.0597 kcal/(mol*A)
xmin   430        6.6791 kcal/mol        0.0276 kcal/(mol*A)
xmin   440        6.6789 kcal/mol        0.0361 kcal/(mol*A)
xmin   450        6.6787 kcal/mol        0.0078 kcal/(mol*A)
xmin   460        6.6784 kcal/mol        0.0442 kcal/(mol*A)
xmin   470        6.6782 kcal/mol        0.0366 kcal/(mol*A)
xmin   480        6.6780 kcal/mol        0.0318 kcal/(mol*A)
xmin   490        6.6778 kcal/mol        0.0459 kcal/(mol*A)
xmin   500        6.6775 kcal/mol        0.0349 kcal/(mol*A)
xmin   510        6.6773 kcal/mol        0.0458 kcal/(mol*A)
xmin   520        6.6771 kcal/mol        0.0464 kcal/(mol*A)
xmin   530        6.6769 kcal/mol        0.0319 kcal/(mol*A)
xmin   540        6.6767 kcal/mol        0.0131 kcal/(mol*A)
xmin   550        6.6766 kcal/mol        0.0044 kcal/(mol*A)
xmin   560        6.6764 kcal/mol        0.0151 kcal/(mol*A)
xmin   570        6.6761 kcal/mol        0.0276 kcal/(mol*A)
xmin   580        6.6760 kcal/mol        0.0099 kcal/(mol*A)
xmin   590        6.6758 kcal/mol        0.0075 kcal/(mol*A)
xmin   600        6.6756 kcal/mol        0.0190 kcal/(mol*A)
xmin   610        6.6753 kcal/mol        0.0572 kcal/(mol*A)
xmin   620        6.6752 kcal/mol        0.0203 kcal/(mol*A)
xmin   630        6.6750 kcal/mol        0.0187 kcal/(mol*A)
xmin   640        6.6749 kcal/mol        0.0189 kcal/(mol*A)
xmin   650        6.6747 kcal/mol        0.0037 kcal/(mol*A)
xmin   660        6.6746 kcal/mol        0.0189 kcal/(mol*A)
xmin   670        6.6745 kcal/mol        0.0057 kcal/(mol*A)
xmin   680        6.6744 kcal/mol        0.0090 kcal/(mol*A)
xmin   690        6.6742 kcal/mol        0.0264 kcal/(mol*A)
xmin   700        6.6740 kcal/mol        0.0218 kcal/(mol*A)
xmin   710        6.6739 kcal/mol        0.0052 kcal/(mol*A)
xmin   720        6.6738 kcal/mol        0.0057 kcal/(mol*A)
xmin   730        6.6737 kcal/mol        0.0157 kcal/(mol*A)
xmin   740        6.6736 kcal/mol        0.0146 kcal/(mol*A)
xmin   750        6.6735 kcal/mol        0.0128 kcal/(mol*A)
xmin   760        6.6734 kcal/mol        0.0120 kcal/(mol*A)
xmin   770        6.6733 kcal/mol        0.0100 kcal/(mol*A)
xmin   780        6.6732 kcal/mol        0.0077 kcal/(mol*A)
xmin   790        6.6732 kcal/mol        0.0232 kcal/(mol*A)
xmin   800        6.6731 kcal/mol        0.0056 kcal/(mol*A)
xmin   810        6.6730 kcal/mol        0.0081 kcal/(mol*A)
xmin   820        6.6729 kcal/mol        0.0136 kcal/(mol*A)
xmin   830        6.6729 kcal/mol        0.0062 kcal/(mol*A)
xmin   840        6.6728 kcal/mol        0.0293 kcal/(mol*A)
xmin   850        6.6727 kcal/mol        0.0096 kcal/(mol*A)
xmin   860        6.6727 kcal/mol        0.0077 kcal/(mol*A)
xmin   870        6.6726 kcal/mol        0.0122 kcal/(mol*A)
xmin   880        6.6725 kcal/mol        0.0053 kcal/(mol*A)
xmin   890        6.6725 kcal/mol        0.0153 kcal/(mol*A)
xmin   900        6.6724 kcal/mol        0.0220 kcal/(mol*A)
xmin   910        6.6724 kcal/mol        0.0088 kcal/(mol*A)
xmin   920        6.6724 kcal/mol        0.0045 kcal/(mol*A)
xmin   930        6.6723 kcal/mol        0.0049 kcal/(mol*A)
xmin   940        6.6723 kcal/mol        0.0025 kcal/(mol*A)
xmin   950        6.6723 kcal/mol        0.0053 kcal/(mol*A)
xmin   960        6.6723 kcal/mol        0.0029 kcal/(mol*A)
xmin   970        6.6722 kcal/mol        0.0013 kcal/(mol*A)
xmin   980        6.6722 kcal/mol        0.0046 kcal/(mol*A)
xmin   990        6.6722 kcal/mol        0.0045 kcal/(mol*A)
xmin  1000        6.6721 kcal/mol        0.0066 kcal/(mol*A)
xmin  1010        6.6721 kcal/mol        0.0032 kcal/(mol*A)
xmin  1020        6.6721 kcal/mol        0.0026 kcal/(mol*A)
xmin  1030        6.6721 kcal/mol        0.0064 kcal/(mol*A)
xmin  1040        6.6721 kcal/mol        0.0017 kcal/(mol*A)
xmin  1050        6.6720 kcal/mol        0.0018 kcal/(mol*A)
xmin  1060        6.6720 kcal/mol        0.0043 kcal/(mol*A)
xmin  1070        6.6720 kcal/mol        0.0026 kcal/(mol*A)
xmin  1080        6.6720 kcal/mol        0.0062 kcal/(mol*A)
xmin  1090        6.6720 kcal/mol        0.0025 kcal/(mol*A)
xmin  1100        6.6720 kcal/mol        0.0025 kcal/(mol*A)
xmin  1110        6.6720 kcal/mol        0.0083 kcal/(mol*A)
xmin  1120        6.6720 kcal/mol        0.0045 kcal/(mol*A)
xmin  1130        6.6720 kcal/mol        0.0081 kcal/(mol*A)
xmin  1140        6.6719 kcal/mol        0.0030 kcal/(mol*A)
xmin  1150        6.6719 kcal/mol        0.0013 kcal/(mol*A)
xmin  1160        6.6719 kcal/mol        0.0025 kcal/(mol*A)
xmin  1170        6.6719 kcal/mol        0.0046 kcal/(mol*A)
xmin  1180        6.6719 kcal/mol        0.0011 kcal/(mol*A)
xmin  1190        6.6719 kcal/mol        0.0040 kcal/(mol*A)
  ... geometry converged !
 
 Final MO eigenvalues (eV):
 -39.6145  -34.5040  -31.3579  -29.9000  -25.3762  -23.2658  -21.3894  -16.7055
 -16.1400  -15.8615  -14.6939  -14.0913  -14.0385  -13.6576  -13.3799  -12.6102
 -12.1894  -12.0123  -11.6222   -9.5984   -9.0614    0.4873    0.6536    2.8926
   3.8646    4.0824    4.1337    4.1462    4.2101    4.5335    4.5534    4.5840
   4.5979    4.8180    4.8195    4.8814    5.2688    5.3103    5.6466    5.7535
   5.8446    6.2158

 Heat of formation   =          6.67191161 kcal/mol  (        0.28931580 eV)

 Total SCF energy    =     -26798.66232233 kcal/mol  (    -1162.07720057 eV)
 Electronic energy   =    -123896.20363198 kcal/mol  (    -5372.54254508 eV)
 Core-core repulsion =      97097.54130965 kcal/mol  (     4210.46534451 eV)
 
    Atomic Charges for Step       1 :
  Atom    Element       Mulliken Charge
     1      C                 -0.127
     2      C                 -0.127
     3      C                 -0.127
     4      C                 -0.127
     5      C                 -0.075
     6      C                 -0.075
     7      C                 -0.178
     8      C                 -0.178
     9      H                  0.130
    10      H                  0.130
    11      H                  0.130
    12      H                  0.130
    13      H                  0.081
    14      H                  0.081
    15      H                  0.085
    16      H                  0.081
    17      H                  0.081
    18      H                  0.085
 Total Mulliken Charge =      -0.000
 
                  X        Y        Z     TOTAL  
  QM DIPOLE     0.004   -0.002    0.000    0.004
 
 Final Structure

  QMMM: QM Region Cartesian Coordinates (*=link atom) 
  QMMM: QM_NO.   MM_NO.  ATOM         X         Y         Z
  QMMM:     1        1      C        0.8080   -0.4585    0.5653
  QMMM:     2        2      C        0.7935   -0.4166    1.9570
  QMMM:     3        3      C        2.9406   -1.5856    0.6216
  QMMM:     4        4      C        2.9260   -1.5437    2.0131
  QMMM:     5        5      C        1.8819   -1.0428   -0.1161
  QMMM:     6        6      C        1.8519   -0.9593    2.6946
  QMMM:     7        7      C        1.9057   -1.0733   -1.5961
  QMMM:     8        8      C        1.8297   -0.9296    4.1747
  QMMM:     9        9      H       -0.0302   -0.0297   -0.0039
  QMMM:    10       10      H       -0.0555    0.0464    2.4817
  QMMM:    11       11      H        3.7893   -2.0486    0.0966
  QMMM:    12       12      H        3.7641   -1.9723    2.5826
  QMMM:    13       13      H        2.4553   -1.9724   -1.9691
  QMMM:    14       14      H        0.8690   -1.0943   -2.0136
  QMMM:    15       15      H        2.4220   -0.1607   -1.9883
  QMMM:    16       16      H        2.8658   -0.8618    4.5891
  QMMM:    17       17      H        1.2412   -0.0565    4.5498
  QMMM:    18       18      H        1.3567   -1.8649    4.5681

           --------- Calculation Completed ----------

