            --------------------------------------------------------
                             AMBER SQM VERSION 19
 
                                     By
              Ross C. Walker, Michael F. Crowley, Scott Brozell,
                         Tim Giese, Andreas W. Goetz,
                        Tai-Sung Lee and David A. Case
 
            --------------------------------------------------------
 

--------------------------------------------------------------------------------
  QM CALCULATION INFO
--------------------------------------------------------------------------------

| QMMM: Citation for AMBER QMMM Run:
| QMMM: R.C. Walker, M.F. Crowley and D.A. Case, J. COMP. CHEM. 29:1019, 2008

QMMM: SINGLET STATE CALCULATION
QMMM: RHF CALCULATION, NO. OF DOUBLY OCCUPIED LEVELS = 21

| QMMM: *** Selected Hamiltonian *** 
| QMMM: AM1         

| QMMM: *** Parameter sets in use ***
| QMMM: C : M.J.S.DEWAR et al. JACS, 107, 3902, (1985)
| QMMM: N : M.J.S.DEWAR et al. JACS, 107, 3902, (1985)
| QMMM: O : M.J.S.DEWAR et al. JACS, 107, 3902, (1985)
| QMMM: H : M.J.S.DEWAR et al. JACS, 107, 3902, (1985)

| QMMM: *** SCF convergence criteria ***
| QMMM: Energy change                :  0.1D-09 kcal/mol
| QMMM: Error matrix |FP-PF|         :  0.1D+00 au
| QMMM: Density matrix change        :  0.5D-06
| QMMM: Maximum number of SCF cycles :     1000

| QMMM: *** Diagonalization Routine Information ***
| QMMM: Pseudo diagonalizations are allowed.
| QMMM: Auto diagonalization routine selection is in use.
| QMMM:
| QMMM: Timing diagonalization routines:
| QMMM:                              norbs =       39
| QMMM:    diag iterations used for timing =       20
| QMMM:
| QMMM:              Internal diag routine = 0.024305 seconds
| QMMM:                 Dspev diag routine = 0.003954 seconds
| QMMM:                Dspevd diag routine = 0.007727 seconds
| QMMM:                Dspevx diag routine = 0.022461 seconds
| QMMM:                 Dsyev diag routine = 0.004157 seconds
| QMMM:                Dsyevd diag routine = 0.006757 seconds
| QMMM:                Dsyevr diag routine = 0.005888 seconds
| QMMM:
| QMMM:                Pseudo diag routine = 0.000976 seconds
| QMMM:
| QMMM: Using dspev routine (diag_routine=2).

  QMMM: QM Region Cartesian Coordinates (*=link atom) 
  QMMM: QM_NO.   MM_NO.  ATOM         X         Y         Z
  QMMM:     1        1      C        0.3520    0.2580   -1.0070
  QMMM:     2        2      C       -1.2150   -1.2330   -2.0650
  QMMM:     3        3      C       -0.4560    1.4390   -1.5390
  QMMM:     4        4      C       -1.9850   -0.0170   -2.5730
  QMMM:     5        5      C        0.9620   -2.0410   -1.4120
  QMMM:     6        6      N        0.2060   -0.8930   -1.9090
  QMMM:     7        7      O       -1.8310    1.0800   -1.6720
  QMMM:     8        8      H        1.4070    0.5490   -0.9350
  QMMM:     9        9      H        0.0020   -0.0030   -0.0000
  QMMM:    10       10      H       -1.6330   -1.5570   -1.1030
  QMMM:    11       11      H       -1.3310   -2.0560   -2.7790
  QMMM:    12       12      H       -0.3960    2.2770   -0.8380
  QMMM:    13       13      H       -0.0730    1.7870   -2.5060
  QMMM:    14       14      H       -1.6550    0.2810   -3.5750
  QMMM:    15       15      H       -3.0530   -0.2510   -2.6320
  QMMM:    16       16      H        0.8070   -2.1670   -0.3370
  QMMM:    17       17      H        2.0300   -1.8980   -1.5970
  QMMM:    18       18      H        0.6430   -2.9530   -1.9230

--------------------------------------------------------------------------------
  RESULTS
--------------------------------------------------------------------------------

      iter         sqm energy              rms gradient
      ----    -------------------    -----------------------
xmin    10      -44.2259 kcal/mol        0.2980 kcal/(mol*A)
xmin    20      -44.2780 kcal/mol        0.0468 kcal/(mol*A)
xmin    30      -44.2837 kcal/mol        0.0494 kcal/(mol*A)
xmin    40      -44.2842 kcal/mol        0.0048 kcal/(mol*A)
xmin    50      -44.2843 kcal/mol        0.0007 kcal/(mol*A)
  ... geometry converged !
 
 Final MO eigenvalues (eV):
 -40.2352  -36.7670  -31.7913  -29.4637  -24.9711  -24.9467  -20.8834  -17.3504
 -17.1623  -16.1524  -15.9463  -15.6532  -14.9244  -13.4917  -13.0884  -12.8845
 -12.2241  -12.0610  -11.6331  -10.5637   -9.2775    2.7738    3.1468    3.7454
   3.8745    3.9509    3.9678    4.0555    4.3158    4.3653    4.4138    4.4896
   4.5932    4.6448    4.7313    4.8299    6.0401    6.0747    6.2201

 Heat of formation   =        -44.28426395 kcal/mol  (       -1.92030979 eV)

 Total SCF energy    =     -30423.31941668 kcal/mol  (    -1319.25412674 eV)
 Electronic energy   =    -134242.86285219 kcal/mol  (    -5821.20735667 eV)
 Core-core repulsion =     103819.54343550 kcal/mol  (     4501.95322993 eV)
 
    Atomic Charges for Step       1 :
  Atom    Element       Mulliken Charge
     1      C                 -0.105
     2      C                 -0.105
     3      C                 -0.024
     4      C                 -0.024
     5      C                 -0.119
     6      N                 -0.254
     7      O                 -0.273
     8      H                  0.095
     9      H                  0.063
    10      H                  0.063
    11      H                  0.095
    12      H                  0.106
    13      H                  0.079
    14      H                  0.079
    15      H                  0.106
    16      H                  0.047
    17      H                  0.085
    18      H                  0.085
 Total Mulliken Charge =      -0.000
 
                  X        Y        Z     TOTAL  
  QM DIPOLE     0.711   -0.999    0.359    1.277
 
 Final Structure

  QMMM: QM Region Cartesian Coordinates (*=link atom) 
  QMMM: QM_NO.   MM_NO.  ATOM         X         Y         Z
  QMMM:     1        1      C        0.3861    0.2693   -1.0581
  QMMM:     2        2      C       -1.2101   -1.2331   -2.0765
  QMMM:     3        3      C       -0.4503    1.4520   -1.5581
  QMMM:     4        4      C       -2.0097   -0.0158   -2.5530
  QMMM:     5        5      C        0.9399   -2.0597   -1.3584
  QMMM:     6        6      N        0.1999   -0.9281   -1.8681
  QMMM:     7        7      O       -1.8234    1.1053   -1.6967
  QMMM:     8        8      H        1.4741    0.5517   -1.1108
  QMMM:     9        9      H        0.1275    0.0823    0.0251
  QMMM:    10       10      H       -1.6924   -1.6307   -1.1359
  QMMM:    11       11      H       -1.2735   -2.0347   -2.8637
  QMMM:    12       12      H       -0.4460    2.2770   -0.7987
  QMMM:    13       13      H       -0.0580    1.8283   -2.5395
  QMMM:    14       14      H       -1.7224    0.2616   -3.6014
  QMMM:    15       15      H       -3.1091   -0.2297   -2.4976
  QMMM:    16       16      H        0.6025   -2.3922   -0.3380
  QMMM:    17       17      H        2.0254   -1.7838   -1.3023
  QMMM:    18       18      H        0.8204   -2.9178   -2.0704

           --------- Calculation Completed ----------

