            --------------------------------------------------------
                             AMBER SQM VERSION 19
 
                                     By
              Ross C. Walker, Michael F. Crowley, Scott Brozell,
                         Tim Giese, Andreas W. Goetz,
                        Tai-Sung Lee and David A. Case
 
            --------------------------------------------------------
 

--------------------------------------------------------------------------------
  QM CALCULATION INFO
--------------------------------------------------------------------------------

| QMMM: Citation for AMBER QMMM Run:
| QMMM: R.C. Walker, M.F. Crowley and D.A. Case, J. COMP. CHEM. 29:1019, 2008

QMMM: SINGLET STATE CALCULATION
QMMM: RHF CALCULATION, NO. OF DOUBLY OCCUPIED LEVELS = 37

| QMMM: *** Selected Hamiltonian *** 
| QMMM: AM1         

| QMMM: *** Parameter sets in use ***
| QMMM: C : M.J.S.DEWAR et al. JACS, 107, 3902, (1985)
| QMMM: O : M.J.S.DEWAR et al. JACS, 107, 3902, (1985)
| QMMM: H : M.J.S.DEWAR et al. JACS, 107, 3902, (1985)

| QMMM: *** SCF convergence criteria ***
| QMMM: Energy change                :  0.1D-09 kcal/mol
| QMMM: Error matrix |FP-PF|         :  0.1D+00 au
| QMMM: Density matrix change        :  0.5D-06
| QMMM: Maximum number of SCF cycles :     1000

| QMMM: *** Diagonalization Routine Information ***
| QMMM: Pseudo diagonalizations are allowed.
| QMMM: Auto diagonalization routine selection is in use.
| QMMM:
| QMMM: Timing diagonalization routines:
| QMMM:                              norbs =       62
| QMMM:    diag iterations used for timing =       15
| QMMM:
| QMMM:              Internal diag routine = 0.015967 seconds
| QMMM:                 Dspev diag routine = 0.013938 seconds
| QMMM:                Dspevd diag routine = 0.014658 seconds
| QMMM:                Dspevx diag routine = 0.041549 seconds
| QMMM:                 Dsyev diag routine = 0.005811 seconds
| QMMM:                Dsyevd diag routine = 0.004002 seconds
| QMMM:                Dsyevr diag routine = 0.005846 seconds
| QMMM:
| QMMM:                Pseudo diag routine = 0.001492 seconds
| QMMM:
| QMMM: Using dsyevd routine (diag_routine=6).

  QMMM: QM Region Cartesian Coordinates (*=link atom) 
  QMMM: QM_NO.   MM_NO.  ATOM         X         Y         Z
  QMMM:     1        1      C        0.2790   -0.8740    1.4860
  QMMM:     2        2      C        1.2290   -1.5520   -3.1280
  QMMM:     3        3      C        1.1630   -1.7450    0.5960
  QMMM:     4        4      C        0.1590   -0.9170   -2.2410
  QMMM:     5        5      C        0.3820   -2.6670   -0.3630
  QMMM:     6        6      C       -0.5630   -1.9130   -1.3130
  QMMM:     7        7      O        1.1140   -0.0980    2.3410
  QMMM:     8        8      O        1.8050   -0.5580   -3.9730
  QMMM:     9        9      O        1.9500   -2.5690    1.4650
  QMMM:    10       10      O       -0.8140   -0.3300   -3.1140
  QMMM:    11       11      O       -0.3830   -3.6070    0.3910
  QMMM:    12       12      O       -1.2830   -2.8640   -2.0960
  QMMM:    13       13      H       -0.3750   -1.4760    2.1210
  QMMM:    14       14      H       -0.3240   -0.1790    0.8930
  QMMM:    15       15      H        0.8020   -2.3180   -3.7830
  QMMM:    16       16      H        2.0390   -1.9980   -2.5460
  QMMM:    17       17      H        1.8700   -1.1170    0.0430
  QMMM:    18       18      H        0.5920   -0.0920   -1.6640
  QMMM:    19       19      H        1.1120   -3.2400   -0.9460
  QMMM:    20       20      H       -1.3020   -1.3530   -0.7280
  QMMM:    21       21      H        0.5230    0.4410    2.8890
  QMMM:    22       22      H        2.4730   -1.0080   -4.5130
  QMMM:    23       23      H        2.4680   -1.9620    2.0130
  QMMM:    24       24      H       -1.4840    0.0680   -2.5400
  QMMM:    25       25      H        0.2510   -4.1160    0.9200
  QMMM:    26       26      H       -1.9210   -2.3590   -2.6230

--------------------------------------------------------------------------------
  RESULTS
--------------------------------------------------------------------------------

      iter         sqm energy              rms gradient
      ----    -------------------    -----------------------
xmin    10     -305.1175 kcal/mol        0.8478 kcal/(mol*A)
xmin    20     -306.1547 kcal/mol        1.2583 kcal/(mol*A)
xmin    30     -308.8288 kcal/mol        1.3441 kcal/(mol*A)
xmin    40     -309.2511 kcal/mol        0.1585 kcal/(mol*A)
xmin    50     -309.2612 kcal/mol        0.0889 kcal/(mol*A)
xmin    60     -309.2641 kcal/mol        0.0880 kcal/(mol*A)
xmin    70     -309.2652 kcal/mol        0.0160 kcal/(mol*A)
xmin    80     -309.2653 kcal/mol        0.0092 kcal/(mol*A)
xmin    90     -309.2654 kcal/mol        0.0059 kcal/(mol*A)
xmin   100     -309.2654 kcal/mol        0.0058 kcal/(mol*A)
xmin   110     -309.2654 kcal/mol        0.0009 kcal/(mol*A)
  ... geometry converged !
 
 Final MO eigenvalues (eV):
 -41.1960  -39.7662  -38.2407  -37.5300  -36.9329  -36.4930  -32.6145  -29.9412
 -27.6366  -25.4479  -23.2235  -20.9931  -19.6139  -19.2906  -18.7151  -18.2512
 -18.1860  -17.6249  -16.8869  -16.5057  -16.2298  -15.7926  -15.4753  -15.0073
 -14.6556  -14.3238  -13.8553  -13.7973  -13.5061  -12.8889  -12.5880  -11.9444
 -11.5661  -11.3772  -11.2683  -11.0918  -10.8273    2.5941    2.6312    2.8046
   2.9279    3.1476    3.3126    3.3526    3.5227    3.5791    3.6309    3.7720
   3.8280    3.9286    3.9789    4.1818    4.3450    4.4368    4.4945    4.5824
   5.5064    5.6952    6.0133    6.0948    6.2174    6.2530

 Heat of formation   =       -309.26539145 kcal/mol  (      -13.41075372 eV)

 Total SCF energy    =     -66554.99377103 kcal/mol  (    -2886.04109844 eV)
 Electronic energy   =    -334219.37367857 kcal/mol  (   -14492.83958539 eV)
 Core-core repulsion =     267664.37990754 kcal/mol  (    11606.79848695 eV)
 
    Atomic Charges for Step       1 :
  Atom    Element       Mulliken Charge
     1      C                 -0.057
     2      C                 -0.012
     3      C                 -0.007
     4      C                 -0.056
     5      C                  0.042
     6      C                  0.009
     7      O                 -0.341
     8      O                 -0.323
     9      O                 -0.339
    10      O                 -0.339
    11      O                 -0.318
    12      O                 -0.310
    13      H                  0.095
    14      H                  0.068
    15      H                  0.091
    16      H                  0.114
    17      H                  0.096
    18      H                  0.098
    19      H                  0.110
    20      H                  0.086
    21      H                  0.211
    22      H                  0.214
    23      H                  0.228
    24      H                  0.208
    25      H                  0.220
    26      H                  0.213
 Total Mulliken Charge =      -0.000
 
                  X        Y        Z     TOTAL  
  QM DIPOLE    -1.655    2.606    1.497    3.430
 
 Final Structure

  QMMM: QM Region Cartesian Coordinates (*=link atom) 
  QMMM: QM_NO.   MM_NO.  ATOM         X         Y         Z
  QMMM:     1        1      C        0.3150   -0.7851    1.3421
  QMMM:     2        2      C        1.3641   -1.5742   -2.9711
  QMMM:     3        3      C        1.1840   -1.7508    0.5307
  QMMM:     4        4      C        0.1977   -0.9716   -2.1788
  QMMM:     5        5      C        0.3282   -2.7257   -0.2992
  QMMM:     6        6      C       -0.5512   -2.0246   -1.3453
  QMMM:     7        7      O        1.2008   -0.0702    2.1891
  QMMM:     8        8      O        1.9935   -0.5939   -3.7652
  QMMM:     9        9      O        1.9441   -2.5816    1.3987
  QMMM:    10       10      O       -0.6972   -0.4545   -3.1604
  QMMM:    11       11      O       -0.5611   -3.4254    0.5578
  QMMM:    12       12      O       -1.0478   -3.0535   -2.1886
  QMMM:    13       13      H       -0.4362   -1.3630    1.9432
  QMMM:    14       14      H       -0.2162   -0.0710    0.6593
  QMMM:    15       15      H        0.9872   -2.4206   -3.6048
  QMMM:    16       16      H        2.1572   -1.9412   -2.2673
  QMMM:    17       17      H        1.8862   -1.1732   -0.1319
  QMMM:    18       18      H        0.5648   -0.1374   -1.5207
  QMMM:    19       19      H        1.0133   -3.4560   -0.8164
  QMMM:    20       20      H       -1.4196   -1.5280   -0.8235
  QMMM:    21       21      H        0.6584    0.3762    2.8489
  QMMM:    22       22      H        1.3233   -0.2419   -4.3661
  QMMM:    23       23      H        2.3951   -1.9964    2.0223
  QMMM:    24       24      H       -1.3302    0.1079   -2.6998
  QMMM:    25       25      H       -0.0054   -3.9329    1.1651
  QMMM:    26       26      H       -1.4860   -2.6141   -2.9311

           --------- Calculation Completed ----------

