            --------------------------------------------------------
                             AMBER SQM VERSION 19
 
                                     By
              Ross C. Walker, Michael F. Crowley, Scott Brozell,
                         Tim Giese, Andreas W. Goetz,
                        Tai-Sung Lee and David A. Case
 
            --------------------------------------------------------
 

--------------------------------------------------------------------------------
  QM CALCULATION INFO
--------------------------------------------------------------------------------

| QMMM: Citation for AMBER QMMM Run:
| QMMM: R.C. Walker, M.F. Crowley and D.A. Case, J. COMP. CHEM. 29:1019, 2008

QMMM: SINGLET STATE CALCULATION
QMMM: RHF CALCULATION, NO. OF DOUBLY OCCUPIED LEVELS = 23

| QMMM: *** Selected Hamiltonian *** 
| QMMM: AM1         

| QMMM: *** Parameter sets in use ***
| QMMM: C : M.J.S.DEWAR et al. JACS, 107, 3902, (1985)
| QMMM: N : M.J.S.DEWAR et al. JACS, 107, 3902, (1985)
| QMMM: O : M.J.S.DEWAR et al. JACS, 107, 3902, (1985)
| QMMM: H : M.J.S.DEWAR et al. JACS, 107, 3902, (1985)

| QMMM: *** SCF convergence criteria ***
| QMMM: Energy change                :  0.1D-09 kcal/mol
| QMMM: Error matrix |FP-PF|         :  0.1D+00 au
| QMMM: Density matrix change        :  0.5D-06
| QMMM: Maximum number of SCF cycles :     1000

| QMMM: *** Diagonalization Routine Information ***
| QMMM: Pseudo diagonalizations are allowed.
| QMMM: Auto diagonalization routine selection is in use.
| QMMM:
| QMMM: Timing diagonalization routines:
| QMMM:                              norbs =       43
| QMMM:    diag iterations used for timing =       20
| QMMM:
| QMMM:              Internal diag routine = 0.013718 seconds
| QMMM:                 Dspev diag routine = 0.008940 seconds
| QMMM:                Dspevd diag routine = 0.007980 seconds
| QMMM:                Dspevx diag routine = 0.019148 seconds
| QMMM:                 Dsyev diag routine = 0.005141 seconds
| QMMM:                Dsyevd diag routine = 0.004119 seconds
| QMMM:                Dsyevr diag routine = 0.005283 seconds
| QMMM:
| QMMM:                Pseudo diag routine = 0.001220 seconds
| QMMM:
| QMMM: Using dsyevd routine (diag_routine=6).

  QMMM: QM Region Cartesian Coordinates (*=link atom) 
  QMMM: QM_NO.   MM_NO.  ATOM         X         Y         Z
  QMMM:     1        1      C       -0.8580   -2.3750    3.1480
  QMMM:     2        2      C       -0.1850   -1.0590   -0.2180
  QMMM:     3        3      C        1.0830   -1.8650    0.0350
  QMMM:     4        4      C       -1.1610   -1.6370    0.7940
  QMMM:     5        5      C        1.0860   -2.0290    1.5490
  QMMM:     6        6      C        0.1450   -2.7770    4.2010
  QMMM:     7        7      N       -0.3270   -2.0400    1.9170
  QMMM:     8        8      O       -2.0620   -2.3650    3.4060
  QMMM:     9        9      H        0.0010    0.0000   -0.0010
  QMMM:    10       10      H       -0.5470   -1.1400   -1.2470
  QMMM:    11       11      H        1.0000   -2.8450   -0.4490
  QMMM:    12       12      H        1.9860   -1.3730   -0.3360
  QMMM:    13       13      H       -1.9250   -0.9220    1.1130
  QMMM:    14       14      H       -1.6570   -2.5350    0.4080
  QMMM:    15       15      H        1.5810   -2.9470    1.8780
  QMMM:    16       16      H        1.5530   -1.1720    2.0460
  QMMM:    17       17      H        0.9900   -2.0990    4.1310
  QMMM:    18       18      H        0.4590   -3.7960    4.0030
  QMMM:    19       19      H       -0.3280   -2.6930    5.1740

--------------------------------------------------------------------------------
  RESULTS
--------------------------------------------------------------------------------

      iter         sqm energy              rms gradient
      ----    -------------------    -----------------------
xmin    10      -45.5603 kcal/mol        0.5536 kcal/(mol*A)
xmin    20      -46.0636 kcal/mol        0.0845 kcal/(mol*A)
xmin    30      -46.0972 kcal/mol        0.0890 kcal/(mol*A)
xmin    40      -46.1073 kcal/mol        0.1250 kcal/(mol*A)
xmin    50      -46.1142 kcal/mol        0.0573 kcal/(mol*A)
xmin    60      -46.1232 kcal/mol        0.0417 kcal/(mol*A)
xmin    70      -46.1376 kcal/mol        0.1643 kcal/(mol*A)
xmin    80      -46.1461 kcal/mol        0.0527 kcal/(mol*A)
xmin    90      -46.1550 kcal/mol        0.0809 kcal/(mol*A)
xmin   100      -46.1579 kcal/mol        0.0344 kcal/(mol*A)
xmin   110      -46.1607 kcal/mol        0.0433 kcal/(mol*A)
xmin   120      -46.1616 kcal/mol        0.0120 kcal/(mol*A)
xmin   130      -46.1624 kcal/mol        0.0235 kcal/(mol*A)
xmin   140      -46.1628 kcal/mol        0.0114 kcal/(mol*A)
xmin   150      -46.1628 kcal/mol        0.0055 kcal/(mol*A)
xmin   160      -46.1629 kcal/mol        0.0078 kcal/(mol*A)
xmin   170      -46.1629 kcal/mol        0.0133 kcal/(mol*A)
xmin   180      -46.1629 kcal/mol        0.0024 kcal/(mol*A)
xmin   190      -46.1630 kcal/mol        0.0031 kcal/(mol*A)
xmin   200      -46.1630 kcal/mol        0.0028 kcal/(mol*A)
  ... geometry converged !
 
 Final MO eigenvalues (eV):
 -40.4222  -37.5755  -32.8312  -30.7648  -29.4308  -24.1759  -22.0768  -20.2612
 -17.8410  -17.4118  -15.8962  -15.3807  -14.5641  -14.3445  -13.8132  -13.5986
 -13.4021  -12.8739  -12.6519  -12.4273  -11.4653  -10.6947   -9.4746    1.4595
   2.1263    3.3154    3.4104    3.4651    3.7892    3.8150    4.0308    4.1223
   4.1491    4.2836    4.5345    4.5659    4.5799    4.6256    4.7594    4.8762
   5.4369    6.3714    7.1455

 Heat of formation   =        -46.16295372 kcal/mol  (       -2.00177589 eV)

 Total SCF energy    =     -33382.22113189 kcal/mol  (    -1447.56173331 eV)
 Electronic energy   =    -151241.57204056 kcal/mol  (    -6558.32670051 eV)
 Core-core repulsion =     117859.35090868 kcal/mol  (     5110.76496720 eV)
 
    Atomic Charges for Step       1 :
  Atom    Element       Mulliken Charge
     1      C                  0.301
     2      C                 -0.171
     3      C                 -0.168
     4      C                 -0.027
     5      C                 -0.026
     6      C                 -0.237
     7      N                 -0.332
     8      O                 -0.368
     9      H                  0.091
    10      H                  0.093
    11      H                  0.092
    12      H                  0.090
    13      H                  0.099
    14      H                  0.094
    15      H                  0.084
    16      H                  0.075
    17      H                  0.098
    18      H                  0.098
    19      H                  0.115
 Total Mulliken Charge =       0.000
 
                  X        Y        Z     TOTAL  
  QM DIPOLE     3.553    0.012   -1.494    3.854
 
 Final Structure

  QMMM: QM Region Cartesian Coordinates (*=link atom) 
  QMMM: QM_NO.   MM_NO.  ATOM         X         Y         Z
  QMMM:     1        1      C       -0.8148   -2.2741    3.1799
  QMMM:     2        2      C       -0.2433   -1.2197   -0.3250
  QMMM:     3        3      C        1.1608   -1.6428    0.0967
  QMMM:     4        4      C       -1.1863   -1.6390    0.8143
  QMMM:     5        5      C        1.0287   -2.2570    1.5014
  QMMM:     6        6      C        0.1518   -2.7276    4.2445
  QMMM:     7        7      N       -0.3717   -2.2169    1.8689
  QMMM:     8        8      O       -2.0006   -1.9973    3.4521
  QMMM:     9        9      H       -0.2961   -0.1151   -0.4845
  QMMM:    10       10      H       -0.5429   -1.7187   -1.2783
  QMMM:    11       11      H        1.5824   -2.3947   -0.6138
  QMMM:    12       12      H        1.8536   -0.7669    0.1212
  QMMM:    13       13      H       -1.7717   -0.7631    1.2087
  QMMM:    14       14      H       -1.9232   -2.4121    0.4621
  QMMM:    15       15      H        1.3806   -3.3259    1.5028
  QMMM:    16       16      H        1.6557   -1.6887    2.2433
  QMMM:    17       17      H        0.9044   -1.9249    4.4377
  QMMM:    18       18      H        0.6845   -3.6587    3.9351
  QMMM:    19       19      H       -0.4180   -2.9258    5.1848

           --------- Calculation Completed ----------

