            --------------------------------------------------------
                             AMBER SQM VERSION 19
 
                                     By
              Ross C. Walker, Michael F. Crowley, Scott Brozell,
                         Tim Giese, Andreas W. Goetz,
                        Tai-Sung Lee and David A. Case
 
            --------------------------------------------------------
 

--------------------------------------------------------------------------------
  QM CALCULATION INFO
--------------------------------------------------------------------------------

| QMMM: Citation for AMBER QMMM Run:
| QMMM: R.C. Walker, M.F. Crowley and D.A. Case, J. COMP. CHEM. 29:1019, 2008

QMMM: SINGLET STATE CALCULATION
QMMM: RHF CALCULATION, NO. OF DOUBLY OCCUPIED LEVELS = 34

| QMMM: *** Selected Hamiltonian *** 
| QMMM: AM1         

| QMMM: *** Parameter sets in use ***
| QMMM: C : M.J.S.DEWAR et al. JACS, 107, 3902, (1985)
| QMMM: N : M.J.S.DEWAR et al. JACS, 107, 3902, (1985)
| QMMM: O : M.J.S.DEWAR et al. JACS, 107, 3902, (1985)
| QMMM: H : M.J.S.DEWAR et al. JACS, 107, 3902, (1985)

| QMMM: *** SCF convergence criteria ***
| QMMM: Energy change                :  0.1D-09 kcal/mol
| QMMM: Error matrix |FP-PF|         :  0.1D+00 au
| QMMM: Density matrix change        :  0.5D-06
| QMMM: Maximum number of SCF cycles :     1000

| QMMM: *** Diagonalization Routine Information ***
| QMMM: Pseudo diagonalizations are allowed.
| QMMM: Auto diagonalization routine selection is in use.
| QMMM:
| QMMM: Timing diagonalization routines:
| QMMM:                              norbs =       59
| QMMM:    diag iterations used for timing =       15
| QMMM:
| QMMM:              Internal diag routine = 0.009454 seconds
| QMMM:                 Dspev diag routine = 0.041825 seconds
| QMMM:                Dspevd diag routine = 0.015995 seconds
| QMMM:                Dspevx diag routine = 0.036838 seconds
| QMMM:                 Dsyev diag routine = 0.006623 seconds
| QMMM:                Dsyevd diag routine = 0.004342 seconds
| QMMM:                Dsyevr diag routine = 0.006554 seconds
| QMMM:
| QMMM:                Pseudo diag routine = 0.001660 seconds
| QMMM:
| QMMM: Using dsyevd routine (diag_routine=6).

  QMMM: QM Region Cartesian Coordinates (*=link atom) 
  QMMM: QM_NO.   MM_NO.  ATOM         X         Y         Z
  QMMM:     1        1      C        0.8180   -0.4390    0.5640
  QMMM:     2        2      C        2.9370   -1.5970    0.6200
  QMMM:     3        3      C        0.7990   -0.4060    1.9590
  QMMM:     4        4      C        2.9180   -1.5650    2.0140
  QMMM:     5        5      C        1.8870   -1.0340   -0.1050
  QMMM:     6        6      C        1.8500   -0.9690    2.6840
  QMMM:     7        7      C        1.9060   -1.0670   -1.5590
  QMMM:     8        8      C        3.1650   -1.7810   -3.4550
  QMMM:     9        9      N        1.8310   -0.9340    4.1030
  QMMM:    10       10      O        1.0200   -0.5920   -2.2820
  QMMM:    11       11      O        0.8610   -0.3920    4.6860
  QMMM:    12       12      O        2.7860   -1.4470    4.7360
  QMMM:    13       13      O        3.0290   -1.6880   -2.0330
  QMMM:    14       14      H       -0.0050    0.0040    0.0090
  QMMM:    15       15      H        3.7740   -2.0650    0.1070
  QMMM:    16       16      H       -0.0400    0.0610    2.4680
  QMMM:    17       17      H        3.7440   -2.0060    2.5670
  QMMM:    18       18      H        4.0610   -2.3570   -3.7000
  QMMM:    19       19      H        3.2360   -0.7780   -3.8830
  QMMM:    20       20      H        2.2870   -2.2880   -3.8640

--------------------------------------------------------------------------------
  RESULTS
--------------------------------------------------------------------------------

      iter         sqm energy              rms gradient
      ----    -------------------    -----------------------
xmin    10      -55.6711 kcal/mol        0.5198 kcal/(mol*A)
xmin    20      -55.6983 kcal/mol        0.0964 kcal/(mol*A)
xmin    30      -55.6998 kcal/mol        0.0762 kcal/(mol*A)
xmin    40      -55.7001 kcal/mol        0.0172 kcal/(mol*A)
xmin    50      -55.7005 kcal/mol        0.0142 kcal/(mol*A)
xmin    60      -55.7006 kcal/mol        0.0113 kcal/(mol*A)
xmin    70      -55.7008 kcal/mol        0.0119 kcal/(mol*A)
xmin    80      -55.7008 kcal/mol        0.0060 kcal/(mol*A)
xmin    90      -55.7008 kcal/mol        0.0077 kcal/(mol*A)
xmin   100      -55.7009 kcal/mol        0.0094 kcal/(mol*A)
xmin   110      -55.7009 kcal/mol        0.0041 kcal/(mol*A)
xmin   120      -55.7009 kcal/mol        0.0021 kcal/(mol*A)
xmin   130      -55.7009 kcal/mol        0.0013 kcal/(mol*A)
xmin   140      -55.7009 kcal/mol        0.0009 kcal/(mol*A)
xmin   150      -55.7009 kcal/mol        0.0013 kcal/(mol*A)
  ... geometry converged !
 
 Final MO eigenvalues (eV):
 -43.5769  -41.5851  -39.8975  -38.0178  -37.4361  -33.5631  -32.6509  -29.2265
 -27.5319  -24.5244  -24.4021  -22.3147  -20.5202  -19.7347  -19.2564  -18.7681
 -18.2983  -17.5137  -16.5024  -16.4179  -15.5769  -15.3005  -14.8729  -14.3693
 -14.0015  -13.4649  -13.0092  -12.5522  -12.1153  -12.0895  -11.9550  -11.8947
 -11.0142  -10.8290   -1.6499   -0.5763    0.0254    0.3037    0.9725    1.4359
   1.9193    2.8036    2.8658    3.0045    3.2459    3.4284    3.6817    3.7268
   3.8802    3.9896    4.0512    4.1440    4.2152    4.4245    4.7067    4.9836
   5.3151    6.2573    6.9407

 Heat of formation   =        -55.70091976 kcal/mol  (       -2.41537313 eV)

 Total SCF energy    =     -60093.53522877 kcal/mol  (    -2605.85123060 eV)
 Electronic energy   =    -277624.08103193 kcal/mol  (   -12038.68353636 eV)
 Core-core repulsion =     217530.54580316 kcal/mol  (     9432.83230576 eV)
 
    Atomic Charges for Step       1 :
  Atom    Element       Mulliken Charge
     1      C                 -0.086
     2      C                 -0.082
     3      C                 -0.085
     4      C                 -0.087
     5      C                 -0.072
     6      C                 -0.102
     7      C                  0.339
     8      C                 -0.063
     9      N                  0.564
    10      O                 -0.338
    11      O                 -0.350
    12      O                 -0.351
    13      O                 -0.274
    14      H                  0.173
    15      H                  0.171
    16      H                  0.178
    17      H                  0.177
    18      H                  0.106
    19      H                  0.090
    20      H                  0.090
 Total Mulliken Charge =       0.000
 
                  X        Y        Z     TOTAL  
  QM DIPOLE     1.358   -0.808   -3.832    4.145
 
 Final Structure

  QMMM: QM Region Cartesian Coordinates (*=link atom) 
  QMMM: QM_NO.   MM_NO.  ATOM         X         Y         Z
  QMMM:     1        1      C        0.8486   -0.4486    0.5602
  QMMM:     2        2      C        2.9750   -1.6198    0.6610
  QMMM:     3        3      C        0.7993   -0.4004    1.9510
  QMMM:     4        4      C        2.9393   -1.5791    2.0532
  QMMM:     5        5      C        1.9337   -1.0568   -0.0846
  QMMM:     6        6      C        1.8486   -0.9679    2.6914
  QMMM:     7        7      C        1.9451   -1.0853   -1.5580
  QMMM:     8        8      C        3.1006   -1.7534   -3.5273
  QMMM:     9        9      N        1.8037   -0.9206    4.1799
  QMMM:    10       10      O        1.0955   -0.6276   -2.3264
  QMMM:    11       11      O        0.8654   -0.3953    4.7153
  QMMM:    12       12      O        2.7073   -1.4094    4.8027
  QMMM:    13       13      O        3.0421   -1.6995   -2.0993
  QMMM:    14       14      H        0.0349   -0.0089   -0.0419
  QMMM:    15       15      H        3.8249   -2.0963    0.1441
  QMMM:    16       16      H       -0.0532    0.0775    2.4642
  QMMM:    17       17      H        3.7582   -2.0217    2.6465
  QMMM:    18       18      H        4.0618   -2.2876   -3.7280
  QMMM:    19       19      H        3.1092   -0.7186   -3.9462
  QMMM:    20       20      H        2.2238   -2.3207   -3.9220

           --------- Calculation Completed ----------

