            --------------------------------------------------------
                             AMBER SQM VERSION 19
 
                                     By
              Ross C. Walker, Michael F. Crowley, Scott Brozell,
                         Tim Giese, Andreas W. Goetz,
                        Tai-Sung Lee and David A. Case
 
            --------------------------------------------------------
 

--------------------------------------------------------------------------------
  QM CALCULATION INFO
--------------------------------------------------------------------------------

| QMMM: Citation for AMBER QMMM Run:
| QMMM: R.C. Walker, M.F. Crowley and D.A. Case, J. COMP. CHEM. 29:1019, 2008

QMMM: SINGLET STATE CALCULATION
QMMM: RHF CALCULATION, NO. OF DOUBLY OCCUPIED LEVELS = 24

| QMMM: *** Selected Hamiltonian *** 
| QMMM: AM1         

| QMMM: *** Parameter sets in use ***
| QMMM: C : M.J.S.DEWAR et al. JACS, 107, 3902, (1985)
| QMMM: N : M.J.S.DEWAR et al. JACS, 107, 3902, (1985)
| QMMM: O : M.J.S.DEWAR et al. JACS, 107, 3902, (1985)
| QMMM: H : M.J.S.DEWAR et al. JACS, 107, 3902, (1985)

| QMMM: *** SCF convergence criteria ***
| QMMM: Energy change                :  0.1D-09 kcal/mol
| QMMM: Error matrix |FP-PF|         :  0.1D+00 au
| QMMM: Density matrix change        :  0.5D-06
| QMMM: Maximum number of SCF cycles :     1000

| QMMM: *** Diagonalization Routine Information ***
| QMMM: Pseudo diagonalizations are allowed.
| QMMM: Auto diagonalization routine selection is in use.
| QMMM:
| QMMM: Timing diagonalization routines:
| QMMM:                              norbs =       41
| QMMM:    diag iterations used for timing =       20
| QMMM:
| QMMM:              Internal diag routine = 0.005367 seconds
| QMMM:                 Dspev diag routine = 0.011282 seconds
| QMMM:                Dspevd diag routine = 0.006084 seconds
| QMMM:                Dspevx diag routine = 0.023359 seconds
| QMMM:                 Dsyev diag routine = 0.004664 seconds
| QMMM:                Dsyevd diag routine = 0.003662 seconds
| QMMM:                Dsyevr diag routine = 0.004856 seconds
| QMMM:
| QMMM:                Pseudo diag routine = 0.001078 seconds
| QMMM:
| QMMM: Using dsyevd routine (diag_routine=6).

  QMMM: QM Region Cartesian Coordinates (*=link atom) 
  QMMM: QM_NO.   MM_NO.  ATOM         X         Y         Z
  QMMM:     1        1      C        0.9770   -0.3460   -0.2660
  QMMM:     2        2      C        1.1730    1.1790   -2.2500
  QMMM:     3        3      C        1.9920    1.9610   -0.0020
  QMMM:     4        4      C        1.8130    0.7500   -0.9310
  QMMM:     5        5      N        2.9000    2.6010    2.0840
  QMMM:     6        6      O        3.5070    2.2440    3.0920
  QMMM:     7        7      O        2.4600    3.7100    1.7780
  QMMM:     8        8      O        2.7020    1.5460    1.1620
  QMMM:     9        9      H       -0.0210    0.0210   -0.0050
  QMMM:    10       10      H        1.4560   -0.7080    0.6500
  QMMM:    11       11      H        0.8570   -1.2030   -0.9370
  QMMM:    12       12      H        0.1760    1.6030   -2.0890
  QMMM:    13       13      H        1.0720    0.3250   -2.9290
  QMMM:    14       14      H        1.7860    1.9340   -2.7530
  QMMM:    15       15      H        2.5670    2.7330   -0.5280
  QMMM:    16       16      H        1.0070    2.3600    0.2740
  QMMM:    17       17      H        2.8030    0.3250   -1.1430

--------------------------------------------------------------------------------
  RESULTS
--------------------------------------------------------------------------------

      iter         sqm energy              rms gradient
      ----    -------------------    -----------------------
xmin    10      -48.4288 kcal/mol        1.6905 kcal/(mol*A)
xmin    20      -48.5491 kcal/mol        0.1046 kcal/(mol*A)
xmin    30      -48.5772 kcal/mol        0.0793 kcal/(mol*A)
xmin    40      -48.5920 kcal/mol        0.0469 kcal/(mol*A)
xmin    50      -48.6028 kcal/mol        0.0527 kcal/(mol*A)
xmin    60      -48.6094 kcal/mol        0.2419 kcal/(mol*A)
xmin    70      -48.6142 kcal/mol        0.1800 kcal/(mol*A)
xmin    80      -48.6174 kcal/mol        0.0200 kcal/(mol*A)
xmin    90      -48.6187 kcal/mol        0.0119 kcal/(mol*A)
xmin   100      -48.6189 kcal/mol        0.0772 kcal/(mol*A)
xmin   110      -48.6191 kcal/mol        0.0480 kcal/(mol*A)
xmin   120      -48.6192 kcal/mol        0.0107 kcal/(mol*A)
xmin   130      -48.6194 kcal/mol        0.0146 kcal/(mol*A)
xmin   140      -48.6194 kcal/mol        0.0225 kcal/(mol*A)
xmin   150      -48.6195 kcal/mol        0.0045 kcal/(mol*A)
xmin   160      -48.6195 kcal/mol        0.0132 kcal/(mol*A)
xmin   170      -48.6196 kcal/mol        0.0013 kcal/(mol*A)
xmin   180      -48.6196 kcal/mol        0.0012 kcal/(mol*A)
xmin   190      -48.6196 kcal/mol        0.0028 kcal/(mol*A)
  ... geometry converged !
 
 Final MO eigenvalues (eV):
 -44.1248  -39.5100  -38.7339  -36.4945  -28.9420  -28.3566  -25.6414  -21.8053
 -21.5893  -20.1297  -19.8811  -16.9727  -16.2961  -15.4686  -14.8994  -14.1292
 -13.4598  -13.1910  -12.9905  -12.7468  -12.5253  -12.3669  -12.2301  -12.0271
  -0.0912    0.1356    2.6888    3.0524    3.1747    3.3875    3.6921    3.8720
   3.9829    4.0973    4.3595    4.4071    4.5192    4.6506    4.7301    5.4591
   7.0694

 Heat of formation   =        -48.61956645 kcal/mol  (       -2.10830261 eV)

 Total SCF energy    =     -41539.06174909 kcal/mol  (    -1801.26888466 eV)
 Electronic energy   =    -167059.73689858 kcal/mol  (    -7244.25380073 eV)
 Core-core repulsion =     125520.67514949 kcal/mol  (     5442.98491607 eV)
 
    Atomic Charges for Step       1 :
  Atom    Element       Mulliken Charge
     1      C                 -0.214
     2      C                 -0.212
     3      C                 -0.017
     4      C                 -0.110
     5      N                  0.657
     6      O                 -0.302
     7      O                 -0.368
     8      O                 -0.258
     9      H                  0.076
    10      H                  0.089
    11      H                  0.083
    12      H                  0.079
    13      H                  0.088
    14      H                  0.080
    15      H                  0.106
    16      H                  0.109
    17      H                  0.113
 Total Mulliken Charge =       0.000
 
                  X        Y        Z     TOTAL  
  QM DIPOLE    -1.765   -1.112   -3.310    3.912
 
 Final Structure

  QMMM: QM Region Cartesian Coordinates (*=link atom) 
  QMMM: QM_NO.   MM_NO.  ATOM         X         Y         Z
  QMMM:     1        1      C        0.8736   -0.2798   -0.2539
  QMMM:     2        2      C        1.2872    1.1397   -2.2655
  QMMM:     3        3      C        1.8699    2.0026   -0.0232
  QMMM:     4        4      C        1.7823    0.7501   -0.8887
  QMMM:     5        5      N        3.0059    2.5272    2.0354
  QMMM:     6        6      O        3.7340    2.1286    2.8861
  QMMM:     7        7      O        2.4908    3.5994    1.9387
  QMMM:     8        8      O        2.7540    1.6265    1.0754
  QMMM:     9        9      H       -0.1719    0.1058   -0.1810
  QMMM:    10       10      H        1.2354   -0.5286    0.7731
  QMMM:    11       11      H        0.8646   -1.2129   -0.8668
  QMMM:    12       12      H        0.2833    1.6247   -2.2014
  QMMM:    13       13      H        1.1995    0.2289   -2.9058
  QMMM:    14       14      H        1.9964    1.8506   -2.7536
  QMMM:    15       15      H        2.3315    2.8615   -0.5748
  QMMM:    16       16      H        0.8740    2.3002    0.3931
  QMMM:    17       17      H        2.8164    0.3105   -0.9801

           --------- Calculation Completed ----------

