            --------------------------------------------------------
                             AMBER SQM VERSION 19
 
                                     By
              Ross C. Walker, Michael F. Crowley, Scott Brozell,
                         Tim Giese, Andreas W. Goetz,
                        Tai-Sung Lee and David A. Case
 
            --------------------------------------------------------
 

--------------------------------------------------------------------------------
  QM CALCULATION INFO
--------------------------------------------------------------------------------

| QMMM: Citation for AMBER QMMM Run:
| QMMM: R.C. Walker, M.F. Crowley and D.A. Case, J. COMP. CHEM. 29:1019, 2008

QMMM: SINGLET STATE CALCULATION
QMMM: RHF CALCULATION, NO. OF DOUBLY OCCUPIED LEVELS = 21

| QMMM: *** Selected Hamiltonian *** 
| QMMM: AM1         

| QMMM: *** Parameter sets in use ***
| QMMM: C : M.J.S.DEWAR et al. JACS, 107, 3902, (1985)
| QMMM: N : M.J.S.DEWAR et al. JACS, 107, 3902, (1985)
| QMMM: Cl: M.J.S.DEWAR et al. THEOCHEM, 180, 1, (1988)
| QMMM: H : M.J.S.DEWAR et al. JACS, 107, 3902, (1985)

| QMMM: *** SCF convergence criteria ***
| QMMM: Energy change                :  0.1D-09 kcal/mol
| QMMM: Error matrix |FP-PF|         :  0.1D+00 au
| QMMM: Density matrix change        :  0.5D-06
| QMMM: Maximum number of SCF cycles :     1000

| QMMM: *** Diagonalization Routine Information ***
| QMMM: Pseudo diagonalizations are allowed.
| QMMM: Auto diagonalization routine selection is in use.
| QMMM:
| QMMM: Timing diagonalization routines:
| QMMM:                              norbs =       38
| QMMM:    diag iterations used for timing =       20
| QMMM:
| QMMM:              Internal diag routine = 0.011618 seconds
| QMMM:                 Dspev diag routine = 0.009171 seconds
| QMMM:                Dspevd diag routine = 0.008782 seconds
| QMMM:                Dspevx diag routine = 0.022637 seconds
| QMMM:                 Dsyev diag routine = 0.004238 seconds
| QMMM:                Dsyevd diag routine = 0.003342 seconds
| QMMM:                Dsyevr diag routine = 0.004197 seconds
| QMMM:
| QMMM:                Pseudo diag routine = 0.000842 seconds
| QMMM:
| QMMM: Using dsyevd routine (diag_routine=6).

  QMMM: QM Region Cartesian Coordinates (*=link atom) 
  QMMM: QM_NO.   MM_NO.  ATOM         X         Y         Z
  QMMM:     1        1      C        0.8180   -0.4390    0.5640
  QMMM:     2        2      C        2.9370   -1.5970    0.6200
  QMMM:     3        3      C        0.7990   -0.4060    1.9590
  QMMM:     4        4      C        2.9180   -1.5650    2.0140
  QMMM:     5        5      C        1.8870   -1.0340   -0.1050
  QMMM:     6        6      C        1.8500   -0.9690    2.6840
  QMMM:     7        7      N        1.9050   -1.0670   -1.5150
  QMMM:     8        8      Cl       1.8270   -0.9280    4.4040
  QMMM:     9        9      H       -0.0060    0.0030    0.0090
  QMMM:    10       10      H        3.7750   -2.0640    0.1080
  QMMM:    11       11      H       -0.0400    0.0620    2.4670
  QMMM:    12       12      H        3.7440   -2.0070    2.5660
  QMMM:    13       13      H        1.1740   -0.6130   -2.0230
  QMMM:    14       14      H        2.5950   -1.6220   -1.9810

--------------------------------------------------------------------------------
  RESULTS
--------------------------------------------------------------------------------

      iter         sqm energy              rms gradient
      ----    -------------------    -----------------------
xmin    10       13.0442 kcal/mol        0.7307 kcal/(mol*A)
xmin    20       12.9809 kcal/mol        0.1068 kcal/(mol*A)
xmin    30       12.9798 kcal/mol        0.0072 kcal/(mol*A)
xmin    40       12.9798 kcal/mol        0.0006 kcal/(mol*A)
  ... geometry converged !
 
 Final MO eigenvalues (eV):
 -39.7906  -37.4927  -35.1517  -31.7137  -29.1003  -23.6777  -22.8539  -18.2319
 -17.7035  -17.2880  -15.1675  -15.0516  -14.4529  -14.3849  -13.2717  -12.8612
 -12.3494  -11.5368  -11.1841   -9.9472   -8.5771    0.2923    0.3652    1.5992
   2.6381    2.8623    3.7083    3.7861    4.1640    4.2768    4.5109    4.8542
   5.0605    5.0991    5.3695    5.5588    6.0802    6.1117

 Heat of formation   =         12.97983137 kcal/mol  (        0.56284772 eV)

 Total SCF energy    =     -33011.63131813 kcal/mol  (    -1431.49175310 eV)
 Electronic energy   =    -127765.71698563 kcal/mol  (    -5540.33723540 eV)
 Core-core repulsion =      94754.08566749 kcal/mol  (     4108.84548231 eV)
 
    Atomic Charges for Step       1 :
  Atom    Element       Mulliken Charge
     1      C                 -0.187
     2      C                 -0.187
     3      C                 -0.085
     4      C                 -0.085
     5      C                  0.063
     6      C                 -0.107
     7      N                 -0.330
     8      Cl                -0.023
     9      H                  0.136
    10      H                  0.136
    11      H                  0.145
    12      H                  0.145
    13      H                  0.188
    14      H                  0.188
 Total Mulliken Charge =      -0.000
 
                  X        Y        Z     TOTAL  
  QM DIPOLE    -0.577   -1.143   -2.297    2.629
 
 Final Structure

  QMMM: QM Region Cartesian Coordinates (*=link atom) 
  QMMM: QM_NO.   MM_NO.  ATOM         X         Y         Z
  QMMM:     1        1      C        0.8242   -0.4091    0.5635
  QMMM:     2        2      C        2.9489   -1.5905    0.6182
  QMMM:     3        3      C        0.8016   -0.3950    1.9521
  QMMM:     4        4      C        2.9183   -1.5718    2.0065
  QMMM:     5        5      C        1.9041   -1.0017   -0.1337
  QMMM:     6        6      C        1.8462   -0.9758    2.6761
  QMMM:     7        7      N        1.9765   -0.9359   -1.5269
  QMMM:     8        8      Cl       1.8116   -0.9594    4.3765
  QMMM:     9        9      H       -0.0043    0.0554    0.0080
  QMMM:    10       10      H        3.8017   -2.0606    0.1060
  QMMM:    11       11      H       -0.0435    0.0749    2.4788
  QMMM:    12       12      H        3.7418   -2.0296    2.5763
  QMMM:    13       13      H        1.1002   -0.8187   -1.9839
  QMMM:    14       14      H        2.5558   -1.6281   -1.9464

           --------- Calculation Completed ----------

