            --------------------------------------------------------
                             AMBER SQM VERSION 19
 
                                     By
              Ross C. Walker, Michael F. Crowley, Scott Brozell,
                         Tim Giese, Andreas W. Goetz,
                        Tai-Sung Lee and David A. Case
 
            --------------------------------------------------------
 

--------------------------------------------------------------------------------
  QM CALCULATION INFO
--------------------------------------------------------------------------------

| QMMM: Citation for AMBER QMMM Run:
| QMMM: R.C. Walker, M.F. Crowley and D.A. Case, J. COMP. CHEM. 29:1019, 2008

QMMM: SINGLET STATE CALCULATION
QMMM: RHF CALCULATION, NO. OF DOUBLY OCCUPIED LEVELS = 64

| QMMM: *** Selected Hamiltonian *** 
| QMMM: AM1         

| QMMM: *** Parameter sets in use ***
| QMMM: C : M.J.S.DEWAR et al. JACS, 107, 3902, (1985)
| QMMM: N : M.J.S.DEWAR et al. JACS, 107, 3902, (1985)
| QMMM: O : M.J.S.DEWAR et al. JACS, 107, 3902, (1985)
| QMMM: S : M.J.S.DEWAR et al. INORG. CHEM., 29, 3881, (1990)
| QMMM: H : M.J.S.DEWAR et al. JACS, 107, 3902, (1985)

| QMMM: *** SCF convergence criteria ***
| QMMM: Energy change                :  0.1D-09 kcal/mol
| QMMM: Error matrix |FP-PF|         :  0.1D+00 au
| QMMM: Density matrix change        :  0.5D-06
| QMMM: Maximum number of SCF cycles :     1000

| QMMM: *** Diagonalization Routine Information ***
| QMMM: Pseudo diagonalizations are allowed.
| QMMM: Auto diagonalization routine selection is in use.
| QMMM:
| QMMM: Timing diagonalization routines:
| QMMM:                              norbs =      111
| QMMM:    diag iterations used for timing =       10
| QMMM:
| QMMM:              Internal diag routine = 0.089103 seconds
| QMMM:                 Dspev diag routine = 0.057199 seconds
| QMMM:                Dspevd diag routine = 0.029570 seconds
| QMMM:                Dspevx diag routine = 0.148391 seconds
| QMMM:                 Dsyev diag routine = 0.026631 seconds
| QMMM:                Dsyevd diag routine = 0.725725 seconds
| QMMM:                Dsyevr diag routine = 0.102863 seconds
| QMMM:
| QMMM:                Pseudo diag routine = 0.009212 seconds
| QMMM:
| QMMM: Using dsyev routine (diag_routine=5).

  QMMM: QM Region Cartesian Coordinates (*=link atom) 
  QMMM: QM_NO.   MM_NO.  ATOM         X         Y         Z
  QMMM:     1        1      C        4.0860   -1.9690   -4.0930
  QMMM:     2        2      C        4.6520   -1.6550   -1.7650
  QMMM:     3        3      C        3.1950   -0.8870   -3.9910
  QMMM:     4        4      C        3.7510   -0.5740   -1.7060
  QMMM:     5        5      C        2.9680   -0.1570   -2.8020
  QMMM:     6        6      C        4.7960   -2.3560   -2.9610
  QMMM:     7        7      C       -1.1940   -0.5700   -1.2720
  QMMM:     8        8      C        2.4500    4.4800   -4.0010
  QMMM:     9        9      C        4.9790   -5.1300   -2.7010
  QMMM:    10       10      C        0.0390   -0.5050   -2.1590
  QMMM:    11       11      C        1.8200    3.1040   -3.8520
  QMMM:    12       12      C        0.8630    0.7540   -1.8770
  QMMM:    13       13      C        2.6140    2.2300   -2.8770
  QMMM:    14       14      N        2.0160    0.8760   -2.7990
  QMMM:    15       15      N        2.4670   -0.5410   -5.1950
  QMMM:    16       16      N        3.6830    0.1100   -0.4320
  QMMM:    17       17      O        1.4740   -1.2320   -5.4610
  QMMM:    18       18      O        2.9430    0.3580   -5.9000
  QMMM:    19       19      O        3.1290   -0.4990    0.4930
  QMMM:    20       20      O        4.2170    1.2220   -0.3540
  QMMM:    21       21      O        6.3880   -3.7720   -4.4470
  QMMM:    22       22      O        6.9140   -3.5100   -1.9920
  QMMM:    23       23      S        5.9590   -3.6980   -3.0660
  QMMM:    24       24      H        4.2190   -2.4860   -5.0430
  QMMM:    25       25      H        5.2370   -1.9300   -0.8870
  QMMM:    26       26      H       -0.9150   -0.5860   -0.2130
  QMMM:    27       27      H       -1.8470    0.2920   -1.4430
  QMMM:    28       28      H       -1.7670   -1.4780   -1.4860
  QMMM:    29       29      H        2.4840    5.0020   -3.0400
  QMMM:    30       30      H        3.4700    4.4050   -4.3890
  QMMM:    31       31      H        1.8660    5.0900   -4.6980
  QMMM:    32       32      H        5.6290   -6.0060   -2.7450
  QMMM:    33       33      H        4.5590   -5.0290   -1.6980
  QMMM:    34       34      H        4.1860   -5.2190   -3.4470
  QMMM:    35       35      H       -0.2730   -0.5180   -3.2100
  QMMM:    36       36      H        0.6400   -1.4060   -1.9910
  QMMM:    37       37      H        1.7700    2.6230   -4.8350
  QMMM:    38       38      H        0.7870    3.2220   -3.5070
  QMMM:    39       39      H        0.2080    1.6220   -2.0150
  QMMM:    40       40      H        1.1810    0.7830   -0.8310
  QMMM:    41       41      H        3.6550    2.1790   -3.2240
  QMMM:    42       42      H        2.6260    2.6970   -1.8850

--------------------------------------------------------------------------------
  RESULTS
--------------------------------------------------------------------------------

      iter         sqm energy              rms gradient
      ----    -------------------    -----------------------
xmin    10      -34.1573 kcal/mol        1.3650 kcal/(mol*A)
xmin    20      -34.6576 kcal/mol        0.4376 kcal/(mol*A)
xmin    30      -34.7792 kcal/mol        0.1678 kcal/(mol*A)
xmin    40      -34.8761 kcal/mol        0.5149 kcal/(mol*A)
xmin    50      -35.0727 kcal/mol        0.3689 kcal/(mol*A)
xmin    60      -35.2728 kcal/mol        0.8373 kcal/(mol*A)
xmin    70      -35.4389 kcal/mol        0.2336 kcal/(mol*A)
xmin    80      -35.5089 kcal/mol        0.1015 kcal/(mol*A)
xmin    90      -35.5158 kcal/mol        0.1005 kcal/(mol*A)
xmin   100      -35.5212 kcal/mol        0.0299 kcal/(mol*A)
xmin   110      -35.5229 kcal/mol        0.0247 kcal/(mol*A)
xmin   120      -35.5234 kcal/mol        0.0141 kcal/(mol*A)
xmin   130      -35.5235 kcal/mol        0.0075 kcal/(mol*A)
xmin   140      -35.5236 kcal/mol        0.0023 kcal/(mol*A)
xmin   150      -35.5236 kcal/mol        0.0008 kcal/(mol*A)
  ... geometry converged !
 
 Final MO eigenvalues (eV):
 -44.1577  -43.8480  -41.0759  -39.2242  -38.8340  -38.3810  -38.2235  -37.9129
 -35.4392  -34.5529  -33.8057  -32.4823  -31.4496  -28.2979  -28.0028  -27.8621
 -26.3552  -24.3007  -23.9607  -22.7885  -22.0353  -21.9754  -20.3213  -20.1681
 -19.9705  -19.6178  -19.3660  -19.0823  -18.6685  -18.3679  -17.9558  -17.7576
 -17.2382  -16.8661  -16.4527  -16.2539  -15.6853  -15.2131  -14.9668  -14.7271
 -14.6353  -14.5587  -14.2632  -13.9363  -13.5639  -13.5416  -13.4475  -13.4303
 -13.2547  -13.0890  -13.0123  -12.9774  -12.8544  -12.5555  -12.5338  -12.4478
 -12.3999  -12.2599  -12.2334  -12.1278  -11.6534  -11.6207  -11.5363  -10.1100
  -1.9766   -1.7492   -1.1143   -0.6030   -0.3810   -0.2212    0.1176    0.6991
   1.0758    1.5096    2.1227    2.2317    2.3790    2.4498    2.6014    2.6293
   2.8721    2.9913    3.1130    3.2360    3.2700    3.3030    3.4695    3.6350
   3.6815    3.7175    3.7551    3.8446    3.8672    3.9869    4.0116    4.0702
   4.1532    4.3420    4.4292    4.4774    4.4990    4.6439    4.7602    4.8270
   4.8573    4.8992    5.0221    5.1956    5.3082    6.5009    6.7189

 Heat of formation   =        -35.52358693 kcal/mol  (       -1.54041832 eV)

 Total SCF energy    =    -107385.09914652 kcal/mol  (    -4656.56732781 eV)
 Electronic energy   =    -765139.68843773 kcal/mol  (   -33178.94663882 eV)
 Core-core repulsion =     657754.58929121 kcal/mol  (    28522.37931101 eV)
 
    Atomic Charges for Step       1 :
  Atom    Element       Mulliken Charge
     1      C                  0.059
     2      C                  0.064
     3      C                 -0.159
     4      C                 -0.194
     5      C                  0.231
     6      C                 -0.834
     7      C                 -0.212
     8      C                 -0.212
     9      C                 -0.952
    10      C                 -0.172
    11      C                 -0.163
    12      C                 -0.061
    13      C                 -0.039
    14      N                 -0.284
    15      N                  0.582
    16      N                  0.573
    17      O                 -0.345
    18      O                 -0.329
    19      O                 -0.342
    20      O                 -0.342
    21      O                 -0.924
    22      O                 -0.923
    23      S                  2.864
    24      H                  0.191
    25      H                  0.195
    26      H                  0.082
    27      H                  0.079
    28      H                  0.083
    29      H                  0.073
    30      H                  0.081
    31      H                  0.081
    32      H                  0.167
    33      H                  0.160
    34      H                  0.161
    35      H                  0.097
    36      H                  0.076
    37      H                  0.107
    38      H                  0.079
    39      H                  0.112
    40      H                  0.088
    41      H                  0.108
    42      H                  0.094
 Total Mulliken Charge =       0.000
 
                  X        Y        Z     TOTAL  
  QM DIPOLE    -3.109   -1.196    0.834    3.434
 
 Final Structure

  QMMM: QM Region Cartesian Coordinates (*=link atom) 
  QMMM: QM_NO.   MM_NO.  ATOM         X         Y         Z
  QMMM:     1        1      C        4.2775   -1.8734   -4.1166
  QMMM:     2        2      C        4.4763   -1.8155   -1.7237
  QMMM:     3        3      C        3.4338   -0.7617   -4.0788
  QMMM:     4        4      C        3.6425   -0.6910   -1.6780
  QMMM:     5        5      C        3.0379   -0.1489   -2.8499
  QMMM:     6        6      C        4.7891   -2.4236   -2.9387
  QMMM:     7        7      C       -0.8962   -0.5639   -0.9543
  QMMM:     8        8      C        2.2886    4.4628   -4.0978
  QMMM:     9        9      C        4.6736   -5.0028   -2.8541
  QMMM:    10       10      C        0.3354   -0.6245   -1.8216
  QMMM:    11       11      C        1.6485    3.1119   -3.9009
  QMMM:    12       12      C        0.9245    0.7749   -1.9835
  QMMM:    13       13      C        2.5808    2.2189   -3.0828
  QMMM:    14       14      N        2.0657    0.8653   -2.8792
  QMMM:    15       15      N        2.9086   -0.2505   -5.3833
  QMMM:    16       16      N        3.4380   -0.0553   -0.3450
  QMMM:    17       17      O        2.3514   -1.0315   -6.1044
  QMMM:    18       18      O        3.0891    0.8952   -5.6804
  QMMM:    19       19      O        3.3716   -0.7697    0.6180
  QMMM:    20       20      O        3.3772    1.1405   -0.2656
  QMMM:    21       21      O        6.4149   -3.8293   -4.2560
  QMMM:    22       22      O        6.6353   -3.7621   -1.8620
  QMMM:    23       23      S        5.8161   -3.7727   -2.9942
  QMMM:    24       24      H        4.5508   -2.3323   -5.0901
  QMMM:    25       25      H        4.9138   -2.2188   -0.7852
  QMMM:    26       26      H       -0.6504   -0.1595    0.0575
  QMMM:    27       27      H       -1.6738    0.0913   -1.4164
  QMMM:    28       28      H       -1.3256   -1.5875   -0.8305
  QMMM:    29       29      H        2.4983    4.9515   -3.1156
  QMMM:    30       30      H        3.2508    4.3674   -4.6570
  QMMM:    31       31      H        1.6057    5.1248   -4.6834
  QMMM:    32       32      H        5.1594   -6.0126   -2.9004
  QMMM:    33       33      H        4.1100   -4.9800   -1.8886
  QMMM:    34       34      H        3.9070   -4.9967   -3.6682
  QMMM:    35       35      H        0.0696   -1.0476   -2.8260
  QMMM:    36       36      H        1.0879   -1.3134   -1.3553
  QMMM:    37       37      H        1.4521    2.6351   -4.8981
  QMMM:    38       38      H        0.6640    3.2364   -3.3800
  QMMM:    39       39      H        0.1337    1.4349   -2.4491
  QMMM:    40       40      H        1.1543    1.2063   -0.9653
  QMMM:    41       41      H        3.5621    2.1447   -3.6344
  QMMM:    42       42      H        2.7744    2.6989   -2.0780

           --------- Calculation Completed ----------

