            --------------------------------------------------------
                             AMBER SQM VERSION 19
 
                                     By
              Ross C. Walker, Michael F. Crowley, Scott Brozell,
                         Tim Giese, Andreas W. Goetz,
                        Tai-Sung Lee and David A. Case
 
            --------------------------------------------------------
 

--------------------------------------------------------------------------------
  QM CALCULATION INFO
--------------------------------------------------------------------------------

| QMMM: Citation for AMBER QMMM Run:
| QMMM: R.C. Walker, M.F. Crowley and D.A. Case, J. COMP. CHEM. 29:1019, 2008

QMMM: SINGLET STATE CALCULATION
QMMM: RHF CALCULATION, NO. OF DOUBLY OCCUPIED LEVELS = 19

| QMMM: *** Selected Hamiltonian *** 
| QMMM: AM1         

| QMMM: *** Parameter sets in use ***
| QMMM: C : M.J.S.DEWAR et al. JACS, 107, 3902, (1985)
| QMMM: Cl: M.J.S.DEWAR et al. THEOCHEM, 180, 1, (1988)
| QMMM: H : M.J.S.DEWAR et al. JACS, 107, 3902, (1985)

| QMMM: *** SCF convergence criteria ***
| QMMM: Energy change                :  0.1D-09 kcal/mol
| QMMM: Error matrix |FP-PF|         :  0.1D+00 au
| QMMM: Density matrix change        :  0.5D-06
| QMMM: Maximum number of SCF cycles :     1000

| QMMM: *** Diagonalization Routine Information ***
| QMMM: Pseudo diagonalizations are allowed.
| QMMM: Auto diagonalization routine selection is in use.
| QMMM:
| QMMM: Timing diagonalization routines:
| QMMM:                              norbs =       35
| QMMM:    diag iterations used for timing =       20
| QMMM:
| QMMM:              Internal diag routine = 0.017636 seconds
| QMMM:                 Dspev diag routine = 0.004613 seconds
| QMMM:                Dspevd diag routine = 0.004054 seconds
| QMMM:                Dspevx diag routine = 0.026181 seconds
| QMMM:                 Dsyev diag routine = 0.004483 seconds
| QMMM:                Dsyevd diag routine = 0.004157 seconds
| QMMM:                Dsyevr diag routine = 0.005178 seconds
| QMMM:
| QMMM:                Pseudo diag routine = 0.000895 seconds
| QMMM:
| QMMM: Using dspevd routine (diag_routine=3).

  QMMM: QM Region Cartesian Coordinates (*=link atom) 
  QMMM: QM_NO.   MM_NO.  ATOM         X         Y         Z
  QMMM:     1        1      C       -6.3090   -7.6540   -2.5390
  QMMM:     2        2      C       -5.7390   -6.7260   -1.4780
  QMMM:     3        3      C       -5.4080   -7.4810   -0.1920
  QMMM:     4        4      C       -4.8350   -6.5440    0.8730
  QMMM:     5        5      C       -4.5070   -7.3030    2.1520
  QMMM:     6        6      Cl      -3.8420   -6.1970    3.3760
  QMMM:     7        7      H       -6.5390   -7.0930   -3.4500
  QMMM:     8        8      H       -5.5940   -8.4420   -2.7960
  QMMM:     9        9      H       -7.2320   -8.1280   -2.1900
  QMMM:    10       10      H       -4.8360   -6.2440   -1.8710
  QMMM:    11       11      H       -6.4650   -5.9320   -1.2680
  QMMM:    12       12      H       -6.3140   -7.9650    0.1940
  QMMM:    13       13      H       -4.6850   -8.2770   -0.4090
  QMMM:    14       14      H       -3.9300   -6.0610    0.4840
  QMMM:    15       15      H       -5.5590   -5.7490    1.0870
  QMMM:    16       16      H       -5.4020   -7.7680    2.5760
  QMMM:    17       17      H       -3.7620   -8.0820    1.9690

--------------------------------------------------------------------------------
  RESULTS
--------------------------------------------------------------------------------

      iter         sqm energy              rms gradient
      ----    -------------------    -----------------------
xmin    10      -46.7674 kcal/mol        0.0040 kcal/(mol*A)
  ... geometry converged !
 
 Final MO eigenvalues (eV):
 -37.7216  -36.5218  -32.7251  -27.3915  -22.9285  -21.8327  -16.9706  -15.7921
 -15.4110  -15.0411  -14.1496  -13.5458  -13.1764  -12.1994  -12.0946  -12.0295
 -11.4170  -11.2542  -11.1328    1.5099    3.4249    3.5550    3.7665    3.9535
   4.0686    4.2074    4.2116    4.4478    4.6211    4.6661    4.7825    4.8836
   4.9526    5.0289    5.1201

 Heat of formation   =        -46.76740538 kcal/mol  (       -2.02798688 eV)

 Total SCF energy    =     -26908.20558336 kcal/mol  (    -1166.82735282 eV)
 Electronic energy   =    -102039.96176760 kcal/mol  (    -4424.78477809 eV)
 Core-core repulsion =      75131.75618425 kcal/mol  (     3257.95742527 eV)
 
    Atomic Charges for Step       1 :
  Atom    Element       Mulliken Charge
     1      C                 -0.211
     2      C                 -0.158
     3      C                 -0.159
     4      C                 -0.171
     5      C                 -0.113
     6      Cl                -0.127
     7      H                  0.075
     8      H                  0.073
     9      H                  0.073
    10      H                  0.080
    11      H                  0.080
    12      H                  0.081
    13      H                  0.081
    14      H                  0.096
    15      H                  0.096
    16      H                  0.103
    17      H                  0.103
 Total Mulliken Charge =      -0.000
 
                  X        Y        Z     TOTAL  
  QM DIPOLE    -0.675   -0.883   -1.367    1.762
 
 Final Structure

  QMMM: QM Region Cartesian Coordinates (*=link atom) 
  QMMM: QM_NO.   MM_NO.  ATOM         X         Y         Z
  QMMM:     1        1      C       -6.3003   -7.6547   -2.5146
  QMMM:     2        2      C       -5.7356   -6.7302   -1.4673
  QMMM:     3        3      C       -5.4064   -7.4747   -0.1907
  QMMM:     4        4      C       -4.8395   -6.5383    0.8565
  QMMM:     5        5      C       -4.5177   -7.2974    2.1213
  QMMM:     6        6      Cl      -3.8569   -6.2415    3.3600
  QMMM:     7        7      H       -6.5360   -7.0863   -3.4465
  QMMM:     8        8      H       -5.5678   -8.4590   -2.7677
  QMMM:     9        9      H       -7.2386   -8.1384   -2.1497
  QMMM:    10       10      H       -4.8083   -6.2356   -1.8609
  QMMM:    11       11      H       -6.4748   -5.9158   -1.2446
  QMMM:    12       12      H       -6.3329   -7.9681    0.2056
  QMMM:    13       13      H       -4.6656   -8.2881   -0.4109
  QMMM:    14       14      H       -3.9129   -6.0450    0.4601
  QMMM:    15       15      H       -5.5803   -5.7248    1.0764
  QMMM:    16       16      H       -5.4345   -7.7622    2.5569
  QMMM:    17       17      H       -3.7499   -8.0859    1.9341

           --------- Calculation Completed ----------

