            --------------------------------------------------------
                             AMBER SQM VERSION 19
 
                                     By
              Ross C. Walker, Michael F. Crowley, Scott Brozell,
                         Tim Giese, Andreas W. Goetz,
                        Tai-Sung Lee and David A. Case
 
            --------------------------------------------------------
 

--------------------------------------------------------------------------------
  QM CALCULATION INFO
--------------------------------------------------------------------------------

| QMMM: Citation for AMBER QMMM Run:
| QMMM: R.C. Walker, M.F. Crowley and D.A. Case, J. COMP. CHEM. 29:1019, 2008

QMMM: SINGLET STATE CALCULATION
QMMM: RHF CALCULATION, NO. OF DOUBLY OCCUPIED LEVELS = 13

| QMMM: *** Selected Hamiltonian *** 
| QMMM: AM1         

| QMMM: *** Parameter sets in use ***
| QMMM: C : M.J.S.DEWAR et al. JACS, 107, 3902, (1985)
| QMMM: Br: M.J.S.DEWAR et al. THEOCHEM, 180, 1, (1988)
| QMMM: H : M.J.S.DEWAR et al. JACS, 107, 3902, (1985)

| QMMM: *** SCF convergence criteria ***
| QMMM: Energy change                :  0.1D-09 kcal/mol
| QMMM: Error matrix |FP-PF|         :  0.1D+00 au
| QMMM: Density matrix change        :  0.5D-06
| QMMM: Maximum number of SCF cycles :     1000

| QMMM: *** Diagonalization Routine Information ***
| QMMM: Pseudo diagonalizations are allowed.
| QMMM: Auto diagonalization routine selection is in use.
| QMMM:
| QMMM: Timing diagonalization routines:
| QMMM:                              norbs =       20
| QMMM:    diag iterations used for timing =       20
| QMMM:
| QMMM:              Internal diag routine = 0.000645 seconds
| QMMM:                 Dspev diag routine = 0.003247 seconds
| QMMM:                Dspevd diag routine = 0.000920 seconds
| QMMM:                Dspevx diag routine = 0.003192 seconds
| QMMM:                 Dsyev diag routine = 0.000918 seconds
| QMMM:                Dsyevd diag routine = 0.005271 seconds
| QMMM:                Dsyevr diag routine = 0.002702 seconds
| QMMM:
| QMMM:                Pseudo diag routine = 0.000135 seconds
| QMMM:
| QMMM: Using internal diagonalization routine (diag_routine=1).

  QMMM: QM Region Cartesian Coordinates (*=link atom) 
  QMMM: QM_NO.   MM_NO.  ATOM         X         Y         Z
  QMMM:     1        1      C        0.6190   -0.7310    0.5280
  QMMM:     2        2      C        1.1140   -1.8290   -0.3810
  QMMM:     3        3      Br      -0.4980   -1.5000    1.9240
  QMMM:     4        4      Br       2.1860   -1.0540   -1.8090
  QMMM:     5        5      H        1.4360   -0.2090    1.0340
  QMMM:     6        6      H        0.0000   -0.0000    0.0000
  QMMM:     7        7      H        0.2960   -2.3710   -0.8630
  QMMM:     8        8      H        1.7580   -2.5430    0.1400

--------------------------------------------------------------------------------
  RESULTS
--------------------------------------------------------------------------------

      iter         sqm energy              rms gradient
      ----    -------------------    -----------------------
xmin    10       -7.9851 kcal/mol        0.1252 kcal/(mol*A)
xmin    20       -7.9879 kcal/mol        0.1388 kcal/(mol*A)
xmin    30       -7.9882 kcal/mol        0.0025 kcal/(mol*A)
  ... geometry converged !
 
 Final MO eigenvalues (eV):
 -35.5373  -31.9761  -29.3392  -23.7599  -16.7498  -15.5505  -15.1422  -13.5915
 -12.5105  -11.3324  -11.0502  -11.0491  -11.0131    0.0009    0.9327    2.9965
   3.1544    3.5896    3.8316    4.0545

 Heat of formation   =         -7.98824139 kcal/mol  (       -0.34639614 eV)

 Total SCF energy    =     -23484.61025194 kcal/mol  (    -1018.36911894 eV)
 Electronic energy   =     -57475.20482556 kcal/mol  (    -2492.31190432 eV)
 Core-core repulsion =      33990.59457362 kcal/mol  (     1473.94278538 eV)
 
    Atomic Charges for Step       1 :
  Atom    Element       Mulliken Charge
     1      C                 -0.221
     2      C                 -0.221
     3      Br                -0.034
     4      Br                -0.034
     5      H                  0.127
     6      H                  0.127
     7      H                  0.127
     8      H                  0.127
 Total Mulliken Charge =      -0.000
 
                  X        Y        Z     TOTAL  
  QM DIPOLE     0.000   -0.000    0.000    0.000
 
 Final Structure

  QMMM: QM Region Cartesian Coordinates (*=link atom) 
  QMMM: QM_NO.   MM_NO.  ATOM         X         Y         Z
  QMMM:     1        1      C        0.6071   -0.7495    0.5362
  QMMM:     2        2      C        1.1206   -1.8098   -0.3929
  QMMM:     3        3      Br      -0.4791   -1.4901    1.9466
  QMMM:     4        4      Br       2.2067   -1.0691   -1.8035
  QMMM:     5        5      H        1.4438   -0.2065    1.0367
  QMMM:     6        6      H       -0.0364   -0.0134   -0.0018
  QMMM:     7        7      H        0.2840   -2.3529   -0.8933
  QMMM:     8        8      H        1.7643   -2.5458    0.1451

           --------- Calculation Completed ----------

