            --------------------------------------------------------
                             AMBER SQM VERSION 19
 
                                     By
              Ross C. Walker, Michael F. Crowley, Scott Brozell,
                         Tim Giese, Andreas W. Goetz,
                        Tai-Sung Lee and David A. Case
 
            --------------------------------------------------------
 

--------------------------------------------------------------------------------
  QM CALCULATION INFO
--------------------------------------------------------------------------------

| QMMM: Citation for AMBER QMMM Run:
| QMMM: R.C. Walker, M.F. Crowley and D.A. Case, J. COMP. CHEM. 29:1019, 2008

QMMM: SINGLET STATE CALCULATION
QMMM: RHF CALCULATION, NO. OF DOUBLY OCCUPIED LEVELS = 16

| QMMM: *** Selected Hamiltonian *** 
| QMMM: AM1         

| QMMM: *** Parameter sets in use ***
| QMMM: C : M.J.S.DEWAR et al. JACS, 107, 3902, (1985)
| QMMM: Br: M.J.S.DEWAR et al. THEOCHEM, 180, 1, (1988)
| QMMM: H : M.J.S.DEWAR et al. JACS, 107, 3902, (1985)

| QMMM: *** SCF convergence criteria ***
| QMMM: Energy change                :  0.1D-09 kcal/mol
| QMMM: Error matrix |FP-PF|         :  0.1D+00 au
| QMMM: Density matrix change        :  0.5D-06
| QMMM: Maximum number of SCF cycles :     1000

| QMMM: *** Diagonalization Routine Information ***
| QMMM: Pseudo diagonalizations are allowed.
| QMMM: Auto diagonalization routine selection is in use.
| QMMM:
| QMMM: Timing diagonalization routines:
| QMMM:                              norbs =       29
| QMMM:    diag iterations used for timing =       20
| QMMM:
| QMMM:              Internal diag routine = 0.030201 seconds
| QMMM:                 Dspev diag routine = 0.002080 seconds
| QMMM:                Dspevd diag routine = 0.002023 seconds
| QMMM:                Dspevx diag routine = 0.011404 seconds
| QMMM:                 Dsyev diag routine = 0.002365 seconds
| QMMM:                Dsyevd diag routine = 0.001713 seconds
| QMMM:                Dsyevr diag routine = 0.002396 seconds
| QMMM:
| QMMM:                Pseudo diag routine = 0.000405 seconds
| QMMM:
| QMMM: Using dsyevd routine (diag_routine=6).

  QMMM: QM Region Cartesian Coordinates (*=link atom) 
  QMMM: QM_NO.   MM_NO.  ATOM         X         Y         Z
  QMMM:     1        1      C       -0.0590    0.4630    0.9900
  QMMM:     2        2      C        0.7280   -0.3540    2.0020
  QMMM:     3        3      C        0.6660    0.2690    3.3960
  QMMM:     4        4      C        1.4220   -0.5780    4.4050
  QMMM:     5        5      Br       1.3670    0.2760    6.1540
  QMMM:     6        6      H        0.3380    1.4800    0.9130
  QMMM:     7        7      H        0.0000    0.0000    0.0000
  QMMM:     8        8      H       -1.1150    0.5270    1.2720
  QMMM:     9        9      H        1.7710   -0.4260    1.6720
  QMMM:    10       10      H        0.3260   -1.3740    2.0310
  QMMM:    11       11      H        1.0880    1.2810    3.3640
  QMMM:    12       12      H       -0.3820    0.3740    3.7040
  QMMM:    13       13      H        2.4780   -0.6840    4.1430
  QMMM:    14       14      H        0.9740   -1.5680    4.5270

--------------------------------------------------------------------------------
  RESULTS
--------------------------------------------------------------------------------

      iter         sqm energy              rms gradient
      ----    -------------------    -----------------------
xmin    10      -26.8482 kcal/mol        0.0293 kcal/(mol*A)
xmin    20      -26.8495 kcal/mol        0.0374 kcal/(mol*A)
xmin    30      -26.8498 kcal/mol        0.0191 kcal/(mol*A)
xmin    40      -26.8499 kcal/mol        0.0093 kcal/(mol*A)
xmin    50      -26.8499 kcal/mol        0.0009 kcal/(mol*A)
  ... geometry converged !
 
 Final MO eigenvalues (eV):
 -36.8100  -32.5990  -29.3997  -24.2208  -21.9625  -16.7715  -15.2854  -14.8640
 -14.6982  -13.2026  -12.6280  -12.6153  -11.8713  -11.5624  -10.7766  -10.6883
   0.8290    3.3961    3.5747    3.8357    3.9166    4.1141    4.3750    4.4290
   4.6143    4.6975    4.8614    4.9079    5.0236

 Heat of formation   =        -26.84991549 kcal/mol  (       -1.16429970 eV)

 Total SCF energy    =     -22840.63501839 kcal/mol  (     -990.44425733 eV)
 Electronic energy   =     -77972.31021884 kcal/mol  (    -3381.13309132 eV)
 Core-core repulsion =      55131.67520045 kcal/mol  (     2390.68883398 eV)
 
    Atomic Charges for Step       1 :
  Atom    Element       Mulliken Charge
     1      C                 -0.211
     2      C                 -0.160
     3      C                 -0.161
     4      C                 -0.215
     5      Br                -0.052
     6      H                  0.075
     7      H                  0.075
     8      H                  0.075
     9      H                  0.080
    10      H                  0.080
    11      H                  0.095
    12      H                  0.095
    13      H                  0.111
    14      H                  0.111
 Total Mulliken Charge =      -0.000
 
                  X        Y        Z     TOTAL  
  QM DIPOLE    -0.079   -0.514   -1.640    1.720
 
 Final Structure

  QMMM: QM Region Cartesian Coordinates (*=link atom) 
  QMMM: QM_NO.   MM_NO.  ATOM         X         Y         Z
  QMMM:     1        1      C       -0.0433    0.4538    1.0003
  QMMM:     2        2      C        0.7158   -0.3573    2.0183
  QMMM:     3        3      C        0.6500    0.2829    3.3913
  QMMM:     4        4      C        1.4145   -0.5435    4.3940
  QMMM:     5        5      Br       1.3850    0.1975    6.1728
  QMMM:     6        6      H        0.3815    1.4837    0.9199
  QMMM:     7        7      H        0.0163   -0.0320   -0.0034
  QMMM:     8        8      H       -1.1192    0.5404    1.2874
  QMMM:     9        9      H        1.7878   -0.4537    1.7010
  QMMM:    10       10      H        0.2905   -1.3945    2.0678
  QMMM:    11       11      H        1.0758    1.3200    3.3393
  QMMM:    12       12      H       -0.4229    0.3787    3.7063
  QMMM:    13       13      H        2.4883   -0.6221    4.1046
  QMMM:    14       14      H        0.9818   -1.5680    4.4736

           --------- Calculation Completed ----------

