            --------------------------------------------------------
                             AMBER SQM VERSION 19
 
                                     By
              Ross C. Walker, Michael F. Crowley, Scott Brozell,
                         Tim Giese, Andreas W. Goetz,
                        Tai-Sung Lee and David A. Case
 
            --------------------------------------------------------
 

--------------------------------------------------------------------------------
  QM CALCULATION INFO
--------------------------------------------------------------------------------

| QMMM: Citation for AMBER QMMM Run:
| QMMM: R.C. Walker, M.F. Crowley and D.A. Case, J. COMP. CHEM. 29:1019, 2008

QMMM: SINGLET STATE CALCULATION
QMMM: RHF CALCULATION, NO. OF DOUBLY OCCUPIED LEVELS = 23

| QMMM: *** Selected Hamiltonian *** 
| QMMM: AM1         

| QMMM: *** Parameter sets in use ***
| QMMM: C : M.J.S.DEWAR et al. JACS, 107, 3902, (1985)
| QMMM: N : M.J.S.DEWAR et al. JACS, 107, 3902, (1985)
| QMMM: O : M.J.S.DEWAR et al. JACS, 107, 3902, (1985)
| QMMM: H : M.J.S.DEWAR et al. JACS, 107, 3902, (1985)

| QMMM: *** SCF convergence criteria ***
| QMMM: Energy change                :  0.1D-09 kcal/mol
| QMMM: Error matrix |FP-PF|         :  0.1D+00 au
| QMMM: Density matrix change        :  0.5D-06
| QMMM: Maximum number of SCF cycles :     1000

| QMMM: *** Diagonalization Routine Information ***
| QMMM: Pseudo diagonalizations are allowed.
| QMMM: Auto diagonalization routine selection is in use.
| QMMM:
| QMMM: Timing diagonalization routines:
| QMMM:                              norbs =       43
| QMMM:    diag iterations used for timing =       20
| QMMM:
| QMMM:              Internal diag routine = 0.010470 seconds
| QMMM:                 Dspev diag routine = 0.015875 seconds
| QMMM:                Dspevd diag routine = 0.010134 seconds
| QMMM:                Dspevx diag routine = 0.039014 seconds
| QMMM:                 Dsyev diag routine = 0.003255 seconds
| QMMM:                Dsyevd diag routine = 0.002604 seconds
| QMMM:                Dsyevr diag routine = 0.003852 seconds
| QMMM:
| QMMM:                Pseudo diag routine = 0.000751 seconds
| QMMM:
| QMMM: Using dsyevd routine (diag_routine=6).

  QMMM: QM Region Cartesian Coordinates (*=link atom) 
  QMMM: QM_NO.   MM_NO.  ATOM         X         Y         Z
  QMMM:     1        1      C        0.1830   -0.3460    1.0110
  QMMM:     2        2      C        1.5260   -0.4070    3.0050
  QMMM:     3        3      C       -0.7040   -1.2000    1.6470
  QMMM:     4        4      C        0.5790   -1.2580    3.5520
  QMMM:     5        5      C        1.3170    0.0530    1.7100
  QMMM:     6        6      C        2.2800    0.9480    1.0890
  QMMM:     7        7      C        2.0550    1.4540   -0.3320
  QMMM:     8        8      N       -0.5340   -1.6670    2.9040
  QMMM:     9        9      O        3.3050    1.3220    1.6930
  QMMM:    10       10      H       -0.0090   -0.0060   -0.0020
  QMMM:    11       11      H        2.4010   -0.1150    3.5770
  QMMM:    12       12      H       -1.6030   -1.5410    1.1450
  QMMM:    13       13      H        0.6960   -1.6450    4.5590
  QMMM:    14       14      H        1.1330    2.0400   -0.3730
  QMMM:    15       15      H        2.0130    0.6080   -1.0240
  QMMM:    16       16      H        2.8820    2.1010   -0.6410

--------------------------------------------------------------------------------
  RESULTS
--------------------------------------------------------------------------------

      iter         sqm energy              rms gradient
      ----    -------------------    -----------------------
xmin    10       -4.0020 kcal/mol        0.0782 kcal/(mol*A)
xmin    20       -4.0027 kcal/mol        0.0217 kcal/(mol*A)
xmin    30       -4.0028 kcal/mol        0.0109 kcal/(mol*A)
xmin    40       -4.0028 kcal/mol        0.0032 kcal/(mol*A)
xmin    50       -4.0028 kcal/mol        0.0007 kcal/(mol*A)
  ... geometry converged !
 
 Final MO eigenvalues (eV):
 -40.8429  -39.0896  -33.9970  -31.9845  -30.6895  -25.5015  -24.2444  -21.2017
 -18.2644  -17.3736  -16.8200  -15.9848  -15.5717  -15.4474  -14.7173  -14.4840
 -13.4127  -13.2171  -12.7547  -11.3692  -10.9554  -10.7359  -10.1939   -0.6614
  -0.1173    1.1477    2.5596    2.7202    3.2554    3.4150    3.6252    3.6806
   3.7510    3.9088    3.9907    4.2106    4.3732    4.4919    4.6314    4.8976
   5.3411    6.2175    6.5270

 Heat of formation   =         -4.00279748 kcal/mol  (       -0.17357432 eV)

 Total SCF energy    =     -35037.42398889 kcal/mol  (    -1519.33671519 eV)
 Electronic energy   =    -149230.61553742 kcal/mol  (    -6471.12508293 eV)
 Core-core repulsion =     114193.19154853 kcal/mol  (     4951.78836774 eV)
 
    Atomic Charges for Step       1 :
  Atom    Element       Mulliken Charge
     1      C                 -0.147
     2      C                 -0.127
     3      C                 -0.083
     4      C                 -0.082
     5      C                 -0.117
     6      C                  0.264
     7      C                 -0.267
     8      N                 -0.118
     9      O                 -0.284
    10      H                  0.146
    11      H                  0.167
    12      H                  0.163
    13      H                  0.166
    14      H                  0.104
    15      H                  0.104
    16      H                  0.111
 Total Mulliken Charge =       0.000
 
                  X        Y        Z     TOTAL  
  QM DIPOLE    -1.034    0.260   -2.001    2.267
 
 Final Structure

  QMMM: QM Region Cartesian Coordinates (*=link atom) 
  QMMM: QM_NO.   MM_NO.  ATOM         X         Y         Z
  QMMM:     1        1      C        0.1792   -0.3425    1.0005
  QMMM:     2        2      C        1.5269   -0.4032    2.9938
  QMMM:     3        3      C       -0.7196   -1.2085    1.6491
  QMMM:     4        4      C        0.5679   -1.2666    3.5536
  QMMM:     5        5      C        1.3273    0.0686    1.6887
  QMMM:     6        6      C        2.3277    0.9789    1.0835
  QMMM:     7        7      C        2.0677    1.4514   -0.3107
  QMMM:     8        8      N       -0.5398   -1.6690    2.9022
  QMMM:     9        9      O        3.3355    1.3317    1.7086
  QMMM:    10       10      H       -0.0283   -0.0044   -0.0237
  QMMM:    11       11      H        2.4188   -0.0992    3.5620
  QMMM:    12       12      H       -1.6362   -1.5541    1.1378
  QMMM:    13       13      H        0.6923   -1.6581    4.5796
  QMMM:    14       14      H        1.1019    2.0117   -0.3495
  QMMM:    15       15      H        2.0082    0.5776   -1.0045
  QMMM:    16       16      H        2.8906    2.1269   -0.6511

           --------- Calculation Completed ----------

