            --------------------------------------------------------
                             AMBER SQM VERSION 19
 
                                     By
              Ross C. Walker, Michael F. Crowley, Scott Brozell,
                         Tim Giese, Andreas W. Goetz,
                        Tai-Sung Lee and David A. Case
 
            --------------------------------------------------------
 

--------------------------------------------------------------------------------
  QM CALCULATION INFO
--------------------------------------------------------------------------------

| QMMM: Citation for AMBER QMMM Run:
| QMMM: R.C. Walker, M.F. Crowley and D.A. Case, J. COMP. CHEM. 29:1019, 2008

QMMM: SINGLET STATE CALCULATION
QMMM: RHF CALCULATION, NO. OF DOUBLY OCCUPIED LEVELS = 21

| QMMM: *** Selected Hamiltonian *** 
| QMMM: AM1         

| QMMM: *** Parameter sets in use ***
| QMMM: C : M.J.S.DEWAR et al. JACS, 107, 3902, (1985)
| QMMM: O : M.J.S.DEWAR et al. JACS, 107, 3902, (1985)
| QMMM: H : M.J.S.DEWAR et al. JACS, 107, 3902, (1985)

| QMMM: *** SCF convergence criteria ***
| QMMM: Energy change                :  0.1D-09 kcal/mol
| QMMM: Error matrix |FP-PF|         :  0.1D+00 au
| QMMM: Density matrix change        :  0.5D-06
| QMMM: Maximum number of SCF cycles :     1000

| QMMM: *** Diagonalization Routine Information ***
| QMMM: Pseudo diagonalizations are allowed.
| QMMM: Auto diagonalization routine selection is in use.
| QMMM:
| QMMM: Timing diagonalization routines:
| QMMM:                              norbs =       40
| QMMM:    diag iterations used for timing =       20
| QMMM:
| QMMM:              Internal diag routine = 0.034336 seconds
| QMMM:                 Dspev diag routine = 0.009165 seconds
| QMMM:                Dspevd diag routine = 0.003522 seconds
| QMMM:                Dspevx diag routine = 0.018286 seconds
| QMMM:                 Dsyev diag routine = 0.004275 seconds
| QMMM:                Dsyevd diag routine = 0.004624 seconds
| QMMM:                Dsyevr diag routine = 0.005623 seconds
| QMMM:
| QMMM:                Pseudo diag routine = 0.001201 seconds
| QMMM:
| QMMM: Using dspevd routine (diag_routine=3).

  QMMM: QM Region Cartesian Coordinates (*=link atom) 
  QMMM: QM_NO.   MM_NO.  ATOM         X         Y         Z
  QMMM:     1        1      C        0.3700    0.5440   -2.7470
  QMMM:     2        2      C        0.0700    1.0590   -1.3700
  QMMM:     3        3      C       -1.2330    0.9550   -0.8610
  QMMM:     4        4      C       -1.5420    1.4250    0.4170
  QMMM:     5        5      C       -0.5520    2.0060    1.2060
  QMMM:     6        6      C        0.7470    2.1180    0.7170
  QMMM:     7        7      C        1.0540    1.6480   -0.5620
  QMMM:     8        8      O        2.3520    1.7940   -0.9690
  QMMM:     9        9      H        2.4550    1.4370   -1.8650
  QMMM:    10       10      H       -0.5210    0.1210   -3.2230
  QMMM:    11       11      H        0.7300    1.3570   -3.3860
  QMMM:    12       12      H        1.1260   -0.2460   -2.7010
  QMMM:    13       13      H       -2.0220    0.5040   -1.4590
  QMMM:    14       14      H       -2.5570    1.3360    0.7970
  QMMM:    15       15      H       -0.7930    2.3720    2.2000
  QMMM:    16       16      H        1.5170    2.5720    1.3340

--------------------------------------------------------------------------------
  RESULTS
--------------------------------------------------------------------------------

      iter         sqm energy              rms gradient
      ----    -------------------    -----------------------
xmin    10      -29.5794 kcal/mol        0.0247 kcal/(mol*A)
xmin    20      -29.5794 kcal/mol        0.0017 kcal/(mol*A)
  ... geometry converged !
 
 Final MO eigenvalues (eV):
 -40.3663  -37.3583  -33.5065  -30.5148  -27.6238  -23.1319  -22.4683  -18.9525
 -17.2032  -16.3550  -15.3890  -15.1033  -14.3577  -14.1128  -13.9324  -13.3638
 -12.4349  -12.3076  -11.9099   -9.6171   -8.9964    0.3704    0.5558    2.8066
   3.0780    3.6037    3.8773    3.9757    4.1504    4.2516    4.3586    4.4992
   4.5895    4.8862    5.0929    5.2598    5.4816    5.6580    5.8812    6.3782


 Heat of formation   =        -29.57942852 kcal/mol  (       -1.28266027 eV)

 Total SCF energy    =     -30597.19066166 kcal/mol  (    -1326.79374969 eV)
 Electronic energy   =    -129942.82765067 kcal/mol  (    -5634.74383811 eV)
 Core-core repulsion =      99345.63698901 kcal/mol  (     4307.95008842 eV)
 
    Atomic Charges for Step       1 :
  Atom    Element       Mulliken Charge
     1      C                 -0.180
     2      C                 -0.152
     3      C                 -0.092
     4      C                 -0.163
     5      C                 -0.100
     6      C                 -0.155
     7      C                  0.080
     8      O                 -0.254
     9      H                  0.219
    10      H                  0.091
    11      H                  0.080
    12      H                  0.080
    13      H                  0.131
    14      H                  0.133
    15      H                  0.134
    16      H                  0.149
 Total Mulliken Charge =       0.000
 
                  X        Y        Z     TOTAL  
  QM DIPOLE    -0.690   -0.627   -1.068    1.418
 
 Final Structure

  QMMM: QM Region Cartesian Coordinates (*=link atom) 
  QMMM: QM_NO.   MM_NO.  ATOM         X         Y         Z
  QMMM:     1        1      C        0.3678    0.5503   -2.7324
  QMMM:     2        2      C        0.0557    1.0530   -1.3757
  QMMM:     3        3      C       -1.2418    0.9524   -0.8612
  QMMM:     4        4      C       -1.5451    1.4224    0.4136
  QMMM:     5        5      C       -0.5497    2.0046    1.2006
  QMMM:     6        6      C        0.7490    2.1192    0.7182
  QMMM:     7        7      C        1.0479    1.6425   -0.5699
  QMMM:     8        8      O        2.3568    1.7951   -0.9693
  QMMM:     9        9      H        2.4473    1.4352   -1.8631
  QMMM:    10       10      H       -0.5402    0.1178   -3.2196
  QMMM:    11       11      H        0.7483    1.3794   -3.3814
  QMMM:    12       12      H        1.1506   -0.2488   -2.6855
  QMMM:    13       13      H       -2.0310    0.4944   -1.4769
  QMMM:    14       14      H       -2.5701    1.3348    0.8010
  QMMM:    15       15      H       -0.7912    2.3754    2.2078
  QMMM:    16       16      H        1.5467    2.5742    1.3218

           --------- Calculation Completed ----------

