            --------------------------------------------------------
                             AMBER SQM VERSION 19
 
                                     By
              Ross C. Walker, Michael F. Crowley, Scott Brozell,
                         Tim Giese, Andreas W. Goetz,
                        Tai-Sung Lee and David A. Case
 
            --------------------------------------------------------
 

--------------------------------------------------------------------------------
  QM CALCULATION INFO
--------------------------------------------------------------------------------

| QMMM: Citation for AMBER QMMM Run:
| QMMM: R.C. Walker, M.F. Crowley and D.A. Case, J. COMP. CHEM. 29:1019, 2008

QMMM: SINGLET STATE CALCULATION
QMMM: RHF CALCULATION, NO. OF DOUBLY OCCUPIED LEVELS = 10

| QMMM: *** Selected Hamiltonian *** 
| QMMM: AM1         

| QMMM: *** Parameter sets in use ***
| QMMM: C : M.J.S.DEWAR et al. JACS, 107, 3902, (1985)
| QMMM: S : M.J.S.DEWAR et al. INORG. CHEM., 29, 3881, (1990)
| QMMM: H : M.J.S.DEWAR et al. JACS, 107, 3902, (1985)

| QMMM: *** SCF convergence criteria ***
| QMMM: Energy change                :  0.1D-09 kcal/mol
| QMMM: Error matrix |FP-PF|         :  0.1D+00 au
| QMMM: Density matrix change        :  0.5D-06
| QMMM: Maximum number of SCF cycles :     1000

| QMMM: *** Diagonalization Routine Information ***
| QMMM: Pseudo diagonalizations are allowed.
| QMMM: Auto diagonalization routine selection is in use.
| QMMM:
| QMMM: Timing diagonalization routines:
| QMMM:                              norbs =       18
| QMMM:    diag iterations used for timing =       20
| QMMM:
| QMMM:              Internal diag routine = 0.000520 seconds
| QMMM:                 Dspev diag routine = 0.000802 seconds
| QMMM:                Dspevd diag routine = 0.000765 seconds
| QMMM:                Dspevx diag routine = 0.014500 seconds
| QMMM:                 Dsyev diag routine = 0.000751 seconds
| QMMM:                Dsyevd diag routine = 0.000747 seconds
| QMMM:                Dsyevr diag routine = 0.001017 seconds
| QMMM:
| QMMM:                Pseudo diag routine = 0.000128 seconds
| QMMM:
| QMMM: Using internal diagonalization routine (diag_routine=1).

  QMMM: QM Region Cartesian Coordinates (*=link atom) 
  QMMM: QM_NO.   MM_NO.  ATOM         X         Y         Z
  QMMM:     1        1      C        0.4410   -0.3500    0.9400
  QMMM:     2        2      C        1.8520   -0.8680    0.7340
  QMMM:     3        3      S        2.9260    0.4450    0.0920
  QMMM:     4        4      H        0.4160    0.4720    1.6630
  QMMM:     5        5      H        0.0000    0.0000    0.0000
  QMMM:     6        6      H       -0.1970   -1.1510    1.3270
  QMMM:     7        7      H        1.8500   -1.7010    0.0240
  QMMM:     8        8      H        2.2640   -1.2290    1.6810
  QMMM:     9        9      H        3.5900   -0.3270   -0.7790

--------------------------------------------------------------------------------
  RESULTS
--------------------------------------------------------------------------------

      iter         sqm energy              rms gradient
      ----    -------------------    -----------------------
xmin    10      -10.3797 kcal/mol        1.1912 kcal/(mol*A)
xmin    20      -10.6056 kcal/mol        0.5285 kcal/(mol*A)
xmin    30      -10.6514 kcal/mol        0.1419 kcal/(mol*A)
xmin    40      -10.6559 kcal/mol        0.0770 kcal/(mol*A)
xmin    50      -10.6566 kcal/mol        0.0118 kcal/(mol*A)
xmin    60      -10.6567 kcal/mol        0.0086 kcal/(mol*A)
xmin    70      -10.6568 kcal/mol        0.0020 kcal/(mol*A)
  ... geometry converged !
 
 Final MO eigenvalues (eV):
 -33.9169  -24.5135  -18.1766  -16.1654  -15.7957  -13.6346  -12.5963  -12.3619
 -11.3650   -8.9074    0.8335    1.7831    3.5870    3.9325    4.1887    4.5195
   4.6048    4.8801

 Heat of formation   =        -10.65676500 kcal/mol  (       -0.46211201 eV)

 Total SCF energy    =     -12302.12893693 kcal/mol  (     -533.46034157 eV)
 Electronic energy   =     -36210.79076692 kcal/mol  (    -1570.21771679 eV)
 Core-core repulsion =      23908.66182999 kcal/mol  (     1036.75737522 eV)
 
    Atomic Charges for Step       1 :
  Atom    Element       Mulliken Charge
     1      C                 -0.206
     2      C                 -0.248
     3      S                 -0.030
     4      H                  0.090
     5      H                  0.090
     6      H                  0.082
     7      H                  0.097
     8      H                  0.097
     9      H                  0.027
 Total Mulliken Charge =      -0.000
 
                  X        Y        Z     TOTAL  
  QM DIPOLE    -0.011   -1.699    0.550    1.786
 
 Final Structure

  QMMM: QM Region Cartesian Coordinates (*=link atom) 
  QMMM: QM_NO.   MM_NO.  ATOM         X         Y         Z
  QMMM:     1        1      C        0.4482   -0.3505    0.9642
  QMMM:     2        2      C        1.8026   -0.8959    0.6197
  QMMM:     3        3      S        2.7187    0.4121   -0.1521
  QMMM:     4        4      H        0.5348    0.5146    1.6666
  QMMM:     5        5      H       -0.0874   -0.0066    0.0454
  QMMM:     6        6      H       -0.1688   -1.1430    1.4557
  QMMM:     7        7      H        1.7121   -1.7647   -0.0759
  QMMM:     8        8      H        2.3317   -1.2459    1.5386
  QMMM:     9        9      H        3.8501   -0.2290   -0.3803

           --------- Calculation Completed ----------

