            --------------------------------------------------------
                             AMBER SQM VERSION 19
 
                                     By
              Ross C. Walker, Michael F. Crowley, Scott Brozell,
                         Tim Giese, Andreas W. Goetz,
                        Tai-Sung Lee and David A. Case
 
            --------------------------------------------------------
 

--------------------------------------------------------------------------------
  QM CALCULATION INFO
--------------------------------------------------------------------------------

| QMMM: Citation for AMBER QMMM Run:
| QMMM: R.C. Walker, M.F. Crowley and D.A. Case, J. COMP. CHEM. 29:1019, 2008

QMMM: SINGLET STATE CALCULATION
QMMM: RHF CALCULATION, NO. OF DOUBLY OCCUPIED LEVELS = 23

| QMMM: *** Selected Hamiltonian *** 
| QMMM: AM1         

| QMMM: *** Parameter sets in use ***
| QMMM: C : M.J.S.DEWAR et al. JACS, 107, 3902, (1985)
| QMMM: O : M.J.S.DEWAR et al. JACS, 107, 3902, (1985)
| QMMM: H : M.J.S.DEWAR et al. JACS, 107, 3902, (1985)

| QMMM: *** SCF convergence criteria ***
| QMMM: Energy change                :  0.1D-09 kcal/mol
| QMMM: Error matrix |FP-PF|         :  0.1D+00 au
| QMMM: Density matrix change        :  0.5D-06
| QMMM: Maximum number of SCF cycles :     1000

| QMMM: *** Diagonalization Routine Information ***
| QMMM: Pseudo diagonalizations are allowed.
| QMMM: Auto diagonalization routine selection is in use.
| QMMM:
| QMMM: Timing diagonalization routines:
| QMMM:                              norbs =       44
| QMMM:    diag iterations used for timing =       20
| QMMM:
| QMMM:              Internal diag routine = 0.025667 seconds
| QMMM:                 Dspev diag routine = 0.015744 seconds
| QMMM:                Dspevd diag routine = 0.016843 seconds
| QMMM:                Dspevx diag routine = 0.028786 seconds
| QMMM:                 Dsyev diag routine = 0.006311 seconds
| QMMM:                Dsyevd diag routine = 0.002710 seconds
| QMMM:                Dsyevr diag routine = 0.003976 seconds
| QMMM:
| QMMM:                Pseudo diag routine = 0.001056 seconds
| QMMM:
| QMMM: Using dsyevd routine (diag_routine=6).

  QMMM: QM Region Cartesian Coordinates (*=link atom) 
  QMMM: QM_NO.   MM_NO.  ATOM         X         Y         Z
  QMMM:     1        1      C        1.8850   -1.0380   -0.1090
  QMMM:     2        2      C        0.8180   -0.4410    0.5630
  QMMM:     3        3      C        2.9350   -1.6040    0.6140
  QMMM:     4        4      C        0.8010   -0.4100    1.9570
  QMMM:     5        5      C        2.9180   -1.5730    2.0080
  QMMM:     6        6      C        1.8510   -0.9770    2.6800
  QMMM:     7        7      C        1.8330   -0.9450    4.1340
  QMMM:     8        8      C        0.6700   -0.2930    4.8740
  QMMM:     9        9      O        2.7570   -1.4430    4.8070
  QMMM:    10       10      H        1.8970   -1.0610   -1.1950
  QMMM:    11       11      H        0.0000    0.0000   -0.0000
  QMMM:    12       12      H        3.7650   -2.0690    0.0910
  QMMM:    13       13      H       -0.0360    0.0570    2.4700
  QMMM:    14       14      H        3.7420   -2.0180    2.5610
  QMMM:    15       15      H       -0.2580   -0.8230    4.6420
  QMMM:    16       16      H        0.6000    0.7620    4.5970
  QMMM:    17       17      H        0.8300   -0.3480    5.9560

--------------------------------------------------------------------------------
  RESULTS
--------------------------------------------------------------------------------

      iter         sqm energy              rms gradient
      ----    -------------------    -----------------------
xmin    10      -15.1577 kcal/mol        0.0753 kcal/(mol*A)
xmin    20      -15.1582 kcal/mol        0.0144 kcal/(mol*A)
xmin    30      -15.1582 kcal/mol        0.0093 kcal/(mol*A)
xmin    40      -15.1583 kcal/mol        0.0026 kcal/(mol*A)
  ... geometry converged !
 
 Final MO eigenvalues (eV):
 -40.3372  -38.4338  -32.8849  -31.7088  -30.0688  -24.5852  -23.3103  -20.7271
 -18.1441  -16.6262  -16.3705  -15.6684  -15.3362  -14.8844  -14.4672  -13.6107
 -13.2228  -12.8807  -12.6835  -12.1237  -10.6713   -9.9826   -9.9357   -0.3618
   0.2852    1.3598    2.7433    3.0656    3.6302    3.7698    3.8191    3.9221
   4.1317    4.1481    4.1979    4.3547    4.6144    4.7845    4.8491    5.1888
   5.3093    5.3948    5.7759    6.5337

 Heat of formation   =        -15.15826136 kcal/mol  (       -0.65731154 eV)

 Total SCF energy    =     -33539.79251993 kcal/mol  (    -1454.39454143 eV)
 Electronic energy   =    -147140.60385413 kcal/mol  (    -6380.49537549 eV)
 Core-core repulsion =     113600.81133420 kcal/mol  (     4926.10083406 eV)
 
    Atomic Charges for Step       1 :
  Atom    Element       Mulliken Charge
     1      C                 -0.101
     2      C                 -0.146
     3      C                 -0.145
     4      C                 -0.091
     5      C                 -0.073
     6      C                 -0.157
     7      C                  0.267
     8      C                 -0.266
     9      O                 -0.298
    10      H                  0.135
    11      H                  0.135
    12      H                  0.138
    13      H                  0.134
    14      H                  0.156
    15      H                  0.102
    16      H                  0.102
    17      H                  0.108
 Total Mulliken Charge =      -0.000
 
                  X        Y        Z     TOTAL  
  QM DIPOLE    -1.951    1.042   -1.980    2.968
 
 Final Structure

  QMMM: QM Region Cartesian Coordinates (*=link atom) 
  QMMM: QM_NO.   MM_NO.  ATOM         X         Y         Z
  QMMM:     1        1      C        1.8812   -1.0364   -0.1074
  QMMM:     2        2      C        0.8123   -0.4398    0.5621
  QMMM:     3        3      C        2.9297   -1.6002    0.6192
  QMMM:     4        4      C        0.7891   -0.4054    1.9552
  QMMM:     5        5      C        2.9095   -1.5674    2.0121
  QMMM:     6        6      C        1.8381   -0.9693    2.6916
  QMMM:     7        7      C        1.8511   -0.9533    4.1704
  QMMM:     8        8      C        0.6942   -0.3062    4.8643
  QMMM:     9        9      O        2.7823   -1.4554    4.8145
  QMMM:    10       10      H        1.8963   -1.0618   -1.2072
  QMMM:    11       11      H       -0.0151    0.0050   -0.0099
  QMMM:    12       12      H        3.7739   -2.0713    0.0944
  QMMM:    13       13      H       -0.0608    0.0686    2.4694
  QMMM:    14       14      H        3.7333   -2.0102    2.5962
  QMMM:    15       15      H       -0.2552   -0.8268    4.5894
  QMMM:    16       16      H        0.6205    0.7670    4.5631
  QMMM:    17       17      H        0.8273   -0.3611    5.9726

           --------- Calculation Completed ----------

