            --------------------------------------------------------
                             AMBER SQM VERSION 19
 
                                     By
              Ross C. Walker, Michael F. Crowley, Scott Brozell,
                         Tim Giese, Andreas W. Goetz,
                        Tai-Sung Lee and David A. Case
 
            --------------------------------------------------------
 

--------------------------------------------------------------------------------
  QM CALCULATION INFO
--------------------------------------------------------------------------------

| QMMM: Citation for AMBER QMMM Run:
| QMMM: R.C. Walker, M.F. Crowley and D.A. Case, J. COMP. CHEM. 29:1019, 2008

QMMM: SINGLET STATE CALCULATION
QMMM: RHF CALCULATION, NO. OF DOUBLY OCCUPIED LEVELS = 10

| QMMM: *** Selected Hamiltonian *** 
| QMMM: AM1         

| QMMM: *** Parameter sets in use ***
| QMMM: C : M.J.S.DEWAR et al. JACS, 107, 3902, (1985)
| QMMM: Br: M.J.S.DEWAR et al. THEOCHEM, 180, 1, (1988)
| QMMM: H : M.J.S.DEWAR et al. JACS, 107, 3902, (1985)

| QMMM: *** SCF convergence criteria ***
| QMMM: Energy change                :  0.1D-09 kcal/mol
| QMMM: Error matrix |FP-PF|         :  0.1D+00 au
| QMMM: Density matrix change        :  0.5D-06
| QMMM: Maximum number of SCF cycles :     1000

| QMMM: *** Diagonalization Routine Information ***
| QMMM: Pseudo diagonalizations are allowed.
| QMMM: Auto diagonalization routine selection is in use.
| QMMM:
| QMMM: Timing diagonalization routines:
| QMMM:                              norbs =       14
| QMMM:    diag iterations used for timing =       20
| QMMM:
| QMMM:              Internal diag routine = 0.000303 seconds
| QMMM:                 Dspev diag routine = 0.000561 seconds
| QMMM:                Dspevd diag routine = 0.030973 seconds
| QMMM:                Dspevx diag routine = 0.001365 seconds
| QMMM:                 Dsyev diag routine = 0.000393 seconds
| QMMM:                Dsyevd diag routine = 0.000445 seconds
| QMMM:                Dsyevr diag routine = 0.013836 seconds
| QMMM:
| QMMM:                Pseudo diag routine = 0.000035 seconds
| QMMM:
| QMMM: Using internal diagonalization routine (diag_routine=1).

  QMMM: QM Region Cartesian Coordinates (*=link atom) 
  QMMM: QM_NO.   MM_NO.  ATOM         X         Y         Z
  QMMM:     1        1      C       -0.4350    0.9370   -0.3520
  QMMM:     2        2      Br      -1.1030    0.6570   -2.1440
  QMMM:     3        3      Br      -1.8040    1.4760    0.9020
  QMMM:     4        4      H        0.3220    1.7230   -0.3890
  QMMM:     5        5      H        0.0000    0.0000    0.0000

--------------------------------------------------------------------------------
  RESULTS
--------------------------------------------------------------------------------

      iter         sqm energy              rms gradient
      ----    -------------------    -----------------------
xmin    10       -1.0413 kcal/mol        0.0034 kcal/(mol*A)
  ... geometry converged !
 
 Final MO eigenvalues (eV):
 -34.3463  -31.5286  -26.5428  -16.0788  -15.2985  -14.7101  -11.5214  -11.3988
 -11.0047  -10.9581   -0.0519    0.4950    3.0579    3.4611

 Heat of formation   =         -1.04129000 kcal/mol  (       -0.04515372 eV)

 Total SCF energy    =     -19890.81026902 kcal/mol  (     -862.53025754 eV)
 Electronic energy   =     -38950.64117344 kcal/mol  (    -1689.02654583 eV)
 Core-core repulsion =      19059.83090442 kcal/mol  (      826.49628830 eV)
 
    Atomic Charges for Step       1 :
  Atom    Element       Mulliken Charge
     1      C                 -0.324
     2      Br                 0.019
     3      Br                 0.019
     4      H                  0.143
     5      H                  0.143
 Total Mulliken Charge =      -0.000
 
                  X        Y        Z     TOTAL  
  QM DIPOLE     1.264   -0.160    0.333    1.317
 
 Final Structure

  QMMM: QM Region Cartesian Coordinates (*=link atom) 
  QMMM: QM_NO.   MM_NO.  ATOM         X         Y         Z
  QMMM:     1        1      C       -0.4481    0.9389   -0.3556
  QMMM:     2        2      Br      -1.1029    0.6633   -2.1195
  QMMM:     3        3      Br      -1.7916    1.4669    0.8824
  QMMM:     4        4      H        0.3236    1.7365   -0.3920
  QMMM:     5        5      H       -0.0010   -0.0127    0.0017

           --------- Calculation Completed ----------

