            --------------------------------------------------------
                             AMBER SQM VERSION 19
 
                                     By
              Ross C. Walker, Michael F. Crowley, Scott Brozell,
                         Tim Giese, Andreas W. Goetz,
                        Tai-Sung Lee and David A. Case
 
            --------------------------------------------------------
 

--------------------------------------------------------------------------------
  QM CALCULATION INFO
--------------------------------------------------------------------------------

| QMMM: Citation for AMBER QMMM Run:
| QMMM: R.C. Walker, M.F. Crowley and D.A. Case, J. COMP. CHEM. 29:1019, 2008

QMMM: SINGLET STATE CALCULATION
QMMM: RHF CALCULATION, NO. OF DOUBLY OCCUPIED LEVELS = 24

| QMMM: *** Selected Hamiltonian *** 
| QMMM: AM1         

| QMMM: *** Parameter sets in use ***
| QMMM: C : M.J.S.DEWAR et al. JACS, 107, 3902, (1985)
| QMMM: H : M.J.S.DEWAR et al. JACS, 107, 3902, (1985)

| QMMM: *** SCF convergence criteria ***
| QMMM: Energy change                :  0.1D-09 kcal/mol
| QMMM: Error matrix |FP-PF|         :  0.1D+00 au
| QMMM: Density matrix change        :  0.5D-06
| QMMM: Maximum number of SCF cycles :     1000

| QMMM: *** Diagonalization Routine Information ***
| QMMM: Pseudo diagonalizations are allowed.
| QMMM: Auto diagonalization routine selection is in use.
| QMMM:
| QMMM: Timing diagonalization routines:
| QMMM:                              norbs =       48
| QMMM:    diag iterations used for timing =       20
| QMMM:
| QMMM:              Internal diag routine = 0.009471 seconds
| QMMM:                 Dspev diag routine = 0.011587 seconds
| QMMM:                Dspevd diag routine = 0.020717 seconds
| QMMM:                Dspevx diag routine = 0.044834 seconds
| QMMM:                 Dsyev diag routine = 0.004044 seconds
| QMMM:                Dsyevd diag routine = 0.003219 seconds
| QMMM:                Dsyevr diag routine = 0.004749 seconds
| QMMM:
| QMMM:                Pseudo diag routine = 0.001118 seconds
| QMMM:
| QMMM: Using dsyevd routine (diag_routine=6).

  QMMM: QM Region Cartesian Coordinates (*=link atom) 
  QMMM: QM_NO.   MM_NO.  ATOM         X         Y         Z
  QMMM:     1        1      C       -0.5590   -2.0540    0.3110
  QMMM:     2        2      C        0.3410   -1.0310    0.0250
  QMMM:     3        3      C        3.0180   -5.3220   -0.1350
  QMMM:     4        4      C        3.9170   -4.2990   -0.4200
  QMMM:     5        5      C       -0.1220   -3.3790    0.3440
  QMMM:     6        6      C        1.6800   -1.3290   -0.2290
  QMMM:     7        7      C        1.6790   -5.0240    0.1190
  QMMM:     8        8      C        3.4810   -2.9740   -0.4530
  QMMM:     9        9      C        1.2220   -3.6970    0.0910
  QMMM:    10       10      C        2.1360   -2.6560   -0.2000
  QMMM:    11       11      H       -1.6010   -1.8220    0.5090
  QMMM:    12       12      H       -0.0010   -0.0000   -0.0010
  QMMM:    13       13      H        3.3580   -6.3540   -0.1090
  QMMM:    14       14      H        4.9600   -4.5320   -0.6170
  QMMM:    15       15      H       -0.8430   -4.1620    0.5690
  QMMM:    16       16      H        2.3650   -0.5130   -0.4500
  QMMM:    17       17      H        0.9940   -5.8400    0.3420
  QMMM:    18       18      H        4.2010   -2.1910   -0.6780

--------------------------------------------------------------------------------
  RESULTS
--------------------------------------------------------------------------------

      iter         sqm energy              rms gradient
      ----    -------------------    -----------------------
xmin    10       40.4446 kcal/mol        0.0011 kcal/(mol*A)
  ... geometry converged !
 
 Final MO eigenvalues (eV):
 -40.4541  -36.7293  -33.1055  -30.8481  -29.6702  -24.1276  -23.5187  -22.5241
 -18.3309  -17.5893  -16.9297  -15.4580  -15.0771  -14.2885  -14.2112  -14.0730
 -13.6106  -12.6025  -12.0349  -11.8600  -11.5936  -10.6592   -9.3402   -8.7110
  -0.2652    0.1802    1.2108    2.1246    3.2767    3.6840    3.8500    3.9541
   3.9780    4.1089    4.2646    4.4206    4.4728    4.4873    4.8289    5.0978
   5.1641    5.3216    5.3355    5.5770    5.6774    5.7292    5.9817    6.1334


 Heat of formation   =         40.44459115 kcal/mol  (        1.75380908 eV)

 Total SCF energy    =     -32049.10568757 kcal/mol  (    -1389.75350972 eV)
 Electronic energy   =    -156698.73519487 kcal/mol  (    -6794.96705238 eV)
 Core-core repulsion =     124649.62950730 kcal/mol  (     5405.21354266 eV)
 
    Atomic Charges for Step       1 :
  Atom    Element       Mulliken Charge
     1      C                 -0.128
     2      C                 -0.128
     3      C                 -0.128
     4      C                 -0.128
     5      C                 -0.117
     6      C                 -0.117
     7      C                 -0.117
     8      C                 -0.117
     9      C                 -0.037
    10      C                 -0.037
    11      H                  0.132
    12      H                  0.132
    13      H                  0.132
    14      H                  0.132
    15      H                  0.132
    16      H                  0.132
    17      H                  0.132
    18      H                  0.132
 Total Mulliken Charge =       0.000
 
                  X        Y        Z     TOTAL  
  QM DIPOLE    -0.000   -0.000   -0.000    0.000
 
 Final Structure

  QMMM: QM Region Cartesian Coordinates (*=link atom) 
  QMMM: QM_NO.   MM_NO.  ATOM         X         Y         Z
  QMMM:     1        1      C       -0.5624   -2.0670    0.3128
  QMMM:     2        2      C        0.3526   -1.0260    0.0220
  QMMM:     3        3      C        3.0058   -5.3272   -0.1312
  QMMM:     4        4      C        3.9208   -4.2862   -0.4219
  QMMM:     5        5      C       -0.1395   -3.3729    0.3469
  QMMM:     6        6      C        1.6719   -1.3119   -0.2288
  QMMM:     7        7      C        1.6866   -5.0413    0.1197
  QMMM:     8        8      C        3.4980   -2.9804   -0.4560
  QMMM:     9        9      C        1.2209   -3.6981    0.0911
  QMMM:    10       10      C        2.1376   -2.6551   -0.2002
  QMMM:    11       11      H       -1.6142   -1.8128    0.5103
  QMMM:    12       12      H       -0.0102    0.0122    0.0005
  QMMM:    13       13      H        3.3686   -6.3654   -0.1097
  QMMM:    14       14      H        4.9726   -4.5405   -0.6194
  QMMM:    15       15      H       -0.8429   -4.1885    0.5719
  QMMM:    16       16      H        2.3903   -0.5099   -0.4557
  QMMM:    17       17      H        0.9682   -5.8433    0.3465
  QMMM:    18       18      H        4.2014   -2.1647   -0.6809

           --------- Calculation Completed ----------

