            --------------------------------------------------------
                             AMBER SQM VERSION 19
 
                                     By
              Ross C. Walker, Michael F. Crowley, Scott Brozell,
                         Tim Giese, Andreas W. Goetz,
                        Tai-Sung Lee and David A. Case
 
            --------------------------------------------------------
 

--------------------------------------------------------------------------------
  QM CALCULATION INFO
--------------------------------------------------------------------------------

| QMMM: Citation for AMBER QMMM Run:
| QMMM: R.C. Walker, M.F. Crowley and D.A. Case, J. COMP. CHEM. 29:1019, 2008

QMMM: SINGLET STATE CALCULATION
QMMM: RHF CALCULATION, NO. OF DOUBLY OCCUPIED LEVELS = 33

| QMMM: *** Selected Hamiltonian *** 
| QMMM: AM1         

| QMMM: *** Parameter sets in use ***
| QMMM: C : M.J.S.DEWAR et al. JACS, 107, 3902, (1985)
| QMMM: O : M.J.S.DEWAR et al. JACS, 107, 3902, (1985)
| QMMM: H : M.J.S.DEWAR et al. JACS, 107, 3902, (1985)

| QMMM: *** SCF convergence criteria ***
| QMMM: Energy change                :  0.1D-09 kcal/mol
| QMMM: Error matrix |FP-PF|         :  0.1D+00 au
| QMMM: Density matrix change        :  0.5D-06
| QMMM: Maximum number of SCF cycles :     1000

| QMMM: *** Diagonalization Routine Information ***
| QMMM: Pseudo diagonalizations are allowed.
| QMMM: Auto diagonalization routine selection is in use.
| QMMM:
| QMMM: Timing diagonalization routines:
| QMMM:                              norbs =       62
| QMMM:    diag iterations used for timing =       15
| QMMM:
| QMMM:              Internal diag routine = 0.026956 seconds
| QMMM:                 Dspev diag routine = 0.029207 seconds
| QMMM:                Dspevd diag routine = 0.017117 seconds
| QMMM:                Dspevx diag routine = 0.039589 seconds
| QMMM:                 Dsyev diag routine = 0.008160 seconds
| QMMM:                Dsyevd diag routine = 0.005666 seconds
| QMMM:                Dsyevr diag routine = 0.007590 seconds
| QMMM:
| QMMM:                Pseudo diag routine = 0.002710 seconds
| QMMM:
| QMMM: Using dsyevd routine (diag_routine=6).

  QMMM: QM Region Cartesian Coordinates (*=link atom) 
  QMMM: QM_NO.   MM_NO.  ATOM         X         Y         Z
  QMMM:     1        1      C        3.3840   -8.3150   -1.2420
  QMMM:     2        2      C        0.6180    0.1200   -0.7580
  QMMM:     3        3      C        4.2190  -10.5120   -0.9720
  QMMM:     4        4      C        3.0540   -7.0610   -0.4620
  QMMM:     5        5      C        0.9420   -1.1340   -1.5540
  QMMM:     6        6      C        2.5620   -5.9150   -1.3450
  QMMM:     7        7      C        1.4910   -2.2420   -0.6550
  QMMM:     8        8      C        2.3010   -4.6320   -0.5490
  QMMM:     9        9      C        1.7830   -3.5130   -1.4540
  QMMM:    10       10      O        3.2870   -8.4370   -2.4550
  QMMM:    11       11      O        3.8350   -9.2700   -0.3750
  QMMM:    12       12      H        1.5130    0.5130   -0.2650
  QMMM:    13       13      H       -0.1360   -0.0850    0.0090
  QMMM:    14       14      H        0.2260    0.8980   -1.4200
  QMMM:    15       15      H        4.5200  -11.2150   -0.1920
  QMMM:    16       16      H        5.0470  -10.3440   -1.6650
  QMMM:    17       17      H        3.3660  -10.9220   -1.5190
  QMMM:    18       18      H        3.9710   -6.7500    0.0520
  QMMM:    19       19      H        2.2960   -7.2960    0.2930
  QMMM:    20       20      H        0.0350   -1.4820   -2.0620
  QMMM:    21       21      H        1.6740   -0.8880   -2.3310
  QMMM:    22       22      H        1.6520   -6.2120   -1.8800
  QMMM:    23       23      H        3.3260   -5.7100   -2.1060
  QMMM:    24       24      H        2.4090   -1.8960   -0.1650
  QMMM:    25       25      H        0.7660   -2.4650    0.1370
  QMMM:    26       26      H        3.2290   -4.3090   -0.0620
  QMMM:    27       27      H        1.5710   -4.8240    0.2460
  QMMM:    28       28      H        2.5260   -3.2960   -2.2310
  QMMM:    29       29      H        0.8700   -3.8450   -1.9630

--------------------------------------------------------------------------------
  RESULTS
--------------------------------------------------------------------------------

      iter         sqm energy              rms gradient
      ----    -------------------    -----------------------
xmin    10     -136.8586 kcal/mol        0.1212 kcal/(mol*A)
xmin    20     -136.8670 kcal/mol        0.0127 kcal/(mol*A)
xmin    30     -136.8675 kcal/mol        0.0033 kcal/(mol*A)
xmin    40     -136.8676 kcal/mol        0.0059 kcal/(mol*A)
xmin    50     -136.8678 kcal/mol        0.0092 kcal/(mol*A)
xmin    60     -136.8678 kcal/mol        0.0037 kcal/(mol*A)
xmin    70     -136.8679 kcal/mol        0.0034 kcal/(mol*A)
xmin    80     -136.8680 kcal/mol        0.0261 kcal/(mol*A)
xmin    90     -136.8681 kcal/mol        0.0020 kcal/(mol*A)
xmin   100     -136.8683 kcal/mol        0.0175 kcal/(mol*A)
xmin   110     -136.8684 kcal/mol        0.0135 kcal/(mol*A)
xmin   120     -136.8686 kcal/mol        0.0145 kcal/(mol*A)
xmin   130     -136.8689 kcal/mol        0.0044 kcal/(mol*A)
xmin   140     -136.8692 kcal/mol        0.0054 kcal/(mol*A)
xmin   150     -136.8695 kcal/mol        0.0044 kcal/(mol*A)
xmin   160     -136.8702 kcal/mol        0.0168 kcal/(mol*A)
xmin   170     -136.8714 kcal/mol        0.0102 kcal/(mol*A)
xmin   180     -136.8717 kcal/mol        0.0221 kcal/(mol*A)
xmin   190     -136.8728 kcal/mol        0.0170 kcal/(mol*A)
xmin   200     -136.8736 kcal/mol        0.0076 kcal/(mol*A)
xmin   210     -136.8743 kcal/mol        0.0632 kcal/(mol*A)
xmin   220     -136.8765 kcal/mol        0.0087 kcal/(mol*A)
xmin   230     -136.8785 kcal/mol        0.0110 kcal/(mol*A)
xmin   240     -136.8795 kcal/mol        0.0319 kcal/(mol*A)
xmin   250     -136.8840 kcal/mol        0.0149 kcal/(mol*A)
xmin   260     -136.8862 kcal/mol        0.0189 kcal/(mol*A)
xmin   270     -136.8887 kcal/mol        0.0178 kcal/(mol*A)
xmin   280     -136.8911 kcal/mol        0.0297 kcal/(mol*A)
xmin   290     -136.8921 kcal/mol        0.0312 kcal/(mol*A)
xmin   300     -136.8963 kcal/mol        0.0161 kcal/(mol*A)
xmin   310     -136.8980 kcal/mol        0.0184 kcal/(mol*A)
xmin   320     -136.8997 kcal/mol        0.0398 kcal/(mol*A)
xmin   330     -136.9035 kcal/mol        0.0148 kcal/(mol*A)
xmin   340     -136.9057 kcal/mol        0.1517 kcal/(mol*A)
xmin   350     -136.9075 kcal/mol        0.0886 kcal/(mol*A)
xmin   360     -136.9093 kcal/mol        0.0135 kcal/(mol*A)
xmin   370     -136.9102 kcal/mol        0.0377 kcal/(mol*A)
xmin   380     -136.9108 kcal/mol        0.0501 kcal/(mol*A)
xmin   390     -136.9114 kcal/mol        0.0251 kcal/(mol*A)
xmin   400     -136.9117 kcal/mol        0.0043 kcal/(mol*A)
xmin   410     -136.9123 kcal/mol        0.0063 kcal/(mol*A)
xmin   420     -136.9127 kcal/mol        0.0211 kcal/(mol*A)
xmin   430     -136.9130 kcal/mol        0.0122 kcal/(mol*A)
xmin   440     -136.9132 kcal/mol        0.0158 kcal/(mol*A)
xmin   450     -136.9134 kcal/mol        0.0143 kcal/(mol*A)
xmin   460     -136.9135 kcal/mol        0.0067 kcal/(mol*A)
xmin   470     -136.9139 kcal/mol        0.0096 kcal/(mol*A)
xmin   480     -136.9140 kcal/mol        0.0045 kcal/(mol*A)
xmin   490     -136.9140 kcal/mol        0.0048 kcal/(mol*A)
xmin   500     -136.9141 kcal/mol        0.0019 kcal/(mol*A)
xmin   510     -136.9141 kcal/mol        0.0048 kcal/(mol*A)
xmin   520     -136.9141 kcal/mol        0.0016 kcal/(mol*A)
xmin   530     -136.9142 kcal/mol        0.0051 kcal/(mol*A)
xmin   540     -136.9142 kcal/mol        0.0007 kcal/(mol*A)
  ... geometry converged !
 
 Final MO eigenvalues (eV):
 -40.8081  -37.7668  -36.8924  -35.2895  -32.0973  -28.9428  -27.1776  -24.1960
 -21.9240  -21.7777  -21.1839  -18.3793  -17.3351  -17.1306  -16.7902  -15.7482
 -15.1541  -14.7955  -14.4947  -14.2624  -13.7832  -13.3976  -13.1784  -12.8906
 -12.8114  -12.2882  -11.9361  -11.9045  -11.6799  -11.4826  -11.4482  -11.2260
 -11.2037    1.1519    2.0671    3.4327    3.5340    3.6072    3.7390    3.9614
   3.9858    4.0863    4.1066    4.2037    4.2466    4.3180    4.3640    4.4231
   4.4518    4.5897    4.6496    4.6831    4.8098    4.9331    4.9562    5.0077
   5.0808    5.1278    5.2021    5.2655    5.5213    6.8087

 Heat of formation   =       -136.91416826 kcal/mol  (       -5.93704385 eV)

 Total SCF energy    =     -47116.85151346 kcal/mol  (    -2043.13999885 eV)
 Electronic energy   =    -237619.05574797 kcal/mol  (   -10303.93546455 eV)
 Core-core repulsion =     190502.20423451 kcal/mol  (     8260.79546570 eV)
 
    Atomic Charges for Step       1 :
  Atom    Element       Mulliken Charge
     1      C                  0.300
     2      C                 -0.211
     3      C                 -0.064
     4      C                 -0.155
     5      C                 -0.159
     6      C                 -0.158
     7      C                 -0.158
     8      C                 -0.157
     9      C                 -0.158
    10      O                 -0.352
    11      O                 -0.282
    12      H                  0.072
    13      H                  0.072
    14      H                  0.073
    15      H                  0.101
    16      H                  0.084
    17      H                  0.084
    18      H                  0.118
    19      H                  0.117
    20      H                  0.078
    21      H                  0.079
    22      H                  0.090
    23      H                  0.104
    24      H                  0.079
    25      H                  0.079
    26      H                  0.081
    27      H                  0.080
    28      H                  0.083
    29      H                  0.081
 Total Mulliken Charge =       0.000
 
                  X        Y        Z     TOTAL  
  QM DIPOLE    -0.582    0.361    1.521    1.668
 
 Final Structure

  QMMM: QM Region Cartesian Coordinates (*=link atom) 
  QMMM: QM_NO.   MM_NO.  ATOM         X         Y         Z
  QMMM:     1        1      C        3.6768   -8.1428   -1.1762
  QMMM:     2        2      C        0.5728    0.0410   -0.8044
  QMMM:     3        3      C        3.8852  -10.5148   -1.0873
  QMMM:     4        4      C        3.3144   -6.9147   -0.4024
  QMMM:     5        5      C        0.8095   -1.2492   -1.5458
  QMMM:     6        6      C        2.6484   -5.8870   -1.2929
  QMMM:     7        7      C        1.4924   -2.2768   -0.6683
  QMMM:     8        8      C        2.4104   -4.5966   -0.5385
  QMMM:     9        9      C        1.7280   -3.5705   -1.4176
  QMMM:    10       10      O        4.0827   -8.2443   -2.3354
  QMMM:    11       11      O        3.5370   -9.2905   -0.4414
  QMMM:    12       12      H        1.5393    0.4786   -0.4554
  QMMM:    13       13      H       -0.0760   -0.1303    0.0885
  QMMM:    14       14      H        0.0691    0.7837   -1.4689
  QMMM:    15       15      H        3.6929  -11.2911   -0.3065
  QMMM:    16       16      H        4.9601  -10.4944   -1.3887
  QMMM:    17       17      H        3.2400  -10.6684   -1.9855
  QMMM:    18       18      H        4.2645   -6.4992    0.0302
  QMMM:    19       19      H        2.6419   -7.1921    0.4517
  QMMM:    20       20      H       -0.1693   -1.6601   -1.9096
  QMMM:    21       21      H        1.4417   -1.0528   -2.4520
  QMMM:    22       22      H        1.6723   -6.2918   -1.6694
  QMMM:    23       23      H        3.2952   -5.6948   -2.1902
  QMMM:    24       24      H        2.4721   -1.8682   -0.3050
  QMMM:    25       25      H        0.8611   -2.4756    0.2376
  QMMM:    26       26      H        3.3890   -4.1870   -0.1730
  QMMM:    27       27      H        1.7773   -4.7987    0.3656
  QMMM:    28       28      H        2.3598   -3.3718   -2.3232
  QMMM:    29       29      H        0.7482   -3.9787   -1.7813

           --------- Calculation Completed ----------

