            --------------------------------------------------------
                             AMBER SQM VERSION 19
 
                                     By
              Ross C. Walker, Michael F. Crowley, Scott Brozell,
                         Tim Giese, Andreas W. Goetz,
                        Tai-Sung Lee and David A. Case
 
            --------------------------------------------------------
 

--------------------------------------------------------------------------------
  QM CALCULATION INFO
--------------------------------------------------------------------------------

| QMMM: Citation for AMBER QMMM Run:
| QMMM: R.C. Walker, M.F. Crowley and D.A. Case, J. COMP. CHEM. 29:1019, 2008

QMMM: SINGLET STATE CALCULATION
QMMM: RHF CALCULATION, NO. OF DOUBLY OCCUPIED LEVELS = 27

| QMMM: *** Selected Hamiltonian *** 
| QMMM: AM1         

| QMMM: *** Parameter sets in use ***
| QMMM: C : M.J.S.DEWAR et al. JACS, 107, 3902, (1985)
| QMMM: H : M.J.S.DEWAR et al. JACS, 107, 3902, (1985)

| QMMM: *** SCF convergence criteria ***
| QMMM: Energy change                :  0.1D-09 kcal/mol
| QMMM: Error matrix |FP-PF|         :  0.1D+00 au
| QMMM: Density matrix change        :  0.5D-06
| QMMM: Maximum number of SCF cycles :     1000

| QMMM: *** Diagonalization Routine Information ***
| QMMM: Pseudo diagonalizations are allowed.
| QMMM: Auto diagonalization routine selection is in use.
| QMMM:
| QMMM: Timing diagonalization routines:
| QMMM:                              norbs =       54
| QMMM:    diag iterations used for timing =       15
| QMMM:
| QMMM:              Internal diag routine = 0.011338 seconds
| QMMM:                 Dspev diag routine = 0.039924 seconds
| QMMM:                Dspevd diag routine = 0.023906 seconds
| QMMM:                Dspevx diag routine = 0.033895 seconds
| QMMM:                 Dsyev diag routine = 0.004831 seconds
| QMMM:                Dsyevd diag routine = 0.003624 seconds
| QMMM:                Dsyevr diag routine = 0.005512 seconds
| QMMM:
| QMMM:                Pseudo diag routine = 0.001357 seconds
| QMMM:
| QMMM: Using dsyevd routine (diag_routine=6).

  QMMM: QM Region Cartesian Coordinates (*=link atom) 
  QMMM: QM_NO.   MM_NO.  ATOM         X         Y         Z
  QMMM:     1        1      C        2.2020    2.6220   -6.6510
  QMMM:     2        2      C        2.4510    3.5730   -5.6610
  QMMM:     3        3      C        1.1510    1.7180   -6.5010
  QMMM:     4        4      C        1.6490    3.6190   -4.5210
  QMMM:     5        5      C        0.3490    1.7630   -5.3610
  QMMM:     6        6      C        0.6070    2.7130   -4.3840
  QMMM:     7        7      C       -0.0940    0.9870    0.2920
  QMMM:     8        8      C       -0.2600    2.7630   -3.1520
  QMMM:     9        9      C       -0.6140    1.9020   -0.8050
  QMMM:    10       10      C        0.2910    1.8720   -2.0360
  QMMM:    11       11      H        2.8270    2.5870   -7.5390
  QMMM:    12       12      H        3.2690    4.2770   -5.7780
  QMMM:    13       13      H        0.9580    0.9770   -7.2720
  QMMM:    14       14      H        1.8500    4.3620   -3.7550
  QMMM:    15       15      H       -0.4680    1.0540   -5.2530
  QMMM:    16       16      H        0.9060    1.2920    0.6160
  QMMM:    17       17      H       -0.0410   -0.0500   -0.0540
  QMMM:    18       18      H       -0.7580    1.0220    1.1610
  QMMM:    19       19      H       -0.3380    3.8000   -2.8030
  QMMM:    20       20      H       -1.2800    2.4550   -3.4120
  QMMM:    21       21      H       -0.6830    2.9250   -0.4180
  QMMM:    22       22      H       -1.6280    1.5900   -1.0810
  QMMM:    23       23      H        1.3000    2.2030   -1.7580
  QMMM:    24       24      H        0.3870    0.8400   -2.3960

--------------------------------------------------------------------------------
  RESULTS
--------------------------------------------------------------------------------

      iter         sqm energy              rms gradient
      ----    -------------------    -----------------------
xmin    10       -5.2171 kcal/mol        0.0667 kcal/(mol*A)
xmin    20       -5.2197 kcal/mol        0.0362 kcal/(mol*A)
xmin    30       -5.2201 kcal/mol        0.0165 kcal/(mol*A)
xmin    40       -5.2202 kcal/mol        0.0140 kcal/(mol*A)
xmin    50       -5.2202 kcal/mol        0.0134 kcal/(mol*A)
xmin    60       -5.2203 kcal/mol        0.0065 kcal/(mol*A)
xmin    70       -5.2204 kcal/mol        0.0115 kcal/(mol*A)
xmin    80       -5.2204 kcal/mol        0.0183 kcal/(mol*A)
xmin    90       -5.2205 kcal/mol        0.0098 kcal/(mol*A)
xmin   100       -5.2205 kcal/mol        0.0098 kcal/(mol*A)
xmin   110       -5.2206 kcal/mol        0.0051 kcal/(mol*A)
xmin   120       -5.2207 kcal/mol        0.0049 kcal/(mol*A)
xmin   130       -5.2208 kcal/mol        0.0098 kcal/(mol*A)
xmin   140       -5.2209 kcal/mol        0.0217 kcal/(mol*A)
xmin   150       -5.2211 kcal/mol        0.0110 kcal/(mol*A)
xmin   160       -5.2213 kcal/mol        0.0167 kcal/(mol*A)
xmin   170       -5.2217 kcal/mol        0.0315 kcal/(mol*A)
xmin   180       -5.2220 kcal/mol        0.0444 kcal/(mol*A)
xmin   190       -5.2225 kcal/mol        0.0348 kcal/(mol*A)
xmin   200       -5.2232 kcal/mol        0.0113 kcal/(mol*A)
xmin   210       -5.2237 kcal/mol        0.0300 kcal/(mol*A)
xmin   220       -5.2244 kcal/mol        0.0228 kcal/(mol*A)
xmin   230       -5.2251 kcal/mol        0.0394 kcal/(mol*A)
xmin   240       -5.2259 kcal/mol        0.0115 kcal/(mol*A)
xmin   250       -5.2272 kcal/mol        0.0254 kcal/(mol*A)
xmin   260       -5.2281 kcal/mol        0.0515 kcal/(mol*A)
xmin   270       -5.2293 kcal/mol        0.0194 kcal/(mol*A)
xmin   280       -5.2301 kcal/mol        0.0200 kcal/(mol*A)
xmin   290       -5.2318 kcal/mol        0.0730 kcal/(mol*A)
xmin   300       -5.2332 kcal/mol        0.0322 kcal/(mol*A)
xmin   310       -5.2347 kcal/mol        0.0411 kcal/(mol*A)
xmin   320       -5.2356 kcal/mol        0.0500 kcal/(mol*A)
xmin   330       -5.2367 kcal/mol        0.0167 kcal/(mol*A)
xmin   340       -5.2381 kcal/mol        0.1257 kcal/(mol*A)
xmin   350       -5.2394 kcal/mol        0.0174 kcal/(mol*A)
xmin   360       -5.2402 kcal/mol        0.0278 kcal/(mol*A)
xmin   370       -5.2410 kcal/mol        0.0454 kcal/(mol*A)
xmin   380       -5.2416 kcal/mol        0.0231 kcal/(mol*A)
xmin   390       -5.2428 kcal/mol        0.0149 kcal/(mol*A)
xmin   400       -5.2433 kcal/mol        0.0111 kcal/(mol*A)
xmin   410       -5.2437 kcal/mol        0.0216 kcal/(mol*A)
xmin   420       -5.2438 kcal/mol        0.0213 kcal/(mol*A)
xmin   430       -5.2440 kcal/mol        0.0045 kcal/(mol*A)
xmin   440       -5.2441 kcal/mol        0.0045 kcal/(mol*A)
xmin   450       -5.2442 kcal/mol        0.0039 kcal/(mol*A)
xmin   460       -5.2445 kcal/mol        0.0052 kcal/(mol*A)
xmin   470       -5.2445 kcal/mol        0.0087 kcal/(mol*A)
xmin   480       -5.2446 kcal/mol        0.0047 kcal/(mol*A)
xmin   490       -5.2446 kcal/mol        0.0016 kcal/(mol*A)
xmin   500       -5.2446 kcal/mol        0.0052 kcal/(mol*A)
xmin   510       -5.2446 kcal/mol        0.0037 kcal/(mol*A)
xmin   520       -5.2446 kcal/mol        0.0024 kcal/(mol*A)
xmin   530       -5.2447 kcal/mol        0.0034 kcal/(mol*A)
xmin   540       -5.2447 kcal/mol        0.0011 kcal/(mol*A)
xmin   550       -5.2447 kcal/mol        0.0024 kcal/(mol*A)
xmin   560       -5.2447 kcal/mol        0.0011 kcal/(mol*A)
xmin   560       -5.2447 kcal/mol        0.0004 kcal/(mol*A)
  ... geometry converged !
 
 Final MO eigenvalues (eV):
 -39.6056  -36.4676  -33.0016  -31.3659  -29.1180  -24.9359  -23.1933  -21.9611
 -21.3373  -17.4058  -16.4692  -16.0066  -15.4747  -14.9663  -14.3548  -14.1451
 -13.6796  -13.4093  -13.0557  -12.3328  -12.1165  -12.0081  -11.6649  -11.5489
 -11.1975   -9.6181   -9.3630    0.5222    0.6072    2.9358    3.6952    3.7762
   3.9694    4.0680    4.1467    4.2202    4.2455    4.3121    4.5642    4.5803
   4.6100    4.7507    4.7970    4.8991    5.0336    5.0960    5.1441    5.2230
   5.2296    5.2937    5.6388    5.6895    5.8055    6.1757

 Heat of formation   =         -5.24466193 kcal/mol  (       -0.22742561 eV)

 Total SCF energy    =     -33984.28495893 kcal/mol  (    -1473.66917995 eV)
 Electronic energy   =    -177504.61199458 kcal/mol  (    -7697.17757229 eV)
 Core-core repulsion =     143520.32703565 kcal/mol  (     6223.50839234 eV)
 
    Atomic Charges for Step       1 :
  Atom    Element       Mulliken Charge
     1      C                 -0.133
     2      C                 -0.128
     3      C                 -0.128
     4      C                 -0.128
     5      C                 -0.128
     6      C                 -0.069
     7      C                 -0.210
     8      C                 -0.124
     9      C                 -0.160
    10      C                 -0.155
    11      H                  0.130
    12      H                  0.130
    13      H                  0.130
    14      H                  0.130
    15      H                  0.131
    16      H                  0.073
    17      H                  0.072
    18      H                  0.072
    19      H                  0.086
    20      H                  0.088
    21      H                  0.078
    22      H                  0.077
    23      H                  0.085
    24      H                  0.082
 Total Mulliken Charge =      -0.000
 
                  X        Y        Z     TOTAL  
  QM DIPOLE    -0.096   -0.055    0.237    0.261
 
 Final Structure

  QMMM: QM Region Cartesian Coordinates (*=link atom) 
  QMMM: QM_NO.   MM_NO.  ATOM         X         Y         Z
  QMMM:     1        1      C        2.2028    2.6270   -6.6513
  QMMM:     2        2      C        2.3981    3.6755   -5.7532
  QMMM:     3        3      C        1.2387    1.6548   -6.3833
  QMMM:     4        4      C        1.6332    3.7533   -4.5900
  QMMM:     5        5      C        0.4733    1.7309   -5.2216
  QMMM:     6        6      C        0.6651    2.7811   -4.3150
  QMMM:     7        7      C       -0.2146    0.8639    0.2011
  QMMM:     8        8      C       -0.1611    2.8626   -3.0796
  QMMM:     9        9      C       -0.6200    1.8940   -0.8212
  QMMM:    10       10      C        0.2514    1.8206   -2.0570
  QMMM:    11       11      H        2.8061    2.5667   -7.5685
  QMMM:    12       12      H        3.1568    4.4440   -5.9616
  QMMM:    13       13      H        1.0817    0.8270   -7.0900
  QMMM:    14       14      H        1.7911    4.5831   -3.8852
  QMMM:    15       15      H       -0.2869    0.9640   -5.0110
  QMMM:    16       16      H        0.8444    1.0201    0.5198
  QMMM:    17       17      H       -0.3042   -0.1666   -0.2203
  QMMM:    18       18      H       -0.8687    0.9342    1.1034
  QMMM:    19       19      H       -0.0723    3.8850   -2.6238
  QMMM:    20       20      H       -1.2422    2.7124   -3.3469
  QMMM:    21       21      H       -0.5466    2.9198   -0.3722
  QMMM:    22       22      H       -1.6930    1.7367   -1.1098
  QMMM:    23       23      H        1.3245    1.9775   -1.7714
  QMMM:    24       24      H        0.1755    0.7984   -2.5134

           --------- Calculation Completed ----------

