            --------------------------------------------------------
                             AMBER SQM VERSION 19
 
                                     By
              Ross C. Walker, Michael F. Crowley, Scott Brozell,
                         Tim Giese, Andreas W. Goetz,
                        Tai-Sung Lee and David A. Case
 
            --------------------------------------------------------
 

--------------------------------------------------------------------------------
  QM CALCULATION INFO
--------------------------------------------------------------------------------

| QMMM: Citation for AMBER QMMM Run:
| QMMM: R.C. Walker, M.F. Crowley and D.A. Case, J. COMP. CHEM. 29:1019, 2008

QMMM: SINGLET STATE CALCULATION
QMMM: RHF CALCULATION, NO. OF DOUBLY OCCUPIED LEVELS = 22

| QMMM: *** Selected Hamiltonian *** 
| QMMM: AM1         

| QMMM: *** Parameter sets in use ***
| QMMM: C : M.J.S.DEWAR et al. JACS, 107, 3902, (1985)
| QMMM: O : M.J.S.DEWAR et al. JACS, 107, 3902, (1985)
| QMMM: F : M.J.S.DEWAR et al. THEOCHEM, 180, 1, (1988)
| QMMM: H : M.J.S.DEWAR et al. JACS, 107, 3902, (1985)

| QMMM: *** SCF convergence criteria ***
| QMMM: Energy change                :  0.1D-09 kcal/mol
| QMMM: Error matrix |FP-PF|         :  0.1D+00 au
| QMMM: Density matrix change        :  0.5D-06
| QMMM: Maximum number of SCF cycles :     1000

| QMMM: *** Diagonalization Routine Information ***
| QMMM: Pseudo diagonalizations are allowed.
| QMMM: Auto diagonalization routine selection is in use.
| QMMM:
| QMMM: Timing diagonalization routines:
| QMMM:                              norbs =       33
| QMMM:    diag iterations used for timing =       20
| QMMM:
| QMMM:              Internal diag routine = 0.001553 seconds
| QMMM:                 Dspev diag routine = 0.002737 seconds
| QMMM:                Dspevd diag routine = 0.003825 seconds
| QMMM:                Dspevx diag routine = 0.010150 seconds
| QMMM:                 Dsyev diag routine = 0.002849 seconds
| QMMM:                Dsyevd diag routine = 0.002456 seconds
| QMMM:                Dsyevr diag routine = 0.004210 seconds
| QMMM:
| QMMM:                Pseudo diag routine = 0.000461 seconds
| QMMM:
| QMMM: Using internal diagonalization routine (diag_routine=1).

  QMMM: QM Region Cartesian Coordinates (*=link atom) 
  QMMM: QM_NO.   MM_NO.  ATOM         X         Y         Z
  QMMM:     1        1      C        0.0800    0.6410   -0.8830
  QMMM:     2        2      C        0.6190   -0.1280   -2.0800
  QMMM:     3        3      C        0.8240    0.7690   -3.2820
  QMMM:     4        4      O        1.8730   -0.7090   -1.7380
  QMMM:     5        5      F       -0.3450    1.3080   -3.6910
  QMMM:     6        6      F        1.6590    1.7890   -2.9850
  QMMM:     7        7      F        1.3530    0.0920   -4.3240
  QMMM:     8        8      H        0.7230    1.4950   -0.6420
  QMMM:     9        9      H        0.0000    0.0000    0.0000
  QMMM:    10       10      H       -0.9120    1.0490   -1.1060
  QMMM:    11       11      H       -0.0690   -0.9380   -2.3420
  QMMM:    12       12      H        1.7010   -1.6420   -1.5360

--------------------------------------------------------------------------------
  RESULTS
--------------------------------------------------------------------------------

      iter         sqm energy              rms gradient
      ----    -------------------    -----------------------
xmin    10     -218.6665 kcal/mol        1.6268 kcal/(mol*A)
xmin    20     -219.7905 kcal/mol        0.8845 kcal/(mol*A)
xmin    30     -220.7827 kcal/mol        0.5208 kcal/(mol*A)
xmin    40     -220.8285 kcal/mol        0.0860 kcal/(mol*A)
xmin    50     -220.8487 kcal/mol        0.1165 kcal/(mol*A)
xmin    60     -220.8546 kcal/mol        0.1513 kcal/(mol*A)
xmin    70     -220.8564 kcal/mol        0.0220 kcal/(mol*A)
xmin    80     -220.8573 kcal/mol        0.0102 kcal/(mol*A)
xmin    90     -220.8576 kcal/mol        0.0079 kcal/(mol*A)
xmin   100     -220.8577 kcal/mol        0.0277 kcal/(mol*A)
xmin   110     -220.8577 kcal/mol        0.0152 kcal/(mol*A)
xmin   120     -220.8577 kcal/mol        0.0016 kcal/(mol*A)
xmin   130     -220.8577 kcal/mol        0.0009 kcal/(mol*A)
  ... geometry converged !
 
 Final MO eigenvalues (eV):
 -52.0227  -48.7654  -48.7254  -39.2617  -32.6886  -27.3146  -23.2534  -20.1047
 -19.6356  -19.4859  -18.1323  -15.9566  -15.4675  -15.2958  -15.0814  -14.8126
 -14.5413  -14.5198  -13.8415  -13.5279  -12.9511  -11.7144    1.3694    2.5388
   2.7839    3.0443    3.3264    3.5190    3.6679    4.0756    4.1711    4.4557
   5.4738

 Heat of formation   =       -220.85772753 kcal/mol  (       -9.57710973 eV)

 Total SCF energy    =     -51438.61125347 kcal/mol  (    -2230.54556409 eV)
 Electronic energy   =    -164140.13054698 kcal/mol  (    -7117.65016899 eV)
 Core-core repulsion =     112701.51929350 kcal/mol  (     4887.10460490 eV)
 
    Atomic Charges for Step       1 :
  Atom    Element       Mulliken Charge
     1      C                 -0.219
     2      C                  0.016
     3      C                  0.365
     4      O                 -0.298
     5      F                 -0.167
     6      F                 -0.156
     7      F                 -0.177
     8      H                  0.109
     9      H                  0.105
    10      H                  0.098
    11      H                  0.106
    12      H                  0.218
 Total Mulliken Charge =      -0.000
 
                  X        Y        Z     TOTAL  
  QM DIPOLE    -1.241   -1.400    1.126    2.184
 
 Final Structure

  QMMM: QM Region Cartesian Coordinates (*=link atom) 
  QMMM: QM_NO.   MM_NO.  ATOM         X         Y         Z
  QMMM:     1        1      C        0.0958    0.7089   -0.7912
  QMMM:     2        2      C        0.5408   -0.1770   -1.9339
  QMMM:     3        3      C        0.7917    0.6775   -3.2356
  QMMM:     4        4      O        1.7412   -0.8081   -1.5547
  QMMM:     5        5      F       -0.3625    1.1209   -3.8274
  QMMM:     6        6      F        1.5562    1.7984   -3.0603
  QMMM:     7        7      F        1.4374   -0.0410   -4.2124
  QMMM:     8        8      H        0.8964    1.4463   -0.5401
  QMMM:     9        9      H       -0.1084    0.0821    0.1095
  QMMM:    10       10      H       -0.8310    1.2555   -1.0871
  QMMM:    11       11      H       -0.2471   -0.9344   -2.2016
  QMMM:    12       12      H        1.9956   -1.4031   -2.2741

           --------- Calculation Completed ----------

