            --------------------------------------------------------
                             AMBER SQM VERSION 19
 
                                     By
              Ross C. Walker, Michael F. Crowley, Scott Brozell,
                         Tim Giese, Andreas W. Goetz,
                        Tai-Sung Lee and David A. Case
 
            --------------------------------------------------------
 

--------------------------------------------------------------------------------
  QM CALCULATION INFO
--------------------------------------------------------------------------------

| QMMM: Citation for AMBER QMMM Run:
| QMMM: R.C. Walker, M.F. Crowley and D.A. Case, J. COMP. CHEM. 29:1019, 2008

QMMM: SINGLET STATE CALCULATION
QMMM: RHF CALCULATION, NO. OF DOUBLY OCCUPIED LEVELS = 26

| QMMM: *** Selected Hamiltonian *** 
| QMMM: AM1         

| QMMM: *** Parameter sets in use ***
| QMMM: C : M.J.S.DEWAR et al. JACS, 107, 3902, (1985)
| QMMM: O : M.J.S.DEWAR et al. JACS, 107, 3902, (1985)
| QMMM: H : M.J.S.DEWAR et al. JACS, 107, 3902, (1985)

| QMMM: *** SCF convergence criteria ***
| QMMM: Energy change                :  0.1D-09 kcal/mol
| QMMM: Error matrix |FP-PF|         :  0.1D+00 au
| QMMM: Density matrix change        :  0.5D-06
| QMMM: Maximum number of SCF cycles :     1000

| QMMM: *** Diagonalization Routine Information ***
| QMMM: Pseudo diagonalizations are allowed.
| QMMM: Auto diagonalization routine selection is in use.
| QMMM:
| QMMM: Timing diagonalization routines:
| QMMM:                              norbs =       50
| QMMM:    diag iterations used for timing =       20
| QMMM:
| QMMM:              Internal diag routine = 0.015226 seconds
| QMMM:                 Dspev diag routine = 0.010563 seconds
| QMMM:                Dspevd diag routine = 0.008674 seconds
| QMMM:                Dspevx diag routine = 0.040427 seconds
| QMMM:                 Dsyev diag routine = 0.009391 seconds
| QMMM:                Dsyevd diag routine = 0.008254 seconds
| QMMM:                Dsyevr diag routine = 0.009710 seconds
| QMMM:
| QMMM:                Pseudo diag routine = 0.002059 seconds
| QMMM:
| QMMM: Using dsyevd routine (diag_routine=6).

  QMMM: QM Region Cartesian Coordinates (*=link atom) 
  QMMM: QM_NO.   MM_NO.  ATOM         X         Y         Z
  QMMM:     1        1      C        2.9380    3.1240   -0.6580
  QMMM:     2        2      C        2.6300    1.8540   -0.9480
  QMMM:     3        3      C        4.3460    3.4820   -0.4000
  QMMM:     4        4      C       -1.9730   -0.5820   -4.6370
  QMMM:     5        5      C        1.2270    1.3870   -1.2150
  QMMM:     6        6      C       -0.5460   -0.1470   -4.3420
  QMMM:     7        7      C        1.0310    0.8330   -2.6300
  QMMM:     8        8      C       -0.4150    0.4250   -2.9300
  QMMM:     9        9      O        4.6840    4.6280   -0.1310
  QMMM:    10       10      H        2.1930    3.9090   -0.6070
  QMMM:    11       11      H        3.4110    1.0990   -0.9800
  QMMM:    12       12      H        5.0780    2.6600   -0.4630
  QMMM:    13       13      H       -2.2990   -1.3580   -3.9370
  QMMM:    14       14      H       -2.0430   -0.9880   -5.6510
  QMMM:    15       15      H       -2.6640    0.2630   -4.5610
  QMMM:    16       16      H        0.9650    0.6210   -0.4760
  QMMM:    17       17      H        0.5210    2.2130   -1.0670
  QMMM:    18       18      H       -0.2410    0.6050   -5.0790
  QMMM:    19       19      H        0.1230   -1.0070   -4.4590
  QMMM:    20       20      H        1.6960   -0.0250   -2.7890
  QMMM:    21       21      H        1.3370    1.6070   -3.3450
  QMMM:    22       22      H       -1.0720    1.2980   -2.8260
  QMMM:    23       23      H       -0.7530   -0.3250   -2.2070

--------------------------------------------------------------------------------
  RESULTS
--------------------------------------------------------------------------------

      iter         sqm energy              rms gradient
      ----    -------------------    -----------------------
xmin    10      -53.9204 kcal/mol        0.3296 kcal/(mol*A)
xmin    20      -53.9471 kcal/mol        0.2633 kcal/(mol*A)
xmin    30      -53.9722 kcal/mol        0.0668 kcal/(mol*A)
xmin    40      -54.0017 kcal/mol        0.0591 kcal/(mol*A)
xmin    50      -54.0146 kcal/mol        0.1260 kcal/(mol*A)
xmin    60      -54.0304 kcal/mol        0.0383 kcal/(mol*A)
xmin    70      -54.0375 kcal/mol        0.0832 kcal/(mol*A)
xmin    80      -54.0449 kcal/mol        0.0349 kcal/(mol*A)
xmin    90      -54.0500 kcal/mol        0.0520 kcal/(mol*A)
xmin   100      -54.0549 kcal/mol        0.1161 kcal/(mol*A)
xmin   110      -54.0578 kcal/mol        0.0452 kcal/(mol*A)
xmin   120      -54.0622 kcal/mol        0.0557 kcal/(mol*A)
xmin   130      -54.0638 kcal/mol        0.0138 kcal/(mol*A)
xmin   140      -54.0654 kcal/mol        0.0431 kcal/(mol*A)
xmin   150      -54.0664 kcal/mol        0.0511 kcal/(mol*A)
