            --------------------------------------------------------
                             AMBER SQM VERSION 19
 
                                     By
              Ross C. Walker, Michael F. Crowley, Scott Brozell,
                         Tim Giese, Andreas W. Goetz,
                        Tai-Sung Lee and David A. Case
 
            --------------------------------------------------------
 

--------------------------------------------------------------------------------
  QM CALCULATION INFO
--------------------------------------------------------------------------------

| QMMM: Citation for AMBER QMMM Run:
| QMMM: R.C. Walker, M.F. Crowley and D.A. Case, J. COMP. CHEM. 29:1019, 2008

QMMM: SINGLET STATE CALCULATION
QMMM: RHF CALCULATION, NO. OF DOUBLY OCCUPIED LEVELS = 35

| QMMM: *** Selected Hamiltonian *** 
| QMMM: AM1         

| QMMM: *** Parameter sets in use ***
| QMMM: C : M.J.S.DEWAR et al. JACS, 107, 3902, (1985)
| QMMM: N : M.J.S.DEWAR et al. JACS, 107, 3902, (1985)
| QMMM: O : M.J.S.DEWAR et al. JACS, 107, 3902, (1985)
| QMMM: S : M.J.S.DEWAR et al. INORG. CHEM., 29, 3881, (1990)
| QMMM: H : M.J.S.DEWAR et al. JACS, 107, 3902, (1985)

| QMMM: *** SCF convergence criteria ***
| QMMM: Energy change                :  0.1D-09 kcal/mol
| QMMM: Error matrix |FP-PF|         :  0.1D+00 au
| QMMM: Density matrix change        :  0.5D-06
| QMMM: Maximum number of SCF cycles :     1000

| QMMM: *** Diagonalization Routine Information ***
| QMMM: Pseudo diagonalizations are allowed.
| QMMM: Auto diagonalization routine selection is in use.
| QMMM:
| QMMM: Timing diagonalization routines:
| QMMM:                              norbs =       62
| QMMM:    diag iterations used for timing =       15
| QMMM:
| QMMM:              Internal diag routine = 0.025081 seconds
| QMMM:                 Dspev diag routine = 0.031419 seconds
| QMMM:                Dspevd diag routine = 0.015421 seconds
| QMMM:                Dspevx diag routine = 0.037278 seconds
| QMMM:                 Dsyev diag routine = 0.008303 seconds
| QMMM:                Dsyevd diag routine = 0.004823 seconds
| QMMM:                Dsyevr diag routine = 0.009576 seconds
| QMMM:
| QMMM:                Pseudo diag routine = 0.003214 seconds
| QMMM:
| QMMM: Using dsyevd routine (diag_routine=6).

  QMMM: QM Region Cartesian Coordinates (*=link atom) 
  QMMM: QM_NO.   MM_NO.  ATOM         X         Y         Z
  QMMM:     1        1      C        2.4780   -0.7670   -0.5650
  QMMM:     2        2      C       -0.0240   -1.8310   -2.6920
  QMMM:     3        3      C        0.6940    0.4410    0.7490
  QMMM:     4        4      C        2.0350    1.6620   -1.0360
  QMMM:     5        5      C       -2.0370   -1.8760   -4.0900
  QMMM:     6        6      C        2.9300    2.6730    1.8000
  QMMM:     7        7      C        2.0460    0.5770    0.0430
  QMMM:     8        8      N        1.8500   -1.5180   -1.4240
  QMMM:     9        9      N       -1.2170   -1.2740   -3.0750
  QMMM:    10       10      O        0.3860   -2.9130   -3.0930
  QMMM:    11       11      O        0.6150   -0.9850   -1.8180
  QMMM:    12       12      S        3.3460    0.9720    1.3350
  QMMM:    13       13      H        3.4590   -1.1630   -0.2490
  QMMM:    14       14      H        0.4120    1.3500    1.2890
  QMMM:    15       15      H       -0.1180    0.2500    0.0410
  QMMM:    16       16      H        0.6950   -0.3940    1.4600
  QMMM:    17       17      H        1.7070    2.6300   -0.6450
  QMMM:    18       18      H        1.3470    1.4180   -1.8520
  QMMM:    19       19      H        3.0250    1.7870   -1.4910
  QMMM:    20       20      H       -1.6210   -1.6270   -5.0700
  QMMM:    21       21      H       -3.0490   -1.4730   -4.0050
  QMMM:    22       22      H       -2.0570   -2.9630   -3.9700
  QMMM:    23       23      H        3.5690    2.9680    2.6370
  QMMM:    24       24      H        1.8920    2.7620    2.1240
  QMMM:    25       25      H        3.1280    3.3620    0.9750
  QMMM:    26       26      H       -1.3800   -0.3190   -2.7920

--------------------------------------------------------------------------------
  RESULTS
--------------------------------------------------------------------------------

      iter         sqm energy              rms gradient
      ----    -------------------    -----------------------
xmin    10      -32.6885 kcal/mol        0.8013 kcal/(mol*A)
xmin    20      -32.8083 kcal/mol        0.0691 kcal/(mol*A)
xmin    30      -32.8547 kcal/mol        0.0883 kcal/(mol*A)
xmin    40      -32.9361 kcal/mol        0.1182 kcal/(mol*A)
xmin    50      -33.0276 kcal/mol        0.1827 kcal/(mol*A)
xmin    60      -33.1662 kcal/mol        0.1847 kcal/(mol*A)
xmin    70      -33.2893 kcal/mol        0.5247 kcal/(mol*A)
xmin    80      -33.3621 kcal/mol        0.2604 kcal/(mol*A)
xmin    90      -33.4804 kcal/mol        0.1378 kcal/(mol*A)
xmin   100      -33.6068 kcal/mol        0.1741 kcal/(mol*A)
xmin   110      -33.6439 kcal/mol        0.5694 kcal/(mol*A)
xmin   120      -33.7200 kcal/mol        0.3742 kcal/(mol*A)
xmin   130      -33.8111 kcal/mol        0.4876 kcal/(mol*A)
xmin   140      -33.8790 kcal/mol        0.1643 kcal/(mol*A)
xmin   150      -33.9360 kcal/mol        0.2841 kcal/(mol*A)
xmin   160      -34.1540 kcal/mol        0.5487 kcal/(mol*A)
xmin   170      -34.7988 kcal/mol        0.3681 kcal/(mol*A)
xmin   180      -35.9335 kcal/mol        0.6568 kcal/(mol*A)
xmin   190      -36.9884 kcal/mol        0.7741 kcal/(mol*A)
xmin   200      -37.4054 kcal/mol        0.6420 kcal/(mol*A)
xmin   210      -37.5940 kcal/mol        0.0707 kcal/(mol*A)
xmin   220      -37.6695 kcal/mol        0.2591 kcal/(mol*A)
xmin   230      -37.6790 kcal/mol        0.0817 kcal/(mol*A)
xmin   240      -37.6843 kcal/mol        0.0188 kcal/(mol*A)
xmin   250      -37.6859 kcal/mol        0.0495 kcal/(mol*A)
xmin   260      -37.6868 kcal/mol        0.0111 kcal/(mol*A)
xmin   270      -37.6869 kcal/mol        0.0025 kcal/(mol*A)
xmin   280      -37.6871 kcal/mol        0.0024 kcal/(mol*A)
xmin   290      -37.6871 kcal/mol        0.0043 kcal/(mol*A)
xmin   300      -37.6871 kcal/mol        0.0051 kcal/(mol*A)
xmin   310      -37.6872 kcal/mol        0.0020 kcal/(mol*A)
xmin   320      -37.6872 kcal/mol        0.0038 kcal/(mol*A)
xmin   330      -37.6872 kcal/mol        0.0054 kcal/(mol*A)
xmin   340      -37.6872 kcal/mol        0.0045 kcal/(mol*A)
xmin   350      -37.6873 kcal/mol        0.0039 kcal/(mol*A)
xmin   360      -37.6873 kcal/mol        0.0007 kcal/(mol*A)
xmin   370      -37.6873 kcal/mol        0.0033 kcal/(mol*A)
xmin   380      -37.6873 kcal/mol        0.0019 kcal/(mol*A)
xmin   390      -37.6873 kcal/mol        0.0033 kcal/(mol*A)
xmin   400      -37.6873 kcal/mol        0.0014 kcal/(mol*A)
  ... geometry converged !
 
 Final MO eigenvalues (eV):
 -40.7774  -38.9898  -36.7809  -36.0073  -32.9084  -29.9476  -28.1987  -27.6904
 -25.4646  -22.7511  -21.3187  -19.6194  -17.8744  -17.5373  -17.1040  -16.4206
 -16.1790  -15.6493  -15.3591  -14.9616  -14.6577  -14.4885  -13.9129  -13.5722
 -13.4376  -13.2050  -12.9828  -12.7801  -12.4394  -11.7171  -11.1840  -10.8101
 -10.7989  -10.3393   -8.7452    0.4934    0.5658    1.2327    1.4163    1.6259
   2.2296    3.0810    3.6321    3.7403    3.7611    3.8976    3.9055    3.9895
   4.1470    4.2760    4.3127    4.3922    4.5464    4.5636    4.5747    4.7966
   4.9094    4.9137    5.0370    5.8120    6.5610    7.1454

 Heat of formation   =        -37.68731216 kcal/mol  (       -1.63424449 eV)

 Total SCF energy    =     -53893.30461972 kcal/mol  (    -2336.98905597 eV)
 Electronic energy   =    -279526.20353133 kcal/mol  (   -12121.16575740 eV)
 Core-core repulsion =     225632.89891161 kcal/mol  (     9784.17670143 eV)
 
    Atomic Charges for Step       1 :
  Atom    Element       Mulliken Charge
     1      C                 -0.080
     2      C                  0.409
     3      C                 -0.213
     4      C                 -0.211
     5      C                 -0.071
     6      C                 -0.333
     7      C                 -0.131
     8      N                 -0.067
     9      N                 -0.366
    10      O                 -0.345
    11      O                 -0.204
    12      S                  0.044
    13      H                  0.180
    14      H                  0.081
    15      H                  0.108
    16      H                  0.092
    17      H                  0.081
    18      H                  0.106
    19      H                  0.092
    20      H                  0.067
    21      H                  0.083
    22      H                  0.116
    23      H                  0.120
    24      H                  0.097
    25      H                  0.097
    26      H                  0.249
 Total Mulliken Charge =       0.000
 
                  X        Y        Z     TOTAL  
  QM DIPOLE     0.195   -1.329    1.214    1.811
 
 Final Structure

  QMMM: QM Region Cartesian Coordinates (*=link atom) 
  QMMM: QM_NO.   MM_NO.  ATOM         X         Y         Z
  QMMM:     1        1      C        1.2691   -0.5875   -0.0004
  QMMM:     2        2      C       -0.6052   -0.9415   -2.9799
  QMMM:     3        3      C        0.6590    1.8090    0.1961
  QMMM:     4        4      C        2.7192    1.1412   -1.0293
  QMMM:     5        5      C       -1.7842   -2.7926   -4.0323
  QMMM:     6        6      C        3.3070    2.3659    1.9438
  QMMM:     7        7      C        1.7959    0.8121    0.1245
  QMMM:     8        8      N        0.5417   -1.1354   -0.9214
  QMMM:     9        9      N       -0.8857   -2.2838   -3.0412
  QMMM:    10       10      O       -0.9124   -0.0571   -3.7910
  QMMM:    11       11      O        0.1730   -0.3706   -1.9420
  QMMM:    12       12      S        2.7041    0.7425    1.6821
  QMMM:    13       13      H        1.5343   -1.2870    0.8245
  QMMM:    14       14      H        1.0620    2.8442    0.3147
  QMMM:    15       15      H        0.0573    1.7700   -0.7468
  QMMM:    16       16      H       -0.0106    1.5822    1.0602
  QMMM:    17       17      H        3.1328    2.1720   -0.9095
  QMMM:    18       18      H        2.1545    1.0968   -1.9945
  QMMM:    19       19      H        3.5674    0.4166   -1.0743
  QMMM:    20       20      H       -2.8025   -2.9769   -3.5930
  QMMM:    21       21      H       -1.3774   -3.7634   -4.4239
  QMMM:    22       22      H       -1.8821   -2.0629   -4.8803
  QMMM:    23       23      H        3.8934    2.3172    2.8912
  QMMM:    24       24      H        2.4837    3.1049    2.0635
  QMMM:    25       25      H        3.9740    2.7048    1.1202
  QMMM:    26       26      H       -0.6573   -2.8716   -2.2750

           --------- Calculation Completed ----------

