            --------------------------------------------------------
                             AMBER SQM VERSION 19
 
                                     By
              Ross C. Walker, Michael F. Crowley, Scott Brozell,
                         Tim Giese, Andreas W. Goetz,
                        Tai-Sung Lee and David A. Case
 
            --------------------------------------------------------
 

--------------------------------------------------------------------------------
  QM CALCULATION INFO
--------------------------------------------------------------------------------

| QMMM: Citation for AMBER QMMM Run:
| QMMM: R.C. Walker, M.F. Crowley and D.A. Case, J. COMP. CHEM. 29:1019, 2008

QMMM: SINGLET STATE CALCULATION
QMMM: RHF CALCULATION, NO. OF DOUBLY OCCUPIED LEVELS = 21

| QMMM: *** Selected Hamiltonian *** 
| QMMM: AM1         

| QMMM: *** Parameter sets in use ***
| QMMM: C : M.J.S.DEWAR et al. JACS, 107, 3902, (1985)
| QMMM: O : M.J.S.DEWAR et al. JACS, 107, 3902, (1985)
| QMMM: F : M.J.S.DEWAR et al. THEOCHEM, 180, 1, (1988)
| QMMM: H : M.J.S.DEWAR et al. JACS, 107, 3902, (1985)

| QMMM: *** SCF convergence criteria ***
| QMMM: Energy change                :  0.1D-09 kcal/mol
| QMMM: Error matrix |FP-PF|         :  0.1D+00 au
| QMMM: Density matrix change        :  0.5D-06
| QMMM: Maximum number of SCF cycles :     1000

| QMMM: *** Diagonalization Routine Information ***
| QMMM: Pseudo diagonalizations are allowed.
| QMMM: Auto diagonalization routine selection is in use.
| QMMM:
| QMMM: Timing diagonalization routines:
| QMMM:                              norbs =       37
| QMMM:    diag iterations used for timing =       20
| QMMM:
| QMMM:              Internal diag routine = 0.002669 seconds
| QMMM:                 Dspev diag routine = 0.013434 seconds
| QMMM:                Dspevd diag routine = 0.012307 seconds
| QMMM:                Dspevx diag routine = 0.021102 seconds
| QMMM:                 Dsyev diag routine = 0.006803 seconds
| QMMM:                Dsyevd diag routine = 0.006989 seconds
| QMMM:                Dsyevr diag routine = 0.006137 seconds
| QMMM:
| QMMM:                Pseudo diag routine = 0.003299 seconds
| QMMM: Pseudo diagonalization appears to be slower than regular
| QMMM: diagonalization. Setting pseudo_diag=0 for optimum performance.
| QMMM:
| QMMM: Using internal diagonalization routine (diag_routine=1).

  QMMM: QM Region Cartesian Coordinates (*=link atom) 
  QMMM: QM_NO.   MM_NO.  ATOM         X         Y         Z
  QMMM:     1        1      C        1.8850   -1.0380   -0.1090
  QMMM:     2        2      C        0.8180   -0.4410    0.5630
  QMMM:     3        3      C        2.9350   -1.6040    0.6140
  QMMM:     4        4      C        0.8010   -0.4100    1.9570
  QMMM:     5        5      C        2.9180   -1.5730    2.0080
  QMMM:     6        6      C        1.8510   -0.9770    2.6800
  QMMM:     7        7      O        3.9440   -2.1250    2.7120
  QMMM:     8        8      F        1.8290   -0.9440    4.0190
  QMMM:     9        9      H        1.8980   -1.0610   -1.1950
  QMMM:    10       10      H        0.0000    0.0000   -0.0000
  QMMM:    11       11      H        3.7630   -2.0670    0.0850
  QMMM:    12       12      H       -0.0300    0.0540    2.4800
  QMMM:    13       13      H        3.8460   -1.8850    3.6520

--------------------------------------------------------------------------------
  RESULTS
--------------------------------------------------------------------------------

      iter         sqm energy              rms gradient
      ----    -------------------    -----------------------
xmin    10      -67.0982 kcal/mol        0.1312 kcal/(mol*A)
xmin    20      -67.1055 kcal/mol        0.1143 kcal/(mol*A)
xmin    30      -67.1067 kcal/mol        0.0152 kcal/(mol*A)
xmin    40      -67.1069 kcal/mol        0.0053 kcal/(mol*A)
xmin    50      -67.1069 kcal/mol        0.0033 kcal/(mol*A)
xmin    60      -67.1069 kcal/mol        0.0005 kcal/(mol*A)
  ... geometry converged !
 
 Final MO eigenvalues (eV):
 -49.7539  -40.0527  -37.6542  -31.5256  -30.3504  -23.8973  -23.4964  -19.6317
 -18.2588  -17.5426  -16.6729  -15.9528  -15.2303  -14.9783  -14.8090  -14.1132
 -13.0082  -12.7338  -12.2024   -9.9119   -9.2710    0.0134    0.1807    2.4756
   2.7255    2.9817    3.5534    3.7415    3.9791    4.0700    4.5500    4.7808
   4.8956    5.0353    5.3089    5.5720    6.0841

 Heat of formation   =        -67.10691323 kcal/mol  (       -2.90997412 eV)

 Total SCF energy    =     -37873.94324635 kcal/mol  (    -1642.33742016 eV)
 Electronic energy   =    -137105.09412038 kcal/mol  (    -5945.32301810 eV)
 Core-core repulsion =      99231.15087403 kcal/mol  (     4302.98559794 eV)
 
    Atomic Charges for Step       1 :
  Atom    Element       Mulliken Charge
     1      C                 -0.108
     2      C                 -0.143
     3      C                 -0.138
     4      C                 -0.122
     5      C                  0.053
     6      C                  0.000
     7      O                 -0.244
     8      F                 -0.112
     9      H                  0.139
    10      H                  0.140
    11      H                  0.156
    12      H                  0.150
    13      H                  0.229
 Total Mulliken Charge =      -0.000
 
                  X        Y        Z     TOTAL  
  QM DIPOLE    -0.781    0.402   -0.830    1.209
 
 Final Structure

  QMMM: QM Region Cartesian Coordinates (*=link atom) 
  QMMM: QM_NO.   MM_NO.  ATOM         X         Y         Z
  QMMM:     1        1      C        1.8858   -1.0430   -0.1005
  QMMM:     2        2      C        0.8124   -0.4445    0.5619
  QMMM:     3        3      C        2.9429   -1.5968    0.6149
  QMMM:     4        4      C        0.7802   -0.3910    1.9521
  QMMM:     5        5      C        2.9241   -1.5503    2.0163
  QMMM:     6        6      C        1.8378   -0.9445    2.6912
  QMMM:     7        7      O        3.9892   -2.1098    2.6793
  QMMM:     8        8      F        1.8320   -0.9061    4.0479
  QMMM:     9        9      H        1.8991   -1.0787   -1.2004
  QMMM:    10       10      H       -0.0164   -0.0107   -0.0168
  QMMM:    11       11      H        3.7942   -2.0710    0.1060
  QMMM:    12       12      H       -0.0610    0.0783    2.4824
  QMMM:    13       13      H        3.8378   -2.0030    3.6317

           --------- Calculation Completed ----------

