            --------------------------------------------------------
                             AMBER SQM VERSION 19
 
                                     By
              Ross C. Walker, Michael F. Crowley, Scott Brozell,
                         Tim Giese, Andreas W. Goetz,
                        Tai-Sung Lee and David A. Case
 
            --------------------------------------------------------
 

--------------------------------------------------------------------------------
  QM CALCULATION INFO
--------------------------------------------------------------------------------

| QMMM: Citation for AMBER QMMM Run:
| QMMM: R.C. Walker, M.F. Crowley and D.A. Case, J. COMP. CHEM. 29:1019, 2008

QMMM: SINGLET STATE CALCULATION
QMMM: RHF CALCULATION, NO. OF DOUBLY OCCUPIED LEVELS = 13

| QMMM: *** Selected Hamiltonian *** 
| QMMM: AM1         

| QMMM: *** Parameter sets in use ***
| QMMM: C : M.J.S.DEWAR et al. JACS, 107, 3902, (1985)
| QMMM: N : M.J.S.DEWAR et al. JACS, 107, 3902, (1985)
| QMMM: H : M.J.S.DEWAR et al. JACS, 107, 3902, (1985)

| QMMM: *** SCF convergence criteria ***
| QMMM: Energy change                :  0.1D-09 kcal/mol
| QMMM: Error matrix |FP-PF|         :  0.1D+00 au
| QMMM: Density matrix change        :  0.5D-06
| QMMM: Maximum number of SCF cycles :     1000

| QMMM: *** Diagonalization Routine Information ***
| QMMM: Pseudo diagonalizations are allowed.
| QMMM: Auto diagonalization routine selection is in use.
| QMMM:
| QMMM: Timing diagonalization routines:
| QMMM:                              norbs =       25
| QMMM:    diag iterations used for timing =       20
| QMMM:
| QMMM:              Internal diag routine = 0.001071 seconds
| QMMM:                 Dspev diag routine = 0.001506 seconds
| QMMM:                Dspevd diag routine = 0.001596 seconds
| QMMM:                Dspevx diag routine = 0.021305 seconds
| QMMM:                 Dsyev diag routine = 0.001868 seconds
| QMMM:                Dsyevd diag routine = 0.011150 seconds
| QMMM:                Dsyevr diag routine = 0.002566 seconds
| QMMM:
| QMMM:                Pseudo diag routine = 0.000372 seconds
| QMMM:
| QMMM: Using internal diagonalization routine (diag_routine=1).

  QMMM: QM Region Cartesian Coordinates (*=link atom) 
  QMMM: QM_NO.   MM_NO.  ATOM         X         Y         Z
  QMMM:     1        1      C        1.4340    0.4030    1.6740
  QMMM:     2        2      C        0.2540   -0.0700    1.0480
  QMMM:     3        3      C        1.3370    0.1030    3.0140
  QMMM:     4        4      C       -0.5280   -0.6450    2.0260
  QMMM:     5        5      N        0.1400   -0.5330    3.2170
  QMMM:     6        6      H        2.2640    0.9070    1.1990
  QMMM:     7        7      H        0.0010    0.0000   -0.0000
  QMMM:     8        8      H        2.0110    0.2850    3.8400
  QMMM:     9        9      H       -1.4980   -1.1210    1.9810
  QMMM:    10       10      H       -0.1970   -0.8690    4.1090

--------------------------------------------------------------------------------
  RESULTS
--------------------------------------------------------------------------------

      iter         sqm energy              rms gradient
      ----    -------------------    -----------------------
xmin    10       39.7859 kcal/mol        0.0020 kcal/(mol*A)
  ... geometry converged !
 
 Final MO eigenvalues (eV):
 -40.2133  -31.1720  -28.7668  -21.5104  -20.7828  -18.8405  -14.3467  -14.3208
 -14.2940  -13.0587  -12.8423   -9.4516   -8.6572    1.3784    2.1947    2.4440
   4.2562    4.3330    4.6724    4.8468    5.3888    5.3974    6.1556    6.3366
   6.6448

 Heat of formation   =         39.78592130 kcal/mol  (        1.72524701 eV)

 Total SCF energy    =     -18143.60615699 kcal/mol  (     -786.76580187 eV)
 Electronic energy   =     -62179.55166819 kcal/mol  (    -2696.30769126 eV)
 Core-core repulsion =      44035.94551120 kcal/mol  (     1909.54188939 eV)
 
    Atomic Charges for Step       1 :
  Atom    Element       Mulliken Charge
     1      C                 -0.196
     2      C                 -0.196
     3      C                 -0.146
     4      C                 -0.146
     5      N                 -0.181
     6      H                  0.150
     7      H                  0.150
     8      H                  0.162
     9      H                  0.162
    10      H                  0.241
 Total Mulliken Charge =      -0.000
 
                  X        Y        Z     TOTAL  
  QM DIPOLE    -0.652   -0.649    1.721    1.952
 
 Final Structure

  QMMM: QM Region Cartesian Coordinates (*=link atom) 
  QMMM: QM_NO.   MM_NO.  ATOM         X         Y         Z
  QMMM:     1        1      C        1.4449    0.4094    1.6685
  QMMM:     2        2      C        0.2499   -0.0698    1.0349
  QMMM:     3        3      C        1.3422    0.1026    3.0324
  QMMM:     4        4      C       -0.5426   -0.6533    2.0331
  QMMM:     5        5      N        0.1290   -0.5447    3.2473
  QMMM:     6        6      H        2.2726    0.9147    1.1821
  QMMM:     7        7      H        0.0062    0.0058   -0.0195
  QMMM:     8        8      H        2.0359    0.2966    3.8495
  QMMM:     9        9      H       -1.5200   -1.1294    1.9643
  QMMM:    10       10      H       -0.2001   -0.8719    4.1154

           --------- Calculation Completed ----------

