            --------------------------------------------------------
                             AMBER SQM VERSION 19
 
                                     By
              Ross C. Walker, Michael F. Crowley, Scott Brozell,
                         Tim Giese, Andreas W. Goetz,
                        Tai-Sung Lee and David A. Case
 
            --------------------------------------------------------
 

--------------------------------------------------------------------------------
  QM CALCULATION INFO
--------------------------------------------------------------------------------

| QMMM: Citation for AMBER QMMM Run:
| QMMM: R.C. Walker, M.F. Crowley and D.A. Case, J. COMP. CHEM. 29:1019, 2008

QMMM: SINGLET STATE CALCULATION
QMMM: RHF CALCULATION, NO. OF DOUBLY OCCUPIED LEVELS = 31

| QMMM: *** Selected Hamiltonian *** 
| QMMM: AM1         

| QMMM: *** Parameter sets in use ***
| QMMM: C : M.J.S.DEWAR et al. JACS, 107, 3902, (1985)
| QMMM: O : M.J.S.DEWAR et al. JACS, 107, 3902, (1985)
| QMMM: H : M.J.S.DEWAR et al. JACS, 107, 3902, (1985)

| QMMM: *** SCF convergence criteria ***
| QMMM: Energy change                :  0.1D-09 kcal/mol
| QMMM: Error matrix |FP-PF|         :  0.1D+00 au
| QMMM: Density matrix change        :  0.5D-06
| QMMM: Maximum number of SCF cycles :     1000

| QMMM: *** Diagonalization Routine Information ***
| QMMM: Pseudo diagonalizations are allowed.
| QMMM: Auto diagonalization routine selection is in use.
| QMMM:
| QMMM: Timing diagonalization routines:
| QMMM:                              norbs =       60
| QMMM:    diag iterations used for timing =       15
| QMMM:
| QMMM:              Internal diag routine = 0.011099 seconds
| QMMM:                 Dspev diag routine = 0.085104 seconds
| QMMM:                Dspevd diag routine = 0.006106 seconds
| QMMM:                Dspevx diag routine = 0.031430 seconds
| QMMM:                 Dsyev diag routine = 0.005347 seconds
| QMMM:                Dsyevd diag routine = 0.004814 seconds
| QMMM:                Dsyevr diag routine = 0.007228 seconds
| QMMM:
| QMMM:                Pseudo diag routine = 0.002575 seconds
| QMMM:
| QMMM: Using dsyevd routine (diag_routine=6).

  QMMM: QM Region Cartesian Coordinates (*=link atom) 
  QMMM: QM_NO.   MM_NO.  ATOM         X         Y         Z
  QMMM:     1        1      C        0.9080    0.7080   -0.0010
  QMMM:     2        2      C       -0.8140   -2.2040    2.8840
  QMMM:     3        3      C       -1.3900   -1.0550    2.5020
  QMMM:     4        4      C        0.4850    0.0700    1.3060
  QMMM:     5        5      C       -0.8620   -0.5070   -1.2700
  QMMM:     6        6      C       -1.2620   -1.2250    0.0200
  QMMM:     7        7      C        0.6130   -0.0970   -1.2620
  QMMM:     8        8      C       -0.9860   -0.3460    1.2460
  QMMM:     9        9      C       -2.4770   -0.4060    3.3070
  QMMM:    10       10      C        0.9640    0.6830   -2.5250
  QMMM:    11       11      O        1.5300    1.7690   -0.0160
  QMMM:    12       12      H       -1.1140   -2.7100    3.7960
  QMMM:    13       13      H       -0.0290   -2.6650    2.2950
  QMMM:    14       14      H        1.1420   -0.7890    1.4890
  QMMM:    15       15      H        0.6450    0.7920    2.1150
  QMMM:    16       16      H       -1.0610   -1.1650   -2.1250
  QMMM:    17       17      H       -1.4980    0.3790   -1.3960
  QMMM:    18       18      H       -2.3270   -1.4810   -0.0310
  QMMM:    19       19      H       -0.7110   -2.1720    0.0960
  QMMM:    20       20      H        1.2440   -0.9940   -1.2210
  QMMM:    21       21      H       -1.6020    0.5590    1.1630
  QMMM:    22       22      H       -2.0460    0.2870    4.0370
  QMMM:    23       23      H       -3.1520    0.1540    2.6520
  QMMM:    24       24      H       -3.0770   -1.1390    3.8570
  QMMM:    25       25      H        0.3500    1.5800   -2.5900
  QMMM:    26       26      H        0.7840    0.0650   -3.4040
  QMMM:    27       27      H        2.0140    0.9710   -2.5030

--------------------------------------------------------------------------------
  RESULTS
--------------------------------------------------------------------------------

      iter         sqm energy              rms gradient
      ----    -------------------    -----------------------
xmin    10      -53.5815 kcal/mol        0.4066 kcal/(mol*A)
xmin    20      -53.7575 kcal/mol        0.6074 kcal/(mol*A)
xmin    30      -53.8604 kcal/mol        0.2933 kcal/(mol*A)
xmin    40      -53.9179 kcal/mol        0.1596 kcal/(mol*A)
xmin    50      -53.9220 kcal/mol        0.0452 kcal/(mol*A)
xmin    60      -53.9225 kcal/mol        0.1663 kcal/(mol*A)
xmin    70      -53.9248 kcal/mol        0.0192 kcal/(mol*A)
xmin    80      -53.9253 kcal/mol        0.0146 kcal/(mol*A)
xmin    90      -53.9254 kcal/mol        0.0036 kcal/(mol*A)
xmin   100      -53.9254 kcal/mol        0.0033 kcal/(mol*A)
xmin   110      -53.9254 kcal/mol        0.0020 kcal/(mol*A)
xmin   120      -53.9254 kcal/mol        0.0037 kcal/(mol*A)
xmin   130      -53.9254 kcal/mol        0.0009 kcal/(mol*A)
xmin   140      -53.9254 kcal/mol        0.0008 kcal/(mol*A)
xmin   150      -53.9254 kcal/mol        0.0021 kcal/(mol*A)
  ... geometry converged !
 
 Final MO eigenvalues (eV):
 -40.7145  -38.0583  -35.7750  -32.4645  -30.3947  -28.0909  -26.9063  -23.3920
 -22.7928  -19.8324  -19.2810  -16.7779  -16.5651  -15.9362  -15.5516  -15.3900
 -14.9168  -14.3133  -14.0560  -13.7703  -13.2971  -13.1406  -12.7665  -12.5939
 -12.5001  -12.2133  -11.7829  -11.6495  -11.4532  -10.2683   -9.9203    0.8661
   1.1137    3.0147    3.4316    3.4640    3.5640    3.6602    3.8991    3.9887
   4.1098    4.1822    4.2161    4.3013    4.3257    4.4428    4.4432    4.5580
   4.6710    4.6963    4.7575    4.7656    4.8507    4.9350    4.9738    5.0162
   5.0864    5.4668    5.7582    6.5668

 Heat of formation   =        -53.92542159 kcal/mol  (       -2.33838175 eV)

 Total SCF energy    =     -42011.92575541 kcal/mol  (    -1821.77380666 eV)
 Electronic energy   =    -234300.84615972 kcal/mol  (   -10160.04709942 eV)
 Core-core repulsion =     192288.92040431 kcal/mol  (     8338.27329276 eV)
 
    Atomic Charges for Step       1 :
  Atom    Element       Mulliken Charge
     1      C                  0.231
     2      C                 -0.222
     3      C                 -0.104
     4      C                 -0.206
     5      C                 -0.150
     6      C                 -0.156
     7      C                 -0.153
     8      C                 -0.066
     9      C                 -0.184
    10      C                 -0.204
    11      O                 -0.290
    12      H                  0.116
    13      H                  0.111
    14      H                  0.108
    15      H                  0.114
    16      H                  0.088
    17      H                  0.088
    18      H                  0.090
    19      H                  0.085
    20      H                  0.108
    21      H                  0.098
    22      H                  0.085
    23      H                  0.083
    24      H                  0.081
    25      H                  0.084
    26      H                  0.074
    27      H                  0.090
 Total Mulliken Charge =      -0.000
 
                  X        Y        Z     TOTAL  
  QM DIPOLE    -1.608   -2.262   -0.014    2.775
 
 Final Structure

  QMMM: QM Region Cartesian Coordinates (*=link atom) 
  QMMM: QM_NO.   MM_NO.  ATOM         X         Y         Z
  QMMM:     1        1      C        0.9291    0.6916    0.0193
  QMMM:     2        2      C       -0.8626   -2.2354    2.8583
  QMMM:     3        3      C       -1.4031   -1.0713    2.4865
  QMMM:     4        4      C        0.4725    0.0490    1.3003
  QMMM:     5        5      C       -0.8578   -0.4769   -1.2616
  QMMM:     6        6      C       -1.2595   -1.2085    0.0004
  QMMM:     7        7      C        0.6115   -0.0815   -1.2396
  QMMM:     8        8      C       -0.9950   -0.3545    1.2343
  QMMM:     9        9      C       -2.4532   -0.3968    3.2888
  QMMM:    10       10      C        0.9757    0.6951   -2.4852
  QMMM:    11       11      O        1.5511    1.7574    0.0131
  QMMM:    12       12      H       -1.1657   -2.7568    3.7753
  QMMM:    13       13      H       -0.0847   -2.7397    2.2706
  QMMM:    14       14      H        1.1095   -0.8579    1.4810
  QMMM:    15       15      H        0.6318    0.7549    2.1574
  QMMM:    16       16      H       -1.0441   -1.1331   -2.1517
  QMMM:    17       17      H       -1.4888    0.4424   -1.3850
  QMMM:    18       18      H       -2.3499   -1.4644   -0.0460
  QMMM:    19       19      H       -0.6897   -2.1711    0.0812
  QMMM:    20       20      H        1.2357   -1.0210   -1.2003
  QMMM:    21       21      H       -1.6082    0.5886    1.1404
  QMMM:    22       22      H       -2.1040    0.6191    3.6017
  QMMM:    23       23      H       -3.3834   -0.2742    2.6793
  QMMM:    24       24      H       -2.7067   -0.9817    4.2065
  QMMM:    25       25      H        0.3661    1.6280   -2.5559
  QMMM:    26       26      H        0.7913    0.0741   -3.3939
  QMMM:    27       27      H        2.0534    0.9867   -2.4542

           --------- Calculation Completed ----------

