            --------------------------------------------------------
                             AMBER SQM VERSION 19
 
                                     By
              Ross C. Walker, Michael F. Crowley, Scott Brozell,
                         Tim Giese, Andreas W. Goetz,
                        Tai-Sung Lee and David A. Case
 
            --------------------------------------------------------
 

--------------------------------------------------------------------------------
  QM CALCULATION INFO
--------------------------------------------------------------------------------

| QMMM: Citation for AMBER QMMM Run:
| QMMM: R.C. Walker, M.F. Crowley and D.A. Case, J. COMP. CHEM. 29:1019, 2008

QMMM: SINGLET STATE CALCULATION
QMMM: RHF CALCULATION, NO. OF DOUBLY OCCUPIED LEVELS = 39

| QMMM: *** Selected Hamiltonian *** 
| QMMM: AM1         

| QMMM: *** Parameter sets in use ***
| QMMM: C : M.J.S.DEWAR et al. JACS, 107, 3902, (1985)
| QMMM: N : M.J.S.DEWAR et al. JACS, 107, 3902, (1985)
| QMMM: O : M.J.S.DEWAR et al. JACS, 107, 3902, (1985)
| QMMM: Cl: M.J.S.DEWAR et al. THEOCHEM, 180, 1, (1988)
| QMMM: H : M.J.S.DEWAR et al. JACS, 107, 3902, (1985)

| QMMM: *** SCF convergence criteria ***
| QMMM: Energy change                :  0.1D-09 kcal/mol
| QMMM: Error matrix |FP-PF|         :  0.1D+00 au
| QMMM: Density matrix change        :  0.5D-06
| QMMM: Maximum number of SCF cycles :     1000

| QMMM: *** Diagonalization Routine Information ***
| QMMM: Pseudo diagonalizations are allowed.
| QMMM: Auto diagonalization routine selection is in use.
| QMMM:
| QMMM: Timing diagonalization routines:
| QMMM:                              norbs =       69
| QMMM:    diag iterations used for timing =       15
| QMMM:
| QMMM:              Internal diag routine = 0.018279 seconds
| QMMM:                 Dspev diag routine = 0.053161 seconds
| QMMM:                Dspevd diag routine = 0.006672 seconds
| QMMM:                Dspevx diag routine = 0.041031 seconds
| QMMM:                 Dsyev diag routine = 0.009835 seconds
| QMMM:                Dsyevd diag routine = 0.012901 seconds
| QMMM:                Dsyevr diag routine = 0.014250 seconds
| QMMM:
| QMMM:                Pseudo diag routine = 0.005197 seconds
| QMMM:
| QMMM: Using dspevd routine (diag_routine=3).

  QMMM: QM Region Cartesian Coordinates (*=link atom) 
  QMMM: QM_NO.   MM_NO.  ATOM         X         Y         Z
  QMMM:     1        1      C       -1.6610   -2.3970   -1.3850
  QMMM:     2        2      C       -1.4910   -1.2340   -0.7440
  QMMM:     3        3      C       -2.9300   -2.6040   -2.1500
  QMMM:     4        4      C       -3.5680   -0.3600   -1.6610
  QMMM:     5        5      C       -0.3250   -0.8660    0.1280
  QMMM:     6        6      C       -4.4560   -2.5310   -4.6570
  QMMM:     7        7      C       -6.0400   -2.0610   -2.7580
  QMMM:     8        8      C       -5.0930   -0.2110   -4.1740
  QMMM:     9        9      C       -4.7750   -1.5650   -3.4830
  QMMM:    10       10      N       -2.4680   -0.2810   -0.8490
  QMMM:    11       11      N       -3.6250   -1.4510   -2.5190
  QMMM:    12       12      O       -3.3020   -3.7500   -2.3960
  QMMM:    13       13      O       -4.4120    0.5250   -1.5560
  QMMM:    14       14      Cl      -0.5480   -3.7080   -1.3170
  QMMM:    15       15      H        0.1550    0.0430   -0.2490
  QMMM:    16       16      H        0.4430   -1.6420    0.1790
  QMMM:    17       17      H       -0.6660   -0.6740    1.1520
  QMMM:    18       18      H       -3.4790   -2.3010   -5.0980
  QMMM:    19       19      H       -4.4560   -3.5830   -4.3580
  QMMM:    20       20      H       -5.2080   -2.4570   -5.4520
  QMMM:    21       21      H       -6.3350   -1.3760   -1.9560
  QMMM:    22       22      H       -5.8820   -3.0450   -2.3030
  QMMM:    23       23      H       -6.8850   -2.1470   -3.4510
  QMMM:    24       24      H       -5.5880    0.5020   -3.5100
  QMMM:    25       25      H       -4.1790    0.2570   -4.5590
  QMMM:    26       26      H       -5.7810   -0.3450   -5.0180
  QMMM:    27       27      H       -2.4200    0.5670   -0.2930

--------------------------------------------------------------------------------
  RESULTS
--------------------------------------------------------------------------------

      iter         sqm energy              rms gradient
      ----    -------------------    -----------------------
xmin    10      -61.1372 kcal/mol        0.3165 kcal/(mol*A)
xmin    20      -61.1575 kcal/mol        0.0327 kcal/(mol*A)
xmin    30      -61.1611 kcal/mol        0.1363 kcal/(mol*A)
xmin    40      -61.1804 kcal/mol        0.0896 kcal/(mol*A)
xmin    50      -61.2896 kcal/mol        0.6868 kcal/(mol*A)
xmin    60      -61.5525 kcal/mol        0.2194 kcal/(mol*A)
xmin    70      -61.8502 kcal/mol        0.7167 kcal/(mol*A)
xmin    80      -61.9406 kcal/mol        0.1283 kcal/(mol*A)
xmin    90      -61.9895 kcal/mol        0.0838 kcal/(mol*A)
xmin   100      -61.9970 kcal/mol        0.0144 kcal/(mol*A)
xmin   110      -61.9983 kcal/mol        0.0097 kcal/(mol*A)
xmin   120      -61.9989 kcal/mol        0.0177 kcal/(mol*A)
xmin   130      -61.9990 kcal/mol        0.0020 kcal/(mol*A)
xmin   140      -61.9990 kcal/mol        0.0012 kcal/(mol*A)
xmin   150      -61.9990 kcal/mol        0.0018 kcal/(mol*A)
  ... geometry converged !
 
 Final MO eigenvalues (eV):
 -41.6439  -39.0181  -38.6911  -37.4422  -36.6687  -33.5663  -32.2357  -29.3526
 -27.8388  -27.7024  -24.2809  -24.0558  -21.8253  -19.7891  -19.0894  -17.8962
 -17.1279  -16.6840  -16.2126  -15.5772  -15.4191  -15.0468  -14.9547  -14.5430
 -14.3843  -14.0165  -13.7646  -13.2646  -13.0516  -12.8646  -12.5211  -12.2660
 -12.2047  -12.1277  -12.1083  -11.4085  -10.8365  -10.4709   -9.4108   -0.3853
   0.3523    0.7227    1.4423    1.5829    1.9747    2.6638    3.2435    3.4937
   3.6399    3.7558    3.8467    3.8846    4.0130    4.0508    4.0999    4.4949
   4.5234    4.6933    4.7759    4.8565    4.8942    4.9302    5.0686    5.1052
   5.1693    5.2831    5.9108    6.3053    6.7628

 Heat of formation   =        -61.99898051 kcal/mol  (       -2.68847754 eV)

 Total SCF energy    =     -63641.06925040 kcal/mol  (    -2759.68384937 eV)
 Electronic energy   =    -354837.83486789 kcal/mol  (   -15386.92315459 eV)
 Core-core repulsion =     291196.76561748 kcal/mol  (    12627.23930521 eV)
 
    Atomic Charges for Step       1 :
  Atom    Element       Mulliken Charge
     1      C                 -0.259
     2      C                  0.108
     3      C                  0.369
     4      C                  0.401
     5      C                 -0.199
     6      C                 -0.211
     7      C                 -0.231
     8      C                 -0.234
     9      C                  0.099
    10      N                 -0.313
    11      N                 -0.306
    12      O                 -0.313
    13      O                 -0.367
    14      Cl                 0.041
    15      H                  0.095
    16      H                  0.117
    17      H                  0.117
    18      H                  0.093
    19      H                  0.105
    20      H                  0.077
    21      H                  0.105
    22      H                  0.083
    23      H                  0.084
    24      H                  0.108
    25      H                  0.080
    26      H                  0.085
    27      H                  0.267
 Total Mulliken Charge =       0.000
 
                  X        Y        Z     TOTAL  
  QM DIPOLE     1.793    2.271    1.856    3.438
 
 Final Structure

  QMMM: QM Region Cartesian Coordinates (*=link atom) 
  QMMM: QM_NO.   MM_NO.  ATOM         X         Y         Z
  QMMM:     1        1      C       -1.5638   -2.2793   -1.4483
  QMMM:     2        2      C       -1.5112   -1.1358   -0.6945
  QMMM:     3        3      C       -2.7239   -2.5852   -2.3167
  QMMM:     4        4      C       -3.6622   -0.4301   -1.6256
  QMMM:     5        5      C       -0.3571   -0.8340    0.2040
  QMMM:     6        6      C       -4.6929   -2.8100   -4.4332
  QMMM:     7        7      C       -6.1623   -1.7347   -2.7626
  QMMM:     8        8      C       -4.8048   -0.3534   -4.3434
  QMMM:     9        9      C       -4.7973   -1.6204   -3.4642
  QMMM:    10       10      N       -2.5588   -0.2369   -0.7639
  QMMM:    11       11      N       -3.6939   -1.5617   -2.4699
  QMMM:    12       12      O       -2.8512   -3.6852   -2.8752
  QMMM:    13       13      O       -4.5587    0.4409   -1.5751
  QMMM:    14       14      Cl      -0.3020   -3.4021   -1.4113
  QMMM:    15       15      H       -0.4776    0.1296    0.7567
  QMMM:    16       16      H        0.5799   -0.7792   -0.4066
  QMMM:    17       17      H       -0.2447   -1.6609    0.9505
  QMMM:    18       18      H       -3.6980   -2.8377   -4.9368
  QMMM:    19       19      H       -4.8585   -3.7772   -3.9015
  QMMM:    20       20      H       -5.4849   -2.6952   -5.2130
  QMMM:    21       21      H       -6.3645   -0.8379   -2.1291
  QMMM:    22       22      H       -6.2036   -2.6503   -2.1265
  QMMM:    23       23      H       -6.9576   -1.8060   -3.5428
  QMMM:    24       24      H       -5.0022    0.5643   -3.7402
  QMMM:    25       25      H       -3.8324   -0.2401   -4.8781
  QMMM:    26       26      H       -5.6190   -0.4526   -5.1011
  QMMM:    27       27      H       -2.5718    0.5763   -0.1888

           --------- Calculation Completed ----------

