            --------------------------------------------------------
                             AMBER SQM VERSION 19
 
                                     By
              Ross C. Walker, Michael F. Crowley, Scott Brozell,
                         Tim Giese, Andreas W. Goetz,
                        Tai-Sung Lee and David A. Case
 
            --------------------------------------------------------
 

--------------------------------------------------------------------------------
  QM CALCULATION INFO
--------------------------------------------------------------------------------

| QMMM: Citation for AMBER QMMM Run:
| QMMM: R.C. Walker, M.F. Crowley and D.A. Case, J. COMP. CHEM. 29:1019, 2008

QMMM: SINGLET STATE CALCULATION
QMMM: RHF CALCULATION, NO. OF DOUBLY OCCUPIED LEVELS = 21

| QMMM: *** Selected Hamiltonian *** 
| QMMM: AM1         

| QMMM: *** Parameter sets in use ***
| QMMM: C : M.J.S.DEWAR et al. JACS, 107, 3902, (1985)
| QMMM: N : M.J.S.DEWAR et al. JACS, 107, 3902, (1985)
| QMMM: Cl: M.J.S.DEWAR et al. THEOCHEM, 180, 1, (1988)
| QMMM: H : M.J.S.DEWAR et al. JACS, 107, 3902, (1985)

| QMMM: *** SCF convergence criteria ***
| QMMM: Energy change                :  0.1D-09 kcal/mol
| QMMM: Error matrix |FP-PF|         :  0.1D+00 au
| QMMM: Density matrix change        :  0.5D-06
| QMMM: Maximum number of SCF cycles :     1000

| QMMM: *** Diagonalization Routine Information ***
| QMMM: Pseudo diagonalizations are allowed.
| QMMM: Auto diagonalization routine selection is in use.
| QMMM:
| QMMM: Timing diagonalization routines:
| QMMM:                              norbs =       38
| QMMM:    diag iterations used for timing =       20
| QMMM:
| QMMM:              Internal diag routine = 0.023017 seconds
| QMMM:                 Dspev diag routine = 0.006358 seconds
| QMMM:                Dspevd diag routine = 0.005941 seconds
| QMMM:                Dspevx diag routine = 0.027389 seconds
| QMMM:                 Dsyev diag routine = 0.006526 seconds
| QMMM:                Dsyevd diag routine = 0.005916 seconds
| QMMM:                Dsyevr diag routine = 0.007556 seconds
| QMMM:
| QMMM:                Pseudo diag routine = 0.001432 seconds
| QMMM:
| QMMM: Using dsyevd routine (diag_routine=6).

  QMMM: QM Region Cartesian Coordinates (*=link atom) 
  QMMM: QM_NO.   MM_NO.  ATOM         X         Y         Z
  QMMM:     1        1      C        0.8320   -0.3950    0.5750
  QMMM:     2        2      C        1.8990   -1.0140   -0.0770
  QMMM:     3        3      C        0.8350   -0.2830    1.9660
  QMMM:     4        4      C        2.9710   -1.4090    2.0520
  QMMM:     5        5      C        2.9680   -1.5200    0.6620
  QMMM:     6        6      C        1.9040   -0.7900    2.7040
  QMMM:     7        7      N        4.0470   -2.1450    0.0020
  QMMM:     8        8      Cl       1.9070   -0.6510    4.4200
  QMMM:     9        9      H        0.0000    0.0000   -0.0000
  QMMM:    10       10      H        1.8870   -1.0950   -1.1610
  QMMM:    11       11      H       -0.0030    0.2020    2.4600
  QMMM:    12       12      H        3.8070   -1.8040    2.6250
  QMMM:    13       13      H        3.8600   -2.7660   -0.7590
  QMMM:    14       14      H        4.9720   -2.0310    0.3640

--------------------------------------------------------------------------------
  RESULTS
--------------------------------------------------------------------------------

      iter         sqm energy              rms gradient
      ----    -------------------    -----------------------
xmin    10       13.4546 kcal/mol        1.6939 kcal/(mol*A)
xmin    20       13.1941 kcal/mol        0.3932 kcal/(mol*A)
xmin    30       13.1823 kcal/mol        0.0303 kcal/(mol*A)
xmin    40       13.1821 kcal/mol        0.0107 kcal/(mol*A)
xmin    50       13.1821 kcal/mol        0.0025 kcal/(mol*A)
  ... geometry converged !
 
 Final MO eigenvalues (eV):
 -39.8027  -37.5434  -35.2904  -31.3733  -29.3701  -23.5623  -22.9297  -18.3224
 -17.6929  -16.9456  -15.3619  -15.1763  -14.5497  -14.4583  -13.0397  -12.7142
 -12.3057  -11.7327  -11.4355   -9.6315   -8.7320    0.2631    0.3913    1.4397
   2.6490    2.8938    3.7525    3.9500    4.1028    4.2995    4.5412    4.6570
   5.0272    5.2576    5.4523    5.5498    6.0824    6.1184

 Heat of formation   =         13.18212201 kcal/mol  (        0.57161970 eV)

 Total SCF energy    =     -33011.42902749 kcal/mol  (    -1431.48298111 eV)
 Electronic energy   =    -128077.09659541 kcal/mol  (    -5553.83966851 eV)
 Core-core repulsion =      95065.66756792 kcal/mol  (     4122.35668739 eV)
 
    Atomic Charges for Step       1 :
  Atom    Element       Mulliken Charge
     1      C                 -0.084
     2      C                 -0.193
     3      C                 -0.169
     4      C                 -0.192
     5      C                  0.070
     6      C                 -0.021
     7      N                 -0.330
     8      Cl                -0.022
     9      H                  0.135
    10      H                  0.135
    11      H                  0.147
    12      H                  0.146
    13      H                  0.189
    14      H                  0.189
 Total Mulliken Charge =       0.000
 
                  X        Y        Z     TOTAL  
  QM DIPOLE     0.136   -1.681   -1.602    2.326
 
 Final Structure

  QMMM: QM Region Cartesian Coordinates (*=link atom) 
  QMMM: QM_NO.   MM_NO.  ATOM         X         Y         Z
  QMMM:     1        1      C        0.8146   -0.4521    0.5861
  QMMM:     2        2      C        1.8818   -1.0449   -0.0769
  QMMM:     3        3      C        0.8252   -0.2964    1.9712
  QMMM:     4        4      C        3.0195   -1.3460    2.0540
  QMMM:     5        5      C        3.0111   -1.4964    0.6474
  QMMM:     6        6      C        1.9339   -0.7479    2.6911
  QMMM:     7        7      N        4.1283   -2.0076   -0.0177
  QMMM:     8        8      Cl       1.9628   -0.5704    4.3846
  QMMM:     9        9      H       -0.0542   -0.1005    0.0085
  QMMM:    10       10      H        1.8489   -1.1525   -1.1712
  QMMM:    11       11      H       -0.0246    0.1732    2.4861
  QMMM:    12       12      H        3.8822   -1.6892    2.6447
  QMMM:    13       13      H        3.9367   -2.3901   -0.9164
  QMMM:    14       14      H        4.7197   -2.5803    0.5417

           --------- Calculation Completed ----------

