            --------------------------------------------------------
                             AMBER SQM VERSION 19
 
                                     By
              Ross C. Walker, Michael F. Crowley, Scott Brozell,
                         Tim Giese, Andreas W. Goetz,
                        Tai-Sung Lee and David A. Case
 
            --------------------------------------------------------
 

--------------------------------------------------------------------------------
  QM CALCULATION INFO
--------------------------------------------------------------------------------

| QMMM: Citation for AMBER QMMM Run:
| QMMM: R.C. Walker, M.F. Crowley and D.A. Case, J. COMP. CHEM. 29:1019, 2008

QMMM: SINGLET STATE CALCULATION
QMMM: RHF CALCULATION, NO. OF DOUBLY OCCUPIED LEVELS = 25

| QMMM: *** Selected Hamiltonian *** 
| QMMM: AM1         

| QMMM: *** Parameter sets in use ***
| QMMM: C : M.J.S.DEWAR et al. JACS, 107, 3902, (1985)
| QMMM: I : M.J.S.DEWAR et al. THEOCHEM, 180, 1, (1988)
| QMMM: H : M.J.S.DEWAR et al. JACS, 107, 3902, (1985)

| QMMM: *** SCF convergence criteria ***
| QMMM: Energy change                :  0.1D-09 kcal/mol
| QMMM: Error matrix |FP-PF|         :  0.1D+00 au
| QMMM: Density matrix change        :  0.5D-06
| QMMM: Maximum number of SCF cycles :     1000

| QMMM: *** Diagonalization Routine Information ***
| QMMM: Pseudo diagonalizations are allowed.
| QMMM: Auto diagonalization routine selection is in use.
| QMMM:
| QMMM: Timing diagonalization routines:
| QMMM:                              norbs =       47
| QMMM:    diag iterations used for timing =       20
| QMMM:
| QMMM:              Internal diag routine = 0.049483 seconds
| QMMM:                 Dspev diag routine = 0.011557 seconds
| QMMM:                Dspevd diag routine = 0.008065 seconds
| QMMM:                Dspevx diag routine = 0.036942 seconds
| QMMM:                 Dsyev diag routine = 0.004157 seconds
| QMMM:                Dsyevd diag routine = 0.003247 seconds
| QMMM:                Dsyevr diag routine = 0.004639 seconds
| QMMM:
| QMMM:                Pseudo diag routine = 0.000937 seconds
| QMMM:
| QMMM: Using dsyevd routine (diag_routine=6).

  QMMM: QM Region Cartesian Coordinates (*=link atom) 
  QMMM: QM_NO.   MM_NO.  ATOM         X         Y         Z
  QMMM:     1        1      C       -0.6510   -1.2100   -2.1830
  QMMM:     2        2      C        0.5390   -0.2940   -1.9440
  QMMM:     3        3      C        0.3570    1.1090   -2.5260
  QMMM:     4        4      C        1.5850    2.0050   -2.3460
  QMMM:     5        5      C        1.3380    3.4040   -2.9170
  QMMM:     6        6      C        2.5750    4.2920   -2.7680
  QMMM:     7        7      C        2.3110    5.6990   -3.3030
  QMMM:     8        8      I        4.0590    6.9170   -3.1170
  QMMM:     9        9      H       -1.5370   -0.8670   -1.6410
  QMMM:    10       10      H       -0.8960   -1.2670   -3.2480
  QMMM:    11       11      H       -0.4210   -2.2220   -1.8340
  QMMM:    12       12      H        1.4250   -0.7480   -2.4040
  QMMM:    13       13      H        0.7390   -0.2290   -0.8680
  QMMM:    14       14      H       -0.5190    1.5850   -2.0700
  QMMM:    15       15      H        0.1400    1.0100   -3.5970
  QMMM:    16       16      H        2.4480    1.5510   -2.8470
  QMMM:    17       17      H        1.8340    2.0910   -1.2820
  QMMM:    18       18      H        0.4890    3.8660   -2.3990
  QMMM:    19       19      H        1.0680    3.3260   -3.9770
  QMMM:    20       20      H        3.4170    3.8370   -3.3060
  QMMM:    21       21      H        2.8630    4.3410   -1.7100
  QMMM:    22       22      H        1.4860    6.1620   -2.7510
  QMMM:    23       23      H        2.0140    5.6510   -4.3560

--------------------------------------------------------------------------------
  RESULTS
--------------------------------------------------------------------------------

      iter         sqm energy              rms gradient
      ----    -------------------    -----------------------
xmin    10      -35.3533 kcal/mol        0.0506 kcal/(mol*A)
xmin    20      -35.3610 kcal/mol        0.0238 kcal/(mol*A)
xmin    30      -35.3621 kcal/mol        0.0363 kcal/(mol*A)
xmin    40      -35.3626 kcal/mol        0.0069 kcal/(mol*A)
xmin    50      -35.3628 kcal/mol        0.0062 kcal/(mol*A)
xmin    60      -35.3629 kcal/mol        0.0028 kcal/(mol*A)
xmin    70      -35.3629 kcal/mol        0.0046 kcal/(mol*A)
xmin    80      -35.3629 kcal/mol        0.0019 kcal/(mol*A)
xmin    90      -35.3629 kcal/mol        0.0046 kcal/(mol*A)
xmin   100      -35.3629 kcal/mol        0.0008 kcal/(mol*A)
  ... geometry converged !
 
 Final MO eigenvalues (eV):
 -37.8886  -35.7821  -32.7012  -29.4125  -26.0691  -23.0069  -21.8445  -21.5142
 -17.0671  -15.9964  -15.2851  -14.9544  -14.5417  -14.0687  -13.5359  -13.1228
 -12.4793  -12.3131  -12.0636  -11.8265  -11.4913  -11.4256  -11.2424  -10.4779
 -10.4288    0.4625    3.3938    3.4608    3.6607    3.8903    3.9372    3.9996
   4.2089    4.2792    4.3382    4.4331    4.5712    4.6167    4.6293    4.7646
   4.9120    4.9192    4.9880    5.0596    5.1078    5.1815    5.2456

 Heat of formation   =        -35.36293731 kcal/mol  (       -1.53345203 eV)

 Total SCF energy    =     -33482.80344666 kcal/mol  (    -1451.92330977 eV)
 Electronic energy   =    -149526.90521256 kcal/mol  (    -6483.97316736 eV)
 Core-core repulsion =     116044.10176590 kcal/mol  (     5032.04985759 eV)
 
    Atomic Charges for Step       1 :
  Atom    Element       Mulliken Charge
     1      C                 -0.211
     2      C                 -0.159
     3      C                 -0.158
     4      C                 -0.158
     5      C                 -0.159
     6      C                 -0.155
     7      C                 -0.311
     8      I                  0.047
     9      H                  0.072
    10      H                  0.072
    11      H                  0.073
    12      H                  0.078
    13      H                  0.078
    14      H                  0.079
    15      H                  0.079
    16      H                  0.081
    17      H                  0.081
    18      H                  0.081
    19      H                  0.081
    20      H                  0.093
    21      H                  0.093
    22      H                  0.111
    23      H                  0.111
 Total Mulliken Charge =      -0.000
 
                  X        Y        Z     TOTAL  
  QM DIPOLE    -1.151   -1.094   -0.082    1.590
 
 Final Structure

  QMMM: QM Region Cartesian Coordinates (*=link atom) 
  QMMM: QM_NO.   MM_NO.  ATOM         X         Y         Z
  QMMM:     1        1      C       -0.6269   -1.1493   -2.1698
  QMMM:     2        2      C        0.5847   -0.2715   -1.9906
  QMMM:     3        3      C        0.3507    1.1179   -2.5446
  QMMM:     4        4      C        1.5706    1.9953   -2.3629
  QMMM:     5        5      C        1.3342    3.3839   -2.9168
  QMMM:     6        6      C        2.5587    4.2597   -2.7338
  QMMM:     7        7      C        2.3131    5.6370   -3.2869
  QMMM:     8        8      I        3.9367    6.9014   -3.0792
  QMMM:     9        9      H       -1.5101   -0.7153   -1.6415
  QMMM:    10       10      H       -0.8828   -1.2523   -3.2521
  QMMM:    11       11      H       -0.4331   -2.1677   -1.7547
  QMMM:    12       12      H        1.4663   -0.7358   -2.5067
  QMMM:    13       13      H        0.8409   -0.2006   -0.9003
  QMMM:    14       14      H       -0.5292    1.5845   -2.0282
  QMMM:    15       15      H        0.0954    1.0490   -3.6350
  QMMM:    16       16      H        2.4502    1.5285   -2.8799
  QMMM:    17       17      H        1.8259    2.0635   -1.2725
  QMMM:    18       18      H        0.4557    3.8516   -2.3990
  QMMM:    19       19      H        1.0790    3.3162   -4.0071
  QMMM:    20       20      H        3.4336    3.7839   -3.2518
  QMMM:    21       21      H        2.8099    4.3195   -1.6413
  QMMM:    22       22      H        1.4580    6.1229   -2.7637
  QMMM:    23       23      H        2.0816    5.5869   -4.3755

           --------- Calculation Completed ----------

