            --------------------------------------------------------
                             AMBER SQM VERSION 19
 
                                     By
              Ross C. Walker, Michael F. Crowley, Scott Brozell,
                         Tim Giese, Andreas W. Goetz,
                        Tai-Sung Lee and David A. Case
 
            --------------------------------------------------------
 

--------------------------------------------------------------------------------
  QM CALCULATION INFO
--------------------------------------------------------------------------------

| QMMM: Citation for AMBER QMMM Run:
| QMMM: R.C. Walker, M.F. Crowley and D.A. Case, J. COMP. CHEM. 29:1019, 2008

QMMM: SINGLET STATE CALCULATION
QMMM: RHF CALCULATION, NO. OF DOUBLY OCCUPIED LEVELS = 13

| QMMM: *** Selected Hamiltonian *** 
| QMMM: AM1         

| QMMM: *** Parameter sets in use ***
| QMMM: C : M.J.S.DEWAR et al. JACS, 107, 3902, (1985)
| QMMM: N : M.J.S.DEWAR et al. JACS, 107, 3902, (1985)
| QMMM: H : M.J.S.DEWAR et al. JACS, 107, 3902, (1985)

| QMMM: *** SCF convergence criteria ***
| QMMM: Energy change                :  0.1D-09 kcal/mol
| QMMM: Error matrix |FP-PF|         :  0.1D+00 au
| QMMM: Density matrix change        :  0.5D-06
| QMMM: Maximum number of SCF cycles :     1000

| QMMM: *** Diagonalization Routine Information ***
| QMMM: Pseudo diagonalizations are allowed.
| QMMM: Auto diagonalization routine selection is in use.
| QMMM:
| QMMM: Timing diagonalization routines:
| QMMM:                              norbs =       25
| QMMM:    diag iterations used for timing =       20
| QMMM:
| QMMM:              Internal diag routine = 0.001076 seconds
| QMMM:                 Dspev diag routine = 0.001496 seconds
| QMMM:                Dspevd diag routine = 0.001461 seconds
| QMMM:                Dspevx diag routine = 0.018082 seconds
| QMMM:                 Dsyev diag routine = 0.001814 seconds
| QMMM:                Dsyevd diag routine = 0.010273 seconds
| QMMM:                Dsyevr diag routine = 0.002990 seconds
| QMMM:
| QMMM:                Pseudo diag routine = 0.000400 seconds
| QMMM:
| QMMM: Using internal diagonalization routine (diag_routine=1).

  QMMM: QM Region Cartesian Coordinates (*=link atom) 
  QMMM: QM_NO.   MM_NO.  ATOM         X         Y         Z
  QMMM:     1        1      C        0.9950   -0.2870    0.3540
  QMMM:     2        2      C        1.1800    0.0830    1.8180
  QMMM:     3        3      C        0.1580   -0.6240    2.7040
  QMMM:     4        4      N        0.3420   -0.2370    4.0980
  QMMM:     5        5      H        1.1160   -1.3650    0.2040
  QMMM:     6        6      H        0.0000   -0.0000    0.0000
  QMMM:     7        7      H        1.7380    0.2280   -0.2640
  QMMM:     8        8      H        1.0850    1.1700    1.9270
  QMMM:     9        9      H        2.1980   -0.1850    2.1280
  QMMM:    10       10      H        0.2630   -1.7110    2.6110
  QMMM:    11       11      H       -0.8590   -0.3600    2.3920
  QMMM:    12       12      H        0.9700    0.5620    4.1410
  QMMM:    13       13      H        0.8050   -0.9950    4.5940

--------------------------------------------------------------------------------
  RESULTS
--------------------------------------------------------------------------------

      iter         sqm energy              rms gradient
      ----    -------------------    -----------------------
xmin    10      -21.4981 kcal/mol        0.4969 kcal/(mol*A)
xmin    20      -22.0358 kcal/mol        0.2006 kcal/(mol*A)
xmin    30      -22.1177 kcal/mol        0.1222 kcal/(mol*A)
xmin    40      -22.1455 kcal/mol        0.1127 kcal/(mol*A)
xmin    50      -22.1538 kcal/mol        0.1295 kcal/(mol*A)
xmin    60      -22.1584 kcal/mol        0.0419 kcal/(mol*A)
xmin    70      -22.1593 kcal/mol        0.0422 kcal/(mol*A)
xmin    80      -22.1594 kcal/mol        0.0055 kcal/(mol*A)
xmin    90      -22.1594 kcal/mol        0.0025 kcal/(mol*A)
xmin   100      -22.1594 kcal/mol        0.0014 kcal/(mol*A)
  ... geometry converged !
 
 Final MO eigenvalues (eV):
 -36.9384  -32.5316  -25.5587  -22.0823  -17.4158  -15.8303  -15.1103  -14.2402
 -13.1988  -12.5040  -12.3227  -11.4294   -9.8204    3.6997    3.7420    3.8803
   4.3137    4.3345    4.6058    4.7997    4.9135    4.9184    5.1124    6.2381
   6.2688

 Heat of formation   =        -22.15939146 kcal/mol  (       -0.96090332 eV)

 Total SCF energy    =     -16508.18845651 kcal/mol  (     -715.84876877 eV)
 Electronic energy   =     -58338.23542858 kcal/mol  (    -2529.73571955 eV)
 Core-core repulsion =      41830.04697207 kcal/mol  (     1813.88695079 eV)
 
    Atomic Charges for Step       1 :
  Atom    Element       Mulliken Charge
     1      C                 -0.207
     2      C                 -0.201
     3      C                 -0.087
     4      N                 -0.338
     5      H                  0.074
     6      H                  0.074
     7      H                  0.073
     8      H                  0.077
     9      H                  0.077
    10      H                  0.091
    11      H                  0.091
    12      H                  0.139
    13      H                  0.139
 Total Mulliken Charge =      -0.000
 
                  X        Y        Z     TOTAL  
  QM DIPOLE     1.164    0.616   -0.803    1.543
 
 Final Structure

  QMMM: QM Region Cartesian Coordinates (*=link atom) 
  QMMM: QM_NO.   MM_NO.  ATOM         X         Y         Z
  QMMM:     1        1      C        1.0011   -0.3412    0.3609
  QMMM:     2        2      C        1.2760   -0.0061    1.8027
  QMMM:     3        3      C        0.1798   -0.5688    2.7101
  QMMM:     4        4      N        0.3204   -0.3195    4.1209
  QMMM:     5        5      H        0.9616   -1.4478    0.2135
  QMMM:     6        6      H        0.0236    0.0901    0.0349
  QMMM:     7        7      H        1.8050    0.0729   -0.2944
  QMMM:     8        8      H        1.3359    1.1073    1.9257
  QMMM:     9        9      H        2.2712   -0.4270    2.1040
  QMMM:    10       10      H        0.1309   -1.6852    2.5618
  QMMM:    11       11      H       -0.8103   -0.1407    2.3826
  QMMM:    12       12      H        0.3270    0.6634    4.3120
  QMMM:    13       13      H        1.1689   -0.7184    4.4723

           --------- Calculation Completed ----------

