            --------------------------------------------------------
                             AMBER SQM VERSION 19
 
                                     By
              Ross C. Walker, Michael F. Crowley, Scott Brozell,
                         Tim Giese, Andreas W. Goetz,
                        Tai-Sung Lee and David A. Case
 
            --------------------------------------------------------
 

--------------------------------------------------------------------------------
  QM CALCULATION INFO
--------------------------------------------------------------------------------

| QMMM: Citation for AMBER QMMM Run:
| QMMM: R.C. Walker, M.F. Crowley and D.A. Case, J. COMP. CHEM. 29:1019, 2008

QMMM: SINGLET STATE CALCULATION
QMMM: RHF CALCULATION, NO. OF DOUBLY OCCUPIED LEVELS = 21

| QMMM: *** Selected Hamiltonian *** 
| QMMM: AM1         

| QMMM: *** Parameter sets in use ***
| QMMM: C : M.J.S.DEWAR et al. JACS, 107, 3902, (1985)
| QMMM: O : M.J.S.DEWAR et al. JACS, 107, 3902, (1985)
| QMMM: F : M.J.S.DEWAR et al. THEOCHEM, 180, 1, (1988)
| QMMM: H : M.J.S.DEWAR et al. JACS, 107, 3902, (1985)

| QMMM: *** SCF convergence criteria ***
| QMMM: Energy change                :  0.1D-09 kcal/mol
| QMMM: Error matrix |FP-PF|         :  0.1D+00 au
| QMMM: Density matrix change        :  0.5D-06
| QMMM: Maximum number of SCF cycles :     1000

| QMMM: *** Diagonalization Routine Information ***
| QMMM: Pseudo diagonalizations are allowed.
| QMMM: Auto diagonalization routine selection is in use.
| QMMM:
| QMMM: Timing diagonalization routines:
| QMMM:                              norbs =       37
| QMMM:    diag iterations used for timing =       20
| QMMM:
| QMMM:              Internal diag routine = 0.002639 seconds
| QMMM:                 Dspev diag routine = 0.015045 seconds
| QMMM:                Dspevd diag routine = 0.004454 seconds
| QMMM:                Dspevx diag routine = 0.017338 seconds
| QMMM:                 Dsyev diag routine = 0.003924 seconds
| QMMM:                Dsyevd diag routine = 0.005393 seconds
| QMMM:                Dsyevr diag routine = 0.005512 seconds
| QMMM:
| QMMM:                Pseudo diag routine = 0.000785 seconds
| QMMM:
| QMMM: Using internal diagonalization routine (diag_routine=1).

  QMMM: QM Region Cartesian Coordinates (*=link atom) 
  QMMM: QM_NO.   MM_NO.  ATOM         X         Y         Z
  QMMM:     1        1      C        0.8180   -0.4390    0.5640
  QMMM:     2        2      C        2.9370   -1.5970    0.6200
  QMMM:     3        3      C        0.7990   -0.4060    1.9590
  QMMM:     4        4      C        2.9180   -1.5650    2.0140
  QMMM:     5        5      C        1.8870   -1.0340   -0.1050
  QMMM:     6        6      C        1.8500   -0.9690    2.6840
  QMMM:     7        7      O        1.9060   -1.0660   -1.4660
  QMMM:     8        8      F        1.8320   -0.9380    4.0230
  QMMM:     9        9      H       -0.0040    0.0020    0.0060
  QMMM:    10       10      H        3.7720   -2.0630    0.1030
  QMMM:    11       11      H       -0.0330    0.0580    2.4810
  QMMM:    12       12      H        3.7360   -2.0020    2.5790
  QMMM:    13       13      H        2.6760   -1.5860   -1.7580

--------------------------------------------------------------------------------
  RESULTS
--------------------------------------------------------------------------------

      iter         sqm energy              rms gradient
      ----    -------------------    -----------------------
xmin    10      -67.2014 kcal/mol        0.1108 kcal/(mol*A)
xmin    20      -67.2050 kcal/mol        0.0289 kcal/(mol*A)
xmin    30      -67.2054 kcal/mol        0.0208 kcal/(mol*A)
xmin    40      -67.2054 kcal/mol        0.0038 kcal/(mol*A)
  ... geometry converged !
 
 Final MO eigenvalues (eV):
 -49.4961  -40.2797  -37.3487  -32.0523  -29.8943  -24.2119  -23.2756  -19.3290
 -18.4682  -17.5261  -16.3116  -15.8424  -15.2801  -15.1202  -14.6839  -13.9623
 -13.5963  -12.4133  -12.0441  -10.2243   -9.0928    0.0594    0.1261    2.4542
   2.7892    3.1958    3.4925    3.6024    3.9164    4.0876    4.5196    4.7578
   4.9511    4.9839    5.0816    5.6421    6.0777

 Heat of formation   =        -67.20537563 kcal/mol  (       -2.91424377 eV)

 Total SCF energy    =     -37874.04170875 kcal/mol  (    -1642.34168981 eV)
 Electronic energy   =    -135156.79876896 kcal/mol  (    -5860.83859195 eV)
 Core-core repulsion =      97282.75706020 kcal/mol  (     4218.49690214 eV)
 
    Atomic Charges for Step       1 :
  Atom    Element       Mulliken Charge
     1      C                 -0.133
     2      C                 -0.190
     3      C                 -0.131
     4      C                 -0.126
     5      C                  0.066
     6      C                  0.053
     7      O                 -0.249
     8      F                 -0.107
     9      H                  0.156
    10      H                  0.139
    11      H                  0.152
    12      H                  0.150
    13      H                  0.219
 Total Mulliken Charge =      -0.000
 
                  X        Y        Z     TOTAL  
  QM DIPOLE     1.027   -0.591   -1.153    1.654
 
 Final Structure

  QMMM: QM Region Cartesian Coordinates (*=link atom) 
  QMMM: QM_NO.   MM_NO.  ATOM         X         Y         Z
  QMMM:     1        1      C        0.8158   -0.4439    0.5606
  QMMM:     2        2      C        2.9553   -1.6204    0.6340
  QMMM:     3        3      C        0.7938   -0.4007    1.9476
  QMMM:     4        4      C        2.9333   -1.5772    2.0239
  QMMM:     5        5      C        1.8993   -1.0551   -0.0938
  QMMM:     6        6      C        1.8525   -0.9672    2.6848
  QMMM:     7        7      O        1.8563   -1.0622   -1.4694
  QMMM:     8        8      F        1.8280   -0.9235    4.0396
  QMMM:     9        9      H       -0.0001   -0.0078   -0.0335
  QMMM:    10       10      H        3.7976   -2.0959    0.1114
  QMMM:    11       11      H       -0.0448    0.0729    2.4790
  QMMM:    12       12      H        3.7536   -2.0158    2.6104
  QMMM:    13       13      H        2.6534   -1.5083   -1.7906

           --------- Calculation Completed ----------

