            --------------------------------------------------------
                             AMBER SQM VERSION 19
 
                                     By
              Ross C. Walker, Michael F. Crowley, Scott Brozell,
                         Tim Giese, Andreas W. Goetz,
                        Tai-Sung Lee and David A. Case
 
            --------------------------------------------------------
 

--------------------------------------------------------------------------------
  QM CALCULATION INFO
--------------------------------------------------------------------------------

| QMMM: Citation for AMBER QMMM Run:
| QMMM: R.C. Walker, M.F. Crowley and D.A. Case, J. COMP. CHEM. 29:1019, 2008

QMMM: SINGLET STATE CALCULATION
QMMM: RHF CALCULATION, NO. OF DOUBLY OCCUPIED LEVELS = 21

| QMMM: *** Selected Hamiltonian *** 
| QMMM: AM1         

| QMMM: *** Parameter sets in use ***
| QMMM: C : M.J.S.DEWAR et al. JACS, 107, 3902, (1985)
| QMMM: Cl: M.J.S.DEWAR et al. THEOCHEM, 180, 1, (1988)
| QMMM: H : M.J.S.DEWAR et al. JACS, 107, 3902, (1985)

| QMMM: *** SCF convergence criteria ***
| QMMM: Energy change                :  0.1D-09 kcal/mol
| QMMM: Error matrix |FP-PF|         :  0.1D+00 au
| QMMM: Density matrix change        :  0.5D-06
| QMMM: Maximum number of SCF cycles :     1000

| QMMM: *** Diagonalization Routine Information ***
| QMMM: Pseudo diagonalizations are allowed.
| QMMM: Auto diagonalization routine selection is in use.
| QMMM:
| QMMM: Timing diagonalization routines:
| QMMM:                              norbs =       39
| QMMM:    diag iterations used for timing =       20
| QMMM:
| QMMM:              Internal diag routine = 0.003533 seconds
| QMMM:                 Dspev diag routine = 0.008458 seconds
| QMMM:                Dspevd diag routine = 0.003226 seconds
| QMMM:                Dspevx diag routine = 0.020432 seconds
| QMMM:                 Dsyev diag routine = 0.004435 seconds
| QMMM:                Dsyevd diag routine = 0.003426 seconds
| QMMM:                Dsyevr diag routine = 0.004470 seconds
| QMMM:
| QMMM:                Pseudo diag routine = 0.001020 seconds
| QMMM:
| QMMM: Using dspevd routine (diag_routine=3).

  QMMM: QM Region Cartesian Coordinates (*=link atom) 
  QMMM: QM_NO.   MM_NO.  ATOM         X         Y         Z
  QMMM:     1        1      C       -0.0230    2.4020   -0.0040
  QMMM:     2        2      C        1.3640    2.4110   -0.0030
  QMMM:     3        3      C       -0.7040    1.1940   -0.0030
  QMMM:     4        4      C        2.0660    1.2150    0.0000
  QMMM:     5        5      C        0.0000    0.0000    0.0000
  QMMM:     6        6      C        1.3900    0.0000    0.0000
  QMMM:     7        7      C        2.1520   -1.2950    0.0100
  QMMM:     8        8      Cl       2.5070   -1.9020   -1.6570
  QMMM:     9        9      H       -0.5680    3.3290   -0.0050
  QMMM:    10       10      H        1.8980    3.3450   -0.0030
  QMMM:    11       11      H       -1.7800    1.1810   -0.0030
  QMMM:    12       12      H        3.1420    1.2280   -0.0030
  QMMM:    13       13      H       -0.5340   -0.9340   -0.0030
  QMMM:    14       14      H        3.1110   -1.1890    0.4920
  QMMM:    15       15      H        1.5950   -2.0810    0.4940

--------------------------------------------------------------------------------
  RESULTS
--------------------------------------------------------------------------------

      iter         sqm energy              rms gradient
      ----    -------------------    -----------------------
xmin    10        6.8082 kcal/mol        0.0193 kcal/(mol*A)
xmin    20        6.8080 kcal/mol        0.0097 kcal/(mol*A)
xmin    30        6.8080 kcal/mol        0.0010 kcal/(mol*A)
xmin    30        6.8080 kcal/mol        0.0005 kcal/(mol*A)
  ... geometry converged !
 
 Final MO eigenvalues (eV):
 -39.7167  -37.0915  -33.2550  -31.6174  -27.5418  -23.4377  -22.2793  -17.7186
 -16.3804  -16.3381  -15.4505  -14.5162  -14.4798  -14.1783  -13.2119  -12.5064
 -12.0756  -11.3468  -11.2095   -9.8396   -9.6973    0.0748    0.3897    1.6471
   2.8102    3.4948    3.6013    3.8176    3.9771    3.9778    4.0837    4.3525
   4.4607    4.8701    4.9515    5.3719    5.4070    5.5203    5.9055

 Heat of formation   =          6.80804170 kcal/mol  (        0.29521884 eV)

 Total SCF energy    =     -31509.01617496 kcal/mol  (    -1366.33347101 eV)
 Electronic energy   =    -125799.81856310 kcal/mol  (    -5455.08948281 eV)
 Core-core repulsion =      94290.80238814 kcal/mol  (     4088.75601180 eV)
 
    Atomic Charges for Step       1 :
  Atom    Element       Mulliken Charge
     1      C                 -0.119
     2      C                 -0.131
     3      C                 -0.131
     4      C                 -0.109
     5      C                 -0.109
     6      C                 -0.097
     7      C                 -0.074
     8      Cl                -0.120
     9      H                  0.133
    10      H                  0.134
    11      H                  0.134
    12      H                  0.135
    13      H                  0.135
    14      H                  0.109
    15      H                  0.109
 Total Mulliken Charge =      -0.000
 
                  X        Y        Z     TOTAL  
  QM DIPOLE    -0.458    0.781    1.436    1.697
 
 Final Structure

  QMMM: QM Region Cartesian Coordinates (*=link atom) 
  QMMM: QM_NO.   MM_NO.  ATOM         X         Y         Z
  QMMM:     1        1      C       -0.0221    2.4008   -0.0013
  QMMM:     2        2      C        1.3727    2.4111   -0.0040
  QMMM:     3        3      C       -0.7087    1.1866   -0.0038
  QMMM:     4        4      C        2.0812    1.2108   -0.0085
  QMMM:     5        5      C       -0.0036   -0.0157   -0.0083
  QMMM:     6        6      C        1.3963   -0.0102   -0.0088
  QMMM:     7        7      C        2.1479   -1.2877    0.0035
  QMMM:     8        8      Cl       2.4836   -1.8619   -1.6272
  QMMM:     9        9      H       -0.5798    3.3488    0.0015
  QMMM:    10       10      H        1.9162    3.3674   -0.0043
  QMMM:    11       11      H       -1.8085    1.1761   -0.0040
  QMMM:    12       12      H        3.1815    1.2212   -0.0153
  QMMM:    13       13      H       -0.5471   -0.9724   -0.0148
  QMMM:    14       14      H        3.1411   -1.1720    0.5026
  QMMM:    15       15      H        1.5654   -2.0990    0.5047

           --------- Calculation Completed ----------

