            --------------------------------------------------------
                             AMBER SQM VERSION 19
 
                                     By
              Ross C. Walker, Michael F. Crowley, Scott Brozell,
                         Tim Giese, Andreas W. Goetz,
                        Tai-Sung Lee and David A. Case
 
            --------------------------------------------------------
 

--------------------------------------------------------------------------------
  QM CALCULATION INFO
--------------------------------------------------------------------------------

| QMMM: Citation for AMBER QMMM Run:
| QMMM: R.C. Walker, M.F. Crowley and D.A. Case, J. COMP. CHEM. 29:1019, 2008

QMMM: SINGLET STATE CALCULATION
QMMM: RHF CALCULATION, NO. OF DOUBLY OCCUPIED LEVELS = 19

| QMMM: *** Selected Hamiltonian *** 
| QMMM: AM1         

| QMMM: *** Parameter sets in use ***
| QMMM: C : M.J.S.DEWAR et al. JACS, 107, 3902, (1985)
| QMMM: N : M.J.S.DEWAR et al. JACS, 107, 3902, (1985)
| QMMM: H : M.J.S.DEWAR et al. JACS, 107, 3902, (1985)

| QMMM: *** SCF convergence criteria ***
| QMMM: Energy change                :  0.1D-09 kcal/mol
| QMMM: Error matrix |FP-PF|         :  0.1D+00 au
| QMMM: Density matrix change        :  0.5D-06
| QMMM: Maximum number of SCF cycles :     1000

| QMMM: *** Diagonalization Routine Information ***
| QMMM: Pseudo diagonalizations are allowed.
| QMMM: Auto diagonalization routine selection is in use.
| QMMM:
| QMMM: Timing diagonalization routines:
| QMMM:                              norbs =       37
| QMMM:    diag iterations used for timing =       20
| QMMM:
| QMMM:              Internal diag routine = 0.003325 seconds
| QMMM:                 Dspev diag routine = 0.012260 seconds
| QMMM:                Dspevd diag routine = 0.013960 seconds
| QMMM:                Dspevx diag routine = 0.033866 seconds
| QMMM:                 Dsyev diag routine = 0.013992 seconds
| QMMM:                Dsyevd diag routine = 0.007952 seconds
| QMMM:                Dsyevr diag routine = 0.004734 seconds
| QMMM:
| QMMM:                Pseudo diag routine = 0.000582 seconds
| QMMM:
| QMMM: Using internal diagonalization routine (diag_routine=1).

  QMMM: QM Region Cartesian Coordinates (*=link atom) 
  QMMM: QM_NO.   MM_NO.  ATOM         X         Y         Z
  QMMM:     1        1      C        1.8330   -0.9460    4.1080
  QMMM:     2        2      C        1.8850   -1.0380   -0.1090
  QMMM:     3        3      C        0.8180   -0.4410    0.5630
  QMMM:     4        4      C        2.9350   -1.6040    0.6140
  QMMM:     5        5      C        0.8010   -0.4100    1.9570
  QMMM:     6        6      C        2.9180   -1.5730    2.0080
  QMMM:     7        7      C        1.8510   -0.9770    2.6800
  QMMM:     8        8      N        1.8190   -0.9200    5.2700
  QMMM:     9        9      H        1.8980   -1.0610   -1.1950
  QMMM:    10       10      H        0.0000   -0.0000   -0.0000
  QMMM:    11       11      H        3.7650   -2.0680    0.0900
  QMMM:    12       12      H       -0.0380    0.0580    2.4660
  QMMM:    13       13      H        3.7440   -2.0190    2.5580

--------------------------------------------------------------------------------
  RESULTS
--------------------------------------------------------------------------------

      iter         sqm energy              rms gradient
      ----    -------------------    -----------------------
xmin    10       53.2681 kcal/mol        0.0060 kcal/(mol*A)
  ... geometry converged !
 
 Final MO eigenvalues (eV):
 -40.0241  -36.6237  -32.2763  -31.9751  -24.8677  -23.7194  -19.9431  -17.4386
 -16.3242  -15.7059  -14.7722  -14.6848  -14.0746  -13.3510  -13.1368  -12.6505
 -12.2547  -10.1768  -10.0210   -0.3951    0.0617    1.6645    1.8666    2.7581
   2.9033    3.5253    3.5793    3.6711    3.9718    4.1294    4.4793    4.6268
   4.9851    5.0496    5.1753    5.5321    6.6109

 Heat of formation   =         53.26812089 kcal/mol  (        2.30987906 eV)

 Total SCF energy    =     -27001.19303371 kcal/mol  (    -1170.85959125 eV)
 Electronic energy   =    -107482.27660109 kcal/mol  (    -4660.78125845 eV)
 Core-core repulsion =      80481.08356739 kcal/mol  (     3489.92166720 eV)
 
    Atomic Charges for Step       1 :
  Atom    Element       Mulliken Charge
     1      C                 -0.096
     2      C                 -0.107
     3      C                 -0.135
     4      C                 -0.135
     5      C                 -0.091
     6      C                 -0.091
     7      C                 -0.015
     8      N                 -0.038
     9      H                  0.138
    10      H                  0.140
    11      H                  0.140
    12      H                  0.145
    13      H                  0.145
 Total Mulliken Charge =      -0.000
 
                  X        Y        Z     TOTAL  
  QM DIPOLE     0.041   -0.073   -3.335    3.336
 
 Final Structure

  QMMM: QM Region Cartesian Coordinates (*=link atom) 
  QMMM: QM_NO.   MM_NO.  ATOM         X         Y         Z
  QMMM:     1        1      C        1.8334   -0.9458    4.1024
  QMMM:     2        2      C        1.8848   -1.0375   -0.1085
  QMMM:     3        3      C        0.8171   -0.4406    0.5625
  QMMM:     4        4      C        2.9356   -1.6040    0.6136
  QMMM:     5        5      C        0.7946   -0.4072    1.9555
  QMMM:     6        6      C        2.9240   -1.5767    2.0069
  QMMM:     7        7      C        1.8508   -0.9767    2.6813
  QMMM:     8        8      N        1.8192   -0.9206    5.2655
  QMMM:     9        9      H        1.8983   -1.0614   -1.2085
  QMMM:    10       10      H       -0.0112    0.0060   -0.0076
  QMMM:    11       11      H        3.7773   -2.0746    0.0839
  QMMM:    12       12      H       -0.0471    0.0633    2.4856
  QMMM:    13       13      H        3.7523   -2.0233    2.5774

           --------- Calculation Completed ----------

