            --------------------------------------------------------
                             AMBER SQM VERSION 19
 
                                     By
              Ross C. Walker, Michael F. Crowley, Scott Brozell,
                         Tim Giese, Andreas W. Goetz,
                        Tai-Sung Lee and David A. Case
 
            --------------------------------------------------------
 

--------------------------------------------------------------------------------
  QM CALCULATION INFO
--------------------------------------------------------------------------------

| QMMM: Citation for AMBER QMMM Run:
| QMMM: R.C. Walker, M.F. Crowley and D.A. Case, J. COMP. CHEM. 29:1019, 2008

QMMM: SINGLET STATE CALCULATION
QMMM: RHF CALCULATION, NO. OF DOUBLY OCCUPIED LEVELS = 22

| QMMM: *** Selected Hamiltonian *** 
| QMMM: AM1         

| QMMM: *** Parameter sets in use ***
| QMMM: C : M.J.S.DEWAR et al. JACS, 107, 3902, (1985)
| QMMM: O : M.J.S.DEWAR et al. JACS, 107, 3902, (1985)
| QMMM: H : M.J.S.DEWAR et al. JACS, 107, 3902, (1985)

| QMMM: *** SCF convergence criteria ***
| QMMM: Energy change                :  0.1D-09 kcal/mol
| QMMM: Error matrix |FP-PF|         :  0.1D+00 au
| QMMM: Density matrix change        :  0.5D-06
| QMMM: Maximum number of SCF cycles :     1000

| QMMM: *** Diagonalization Routine Information ***
| QMMM: Pseudo diagonalizations are allowed.
| QMMM: Auto diagonalization routine selection is in use.
| QMMM:
| QMMM: Timing diagonalization routines:
| QMMM:                              norbs =       42
| QMMM:    diag iterations used for timing =       20
| QMMM:
| QMMM:              Internal diag routine = 0.003856 seconds
| QMMM:                 Dspev diag routine = 0.004957 seconds
| QMMM:                Dspevd diag routine = 0.006603 seconds
| QMMM:                Dspevx diag routine = 0.019233 seconds
| QMMM:                 Dsyev diag routine = 0.007051 seconds
| QMMM:                Dsyevd diag routine = 0.003999 seconds
| QMMM:                Dsyevr diag routine = 0.005212 seconds
| QMMM:
| QMMM:                Pseudo diag routine = 0.001186 seconds
| QMMM:
| QMMM: Using internal diagonalization routine (diag_routine=1).

  QMMM: QM Region Cartesian Coordinates (*=link atom) 
  QMMM: QM_NO.   MM_NO.  ATOM         X         Y         Z
  QMMM:     1        1      C        0.2250   -0.0420    1.7540
  QMMM:     2        2      C        2.1170    0.4790    0.1730
  QMMM:     3        3      C        1.5260    4.4510    0.6850
  QMMM:     4        4      C        1.5300    3.5650    3.0450
  QMMM:     5        5      C        1.3530    0.9190    1.4130
  QMMM:     6        6      C        1.7300    3.2330    1.5730
  QMMM:     7        7      O        0.8120    2.2180    1.1940
  QMMM:     8        8      H        0.6070   -1.0470    1.9590
  QMMM:     9        9      H       -0.3220    0.3100    2.6360
  QMMM:    10       10      H       -0.5020   -0.1030    0.9370
  QMMM:    11       11      H        2.5710   -0.5060    0.3160
  QMMM:    12       12      H        2.9080    1.1990   -0.0620
  QMMM:    13       13      H        1.4580    0.4380   -0.7010
  QMMM:    14       14      H        2.2380    5.2450    0.9300
  QMMM:    15       15      H        1.6530    4.1790   -0.3680
  QMMM:    16       16      H        0.5100    4.8480    0.7870
  QMMM:    17       17      H        2.2410    4.3260    3.3810
  QMMM:    18       18      H        1.6620    2.6670    3.6590
  QMMM:    19       19      H        0.5140    3.9280    3.2320
  QMMM:    20       20      H        2.0420    0.9900    2.2610
  QMMM:    21       21      H        2.7390    2.8360    1.4220

--------------------------------------------------------------------------------
  RESULTS
--------------------------------------------------------------------------------

      iter         sqm energy              rms gradient
      ----    -------------------    -----------------------
xmin    10      -72.3011 kcal/mol        0.2764 kcal/(mol*A)
xmin    20      -72.4019 kcal/mol        0.0980 kcal/(mol*A)
xmin    30      -72.4300 kcal/mol        0.0492 kcal/(mol*A)
xmin    40      -72.4486 kcal/mol        0.0896 kcal/(mol*A)
xmin    50      -72.4555 kcal/mol        0.0635 kcal/(mol*A)
xmin    60      -72.4577 kcal/mol        0.0589 kcal/(mol*A)
xmin    70      -72.4588 kcal/mol        0.0115 kcal/(mol*A)
xmin    80      -72.4594 kcal/mol        0.0120 kcal/(mol*A)
xmin    90      -72.4596 kcal/mol        0.0082 kcal/(mol*A)
xmin   100      -72.4597 kcal/mol        0.0093 kcal/(mol*A)
xmin   110      -72.4597 kcal/mol        0.0096 kcal/(mol*A)
xmin   120      -72.4597 kcal/mol        0.0015 kcal/(mol*A)
xmin   130      -72.4597 kcal/mol        0.0012 kcal/(mol*A)
  ... geometry converged !
 
 Final MO eigenvalues (eV):
 -39.4000  -34.6674  -31.6827  -27.9935  -27.7659  -22.3349  -21.4326  -17.8061
 -16.0281  -15.8390  -14.7612  -14.2226  -13.8856  -13.0582  -13.0035  -12.7994
 -12.6288  -12.4721  -12.0500  -11.8896  -11.2374  -10.3817    2.8651    3.8363
   3.8822    4.1307    4.1468    4.2430    4.2558    4.5070    4.5797    4.6069
   4.8037    4.8122    4.8783    4.8795    5.0492    5.1043    5.1142    5.2290
   5.2341    6.4737

 Heat of formation   =        -72.45973781 kcal/mol  (       -3.14209001 eV)

 Total SCF energy    =     -29572.53796379 kcal/mol  (    -1282.36147451 eV)
 Electronic energy   =    -137039.18629248 kcal/mol  (    -5942.46504022 eV)
 Core-core repulsion =     107466.64832869 kcal/mol  (     4660.10356570 eV)
 
    Atomic Charges for Step       1 :
  Atom    Element       Mulliken Charge
     1      C                 -0.212
     2      C                 -0.239
     3      C                 -0.212
     4      C                 -0.239
     5      C                  0.029
     6      C                  0.029
     7      O                 -0.281
     8      H                  0.076
     9      H                  0.084
    10      H                  0.088
    11      H                  0.078
    12      H                  0.074
    13      H                  0.088
    14      H                  0.076
    15      H                  0.084
    16      H                  0.088
    17      H                  0.078
    18      H                  0.074
    19      H                  0.088
    20      H                  0.074
    21      H                  0.074
 Total Mulliken Charge =      -0.000
 
                  X        Y        Z     TOTAL  
  QM DIPOLE     1.176   -0.227    0.488    1.293
 
 Final Structure

  QMMM: QM Region Cartesian Coordinates (*=link atom) 
  QMMM: QM_NO.   MM_NO.  ATOM         X         Y         Z
  QMMM:     1        1      C        0.1197    0.0117    1.6374
  QMMM:     2        2      C        2.2012    0.4135    0.3027
  QMMM:     3        3      C        1.3702    4.4484    0.6894
  QMMM:     4        4      C        1.6869    3.5834    3.0190
  QMMM:     5        5      C        1.3465    0.8905    1.4630
  QMMM:     6        6      C        1.7717    3.2550    1.5394
  QMMM:     7        7      O        0.8518    2.2094    1.2078
  QMMM:     8        8      H        0.4395   -1.0387    1.8322
  QMMM:     9        9      H       -0.4946    0.3760    2.4945
  QMMM:    10       10      H       -0.5090    0.0392    0.7159
  QMMM:    11       11      H        2.5227   -0.6402    0.4781
  QMMM:    12       12      H        3.1086    1.0537    0.1938
  QMMM:    13       13      H        1.6200    0.4619   -0.6490
  QMMM:    14       14      H        2.0486    5.3060    0.9086
  QMMM:    15       15      H        1.4403    4.1892   -0.3934
  QMMM:    16       16      H        0.3183    4.7456    0.9137
  QMMM:    17       17      H        2.3541    4.4460    3.2537
  QMMM:    18       18      H        2.0008    2.7072    3.6346
  QMMM:    19       19      H        0.6387    3.8499    3.2948
  QMMM:    20       20      H        1.9554    0.8871    2.4104
  QMMM:    21       21      H        2.8208    2.9380    1.2797

           --------- Calculation Completed ----------

