            --------------------------------------------------------
                             AMBER SQM VERSION 19
 
                                     By
              Ross C. Walker, Michael F. Crowley, Scott Brozell,
                         Tim Giese, Andreas W. Goetz,
                        Tai-Sung Lee and David A. Case
 
            --------------------------------------------------------
 

--------------------------------------------------------------------------------
  QM CALCULATION INFO
--------------------------------------------------------------------------------

| QMMM: Citation for AMBER QMMM Run:
| QMMM: R.C. Walker, M.F. Crowley and D.A. Case, J. COMP. CHEM. 29:1019, 2008

QMMM: SINGLET STATE CALCULATION
QMMM: RHF CALCULATION, NO. OF DOUBLY OCCUPIED LEVELS = 33

| QMMM: *** Selected Hamiltonian *** 
| QMMM: AM1         

| QMMM: *** Parameter sets in use ***
| QMMM: C : M.J.S.DEWAR et al. JACS, 107, 3902, (1985)
| QMMM: O : M.J.S.DEWAR et al. JACS, 107, 3902, (1985)
| QMMM: F : M.J.S.DEWAR et al. THEOCHEM, 180, 1, (1988)
| QMMM: H : M.J.S.DEWAR et al. JACS, 107, 3902, (1985)

| QMMM: *** SCF convergence criteria ***
| QMMM: Energy change                :  0.1D-09 kcal/mol
| QMMM: Error matrix |FP-PF|         :  0.1D+00 au
| QMMM: Density matrix change        :  0.5D-06
| QMMM: Maximum number of SCF cycles :     1000

| QMMM: *** Diagonalization Routine Information ***
| QMMM: Pseudo diagonalizations are allowed.
| QMMM: Auto diagonalization routine selection is in use.
| QMMM:
| QMMM: Timing diagonalization routines:
| QMMM:                              norbs =       55
| QMMM:    diag iterations used for timing =       15
| QMMM:
| QMMM:              Internal diag routine = 0.031856 seconds
| QMMM:                 Dspev diag routine = 0.007219 seconds
| QMMM:                Dspevd diag routine = 0.006782 seconds
| QMMM:                Dspevx diag routine = 0.031096 seconds
| QMMM:                 Dsyev diag routine = 0.009433 seconds
| QMMM:                Dsyevd diag routine = 0.008397 seconds
| QMMM:                Dsyevr diag routine = 0.009031 seconds
| QMMM:
| QMMM:                Pseudo diag routine = 0.001904 seconds
| QMMM:
| QMMM: Using dspevd routine (diag_routine=3).

  QMMM: QM Region Cartesian Coordinates (*=link atom) 
  QMMM: QM_NO.   MM_NO.  ATOM         X         Y         Z
  QMMM:     1        1      C        1.8850   -1.0380   -0.1090
  QMMM:     2        2      C        0.8180   -0.4410    0.5630
  QMMM:     3        3      C        2.9350   -1.6040    0.6140
  QMMM:     4        4      C        0.8010   -0.4100    1.9570
  QMMM:     5        5      C        2.9180   -1.5730    2.0080
  QMMM:     6        6      C        1.8510   -0.9770    2.6800
  QMMM:     7        7      C        0.5630   -0.9610    4.6910
  QMMM:     8        8      C        0.7110   -1.6110    6.0470
  QMMM:     9        9      O        1.8340   -0.9480    4.0400
  QMMM:    10       10      F        0.1560    0.3240    4.8780
  QMMM:    11       11      F       -0.4790   -1.5900    6.6950
  QMMM:    12       12      F        1.5840   -0.8970    6.8020
  QMMM:    13       13      H        1.8990   -1.0600   -1.1950
  QMMM:    14       14      H       -0.0000   -0.0010   -0.0000
  QMMM:    15       15      H        3.7660   -2.0680    0.0900
  QMMM:    16       16      H       -0.0340    0.0550    2.4750
  QMMM:    17       17      H        3.7390   -2.0170    2.5660
  QMMM:    18       18      H       -0.1900   -1.4980    4.1040
  QMMM:    19       19      H        1.0710   -2.6420    5.9840

--------------------------------------------------------------------------------
  RESULTS
--------------------------------------------------------------------------------

      iter         sqm energy              rms gradient
      ----    -------------------    -----------------------
xmin    10     -169.2085 kcal/mol        1.6614 kcal/(mol*A)
xmin    20     -169.5245 kcal/mol        0.9180 kcal/(mol*A)
xmin    30     -169.6305 kcal/mol        0.8864 kcal/(mol*A)
xmin    40     -169.7315 kcal/mol        0.3166 kcal/(mol*A)
xmin    50     -169.8344 kcal/mol        0.2917 kcal/(mol*A)
xmin    60     -169.9004 kcal/mol        0.1860 kcal/(mol*A)
xmin    70     -169.9855 kcal/mol        0.7146 kcal/(mol*A)
xmin    80     -170.0282 kcal/mol        0.4595 kcal/(mol*A)
xmin    90     -170.0900 kcal/mol        0.9263 kcal/(mol*A)
xmin   100     -170.1364 kcal/mol        0.4417 kcal/(mol*A)
xmin   110     -170.1762 kcal/mol        0.1433 kcal/(mol*A)
xmin   120     -170.2283 kcal/mol        0.2770 kcal/(mol*A)
xmin   130     -170.3081 kcal/mol        0.0945 kcal/(mol*A)
xmin   140     -170.3773 kcal/mol        0.1644 kcal/(mol*A)
xmin   150     -170.4075 kcal/mol        0.1107 kcal/(mol*A)
xmin   160     -170.4345 kcal/mol        0.1209 kcal/(mol*A)
xmin   170     -170.4537 kcal/mol        0.0779 kcal/(mol*A)
xmin   180     -170.3813 kcal/mol        0.3708 kcal/(mol*A)
xmin   190     -170.4055 kcal/mol        0.1561 kcal/(mol*A)
xmin   200     -170.4337 kcal/mol        0.0656 kcal/(mol*A)
xmin   210     -170.4732 kcal/mol        0.3668 kcal/(mol*A)
xmin   220     -170.5023 kcal/mol        0.0892 kcal/(mol*A)
xmin   230     -170.5053 kcal/mol        0.0956 kcal/(mol*A)
xmin   240     -170.5121 kcal/mol        0.0762 kcal/(mol*A)
xmin   250     -170.5132 kcal/mol        0.0452 kcal/(mol*A)
xmin   260     -170.5135 kcal/mol        0.0158 kcal/(mol*A)
xmin   270     -170.5138 kcal/mol        0.0599 kcal/(mol*A)
xmin   280     -170.5142 kcal/mol        0.0699 kcal/(mol*A)
xmin   290     -170.5145 kcal/mol        0.0119 kcal/(mol*A)
xmin   300     -170.5145 kcal/mol        0.0061 kcal/(mol*A)
xmin   310     -170.5145 kcal/mol        0.0042 kcal/(mol*A)
xmin   320     -170.5145 kcal/mol        0.0012 kcal/(mol*A)
xmin   330     -170.5145 kcal/mol        0.0012 kcal/(mol*A)
xmin   340     -170.5146 kcal/mol        0.0014 kcal/(mol*A)
xmin   350     -170.5146 kcal/mol        0.0026 kcal/(mol*A)
xmin   360     -170.5146 kcal/mol        0.0012 kcal/(mol*A)
xmin   370     -170.5146 kcal/mol        0.0015 kcal/(mol*A)
xmin   380     -170.5146 kcal/mol        0.0019 kcal/(mol*A)
xmin   380     -170.5146 kcal/mol        0.0004 kcal/(mol*A)
  ... geometry converged !
 
 Final MO eigenvalues (eV):
 -51.0339  -49.7175  -48.2972  -40.5255  -38.1667  -31.9361  -31.4441  -29.5596
 -24.9187  -23.5295  -23.1632  -20.0617  -19.0641  -18.9848  -18.3702  -17.5628
 -17.3185  -16.6726  -15.9651  -15.4890  -15.0784  -15.0417  -14.5576  -14.3862
 -14.2511  -13.8640  -13.5221  -12.9309  -12.7482  -12.0736  -11.8183  -10.0761
  -9.5902    0.0840    0.1652    1.3434    2.1458    2.5194    2.6349    2.8839
   3.2588    3.5524    3.6430    3.7701    3.8431    4.0679    4.1132    4.1583
   4.3724    4.7638    4.9887    5.1459    5.3436    5.4320    5.9258

 Heat of formation   =       -170.51456575 kcal/mol  (       -7.39406642 eV)

 Total SCF energy    =     -66803.21322496 kcal/mol  (    -2896.80470166 eV)
 Electronic energy   =    -278328.24827554 kcal/mol  (   -12069.21851939 eV)
 Core-core repulsion =     211525.03505059 kcal/mol  (     9172.41381773 eV)
 
    Atomic Charges for Step       1 :
  Atom    Element       Mulliken Charge
     1      C                 -0.144
     2      C                 -0.103
     3      C                 -0.108
     4      C                 -0.176
     5      C                 -0.135
     6      C                  0.057
     7      C                  0.134
     8      C                  0.202
     9      O                 -0.236
    10      F                 -0.152
    11      F                 -0.160
    12      F                 -0.159
    13      H                  0.137
    14      H                  0.138
    15      H                  0.138
    16      H                  0.147
    17      H                  0.151
    18      H                  0.131
    19      H                  0.139
 Total Mulliken Charge =       0.000
 
                  X        Y        Z     TOTAL  
  QM DIPOLE     0.134   -0.426   -2.028    2.077
 
 Final Structure

  QMMM: QM Region Cartesian Coordinates (*=link atom) 
  QMMM: QM_NO.   MM_NO.  ATOM         X         Y         Z
  QMMM:     1        1      C        1.6816   -1.1525   -0.1389
  QMMM:     2        2      C        0.8589   -0.2558    0.5423
  QMMM:     3        3      C        2.5526   -1.9825    0.5691
  QMMM:     4        4      C        0.8986   -0.1801    1.9339
  QMMM:     5        5      C        2.6032   -1.9315    1.9599
  QMMM:     6        6      C        1.7713   -1.0229    2.6316
  QMMM:     7        7      C        0.7423   -0.7249    4.7598
  QMMM:     8        8      C        0.9539   -1.5005    6.1216
  QMMM:     9        9      O        1.9265   -0.9682    4.0131
  QMMM:    10       10      F        0.7290    0.6300    4.9598
  QMMM:    11       11      F        0.6582   -2.8323    5.9704
  QMMM:    12       12      F        0.0518   -1.0802    7.0673
  QMMM:    13       13      H        1.6459   -1.2047   -1.2369
  QMMM:    14       14      H        0.1772    0.4016   -0.0178
  QMMM:    15       15      H        3.2029   -2.6863    0.0281
  QMMM:    16       16      H        0.2672    0.5384    2.4767
  QMMM:    17       17      H        3.2843   -2.5767    2.5322
  QMMM:    18       18      H       -0.1928   -1.0714    4.2410
  QMMM:    19       19      H        2.0154   -1.3564    6.4770

           --------- Calculation Completed ----------

