            --------------------------------------------------------
                             AMBER SQM VERSION 19
 
                                     By
              Ross C. Walker, Michael F. Crowley, Scott Brozell,
                         Tim Giese, Andreas W. Goetz,
                        Tai-Sung Lee and David A. Case
 
            --------------------------------------------------------
 

--------------------------------------------------------------------------------
  QM CALCULATION INFO
--------------------------------------------------------------------------------

| QMMM: Citation for AMBER QMMM Run:
| QMMM: R.C. Walker, M.F. Crowley and D.A. Case, J. COMP. CHEM. 29:1019, 2008

QMMM: SINGLET STATE CALCULATION
QMMM: RHF CALCULATION, NO. OF DOUBLY OCCUPIED LEVELS = 19

| QMMM: *** Selected Hamiltonian *** 
| QMMM: AM1         

| QMMM: *** Parameter sets in use ***
| QMMM: C : M.J.S.DEWAR et al. JACS, 107, 3902, (1985)
| QMMM: O : M.J.S.DEWAR et al. JACS, 107, 3902, (1985)
| QMMM: S : M.J.S.DEWAR et al. INORG. CHEM., 29, 3881, (1990)
| QMMM: H : M.J.S.DEWAR et al. JACS, 107, 3902, (1985)

| QMMM: *** SCF convergence criteria ***
| QMMM: Energy change                :  0.1D-09 kcal/mol
| QMMM: Error matrix |FP-PF|         :  0.1D+00 au
| QMMM: Density matrix change        :  0.5D-06
| QMMM: Maximum number of SCF cycles :     1000

| QMMM: *** Diagonalization Routine Information ***
| QMMM: Pseudo diagonalizations are allowed.
| QMMM: Auto diagonalization routine selection is in use.
| QMMM:
| QMMM: Timing diagonalization routines:
| QMMM:                              norbs =       30
| QMMM:    diag iterations used for timing =       20
| QMMM:
| QMMM:              Internal diag routine = 0.001627 seconds
| QMMM:                 Dspev diag routine = 0.012673 seconds
| QMMM:                Dspevd diag routine = 0.001999 seconds
| QMMM:                Dspevx diag routine = 0.024105 seconds
| QMMM:                 Dsyev diag routine = 0.002257 seconds
| QMMM:                Dsyevd diag routine = 0.003741 seconds
| QMMM:                Dsyevr diag routine = 0.002502 seconds
| QMMM:
| QMMM:                Pseudo diag routine = 0.000345 seconds
| QMMM:
| QMMM: Using internal diagonalization routine (diag_routine=1).

  QMMM: QM Region Cartesian Coordinates (*=link atom) 
  QMMM: QM_NO.   MM_NO.  ATOM         X         Y         Z
  QMMM:     1        1      C        0.8890   -0.5210    0.3640
  QMMM:     2        2      C        4.3140    1.3850    0.5950
  QMMM:     3        3      O        3.9560   -1.1140   -0.0960
  QMMM:     4        4      O        3.4010   -0.4040    2.2730
  QMMM:     5        5      O        1.9820    0.3850    0.3490
  QMMM:     6        6      S        3.4450   -0.1410    0.8490
  QMMM:     7        7      H        1.2600   -1.5380    0.5130
  QMMM:     8        8      H        0.3460   -0.4540   -0.5820
  QMMM:     9        9      H        0.2200   -0.2560    1.1860
  QMMM:    10       10      H        4.9250    1.5850    1.4760
  QMMM:    11       11      H        4.9430    1.2800   -0.2910
  QMMM:    12       12      H        3.5800    2.1790    0.4510

--------------------------------------------------------------------------------
  RESULTS
--------------------------------------------------------------------------------

      iter         sqm energy              rms gradient
      ----    -------------------    -----------------------
xmin    10     -122.2360 kcal/mol        0.1386 kcal/(mol*A)
xmin    20     -122.3237 kcal/mol        0.2762 kcal/(mol*A)
xmin    30     -122.4009 kcal/mol        0.4127 kcal/(mol*A)
xmin    40     -122.5088 kcal/mol        0.6499 kcal/(mol*A)
xmin    50     -122.6205 kcal/mol        0.4059 kcal/(mol*A)
xmin    60     -122.6773 kcal/mol        0.3610 kcal/(mol*A)
xmin    70     -122.6965 kcal/mol        0.0770 kcal/(mol*A)
xmin    80     -122.7053 kcal/mol        0.1137 kcal/(mol*A)
xmin    90     -122.7127 kcal/mol        0.0666 kcal/(mol*A)
xmin   100     -122.7134 kcal/mol        0.0315 kcal/(mol*A)
xmin   110     -122.7138 kcal/mol        0.0131 kcal/(mol*A)
xmin   120     -122.7141 kcal/mol        0.0171 kcal/(mol*A)
xmin   130     -122.7142 kcal/mol        0.0302 kcal/(mol*A)
xmin   140     -122.7144 kcal/mol        0.0057 kcal/(mol*A)
xmin   150     -122.7145 kcal/mol        0.0064 kcal/(mol*A)
xmin   160     -122.7145 kcal/mol        0.0047 kcal/(mol*A)
xmin   170     -122.7145 kcal/mol        0.0018 kcal/(mol*A)
xmin   180     -122.7145 kcal/mol        0.0080 kcal/(mol*A)
xmin   190     -122.7146 kcal/mol        0.0024 kcal/(mol*A)
xmin   200     -122.7146 kcal/mol        0.0022 kcal/(mol*A)
xmin   210     -122.7146 kcal/mol        0.0028 kcal/(mol*A)
xmin   220     -122.7146 kcal/mol        0.0008 kcal/(mol*A)
xmin   230     -122.7146 kcal/mol        0.0033 kcal/(mol*A)
xmin   240     -122.7146 kcal/mol        0.0007 kcal/(mol*A)
  ... geometry converged !
 
 Final MO eigenvalues (eV):
 -38.8817  -38.5572  -37.9549  -31.7003  -27.7340  -21.0543  -19.3389  -18.0202
 -17.6100  -15.9485  -15.8672  -14.9237  -14.5242  -14.3267  -13.4188  -13.3130
 -12.9038  -12.0313  -11.9412   -0.7265    1.4950    2.5634    2.6252    2.9762
   3.6598    3.7852    4.0424    4.0686    4.2305    4.9651

 Heat of formation   =       -122.71456781 kcal/mol  (       -5.32130297 eV)

 Total SCF energy    =     -34461.57683189 kcal/mol  (    -1494.36610866 eV)
 Electronic energy   =    -119488.03634947 kcal/mol  (    -5181.39006762 eV)
 Core-core repulsion =      85026.45951758 kcal/mol  (     3687.02395896 eV)
 
    Atomic Charges for Step       1 :
  Atom    Element       Mulliken Charge
     1      C                 -0.032
     2      C                 -0.971
     3      O                 -0.944
     4      O                 -0.944
     5      O                 -0.709
     6      S                  2.821
     7      H                  0.077
     8      H                  0.105
     9      H                  0.077
    10      H                  0.169
    11      H                  0.169
    12      H                  0.181
 Total Mulliken Charge =      -0.000
 
                  X        Y        Z     TOTAL  
  QM DIPOLE     0.054    2.174   -0.885    2.348
 
 Final Structure

  QMMM: QM Region Cartesian Coordinates (*=link atom) 
  QMMM: QM_NO.   MM_NO.  ATOM         X         Y         Z
  QMMM:     1        1      C        0.9089   -0.5446    0.3476
  QMMM:     2        2      C        4.3062    1.3150    0.5821
  QMMM:     3        3      O        3.8940   -1.1509    0.1386
  QMMM:     4        4      O        3.2645   -0.2681    2.2719
  QMMM:     5        5      O        1.9831    0.3596    0.2918
  QMMM:     6        6      S        3.4706   -0.0926    0.9179
  QMMM:     7        7      H        1.1609   -1.4714   -0.2283
  QMMM:     8        8      H        0.0432   -0.0166   -0.1269
  QMMM:     9        9      H        0.6747   -0.7923    1.4144
  QMMM:    10       10      H        4.7077    1.8115    1.5023
  QMMM:    11       11      H        5.1794    1.1493   -0.0995
  QMMM:    12       12      H        3.6678    2.0872    0.0749

           --------- Calculation Completed ----------

