            --------------------------------------------------------
                             AMBER SQM VERSION 19
 
                                     By
              Ross C. Walker, Michael F. Crowley, Scott Brozell,
                         Tim Giese, Andreas W. Goetz,
                        Tai-Sung Lee and David A. Case
 
            --------------------------------------------------------
 

--------------------------------------------------------------------------------
  QM CALCULATION INFO
--------------------------------------------------------------------------------

| QMMM: Citation for AMBER QMMM Run:
| QMMM: R.C. Walker, M.F. Crowley and D.A. Case, J. COMP. CHEM. 29:1019, 2008

QMMM: SINGLET STATE CALCULATION
QMMM: RHF CALCULATION, NO. OF DOUBLY OCCUPIED LEVELS = 56

| QMMM: *** Selected Hamiltonian *** 
| QMMM: AM1         

| QMMM: *** Parameter sets in use ***
| QMMM: C : M.J.S.DEWAR et al. JACS, 107, 3902, (1985)
| QMMM: O : M.J.S.DEWAR et al. JACS, 107, 3902, (1985)
| QMMM: P : M.J.S.DEWAR et al. THEOCHEM, 187,1, (1989)
| QMMM: Cl: M.J.S.DEWAR et al. THEOCHEM, 180, 1, (1988)
| QMMM: H : M.J.S.DEWAR et al. JACS, 107, 3902, (1985)

| QMMM: *** SCF convergence criteria ***
| QMMM: Energy change                :  0.1D-09 kcal/mol
| QMMM: Error matrix |FP-PF|         :  0.1D+00 au
| QMMM: Density matrix change        :  0.5D-06
| QMMM: Maximum number of SCF cycles :     1000

| QMMM: *** Diagonalization Routine Information ***
| QMMM: Pseudo diagonalizations are allowed.
| QMMM: Auto diagonalization routine selection is in use.
| QMMM:
| QMMM: Timing diagonalization routines:
| QMMM:                              norbs =       94
| QMMM:    diag iterations used for timing =       15
| QMMM:
| QMMM:              Internal diag routine = 0.037600 seconds
| QMMM:                 Dspev diag routine = 0.052832 seconds
| QMMM:                Dspevd diag routine = 0.020338 seconds
| QMMM:                Dspevx diag routine = 0.085001 seconds
| QMMM:                 Dsyev diag routine = 0.027830 seconds
| QMMM:                Dsyevd diag routine = 0.035316 seconds
| QMMM:                Dsyevr diag routine = 0.020427 seconds
| QMMM:
| QMMM:                Pseudo diag routine = 0.008495 seconds
| QMMM:
| QMMM: Using dspevd routine (diag_routine=3).

  QMMM: QM Region Cartesian Coordinates (*=link atom) 
  QMMM: QM_NO.   MM_NO.  ATOM         X         Y         Z
  QMMM:     1        1      C       -0.1060    0.1260    2.3360
  QMMM:     2        2      C       -1.2750    0.1240    3.1000
  QMMM:     3        3      C       -2.5460   -0.5620    1.1590
  QMMM:     4        4      C       -0.1430   -0.2110    0.9730
  QMMM:     5        5      C       -2.4880   -0.2180    2.5070
  QMMM:     6        6      C       -1.3760   -0.5600    0.3940
  QMMM:     7        7      C        1.7190    0.9210   -0.2060
  QMMM:     8        8      C        1.1130   -0.2030    0.2050
  QMMM:     9        9      C        3.0870   -5.6900   -0.2170
  QMMM:    10       10      C        2.4920   -1.2840   -4.8570
  QMMM:    11       11      C        3.4570   -4.2260   -0.0960
  QMMM:    12       12      C        3.2010   -1.6040   -3.5580
  QMMM:    13       13      O        4.1320   -1.3210   -0.6500
  QMMM:    14       14      O        1.5810   -1.4750   -0.0520
  QMMM:    15       15      O        2.7350   -3.4950   -1.0730
  QMMM:    16       16      O        2.2830   -1.4440   -2.4910
  QMMM:    17       17      P        2.7960   -1.8850   -1.0260
  QMMM:    18       18      Cl      -3.9270   -0.2210    3.4510
  QMMM:    19       19      Cl      -1.5070   -1.0010   -1.2750
  QMMM:    20       20      Cl       1.1440    2.5160    0.0650
  QMMM:    21       21      H        0.8370    0.3940    2.8110
  QMMM:    22       22      H       -1.2310    0.3910    4.1530
  QMMM:    23       23      H       -3.4960   -0.8290    0.7050
  QMMM:    24       24      H        2.6430    0.9430   -0.7680
  QMMM:    25       25      H        2.0110   -5.8290   -0.0660
  QMMM:    26       26      H        3.3190   -6.0650   -1.2190
  QMMM:    27       27      H        3.6270   -6.2910    0.5200
  QMMM:    28       28      H        1.6320   -1.9470   -5.0000
  QMMM:    29       29      H        2.1050   -0.2600   -4.8440
  QMMM:    30       30      H        3.1680   -1.3950   -5.7090
  QMMM:    31       31      H        4.5300   -4.0970   -0.2670
  QMMM:    32       32      H        3.2100   -3.8610    0.9060
  QMMM:    33       33      H        4.0460   -0.9240   -3.4120
  QMMM:    34       34      H        3.5720   -2.6340   -3.5750

--------------------------------------------------------------------------------
  RESULTS
--------------------------------------------------------------------------------

      iter         sqm energy              rms gradient
      ----    -------------------    -----------------------
xmin    10     -227.1035 kcal/mol        1.3533 kcal/(mol*A)
xmin    20     -227.4905 kcal/mol        0.7023 kcal/(mol*A)
xmin    30     -227.6415 kcal/mol        0.2944 kcal/(mol*A)
xmin    40     -227.6652 kcal/mol        0.1085 kcal/(mol*A)
xmin    50     -227.7054 kcal/mol        0.1165 kcal/(mol*A)
xmin    60     -227.7183 kcal/mol        0.1835 kcal/(mol*A)
xmin    70     -227.7345 kcal/mol        0.0689 kcal/(mol*A)
xmin    80     -227.7435 kcal/mol        0.1999 kcal/(mol*A)
xmin    90     -227.7615 kcal/mol        0.0697 kcal/(mol*A)
xmin   100     -227.8058 kcal/mol        0.1152 kcal/(mol*A)
xmin   110     -227.8967 kcal/mol        0.4651 kcal/(mol*A)
xmin   120     -228.0894 kcal/mol        0.4094 kcal/(mol*A)
xmin   130     -228.7044 kcal/mol        0.3410 kcal/(mol*A)
xmin   140     -230.3105 kcal/mol        2.5495 kcal/(mol*A)
xmin   150     -231.5102 kcal/mol        0.4918 kcal/(mol*A)
xmin   160     -231.7676 kcal/mol        0.2830 kcal/(mol*A)
xmin   170     -231.9112 kcal/mol        0.1694 kcal/(mol*A)
xmin   180     -231.3017 kcal/mol        4.8773 kcal/(mol*A)
xmin   190     -232.0143 kcal/mol        0.0390 kcal/(mol*A)
xmin   200     -232.0366 kcal/mol        0.1818 kcal/(mol*A)
xmin   210     -232.0420 kcal/mol        0.0485 kcal/(mol*A)
xmin   220     -232.0424 kcal/mol        0.0854 kcal/(mol*A)
xmin   230     -232.0537 kcal/mol        0.1473 kcal/(mol*A)
xmin   240     -232.0728 kcal/mol        0.1462 kcal/(mol*A)
xmin   250     -232.0767 kcal/mol        0.0260 kcal/(mol*A)
xmin   260     -232.0783 kcal/mol        0.0813 kcal/(mol*A)
xmin   270     -232.0798 kcal/mol        0.0644 kcal/(mol*A)
xmin   280     -232.0800 kcal/mol        0.0262 kcal/(mol*A)
xmin   290     -232.0805 kcal/mol        0.0192 kcal/(mol*A)
xmin   300     -232.0823 kcal/mol        0.0115 kcal/(mol*A)
xmin   310     -232.0826 kcal/mol        0.0083 kcal/(mol*A)
xmin   320     -232.0827 kcal/mol        0.0037 kcal/(mol*A)
xmin   330     -232.0827 kcal/mol        0.0079 kcal/(mol*A)
xmin   340     -232.0828 kcal/mol        0.0037 kcal/(mol*A)
xmin   350     -232.0828 kcal/mol        0.0041 kcal/(mol*A)
  ... geometry converged !
 
 Final MO eigenvalues (eV):
 -40.6453  -39.3124  -38.9112  -38.7552  -38.0718  -37.9908  -37.3845  -34.7351
 -33.3705  -32.2201  -31.9545  -31.8765  -30.2935  -24.8848  -24.2016  -24.0660
 -23.9685  -22.5259  -20.4633  -19.1078  -18.8533  -18.4619  -17.7694  -17.1625
 -16.9794  -16.9556  -16.7023  -16.1641  -16.0225  -15.9020  -15.1030  -14.9816
 -14.8455  -14.6326  -14.0115  -13.7770  -13.6834  -13.5425  -13.4744  -13.3817
 -13.2717  -13.0858  -12.9695  -12.7253  -12.6338  -12.1691  -12.0769  -12.0138
 -11.9550  -11.8556  -11.7029  -11.6598  -11.5476  -10.1997   -9.9417   -9.5383
  -0.4976   -0.1084    0.0410    0.6152    0.9013    1.3003    1.3732    2.1479
   2.6395    2.8466    3.1792    3.4191    3.5008    3.5269    3.5958    3.6474
   3.6602    3.8130    3.8967    4.0105    4.0300    4.1177    4.3133    4.4021
   4.4165    4.4547    4.5436    4.5825    4.6099    4.7125    4.7909    4.8006
   4.8771    4.9943    5.2709    5.3813    5.6765    6.8169

 Heat of formation   =       -232.08277057 kcal/mol  (      -10.06386412 eV)

 Total SCF energy    =     -98303.67115665 kcal/mol  (    -4262.76705939 eV)
 Electronic energy   =    -600548.22879963 kcal/mol  (   -26041.72537182 eV)
 Core-core repulsion =     502244.55764298 kcal/mol  (    21778.95831243 eV)
 
    Atomic Charges for Step       1 :
  Atom    Element       Mulliken Charge
     1      C                 -0.071
     2      C                 -0.132
     3      C                 -0.129
     4      C                 -0.067
     5      C                 -0.040
     6      C                 -0.025
     7      C                 -0.157
     8      C                  0.093
     9      C                 -0.214
    10      C                 -0.214
    11      C                  0.007
    12      C                  0.008
    13      O                 -1.078
    14      O                 -0.677
    15      O                 -0.716
    16      O                 -0.714
    17      P                  2.579
    18      Cl                -0.003
    19      Cl                 0.007
    20      Cl                 0.014
    21      H                  0.156
    22      H                  0.154
    23      H                  0.164
    24      H                  0.172
    25      H                  0.092
    26      H                  0.090
    27      H                  0.085
    28      H                  0.093
    29      H                  0.092
    30      H                  0.085
    31      H                  0.093
    32      H                  0.080
    33      H                  0.098
    34      H                  0.076
 Total Mulliken Charge =       0.000
 
                  X        Y        Z     TOTAL  
  QM DIPOLE    -0.570   -2.169    0.367    2.272
 
 Final Structure

  QMMM: QM Region Cartesian Coordinates (*=link atom) 
  QMMM: QM_NO.   MM_NO.  ATOM         X         Y         Z
  QMMM:     1        1      C       -0.4806   -0.9163    1.5796
  QMMM:     2        2      C       -1.8671   -0.8022    1.6021
  QMMM:     3        3      C       -1.7453    0.9073   -0.1199
  QMMM:     4        4      C        0.2930   -0.1199    0.7238
  QMMM:     5        5      C       -2.4947    0.1155    0.7531
  QMMM:     6        6      C       -0.3517    0.7823   -0.1365
  QMMM:     7        7      C        2.6147    0.6629    1.2492
  QMMM:     8        8      C        1.7573   -0.2649    0.7686
  QMMM:     9        9      C        4.4758   -5.2303    0.1461
  QMMM:    10       10      C        0.3335   -2.0935   -3.9790
  QMMM:    11       11      C        4.2190   -3.7467    0.0600
  QMMM:    12       12      C        1.6452   -2.1937   -3.2422
  QMMM:    13       13      O        3.8306   -1.2289   -1.5140
  QMMM:    14       14      O        2.2270   -1.5315    0.5005
  QMMM:    15       15      O        3.0267   -3.5340   -0.6798
  QMMM:    16       16      O        1.3943   -2.0585   -1.8506
  QMMM:    17       17      P        2.7207   -1.9951   -0.9705
  QMMM:    18       18      Cl      -4.1859    0.2676    0.7770
  QMMM:    19       19      Cl       0.5297    1.7360   -1.2309
  QMMM:    20       20      Cl       2.1442    2.1869    1.7818
  QMMM:    21       21      H        0.0262   -1.6417    2.2363
  QMMM:    22       22      H       -2.4622   -1.4306    2.2821
  QMMM:    23       23      H       -2.2446    1.6224   -0.7929
  QMMM:    24       24      H        3.6989    0.4917    1.3130
  QMMM:    25       25      H        3.6160   -5.7448    0.6380
  QMMM:    26       26      H        4.6047   -5.6624   -0.8749
  QMMM:    27       27      H        5.4026   -5.4102    0.7411
  QMMM:    28       28      H       -0.3706   -2.8851   -3.6276
  QMMM:    29       29      H       -0.1391   -1.0988   -3.7971
  QMMM:    30       30      H        0.5152   -2.2202   -5.0729
  QMMM:    31       31      H        5.0554   -3.2113   -0.4702
  QMMM:    32       32      H        4.0683   -3.2954    1.0787
  QMMM:    33       33      H        2.3580   -1.3780   -3.5483
  QMMM:    34       34      H        2.1301   -3.1957   -3.3994

           --------- Calculation Completed ----------

