            --------------------------------------------------------
                             AMBER SQM VERSION 19
 
                                     By
              Ross C. Walker, Michael F. Crowley, Scott Brozell,
                         Tim Giese, Andreas W. Goetz,
                        Tai-Sung Lee and David A. Case
 
            --------------------------------------------------------
 

--------------------------------------------------------------------------------
  QM CALCULATION INFO
--------------------------------------------------------------------------------

| QMMM: Citation for AMBER QMMM Run:
| QMMM: R.C. Walker, M.F. Crowley and D.A. Case, J. COMP. CHEM. 29:1019, 2008

QMMM: SINGLET STATE CALCULATION
QMMM: RHF CALCULATION, NO. OF DOUBLY OCCUPIED LEVELS = 32

| QMMM: *** Selected Hamiltonian *** 
| QMMM: AM1         

| QMMM: *** Parameter sets in use ***
| QMMM: C : M.J.S.DEWAR et al. JACS, 107, 3902, (1985)
| QMMM: N : M.J.S.DEWAR et al. JACS, 107, 3902, (1985)
| QMMM: O : M.J.S.DEWAR et al. JACS, 107, 3902, (1985)
| QMMM: H : M.J.S.DEWAR et al. JACS, 107, 3902, (1985)

| QMMM: *** SCF convergence criteria ***
| QMMM: Energy change                :  0.1D-09 kcal/mol
| QMMM: Error matrix |FP-PF|         :  0.1D+00 au
| QMMM: Density matrix change        :  0.5D-06
| QMMM: Maximum number of SCF cycles :     1000

| QMMM: *** Diagonalization Routine Information ***
| QMMM: Pseudo diagonalizations are allowed.
| QMMM: Auto diagonalization routine selection is in use.
| QMMM:
| QMMM: Timing diagonalization routines:
| QMMM:                              norbs =       50
| QMMM:    diag iterations used for timing =       20
| QMMM:
| QMMM:              Internal diag routine = 0.005564 seconds
| QMMM:                 Dspev diag routine = 0.012582 seconds
| QMMM:                Dspevd diag routine = 0.005481 seconds
| QMMM:                Dspevx diag routine = 0.035389 seconds
| QMMM:                 Dsyev diag routine = 0.006925 seconds
| QMMM:                Dsyevd diag routine = 0.005563 seconds
| QMMM:                Dsyevr diag routine = 0.006769 seconds
| QMMM:
| QMMM:                Pseudo diag routine = 0.001623 seconds
| QMMM:
| QMMM: Using dspevd routine (diag_routine=3).

  QMMM: QM Region Cartesian Coordinates (*=link atom) 
  QMMM: QM_NO.   MM_NO.  ATOM         X         Y         Z
  QMMM:     1        1      C       -0.4100    0.8710    0.5830
  QMMM:     2        2      C       -0.8980    1.6180    2.9260
  QMMM:     3        3      C       -0.1800    0.5710    2.0620
  QMMM:     4        4      N       -1.1460    2.3140    5.1730
  QMMM:     5        5      N        0.1120   -1.7990    2.1710
  QMMM:     6        6      O       -0.8320    2.1280    6.3460
  QMMM:     7        7      O       -1.8900    3.1600    4.6750
  QMMM:     8        8      O       -0.4000   -2.8720    2.4860
  QMMM:     9        9      O        1.2250   -1.5620    1.7020
  QMMM:    10       10      O       -0.5270    1.3980    4.2880
  QMMM:    11       11      O       -0.7550   -0.7000    2.3850
  QMMM:    12       12      H       -1.4780    0.8310    0.3380
  QMMM:    13       13      H       -0.0270    1.8610    0.3160
  QMMM:    14       14      H        0.0840    0.1300   -0.0530
  QMMM:    15       15      H       -0.5880    2.6240    2.6160
  QMMM:    16       16      H       -1.9840    1.5020    2.8180
  QMMM:    17       17      H        0.8870    0.6130    2.3140

--------------------------------------------------------------------------------
  RESULTS
--------------------------------------------------------------------------------

      iter         sqm energy              rms gradient
      ----    -------------------    -----------------------
xmin    10      -57.2983 kcal/mol        0.3850 kcal/(mol*A)
xmin    20      -57.5957 kcal/mol        1.0773 kcal/(mol*A)
xmin    30      -57.6754 kcal/mol        0.1091 kcal/(mol*A)
xmin    40      -57.7336 kcal/mol        0.0768 kcal/(mol*A)
xmin    50      -57.7432 kcal/mol        0.4435 kcal/(mol*A)
xmin    60      -57.7514 kcal/mol        0.0455 kcal/(mol*A)
xmin    70      -57.7581 kcal/mol        0.1260 kcal/(mol*A)
xmin    80      -57.7591 kcal/mol        0.0365 kcal/(mol*A)
xmin    90      -57.7602 kcal/mol        0.0636 kcal/(mol*A)
xmin   100      -57.7604 kcal/mol        0.0277 kcal/(mol*A)
xmin   110      -57.7605 kcal/mol        0.0406 kcal/(mol*A)
xmin   120      -57.7605 kcal/mol        0.0079 kcal/(mol*A)
xmin   130      -57.7606 kcal/mol        0.0047 kcal/(mol*A)
xmin   140      -57.7606 kcal/mol        0.0056 kcal/(mol*A)
xmin   150      -57.7607 kcal/mol        0.0084 kcal/(mol*A)
xmin   160      -57.7607 kcal/mol        0.0023 kcal/(mol*A)
xmin   170      -57.7607 kcal/mol        0.0019 kcal/(mol*A)
  ... geometry converged !
 
 Final MO eigenvalues (eV):
 -44.5660  -44.4737  -40.3845  -39.4522  -39.1807  -38.6689  -34.6499  -29.5708
 -27.4705  -26.0735  -23.7180  -22.3257  -21.6904  -20.8020  -20.3512  -20.2933
 -20.0710  -17.4442  -16.9969  -16.4755  -15.5812  -15.2018  -14.1460  -13.6999
 -13.5712  -13.4144  -13.3286  -13.0643  -12.9997  -12.8534  -12.7624  -12.7428
  -0.5201   -0.4719   -0.4150   -0.1922    1.9972    2.1430    2.3800    2.6289
   2.7820    3.1220    3.2193    3.5265    3.6604    3.9541    4.9485    5.0407
   6.7063    6.7543

 Heat of formation   =        -57.76067897 kcal/mol  (       -2.50469099 eV)

 Total SCF energy    =     -64474.54988052 kcal/mol  (    -2795.82628162 eV)
 Electronic energy   =    -271577.70494445 kcal/mol  (   -11776.49299443 eV)
 Core-core repulsion =     207103.15506393 kcal/mol  (     8980.66671280 eV)
 
    Atomic Charges for Step       1 :
  Atom    Element       Mulliken Charge
     1      C                 -0.246
     2      C                 -0.024
     3      C                  0.034
     4      N                  0.662
     5      N                  0.663
     6      O                 -0.284
     7      O                 -0.358
     8      O                 -0.288
     9      O                 -0.361
    10      O                 -0.265
    11      O                 -0.266
    12      H                  0.100
    13      H                  0.103
    14      H                  0.113
    15      H                  0.124
    16      H                  0.143
    17      H                  0.151
 Total Mulliken Charge =      -0.000
 
                  X        Y        Z     TOTAL  
  QM DIPOLE    -0.012    2.481   -3.554    4.334
 
 Final Structure

  QMMM: QM Region Cartesian Coordinates (*=link atom) 
  QMMM: QM_NO.   MM_NO.  ATOM         X         Y         Z
  QMMM:     1        1      C       -0.2238    0.9109    0.5844
  QMMM:     2        2      C       -1.0230    1.6154    2.8583
  QMMM:     3        3      C       -0.1639    0.6290    2.0682
  QMMM:     4        4      N       -1.0296    2.2877    5.1742
  QMMM:     5        5      N       -0.0989   -1.7948    2.1739
  QMMM:     6        6      O       -0.4256    2.2713    6.1949
  QMMM:     7        7      O       -2.0956    2.7639    4.9353
  QMMM:     8        8      O       -0.7168   -2.7719    2.4434
  QMMM:     9        9      O        1.0214   -1.7023    1.7768
  QMMM:    10       10      O       -0.3824    1.6812    4.1610
  QMMM:    11       11      O       -0.7967   -0.6595    2.3485
  QMMM:    12       12      H       -1.2768    0.8719    0.2152
  QMMM:    13       13      H        0.1999    1.9228    0.3768
  QMMM:    14       14      H        0.3796    0.1487    0.0323
  QMMM:    15       15      H       -0.9897    2.6342    2.3942
  QMMM:    16       16      H       -2.0816    1.2595    2.9618
  QMMM:    17       17      H        0.8967    0.6201    2.4470

           --------- Calculation Completed ----------

