            --------------------------------------------------------
                             AMBER SQM VERSION 19
 
                                     By
              Ross C. Walker, Michael F. Crowley, Scott Brozell,
                         Tim Giese, Andreas W. Goetz,
                        Tai-Sung Lee and David A. Case
 
            --------------------------------------------------------
 

--------------------------------------------------------------------------------
  QM CALCULATION INFO
--------------------------------------------------------------------------------

| QMMM: Citation for AMBER QMMM Run:
| QMMM: R.C. Walker, M.F. Crowley and D.A. Case, J. COMP. CHEM. 29:1019, 2008

QMMM: SINGLET STATE CALCULATION
QMMM: RHF CALCULATION, NO. OF DOUBLY OCCUPIED LEVELS = 18

| QMMM: *** Selected Hamiltonian *** 
| QMMM: AM1         

| QMMM: *** Parameter sets in use ***
| QMMM: C : M.J.S.DEWAR et al. JACS, 107, 3902, (1985)
| QMMM: O : M.J.S.DEWAR et al. JACS, 107, 3902, (1985)
| QMMM: H : M.J.S.DEWAR et al. JACS, 107, 3902, (1985)

| QMMM: *** SCF convergence criteria ***
| QMMM: Energy change                :  0.1D-09 kcal/mol
| QMMM: Error matrix |FP-PF|         :  0.1D+00 au
| QMMM: Density matrix change        :  0.5D-06
| QMMM: Maximum number of SCF cycles :     1000

| QMMM: *** Diagonalization Routine Information ***
| QMMM: Pseudo diagonalizations are allowed.
| QMMM: Auto diagonalization routine selection is in use.
| QMMM:
| QMMM: Timing diagonalization routines:
| QMMM:                              norbs =       34
| QMMM:    diag iterations used for timing =       20
| QMMM:
| QMMM:              Internal diag routine = 0.002091 seconds
| QMMM:                 Dspev diag routine = 0.014909 seconds
| QMMM:                Dspevd diag routine = 0.002467 seconds
| QMMM:                Dspevx diag routine = 0.011924 seconds
| QMMM:                 Dsyev diag routine = 0.003200 seconds
| QMMM:                Dsyevd diag routine = 0.002759 seconds
| QMMM:                Dsyevr diag routine = 0.003527 seconds
| QMMM:
| QMMM:                Pseudo diag routine = 0.000667 seconds
| QMMM:
| QMMM: Using internal diagonalization routine (diag_routine=1).

  QMMM: QM Region Cartesian Coordinates (*=link atom) 
  QMMM: QM_NO.   MM_NO.  ATOM         X         Y         Z
  QMMM:     1        1      C       -0.0460    2.1350   -0.1210
  QMMM:     2        2      C        0.1910    0.8580    0.6460
  QMMM:     3        3      C        1.7490    3.8110    0.3320
  QMMM:     4        4      C       -0.6400    4.5640    0.1510
  QMMM:     5        5      C        0.2940    3.4410    0.5920
  QMMM:     6        6      O       -0.4680    2.1060   -1.2770
  QMMM:     7        7      H        1.2620    0.7110    0.8030
  QMMM:     8        8      H       -0.2030    0.0110    0.0770
  QMMM:     9        9      H       -0.3300    0.9020    1.6050
  QMMM:    10       10      H        1.9430    3.9300   -0.7400
  QMMM:    11       11      H        2.0090    4.7500    0.8320
  QMMM:    12       12      H        2.4270    3.0360    0.7040
  QMMM:    13       13      H       -1.6870    4.2870    0.3140
  QMMM:    14       14      H       -0.5200    4.7910   -0.9140
  QMMM:    15       15      H       -0.4400    5.4800    0.7170
  QMMM:    16       16      H        0.1430    3.2810    1.6670

--------------------------------------------------------------------------------
  RESULTS
--------------------------------------------------------------------------------

      iter         sqm energy              rms gradient
      ----    -------------------    -----------------------
xmin    10      -59.4156 kcal/mol        0.1751 kcal/(mol*A)
xmin    20      -59.4649 kcal/mol        0.2704 kcal/(mol*A)
xmin    30      -59.4870 kcal/mol        0.1687 kcal/(mol*A)
xmin    40      -59.4986 kcal/mol        0.1920 kcal/(mol*A)
xmin    50      -59.5060 kcal/mol        0.0713 kcal/(mol*A)
xmin    60      -59.5117 kcal/mol        0.2214 kcal/(mol*A)
xmin    70      -59.5171 kcal/mol        0.0899 kcal/(mol*A)
xmin    80      -59.5199 kcal/mol        0.0607 kcal/(mol*A)
xmin    90      -59.5212 kcal/mol        0.0276 kcal/(mol*A)
xmin   100      -59.5219 kcal/mol        0.0518 kcal/(mol*A)
xmin   110      -59.5224 kcal/mol        0.0142 kcal/(mol*A)
xmin   120      -59.5227 kcal/mol        0.0164 kcal/(mol*A)
xmin   130      -59.5230 kcal/mol        0.0184 kcal/(mol*A)
xmin   140      -59.5232 kcal/mol        0.0170 kcal/(mol*A)
xmin   150      -59.5233 kcal/mol        0.0135 kcal/(mol*A)
xmin   160      -59.5233 kcal/mol        0.0077 kcal/(mol*A)
xmin   170      -59.5233 kcal/mol        0.0077 kcal/(mol*A)
xmin   180      -59.5234 kcal/mol        0.0058 kcal/(mol*A)
xmin   190      -59.5234 kcal/mol        0.0068 kcal/(mol*A)
xmin   200      -59.5235 kcal/mol        0.0047 kcal/(mol*A)
xmin   210      -59.5235 kcal/mol        0.0045 kcal/(mol*A)
xmin   220      -59.5235 kcal/mol        0.0027 kcal/(mol*A)
xmin   230      -59.5235 kcal/mol        0.0064 kcal/(mol*A)
xmin   240      -59.5235 kcal/mol        0.0030 kcal/(mol*A)
xmin   250      -59.5236 kcal/mol        0.0010 kcal/(mol*A)
xmin   260      -59.5236 kcal/mol        0.0013 kcal/(mol*A)
xmin   270      -59.5236 kcal/mol        0.0024 kcal/(mol*A)
  ... geometry converged !
 
 Final MO eigenvalues (eV):
 -39.8175  -35.3321  -30.9075  -27.9576  -23.8017  -19.9595  -16.8752  -16.1520
 -15.7697  -14.8081  -13.8886  -13.7096  -13.1770  -12.8979  -12.7540  -12.2020
 -11.8624  -10.4087    0.9130    3.0345    3.5866    3.8711    3.9191    4.0302
   4.1515    4.3239    4.4168    4.5515    4.6542    4.7026    4.8865    4.9057
   5.0373    6.5395

 Heat of formation   =        -59.52356062 kcal/mol  (       -2.58113528 eV)

 Total SCF energy    =     -25342.91874898 kcal/mol  (    -1098.95142227 eV)
 Electronic energy   =    -100676.76749971 kcal/mol  (    -4365.67223883 eV)
 Core-core repulsion =      75333.84875073 kcal/mol  (     3266.72081656 eV)
 
    Atomic Charges for Step       1 :
  Atom    Element       Mulliken Charge
     1      C                  0.228
     2      C                 -0.271
     3      C                 -0.204
     4      C                 -0.206
     5      C                 -0.155
     6      O                 -0.290
     7      H                  0.099
     8      H                  0.106
     9      H                  0.103
    10      H                  0.089
    11      H                  0.082
    12      H                  0.073
    13      H                  0.077
    14      H                  0.096
    15      H                  0.076
    16      H                  0.097
 Total Mulliken Charge =      -0.000
 
                  X        Y        Z     TOTAL  
  QM DIPOLE     0.969    0.125    2.519    2.702
 
 Final Structure

  QMMM: QM Region Cartesian Coordinates (*=link atom) 
  QMMM: QM_NO.   MM_NO.  ATOM         X         Y         Z
  QMMM:     1        1      C       -0.0333    2.1442   -0.1425
  QMMM:     2        2      C        0.1618    0.8916    0.6505
  QMMM:     3        3      C        1.7486    3.8037    0.2810
  QMMM:     4        4      C       -0.6317    4.5433    0.1864
  QMMM:     5        5      C        0.3113    3.4276    0.5824
  QMMM:     6        6      O       -0.4399    2.1277   -1.3080
  QMMM:     7        7      H        1.1863    0.8810    1.0959
  QMMM:     8        8      H        0.0326   -0.0118    0.0067
  QMMM:     9        9      H       -0.5884    0.8547    1.4782
  QMMM:    10       10      H        1.8821    3.9850   -0.8129
  QMMM:    11       11      H        2.0215    4.7353    0.8324
  QMMM:    12       12      H        2.4410    2.9863    0.5961
  QMMM:    13       13      H       -1.6766    4.2950    0.4906
  QMMM:    14       14      H       -0.6129    4.6896   -0.9212
  QMMM:    15       15      H       -0.3300    5.4965    0.6826
  QMMM:    16       16      H        0.2116    3.2444    1.6898

           --------- Calculation Completed ----------

