            --------------------------------------------------------
                             AMBER SQM VERSION 19
 
                                     By
              Ross C. Walker, Michael F. Crowley, Scott Brozell,
                         Tim Giese, Andreas W. Goetz,
                        Tai-Sung Lee and David A. Case
 
            --------------------------------------------------------
 

--------------------------------------------------------------------------------
  QM CALCULATION INFO
--------------------------------------------------------------------------------

| QMMM: Citation for AMBER QMMM Run:
| QMMM: R.C. Walker, M.F. Crowley and D.A. Case, J. COMP. CHEM. 29:1019, 2008

QMMM: SINGLET STATE CALCULATION
QMMM: RHF CALCULATION, NO. OF DOUBLY OCCUPIED LEVELS = 28

| QMMM: *** Selected Hamiltonian *** 
| QMMM: AM1         

| QMMM: *** Parameter sets in use ***
| QMMM: C : M.J.S.DEWAR et al. JACS, 107, 3902, (1985)
| QMMM: H : M.J.S.DEWAR et al. JACS, 107, 3902, (1985)

| QMMM: *** SCF convergence criteria ***
| QMMM: Energy change                :  0.1D-09 kcal/mol
| QMMM: Error matrix |FP-PF|         :  0.1D+00 au
| QMMM: Density matrix change        :  0.5D-06
| QMMM: Maximum number of SCF cycles :     1000

| QMMM: *** Diagonalization Routine Information ***
| QMMM: Pseudo diagonalizations are allowed.
| QMMM: Auto diagonalization routine selection is in use.
| QMMM:
| QMMM: Timing diagonalization routines:
| QMMM:                              norbs =       56
| QMMM:    diag iterations used for timing =       15
| QMMM:
| QMMM:              Internal diag routine = 0.005697 seconds
| QMMM:                 Dspev diag routine = 0.070893 seconds
| QMMM:                Dspevd diag routine = 0.008224 seconds
| QMMM:                Dspevx diag routine = 0.021991 seconds
| QMMM:                 Dsyev diag routine = 0.004532 seconds
| QMMM:                Dsyevd diag routine = 0.003078 seconds
| QMMM:                Dsyevr diag routine = 0.004993 seconds
| QMMM:
| QMMM:                Pseudo diag routine = 0.001252 seconds
| QMMM:
| QMMM: Using dsyevd routine (diag_routine=6).

  QMMM: QM Region Cartesian Coordinates (*=link atom) 
  QMMM: QM_NO.   MM_NO.  ATOM         X         Y         Z
  QMMM:     1        1      C        0.5780   -1.9170   -1.3100
  QMMM:     2        2      C        6.5710   -5.1290    6.1890
  QMMM:     3        3      C        0.8600   -1.8770    0.1840
  QMMM:     4        4      C        5.3770   -4.2630    5.8230
  QMMM:     5        5      C        2.0370   -2.7580    0.6080
  QMMM:     6        6      C        5.0790   -4.3250    4.3250
  QMMM:     7        7      C        2.3340   -2.6940    2.1080
  QMMM:     8        8      C        3.8560   -3.4790    3.9660
  QMMM:     9        9      C        3.5370   -3.5670    2.4730
  QMMM:    10       10      H        0.4340   -2.9460   -1.6550
  QMMM:    11       11      H       -0.3330   -1.3540   -1.5350
  QMMM:    12       12      H        1.3940   -1.4690   -1.8840
  QMMM:    13       13      H        6.7680   -5.0680    7.2640
  QMMM:    14       14      H        7.4720   -4.8000    5.6610
  QMMM:    15       15      H        6.3880   -6.1780    5.9360
  QMMM:    16       16      H        1.0380   -0.8410    0.4940
  QMMM:    17       17      H       -0.0370   -2.2170    0.7170
  QMMM:    18       18      H        5.5800   -3.2280    6.1200
  QMMM:    19       19      H        4.5010   -4.5980    6.3910
  QMMM:    20       20      H        1.8050   -3.7950    0.3330
  QMMM:    21       21      H        2.9320   -2.4730    0.0420
  QMMM:    22       22      H        5.9500   -3.9690    3.7620
  QMMM:    23       23      H        4.9050   -5.3660    4.0270
  QMMM:    24       24      H        1.4540   -3.0280    2.6720
  QMMM:    25       25      H        2.5380   -1.6600    2.4060
  QMMM:    26       26      H        4.0390   -2.4330    4.2420
  QMMM:    27       27      H        2.9900   -3.8200    4.5470
  QMMM:    28       28      H        3.3300   -4.6100    2.2030
  QMMM:    29       29      H        4.4100   -3.2490    1.8910

--------------------------------------------------------------------------------
  RESULTS
--------------------------------------------------------------------------------

      iter         sqm energy              rms gradient
      ----    -------------------    -----------------------
xmin    10      -65.5251 kcal/mol        0.1039 kcal/(mol*A)
xmin    20      -65.5272 kcal/mol        0.0074 kcal/(mol*A)
xmin    30      -65.5273 kcal/mol        0.0008 kcal/(mol*A)
  ... geometry converged !
 
 Final MO eigenvalues (eV):
 -37.7991  -36.1505  -33.5931  -30.3957  -26.9375  -23.7418  -21.8221  -21.4718
 -21.2208  -16.9187  -16.1100  -15.1915  -14.9732  -14.9342  -14.0794  -13.9363
 -13.7466  -12.8944  -12.6537  -12.5542  -12.0567  -11.8420  -11.8332  -11.6337
 -11.3495  -11.1760  -11.1241  -11.0641    3.6041    3.6883    3.8308    4.0100
   4.0439    4.2350    4.3011    4.3051    4.4727    4.5537    4.5737    4.6509
   4.7409    4.8128    4.8146    4.8336    4.9996    5.0342    5.0646    5.0915
   5.1268    5.2262    5.2520    5.2628    5.2942    5.3453    5.3757    5.4077


 Heat of formation   =        -65.52734978 kcal/mol  (       -2.84147911 eV)

 Total SCF energy    =     -32977.03463962 kcal/mol  (    -1429.99152854 eV)
 Electronic energy   =    -176789.93709843 kcal/mol  (    -7666.18694326 eV)
 Core-core repulsion =     143812.90245881 kcal/mol  (     6236.19541472 eV)
 
    Atomic Charges for Step       1 :
  Atom    Element       Mulliken Charge
     1      C                 -0.210
     2      C                 -0.210
     3      C                 -0.159
     4      C                 -0.159
     5      C                 -0.158
     6      C                 -0.158
     7      C                 -0.158
     8      C                 -0.158
     9      C                 -0.157
    10      H                  0.072
    11      H                  0.072
    12      H                  0.072
    13      H                  0.072
    14      H                  0.072
    15      H                  0.072
    16      H                  0.078
    17      H                  0.078
    18      H                  0.078
    19      H                  0.078
    20      H                  0.079
    21      H                  0.079
    22      H                  0.079
    23      H                  0.079
    24      H                  0.079
    25      H                  0.079
    26      H                  0.079
    27      H                  0.079
    28      H                  0.079
    29      H                  0.079
 Total Mulliken Charge =       0.000
 
                  X        Y        Z     TOTAL  
  QM DIPOLE     0.004   -0.004   -0.004    0.007
 
 Final Structure

  QMMM: QM Region Cartesian Coordinates (*=link atom) 
  QMMM: QM_NO.   MM_NO.  ATOM         X         Y         Z
  QMMM:     1        1      C        0.5860   -1.9614   -1.2350
  QMMM:     2        2      C        6.5287   -5.1096    6.1570
  QMMM:     3        3      C        0.8771   -1.9011    0.2422
  QMMM:     4        4      C        5.3388   -4.2616    5.7893
  QMMM:     5        5      C        2.0745   -2.7524    0.6079
  QMMM:     6        6      C        5.0468   -4.3273    4.3052
  QMMM:     7        7      C        2.3638   -2.6880    2.0921
  QMMM:     8        8      C        3.8506   -3.4746    3.9406
  QMMM:     9        9      C        3.5605   -3.5402    2.4565
  QMMM:    10       10      H        0.3690   -3.0102   -1.5518
  QMMM:    11       11      H       -0.2995   -1.3278   -1.4826
  QMMM:    12       12      H        1.4598   -1.5921   -1.8246
  QMMM:    13       13      H        6.7264   -5.0468    7.2543
  QMMM:    14       14      H        7.4417   -4.7648    5.6139
  QMMM:    15       15      H        6.3477   -6.1794    5.8920
  QMMM:    16       16      H        1.0682   -0.8378    0.5456
  QMMM:    17       17      H       -0.0201   -2.2518    0.8177
  QMMM:    18       18      H        5.5292   -3.1962    6.0856
  QMMM:    19       19      H        4.4381   -4.6070    6.3627
  QMMM:    20       20      H        1.8843   -3.8164    0.3072
  QMMM:    21       21      H        2.9729   -2.4027    0.0339
  QMMM:    22       22      H        5.9456   -3.9804    3.7303
  QMMM:    23       23      H        4.8550   -5.3917    4.0073
  QMMM:    24       24      H        1.4650   -3.0370    2.6659
  QMMM:    25       25      H        2.5544   -1.6239    2.3924
  QMMM:    26       26      H        4.0423   -2.4103    4.2396
  QMMM:    27       27      H        2.9518   -3.8221    4.5152
  QMMM:    28       28      H        3.3694   -4.6045    2.1574
  QMMM:    29       29      H        4.4590   -3.1920    1.8819

           --------- Calculation Completed ----------

