            --------------------------------------------------------
                             AMBER SQM VERSION 19
 
                                     By
              Ross C. Walker, Michael F. Crowley, Scott Brozell,
                         Tim Giese, Andreas W. Goetz,
                        Tai-Sung Lee and David A. Case
 
            --------------------------------------------------------
 

--------------------------------------------------------------------------------
  QM CALCULATION INFO
--------------------------------------------------------------------------------

| QMMM: Citation for AMBER QMMM Run:
| QMMM: R.C. Walker, M.F. Crowley and D.A. Case, J. COMP. CHEM. 29:1019, 2008

QMMM: SINGLET STATE CALCULATION
QMMM: RHF CALCULATION, NO. OF DOUBLY OCCUPIED LEVELS = 27

| QMMM: *** Selected Hamiltonian *** 
| QMMM: AM1         

| QMMM: *** Parameter sets in use ***
| QMMM: C : M.J.S.DEWAR et al. JACS, 107, 3902, (1985)
| QMMM: O : M.J.S.DEWAR et al. JACS, 107, 3902, (1985)
| QMMM: H : M.J.S.DEWAR et al. JACS, 107, 3902, (1985)

| QMMM: *** SCF convergence criteria ***
| QMMM: Energy change                :  0.1D-09 kcal/mol
| QMMM: Error matrix |FP-PF|         :  0.1D+00 au
| QMMM: Density matrix change        :  0.5D-06
| QMMM: Maximum number of SCF cycles :     1000

| QMMM: *** Diagonalization Routine Information ***
| QMMM: Pseudo diagonalizations are allowed.
| QMMM: Auto diagonalization routine selection is in use.
| QMMM:
| QMMM: Timing diagonalization routines:
| QMMM:                              norbs =       48
| QMMM:    diag iterations used for timing =       20
| QMMM:
| QMMM:              Internal diag routine = 0.015050 seconds
| QMMM:                 Dspev diag routine = 0.012778 seconds
| QMMM:                Dspevd diag routine = 0.017559 seconds
| QMMM:                Dspevx diag routine = 0.044929 seconds
| QMMM:                 Dsyev diag routine = 0.010032 seconds
| QMMM:                Dsyevd diag routine = 0.005585 seconds
| QMMM:                Dsyevr diag routine = 0.007321 seconds
| QMMM:
| QMMM:                Pseudo diag routine = 0.000986 seconds
| QMMM:
| QMMM: Using dsyevd routine (diag_routine=6).

  QMMM: QM Region Cartesian Coordinates (*=link atom) 
  QMMM: QM_NO.   MM_NO.  ATOM         X         Y         Z
  QMMM:     1        1      C       -4.4000   -1.9110    0.3530
  QMMM:     2        2      C       -3.6510   -2.5190   -0.7940
  QMMM:     3        3      C       -6.0370    3.6230   -1.8480
  QMMM:     4        4      C       -6.9450    2.6350   -1.1480
  QMMM:     5        5      C       -6.0490   -0.3010    0.8790
  QMMM:     6        6      C       -6.9520    0.7120    0.2020
  QMMM:     7        7      O       -4.2410   -2.2320    1.5230
  QMMM:     8        8      O       -5.2640   -0.9660   -0.1170
  QMMM:     9        9      O       -6.1480    1.6700   -0.4750
  QMMM:    10       10      H       -4.1970   -3.3850   -1.1750
  QMMM:    11       11      H       -2.6480   -2.8070   -0.4710
  QMMM:    12       12      H       -3.5600   -1.7830   -1.5980
  QMMM:    13       13      H       -5.3960    4.1410   -1.1290
  QMMM:    14       14      H       -5.4050    3.1140   -2.5830
  QMMM:    15       15      H       -6.6250    4.3670   -2.3960
  QMMM:    16       16      H       -7.5840    2.1210   -1.8730
  QMMM:    17       17      H       -7.5750    3.1450   -0.4140
  QMMM:    18       18      H       -6.6330   -1.0570    1.4120
  QMMM:    19       19      H       -5.3680    0.1970    1.5750
  QMMM:    20       20      H       -7.5690    1.2410    0.9350
  QMMM:    21       21      H       -7.5940    0.2200   -0.5340

--------------------------------------------------------------------------------
  RESULTS
--------------------------------------------------------------------------------

      iter         sqm energy              rms gradient
      ----    -------------------    -----------------------
xmin    10     -147.7138 kcal/mol        0.8879 kcal/(mol*A)
xmin    20     -147.9345 kcal/mol        0.1014 kcal/(mol*A)
xmin    30     -148.0839 kcal/mol        0.0892 kcal/(mol*A)
xmin    40     -148.1267 kcal/mol        0.0658 kcal/(mol*A)
xmin    50     -148.1809 kcal/mol        0.5237 kcal/(mol*A)
xmin    60     -148.2019 kcal/mol        0.1938 kcal/(mol*A)
xmin    70     -148.2101 kcal/mol        0.0249 kcal/(mol*A)
xmin    80     -148.2203 kcal/mol        0.0759 kcal/(mol*A)
xmin    90     -148.2234 kcal/mol        0.0230 kcal/(mol*A)
xmin   100     -148.2254 kcal/mol        0.0631 kcal/(mol*A)
xmin   110     -148.2279 kcal/mol        0.0641 kcal/(mol*A)
xmin   120     -148.2288 kcal/mol        0.0438 kcal/(mol*A)
xmin   130     -148.2302 kcal/mol        0.0218 kcal/(mol*A)
xmin   140     -148.2326 kcal/mol        0.0081 kcal/(mol*A)
xmin   150     -148.2357 kcal/mol        0.0110 kcal/(mol*A)
xmin   160     -148.2384 kcal/mol        0.0282 kcal/(mol*A)
xmin   170     -148.2394 kcal/mol        0.0140 kcal/(mol*A)
xmin   180     -148.2424 kcal/mol        0.0390 kcal/(mol*A)
xmin   190     -148.2449 kcal/mol        0.0346 kcal/(mol*A)
xmin   200     -148.2463 kcal/mol        0.0116 kcal/(mol*A)
xmin   210     -148.2482 kcal/mol        0.0233 kcal/(mol*A)
xmin   220     -148.2507 kcal/mol        0.0440 kcal/(mol*A)
xmin   230     -148.2539 kcal/mol        0.0197 kcal/(mol*A)
xmin   240     -148.2551 kcal/mol        0.0366 kcal/(mol*A)
xmin   250     -148.2563 kcal/mol        0.0140 kcal/(mol*A)
xmin   260     -148.2580 kcal/mol        0.0390 kcal/(mol*A)
xmin   270     -148.2595 kcal/mol        0.0136 kcal/(mol*A)
xmin   280     -148.2606 kcal/mol        0.0111 kcal/(mol*A)
xmin   290     -148.2611 kcal/mol        0.0082 kcal/(mol*A)
xmin   300     -148.2619 kcal/mol        0.0148 kcal/(mol*A)
xmin   310     -148.2623 kcal/mol        0.0472 kcal/(mol*A)
xmin   320     -148.2627 kcal/mol        0.0222 kcal/(mol*A)
xmin   330     -148.2634 kcal/mol        0.0242 kcal/(mol*A)
xmin   340     -148.2640 kcal/mol        0.0234 kcal/(mol*A)
xmin   350     -148.2645 kcal/mol        0.0482 kcal/(mol*A)
xmin   360     -148.2648 kcal/mol        0.0083 kcal/(mol*A)
xmin   370     -148.2652 kcal/mol        0.0037 kcal/(mol*A)
xmin   380     -148.2656 kcal/mol        0.0222 kcal/(mol*A)
xmin   390     -148.2657 kcal/mol        0.0112 kcal/(mol*A)
xmin   400     -148.2659 kcal/mol        0.0106 kcal/(mol*A)
xmin   410     -148.2660 kcal/mol        0.0056 kcal/(mol*A)
xmin   420     -148.2662 kcal/mol        0.0062 kcal/(mol*A)
xmin   430     -148.2662 kcal/mol        0.0066 kcal/(mol*A)
xmin   440     -148.2663 kcal/mol        0.0312 kcal/(mol*A)
xmin   450     -148.2663 kcal/mol        0.0016 kcal/(mol*A)
xmin   460     -148.2663 kcal/mol        0.0024 kcal/(mol*A)
xmin   470     -148.2664 kcal/mol        0.0021 kcal/(mol*A)
xmin   480     -148.2664 kcal/mol        0.0012 kcal/(mol*A)
xmin   490     -148.2664 kcal/mol        0.0016 kcal/(mol*A)
xmin   500     -148.2664 kcal/mol        0.0014 kcal/(mol*A)
xmin   510     -148.2664 kcal/mol        0.0018 kcal/(mol*A)
xmin   520     -148.2664 kcal/mol        0.0021 kcal/(mol*A)
xmin   530     -148.2665 kcal/mol        0.0008 kcal/(mol*A)
  ... geometry converged !
 
 Final MO eigenvalues (eV):
 -40.7769  -39.0140  -36.8696  -32.8598  -31.5031  -29.5252  -23.6722  -23.4623
 -21.9373  -18.5085  -18.0053  -17.0034  -16.8669  -16.7482  -15.2023  -14.6426
 -14.4072  -13.7667  -13.6641  -13.3554  -12.8920  -12.6120  -12.2535  -12.1122
 -11.3777  -11.3588  -10.5717    1.1635    2.0120    2.8234    3.5451    3.8382
   3.9161    3.9320    3.9651    4.0042    4.1120    4.1770    4.2768    4.3063
   4.4386    4.5821    4.7165    4.8365    5.0032    5.5442    6.1346    6.8162


 Heat of formation   =       -148.26645408 kcal/mol  (       -6.42931590 eV)

 Total SCF energy    =     -43716.77473540 kcal/mol  (    -1895.70160598 eV)
 Electronic energy   =    -188334.78146080 kcal/mol  (    -8166.80896148 eV)
 Core-core repulsion =     144618.00672539 kcal/mol  (     6271.10735551 eV)
 
    Atomic Charges for Step       1 :
  Atom    Element       Mulliken Charge
     1      C                  0.305
     2      C                 -0.218
     3      C                 -0.215
     4      C                 -0.019
     5      C                 -0.014
     6      C                 -0.026
     7      O                 -0.355
     8      O                 -0.282
     9      O                 -0.281
    10      H                  0.115
    11      H                  0.117
    12      H                  0.113
    13      H                  0.088
    14      H                  0.089
    15      H                  0.079
    16      H                  0.066
    17      H                  0.063
    18      H                  0.094
    19      H                  0.120
    20      H                  0.075
    21      H                  0.089
 Total Mulliken Charge =       0.000
 
                  X        Y        Z     TOTAL  
  QM DIPOLE    -1.625   -0.161   -2.278    2.803
 
 Final Structure

  QMMM: QM Region Cartesian Coordinates (*=link atom) 
  QMMM: QM_NO.   MM_NO.  ATOM         X         Y         Z
  QMMM:     1        1      C       -4.3935   -1.9805    0.2915
  QMMM:     2        2      C       -3.8504   -2.8979   -0.7474
  QMMM:     3        3      C       -6.0427    3.9409   -1.4534
  QMMM:     4        4      C       -6.9039    2.7208   -1.2253
  QMMM:     5        5      C       -5.9436   -0.2227    0.7485
  QMMM:     6        6      C       -6.8863    0.6594   -0.0594
  QMMM:     7        7      O       -4.0637   -1.8753    1.4747
  QMMM:     8        8      O       -5.3910   -1.1712   -0.1787
  QMMM:     9        9      O       -6.1667    1.8494   -0.3684
  QMMM:    10       10      H       -3.8729   -3.9443   -0.3563
  QMMM:    11       11      H       -2.7915   -2.6104   -0.9613
  QMMM:    12       12      H       -4.4474   -2.8360   -1.6888
  QMMM:    13       13      H       -5.8205    4.4474   -0.4841
  QMMM:    14       14      H       -5.0746    3.6504   -1.9267
  QMMM:    15       15      H       -6.5803    4.6521   -2.1242
  QMMM:    16       16      H       -7.1250    2.1947   -2.1926
  QMMM:    17       17      H       -7.8746    2.9968   -0.7324
  QMMM:    18       18      H       -6.4995   -0.7858    1.5414
  QMMM:    19       19      H       -5.1152    0.3736    1.2125
  QMMM:    20       20      H       -7.7878    0.9190    0.5570
  QMMM:    21       21      H       -7.2097    0.1448   -1.0028

           --------- Calculation Completed ----------

