            --------------------------------------------------------
                             AMBER SQM VERSION 19
 
                                     By
              Ross C. Walker, Michael F. Crowley, Scott Brozell,
                         Tim Giese, Andreas W. Goetz,
                        Tai-Sung Lee and David A. Case
 
            --------------------------------------------------------
 

--------------------------------------------------------------------------------
  QM CALCULATION INFO
--------------------------------------------------------------------------------

| QMMM: Citation for AMBER QMMM Run:
| QMMM: R.C. Walker, M.F. Crowley and D.A. Case, J. COMP. CHEM. 29:1019, 2008

QMMM: SINGLET STATE CALCULATION
QMMM: RHF CALCULATION, NO. OF DOUBLY OCCUPIED LEVELS = 19

| QMMM: *** Selected Hamiltonian *** 
| QMMM: AM1         

| QMMM: *** Parameter sets in use ***
| QMMM: C : M.J.S.DEWAR et al. JACS, 107, 3902, (1985)
| QMMM: H : M.J.S.DEWAR et al. JACS, 107, 3902, (1985)

| QMMM: *** SCF convergence criteria ***
| QMMM: Energy change                :  0.1D-09 kcal/mol
| QMMM: Error matrix |FP-PF|         :  0.1D+00 au
| QMMM: Density matrix change        :  0.5D-06
| QMMM: Maximum number of SCF cycles :     1000

| QMMM: *** Diagonalization Routine Information ***
| QMMM: Pseudo diagonalizations are allowed.
| QMMM: Auto diagonalization routine selection is in use.
| QMMM:
| QMMM: Timing diagonalization routines:
| QMMM:                              norbs =       38
| QMMM:    diag iterations used for timing =       20
| QMMM:
| QMMM:              Internal diag routine = 0.002355 seconds
| QMMM:                 Dspev diag routine = 0.003579 seconds
| QMMM:                Dspevd diag routine = 0.010550 seconds
| QMMM:                Dspevx diag routine = 0.016273 seconds
| QMMM:                 Dsyev diag routine = 0.003612 seconds
| QMMM:                Dsyevd diag routine = 0.004442 seconds
| QMMM:                Dsyevr diag routine = 0.006445 seconds
| QMMM:
| QMMM:                Pseudo diag routine = 0.001567 seconds
| QMMM:
| QMMM: Using internal diagonalization routine (diag_routine=1).

  QMMM: QM Region Cartesian Coordinates (*=link atom) 
  QMMM: QM_NO.   MM_NO.  ATOM         X         Y         Z
  QMMM:     1        1      C        0.3900   -0.9760   -0.3680
  QMMM:     2        2      C       -1.2990   -4.9740   -3.1040
  QMMM:     3        3      C        0.5420   -3.9830   -0.8790
  QMMM:     4        4      C       -0.7740   -1.8070   -0.8890
  QMMM:     5        5      C       -1.6010   -3.7660   -2.2290
  QMMM:     6        6      C       -0.3420   -3.0440   -1.7050
  QMMM:     7        7      H        1.0670   -0.6940   -1.1810
  QMMM:     8        8      H        0.0160   -0.0560    0.0930
  QMMM:     9        9      H        0.9630   -1.5140    0.3920
  QMMM:    10       10      H       -2.2270   -5.3640   -3.5360
  QMMM:    11       11      H       -0.8400   -5.7840   -2.5300
  QMMM:    12       12      H       -0.6290   -4.7070   -3.9270
  QMMM:    13       13      H        0.0070   -4.3600   -0.0020
  QMMM:    14       14      H        1.4480   -3.4770   -0.5330
  QMMM:    15       15      H        0.8740   -4.8420   -1.4700
  QMMM:    16       16      H       -1.3930   -1.1580   -1.5220
  QMMM:    17       17      H       -1.4030   -2.1140   -0.0440
  QMMM:    18       18      H       -2.2320   -4.0790   -1.3880
  QMMM:    19       19      H       -2.1970   -3.0620   -2.8240
  QMMM:    20       20      H        0.2400   -2.6980   -2.5700

--------------------------------------------------------------------------------
  RESULTS
--------------------------------------------------------------------------------

      iter         sqm energy              rms gradient
      ----    -------------------    -----------------------
xmin    10      -41.2971 kcal/mol        0.4759 kcal/(mol*A)
xmin    20      -41.3534 kcal/mol        0.3820 kcal/(mol*A)
xmin    30      -41.3781 kcal/mol        0.0596 kcal/(mol*A)
xmin    40      -41.3795 kcal/mol        0.0179 kcal/(mol*A)
xmin    50      -41.3795 kcal/mol        0.0025 kcal/(mol*A)
xmin    60      -41.3795 kcal/mol        0.0016 kcal/(mol*A)
xmin    70      -41.3796 kcal/mol        0.0010 kcal/(mol*A)
  ... geometry converged !
 
 Final MO eigenvalues (eV):
 -37.8879  -32.7720  -29.4611  -25.8714  -22.5223  -20.4948  -16.0877  -15.7316
 -14.6708  -14.5529  -13.5792  -13.3272  -12.7725  -12.4264  -12.4244  -11.5565
 -11.2424  -11.2208  -11.2058    3.6942    3.8224    3.9664    4.1993    4.4561
   4.4578    4.5726    4.6767    4.7458    4.7559    4.9570    5.0087    5.0357
   5.0718    5.1981    5.2115    5.2613    5.4184    5.4623

 Heat of formation   =        -41.37955879 kcal/mol  (       -1.79435232 eV)

 Total SCF energy    =     -22192.32775405 kcal/mol  (     -962.33154477 eV)
 Electronic energy   =    -104033.49032585 kcal/mol  (    -4511.23066328 eV)
 Core-core repulsion =      81841.16257181 kcal/mol  (     3548.89911850 eV)
 
    Atomic Charges for Step       1 :
  Atom    Element       Mulliken Charge
     1      C                 -0.210
     2      C                 -0.210
     3      C                 -0.207
     4      C                 -0.156
     5      C                 -0.156
     6      C                 -0.105
     7      H                  0.072
     8      H                  0.071
     9      H                  0.073
    10      H                  0.071
    11      H                  0.073
    12      H                  0.072
    13      H                  0.072
    14      H                  0.073
    15      H                  0.073
    16      H                  0.077
    17      H                  0.079
    18      H                  0.079
    19      H                  0.077
    20      H                  0.086
 Total Mulliken Charge =      -0.000
 
                  X        Y        Z     TOTAL  
  QM DIPOLE     0.008   -0.006    0.004    0.011
 
 Final Structure

  QMMM: QM Region Cartesian Coordinates (*=link atom) 
  QMMM: QM_NO.   MM_NO.  ATOM         X         Y         Z
  QMMM:     1        1      C        0.4081   -0.9414   -0.5647
  QMMM:     2        2      C       -1.2307   -4.8450   -3.2082
  QMMM:     3        3      C        0.4173   -4.0498   -0.6904
  QMMM:     4        4      C       -0.7588   -1.8476   -0.8614
  QMMM:     5        5      C       -1.5773   -3.7988   -2.1805
  QMMM:     6        6      C       -0.3456   -3.1126   -1.6032
  QMMM:     7        7      H        0.9475   -0.6702   -1.5044
  QMMM:     8        8      H        0.0503   -0.0006   -0.0801
  QMMM:     9        9      H        1.1340   -1.4354    0.1254
  QMMM:    10       10      H       -2.1631   -5.2750   -3.6482
  QMMM:    11       11      H       -0.6443   -5.6779   -2.7504
  QMMM:    12       12      H       -0.6233   -4.4021   -4.0343
  QMMM:    13       13      H       -0.2189   -4.3642    0.1719
  QMMM:    14       14      H        1.3309   -3.5473   -0.2909
  QMMM:    15       15      H        0.7348   -4.9640   -1.2472
  QMMM:    16       16      H       -1.5058   -1.2848   -1.4829
  QMMM:    17       17      H       -1.2711   -2.1310    0.0954
  QMMM:    18       18      H       -2.1643   -4.2666   -1.3469
  QMMM:    19       19      H       -2.2381   -3.0266   -2.6580
  QMMM:    20       20      H        0.3282   -2.8180   -2.4571

           --------- Calculation Completed ----------

