            --------------------------------------------------------
                             AMBER SQM VERSION 19
 
                                     By
              Ross C. Walker, Michael F. Crowley, Scott Brozell,
                         Tim Giese, Andreas W. Goetz,
                        Tai-Sung Lee and David A. Case
 
            --------------------------------------------------------
 

--------------------------------------------------------------------------------
  QM CALCULATION INFO
--------------------------------------------------------------------------------

| QMMM: Citation for AMBER QMMM Run:
| QMMM: R.C. Walker, M.F. Crowley and D.A. Case, J. COMP. CHEM. 29:1019, 2008

QMMM: SINGLET STATE CALCULATION
QMMM: RHF CALCULATION, NO. OF DOUBLY OCCUPIED LEVELS = 13

| QMMM: *** Selected Hamiltonian *** 
| QMMM: AM1         

| QMMM: *** Parameter sets in use ***
| QMMM: H : M.J.S.DEWAR et al. JACS, 107, 3902, (1985)
| QMMM: C : M.J.S.DEWAR et al. JACS, 107, 3902, (1985)

| QMMM: *** SCF convergence criteria ***
| QMMM: Energy change                :  0.1D-09 kcal/mol
| QMMM: Error matrix |FP-PF|         :  0.1D+00 au
| QMMM: Density matrix change        :  0.5D-06
| QMMM: Maximum number of SCF cycles :     1000

| QMMM: *** Diagonalization Routine Information ***
| QMMM: Pseudo diagonalizations are allowed.
| QMMM: Auto diagonalization routine selection is in use.
| QMMM:
| QMMM: Timing diagonalization routines:
| QMMM:                              norbs =       26
| QMMM:    diag iterations used for timing =       20
| QMMM:
| QMMM:              Internal diag routine = 0.001200 seconds
| QMMM:                 Dspev diag routine = 0.001562 seconds
| QMMM:                Dspevd diag routine = 0.018601 seconds
| QMMM:                Dspevx diag routine = 0.005720 seconds
| QMMM:                 Dsyev diag routine = 0.007529 seconds
| QMMM:                Dsyevd diag routine = 0.001453 seconds
| QMMM:                Dsyevr diag routine = 0.005076 seconds
| QMMM:
| QMMM:                Pseudo diag routine = 0.000308 seconds
| QMMM:
| QMMM: Using internal diagonalization routine (diag_routine=1).

  QMMM: QM Region Cartesian Coordinates (*=link atom) 
  QMMM: QM_NO.   MM_NO.  ATOM         X         Y         Z
  QMMM:     1        1      H       -1.7780   -0.4710   -0.0910
  QMMM:     2        2      C       -1.9780    0.0030   -1.0330
  QMMM:     3        3      H       -1.0410    0.3740   -1.4610
  QMMM:     4        4      H       -2.5990    0.8750   -0.8330
  QMMM:     5        5      C       -2.6860   -0.9260   -1.9960
  QMMM:     6        6      H       -2.0270   -1.7840   -2.2110
  QMMM:     7        7      H       -2.8610   -0.4360   -2.9490
  QMMM:     8        8      C       -4.0040   -1.4420   -1.4240
  QMMM:     9        9      H       -3.8030   -1.9500   -0.4810
  QMMM:    10       10      C       -4.7040   -2.3870   -2.3750
  QMMM:    11       11      H       -4.0860   -3.2500   -2.5790
  QMMM:    12       12      H       -5.6570   -2.7670   -1.9630
  QMMM:    13       13      H       -4.9210   -1.9050   -3.3530
  QMMM:    14       14      H       -4.6720   -0.5830   -1.2210

--------------------------------------------------------------------------------
  RESULTS
--------------------------------------------------------------------------------

      iter         sqm energy              rms gradient
      ----    -------------------    -----------------------
xmin    10      -31.2040 kcal/mol        0.0049 kcal/(mol*A)
xmin    20      -31.2041 kcal/mol        0.0007 kcal/(mol*A)
  ... geometry converged !
 
 Final MO eigenvalues (eV):
 -36.2653  -30.7745  -24.3597  -21.5147  -16.1762  -14.7263  -14.5761  -13.9113
 -12.7086  -12.0845  -11.9839  -11.5210  -11.1718    3.8287    3.8931    4.3051
   4.3494    4.5164    4.7599    4.8577    4.8816    5.0958    5.1364    5.1946
   5.2658    5.3517

 Heat of formation   =        -31.20407373 kcal/mol  (       -1.35311017 eV)

 Total SCF energy    =     -15008.44620594 kcal/mol  (     -650.81506465 eV)
 Electronic energy   =     -56613.22350437 kcal/mol  (    -2454.93358937 eV)
 Core-core repulsion =      41604.77729843 kcal/mol  (     1804.11852471 eV)
 
    Atomic Charges for Step       1 :
  Atom    Element       Mulliken Charge
     1      H                  0.072
     2      C                 -0.210
     3      H                  0.071
     4      H                  0.072
     5      C                 -0.159
     6      H                  0.078
     7      H                  0.078
     8      C                 -0.159
     9      H                  0.078
    10      C                 -0.210
    11      H                  0.072
    12      H                  0.071
    13      H                  0.072
    14      H                  0.078
 Total Mulliken Charge =      -0.000
 
                  X        Y        Z     TOTAL  
  QM DIPOLE     0.000   -0.000    0.000    0.000
 
 Final Structure

  QMMM: QM Region Cartesian Coordinates (*=link atom) 
  QMMM: QM_NO.   MM_NO.  ATOM         X         Y         Z
  QMMM:     1        1      H       -1.7788   -0.5033   -0.0741
  QMMM:     2        2      C       -1.9980    0.0048   -1.0443
  QMMM:     3        3      H       -1.0342    0.3610   -1.4813
  QMMM:     4        4      H       -2.6406    0.8941   -0.8354
  QMMM:     5        5      C       -2.6880   -0.9387   -1.9951
  QMMM:     6        6      H       -2.0181   -1.8125   -2.2118
  QMMM:     7        7      H       -2.8773   -0.4188   -2.9713
  QMMM:     8        8      C       -4.0003   -1.4395   -1.4294
  QMMM:     9        9      H       -3.8110   -1.9591   -0.4529
  QMMM:    10       10      C       -4.6900   -2.3834   -2.3799
  QMMM:    11       11      H       -4.0474   -3.2729   -2.5881
  QMMM:    12       12      H       -5.6541   -2.7393   -1.9430
  QMMM:    13       13      H       -4.9088   -1.8757   -3.3504
  QMMM:    14       14      H       -4.6703   -0.5657   -1.2130

           --------- Calculation Completed ----------

