            --------------------------------------------------------
                             AMBER SQM VERSION 19
 
                                     By
              Ross C. Walker, Michael F. Crowley, Scott Brozell,
                         Tim Giese, Andreas W. Goetz,
                        Tai-Sung Lee and David A. Case
 
            --------------------------------------------------------
 

--------------------------------------------------------------------------------
  QM CALCULATION INFO
--------------------------------------------------------------------------------

| QMMM: Citation for AMBER QMMM Run:
| QMMM: R.C. Walker, M.F. Crowley and D.A. Case, J. COMP. CHEM. 29:1019, 2008

QMMM: SINGLET STATE CALCULATION
QMMM: RHF CALCULATION, NO. OF DOUBLY OCCUPIED LEVELS = 64

| QMMM: *** Selected Hamiltonian *** 
| QMMM: AM1         

| QMMM: *** Parameter sets in use ***
| QMMM: C : M.J.S.DEWAR et al. JACS, 107, 3902, (1985)
| QMMM: N : M.J.S.DEWAR et al. JACS, 107, 3902, (1985)
| QMMM: O : M.J.S.DEWAR et al. JACS, 107, 3902, (1985)
| QMMM: F : M.J.S.DEWAR et al. THEOCHEM, 180, 1, (1988)
| QMMM: H : M.J.S.DEWAR et al. JACS, 107, 3902, (1985)

| QMMM: *** SCF convergence criteria ***
| QMMM: Energy change                :  0.1D-09 kcal/mol
| QMMM: Error matrix |FP-PF|         :  0.1D+00 au
| QMMM: Density matrix change        :  0.5D-06
| QMMM: Maximum number of SCF cycles :     1000

| QMMM: *** Diagonalization Routine Information ***
| QMMM: Pseudo diagonalizations are allowed.
| QMMM: Auto diagonalization routine selection is in use.
| QMMM:
| QMMM: Timing diagonalization routines:
| QMMM:                              norbs =      108
| QMMM:    diag iterations used for timing =       10
| QMMM:
| QMMM:              Internal diag routine = 0.038967 seconds
| QMMM:                 Dspev diag routine = 0.042578 seconds
| QMMM:                Dspevd diag routine = 0.023190 seconds
| QMMM:                Dspevx diag routine = 0.073309 seconds
| QMMM:                 Dsyev diag routine = 0.021992 seconds
| QMMM:                Dsyevd diag routine = 0.036560 seconds
| QMMM:                Dsyevr diag routine = 0.031901 seconds
| QMMM:
| QMMM:                Pseudo diag routine = 0.013610 seconds
| QMMM:
| QMMM: Using dsyev routine (diag_routine=5).

  QMMM: QM Region Cartesian Coordinates (*=link atom) 
  QMMM: QM_NO.   MM_NO.  ATOM         X         Y         Z
  QMMM:     1        1      C       -0.7970    7.5170    2.7790
  QMMM:     2        2      C        1.2720    6.3400    2.4620
  QMMM:     3        3      C        0.5660    7.5480    2.4600
  QMMM:     4        4      C       -1.4310    6.2970    3.1000
  QMMM:     5        5      C        0.6080    5.1400    2.7840
  QMMM:     6        6      C       -0.7640    5.0570    3.1020
  QMMM:     7        7      C       -2.6260    2.5400   -1.3040
  QMMM:     8        8      C       -1.1450    2.1320    5.1770
  QMMM:     9        9      C       -3.0750    2.6520    0.1450
  QMMM:    10       10      C       -1.9660    3.2210    1.0310
  QMMM:    11       11      C       -1.5530    3.5550    4.8190
  QMMM:    12       12      C       -2.4250    3.3340    2.4880
  QMMM:    13       13      C        1.2480    8.8460    2.0920
  QMMM:    14       14      N       -1.3360    3.8040    3.3760
  QMMM:    15       15      N       -2.8300    6.3970    3.4580
  QMMM:    16       16      N        1.4150    3.9370    2.7720
  QMMM:    17       17      O       -3.1150    6.2970    4.6580
  QMMM:    18       18      O       -3.6250    6.6260    2.5380
  QMMM:    19       19      O        1.6030    3.4000    1.6720
  QMMM:    20       20      O        1.9230    3.5940    3.8480
  QMMM:    21       21      F        0.7180    9.9180    2.7400
  QMMM:    22       22      F        2.5760    8.8470    2.3820
  QMMM:    23       23      F        1.1470    9.1160    0.7640
  QMMM:    24       24      H       -1.3720    8.4460    2.7850
  QMMM:    25       25      H        2.3340    6.3250    2.2150
  QMMM:    26       26      H       -1.7590    1.8780   -1.3960
  QMMM:    27       27      H       -3.4330    2.1310   -1.9200
  QMMM:    28       28      H       -2.3540    3.5210   -1.7060
  QMMM:    29       29      H       -1.7570    1.3920    4.6520
  QMMM:    30       30      H       -0.0990    1.9440    4.9170
  QMMM:    31       31      H       -1.2660    1.9650    6.2520
  QMMM:    32       32      H       -3.9600    3.2950    0.1980
  QMMM:    33       33      H       -3.3700    1.6610    0.5070
  QMMM:    34       34      H       -1.0820    2.5750    0.9730
  QMMM:    35       35      H       -1.6700    4.2040    0.6470
  QMMM:    36       36      H       -0.9580    4.2420    5.4340
  QMMM:    37       37      H       -2.6060    3.7110    5.0810
  QMMM:    38       38      H       -2.7420    2.3370    2.8180
  QMMM:    39       39      H       -3.3100    3.9710    2.5680

--------------------------------------------------------------------------------
  RESULTS
--------------------------------------------------------------------------------

      iter         sqm energy              rms gradient
      ----    -------------------    -----------------------
xmin    10     -127.3544 kcal/mol        0.9966 kcal/(mol*A)
xmin    20     -127.8337 kcal/mol        0.2918 kcal/(mol*A)
xmin    30     -127.9709 kcal/mol        0.6298 kcal/(mol*A)
xmin    40     -128.0329 kcal/mol        0.1439 kcal/(mol*A)
xmin    50     -128.0749 kcal/mol        0.1714 kcal/(mol*A)
xmin    60     -128.0875 kcal/mol        0.0374 kcal/(mol*A)
xmin    70     -128.0950 kcal/mol        0.0965 kcal/(mol*A)
xmin    80     -128.1075 kcal/mol        0.0186 kcal/(mol*A)
xmin    90     -128.1085 kcal/mol        0.0224 kcal/(mol*A)
xmin   100     -128.1101 kcal/mol        0.0463 kcal/(mol*A)
xmin   110     -128.1156 kcal/mol        0.0754 kcal/(mol*A)
xmin   120     -128.1593 kcal/mol        0.4914 kcal/(mol*A)
xmin   130     -128.4161 kcal/mol        0.7000 kcal/(mol*A)
xmin   140     -128.5897 kcal/mol        0.3363 kcal/(mol*A)
xmin   150     -128.6660 kcal/mol        0.2196 kcal/(mol*A)
xmin   160     -128.6853 kcal/mol        0.0981 kcal/(mol*A)
xmin   170     -128.7247 kcal/mol        0.0879 kcal/(mol*A)
xmin   180     -128.7269 kcal/mol        0.0467 kcal/(mol*A)
xmin   190     -128.7280 kcal/mol        0.0786 kcal/(mol*A)
xmin   200     -128.7289 kcal/mol        0.0203 kcal/(mol*A)
xmin   210     -128.7032 kcal/mol        0.5029 kcal/(mol*A)
xmin   220     -128.7231 kcal/mol        0.0373 kcal/(mol*A)
xmin   230     -128.7289 kcal/mol        0.0174 kcal/(mol*A)
xmin   240     -128.7296 kcal/mol        0.0105 kcal/(mol*A)
xmin   250     -128.7298 kcal/mol        0.0086 kcal/(mol*A)
xmin   260     -128.7300 kcal/mol        0.0077 kcal/(mol*A)
xmin   270     -128.7300 kcal/mol        0.0026 kcal/(mol*A)
  ... geometry converged !
 
 Final MO eigenvalues (eV):
 -52.6006  -49.2874  -49.2024  -44.1858  -43.8762  -41.1230  -39.2280  -38.4062
 -38.2562  -36.1420  -33.9272  -33.8421  -31.8304  -29.8583  -28.1227  -27.9018
 -27.3023  -24.8961  -24.1438  -23.9286  -22.3913  -22.2026  -21.6424  -20.4483
 -20.1054  -20.0490  -19.9991  -19.6461  -19.3763  -19.0324  -18.7204  -18.6540
 -17.4706  -16.9325  -16.7471  -16.2343  -15.9469  -15.8938  -15.6619  -15.3341
 -15.1154  -15.0200  -14.9836  -14.7909  -14.7697  -14.4815  -14.0744  -13.8868
 -13.6396  -13.1259  -13.0246  -12.9395  -12.8318  -12.6125  -12.5187  -12.4996
 -12.3360  -12.3185  -12.2468  -11.9568  -11.7922  -11.6544  -11.4879  -10.0763
  -1.9319   -1.7603   -0.5955   -0.4706   -0.2736    0.1014    0.7343    0.7839
   1.1503    2.1170    2.2854    2.3437    2.4827    2.6817    2.8286    2.9638
   3.0274    3.1620    3.2997    3.3118    3.5399    3.5472    3.6558    3.6697
   3.7615    3.9112    3.9447    4.0255    4.1254    4.2770    4.3280    4.4530
   4.4954    4.5480    4.7255    4.7763    4.7948    4.8367    4.9073    4.9759
   5.2042    5.3469    6.4745    6.6982

 Heat of formation   =       -128.73001689 kcal/mol  (       -5.58215242 eV)

 Total SCF energy    =    -120770.34380682 kcal/mol  (    -5236.99509158 eV)
 Electronic energy   =    -780787.43694576 kcal/mol  (   -33857.48393156 eV)
 Core-core repulsion =     660017.09313894 kcal/mol  (    28620.48883999 eV)
 
    Atomic Charges for Step       1 :
  Atom    Element       Mulliken Charge
     1      C                  0.007
     2      C                  0.003
     3      C                 -0.190
     4      C                 -0.176
     5      C                 -0.140
     6      C                  0.206
     7      C                 -0.212
     8      C                 -0.217
     9      C                 -0.157
    10      C                 -0.172
    11      C                 -0.038
    12      C                 -0.059
    13      C                  0.476
    14      N                 -0.284
    15      N                  0.572
    16      N                  0.582
    17      O                 -0.342
    18      O                 -0.339
    19      O                 -0.340
    20      O                 -0.330
    21      F                 -0.155
    22      F                 -0.156
    23      F                 -0.152
    24      H                  0.192
    25      H                  0.188
    26      H                  0.076
    27      H                  0.079
    28      H                  0.076
    29      H                  0.075
    30      H                  0.101
    31      H                  0.088
    32      H                  0.085
    33      H                  0.083
    34      H                  0.099
    35      H                  0.078
    36      H                  0.105
    37      H                  0.092
    38      H                  0.112
    39      H                  0.085
 Total Mulliken Charge =      -0.000
 
                  X        Y        Z     TOTAL  
  QM DIPOLE    -0.789   -0.388   -0.004    0.879
 
 Final Structure

  QMMM: QM Region Cartesian Coordinates (*=link atom) 
  QMMM: QM_NO.   MM_NO.  ATOM         X         Y         Z
  QMMM:     1        1      C       -0.8177    7.3702    2.4188
  QMMM:     2        2      C        1.3549    6.3286    2.6258
  QMMM:     3        3      C        0.5673    7.4337    2.3050
  QMMM:     4        4      C       -1.4249    6.1838    2.8564
  QMMM:     5        5      C        0.7440    5.1438    3.0456
  QMMM:     6        6      C       -0.6753    5.0040    3.1319
  QMMM:     7        7      C       -2.9772    3.0179   -1.2127
  QMMM:     8        8      C       -1.1624    1.9607    5.1675
  QMMM:     9        9      C       -3.1398    2.7729    0.2654
  QMMM:    10       10      C       -2.0497    3.4645    1.0581
  QMMM:    11       11      C       -1.3785    3.4273    4.8339
  QMMM:    12       12      C       -2.2507    3.2024    2.5482
  QMMM:    13       13      C        1.2294    8.7188    1.8149
  QMMM:    14       14      N       -1.2112    3.7344    3.4136
  QMMM:    15       15      N       -2.9033    6.2193    3.0495
  QMMM:    16       16      N        1.6387    3.9882    3.3708
  QMMM:    17       17      O       -3.3923    5.6145    3.9635
  QMMM:    18       18      O       -3.5567    6.8890    2.2972
  QMMM:    19       19      O        2.4279    3.6393    2.5376
  QMMM:    20       20      O        1.5663    3.4809    4.4532
  QMMM:    21       21      F        0.5480    9.8629    2.1474
  QMMM:    22       22      F        2.4976    8.9175    2.3008
  QMMM:    23       23      F        1.3691    8.7856    0.4509
  QMMM:    24       24      H       -1.4340    8.2577    2.1736
  QMMM:    25       25      H        2.4564    6.3945    2.5366
  QMMM:    26       26      H       -1.9906    2.6357   -1.5706
  QMMM:    27       27      H       -3.7851    2.4963   -1.7806
  QMMM:    28       28      H       -3.0344    4.1097   -1.4409
  QMMM:    29       29      H       -1.9284    1.3085    4.6855
  QMMM:    30       30      H       -0.1458    1.6261    4.8460
  QMMM:    31       31      H       -1.2431    1.8426    6.2757
  QMMM:    32       32      H       -4.1437    3.1454    0.6013
  QMMM:    33       33      H       -3.1092    1.6699    0.4704
  QMMM:    34       34      H       -1.0473    3.0830    0.7297
  QMMM:    35       35      H       -2.0764    4.5655    0.8459
  QMMM:    36       36      H       -0.6227    4.0323    5.4135
  QMMM:    37       37      H       -2.4124    3.7416    5.1651
  QMMM:    38       38      H       -2.2263    2.0848    2.7158
  QMMM:    39       39      H       -3.2767    3.5594    2.8576

           --------- Calculation Completed ----------

