            --------------------------------------------------------
                             AMBER SQM VERSION 19
 
                                     By
              Ross C. Walker, Michael F. Crowley, Scott Brozell,
                         Tim Giese, Andreas W. Goetz,
                        Tai-Sung Lee and David A. Case
 
            --------------------------------------------------------
 

--------------------------------------------------------------------------------
  QM CALCULATION INFO
--------------------------------------------------------------------------------

| QMMM: Citation for AMBER QMMM Run:
| QMMM: R.C. Walker, M.F. Crowley and D.A. Case, J. COMP. CHEM. 29:1019, 2008

QMMM: SINGLET STATE CALCULATION
QMMM: RHF CALCULATION, NO. OF DOUBLY OCCUPIED LEVELS = 36

| QMMM: *** Selected Hamiltonian *** 
| QMMM: AM1         

| QMMM: *** Parameter sets in use ***
| QMMM: C : M.J.S.DEWAR et al. JACS, 107, 3902, (1985)
| QMMM: F : M.J.S.DEWAR et al. THEOCHEM, 180, 1, (1988)

| QMMM: *** SCF convergence criteria ***
| QMMM: Energy change                :  0.1D-09 kcal/mol
| QMMM: Error matrix |FP-PF|         :  0.1D+00 au
| QMMM: Density matrix change        :  0.5D-06
| QMMM: Maximum number of SCF cycles :     1000

| QMMM: *** Diagonalization Routine Information ***
| QMMM: Pseudo diagonalizations are allowed.
| QMMM: Auto diagonalization routine selection is in use.
| QMMM:
| QMMM: Timing diagonalization routines:
| QMMM:                              norbs =       48
| QMMM:    diag iterations used for timing =       20
| QMMM:
| QMMM:              Internal diag routine = 0.019840 seconds
| QMMM:                 Dspev diag routine = 0.023213 seconds
| QMMM:                Dspevd diag routine = 0.018097 seconds
| QMMM:                Dspevx diag routine = 0.033885 seconds
| QMMM:                 Dsyev diag routine = 0.005012 seconds
| QMMM:                Dsyevd diag routine = 0.004012 seconds
| QMMM:                Dsyevr diag routine = 0.005922 seconds
| QMMM:
| QMMM:                Pseudo diag routine = 0.000794 seconds
| QMMM:
| QMMM: Using dsyevd routine (diag_routine=6).

  QMMM: QM Region Cartesian Coordinates (*=link atom) 
  QMMM: QM_NO.   MM_NO.  ATOM         X         Y         Z
  QMMM:     1        1      C        0.7740   -0.6330   -0.4490
  QMMM:     2        2      C        0.7840   -2.0790    0.0880
  QMMM:     3        3      C        0.3770   -1.2250   -1.8170
  QMMM:     4        4      C       -0.2080   -2.4240   -1.0430
  QMMM:     5        5      F       -0.1420    0.1880    0.1150
  QMMM:     6        6      F        1.9580    0.0160   -0.4120
  QMMM:     7        7      F        1.9780   -2.7130    0.0250
  QMMM:     8        8      F        0.3200   -2.2420    1.3460
  QMMM:     9        9      F       -0.5100   -0.5010   -2.5350
  QMMM:    10       10      F        1.4070   -1.5160   -2.6440
  QMMM:    11       11      F       -1.5170   -2.3350   -0.7230
  QMMM:    12       12      F       -0.0270   -3.6330   -1.6240

--------------------------------------------------------------------------------
  RESULTS
--------------------------------------------------------------------------------

      iter         sqm energy              rms gradient
      ----    -------------------    -----------------------
xmin    10     -367.3049 kcal/mol        1.1824 kcal/(mol*A)
xmin    20     -367.4120 kcal/mol        0.0609 kcal/(mol*A)
xmin    30     -367.4121 kcal/mol        0.0020 kcal/(mol*A)
  ... geometry converged !
 
 Final MO eigenvalues (eV):
 -52.9572  -52.1030  -52.1030  -51.4527  -50.5662  -49.6916  -49.6916  -49.1301
 -35.7044  -27.2513  -27.2513  -23.5257  -21.3985  -21.2977  -20.9117  -19.6672
 -19.6672  -19.3704  -19.3704  -18.3539  -17.0390  -16.9727  -16.9727  -16.6580
 -16.2163  -16.0377  -16.0377  -15.9136  -15.4760  -15.4678  -15.4678  -15.4523
 -15.3101  -13.5170  -13.5170  -11.8370   -0.2277   -0.1345   -0.1345    0.6719
   1.4790    2.0946    2.5512    2.5512    2.5693    2.5693    3.1584    3.3662


 Heat of formation   =       -367.41211645 kcal/mol  (      -15.93218492 eV)

 Total SCF energy    =    -101323.44929469 kcal/mol  (    -4393.71446575 eV)
 Electronic energy   =    -378000.75776630 kcal/mol  (   -16391.34286312 eV)
 Core-core repulsion =     276677.30847161 kcal/mol  (    11997.62839736 eV)
 
    Atomic Charges for Step       1 :
  Atom    Element       Mulliken Charge
     1      C                  0.204
     2      C                  0.204
     3      C                  0.204
     4      C                  0.204
     5      F                 -0.102
     6      F                 -0.102
     7      F                 -0.102
     8      F                 -0.102
     9      F                 -0.102
    10      F                 -0.102
    11      F                 -0.102
    12      F                 -0.102
 Total Mulliken Charge =       0.000
 
                  X        Y        Z     TOTAL  
  QM DIPOLE    -0.000   -0.000   -0.000    0.000
 
 Final Structure

  QMMM: QM Region Cartesian Coordinates (*=link atom) 
  QMMM: QM_NO.   MM_NO.  ATOM         X         Y         Z
  QMMM:     1        1      C        0.9567   -0.6284   -0.4902
  QMMM:     2        2      C        0.6520   -2.0462    0.2170
  QMMM:     3        3      C        0.2137   -1.1366   -1.8292
  QMMM:     4        4      C       -0.0911   -2.5544   -1.1219
  QMMM:     5        5      F        0.3968    0.4522    0.1101
  QMMM:     6        6      F        2.2709   -0.3227   -0.6358
  QMMM:     7        7      F        1.7468   -2.7611    0.5804
  QMMM:     8        8      F       -0.1272   -1.9862    1.3264
  QMMM:     9        9      F       -0.8811   -0.4217   -2.1926
  QMMM:    10       10      F        0.9930   -1.1967   -2.9386
  QMMM:    11       11      F       -1.4053   -2.8601   -0.9763
  QMMM:    12       12      F        0.4688   -3.6350   -1.7223

           --------- Calculation Completed ----------

