            --------------------------------------------------------
                             AMBER SQM VERSION 19
 
                                     By
              Ross C. Walker, Michael F. Crowley, Scott Brozell,
                         Tim Giese, Andreas W. Goetz,
                        Tai-Sung Lee and David A. Case
 
            --------------------------------------------------------
 

--------------------------------------------------------------------------------
  QM CALCULATION INFO
--------------------------------------------------------------------------------

| QMMM: Citation for AMBER QMMM Run:
| QMMM: R.C. Walker, M.F. Crowley and D.A. Case, J. COMP. CHEM. 29:1019, 2008

QMMM: SINGLET STATE CALCULATION
QMMM: RHF CALCULATION, NO. OF DOUBLY OCCUPIED LEVELS = 21

| QMMM: *** Selected Hamiltonian *** 
| QMMM: AM1         

| QMMM: *** Parameter sets in use ***
| QMMM: C : M.J.S.DEWAR et al. JACS, 107, 3902, (1985)
| QMMM: O : M.J.S.DEWAR et al. JACS, 107, 3902, (1985)
| QMMM: H : M.J.S.DEWAR et al. JACS, 107, 3902, (1985)

| QMMM: *** SCF convergence criteria ***
| QMMM: Energy change                :  0.1D-09 kcal/mol
| QMMM: Error matrix |FP-PF|         :  0.1D+00 au
| QMMM: Density matrix change        :  0.5D-06
| QMMM: Maximum number of SCF cycles :     1000

| QMMM: *** Diagonalization Routine Information ***
| QMMM: Pseudo diagonalizations are allowed.
| QMMM: Auto diagonalization routine selection is in use.
| QMMM:
| QMMM: Timing diagonalization routines:
| QMMM:                              norbs =       38
| QMMM:    diag iterations used for timing =       20
| QMMM:
| QMMM:              Internal diag routine = 0.006760 seconds
| QMMM:                 Dspev diag routine = 0.007967 seconds
| QMMM:                Dspevd diag routine = 0.002989 seconds
| QMMM:                Dspevx diag routine = 0.022320 seconds
| QMMM:                 Dsyev diag routine = 0.005076 seconds
| QMMM:                Dsyevd diag routine = 0.003812 seconds
| QMMM:                Dsyevr diag routine = 0.005369 seconds
| QMMM:
| QMMM:                Pseudo diag routine = 0.000882 seconds
| QMMM:
| QMMM: Using dspevd routine (diag_routine=3).

  QMMM: QM Region Cartesian Coordinates (*=link atom) 
  QMMM: QM_NO.   MM_NO.  ATOM         X         Y         Z
  QMMM:     1        1      C       -2.8820   -1.5800   -0.6670
  QMMM:     2        2      C        0.0230   -1.0820   -0.1670
  QMMM:     3        3      C        0.3920   -0.8160   -2.6290
  QMMM:     4        4      C       -1.9630   -0.9780   -1.7030
  QMMM:     5        5      C       -0.5050   -1.4420   -1.5570
  QMMM:     6        6      O       -3.5150   -0.9660    0.1790
  QMMM:     7        7      O       -2.9440   -2.9270   -0.8230
  QMMM:     8        8      H       -0.5800   -1.5590    0.6130
  QMMM:     9        9      H        0.0000    0.0000   -0.0000
  QMMM:    10       10      H        1.0560   -1.4230   -0.0430
  QMMM:    11       11      H        0.3870    0.2780   -2.5620
  QMMM:    12       12      H        1.4260   -1.1550   -2.5130
  QMMM:    13       13      H        0.0640   -1.0940   -3.6350
  QMMM:    14       14      H       -2.3360   -1.2380   -2.7010
  QMMM:    15       15      H       -2.0240    0.1110   -1.5850
  QMMM:    16       16      H       -0.4570   -2.5330   -1.6650
  QMMM:    17       17      H       -3.5550   -3.3420   -0.1770

--------------------------------------------------------------------------------
  RESULTS
--------------------------------------------------------------------------------

      iter         sqm energy              rms gradient
      ----    -------------------    -----------------------
xmin    10     -120.1379 kcal/mol        0.1660 kcal/(mol*A)
xmin    20     -120.1837 kcal/mol        0.2165 kcal/(mol*A)
xmin    30     -120.2034 kcal/mol        0.2232 kcal/(mol*A)
xmin    40     -120.2151 kcal/mol        0.0523 kcal/(mol*A)
xmin    50     -120.2255 kcal/mol        0.0434 kcal/(mol*A)
xmin    60     -120.2350 kcal/mol        0.1801 kcal/(mol*A)
xmin    70     -120.2409 kcal/mol        0.0313 kcal/(mol*A)
xmin    80     -120.2488 kcal/mol        0.1948 kcal/(mol*A)
xmin    90     -120.2556 kcal/mol        0.0744 kcal/(mol*A)
xmin   100     -120.2593 kcal/mol        0.0522 kcal/(mol*A)
xmin   110     -120.2618 kcal/mol        0.0765 kcal/(mol*A)
xmin   120     -120.2645 kcal/mol        0.0262 kcal/(mol*A)
xmin   130     -120.2677 kcal/mol        0.0478 kcal/(mol*A)
xmin   140     -120.2710 kcal/mol        0.0372 kcal/(mol*A)
xmin   150     -120.2739 kcal/mol        0.1621 kcal/(mol*A)
xmin   160     -120.2795 kcal/mol        0.0456 kcal/(mol*A)
xmin   170     -120.2830 kcal/mol        0.0428 kcal/(mol*A)
xmin   180     -120.2857 kcal/mol        0.0624 kcal/(mol*A)
xmin   190     -120.2878 kcal/mol        0.0294 kcal/(mol*A)
xmin   200     -120.2905 kcal/mol        0.1021 kcal/(mol*A)
xmin   210     -120.2934 kcal/mol        0.0486 kcal/(mol*A)
xmin   220     -120.2956 kcal/mol        0.0564 kcal/(mol*A)
xmin   230     -120.3000 kcal/mol        0.0811 kcal/(mol*A)
xmin   240     -120.3024 kcal/mol        0.0364 kcal/(mol*A)
xmin   250     -120.3040 kcal/mol        0.0207 kcal/(mol*A)
xmin   260     -120.3059 kcal/mol        0.0589 kcal/(mol*A)
xmin   270     -120.3092 kcal/mol        0.0432 kcal/(mol*A)
xmin   280     -120.3109 kcal/mol        0.0827 kcal/(mol*A)
xmin   290     -120.3131 kcal/mol        0.0275 kcal/(mol*A)
xmin   300     -120.3151 kcal/mol        0.0180 kcal/(mol*A)
xmin   310     -120.3170 kcal/mol        0.0179 kcal/(mol*A)
xmin   320     -120.3183 kcal/mol        0.1286 kcal/(mol*A)
xmin   330     -120.3194 kcal/mol        0.0183 kcal/(mol*A)
xmin   340     -120.3205 kcal/mol        0.0614 kcal/(mol*A)
xmin   350     -120.3215 kcal/mol        0.0107 kcal/(mol*A)
xmin   360     -120.3225 kcal/mol        0.0125 kcal/(mol*A)
xmin   370     -120.3230 kcal/mol        0.0090 kcal/(mol*A)
xmin   380     -120.3238 kcal/mol        0.0365 kcal/(mol*A)
xmin   390     -120.3241 kcal/mol        0.0271 kcal/(mol*A)
xmin   400     -120.3246 kcal/mol        0.0143 kcal/(mol*A)
xmin   410     -120.3254 kcal/mol        0.0088 kcal/(mol*A)
xmin   420     -120.3257 kcal/mol        0.0095 kcal/(mol*A)
xmin   430     -120.3258 kcal/mol        0.0257 kcal/(mol*A)
xmin   440     -120.3261 kcal/mol        0.0432 kcal/(mol*A)
xmin   450     -120.3263 kcal/mol        0.0451 kcal/(mol*A)
xmin   460     -120.3264 kcal/mol        0.0322 kcal/(mol*A)
xmin   470     -120.3265 kcal/mol        0.0072 kcal/(mol*A)
xmin   480     -120.3267 kcal/mol        0.0055 kcal/(mol*A)
xmin   490     -120.3267 kcal/mol        0.0068 kcal/(mol*A)
xmin   500     -120.3268 kcal/mol        0.0063 kcal/(mol*A)
xmin   510     -120.3269 kcal/mol        0.0233 kcal/(mol*A)
xmin   520     -120.3270 kcal/mol        0.0094 kcal/(mol*A)
xmin   530     -120.3270 kcal/mol        0.0060 kcal/(mol*A)
xmin   540     -120.3271 kcal/mol        0.0073 kcal/(mol*A)
xmin   550     -120.3271 kcal/mol        0.0074 kcal/(mol*A)
xmin   560     -120.3272 kcal/mol        0.0090 kcal/(mol*A)
xmin   570     -120.3272 kcal/mol        0.0387 kcal/(mol*A)
xmin   580     -120.3273 kcal/mol        0.0209 kcal/(mol*A)
xmin   590     -120.3273 kcal/mol        0.0108 kcal/(mol*A)
xmin   600     -120.3274 kcal/mol        0.0178 kcal/(mol*A)
xmin   610     -120.3274 kcal/mol        0.0081 kcal/(mol*A)
xmin   620     -120.3274 kcal/mol        0.0183 kcal/(mol*A)
xmin   630     -120.3274 kcal/mol        0.0079 kcal/(mol*A)
xmin   640     -120.3275 kcal/mol        0.0022 kcal/(mol*A)
xmin   650     -120.3275 kcal/mol        0.0058 kcal/(mol*A)
xmin   660     -120.3275 kcal/mol        0.0036 kcal/(mol*A)
xmin   670     -120.3275 kcal/mol        0.0111 kcal/(mol*A)
xmin   680     -120.3275 kcal/mol        0.0018 kcal/(mol*A)
xmin   690     -120.3275 kcal/mol        0.0026 kcal/(mol*A)
xmin   700     -120.3276 kcal/mol        0.0011 kcal/(mol*A)
xmin   710     -120.3276 kcal/mol        0.0041 kcal/(mol*A)
xmin   720     -120.3276 kcal/mol        0.0013 kcal/(mol*A)
xmin   730     -120.3276 kcal/mol        0.0028 kcal/(mol*A)
xmin   740     -120.3276 kcal/mol        0.0104 kcal/(mol*A)
xmin   750     -120.3276 kcal/mol        0.0034 kcal/(mol*A)
xmin   760     -120.3276 kcal/mol        0.0079 kcal/(mol*A)
xmin   770     -120.3276 kcal/mol        0.0017 kcal/(mol*A)
xmin   780     -120.3276 kcal/mol        0.0026 kcal/(mol*A)
xmin   790     -120.3276 kcal/mol        0.0011 kcal/(mol*A)
  ... geometry converged !
 
 Final MO eigenvalues (eV):
 -40.7942  -37.1669  -36.3941  -29.8117  -27.9843  -22.8701  -20.9837  -18.9541
 -17.3936  -16.4254  -15.9997  -14.7904  -14.6126  -13.8502  -13.3189  -12.9443
 -12.3831  -12.3612  -12.1138  -11.7320  -11.3366    1.0265    2.3072    3.3659
   3.5252    3.7815    3.9112    4.2329    4.3149    4.3417    4.4449    4.6710
   4.7280    4.8617    4.9454    5.0826    5.3078    6.6678

 Heat of formation   =       -120.32759252 kcal/mol  (       -5.21779596 eV)

 Total SCF energy    =     -32752.85281160 kcal/mol  (    -1420.27027499 eV)
 Electronic energy   =    -130614.28866225 kcal/mol  (    -5663.86057249 eV)
 Core-core repulsion =      97861.43585065 kcal/mol  (     4243.59029750 eV)
 
    Atomic Charges for Step       1 :
  Atom    Element       Mulliken Charge
     1      C                  0.308
     2      C                 -0.221
     3      C                 -0.211
     4      C                 -0.155
     5      C                 -0.098
     6      O                 -0.364
     7      O                 -0.320
     8      H                  0.099
     9      H                  0.076
    10      H                  0.078
    11      H                  0.076
    12      H                  0.082
    13      H                  0.076
    14      H                  0.118
    15      H                  0.120
    16      H                  0.096
    17      H                  0.242
 Total Mulliken Charge =       0.000
 
                  X        Y        Z     TOTAL  
  QM DIPOLE     0.784    0.124   -1.649    1.831
 
 Final Structure

  QMMM: QM Region Cartesian Coordinates (*=link atom) 
  QMMM: QM_NO.   MM_NO.  ATOM         X         Y         Z
  QMMM:     1        1      C       -2.7949   -1.8111   -0.7285
  QMMM:     2        2      C        0.0509   -0.7574   -0.1261
  QMMM:     3        3      C        0.4108   -0.9384   -2.5833
  QMMM:     4        4      C       -1.8945   -1.0798   -1.6719
  QMMM:     5        5      C       -0.4278   -1.4017   -1.4099
  QMMM:     6        6      O       -2.9708   -1.6486    0.4825
  QMMM:     7        7      O       -3.5359   -2.7916   -1.3211
  QMMM:     8        8      H       -0.6208   -1.0386    0.7224
  QMMM:     9        9      H        0.0529    0.3552   -0.2219
  QMMM:    10       10      H        1.0891   -1.0939    0.1083
  QMMM:    11       11      H        0.2907    0.1603   -2.7427
  QMMM:    12       12      H        1.4894   -1.1516   -2.3884
  QMMM:    13       13      H        0.1067   -1.4685   -3.5177
  QMMM:    14       14      H       -2.1617   -1.3584   -2.7261
  QMMM:    15       15      H       -2.0754    0.0198   -1.5377
  QMMM:    16       16      H       -0.3212   -2.5196   -1.3143
  QMMM:    17       17      H       -4.1006   -3.2221   -0.6586

           --------- Calculation Completed ----------

