            --------------------------------------------------------
                             AMBER SQM VERSION 19
 
                                     By
              Ross C. Walker, Michael F. Crowley, Scott Brozell,
                         Tim Giese, Andreas W. Goetz,
                        Tai-Sung Lee and David A. Case
 
            --------------------------------------------------------
 

--------------------------------------------------------------------------------
  QM CALCULATION INFO
--------------------------------------------------------------------------------

| QMMM: Citation for AMBER QMMM Run:
| QMMM: R.C. Walker, M.F. Crowley and D.A. Case, J. COMP. CHEM. 29:1019, 2008

QMMM: SINGLET STATE CALCULATION
QMMM: RHF CALCULATION, NO. OF DOUBLY OCCUPIED LEVELS = 13

| QMMM: *** Selected Hamiltonian *** 
| QMMM: AM1         

| QMMM: *** Parameter sets in use ***
| QMMM: C : M.J.S.DEWAR et al. JACS, 107, 3902, (1985)
| QMMM: Cl: M.J.S.DEWAR et al. THEOCHEM, 180, 1, (1988)
| QMMM: H : M.J.S.DEWAR et al. JACS, 107, 3902, (1985)

| QMMM: *** SCF convergence criteria ***
| QMMM: Energy change                :  0.1D-09 kcal/mol
| QMMM: Error matrix |FP-PF|         :  0.1D+00 au
| QMMM: Density matrix change        :  0.5D-06
| QMMM: Maximum number of SCF cycles :     1000

| QMMM: *** Diagonalization Routine Information ***
| QMMM: Pseudo diagonalizations are allowed.
| QMMM: Auto diagonalization routine selection is in use.
| QMMM:
| QMMM: Timing diagonalization routines:
| QMMM:                              norbs =       20
| QMMM:    diag iterations used for timing =       20
| QMMM:
| QMMM:              Internal diag routine = 0.000794 seconds
| QMMM:                 Dspev diag routine = 0.001237 seconds
| QMMM:                Dspevd diag routine = 0.001246 seconds
| QMMM:                Dspevx diag routine = 0.004092 seconds
| QMMM:                 Dsyev diag routine = 0.005844 seconds
| QMMM:                Dsyevd diag routine = 0.001274 seconds
| QMMM:                Dsyevr diag routine = 0.001911 seconds
| QMMM:
| QMMM:                Pseudo diag routine = 0.000143 seconds
| QMMM:
| QMMM: Using internal diagonalization routine (diag_routine=1).

  QMMM: QM Region Cartesian Coordinates (*=link atom) 
  QMMM: QM_NO.   MM_NO.  ATOM         X         Y         Z
  QMMM:     1        1      C       -0.3490    0.4170   -0.9490
  QMMM:     2        2      C       -1.3750   -0.5100   -1.5790
  QMMM:     3        3      Cl       1.0830    0.6230   -1.9860
  QMMM:     4        4      Cl      -1.9770    0.1240   -3.1300
  QMMM:     5        5      H       -0.7690    1.4090   -0.7520
  QMMM:     6        6      H        0.0000    0.0000    0.0000
  QMMM:     7        7      H       -2.2400   -0.6140   -0.9180
  QMMM:     8        8      H       -0.9600   -1.5070   -1.7580

--------------------------------------------------------------------------------
  RESULTS
--------------------------------------------------------------------------------

      iter         sqm energy              rms gradient
      ----    -------------------    -----------------------
xmin    10      -33.1247 kcal/mol        0.3605 kcal/(mol*A)
xmin    20      -33.1310 kcal/mol        0.0253 kcal/(mol*A)
xmin    30      -33.1312 kcal/mol        0.0020 kcal/(mol*A)
  ... geometry converged !
 
 Final MO eigenvalues (eV):
 -37.9251  -37.1284  -32.7681  -24.4678  -16.8233  -16.7321  -15.5554  -13.8860
 -13.7805  -12.0584  -11.4511  -11.3949  -11.3869    1.1309    1.2775    3.2679
   3.3384    3.5133    3.7925    4.0579

 Heat of formation   =        -33.13122074 kcal/mol  (       -1.43667754 eV)

 Total SCF energy    =     -24431.35331838 kcal/mol  (    -1059.42297899 eV)
 Electronic energy   =     -60578.28664834 kcal/mol  (    -2626.87162952 eV)
 Core-core repulsion =      36146.93332996 kcal/mol  (     1567.44865053 eV)
 
    Atomic Charges for Step       1 :
  Atom    Element       Mulliken Charge
     1      C                 -0.132
     2      C                 -0.132
     3      Cl                -0.101
     4      Cl                -0.101
     5      H                  0.121
     6      H                  0.112
     7      H                  0.112
     8      H                  0.121
 Total Mulliken Charge =      -0.000
 
                  X        Y        Z     TOTAL  
  QM DIPOLE    -0.649   -0.658    2.026    2.227
 
 Final Structure

  QMMM: QM Region Cartesian Coordinates (*=link atom) 
  QMMM: QM_NO.   MM_NO.  ATOM         X         Y         Z
  QMMM:     1        1      C       -0.3551    0.4246   -0.9651
  QMMM:     2        2      C       -1.3599   -0.5083   -1.5896
  QMMM:     3        3      Cl       1.1235    0.5417   -1.8960
  QMMM:     4        4      Cl      -2.0743    0.1500   -3.0465
  QMMM:     5        5      H       -0.7604    1.4615   -0.8724
  QMMM:     6        6      H       -0.0648    0.0424    0.0450
  QMMM:     7        7      H       -2.2019   -0.6861   -0.8755
  QMMM:     8        8      H       -0.8940   -1.4838   -1.8717

           --------- Calculation Completed ----------

