            --------------------------------------------------------
                             AMBER SQM VERSION 19
 
                                     By
              Ross C. Walker, Michael F. Crowley, Scott Brozell,
                         Tim Giese, Andreas W. Goetz,
                        Tai-Sung Lee and David A. Case
 
            --------------------------------------------------------
 

--------------------------------------------------------------------------------
  QM CALCULATION INFO
--------------------------------------------------------------------------------

| QMMM: Citation for AMBER QMMM Run:
| QMMM: R.C. Walker, M.F. Crowley and D.A. Case, J. COMP. CHEM. 29:1019, 2008

QMMM: SINGLET STATE CALCULATION
QMMM: RHF CALCULATION, NO. OF DOUBLY OCCUPIED LEVELS = 13

| QMMM: *** Selected Hamiltonian *** 
| QMMM: AM1         

| QMMM: *** Parameter sets in use ***
| QMMM: C : M.J.S.DEWAR et al. JACS, 107, 3902, (1985)
| QMMM: O : M.J.S.DEWAR et al. JACS, 107, 3902, (1985)
| QMMM: H : M.J.S.DEWAR et al. JACS, 107, 3902, (1985)

| QMMM: *** SCF convergence criteria ***
| QMMM: Energy change                :  0.1D-09 kcal/mol
| QMMM: Error matrix |FP-PF|         :  0.1D+00 au
| QMMM: Density matrix change        :  0.5D-06
| QMMM: Maximum number of SCF cycles :     1000

| QMMM: *** Diagonalization Routine Information ***
| QMMM: Pseudo diagonalizations are allowed.
| QMMM: Auto diagonalization routine selection is in use.
| QMMM:
| QMMM: Timing diagonalization routines:
| QMMM:                              norbs =       24
| QMMM:    diag iterations used for timing =       20
| QMMM:
| QMMM:              Internal diag routine = 0.000949 seconds
| QMMM:                 Dspev diag routine = 0.005606 seconds
| QMMM:                Dspevd diag routine = 0.001362 seconds
| QMMM:                Dspevx diag routine = 0.013820 seconds
| QMMM:                 Dsyev diag routine = 0.005920 seconds
| QMMM:                Dsyevd diag routine = 0.001590 seconds
| QMMM:                Dsyevr diag routine = 0.005079 seconds
| QMMM:
| QMMM:                Pseudo diag routine = 0.000246 seconds
| QMMM:
| QMMM: Using internal diagonalization routine (diag_routine=1).

  QMMM: QM Region Cartesian Coordinates (*=link atom) 
  QMMM: QM_NO.   MM_NO.  ATOM         X         Y         Z
  QMMM:     1        1      C        1.0770    0.0500    0.1960
  QMMM:     2        2      C        2.8430    1.0380    1.6980
  QMMM:     3        3      C        1.3530    0.9190    1.4130
  QMMM:     4        4      O        0.8120    2.2180    1.1940
  QMMM:     5        5      H        1.4530   -0.9670    0.3400
  QMMM:     6        6      H        0.0000    0.0000    0.0000
  QMMM:     7        7      H        1.5400    0.4710   -0.7030
  QMMM:     8        8      H        3.2880    0.0590    1.8990
  QMMM:     9        9      H        3.0140    1.6860    2.5640
  QMMM:    10       10      H        3.3700    1.4960    0.8530
  QMMM:    11       11      H        0.8470    0.4960    2.2870
  QMMM:    12       12      H        1.1340    2.5100    0.3260

--------------------------------------------------------------------------------
  RESULTS
--------------------------------------------------------------------------------

      iter         sqm energy              rms gradient
      ----    -------------------    -----------------------
xmin    10      -69.6063 kcal/mol        0.6829 kcal/(mol*A)
xmin    20      -69.6234 kcal/mol        0.0336 kcal/(mol*A)
xmin    30      -69.6249 kcal/mol        0.0203 kcal/(mol*A)
xmin    40      -69.6250 kcal/mol        0.0014 kcal/(mol*A)
xmin    50      -69.6250 kcal/mol        0.0008 kcal/(mol*A)
  ... geometry converged !
 
 Final MO eigenvalues (eV):
 -38.7074  -32.5634  -28.0266  -22.4095  -17.4219  -16.5084  -15.0854  -14.4101
 -13.2578  -12.7578  -12.6126  -11.7329  -11.1235    3.5763    3.6674    4.0289
   4.1105    4.3275    4.5807    4.6171    4.8262    4.9816    5.0121    6.3710


 Heat of formation   =        -69.62497870 kcal/mol  (       -3.01916563 eV)

 Total SCF energy    =     -18809.14411010 kcal/mol  (     -815.62569317 eV)
 Electronic energy   =     -61563.47356901 kcal/mol  (    -2669.59254018 eV)
 Core-core repulsion =      42754.32945891 kcal/mol  (     1853.96684701 eV)
 
    Atomic Charges for Step       1 :
  Atom    Element       Mulliken Charge
     1      C                 -0.247
     2      C                 -0.247
     3      C                  0.024
     4      O                 -0.326
     5      H                  0.083
     6      H                  0.089
     7      H                  0.073
     8      H                  0.083
     9      H                  0.089
    10      H                  0.073
    11      H                  0.113
    12      H                  0.194
 Total Mulliken Charge =      -0.000
 
                  X        Y        Z     TOTAL  
  QM DIPOLE     1.187   -0.883   -0.819    1.691
 
 Final Structure

  QMMM: QM Region Cartesian Coordinates (*=link atom) 
  QMMM: QM_NO.   MM_NO.  ATOM         X         Y         Z
  QMMM:     1        1      C        1.0816    0.0421    0.1848
  QMMM:     2        2      C        2.8414    1.0369    1.6623
  QMMM:     3        3      C        1.3524    0.9193    1.3933
  QMMM:     4        4      O        0.7619    2.2013    1.2334
  QMMM:     5        5      H        1.4525   -0.9927    0.3733
  QMMM:     6        6      H       -0.0148    0.0039   -0.0209
  QMMM:     7        7      H        1.5969    0.4486   -0.7183
  QMMM:     8        8      H        3.2675    0.0332    1.8966
  QMMM:     9        9      H        3.0200    1.7192    2.5274
  QMMM:    10       10      H        3.3696    1.4511    0.7702
  QMMM:    11       11      H        0.8276    0.5008    2.3001
  QMMM:    12       12      H        1.1746    2.6123    0.4650

           --------- Calculation Completed ----------

