            --------------------------------------------------------
                             AMBER SQM VERSION 19
 
                                     By
              Ross C. Walker, Michael F. Crowley, Scott Brozell,
                         Tim Giese, Andreas W. Goetz,
                        Tai-Sung Lee and David A. Case
 
            --------------------------------------------------------
 

--------------------------------------------------------------------------------
  QM CALCULATION INFO
--------------------------------------------------------------------------------

| QMMM: Citation for AMBER QMMM Run:
| QMMM: R.C. Walker, M.F. Crowley and D.A. Case, J. COMP. CHEM. 29:1019, 2008

QMMM: SINGLET STATE CALCULATION
QMMM: RHF CALCULATION, NO. OF DOUBLY OCCUPIED LEVELS = 10

| QMMM: *** Selected Hamiltonian *** 
| QMMM: AM1         

| QMMM: *** Parameter sets in use ***
| QMMM: C : M.J.S.DEWAR et al. JACS, 107, 3902, (1985)
| QMMM: F : M.J.S.DEWAR et al. THEOCHEM, 180, 1, (1988)
| QMMM: Cl: M.J.S.DEWAR et al. THEOCHEM, 180, 1, (1988)
| QMMM: H : M.J.S.DEWAR et al. JACS, 107, 3902, (1985)

| QMMM: *** SCF convergence criteria ***
| QMMM: Energy change                :  0.1D-09 kcal/mol
| QMMM: Error matrix |FP-PF|         :  0.1D+00 au
| QMMM: Density matrix change        :  0.5D-06
| QMMM: Maximum number of SCF cycles :     1000

| QMMM: *** Diagonalization Routine Information ***
| QMMM: Pseudo diagonalizations are allowed.
| QMMM: Auto diagonalization routine selection is in use.
| QMMM:
| QMMM: Timing diagonalization routines:
| QMMM:                              norbs =       14
| QMMM:    diag iterations used for timing =       20
| QMMM:
| QMMM:              Internal diag routine = 0.000329 seconds
| QMMM:                 Dspev diag routine = 0.000627 seconds
| QMMM:                Dspevd diag routine = 0.000414 seconds
| QMMM:                Dspevx diag routine = 0.001433 seconds
| QMMM:                 Dsyev diag routine = 0.007526 seconds
| QMMM:                Dsyevd diag routine = 0.000560 seconds
| QMMM:                Dsyevr diag routine = 0.000856 seconds
| QMMM:
| QMMM:                Pseudo diag routine = 0.000062 seconds
| QMMM:
| QMMM: Using internal diagonalization routine (diag_routine=1).

  QMMM: QM Region Cartesian Coordinates (*=link atom) 
  QMMM: QM_NO.   MM_NO.  ATOM         X         Y         Z
  QMMM:     1        1      C       -0.5230    0.9590    0.0270
  QMMM:     2        2      F       -1.3060    1.0630   -1.0760
  QMMM:     3        3      Cl      -1.5250    1.0430    1.4780
  QMMM:     4        4      H        0.1940    1.7820    0.0310
  QMMM:     5        5      H        0.0000    0.0000   -0.0000

--------------------------------------------------------------------------------
  RESULTS
--------------------------------------------------------------------------------

  ... geometry converged !
 
 Final MO eigenvalues (eV):
 -49.6337  -37.3219  -27.9943  -17.8210  -17.5600  -17.4797  -13.5883  -13.1856
 -12.2038  -11.5795    0.7260    3.0310    3.0909    3.8570

 Heat of formation   =        -65.36933365 kcal/mol  (       -2.83462702 eV)

 Total SCF energy    =     -23405.47351703 kcal/mol  (    -1014.93749261 eV)
 Electronic energy   =     -45329.28874718 kcal/mol  (    -1965.62546061 eV)
 Core-core repulsion =      21923.81523015 kcal/mol  (      950.68796800 eV)
 
    Atomic Charges for Step       1 :
  Atom    Element       Mulliken Charge
     1      C                  0.047
     2      F                 -0.143
     3      Cl                -0.130
     4      H                  0.113
     5      H                  0.113
 Total Mulliken Charge =      -0.000
 
                  X        Y        Z     TOTAL  
  QM DIPOLE     1.770   -0.197   -0.136    1.786
 
 Final Structure

  QMMM: QM Region Cartesian Coordinates (*=link atom) 
  QMMM: QM_NO.   MM_NO.  ATOM         X         Y         Z
  QMMM:     1        1      C       -0.5363    0.9602    0.0053
  QMMM:     2        2      F       -1.3015    1.0665   -1.1273
  QMMM:     3        3      Cl      -1.4921    1.0411    1.5041
  QMMM:     4        4      H        0.1889    1.8127    0.0554
  QMMM:     5        5      H       -0.0190   -0.0334    0.0225

           --------- Calculation Completed ----------

