            --------------------------------------------------------
                             AMBER SQM VERSION 19
 
                                     By
              Ross C. Walker, Michael F. Crowley, Scott Brozell,
                         Tim Giese, Andreas W. Goetz,
                        Tai-Sung Lee and David A. Case
 
            --------------------------------------------------------
 

--------------------------------------------------------------------------------
  QM CALCULATION INFO
--------------------------------------------------------------------------------

| QMMM: Citation for AMBER QMMM Run:
| QMMM: R.C. Walker, M.F. Crowley and D.A. Case, J. COMP. CHEM. 29:1019, 2008

QMMM: SINGLET STATE CALCULATION
QMMM: RHF CALCULATION, NO. OF DOUBLY OCCUPIED LEVELS = 47

| QMMM: *** Selected Hamiltonian *** 
| QMMM: AM1         

| QMMM: *** Parameter sets in use ***
| QMMM: C : M.J.S.DEWAR et al. JACS, 107, 3902, (1985)
| QMMM: Cl: M.J.S.DEWAR et al. THEOCHEM, 180, 1, (1988)
| QMMM: H : M.J.S.DEWAR et al. JACS, 107, 3902, (1985)

| QMMM: *** SCF convergence criteria ***
| QMMM: Energy change                :  0.1D-09 kcal/mol
| QMMM: Error matrix |FP-PF|         :  0.1D+00 au
| QMMM: Density matrix change        :  0.5D-06
| QMMM: Maximum number of SCF cycles :     1000

| QMMM: *** Diagonalization Routine Information ***
| QMMM: Pseudo diagonalizations are allowed.
| QMMM: Auto diagonalization routine selection is in use.
| QMMM:
| QMMM: Timing diagonalization routines:
| QMMM:                              norbs =       76
| QMMM:    diag iterations used for timing =       15
| QMMM:
| QMMM:              Internal diag routine = 0.020735 seconds
| QMMM:                 Dspev diag routine = 0.027847 seconds
| QMMM:                Dspevd diag routine = 0.014021 seconds
| QMMM:                Dspevx diag routine = 0.057044 seconds
| QMMM:                 Dsyev diag routine = 0.017929 seconds
| QMMM:                Dsyevd diag routine = 0.038119 seconds
| QMMM:                Dsyevr diag routine = 0.021508 seconds
| QMMM:
| QMMM:                Pseudo diag routine = 0.008188 seconds
| QMMM:
| QMMM: Using dspevd routine (diag_routine=3).

  QMMM: QM Region Cartesian Coordinates (*=link atom) 
  QMMM: QM_NO.   MM_NO.  ATOM         X         Y         Z
  QMMM:     1        1      C        1.8850   -1.0360   -0.1120
  QMMM:     2        2      C        0.8070   -0.4630    0.5610
  QMMM:     3        3      C        2.8780   -1.6520    2.0020
  QMMM:     4        4      C        6.1970   -3.3700   -1.4390
  QMMM:     5        5      C        2.9210   -1.6310    0.6080
  QMMM:     6        6      C        4.0400   -2.2250   -0.0910
  QMMM:     7        7      C        0.7640   -0.4840    1.9550
  QMMM:     8        8      C        1.8000   -1.0790    2.6760
  QMMM:     9        9      C        6.2400   -2.0260   -1.0680
  QMMM:    10       10      C        5.0750   -4.1410   -1.1360
  QMMM:    11       11      C        5.1620   -1.4540   -0.3940
  QMMM:    12       12      C        3.9960   -3.5690   -0.4620
  QMMM:    13       13      Cl      -0.5980    0.2460    2.7310
  QMMM:    14       14      Cl       1.8050   -1.1320    4.4040
  QMMM:    15       15      Cl       7.6660   -1.1340   -1.4780
  QMMM:    16       16      Cl       5.0940   -5.8000   -1.6290
  QMMM:    17       17      Cl       5.2210    0.2240    0.0680
  QMMM:    18       18      Cl       2.5970   -4.5350   -0.0870
  QMMM:    19       19      H        1.9030   -1.0140   -1.2000
  QMMM:    20       20      H        0.0080   -0.0050   -0.0170
  QMMM:    21       21      H        3.6870   -2.1180    2.5630
  QMMM:    22       22      H        7.0390   -3.8170   -1.9650

--------------------------------------------------------------------------------
  RESULTS
--------------------------------------------------------------------------------

      iter         sqm energy              rms gradient
      ----    -------------------    -----------------------
xmin    10       15.7281 kcal/mol        0.0161 kcal/(mol*A)
xmin    20       15.7281 kcal/mol        0.0011 kcal/(mol*A)
xmin    20       15.7281 kcal/mol        0.0004 kcal/(mol*A)
  ... geometry converged !
 
 Final MO eigenvalues (eV):
 -41.2321  -39.9275  -38.6629  -38.2973  -38.0786  -37.8616  -37.7688  -37.2661
 -33.8350  -31.9094  -31.5474  -30.2691  -25.4214  -24.4879  -24.0984  -22.8234
 -19.4764  -18.4995  -18.1800  -17.9179  -17.2273  -16.8684  -16.3949  -15.8134
 -15.4931  -15.1871  -15.0312  -14.3794  -14.3601  -14.3235  -13.5321  -13.5007
 -13.1167  -13.1024  -13.0667  -12.4788  -12.4730  -12.3155  -12.2865  -12.0890
 -12.0233  -11.9780  -11.7708  -10.2112  -10.0961   -9.7343   -9.7112   -0.8230
  -0.7266   -0.4250   -0.1680    0.5557    0.6408    0.7591    0.9518    1.2173
   1.2679    1.5602    2.0781    2.7269    3.2010    3.3092    3.3914    3.5650
   3.7343    3.8205    3.9214    3.9621    4.0648    4.2423    4.3687    4.4435
   4.6427    4.7230    4.9367    5.2218

 Heat of formation   =         15.72808413 kcal/mol  (        0.68202091 eV)

 Total SCF energy    =     -88401.75633701 kcal/mol  (    -3833.38781219 eV)
 Electronic energy   =    -446633.59995867 kcal/mol  (   -19367.48623037 eV)
 Core-core repulsion =     358231.84362166 kcal/mol  (    15534.09841818 eV)
 
    Atomic Charges for Step       1 :
  Atom    Element       Mulliken Charge
     1      C                 -0.092
     2      C                 -0.120
     3      C                 -0.088
     4      C                 -0.104
     5      C                 -0.045
     6      C                 -0.018
     7      C                 -0.051
     8      C                 -0.064
     9      C                 -0.060
    10      C                 -0.060
    11      C                 -0.045
    12      C                 -0.045
    13      Cl                 0.015
    14      Cl                 0.015
    15      Cl                 0.028
    16      Cl                 0.028
    17      Cl                 0.036
    18      Cl                 0.036
    19      H                  0.149
    20      H                  0.155
    21      H                  0.159
    22      H                  0.171
 Total Mulliken Charge =      -0.000
 
                  X        Y        Z     TOTAL  
  QM DIPOLE     0.596   -0.283   -1.446    1.589
 
 Final Structure

  QMMM: QM Region Cartesian Coordinates (*=link atom) 
  QMMM: QM_NO.   MM_NO.  ATOM         X         Y         Z
  QMMM:     1        1      C        1.8672   -1.0268   -0.1046
  QMMM:     2        2      C        0.7912   -0.4549    0.5671
  QMMM:     3        3      C        2.8676   -1.6452    2.0134
  QMMM:     4        4      C        6.2183   -3.3819   -1.4529
  QMMM:     5        5      C        2.9095   -1.6241    0.6159
  QMMM:     6        6      C        4.0452   -2.2275   -0.0929
  QMMM:     7        7      C        0.7436   -0.4730    1.9657
  QMMM:     8        8      C        1.7864   -1.0707    2.6899
  QMMM:     9        9      C        6.2616   -2.0369   -1.0808
  QMMM:    10       10      C        5.0948   -4.1530   -1.1490
  QMMM:    11       11      C        5.1788   -1.4558   -0.4014
  QMMM:    12       12      C        4.0070   -3.5810   -0.4699
  QMMM:    13       13      Cl      -0.5804    0.2319    2.7551
  QMMM:    14       14      Cl       1.7650   -1.1126    4.3850
  QMMM:    15       15      Cl       7.6408   -1.1310   -1.4658
  QMMM:    16       16      Cl       5.0763   -5.7818   -1.6158
  QMMM:    17       17      Cl       5.2385    0.1767    0.0472
  QMMM:    18       18      Cl       2.6471   -4.5229   -0.1042
  QMMM:    19       19      H        1.8980   -1.0089   -1.2049
  QMMM:    20       20      H       -0.0260    0.0135   -0.0037
  QMMM:    21       21      H        3.6856   -2.1142    2.5831
  QMMM:    22       22      H        7.0710   -3.8349   -1.9861

           --------- Calculation Completed ----------

