            --------------------------------------------------------
                             AMBER SQM VERSION 19
 
                                     By
              Ross C. Walker, Michael F. Crowley, Scott Brozell,
                         Tim Giese, Andreas W. Goetz,
                        Tai-Sung Lee and David A. Case
 
            --------------------------------------------------------
 

--------------------------------------------------------------------------------
  QM CALCULATION INFO
--------------------------------------------------------------------------------

| QMMM: Citation for AMBER QMMM Run:
| QMMM: R.C. Walker, M.F. Crowley and D.A. Case, J. COMP. CHEM. 29:1019, 2008

QMMM: SINGLET STATE CALCULATION
QMMM: RHF CALCULATION, NO. OF DOUBLY OCCUPIED LEVELS = 15

| QMMM: *** Selected Hamiltonian *** 
| QMMM: AM1         

| QMMM: *** Parameter sets in use ***
| QMMM: C : M.J.S.DEWAR et al. JACS, 107, 3902, (1985)
| QMMM: N : M.J.S.DEWAR et al. JACS, 107, 3902, (1985)
| QMMM: O : M.J.S.DEWAR et al. JACS, 107, 3902, (1985)
| QMMM: H : M.J.S.DEWAR et al. JACS, 107, 3902, (1985)

| QMMM: *** SCF convergence criteria ***
| QMMM: Energy change                :  0.1D-09 kcal/mol
| QMMM: Error matrix |FP-PF|         :  0.1D+00 au
| QMMM: Density matrix change        :  0.5D-06
| QMMM: Maximum number of SCF cycles :     1000

| QMMM: *** Diagonalization Routine Information ***
| QMMM: Pseudo diagonalizations are allowed.
| QMMM: Auto diagonalization routine selection is in use.
| QMMM:
| QMMM: Timing diagonalization routines:
| QMMM:                              norbs =       27
| QMMM:    diag iterations used for timing =       20
| QMMM:
| QMMM:              Internal diag routine = 0.001255 seconds
| QMMM:                 Dspev diag routine = 0.005868 seconds
| QMMM:                Dspevd diag routine = 0.021349 seconds
| QMMM:                Dspevx diag routine = 0.014248 seconds
| QMMM:                 Dsyev diag routine = 0.001628 seconds
| QMMM:                Dsyevd diag routine = 0.001539 seconds
| QMMM:                Dsyevr diag routine = 0.006245 seconds
| QMMM:
| QMMM:                Pseudo diag routine = 0.000325 seconds
| QMMM:
| QMMM: Using internal diagonalization routine (diag_routine=1).

  QMMM: QM Region Cartesian Coordinates (*=link atom) 
  QMMM: QM_NO.   MM_NO.  ATOM         X         Y         Z
  QMMM:     1        1      C        2.8180   -1.4420    0.2530
  QMMM:     2        2      C        0.9280   -0.0770   -0.5740
  QMMM:     3        3      C        0.7830   -2.5560   -0.6070
  QMMM:     4        4      N        1.5480   -1.3610   -0.2930
  QMMM:     5        5      O        3.5590   -0.5150    0.5590
  QMMM:     6        6      H        3.1370   -2.4870    0.4010
  QMMM:     7        7      H       -0.1340   -0.1380   -0.3260
  QMMM:     8        8      H        1.0530    0.1500   -1.6350
  QMMM:     9        9      H        1.4130    0.6890    0.0330
  QMMM:    10       10      H       -0.0500   -2.6340    0.0940
  QMMM:    11       11      H        1.4370   -3.4270   -0.5140
  QMMM:    12       12      H        0.4090   -2.4770   -1.6300

--------------------------------------------------------------------------------
  RESULTS
--------------------------------------------------------------------------------

      iter         sqm energy              rms gradient
      ----    -------------------    -----------------------
xmin    10      -36.8471 kcal/mol        0.2364 kcal/(mol*A)
xmin    20      -36.9153 kcal/mol        0.2701 kcal/(mol*A)
xmin    30      -36.9615 kcal/mol        0.1950 kcal/(mol*A)
xmin    40      -36.9758 kcal/mol        0.1027 kcal/(mol*A)
xmin    50      -36.9826 kcal/mol        0.0405 kcal/(mol*A)
xmin    60      -36.9836 kcal/mol        0.0596 kcal/(mol*A)
xmin    70      -36.9842 kcal/mol        0.0367 kcal/(mol*A)
xmin    80      -36.9846 kcal/mol        0.0555 kcal/(mol*A)
xmin    90      -36.9849 kcal/mol        0.0162 kcal/(mol*A)
xmin   100      -36.9851 kcal/mol        0.0304 kcal/(mol*A)
xmin   110      -36.9852 kcal/mol        0.0165 kcal/(mol*A)
xmin   120      -36.9852 kcal/mol        0.0135 kcal/(mol*A)
xmin   130      -36.9852 kcal/mol        0.0082 kcal/(mol*A)
xmin   140      -36.9852 kcal/mol        0.0031 kcal/(mol*A)
xmin   150      -36.9853 kcal/mol        0.0036 kcal/(mol*A)
xmin   160      -36.9853 kcal/mol        0.0055 kcal/(mol*A)
xmin   170      -36.9853 kcal/mol        0.0015 kcal/(mol*A)
xmin   180      -36.9853 kcal/mol        0.0019 kcal/(mol*A)
  ... geometry converged !
 
 Final MO eigenvalues (eV):
 -39.6335  -36.4539  -28.9703  -27.1018  -21.6981  -17.8929  -17.1050  -16.5095
 -14.6680  -13.8095  -13.6103  -13.4048  -12.9025  -10.8543   -9.6687    1.4926
   2.0404    3.4927    3.6228    3.9181    4.1637    4.1872    4.3255    4.6074
   5.3470    6.1540    7.0053

 Heat of formation   =        -36.98526779 kcal/mol  (       -1.60380156 eV)

 Total SCF energy    =     -23242.31435746 kcal/mol  (    -1007.86238053 eV)
 Electronic energy   =     -78268.85317732 kcal/mol  (    -3393.99215894 eV)
 Core-core repulsion =      55026.53881986 kcal/mol  (     2386.12977841 eV)
 
    Atomic Charges for Step       1 :
  Atom    Element       Mulliken Charge
     1      C                  0.262
     2      C                 -0.081
     3      C                 -0.071
     4      N                 -0.353
     5      O                 -0.365
     6      H                  0.121
     7      H                  0.069
     8      H                  0.069
     9      H                  0.117
    10      H                  0.074
    11      H                  0.083
    12      H                  0.074
 Total Mulliken Charge =      -0.000
 
                  X        Y        Z     TOTAL  
  QM DIPOLE    -2.408   -2.320   -1.187    3.549
 
 Final Structure

  QMMM: QM Region Cartesian Coordinates (*=link atom) 
  QMMM: QM_NO.   MM_NO.  ATOM         X         Y         Z
  QMMM:     1        1      C        2.8075   -1.4599    0.2906
  QMMM:     2        2      C        0.9314   -0.0997   -0.5345
  QMMM:     3        3      C        0.8221   -2.5373   -0.6615
  QMMM:     4        4      N        1.5569   -1.3666   -0.2852
  QMMM:     5        5      O        3.4703   -0.4651    0.6287
  QMMM:     6        6      H        3.1752   -2.5037    0.4278
  QMMM:     7        7      H       -0.0419   -0.0340    0.0227
  QMMM:     8        8      H        0.7231    0.0181   -1.6321
  QMMM:     9        9      H        1.6054    0.7322   -0.1966
  QMMM:    10       10      H       -0.1569   -2.5724   -0.1099
  QMMM:    11       11      H        1.4021   -3.4675   -0.4243
  QMMM:    12       12      H        0.6056   -2.5190   -1.7645

           --------- Calculation Completed ----------

