            --------------------------------------------------------
                             AMBER SQM VERSION 19
 
                                     By
              Ross C. Walker, Michael F. Crowley, Scott Brozell,
                         Tim Giese, Andreas W. Goetz,
                        Tai-Sung Lee and David A. Case
 
            --------------------------------------------------------
 

--------------------------------------------------------------------------------
  QM CALCULATION INFO
--------------------------------------------------------------------------------

| QMMM: Citation for AMBER QMMM Run:
| QMMM: R.C. Walker, M.F. Crowley and D.A. Case, J. COMP. CHEM. 29:1019, 2008

QMMM: SINGLET STATE CALCULATION
QMMM: RHF CALCULATION, NO. OF DOUBLY OCCUPIED LEVELS = 24

| QMMM: *** Selected Hamiltonian *** 
| QMMM: AM1         

| QMMM: *** Parameter sets in use ***
| QMMM: C : M.J.S.DEWAR et al. JACS, 107, 3902, (1985)
| QMMM: O : M.J.S.DEWAR et al. JACS, 107, 3902, (1985)
| QMMM: Cl: M.J.S.DEWAR et al. THEOCHEM, 180, 1, (1988)
| QMMM: H : M.J.S.DEWAR et al. JACS, 107, 3902, (1985)

| QMMM: *** SCF convergence criteria ***
| QMMM: Energy change                :  0.1D-09 kcal/mol
| QMMM: Error matrix |FP-PF|         :  0.1D+00 au
| QMMM: Density matrix change        :  0.5D-06
| QMMM: Maximum number of SCF cycles :     1000

| QMMM: *** Diagonalization Routine Information ***
| QMMM: Pseudo diagonalizations are allowed.
| QMMM: Auto diagonalization routine selection is in use.
| QMMM:
| QMMM: Timing diagonalization routines:
| QMMM:                              norbs =       43
| QMMM:    diag iterations used for timing =       20
| QMMM:
| QMMM:              Internal diag routine = 0.025440 seconds
| QMMM:                 Dspev diag routine = 0.010987 seconds
| QMMM:                Dspevd diag routine = 0.006185 seconds
| QMMM:                Dspevx diag routine = 0.019131 seconds
| QMMM:                 Dsyev diag routine = 0.005419 seconds
| QMMM:                Dsyevd diag routine = 0.004108 seconds
| QMMM:                Dsyevr diag routine = 0.006237 seconds
| QMMM:
| QMMM:                Pseudo diag routine = 0.001842 seconds
| QMMM:
| QMMM: Using dsyevd routine (diag_routine=6).

  QMMM: QM Region Cartesian Coordinates (*=link atom) 
  QMMM: QM_NO.   MM_NO.  ATOM         X         Y         Z
  QMMM:     1        1      C        0.8180   -0.4390    0.5640
  QMMM:     2        2      C        0.7990   -0.4060    1.9590
  QMMM:     3        3      C        2.9370   -1.5970    0.6200
  QMMM:     4        4      C        2.9180   -1.5650    2.0140
  QMMM:     5        5      C        1.8870   -1.0340   -0.1050
  QMMM:     6        6      C        1.8500   -0.9690    2.6840
  QMMM:     7        7      C        4.0630   -2.1790    2.7540
  QMMM:     8        8      O        1.9050   -1.0660   -1.4660
  QMMM:     9        9      Cl       1.7920   -0.9100    4.4080
  QMMM:    10       10      H       -0.0030    0.0020    0.0050
  QMMM:    11       11      H       -0.0410    0.0620    2.4650
  QMMM:    12       12      H        3.7680   -2.0600    0.0930
  QMMM:    13       13      H        4.5640   -1.4240    3.3700
  QMMM:    14       14      H        3.7210   -2.9920    3.4050
  QMMM:    15       15      H        4.7960   -2.6090    2.0610
  QMMM:    16       16      H        2.6750   -1.5860   -1.7580

--------------------------------------------------------------------------------
  RESULTS
--------------------------------------------------------------------------------

      iter         sqm energy              rms gradient
      ----    -------------------    -----------------------
xmin    10      -36.3489 kcal/mol        0.2854 kcal/(mol*A)
xmin    20      -36.3548 kcal/mol        0.0508 kcal/(mol*A)
xmin    30      -36.3557 kcal/mol        0.0340 kcal/(mol*A)
xmin    40      -36.3557 kcal/mol        0.0020 kcal/(mol*A)
xmin    50      -36.3557 kcal/mol        0.0006 kcal/(mol*A)
  ... geometry converged !
 
 Final MO eigenvalues (eV):
 -40.5211  -38.3218  -36.9596  -33.5996  -30.4289  -27.8574  -23.8658  -22.3509
 -19.0876  -17.7996  -17.0796  -15.5177  -15.3352  -14.9868  -14.5074  -14.3191
 -13.5608  -13.2426  -12.7380  -12.5624  -11.7837  -11.6522   -9.8844   -9.0347
   0.1335    0.1632    1.4447    2.4870    2.8407    3.4963    3.6066    3.8533
   4.0871    4.2858    4.3780    4.4253    4.5940    4.8903    4.9359    5.0810
   5.2501    5.5343    6.1129

 Heat of formation   =        -36.35574251 kcal/mol  (       -1.57650330 eV)

 Total SCF energy    =     -38901.30998989 kcal/mol  (    -1686.88738519 eV)
 Electronic energy   =    -159306.63998329 kcal/mol  (    -6908.05429007 eV)
 Core-core repulsion =     120405.32999341 kcal/mol  (     5221.16690488 eV)
 
    Atomic Charges for Step       1 :
  Atom    Element       Mulliken Charge
     1      C                 -0.155
     2      C                 -0.087
     3      C                 -0.210
     4      C                 -0.019
     5      C                  0.085
     6      C                 -0.101
     7      C                 -0.184
     8      O                 -0.249
     9      Cl                -0.019
    10      H                  0.155
    11      H                  0.149
    12      H                  0.138
    13      H                  0.097
    14      H                  0.097
    15      H                  0.083
    16      H                  0.220
 Total Mulliken Charge =      -0.000
 
                  X        Y        Z     TOTAL  
  QM DIPOLE     1.293   -0.727   -0.638    1.615
 
 Final Structure

  QMMM: QM Region Cartesian Coordinates (*=link atom) 
  QMMM: QM_NO.   MM_NO.  ATOM         X         Y         Z
  QMMM:     1        1      C        0.8116   -0.4411    0.5601
  QMMM:     2        2      C        0.8072   -0.4077    1.9486
  QMMM:     3        3      C        2.9499   -1.6179    0.6182
  QMMM:     4        4      C        2.9435   -1.5832    2.0167
  QMMM:     5        5      C        1.8913   -1.0506   -0.1011
  QMMM:     6        6      C        1.8632   -0.9734    2.6731
  QMMM:     7        7      C        4.0651   -2.1843    2.7745
  QMMM:     8        8      O        1.8431   -1.0547   -1.4760
  QMMM:     9        9      Cl       1.8111   -0.9068    4.3737
  QMMM:    10       10      H       -0.0087   -0.0021   -0.0246
  QMMM:    11       11      H       -0.0329    0.0669    2.4797
  QMMM:    12       12      H        3.7877   -2.0913    0.0862
  QMMM:    13       13      H        4.5607   -1.4086    3.4114
  QMMM:    14       14      H        3.6866   -2.9956    3.4464
  QMMM:    15       15      H        4.8310   -2.6213    2.0883
  QMMM:    16       16      H        2.6386   -1.5003   -1.8022

           --------- Calculation Completed ----------

