            --------------------------------------------------------
                             AMBER SQM VERSION 19
 
                                     By
              Ross C. Walker, Michael F. Crowley, Scott Brozell,
                         Tim Giese, Andreas W. Goetz,
                        Tai-Sung Lee and David A. Case
 
            --------------------------------------------------------
 

--------------------------------------------------------------------------------
  QM CALCULATION INFO
--------------------------------------------------------------------------------

| QMMM: Citation for AMBER QMMM Run:
| QMMM: R.C. Walker, M.F. Crowley and D.A. Case, J. COMP. CHEM. 29:1019, 2008

QMMM: SINGLET STATE CALCULATION
QMMM: RHF CALCULATION, NO. OF DOUBLY OCCUPIED LEVELS = 24

| QMMM: *** Selected Hamiltonian *** 
| QMMM: AM1         

| QMMM: *** Parameter sets in use ***
| QMMM: C : M.J.S.DEWAR et al. JACS, 107, 3902, (1985)
| QMMM: O : M.J.S.DEWAR et al. JACS, 107, 3902, (1985)
| QMMM: H : M.J.S.DEWAR et al. JACS, 107, 3902, (1985)

| QMMM: *** SCF convergence criteria ***
| QMMM: Energy change                :  0.1D-09 kcal/mol
| QMMM: Error matrix |FP-PF|         :  0.1D+00 au
| QMMM: Density matrix change        :  0.5D-06
| QMMM: Maximum number of SCF cycles :     1000

| QMMM: *** Diagonalization Routine Information ***
| QMMM: Pseudo diagonalizations are allowed.
| QMMM: Auto diagonalization routine selection is in use.
| QMMM:
| QMMM: Timing diagonalization routines:
| QMMM:                              norbs =       46
| QMMM:    diag iterations used for timing =       20
| QMMM:
| QMMM:              Internal diag routine = 0.021181 seconds
| QMMM:                 Dspev diag routine = 0.015678 seconds
| QMMM:                Dspevd diag routine = 0.004459 seconds
| QMMM:                Dspevx diag routine = 0.061509 seconds
| QMMM:                 Dsyev diag routine = 0.005523 seconds
| QMMM:                Dsyevd diag routine = 0.002992 seconds
| QMMM:                Dsyevr diag routine = 0.004433 seconds
| QMMM:
| QMMM:                Pseudo diag routine = 0.000916 seconds
| QMMM:
| QMMM: Using dsyevd routine (diag_routine=6).

  QMMM: QM Region Cartesian Coordinates (*=link atom) 
  QMMM: QM_NO.   MM_NO.  ATOM         X         Y         Z
  QMMM:     1        1      C        0.8320   -0.3950    0.5750
  QMMM:     2        2      C        0.8350   -0.2830    1.9660
  QMMM:     3        3      C        2.9710   -1.4090    2.0520
  QMMM:     4        4      C        1.8990   -1.0140   -0.0770
  QMMM:     5        5      C        2.9680   -1.5200    0.6620
  QMMM:     6        6      C        1.9040   -0.7900    2.7040
  QMMM:     7        7      C        1.8740   -1.1210   -1.5660
  QMMM:     8        8      C        4.1200   -2.1880   -0.0140
  QMMM:     9        9      O        1.9070   -0.6790    4.0610
  QMMM:    10       10      H       -0.0050    0.0030    0.0090
  QMMM:    11       11      H        0.0010    0.2010    2.4670
  QMMM:    12       12      H        3.8030   -1.8030    2.6310
  QMMM:    13       13      H        2.0530   -2.1580   -1.8750
  QMMM:    14       14      H        0.9070   -0.7980   -1.9710
  QMMM:    15       15      H        2.6410   -0.4840   -2.0230
  QMMM:    16       16      H        4.8840   -2.4650    0.7220
  QMMM:    17       17      H        3.8000   -3.0940   -0.5430
  QMMM:    18       18      H        4.5780   -1.5280   -0.7620
  QMMM:    19       19      H        1.2270   -0.0330    4.3250

--------------------------------------------------------------------------------
  RESULTS
--------------------------------------------------------------------------------

      iter         sqm energy              rms gradient
      ----    -------------------    -----------------------
xmin    10      -36.8106 kcal/mol        0.2752 kcal/(mol*A)
xmin    20      -36.8617 kcal/mol        0.2855 kcal/(mol*A)
xmin    30      -36.8695 kcal/mol        0.0856 kcal/(mol*A)
xmin    40      -36.8715 kcal/mol        0.0621 kcal/(mol*A)
xmin    50      -36.8725 kcal/mol        0.0175 kcal/(mol*A)
xmin    60      -36.8730 kcal/mol        0.0319 kcal/(mol*A)
xmin    70      -36.8735 kcal/mol        0.0084 kcal/(mol*A)
xmin    80      -36.8739 kcal/mol        0.0229 kcal/(mol*A)
xmin    90      -36.8742 kcal/mol        0.0222 kcal/(mol*A)
xmin   100      -36.8744 kcal/mol        0.0352 kcal/(mol*A)
xmin   110      -36.8747 kcal/mol        0.0466 kcal/(mol*A)
xmin   120      -36.8749 kcal/mol        0.0227 kcal/(mol*A)
xmin   130      -36.8751 kcal/mol        0.0079 kcal/(mol*A)
xmin   140      -36.8752 kcal/mol        0.0156 kcal/(mol*A)
xmin   150      -36.8753 kcal/mol        0.0160 kcal/(mol*A)
xmin   160      -36.8754 kcal/mol        0.0117 kcal/(mol*A)
xmin   170      -36.8754 kcal/mol        0.0115 kcal/(mol*A)
xmin   180      -36.8755 kcal/mol        0.0091 kcal/(mol*A)
xmin   190      -36.8755 kcal/mol        0.0163 kcal/(mol*A)
xmin   200      -36.8756 kcal/mol        0.0034 kcal/(mol*A)
xmin   210      -36.8756 kcal/mol        0.0240 kcal/(mol*A)
xmin   220      -36.8756 kcal/mol        0.0043 kcal/(mol*A)
xmin   230      -36.8756 kcal/mol        0.0074 kcal/(mol*A)
xmin   240      -36.8756 kcal/mol        0.0061 kcal/(mol*A)
xmin   250      -36.8757 kcal/mol        0.0083 kcal/(mol*A)
xmin   260      -36.8757 kcal/mol        0.0056 kcal/(mol*A)
xmin   270      -36.8757 kcal/mol        0.0027 kcal/(mol*A)
xmin   280      -36.8757 kcal/mol        0.0048 kcal/(mol*A)
xmin   290      -36.8757 kcal/mol        0.0076 kcal/(mol*A)
xmin   300      -36.8757 kcal/mol        0.0015 kcal/(mol*A)
xmin   310      -36.8757 kcal/mol        0.0018 kcal/(mol*A)
xmin   320      -36.8757 kcal/mol        0.0015 kcal/(mol*A)
xmin   330      -36.8757 kcal/mol        0.0046 kcal/(mol*A)
xmin   340      -36.8757 kcal/mol        0.0022 kcal/(mol*A)
xmin   350      -36.8757 kcal/mol        0.0015 kcal/(mol*A)
xmin   360      -36.8757 kcal/mol        0.0016 kcal/(mol*A)
  ... geometry converged !
 
 Final MO eigenvalues (eV):
 -40.3354  -37.9583  -33.2923  -32.4633  -28.2581  -26.4185  -22.9116  -21.8768
 -18.4538  -17.1692  -16.2623  -15.3556  -15.2454  -14.4870  -14.3754  -14.0475
 -13.4371  -13.1341  -12.9051  -12.2520  -11.8898  -11.8059   -9.5554   -8.8218
   0.4023    0.5422    2.7741    3.0814    3.7686    3.8692    4.1031    4.1589
   4.2131    4.3889    4.4313    4.6229    4.6523    4.7519    4.7837    4.9555
   5.1950    5.3394    5.4994    5.7537    5.9198    6.3954

 Heat of formation   =        -36.87572143 kcal/mol  (       -1.59905127 eV)

 Total SCF energy    =     -34191.33998609 kcal/mol  (    -1482.64775968 eV)
 Electronic energy   =    -157474.42122656 kcal/mol  (    -6828.60332278 eV)
 Core-core repulsion =     123283.08124047 kcal/mol  (     5345.95556309 eV)
 
    Atomic Charges for Step       1 :
  Atom    Element       Mulliken Charge
     1      C                 -0.089
     2      C                 -0.215
     3      C                 -0.155
     4      C                 -0.106
     5      C                 -0.036
     6      C                  0.077
     7      C                 -0.172
     8      C                 -0.180
     9      O                 -0.253
    10      H                  0.132
    11      H                  0.132
    12      H                  0.149
    13      H                  0.082
    14      H                  0.079
    15      H                  0.082
    16      H                  0.083
    17      H                  0.086
    18      H                  0.086
    19      H                  0.217
 Total Mulliken Charge =       0.000
 
                  X        Y        Z     TOTAL  
  QM DIPOLE    -0.782    0.323   -0.893    1.230
 
 Final Structure

  QMMM: QM Region Cartesian Coordinates (*=link atom) 
  QMMM: QM_NO.   MM_NO.  ATOM         X         Y         Z
  QMMM:     1        1      C        0.8254   -0.3904    0.5718
  QMMM:     2        2      C        0.8188   -0.2535    1.9572
  QMMM:     3        3      C        2.9826   -1.3750    2.0534
  QMMM:     4        4      C        1.8915   -1.0108   -0.0856
  QMMM:     5        5      C        2.9762   -1.5054    0.6642
  QMMM:     6        6      C        1.9024   -0.7489    2.6938
  QMMM:     7        7      C        1.8804   -1.1467   -1.5601
  QMMM:     8        8      C        4.1134   -2.1657   -0.0189
  QMMM:     9        9      O        1.9746   -0.6544    4.0660
  QMMM:    10       10      H       -0.0235   -0.0030   -0.0124
  QMMM:    11       11      H       -0.0232    0.2355    2.4656
  QMMM:    12       12      H        3.8203   -1.7547    2.6554
  QMMM:    13       13      H        1.9359   -2.2263   -1.8508
  QMMM:    14       14      H        0.9524   -0.7094   -2.0029
  QMMM:    15       15      H        2.7646   -0.6236   -2.0046
  QMMM:    16       16      H        4.8918   -2.4973    0.7108
  QMMM:    17       17      H        3.7545   -3.0612   -0.5866
  QMMM:    18       18      H        4.5873   -1.4607   -0.7478
  QMMM:    19       19      H        1.1739   -0.2063    4.3745

           --------- Calculation Completed ----------

