            --------------------------------------------------------
                             AMBER SQM VERSION 19
 
                                     By
              Ross C. Walker, Michael F. Crowley, Scott Brozell,
                         Tim Giese, Andreas W. Goetz,
                        Tai-Sung Lee and David A. Case
 
            --------------------------------------------------------
 

--------------------------------------------------------------------------------
  QM CALCULATION INFO
--------------------------------------------------------------------------------

| QMMM: Citation for AMBER QMMM Run:
| QMMM: R.C. Walker, M.F. Crowley and D.A. Case, J. COMP. CHEM. 29:1019, 2008

QMMM: SINGLET STATE CALCULATION
QMMM: RHF CALCULATION, NO. OF DOUBLY OCCUPIED LEVELS = 19

| QMMM: *** Selected Hamiltonian *** 
| QMMM: AM1         

| QMMM: *** Parameter sets in use ***
| QMMM: C : M.J.S.DEWAR et al. JACS, 107, 3902, (1985)
| QMMM: H : M.J.S.DEWAR et al. JACS, 107, 3902, (1985)

| QMMM: *** SCF convergence criteria ***
| QMMM: Energy change                :  0.1D-09 kcal/mol
| QMMM: Error matrix |FP-PF|         :  0.1D+00 au
| QMMM: Density matrix change        :  0.5D-06
| QMMM: Maximum number of SCF cycles :     1000

| QMMM: *** Diagonalization Routine Information ***
| QMMM: Pseudo diagonalizations are allowed.
| QMMM: Auto diagonalization routine selection is in use.
| QMMM:
| QMMM: Timing diagonalization routines:
| QMMM:                              norbs =       38
| QMMM:    diag iterations used for timing =       20
| QMMM:
| QMMM:              Internal diag routine = 0.002876 seconds
| QMMM:                 Dspev diag routine = 0.004287 seconds
| QMMM:                Dspevd diag routine = 0.003013 seconds
| QMMM:                Dspevx diag routine = 0.024135 seconds
| QMMM:                 Dsyev diag routine = 0.005765 seconds
| QMMM:                Dsyevd diag routine = 0.004967 seconds
| QMMM:                Dsyevr diag routine = 0.005928 seconds
| QMMM:
| QMMM:                Pseudo diag routine = 0.001219 seconds
| QMMM:
| QMMM: Using internal diagonalization routine (diag_routine=1).

  QMMM: QM Region Cartesian Coordinates (*=link atom) 
  QMMM: QM_NO.   MM_NO.  ATOM         X         Y         Z
  QMMM:     1        1      C        0.5940    2.3290    0.6860
  QMMM:     2        2      C        1.4190    4.1120   -1.6700
  QMMM:     3        3      C        1.7280    2.0730   -3.0800
  QMMM:     4        4      C        3.1400    2.4150   -1.0370
  QMMM:     5        5      C        0.6590    1.9010   -0.7750
  QMMM:     6        6      C        1.7370    2.6050   -1.6380
  QMMM:     7        7      H        0.3640    3.3930    0.7860
  QMMM:     8        8      H       -0.1970    1.7730    1.2000
  QMMM:     9        9      H        1.5320    2.1230    1.2100
  QMMM:    10       10      H        1.4290    4.5410   -0.6610
  QMMM:    11       11      H        0.4300    4.2990   -2.1030
  QMMM:    12       12      H        2.1540    4.6610   -2.2710
  QMMM:    13       13      H        2.0360    1.0230   -3.1280
  QMMM:    14       14      H        0.7300    2.1520   -3.5240
  QMMM:    15       15      H        2.4190    2.6410   -3.7140
  QMMM:    16       16      H        3.1700    2.7440    0.0080
  QMMM:    17       17      H        3.8870    2.9960   -1.5900
  QMMM:    18       18      H        3.4580    1.3680   -1.0700
  QMMM:    19       19      H       -0.3300    2.0710   -1.2220
  QMMM:    20       20      H        0.8240    0.8160   -0.8030

--------------------------------------------------------------------------------
  RESULTS
--------------------------------------------------------------------------------

      iter         sqm energy              rms gradient
      ----    -------------------    -----------------------
xmin    10      -37.7325 kcal/mol        0.1190 kcal/(mol*A)
xmin    20      -37.7436 kcal/mol        0.0223 kcal/(mol*A)
xmin    30      -37.7438 kcal/mol        0.0011 kcal/(mol*A)
xmin    40      -37.7439 kcal/mol        0.0024 kcal/(mol*A)
  ... geometry converged !
 
 Final MO eigenvalues (eV):
 -38.5220  -31.5241  -27.7994  -27.7868  -23.9825  -19.3262  -15.7994  -15.6194
 -14.9902  -14.2907  -13.5053  -12.9207  -12.7420  -12.4606  -12.3564  -11.8592
 -11.4256  -11.2637  -11.1844    3.7517    3.8518    3.9278    4.2690    4.4353
   4.5649    4.6494    4.7084    4.7892    4.7968    4.9770    4.9805    5.0051
   5.0352    5.1133    5.1867    5.3487    5.4273    5.4843

 Heat of formation   =        -37.74386407 kcal/mol  (       -1.63669676 eV)

 Total SCF energy    =     -22188.69205933 kcal/mol  (     -962.17388922 eV)
 Electronic energy   =    -106811.46843871 kcal/mol  (    -4631.69283373 eV)
 Core-core repulsion =      84622.77637939 kcal/mol  (     3669.51894451 eV)
 
    Atomic Charges for Step       1 :
  Atom    Element       Mulliken Charge
     1      C                 -0.210
     2      C                 -0.203
     3      C                 -0.205
     4      C                 -0.202
     5      C                 -0.149
     6      C                 -0.056
     7      H                  0.073
     8      H                  0.070
     9      H                  0.073
    10      H                  0.074
    11      H                  0.073
    12      H                  0.072
    13      H                  0.072
    14      H                  0.072
    15      H                  0.073
    16      H                  0.074
    17      H                  0.072
    18      H                  0.073
    19      H                  0.077
    20      H                  0.077
 Total Mulliken Charge =      -0.000
 
                  X        Y        Z     TOTAL  
  QM DIPOLE     0.003    0.003    0.003    0.005
 
 Final Structure

  QMMM: QM Region Cartesian Coordinates (*=link atom) 
  QMMM: QM_NO.   MM_NO.  ATOM         X         Y         Z
  QMMM:     1        1      C        0.5895    2.2833    0.6377
  QMMM:     2        2      C        1.4240    4.1311   -1.6332
  QMMM:     3        3      C        1.7183    2.1162   -3.0447
  QMMM:     4        4      C        3.1245    2.4239   -1.0279
  QMMM:     5        5      C        0.6851    1.8794   -0.8100
  QMMM:     6        6      C        1.7384    2.6432   -1.6139
  QMMM:     7        7      H        0.3254    3.3639    0.7361
  QMMM:     8        8      H       -0.2027    1.6823    1.1478
  QMMM:     9        9      H        1.5566    2.1072    1.1677
  QMMM:    10       10      H        1.5244    4.5675   -0.6106
  QMMM:    11       11      H        0.3820    4.3029   -1.9946
  QMMM:    12       12      H        2.1305    4.6641   -2.3142
  QMMM:    13       13      H        1.9553    1.0256   -3.0594
  QMMM:    14       14      H        0.7109    2.2694   -3.5001
  QMMM:    15       15      H        2.4748    2.6531   -3.6655
  QMMM:    16       16      H        3.2018    2.8899   -0.0164
  QMMM:    17       17      H        3.8980    2.8853   -1.6880
  QMMM:    18       18      H        3.3387    1.3323   -0.9361
  QMMM:    19       19      H       -0.3134    2.0322   -1.3006
  QMMM:    20       20      H        0.9209    0.7831   -0.8701

           --------- Calculation Completed ----------

