            --------------------------------------------------------
                             AMBER SQM VERSION 19
 
                                     By
              Ross C. Walker, Michael F. Crowley, Scott Brozell,
                         Tim Giese, Andreas W. Goetz,
                        Tai-Sung Lee and David A. Case
 
            --------------------------------------------------------
 

--------------------------------------------------------------------------------
  QM CALCULATION INFO
--------------------------------------------------------------------------------

| QMMM: Citation for AMBER QMMM Run:
| QMMM: R.C. Walker, M.F. Crowley and D.A. Case, J. COMP. CHEM. 29:1019, 2008

QMMM: SINGLET STATE CALCULATION
QMMM: RHF CALCULATION, NO. OF DOUBLY OCCUPIED LEVELS = 22

| QMMM: *** Selected Hamiltonian *** 
| QMMM: AM1         

| QMMM: *** Parameter sets in use ***
| QMMM: C : M.J.S.DEWAR et al. JACS, 107, 3902, (1985)
| QMMM: H : M.J.S.DEWAR et al. JACS, 107, 3902, (1985)

| QMMM: *** SCF convergence criteria ***
| QMMM: Energy change                :  0.1D-09 kcal/mol
| QMMM: Error matrix |FP-PF|         :  0.1D+00 au
| QMMM: Density matrix change        :  0.5D-06
| QMMM: Maximum number of SCF cycles :     1000

| QMMM: *** Diagonalization Routine Information ***
| QMMM: Pseudo diagonalizations are allowed.
| QMMM: Auto diagonalization routine selection is in use.
| QMMM:
| QMMM: Timing diagonalization routines:
| QMMM:                              norbs =       44
| QMMM:    diag iterations used for timing =       20
| QMMM:
| QMMM:              Internal diag routine = 0.016290 seconds
| QMMM:                 Dspev diag routine = 0.016037 seconds
| QMMM:                Dspevd diag routine = 0.013820 seconds
| QMMM:                Dspevx diag routine = 0.036230 seconds
| QMMM:                 Dsyev diag routine = 0.009480 seconds
| QMMM:                Dsyevd diag routine = 0.006390 seconds
| QMMM:                Dsyevr diag routine = 0.005453 seconds
| QMMM:
| QMMM:                Pseudo diag routine = 0.000852 seconds
| QMMM:
| QMMM: Using dsyevr routine (diag_routine=7).

  QMMM: QM Region Cartesian Coordinates (*=link atom) 
  QMMM: QM_NO.   MM_NO.  ATOM         X         Y         Z
  QMMM:     1        1      C       -0.5080   -0.4810    0.8470
  QMMM:     2        2      C       -2.4260   -3.7020    0.5510
  QMMM:     3        3      C       -2.7380   -0.6450    2.9740
  QMMM:     4        4      C       -4.3190   -1.3070    1.1670
  QMMM:     5        5      C       -1.9970   -0.5980    0.5480
  QMMM:     6        6      C       -2.3930   -2.8310    1.8010
  QMMM:     7        7      C       -2.8410   -1.3570    1.6080
  QMMM:     8        8      H       -0.3240    0.0580    1.7810
  QMMM:     9        9      H       -0.0130    0.0760    0.0450
  QMMM:    10       10      H       -0.0280   -1.4620    0.9090
  QMMM:    11       11      H       -2.0990   -4.7180    0.8000
  QMMM:    12       12      H       -3.4350   -3.7760    0.1360
  QMMM:    13       13      H       -1.7550   -3.3240   -0.2250
  QMMM:    14       14      H       -3.0040    0.4140    2.8900
  QMMM:    15       15      H       -1.7260   -0.7060    3.3880
  QMMM:    16       16      H       -3.4160   -1.1000    3.7060
  QMMM:    17       17      H       -4.4580   -1.7290    0.1660
  QMMM:    18       18      H       -4.9590   -1.8650    1.8590
  QMMM:    19       19      H       -4.6850   -0.2740    1.1360
  QMMM:    20       20      H       -2.3990    0.4170    0.4300
  QMMM:    21       21      H       -2.1140   -1.0780   -0.4320
  QMMM:    22       22      H       -1.3760   -2.8600    2.2120
  QMMM:    23       23      H       -3.0310   -3.3050    2.5590

--------------------------------------------------------------------------------
  RESULTS
--------------------------------------------------------------------------------

      iter         sqm energy              rms gradient
      ----    -------------------    -----------------------
xmin    10      -42.5371 kcal/mol        0.0831 kcal/(mol*A)
xmin    20      -42.5520 kcal/mol        0.0682 kcal/(mol*A)
xmin    30      -42.5542 kcal/mol        0.0100 kcal/(mol*A)
xmin    40      -42.5544 kcal/mol        0.0013 kcal/(mol*A)
xmin    50      -42.5544 kcal/mol        0.0006 kcal/(mol*A)
  ... geometry converged !
 
 Final MO eigenvalues (eV):
 -38.9305  -32.0776  -31.0347  -27.8114  -24.2330  -23.7160  -18.9863  -16.0225
 -16.0027  -14.8201  -14.7567  -13.6949  -13.5434  -13.0149  -12.7644  -12.5352
 -12.4029  -11.9097  -11.6954  -11.2160  -11.1236  -10.9962    3.6941    3.8224
   3.8791    4.1862    4.2963    4.3878    4.5828    4.6063    4.7204    4.7377
   4.8027    4.9404    4.9510    4.9726    5.0262    5.0465    5.1750    5.1768
   5.2440    5.3988    5.4066    5.5644

 Heat of formation   =        -42.55440517 kcal/mol  (       -1.84529748 eV)

 Total SCF energy    =     -25780.35563196 kcal/mol  (    -1117.92010893 eV)
 Electronic energy   =    -135208.04012252 kcal/mol  (    -5863.06058378 eV)
 Core-core repulsion =     109427.68449056 kcal/mol  (     4745.14047485 eV)
 
    Atomic Charges for Step       1 :
  Atom    Element       Mulliken Charge
     1      C                 -0.210
     2      C                 -0.210
     3      C                 -0.205
     4      C                 -0.205
     5      C                 -0.149
     6      C                 -0.149
     7      C                 -0.052
     8      H                  0.073
     9      H                  0.070
    10      H                  0.074
    11      H                  0.070
    12      H                  0.073
    13      H                  0.074
    14      H                  0.073
    15      H                  0.074
    16      H                  0.072
    17      H                  0.074
    18      H                  0.073
    19      H                  0.072
    20      H                  0.076
    21      H                  0.079
    22      H                  0.079
    23      H                  0.076
 Total Mulliken Charge =       0.000
 
                  X        Y        Z     TOTAL  
  QM DIPOLE     0.002   -0.001   -0.002    0.003
 
 Final Structure

  QMMM: QM Region Cartesian Coordinates (*=link atom) 
  QMMM: QM_NO.   MM_NO.  ATOM         X         Y         Z
  QMMM:     1        1      C       -0.5477   -0.5860    0.8246
  QMMM:     2        2      C       -2.3567   -3.6192    0.5607
  QMMM:     3        3      C       -2.7557   -0.6231    2.9553
  QMMM:     4        4      C       -4.3139   -1.3362    1.1758
  QMMM:     5        5      C       -2.0305   -0.6085    0.5611
  QMMM:     6        6      C       -2.3784   -2.7864    1.8155
  QMMM:     7        7      C       -2.8542   -1.3469    1.6167
  QMMM:     8        8      H       -0.3223   -0.1230    1.8153
  QMMM:     9        9      H       -0.0309    0.0110    0.0338
  QMMM:    10       10      H       -0.1245   -1.6198    0.8140
  QMMM:    11       11      H       -2.0456   -4.6645    0.8045
  QMMM:    12       12      H       -3.3664   -3.6569    0.0854
  QMMM:    13       13      H       -1.6328   -3.2038   -0.1818
  QMMM:    14       14      H       -3.0332    0.4514    2.8360
  QMMM:    15       15      H       -1.7170   -0.6804    3.3597
  QMMM:    16       16      H       -3.4487   -1.0899    3.6959
  QMMM:    17       17      H       -4.4222   -1.7810    0.1579
  QMMM:    18       18      H       -4.9386   -1.9237    1.8901
  QMMM:    19       19      H       -4.6980   -0.2881    1.1454
  QMMM:    20       20      H       -2.4086    0.4475    0.4987
  QMMM:    21       21      H       -2.2190   -1.0852   -0.4381
  QMMM:    22       22      H       -1.3473   -2.7647    2.2600
  QMMM:    23       23      H       -3.0519   -3.2758    2.5696

           --------- Calculation Completed ----------

