            --------------------------------------------------------
                             AMBER SQM VERSION 19
 
                                     By
              Ross C. Walker, Michael F. Crowley, Scott Brozell,
                         Tim Giese, Andreas W. Goetz,
                        Tai-Sung Lee and David A. Case
 
            --------------------------------------------------------
 

--------------------------------------------------------------------------------
  QM CALCULATION INFO
--------------------------------------------------------------------------------

| QMMM: Citation for AMBER QMMM Run:
| QMMM: R.C. Walker, M.F. Crowley and D.A. Case, J. COMP. CHEM. 29:1019, 2008

QMMM: SINGLET STATE CALCULATION
QMMM: RHF CALCULATION, NO. OF DOUBLY OCCUPIED LEVELS = 27

| QMMM: *** Selected Hamiltonian *** 
| QMMM: AM1         

| QMMM: *** Parameter sets in use ***
| QMMM: C : M.J.S.DEWAR et al. JACS, 107, 3902, (1985)
| QMMM: N : M.J.S.DEWAR et al. JACS, 107, 3902, (1985)
| QMMM: H : M.J.S.DEWAR et al. JACS, 107, 3902, (1985)

| QMMM: *** SCF convergence criteria ***
| QMMM: Energy change                :  0.1D-09 kcal/mol
| QMMM: Error matrix |FP-PF|         :  0.1D+00 au
| QMMM: Density matrix change        :  0.5D-06
| QMMM: Maximum number of SCF cycles :     1000

| QMMM: *** Diagonalization Routine Information ***
| QMMM: Pseudo diagonalizations are allowed.
| QMMM: Auto diagonalization routine selection is in use.
| QMMM:
| QMMM: Timing diagonalization routines:
| QMMM:                              norbs =       53
| QMMM:    diag iterations used for timing =       15
| QMMM:
| QMMM:              Internal diag routine = 0.011633 seconds
| QMMM:                 Dspev diag routine = 0.037170 seconds
| QMMM:                Dspevd diag routine = 0.007038 seconds
| QMMM:                Dspevx diag routine = 0.030864 seconds
| QMMM:                 Dsyev diag routine = 0.003706 seconds
| QMMM:                Dsyevd diag routine = 0.002872 seconds
| QMMM:                Dsyevr diag routine = 0.004327 seconds
| QMMM:
| QMMM:                Pseudo diag routine = 0.001079 seconds
| QMMM:
| QMMM: Using dsyevd routine (diag_routine=6).

  QMMM: QM Region Cartesian Coordinates (*=link atom) 
  QMMM: QM_NO.   MM_NO.  ATOM         X         Y         Z
  QMMM:     1        1      C       -0.5680   -2.0630    0.2280
  QMMM:     2        2      C        0.3420   -1.0310    0.0180
  QMMM:     3        3      C        3.0390   -5.3110   -0.1010
  QMMM:     4        4      C       -0.1300   -3.3870    0.2510
  QMMM:     5        5      C        1.6940   -1.3190   -0.1680
  QMMM:     6        6      C        1.6870   -5.0230    0.0860
  QMMM:     7        7      C        3.9500   -4.2790   -0.3090
  QMMM:     8        8      C        1.2280   -3.6950    0.0650
  QMMM:     9        9      C        2.1530   -2.6460   -0.1470
  QMMM:    10       10      C        3.5110   -2.9550   -0.3330
  QMMM:    11       11      N        4.4790   -1.9440   -0.5500
  QMMM:    12       12      H       -1.6210   -1.8370    0.3730
  QMMM:    13       13      H       -0.0010   -0.0000    0.0000
  QMMM:    14       14      H        3.3810   -6.3420   -0.0820
  QMMM:    15       15      H       -0.8590   -4.1770    0.4160
  QMMM:    16       16      H        2.3730   -0.4850   -0.3290
  QMMM:    17       17      H        0.9930   -5.8450    0.2470
  QMMM:    18       18      H        5.0000   -4.5180   -0.4530
  QMMM:    19       19      H        5.2800   -1.9090    0.0430
  QMMM:    20       20      H        4.2920   -1.2350   -1.2260

--------------------------------------------------------------------------------
  RESULTS
--------------------------------------------------------------------------------

      iter         sqm energy              rms gradient
      ----    -------------------    -----------------------
xmin    10       41.6077 kcal/mol        1.3438 kcal/(mol*A)
xmin    20       40.5980 kcal/mol        0.4949 kcal/(mol*A)
xmin    30       40.1943 kcal/mol        0.2525 kcal/(mol*A)
xmin    40       40.1545 kcal/mol        0.3039 kcal/(mol*A)
xmin    50       40.1436 kcal/mol        0.0333 kcal/(mol*A)
xmin    60       40.1429 kcal/mol        0.0051 kcal/(mol*A)
xmin    70       40.1429 kcal/mol        0.0057 kcal/(mol*A)
  ... geometry converged !
 
 Final MO eigenvalues (eV):
 -40.5385  -37.1642  -35.3618  -31.5286  -30.8425  -28.5823  -24.0039  -23.6270
 -21.9745  -18.5812  -18.2135  -17.2214  -16.1982  -16.0064  -14.8129  -14.6062
 -14.3535  -14.0646  -13.4801  -12.8083  -12.5223  -11.7844  -11.7420  -11.4628
  -9.9423   -9.3430   -8.1062   -0.1754    0.2310    1.2366    2.1812    2.9456
   3.2956    3.7312    3.8526    3.9441    4.0295    4.3088    4.4048    4.4796
   4.5103    4.7048    4.9549    5.0823    5.2613    5.3708    5.5238    5.6458
   5.7119    5.8939    6.0785    6.2149    6.3175

 Heat of formation   =         40.14292703 kcal/mol  (        1.74072794 eV)

 Total SCF energy    =     -37145.04731605 kcal/mol  (    -1610.73012081 eV)
 Electronic energy   =    -189934.68685618 kcal/mol  (    -8236.18606549 eV)
 Core-core repulsion =     152789.63954013 kcal/mol  (     6625.45594467 eV)
 
    Atomic Charges for Step       1 :
  Atom    Element       Mulliken Charge
     1      C                 -0.121
     2      C                 -0.139
     3      C                 -0.086
     4      C                 -0.125
     5      C                 -0.110
     6      C                 -0.164
     7      C                 -0.213
     8      C                 -0.006
     9      C                 -0.065
    10      C                  0.072
    11      N                 -0.327
    12      H                  0.132
    13      H                  0.131
    14      H                  0.130
    15      H                  0.133
    16      H                  0.127
    17      H                  0.132
    18      H                  0.130
    19      H                  0.185
    20      H                  0.185
 Total Mulliken Charge =      -0.000
 
                  X        Y        Z     TOTAL  
  QM DIPOLE     0.789    0.724    1.116    1.547
 
 Final Structure

  QMMM: QM Region Cartesian Coordinates (*=link atom) 
  QMMM: QM_NO.   MM_NO.  ATOM         X         Y         Z
  QMMM:     1        1      C       -0.5912   -2.0845    0.1926
  QMMM:     2        2      C        0.3160   -1.0299   -0.0616
  QMMM:     3        3      C        3.0290   -5.3016   -0.0621
  QMMM:     4        4      C       -0.1375   -3.3778    0.2520
  QMMM:     5        5      C        1.6527   -1.2903   -0.2437
  QMMM:     6        6      C        1.6986   -5.0194    0.1183
  QMMM:     7        7      C        3.9596   -4.2708   -0.2898
  QMMM:     8        8      C        1.2418   -3.6760    0.0652
  QMMM:     9        9      C        2.1565   -2.6189   -0.1782
  QMMM:    10       10      C        3.5548   -2.9367   -0.3554
  QMMM:    11       11      N        4.4826   -1.9356   -0.6630
  QMMM:    12       12      H       -1.6568   -1.8534    0.3369
  QMMM:    13       13      H       -0.0641    0.0008   -0.1158
  QMMM:    14       14      H        3.3909   -6.3405   -0.0264
  QMMM:    15       15      H       -0.8308   -4.2108    0.4432
  QMMM:    16       16      H        2.3285   -0.4490   -0.4575
  QMMM:    17       17      H        0.9688   -5.8203    0.3038
  QMMM:    18       18      H        5.0178   -4.5417   -0.4237
  QMMM:    19       19      H        5.4317   -2.2049   -0.5226
  QMMM:    20       20      H        4.2740   -1.0396   -0.2830

           --------- Calculation Completed ----------

