            --------------------------------------------------------
                             AMBER SQM VERSION 19
 
                                     By
              Ross C. Walker, Michael F. Crowley, Scott Brozell,
                         Tim Giese, Andreas W. Goetz,
                        Tai-Sung Lee and David A. Case
 
            --------------------------------------------------------
 

--------------------------------------------------------------------------------
  QM CALCULATION INFO
--------------------------------------------------------------------------------

| QMMM: Citation for AMBER QMMM Run:
| QMMM: R.C. Walker, M.F. Crowley and D.A. Case, J. COMP. CHEM. 29:1019, 2008

QMMM: SINGLET STATE CALCULATION
QMMM: RHF CALCULATION, NO. OF DOUBLY OCCUPIED LEVELS = 24

| QMMM: *** Selected Hamiltonian *** 
| QMMM: AM1         

| QMMM: *** Parameter sets in use ***
| QMMM: C : M.J.S.DEWAR et al. JACS, 107, 3902, (1985)
| QMMM: H : M.J.S.DEWAR et al. JACS, 107, 3902, (1985)

| QMMM: *** SCF convergence criteria ***
| QMMM: Energy change                :  0.1D-09 kcal/mol
| QMMM: Error matrix |FP-PF|         :  0.1D+00 au
| QMMM: Density matrix change        :  0.5D-06
| QMMM: Maximum number of SCF cycles :     1000

| QMMM: *** Diagonalization Routine Information ***
| QMMM: Pseudo diagonalizations are allowed.
| QMMM: Auto diagonalization routine selection is in use.
| QMMM:
| QMMM: Timing diagonalization routines:
| QMMM:                              norbs =       48
| QMMM:    diag iterations used for timing =       20
| QMMM:
| QMMM:              Internal diag routine = 0.010207 seconds
| QMMM:                 Dspev diag routine = 0.008630 seconds
| QMMM:                Dspevd diag routine = 0.007517 seconds
| QMMM:                Dspevx diag routine = 0.036074 seconds
| QMMM:                 Dsyev diag routine = 0.008603 seconds
| QMMM:                Dsyevd diag routine = 0.007419 seconds
| QMMM:                Dsyevr diag routine = 0.009090 seconds
| QMMM:
| QMMM:                Pseudo diag routine = 0.002704 seconds
| QMMM:
| QMMM: Using dsyevd routine (diag_routine=6).

  QMMM: QM Region Cartesian Coordinates (*=link atom) 
  QMMM: QM_NO.   MM_NO.  ATOM         X         Y         Z
  QMMM:     1        1      C        1.8850   -1.0380   -0.1090
  QMMM:     2        2      C        0.8180   -0.4410    0.5630
  QMMM:     3        3      C        2.9350   -1.6040    0.6140
  QMMM:     4        4      C        0.8010   -0.4100    1.9570
  QMMM:     5        5      C        2.9180   -1.5730    2.0080
  QMMM:     6        6      C        1.8510   -0.9770    2.6800
  QMMM:     7        7      C        2.4570    0.3580    6.2520
  QMMM:     8        8      C        1.8330   -0.9440    4.1710
  QMMM:     9        9      C        2.5100    0.3140    4.7330
  QMMM:    10       10      H        1.8980   -1.0610   -1.1950
  QMMM:    11       11      H        0.0000    0.0000   -0.0000
  QMMM:    12       12      H        3.7650   -2.0680    0.0910
  QMMM:    13       13      H       -0.0350    0.0570    2.4720
  QMMM:    14       14      H        3.7400   -2.0170    2.5630
  QMMM:    15       15      H        1.4220    0.3580    6.6090
  QMMM:    16       16      H        2.9710   -0.5050    6.6870
  QMMM:    17       17      H        2.9440    1.2660    6.6220
  QMMM:    18       18      H        0.7950   -0.9980    4.5390
  QMMM:    19       19      H        2.3300   -1.8410    4.5770
  QMMM:    20       20      H        3.5570    0.3510    4.4090
  QMMM:    21       21      H        2.0220    1.2110    4.3310

--------------------------------------------------------------------------------
  RESULTS
--------------------------------------------------------------------------------

      iter         sqm energy              rms gradient
      ----    -------------------    -----------------------
xmin    10        1.6360 kcal/mol        0.0305 kcal/(mol*A)
xmin    20        1.6348 kcal/mol        0.0224 kcal/(mol*A)
xmin    30        1.6344 kcal/mol        0.0329 kcal/(mol*A)
xmin    40        1.6342 kcal/mol        0.0339 kcal/(mol*A)
xmin    50        1.6341 kcal/mol        0.0127 kcal/(mol*A)
xmin    60        1.6341 kcal/mol        0.0095 kcal/(mol*A)
  ... geometry converged !
 
 Final MO eigenvalues (eV):
 -39.5833  -35.7767  -31.7030  -31.3637  -27.0847  -23.1802  -22.8611  -21.3293
 -17.4345  -16.2701  -16.0806  -15.0489  -14.6200  -14.3627  -14.1090  -13.1616
 -12.8378  -12.7877  -12.0070  -11.8216  -11.6999  -11.3001   -9.6182   -9.3697
   0.5218    0.6065    2.9358    3.7452    3.8776    4.0615    4.0671    4.1435
   4.2038    4.3857    4.4998    4.5821    4.6986    4.8329    4.8462    4.9796
   5.0491    5.2172    5.2282    5.2433    5.6381    5.6891    5.8061    6.1759


 Heat of formation   =          1.63412830 kcal/mol  (        0.07086112 eV)

 Total SCF energy    =     -30390.55313717 kcal/mol  (    -1317.83327424 eV)
 Electronic energy   =    -150230.76347368 kcal/mol  (    -6514.49475191 eV)
 Core-core repulsion =     119840.21033652 kcal/mol  (     5196.66147767 eV)
 
    Atomic Charges for Step       1 :
  Atom    Element       Mulliken Charge
     1      C                 -0.133
     2      C                 -0.128
     3      C                 -0.128
     4      C                 -0.128
     5      C                 -0.128
     6      C                 -0.070
     7      C                 -0.212
     8      C                 -0.124
     9      C                 -0.156
    10      H                  0.130
    11      H                  0.130
    12      H                  0.130
    13      H                  0.130
    14      H                  0.130
    15      H                  0.072
    16      H                  0.072
    17      H                  0.074
    18      H                  0.086
    19      H                  0.086
    20      H                  0.083
    21      H                  0.083
 Total Mulliken Charge =       0.000
 
                  X        Y        Z     TOTAL  
  QM DIPOLE     0.035    0.077    0.242    0.257
 
 Final Structure

  QMMM: QM Region Cartesian Coordinates (*=link atom) 
  QMMM: QM_NO.   MM_NO.  ATOM         X         Y         Z
  QMMM:     1        1      C        1.8917   -1.0393   -0.1033
  QMMM:     2        2      C        0.8243   -0.4396    0.5649
  QMMM:     3        3      C        2.9376   -1.6036    0.6266
  QMMM:     4        4      C        0.8022   -0.4039    1.9581
  QMMM:     5        5      C        2.9173   -1.5689    2.0198
  QMMM:     6        6      C        1.8491   -0.9682    2.6964
  QMMM:     7        7      C        2.4662    0.3434    6.2323
  QMMM:     8        8      C        1.8249   -0.9333    4.1843
  QMMM:     9        9      C        2.4957    0.3158    4.7262
  QMMM:    10       10      H        1.9081   -1.0677   -1.2022
  QMMM:    11       11      H       -0.0024    0.0057   -0.0076
  QMMM:    12       12      H        3.7804   -2.0778    0.1027
  QMMM:    13       13      H       -0.0412    0.0693    2.4825
  QMMM:    14       14      H        3.7435   -2.0153    2.5929
  QMMM:    15       15      H        1.4142    0.3296    6.6074
  QMMM:    16       16      H        2.9995   -0.5425    6.6545
  QMMM:    17       17      H        2.9637    1.2683    6.6120
  QMMM:    18       18      H        0.7626   -0.9700    4.5470
  QMMM:    19       19      H        2.3460   -1.8403    4.5933
  QMMM:    20       20      H        3.5577    0.3532    4.3666
  QMMM:    21       21      H        1.9759    1.2230    4.3196

           --------- Calculation Completed ----------

