            --------------------------------------------------------
                             AMBER SQM VERSION 19
 
                                     By
              Ross C. Walker, Michael F. Crowley, Scott Brozell,
                         Tim Giese, Andreas W. Goetz,
                        Tai-Sung Lee and David A. Case
 
            --------------------------------------------------------
 

--------------------------------------------------------------------------------
  QM CALCULATION INFO
--------------------------------------------------------------------------------

| QMMM: Citation for AMBER QMMM Run:
| QMMM: R.C. Walker, M.F. Crowley and D.A. Case, J. COMP. CHEM. 29:1019, 2008

QMMM: SINGLET STATE CALCULATION
QMMM: RHF CALCULATION, NO. OF DOUBLY OCCUPIED LEVELS = 64

| QMMM: *** Selected Hamiltonian *** 
| QMMM: AM1         

| QMMM: *** Parameter sets in use ***
| QMMM: C : M.J.S.DEWAR et al. JACS, 107, 3902, (1985)
| QMMM: N : M.J.S.DEWAR et al. JACS, 107, 3902, (1985)
| QMMM: O : M.J.S.DEWAR et al. JACS, 107, 3902, (1985)
| QMMM: F : M.J.S.DEWAR et al. THEOCHEM, 180, 1, (1988)
| QMMM: H : M.J.S.DEWAR et al. JACS, 107, 3902, (1985)

| QMMM: *** SCF convergence criteria ***
| QMMM: Energy change                :  0.1D-09 kcal/mol
| QMMM: Error matrix |FP-PF|         :  0.1D+00 au
| QMMM: Density matrix change        :  0.5D-06
| QMMM: Maximum number of SCF cycles :     1000

| QMMM: *** Diagonalization Routine Information ***
| QMMM: Pseudo diagonalizations are allowed.
| QMMM: Auto diagonalization routine selection is in use.
| QMMM:
| QMMM: Timing diagonalization routines:
| QMMM:                              norbs =      108
| QMMM:    diag iterations used for timing =       10
| QMMM:
| QMMM:              Internal diag routine = 0.062616 seconds
| QMMM:                 Dspev diag routine = 0.041130 seconds
| QMMM:                Dspevd diag routine = 0.023372 seconds
| QMMM:                Dspevx diag routine = 0.074944 seconds
| QMMM:                 Dsyev diag routine = 0.027553 seconds
| QMMM:                Dsyevd diag routine = 0.016728 seconds
| QMMM:                Dsyevr diag routine = 0.018927 seconds
| QMMM:
| QMMM:                Pseudo diag routine = 0.008659 seconds
| QMMM:
| QMMM: Using dsyevd routine (diag_routine=6).

  QMMM: QM Region Cartesian Coordinates (*=link atom) 
  QMMM: QM_NO.   MM_NO.  ATOM         X         Y         Z
  QMMM:     1        1      C        4.5900   -2.1530   -1.9050
  QMMM:     2        2      C        2.4150   -2.7090   -2.7590
  QMMM:     3        3      C        3.6460   -3.1310   -2.2470
  QMMM:     4        4      C        4.2980   -0.7830   -2.0820
  QMMM:     5        5      C        2.1560   -1.3340   -2.9200
  QMMM:     6        6      C        3.0680   -0.3130   -2.5800
  QMMM:     7        7      C        1.5320    2.3080    0.6770
  QMMM:     8        8      C        2.8190    3.1290   -5.9430
  QMMM:     9        9      C        1.6310    1.3760   -0.5210
  QMMM:    10       10      C        2.2470    2.5050   -4.6800
  QMMM:    11       11      C        2.6490    1.8890   -1.5430
  QMMM:    12       12      C        3.2970    1.6670   -3.9460
  QMMM:    13       13      C        3.9410   -4.5990   -2.0380
  QMMM:    14       14      N        2.6970    1.0320   -2.7500
  QMMM:    15       15      N        5.3690    0.1300   -1.7420
  QMMM:    16       16      N        0.8620   -0.9860   -3.4700
  QMMM:    17       17      O        5.9920    0.6470   -2.6780
  QMMM:    18       18      O        5.6080    0.2820   -0.5370
  QMMM:    19       19      O       -0.0900   -0.9450   -2.6790
  QMMM:    20       20      O        0.7970   -0.8430   -4.6990
  QMMM:    21       21      F        5.2560   -4.8990   -2.2100
  QMMM:    22       22      F        3.6170   -5.0100   -0.7840
  QMMM:    23       23      F        3.2550   -5.4030   -2.8940
  QMMM:    24       24      H        5.5600   -2.4550   -1.5050
  QMMM:    25       25      H        1.6550   -3.4420   -3.0340
  QMMM:    26       26      H        2.4960    2.3940    1.1880
  QMMM:    27       27      H        1.2140    3.3100    0.3700
  QMMM:    28       28      H        0.7990    1.9260    1.3940
  QMMM:    29       29      H        3.6610    3.7880   -5.7070
  QMMM:    30       30      H        3.1690    2.3590   -6.6370
  QMMM:    31       31      H        2.0540    3.7230   -6.4520
  QMMM:    32       32      H        0.6450    1.2880   -0.9910
  QMMM:    33       33      H        1.9090    0.3770   -0.1660
  QMMM:    34       34      H        1.3860    1.8800   -4.9450
  QMMM:    35       35      H        1.8680    3.3010   -4.0300
  QMMM:    36       36      H        2.3470    2.9000   -1.8400
  QMMM:    37       37      H        3.6370    1.9940   -1.0860
  QMMM:    38       38      H        3.6840    0.9080   -4.6400
  QMMM:    39       39      H        4.1430    2.3010   -3.6540

--------------------------------------------------------------------------------
  RESULTS
--------------------------------------------------------------------------------

      iter         sqm energy              rms gradient
      ----    -------------------    -----------------------
xmin    10     -126.8544 kcal/mol        1.1000 kcal/(mol*A)
xmin    20     -127.6586 kcal/mol        2.0138 kcal/(mol*A)
xmin    30     -127.9284 kcal/mol        0.2485 kcal/(mol*A)
xmin    40     -128.0566 kcal/mol        0.4908 kcal/(mol*A)
xmin    50     -127.9614 kcal/mol        1.3786 kcal/(mol*A)
xmin    60     -128.1080 kcal/mol        0.0479 kcal/(mol*A)
xmin    70     -128.1128 kcal/mol        0.1390 kcal/(mol*A)
xmin    80     -128.1264 kcal/mol        0.0485 kcal/(mol*A)
xmin    90     -128.1340 kcal/mol        0.0512 kcal/(mol*A)
xmin   100     -128.1451 kcal/mol        0.0656 kcal/(mol*A)
xmin   110     -128.1540 kcal/mol        0.0975 kcal/(mol*A)
xmin   120     -128.1581 kcal/mol        0.0185 kcal/(mol*A)
xmin   130     -128.1587 kcal/mol        0.0073 kcal/(mol*A)
xmin   140     -128.1587 kcal/mol        0.0046 kcal/(mol*A)
xmin   150     -128.1588 kcal/mol        0.0054 kcal/(mol*A)
xmin   160     -128.1588 kcal/mol        0.0013 kcal/(mol*A)
xmin   170     -128.1588 kcal/mol        0.0014 kcal/(mol*A)
xmin   180     -128.1588 kcal/mol        0.0008 kcal/(mol*A)
  ... geometry converged !
 
 Final MO eigenvalues (eV):
 -52.6530  -49.3418  -49.2579  -44.2108  -43.9061  -41.1549  -39.1962  -38.3829
 -38.3604  -35.3452  -34.5420  -33.9556  -32.5393  -28.3342  -28.0412  -27.9132
 -27.8453  -25.2979  -24.1188  -23.6967  -22.4823  -22.0562  -21.6661  -20.4529
 -20.1450  -20.0917  -20.0370  -19.7008  -19.4101  -19.0857  -18.7171  -18.6619
 -17.3593  -17.2164  -16.4874  -16.2638  -16.0067  -15.9397  -15.5337  -15.3890
 -15.1970  -15.0707  -15.0566  -14.9509  -14.6761  -14.2443  -14.0937  -13.6749
 -13.5075  -13.1603  -13.0736  -12.9857  -12.8794  -12.6775  -12.5607  -12.4454
 -12.3734  -12.2764  -12.1724  -11.9060  -11.7535  -11.5599  -11.3991  -10.1652
  -2.0015   -1.7143   -0.6146   -0.4867   -0.3849    0.0276    0.6801    0.7394
   1.1861    2.1004    2.2412    2.2848    2.4669    2.6365    2.7737    2.9128
   3.0363    3.1856    3.3207    3.3935    3.4856    3.5268    3.6085    3.7963
   3.8686    3.9687    4.0466    4.0923    4.1435    4.2948    4.4273    4.5355
   4.6130    4.6804    4.7536    4.8019    4.8240    4.8486    4.8757    5.0298
   5.3386    5.3869    6.4379    6.7057

 Heat of formation   =       -128.15879876 kcal/mol  (       -5.55738254 eV)

 Total SCF energy    =    -120769.77258870 kcal/mol  (    -5236.97032170 eV)
 Electronic energy   =    -781220.46969211 kcal/mol  (   -33876.26164052 eV)
 Core-core repulsion =     660450.69710342 kcal/mol  (    28639.29131882 eV)
 
    Atomic Charges for Step       1 :
  Atom    Element       Mulliken Charge
     1      C                 -0.003
     2      C                 -0.009
     3      C                 -0.177
     4      C                 -0.163
     5      C                 -0.119
     6      C                  0.191
     7      C                 -0.210
     8      C                 -0.212
     9      C                 -0.175
    10      C                 -0.170
    11      C                 -0.047
    12      C                 -0.036
    13      C                  0.475
    14      N                 -0.297
    15      N                  0.572
    16      N                  0.585
    17      O                 -0.341
    18      O                 -0.338
    19      O                 -0.331
    20      O                 -0.327
    21      F                 -0.154
    22      F                 -0.151
    23      F                 -0.155
    24      H                  0.193
    25      H                  0.184
    26      H                  0.076
    27      H                  0.079
    28      H                  0.083
    29      H                  0.073
    30      H                  0.074
    31      H                  0.081
    32      H                  0.110
    33      H                  0.075
    34      H                  0.105
    35      H                  0.086
    36      H                  0.111
    37      H                  0.073
    38      H                  0.091
    39      H                  0.098
 Total Mulliken Charge =       0.000
 
                  X        Y        Z     TOTAL  
  QM DIPOLE     0.288    0.255    0.078    0.393
 
 Final Structure

  QMMM: QM Region Cartesian Coordinates (*=link atom) 
  QMMM: QM_NO.   MM_NO.  ATOM         X         Y         Z
  QMMM:     1        1      C        4.5569   -2.1261   -1.9036
  QMMM:     2        2      C        2.3483   -2.6374   -2.7537
  QMMM:     3        3      C        3.5806   -3.0545   -2.2493
  QMMM:     4        4      C        4.3075   -0.7549   -2.0767
  QMMM:     5        5      C        2.1010   -1.2719   -2.9044
  QMMM:     6        6      C        3.0643   -0.2752   -2.5717
  QMMM:     7        7      C        1.5392    2.2369    0.6811
  QMMM:     8        8      C        2.9498    3.0220   -5.9994
  QMMM:     9        9      C        1.7566    1.2474   -0.4343
  QMMM:    10       10      C        2.2639    2.3582   -4.8335
  QMMM:    11       11      C        2.5685    1.8948   -1.5541
  QMMM:    12       12      C        3.3087    1.7546   -3.8932
  QMMM:    13       13      C        3.8525   -4.5451   -2.0566
  QMMM:    14       14      N        2.6995    1.0788   -2.7505
  QMMM:    15       15      N        5.4105    0.1796   -1.7066
  QMMM:    16       16      N        0.7588   -0.8446   -3.4249
  QMMM:    17       17      O        5.5517    1.2056   -2.3114
  QMMM:    18       18      O        6.1465   -0.1479   -0.8159
  QMMM:    19       19      O       -0.1351   -0.7130   -2.6390
  QMMM:    20       20      O        0.6345   -0.6655   -4.6018
  QMMM:    21       21      F        5.1697   -4.8989   -2.2082
  QMMM:    22       22      F        3.5101   -5.0138   -0.8126
  QMMM:    23       23      F        3.1722   -5.3568   -2.9295
  QMMM:    24       24      H        5.5273   -2.4712   -1.4949
  QMMM:    25       25      H        1.5853   -3.3900   -3.0264
  QMMM:    26       26      H        2.5145    2.5959    1.0906
  QMMM:    27       27      H        0.9627    3.1220    0.3181
  QMMM:    28       28      H        0.9633    1.7571    1.5091
  QMMM:    29       29      H        3.6350    3.8322   -5.6503
  QMMM:    30       30      H        3.5502    2.2813   -6.5812
  QMMM:    31       31      H        2.1895    3.4724   -6.6824
  QMMM:    32       32      H        0.7664    0.8939   -0.8303
  QMMM:    33       33      H        2.2990    0.3483   -0.0397
  QMMM:    34       34      H        1.5710    1.5551   -5.2023
  QMMM:    35       35      H        1.6408    3.1089   -4.2806
  QMMM:    36       36      H        2.0403    2.8347   -1.8896
  QMMM:    37       37      H        3.5783    2.1996   -1.1501
  QMMM:    38       38      H        3.9405    1.0241   -4.4738
  QMMM:    39       39      H        3.9986    2.5724   -3.5314

           --------- Calculation Completed ----------

