            --------------------------------------------------------
                             AMBER SQM VERSION 19
 
                                     By
              Ross C. Walker, Michael F. Crowley, Scott Brozell,
                         Tim Giese, Andreas W. Goetz,
                        Tai-Sung Lee and David A. Case
 
            --------------------------------------------------------
 

--------------------------------------------------------------------------------
  QM CALCULATION INFO
--------------------------------------------------------------------------------

| QMMM: Citation for AMBER QMMM Run:
| QMMM: R.C. Walker, M.F. Crowley and D.A. Case, J. COMP. CHEM. 29:1019, 2008

QMMM: SINGLET STATE CALCULATION
QMMM: RHF CALCULATION, NO. OF DOUBLY OCCUPIED LEVELS = 15

| QMMM: *** Selected Hamiltonian *** 
| QMMM: AM1         

| QMMM: *** Parameter sets in use ***
| QMMM: C : M.J.S.DEWAR et al. JACS, 107, 3902, (1985)
| QMMM: N : M.J.S.DEWAR et al. JACS, 107, 3902, (1985)
| QMMM: H : M.J.S.DEWAR et al. JACS, 107, 3902, (1985)

| QMMM: *** SCF convergence criteria ***
| QMMM: Energy change                :  0.1D-09 kcal/mol
| QMMM: Error matrix |FP-PF|         :  0.1D+00 au
| QMMM: Density matrix change        :  0.5D-06
| QMMM: Maximum number of SCF cycles :     1000

| QMMM: *** Diagonalization Routine Information ***
| QMMM: Pseudo diagonalizations are allowed.
| QMMM: Auto diagonalization routine selection is in use.
| QMMM:
| QMMM: Timing diagonalization routines:
| QMMM:                              norbs =       29
| QMMM:    diag iterations used for timing =       20
| QMMM:
| QMMM:              Internal diag routine = 0.002137 seconds
| QMMM:                 Dspev diag routine = 0.011597 seconds
| QMMM:                Dspevd diag routine = 0.001888 seconds
| QMMM:                Dspevx diag routine = 0.015732 seconds
| QMMM:                 Dsyev diag routine = 0.001940 seconds
| QMMM:                Dsyevd diag routine = 0.001710 seconds
| QMMM:                Dsyevr diag routine = 0.003298 seconds
| QMMM:
| QMMM:                Pseudo diag routine = 0.001068 seconds
| QMMM:
| QMMM: Using dsyevd routine (diag_routine=6).

  QMMM: QM Region Cartesian Coordinates (*=link atom) 
  QMMM: QM_NO.   MM_NO.  ATOM         X         Y         Z
  QMMM:     1        1      C        1.2860   -0.0600    1.7330
  QMMM:     2        2      C        0.1840   -0.4390    0.9740
  QMMM:     3        3      C        1.4970   -0.6400    2.9790
  QMMM:     4        4      C       -0.6700   -1.3940    1.5010
  QMMM:     5        5      C        0.5840   -1.5860    3.4170
  QMMM:     6        6      N       -0.4980   -1.9790    2.7080
  QMMM:     7        7      H        1.9790    0.6850    1.3550
  QMMM:     8        8      H        0.0000   -0.0000   -0.0010
  QMMM:     9        9      H        2.3490   -0.3600    3.5880
  QMMM:    10       10      H       -1.5430   -1.7240    0.9480
  QMMM:    11       11      H        0.7030   -2.0680    4.3820

--------------------------------------------------------------------------------
  RESULTS
--------------------------------------------------------------------------------

      iter         sqm energy              rms gradient
      ----    -------------------    -----------------------
xmin    10       31.9425 kcal/mol        0.0038 kcal/(mol*A)
  ... geometry converged !
 
 Final MO eigenvalues (eV):
 -39.9521  -33.1283  -31.4868  -24.1132  -24.0181  -17.9845  -16.6927  -16.5861
 -14.4293  -14.3589  -13.9391  -12.5447  -10.7179  -10.6450   -9.9323    0.1384
   0.2782    2.7913    3.5176    3.7586    3.8408    3.9735    4.0250    4.5034
   4.7256    5.0525    5.1855    5.6473    6.8258

 Heat of formation   =         31.94254613 kcal/mol  (        1.38513274 eV)

 Total SCF energy    =     -21108.47255760 kcal/mol  (     -915.33205661 eV)
 Electronic energy   =     -77018.73923284 kcal/mol  (    -3339.78315046 eV)
 Core-core repulsion =      55910.26667525 kcal/mol  (     2424.45109385 eV)
 
    Atomic Charges for Step       1 :
  Atom    Element       Mulliken Charge
     1      C                 -0.093
     2      C                 -0.181
     3      C                 -0.181
     4      C                 -0.072
     5      C                 -0.072
     6      N                 -0.139
     7      H                  0.137
     8      H                  0.143
     9      H                  0.143
    10      H                  0.158
    11      H                  0.158
 Total Mulliken Charge =      -0.000
 
                  X        Y        Z     TOTAL  
  QM DIPOLE     1.260    1.355   -0.688    1.974
 
 Final Structure

  QMMM: QM Region Cartesian Coordinates (*=link atom) 
  QMMM: QM_NO.   MM_NO.  ATOM         X         Y         Z
  QMMM:     1        1      C        1.2982   -0.0470    1.7264
  QMMM:     2        2      C        0.1895   -0.4336    0.9712
  QMMM:     3        3      C        1.5013   -0.6347    2.9762
  QMMM:     4        4      C       -0.6793   -1.4033    1.5047
  QMMM:     5        5      C        0.5758   -1.5958    3.4230
  QMMM:     6        6      N       -0.4995   -1.9813    2.7084
  QMMM:     7        7      H        1.9997    0.7079    1.3431
  QMMM:     8        8      H       -0.0058    0.0044   -0.0159
  QMMM:     9        9      H        2.3604   -0.3585    3.6007
  QMMM:    10       10      H       -1.5682   -1.7377    0.9405
  QMMM:    11       11      H        0.6988   -2.0854    4.4056

           --------- Calculation Completed ----------

