            --------------------------------------------------------
                             AMBER SQM VERSION 19
 
                                     By
              Ross C. Walker, Michael F. Crowley, Scott Brozell,
                         Tim Giese, Andreas W. Goetz,
                        Tai-Sung Lee and David A. Case
 
            --------------------------------------------------------
 

--------------------------------------------------------------------------------
  QM CALCULATION INFO
--------------------------------------------------------------------------------

| QMMM: Citation for AMBER QMMM Run:
| QMMM: R.C. Walker, M.F. Crowley and D.A. Case, J. COMP. CHEM. 29:1019, 2008

QMMM: SINGLET STATE CALCULATION
QMMM: RHF CALCULATION, NO. OF DOUBLY OCCUPIED LEVELS = 41

| QMMM: *** Selected Hamiltonian *** 
| QMMM: AM1         

| QMMM: *** Parameter sets in use ***
| QMMM: C : M.J.S.DEWAR et al. JACS, 107, 3902, (1985)
| QMMM: N : M.J.S.DEWAR et al. JACS, 107, 3902, (1985)
| QMMM: O : M.J.S.DEWAR et al. JACS, 107, 3902, (1985)
| QMMM: H : M.J.S.DEWAR et al. JACS, 107, 3902, (1985)

| QMMM: *** SCF convergence criteria ***
| QMMM: Energy change                :  0.1D-09 kcal/mol
| QMMM: Error matrix |FP-PF|         :  0.1D+00 au
| QMMM: Density matrix change        :  0.5D-06
| QMMM: Maximum number of SCF cycles :     1000

| QMMM: *** Diagonalization Routine Information ***
| QMMM: Pseudo diagonalizations are allowed.
| QMMM: Auto diagonalization routine selection is in use.
| QMMM:
| QMMM: Timing diagonalization routines:
| QMMM:                              norbs =       77
| QMMM:    diag iterations used for timing =       15
| QMMM:
| QMMM:              Internal diag routine = 0.018476 seconds
| QMMM:                 Dspev diag routine = 0.038923 seconds
| QMMM:                Dspevd diag routine = 0.029707 seconds
| QMMM:                Dspevx diag routine = 0.060067 seconds
| QMMM:                 Dsyev diag routine = 0.019121 seconds
| QMMM:                Dsyevd diag routine = 0.028877 seconds
| QMMM:                Dsyevr diag routine = 0.020612 seconds
| QMMM:
| QMMM:                Pseudo diag routine = 0.007795 seconds
| QMMM:
| QMMM: Using internal diagonalization routine (diag_routine=1).

  QMMM: QM Region Cartesian Coordinates (*=link atom) 
  QMMM: QM_NO.   MM_NO.  ATOM         X         Y         Z
  QMMM:     1        1      C        1.2900   -1.6870   -0.3520
  QMMM:     2        2      C        0.9560   -0.4630    0.2260
  QMMM:     3        3      C        2.5180   -2.2840   -0.0640
  QMMM:     4        4      C        1.8480    0.1680    1.0930
  QMMM:     5        5      C        6.8850   -2.2140    2.3150
  QMMM:     6        6      C        7.7770   -1.5830    3.1820
  QMMM:     7        7      C        6.2150    0.2380    3.4720
  QMMM:     8        8      C        3.4160   -1.6540    0.8060
  QMMM:     9        9      C        3.0810   -0.4280    1.3840
  QMMM:    10       10      C        5.6520   -1.6180    2.0240
  QMMM:    11       11      C        5.3170   -0.3920    2.6020
  QMMM:    12       12      C        7.4420   -0.3590    3.7590
  QMMM:    13       13      C        4.7130   -2.2940    1.1040
  QMMM:    14       14      C        4.0190    0.2480    2.3040
  QMMM:    15       15      N        8.3470    0.2760    4.6360
  QMMM:    16       16      O        5.0070   -3.3690    0.5970
  QMMM:    17       17      O        3.7250    1.3230    2.8100
  QMMM:    18       18      H        0.5940   -2.1770   -1.0250
  QMMM:    19       19      H       -0.0010   -0.0010    0.0010
  QMMM:    20       20      H        2.7550   -3.2380   -0.5270
  QMMM:    21       21      H        1.5650    1.1220    1.5300
  QMMM:    22       22      H        7.1690   -3.1680    1.8780
  QMMM:    23       23      H        8.7310   -2.0550    3.4020
  QMMM:    24       24      H        5.9680    1.1940    3.9300
  QMMM:    25       25      H        9.2030   -0.1840    4.8720
  QMMM:    26       26      H        8.0760    1.1300    5.0810

--------------------------------------------------------------------------------
  RESULTS
--------------------------------------------------------------------------------

      iter         sqm energy              rms gradient
      ----    -------------------    -----------------------
xmin    10       -8.6967 kcal/mol        0.3418 kcal/(mol*A)
xmin    20       -8.8083 kcal/mol        0.1213 kcal/(mol*A)
xmin    30       -8.8118 kcal/mol        0.0677 kcal/(mol*A)
xmin    40       -8.8125 kcal/mol        0.0301 kcal/(mol*A)
xmin    50       -8.8129 kcal/mol        0.0046 kcal/(mol*A)
xmin    60       -8.8130 kcal/mol        0.0061 kcal/(mol*A)
xmin    70       -8.8130 kcal/mol        0.0046 kcal/(mol*A)
xmin    80       -8.8130 kcal/mol        0.0041 kcal/(mol*A)
xmin    90       -8.8130 kcal/mol        0.0029 kcal/(mol*A)
  ... geometry converged !
 
 Final MO eigenvalues (eV):
 -41.6345  -39.6845  -39.2818  -38.1320  -35.8143  -33.3020  -31.9846  -31.7518
 -29.9678  -26.7648  -25.2724  -23.9490  -22.9143  -21.8489  -20.3174  -19.0551
 -18.1420  -17.5451  -17.2917  -16.5793  -16.3174  -15.9306  -15.7351  -15.1083
 -15.0229  -14.7883  -14.6283  -14.5726  -14.2443  -13.7930  -13.3224  -13.1117
 -12.5910  -12.3133  -11.8924  -11.1482  -10.6648  -10.1906  -10.1167  -10.0502
  -8.9524   -1.2537   -0.2406   -0.0415    0.1666    1.4222    1.5719    2.3802
   2.4597    2.7424    2.8881    2.9938    3.4715    3.5784    3.6261    3.7122
   3.8508    3.8695    3.9723    4.0383    4.2119    4.3328    4.5403    4.5959
   4.7090    4.8135    4.8670    4.9558    5.1119    5.1955    5.2821    5.3737
   5.5955    5.8760    5.8929    6.2495    6.5016

 Heat of formation   =         -8.81301135 kcal/mol  (       -0.38216085 eV)

 Total SCF energy    =     -63720.35541761 kcal/mol  (    -2763.12195558 eV)
 Electronic energy   =    -368108.79530493 kcal/mol  (   -15962.39518256 eV)
 Core-core repulsion =     304388.43988733 kcal/mol  (    13199.27322698 eV)
 
    Atomic Charges for Step       1 :
  Atom    Element       Mulliken Charge
     1      C                 -0.116
     2      C                 -0.120
     3      C                 -0.089
     4      C                 -0.087
     5      C                 -0.041
     6      C                 -0.195
     7      C                 -0.161
     8      C                 -0.103
     9      C                 -0.110
    10      C                 -0.164
    11      C                 -0.061
    12      C                  0.095
    13      C                  0.312
    14      C                  0.304
    15      N                 -0.342
    16      O                 -0.298
    17      O                 -0.288
    18      H                  0.141
    19      H                  0.141
    20      H                  0.160
    21      H                  0.159
    22      H                  0.159
    23      H                  0.140
    24      H                  0.159
    25      H                  0.202
    26      H                  0.204
 Total Mulliken Charge =      -0.000
 
                  X        Y        Z     TOTAL  
  QM DIPOLE     0.666    0.300    1.665    1.818
 
 Final Structure

  QMMM: QM Region Cartesian Coordinates (*=link atom) 
  QMMM: QM_NO.   MM_NO.  ATOM         X         Y         Z
  QMMM:     1        1      C        1.3125   -1.6716   -0.3666
  QMMM:     2        2      C        0.9795   -0.4470    0.2090
  QMMM:     3        3      C        2.5294   -2.2795   -0.0580
  QMMM:     4        4      C        1.8630    0.1708    1.0940
  QMMM:     5        5      C        6.8781   -2.2077    2.3154
  QMMM:     6        6      C        7.7857   -1.5796    3.1562
  QMMM:     7        7      C        6.2062    0.2460    3.4569
  QMMM:     8        8      C        3.4227   -1.6659    0.8278
  QMMM:     9        9      C        3.0870   -0.4319    1.4081
  QMMM:    10       10      C        5.6333   -1.6320    2.0308
  QMMM:    11       11      C        5.3050   -0.3964    2.6123
  QMMM:    12       12      C        7.4709   -0.3293    3.7408
  QMMM:    13       13      C        4.7057   -2.3376    1.1317
  QMMM:    14       14      C        3.9986    0.2508    2.3497
  QMMM:    15       15      N        8.4009    0.3537    4.5129
  QMMM:    16       16      O        4.9830   -3.4446    0.6450
  QMMM:    17       17      O        3.6842    1.3183    2.8958
  QMMM:    18       18      H        0.6175   -2.1619   -1.0650
  QMMM:    19       19      H        0.0202    0.0353   -0.0323
  QMMM:    20       20      H        2.8026   -3.2493   -0.5066
  QMMM:    21       21      H        1.6085    1.1391    1.5563
  QMMM:    22       22      H        7.1301   -3.1804    1.8582
  QMMM:    23       23      H        8.7565   -2.0570    3.3581
  QMMM:    24       24      H        5.9205    1.2164    3.8969
  QMMM:    25       25      H        9.1260   -0.1959    4.9111
  QMMM:    26       26      H        8.0404    1.0683    5.1015

           --------- Calculation Completed ----------

