            --------------------------------------------------------
                             AMBER SQM VERSION 19
 
                                     By
              Ross C. Walker, Michael F. Crowley, Scott Brozell,
                         Tim Giese, Andreas W. Goetz,
                        Tai-Sung Lee and David A. Case
 
            --------------------------------------------------------
 

--------------------------------------------------------------------------------
  QM CALCULATION INFO
--------------------------------------------------------------------------------

| QMMM: Citation for AMBER QMMM Run:
| QMMM: R.C. Walker, M.F. Crowley and D.A. Case, J. COMP. CHEM. 29:1019, 2008

QMMM: SINGLET STATE CALCULATION
QMMM: RHF CALCULATION, NO. OF DOUBLY OCCUPIED LEVELS = 14

| QMMM: *** Selected Hamiltonian *** 
| QMMM: AM1         

| QMMM: *** Parameter sets in use ***
| QMMM: C : M.J.S.DEWAR et al. JACS, 107, 3902, (1985)
| QMMM: N : M.J.S.DEWAR et al. JACS, 107, 3902, (1985)
| QMMM: H : M.J.S.DEWAR et al. JACS, 107, 3902, (1985)

| QMMM: *** SCF convergence criteria ***
| QMMM: Energy change                :  0.1D-09 kcal/mol
| QMMM: Error matrix |FP-PF|         :  0.1D+00 au
| QMMM: Density matrix change        :  0.5D-06
| QMMM: Maximum number of SCF cycles :     1000

| QMMM: *** Diagonalization Routine Information ***
| QMMM: Pseudo diagonalizations are allowed.
| QMMM: Auto diagonalization routine selection is in use.
| QMMM:
| QMMM: Timing diagonalization routines:
| QMMM:                              norbs =       27
| QMMM:    diag iterations used for timing =       20
| QMMM:
| QMMM:              Internal diag routine = 0.001267 seconds
| QMMM:                 Dspev diag routine = 0.001806 seconds
| QMMM:                Dspevd diag routine = 0.002932 seconds
| QMMM:                Dspevx diag routine = 0.012431 seconds
| QMMM:                 Dsyev diag routine = 0.001929 seconds
| QMMM:                Dsyevd diag routine = 0.001622 seconds
| QMMM:                Dsyevr diag routine = 0.002078 seconds
| QMMM:
| QMMM:                Pseudo diag routine = 0.000342 seconds
| QMMM:
| QMMM: Using internal diagonalization routine (diag_routine=1).

  QMMM: QM Region Cartesian Coordinates (*=link atom) 
  QMMM: QM_NO.   MM_NO.  ATOM         X         Y         Z
  QMMM:     1        1      C       -2.2440    3.3040   -1.0640
  QMMM:     2        2      C       -0.0180    0.2010   -1.0760
  QMMM:     3        3      C       -1.0970    2.4510   -0.7270
  QMMM:     4        4      C       -1.1840    1.1050   -1.4420
  QMMM:     5        5      N       -3.1500    3.9790   -1.3290
  QMMM:     6        6      H        0.9360    0.6590   -1.3560
  QMMM:     7        7      H       -0.0000    0.0000    0.0000
  QMMM:     8        8      H       -0.1010   -0.7570   -1.5990
  QMMM:     9        9      H       -0.1680    2.9620   -1.0070
  QMMM:    10       10      H       -1.0630    2.2950    0.3570
  QMMM:    11       11      H       -1.1960    1.2560   -2.5290
  QMMM:    12       12      H       -2.1240    0.6020   -1.1830

--------------------------------------------------------------------------------
  RESULTS
--------------------------------------------------------------------------------

      iter         sqm energy              rms gradient
      ----    -------------------    -----------------------
xmin    10        6.0597 kcal/mol        0.0784 kcal/(mol*A)
xmin    20        6.0589 kcal/mol        0.0242 kcal/(mol*A)
xmin    30        6.0586 kcal/mol        0.0103 kcal/(mol*A)
xmin    40        6.0585 kcal/mol        0.0110 kcal/(mol*A)
xmin    50        6.0585 kcal/mol        0.0067 kcal/(mol*A)
xmin    60        6.0585 kcal/mol        0.0022 kcal/(mol*A)
  ... geometry converged !
 
 Final MO eigenvalues (eV):
 -37.6000  -35.1346  -29.2432  -23.0144  -18.6242  -16.6828  -15.1990  -14.4337
 -14.3606  -13.2003  -12.8987  -12.5607  -12.1238  -11.7544    1.7021    1.7188
   3.0255    3.4130    3.6665    3.8811    4.0289    4.2934    4.3469    4.5981
   4.6520    4.7910    6.6612

 Heat of formation   =          6.05847048 kcal/mol  (        0.26271499 eV)

 Total SCF energy    =     -18807.16361390 kcal/mol  (     -815.53981241 eV)
 Electronic energy   =     -64425.02923437 kcal/mol  (    -2793.67890527 eV)
 Core-core repulsion =      45617.86562047 kcal/mol  (     1978.13909286 eV)
 
    Atomic Charges for Step       1 :
  Atom    Element       Mulliken Charge
     1      C                 -0.142
     2      C                 -0.214
     3      C                 -0.076
     4      C                 -0.157
     5      N                 -0.051
     6      H                  0.076
     7      H                  0.076
     8      H                  0.082
     9      H                  0.112
    10      H                  0.112
    11      H                  0.092
    12      H                  0.092
 Total Mulliken Charge =      -0.000
 
                  X        Y        Z     TOTAL  
  QM DIPOLE     2.255   -1.889    0.598    3.002
 
 Final Structure

  QMMM: QM Region Cartesian Coordinates (*=link atom) 
  QMMM: QM_NO.   MM_NO.  ATOM         X         Y         Z
  QMMM:     1        1      C       -2.2222    3.2896   -1.0662
  QMMM:     2        2      C       -0.0202    0.2191   -1.0790
  QMMM:     3        3      C       -1.1062    2.4336   -0.7315
  QMMM:     4        4      C       -1.1917    1.0944   -1.4425
  QMMM:     5        5      N       -3.1176    3.9827   -1.3316
  QMMM:     6        6      H        0.9426    0.7043   -1.3709
  QMMM:     7        7      H        0.0036    0.0254    0.0208
  QMMM:     8        8      H       -0.0956   -0.7615   -1.6082
  QMMM:     9        9      H       -0.1491    2.9547   -1.0132
  QMMM:    10       10      H       -1.0899    2.2738    0.3825
  QMMM:    11       11      H       -1.2129    1.2591   -2.5519
  QMMM:    12       12      H       -2.1498    0.5818   -1.1634

           --------- Calculation Completed ----------

