            --------------------------------------------------------
                             AMBER SQM VERSION 19
 
                                     By
              Ross C. Walker, Michael F. Crowley, Scott Brozell,
                         Tim Giese, Andreas W. Goetz,
                        Tai-Sung Lee and David A. Case
 
            --------------------------------------------------------
 

--------------------------------------------------------------------------------
  QM CALCULATION INFO
--------------------------------------------------------------------------------

| QMMM: Citation for AMBER QMMM Run:
| QMMM: R.C. Walker, M.F. Crowley and D.A. Case, J. COMP. CHEM. 29:1019, 2008

QMMM: SINGLET STATE CALCULATION
QMMM: RHF CALCULATION, NO. OF DOUBLY OCCUPIED LEVELS = 15

| QMMM: *** Selected Hamiltonian *** 
| QMMM: AM1         

| QMMM: *** Parameter sets in use ***
| QMMM: C : M.J.S.DEWAR et al. JACS, 107, 3902, (1985)
| QMMM: N : M.J.S.DEWAR et al. JACS, 107, 3902, (1985)
| QMMM: O : M.J.S.DEWAR et al. JACS, 107, 3902, (1985)
| QMMM: H : M.J.S.DEWAR et al. JACS, 107, 3902, (1985)

| QMMM: *** SCF convergence criteria ***
| QMMM: Energy change                :  0.1D-09 kcal/mol
| QMMM: Error matrix |FP-PF|         :  0.1D+00 au
| QMMM: Density matrix change        :  0.5D-06
| QMMM: Maximum number of SCF cycles :     1000

| QMMM: *** Diagonalization Routine Information ***
| QMMM: Pseudo diagonalizations are allowed.
| QMMM: Auto diagonalization routine selection is in use.
| QMMM:
| QMMM: Timing diagonalization routines:
| QMMM:                              norbs =       27
| QMMM:    diag iterations used for timing =       20
| QMMM:
| QMMM:              Internal diag routine = 0.001277 seconds
| QMMM:                 Dspev diag routine = 0.033085 seconds
| QMMM:                Dspevd diag routine = 0.001635 seconds
| QMMM:                Dspevx diag routine = 0.026489 seconds
| QMMM:                 Dsyev diag routine = 0.002423 seconds
| QMMM:                Dsyevd diag routine = 0.002374 seconds
| QMMM:                Dsyevr diag routine = 0.003357 seconds
| QMMM:
| QMMM:                Pseudo diag routine = 0.000445 seconds
| QMMM:
| QMMM: Using internal diagonalization routine (diag_routine=1).

  QMMM: QM Region Cartesian Coordinates (*=link atom) 
  QMMM: QM_NO.   MM_NO.  ATOM         X         Y         Z
  QMMM:     1        1      C        1.2720   -0.8050    1.5130
  QMMM:     2        2      C        0.1410    0.0890    1.0810
  QMMM:     3        3      C        1.8250   -3.2060    1.8650
  QMMM:     4        4      N        0.9130   -2.1420    1.5110
  QMMM:     5        5      O        2.3770   -0.3560    1.8070
  QMMM:     6        6      H        0.3770    1.1280    1.3290
  QMMM:     7        7      H        0.0000    0.0000    0.0000
  QMMM:     8        8      H       -0.7840   -0.1900    1.5930
  QMMM:     9        9      H        1.8140   -3.3310    2.9490
  QMMM:    10       10      H        2.8280   -2.9370    1.5270
  QMMM:    11       11      H        1.5000   -4.1260    1.3760
  QMMM:    12       12      H       -0.0370   -2.3870    1.2480

--------------------------------------------------------------------------------
  RESULTS
--------------------------------------------------------------------------------

      iter         sqm energy              rms gradient
      ----    -------------------    -----------------------
xmin    10      -47.1667 kcal/mol        0.8977 kcal/(mol*A)
xmin    20      -47.2660 kcal/mol        0.2508 kcal/(mol*A)
xmin    30      -47.3054 kcal/mol        0.0605 kcal/(mol*A)
xmin    40      -47.3226 kcal/mol        0.0798 kcal/(mol*A)
xmin    50      -47.3367 kcal/mol        0.0914 kcal/(mol*A)
xmin    60      -47.3454 kcal/mol        0.2620 kcal/(mol*A)
xmin    70      -47.3505 kcal/mol        0.1204 kcal/(mol*A)
xmin    80      -47.3537 kcal/mol        0.1319 kcal/(mol*A)
xmin    90      -47.3569 kcal/mol        0.0863 kcal/(mol*A)
xmin   100      -47.3590 kcal/mol        0.0548 kcal/(mol*A)
xmin   110      -47.3601 kcal/mol        0.0217 kcal/(mol*A)
xmin   120      -47.3605 kcal/mol        0.0324 kcal/(mol*A)
xmin   130      -47.3608 kcal/mol        0.0175 kcal/(mol*A)
xmin   140      -47.3611 kcal/mol        0.0366 kcal/(mol*A)
xmin   150      -47.3614 kcal/mol        0.0225 kcal/(mol*A)
xmin   160      -47.3615 kcal/mol        0.0166 kcal/(mol*A)
xmin   170      -47.3616 kcal/mol        0.0156 kcal/(mol*A)
xmin   180      -47.3617 kcal/mol        0.0054 kcal/(mol*A)
xmin   190      -47.3617 kcal/mol        0.0057 kcal/(mol*A)
xmin   200      -47.3618 kcal/mol        0.0049 kcal/(mol*A)
xmin   210      -47.3618 kcal/mol        0.0068 kcal/(mol*A)
xmin   220      -47.3618 kcal/mol        0.0037 kcal/(mol*A)
xmin   230      -47.3618 kcal/mol        0.0010 kcal/(mol*A)
xmin   240      -47.3618 kcal/mol        0.0037 kcal/(mol*A)
xmin   250      -47.3618 kcal/mol        0.0041 kcal/(mol*A)
xmin   260      -47.3618 kcal/mol        0.0006 kcal/(mol*A)
  ... geometry converged !
 
 Final MO eigenvalues (eV):
 -39.4518  -35.3030  -31.0488  -26.4785  -21.3989  -17.8433  -16.9600  -16.0268
 -14.4802  -14.3236  -13.6028  -12.8535  -12.8457  -10.7961   -9.9193    1.4776
   2.2190    3.6421    3.9511    4.0450    4.1930    4.3135    4.5034    4.6655
   5.4566    6.2750    7.1524

 Heat of formation   =        -47.36182793 kcal/mol  (       -2.05376297 eV)

 Total SCF energy    =     -23252.69091761 kcal/mol  (    -1008.31234195 eV)
 Electronic energy   =     -77778.40861812 kcal/mol  (    -3372.72488696 eV)
 Core-core repulsion =      54525.71770051 kcal/mol  (     2364.41254501 eV)
 
    Atomic Charges for Step       1 :
  Atom    Element       Mulliken Charge
     1      C                  0.301
     2      C                 -0.243
     3      C                 -0.075
     4      N                 -0.392
     5      O                 -0.371
     6      H                  0.118
     7      H                  0.097
     8      H                  0.097
     9      H                  0.065
    10      H                  0.118
    11      H                  0.065
    12      H                  0.220
 Total Mulliken Charge =      -0.000
 
                  X        Y        Z     TOTAL  
  QM DIPOLE    -3.121   -1.519   -0.545    3.514
 
 Final Structure

  QMMM: QM Region Cartesian Coordinates (*=link atom) 
  QMMM: QM_NO.   MM_NO.  ATOM         X         Y         Z
  QMMM:     1        1      C        1.2239   -0.8381    1.4464
  QMMM:     2        2      C        0.1241    0.1244    1.0680
  QMMM:     3        3      C        1.8306   -3.1917    1.8818
  QMMM:     4        4      N        0.8913   -2.1757    1.5343
  QMMM:     5        5      O        2.3861   -0.4446    1.6709
  QMMM:     6        6      H        0.5473    1.1580    1.0401
  QMMM:     7        7      H       -0.2868   -0.1266    0.0608
  QMMM:     8        8      H       -0.7016    0.0907    1.8186
  QMMM:     9        9      H        1.4986   -3.7236    2.8146
  QMMM:    10       10      H        2.8421   -2.7379    2.0618
  QMMM:    11       11      H        1.9114   -3.9449    1.0516
  QMMM:    12       12      H       -0.0409   -2.4531    1.3499

           --------- Calculation Completed ----------

