            --------------------------------------------------------
                             AMBER SQM VERSION 19
 
                                     By
              Ross C. Walker, Michael F. Crowley, Scott Brozell,
                         Tim Giese, Andreas W. Goetz,
                        Tai-Sung Lee and David A. Case
 
            --------------------------------------------------------
 

--------------------------------------------------------------------------------
  QM CALCULATION INFO
--------------------------------------------------------------------------------

| QMMM: Citation for AMBER QMMM Run:
| QMMM: R.C. Walker, M.F. Crowley and D.A. Case, J. COMP. CHEM. 29:1019, 2008

QMMM: SINGLET STATE CALCULATION
QMMM: RHF CALCULATION, NO. OF DOUBLY OCCUPIED LEVELS = 21

| QMMM: *** Selected Hamiltonian *** 
| QMMM: AM1         

| QMMM: *** Parameter sets in use ***
| QMMM: C : M.J.S.DEWAR et al. JACS, 107, 3902, (1985)
| QMMM: O : M.J.S.DEWAR et al. JACS, 107, 3902, (1985)
| QMMM: Br: M.J.S.DEWAR et al. THEOCHEM, 180, 1, (1988)
| QMMM: H : M.J.S.DEWAR et al. JACS, 107, 3902, (1985)

| QMMM: *** SCF convergence criteria ***
| QMMM: Energy change                :  0.1D-09 kcal/mol
| QMMM: Error matrix |FP-PF|         :  0.1D+00 au
| QMMM: Density matrix change        :  0.5D-06
| QMMM: Maximum number of SCF cycles :     1000

| QMMM: *** Diagonalization Routine Information ***
| QMMM: Pseudo diagonalizations are allowed.
| QMMM: Auto diagonalization routine selection is in use.
| QMMM:
| QMMM: Timing diagonalization routines:
| QMMM:                              norbs =       37
| QMMM:    diag iterations used for timing =       20
| QMMM:
| QMMM:              Internal diag routine = 0.027428 seconds
| QMMM:                 Dspev diag routine = 0.008068 seconds
| QMMM:                Dspevd diag routine = 0.010948 seconds
| QMMM:                Dspevx diag routine = 0.030598 seconds
| QMMM:                 Dsyev diag routine = 0.005108 seconds
| QMMM:                Dsyevd diag routine = 0.005896 seconds
| QMMM:                Dsyevr diag routine = 0.009988 seconds
| QMMM:
| QMMM:                Pseudo diag routine = 0.001083 seconds
| QMMM:
| QMMM: Using dsyev routine (diag_routine=5).

  QMMM: QM Region Cartesian Coordinates (*=link atom) 
  QMMM: QM_NO.   MM_NO.  ATOM         X         Y         Z
  QMMM:     1        1      C        0.8180   -0.4390    0.5640
  QMMM:     2        2      C        2.9370   -1.5970    0.6200
  QMMM:     3        3      C        0.7990   -0.4060    1.9590
  QMMM:     4        4      C        2.9180   -1.5650    2.0140
  QMMM:     5        5      C        1.8870   -1.0340   -0.1050
  QMMM:     6        6      C        1.8500   -0.9690    2.6840
  QMMM:     7        7      O        1.9050   -1.0650   -1.4660
  QMMM:     8        8      Br       1.8250   -0.9240    4.5730
  QMMM:     9        9      H       -0.0030    0.0030    0.0050
  QMMM:    10       10      H        3.7720   -2.0630    0.1040
  QMMM:    11       11      H       -0.0410    0.0620    2.4650
  QMMM:    12       12      H        3.7460   -2.0060    2.5640
  QMMM:    13       13      H        2.6760   -1.5840   -1.7580

--------------------------------------------------------------------------------
  RESULTS
--------------------------------------------------------------------------------

      iter         sqm energy              rms gradient
      ----    -------------------    -----------------------
xmin    10      -17.7059 kcal/mol        0.1209 kcal/(mol*A)
xmin    20      -17.7101 kcal/mol        0.0497 kcal/(mol*A)
xmin    30      -17.7102 kcal/mol        0.0059 kcal/(mol*A)
  ... geometry converged !
 
 Final MO eigenvalues (eV):
 -40.4744  -37.7888  -32.7174  -31.9982  -29.2636  -24.0843  -23.0876  -19.3257
 -17.6210  -16.7759  -15.4083  -15.3892  -14.7556  -14.6213  -13.5296  -12.8265
 -12.3317  -11.4357  -11.1736  -10.1679   -9.1889    0.0204    0.1215    0.7890
   2.4416    2.7472    3.4887    3.5390    3.9090    4.0632    4.3383    4.6686
   4.8242    4.9704    5.0836    5.4418    6.0172

 Heat of formation   =        -17.71024111 kcal/mol  (       -0.76797368 eV)

 Total SCF energy    =     -34835.01141342 kcal/mol  (    -1510.55944727 eV)
 Electronic energy   =    -128543.38966070 kcal/mol  (    -5574.05965312 eV)
 Core-core repulsion =      93708.37824728 kcal/mol  (     4063.50020586 eV)
 
    Atomic Charges for Step       1 :
  Atom    Element       Mulliken Charge
     1      C                 -0.158
     2      C                 -0.216
     3      C                 -0.069
     4      C                 -0.063
     5      C                  0.093
     6      C                 -0.205
     7      O                 -0.247
     8      Br                 0.052
     9      H                  0.156
    10      H                  0.139
    11      H                  0.149
    12      H                  0.148
    13      H                  0.221
 Total Mulliken Charge =       0.000
 
                  X        Y        Z     TOTAL  
  QM DIPOLE     1.037   -0.595   -1.053    1.593
 
 Final Structure

  QMMM: QM Region Cartesian Coordinates (*=link atom) 
  QMMM: QM_NO.   MM_NO.  ATOM         X         Y         Z
  QMMM:     1        1      C        0.8170   -0.4430    0.5631
  QMMM:     2        2      C        2.9541   -1.6196    0.6345
  QMMM:     3        3      C        0.8033   -0.4057    1.9524
  QMMM:     4        4      C        2.9247   -1.5736    2.0259
  QMMM:     5        5      C        1.8988   -1.0535   -0.0946
  QMMM:     6        6      C        1.8532   -0.9687    2.6881
  QMMM:     7        7      O        1.8566   -1.0596   -1.4682
  QMMM:     8        8      Br       1.8206   -0.9106    4.5584
  QMMM:     9        9      H       -0.0005   -0.0049   -0.0265
  QMMM:    10       10      H        3.7972   -2.0955    0.1143
  QMMM:    11       11      H       -0.0441    0.0725    2.4694
  QMMM:    12       12      H        3.7547   -2.0189    2.5972
  QMMM:    13       13      H        2.6533   -1.5059   -1.7911

           --------- Calculation Completed ----------

