            --------------------------------------------------------
                             AMBER SQM VERSION 19
 
                                     By
              Ross C. Walker, Michael F. Crowley, Scott Brozell,
                         Tim Giese, Andreas W. Goetz,
                        Tai-Sung Lee and David A. Case
 
            --------------------------------------------------------
 

--------------------------------------------------------------------------------
  QM CALCULATION INFO
--------------------------------------------------------------------------------

| QMMM: Citation for AMBER QMMM Run:
| QMMM: R.C. Walker, M.F. Crowley and D.A. Case, J. COMP. CHEM. 29:1019, 2008

QMMM: SINGLET STATE CALCULATION
QMMM: RHF CALCULATION, NO. OF DOUBLY OCCUPIED LEVELS = 16

| QMMM: *** Selected Hamiltonian *** 
| QMMM: AM1         

| QMMM: *** Parameter sets in use ***
| QMMM: C : M.J.S.DEWAR et al. JACS, 107, 3902, (1985)
| QMMM: Cl: M.J.S.DEWAR et al. THEOCHEM, 180, 1, (1988)
| QMMM: H : M.J.S.DEWAR et al. JACS, 107, 3902, (1985)

| QMMM: *** SCF convergence criteria ***
| QMMM: Energy change                :  0.1D-09 kcal/mol
| QMMM: Error matrix |FP-PF|         :  0.1D+00 au
| QMMM: Density matrix change        :  0.5D-06
| QMMM: Maximum number of SCF cycles :     1000

| QMMM: *** Diagonalization Routine Information ***
| QMMM: Pseudo diagonalizations are allowed.
| QMMM: Auto diagonalization routine selection is in use.
| QMMM:
| QMMM: Timing diagonalization routines:
| QMMM:                              norbs =       23
| QMMM:    diag iterations used for timing =       20
| QMMM:
| QMMM:              Internal diag routine = 0.001399 seconds
| QMMM:                 Dspev diag routine = 0.001672 seconds
| QMMM:                Dspevd diag routine = 0.007581 seconds
| QMMM:                Dspevx diag routine = 0.023235 seconds
| QMMM:                 Dsyev diag routine = 0.001525 seconds
| QMMM:                Dsyevd diag routine = 0.006353 seconds
| QMMM:                Dsyevr diag routine = 0.008762 seconds
| QMMM:
| QMMM:                Pseudo diag routine = 0.000332 seconds
| QMMM:
| QMMM: Using internal diagonalization routine (diag_routine=1).

  QMMM: QM Region Cartesian Coordinates (*=link atom) 
  QMMM: QM_NO.   MM_NO.  ATOM         X         Y         Z
  QMMM:     1        1      C        1.0240    0.2810   -0.2700
  QMMM:     2        2      C        1.2870    1.7560    0.0010
  QMMM:     3        3      Cl       0.1600    2.7550   -0.9570
  QMMM:     4        4      Cl       1.0480    2.1020    1.7370
  QMMM:     5        5      Cl       2.9650    2.1640   -0.4530
  QMMM:     6        6      H        1.7030   -0.3600    0.3050
  QMMM:     7        7      H        0.0000   -0.0000    0.0000
  QMMM:     8        8      H        1.1630    0.0380   -1.3310

--------------------------------------------------------------------------------
  RESULTS
--------------------------------------------------------------------------------

      iter         sqm energy              rms gradient
      ----    -------------------    -----------------------
xmin    10      -31.9810 kcal/mol        0.0020 kcal/(mol*A)
xmin    20      -31.9810 kcal/mol        0.0011 kcal/(mol*A)
  ... geometry converged !
 
 Final MO eigenvalues (eV):
 -38.8003  -37.4752  -37.4751  -32.7875  -24.5010  -17.7434  -17.7434  -16.1948
 -13.8138  -13.8138  -12.6689  -12.6689  -12.0492  -12.0492  -12.0087  -11.9918
  -0.2654    0.5886    0.5886    2.7623    3.7092    3.7092    4.1724

 Heat of formation   =        -31.98099945 kcal/mol  (       -1.38680020 eV)

 Total SCF energy    =     -32727.54611133 kcal/mol  (    -1419.17289412 eV)
 Electronic energy   =     -86392.54389093 kcal/mol  (    -3746.26182260 eV)
 Core-core repulsion =      53664.99777960 kcal/mol  (     2327.08892848 eV)
 
    Atomic Charges for Step       1 :
  Atom    Element       Mulliken Charge
     1      C                 -0.230
     2      C                  0.043
     3      Cl                -0.050
     4      Cl                -0.050
     5      Cl                -0.050
     6      H                  0.112
     7      H                  0.112
     8      H                  0.112
 Total Mulliken Charge =      -0.000
 
                  X        Y        Z     TOTAL  
  QM DIPOLE    -0.301   -1.692   -0.312    1.746
 
 Final Structure

  QMMM: QM Region Cartesian Coordinates (*=link atom) 
  QMMM: QM_NO.   MM_NO.  ATOM         X         Y         Z
  QMMM:     1        1      C        1.0243    0.2791   -0.2708
  QMMM:     2        2      C        1.2852    1.7470   -0.0003
  QMMM:     3        3      Cl       0.1726    2.7416   -0.9461
  QMMM:     4        4      Cl       1.0499    2.0952    1.7158
  QMMM:     5        5      Cl       2.9445    2.1571   -0.4476
  QMMM:     6        6      H        1.7265   -0.3539    0.3260
  QMMM:     7        7      H       -0.0250    0.0154    0.0111
  QMMM:     8        8      H        1.1720    0.0546   -1.3560

           --------- Calculation Completed ----------

