            --------------------------------------------------------
                             AMBER SQM VERSION 19
 
                                     By
              Ross C. Walker, Michael F. Crowley, Scott Brozell,
                         Tim Giese, Andreas W. Goetz,
                        Tai-Sung Lee and David A. Case
 
            --------------------------------------------------------
 

--------------------------------------------------------------------------------
  QM CALCULATION INFO
--------------------------------------------------------------------------------

| QMMM: Citation for AMBER QMMM Run:
| QMMM: R.C. Walker, M.F. Crowley and D.A. Case, J. COMP. CHEM. 29:1019, 2008

QMMM: SINGLET STATE CALCULATION
QMMM: RHF CALCULATION, NO. OF DOUBLY OCCUPIED LEVELS = 18

| QMMM: *** Selected Hamiltonian *** 
| QMMM: AM1         

| QMMM: *** Parameter sets in use ***
| QMMM: C : M.J.S.DEWAR et al. JACS, 107, 3902, (1985)
| QMMM: Br: M.J.S.DEWAR et al. THEOCHEM, 180, 1, (1988)
| QMMM: H : M.J.S.DEWAR et al. JACS, 107, 3902, (1985)

| QMMM: *** SCF convergence criteria ***
| QMMM: Energy change                :  0.1D-09 kcal/mol
| QMMM: Error matrix |FP-PF|         :  0.1D+00 au
| QMMM: Density matrix change        :  0.5D-06
| QMMM: Maximum number of SCF cycles :     1000

| QMMM: *** Diagonalization Routine Information ***
| QMMM: Pseudo diagonalizations are allowed.
| QMMM: Auto diagonalization routine selection is in use.
| QMMM:
| QMMM: Timing diagonalization routines:
| QMMM:                              norbs =       33
| QMMM:    diag iterations used for timing =       20
| QMMM:
| QMMM:              Internal diag routine = 0.017436 seconds
| QMMM:                 Dspev diag routine = 0.013643 seconds
| QMMM:                Dspevd diag routine = 0.003472 seconds
| QMMM:                Dspevx diag routine = 0.017204 seconds
| QMMM:                 Dsyev diag routine = 0.004113 seconds
| QMMM:                Dsyevd diag routine = 0.003777 seconds
| QMMM:                Dsyevr diag routine = 0.005614 seconds
| QMMM:
| QMMM:                Pseudo diag routine = 0.000780 seconds
| QMMM:
| QMMM: Using dspevd routine (diag_routine=3).

  QMMM: QM Region Cartesian Coordinates (*=link atom) 
  QMMM: QM_NO.   MM_NO.  ATOM         X         Y         Z
  QMMM:     1        1      C        1.8850   -1.0380   -0.1090
  QMMM:     2        2      C        0.8180   -0.4410    0.5630
  QMMM:     3        3      C        2.9350   -1.6040    0.6140
  QMMM:     4        4      C        0.8010   -0.4100    1.9570
  QMMM:     5        5      C        2.9180   -1.5730    2.0080
  QMMM:     6        6      C        1.8510   -0.9770    2.6800
  QMMM:     7        7      Br       1.8280   -0.9350    4.5690
  QMMM:     8        8      H        1.8980   -1.0610   -1.1950
  QMMM:     9        9      H        0.0000    0.0000   -0.0000
  QMMM:    10       10      H        3.7660   -2.0680    0.0910
  QMMM:    11       11      H       -0.0380    0.0590    2.4650
  QMMM:    12       12      H        3.7440   -2.0180    2.5570

--------------------------------------------------------------------------------
  RESULTS
--------------------------------------------------------------------------------

      iter         sqm energy              rms gradient
      ----    -------------------    -----------------------
xmin    10       26.6663 kcal/mol        0.0009 kcal/(mol*A)
  ... geometry converged !
 
 Final MO eigenvalues (eV):
 -39.5311  -33.2581  -31.7586  -29.9504  -23.5309  -23.0446  -18.0301  -16.2869
 -16.0244  -14.4849  -14.4443  -14.1052  -12.3266  -12.2138  -11.8044  -11.1568
  -9.9757   -9.6010    0.0593    0.2479    0.7780    2.5757    3.6964    3.7181
   3.8605    4.1545    4.2482    4.5894    4.7976    5.1089    5.1878    5.3716
   5.7177

 Heat of formation   =         26.66625664 kcal/mol  (        1.15633566 eV)

 Total SCF energy    =     -27441.50488495 kcal/mol  (    -1189.95294588 eV)
 Electronic energy   =     -98911.69221372 kcal/mol  (    -4289.13283091 eV)
 Core-core repulsion =      71470.18732877 kcal/mol  (     3099.17988503 eV)
 
    Atomic Charges for Step       1 :
  Atom    Element       Mulliken Charge
     1      C                 -0.117
     2      C                 -0.130
     3      C                 -0.130
     4      C                 -0.104
     5      C                 -0.104
     6      C                 -0.167
     7      Br                 0.049
     8      H                  0.136
     9      H                  0.137
    10      H                  0.137
    11      H                  0.146
    12      H                  0.146
 Total Mulliken Charge =      -0.000
 
                  X        Y        Z     TOTAL  
  QM DIPOLE     0.018   -0.032   -1.449    1.449
 
 Final Structure

  QMMM: QM Region Cartesian Coordinates (*=link atom) 
  QMMM: QM_NO.   MM_NO.  ATOM         X         Y         Z
  QMMM:     1        1      C        1.8848   -1.0376   -0.1092
  QMMM:     2        2      C        0.8188   -0.4413    0.5637
  QMMM:     3        3      C        2.9340   -1.6031    0.6149
  QMMM:     4        4      C        0.7985   -0.4088    1.9577
  QMMM:     5        5      C        2.9205   -1.5744    2.0090
  QMMM:     6        6      C        1.8510   -0.9762    2.6821
  QMMM:     7        7      Br       1.8284   -0.9350    4.5550
  QMMM:     8        8      H        1.8982   -1.0617   -1.2089
  QMMM:     9        9      H       -0.0108    0.0060   -0.0037
  QMMM:    10       10      H        3.7768   -2.0745    0.0879
  QMMM:    11       11      H       -0.0476    0.0642    2.4799
  QMMM:    12       12      H        3.7534   -2.0235    2.5718

           --------- Calculation Completed ----------

