            --------------------------------------------------------
                             AMBER SQM VERSION 19
 
                                     By
              Ross C. Walker, Michael F. Crowley, Scott Brozell,
                         Tim Giese, Andreas W. Goetz,
                        Tai-Sung Lee and David A. Case
 
            --------------------------------------------------------
 

--------------------------------------------------------------------------------
  QM CALCULATION INFO
--------------------------------------------------------------------------------

| QMMM: Citation for AMBER QMMM Run:
| QMMM: R.C. Walker, M.F. Crowley and D.A. Case, J. COMP. CHEM. 29:1019, 2008

QMMM: SINGLET STATE CALCULATION
QMMM: RHF CALCULATION, NO. OF DOUBLY OCCUPIED LEVELS =  4

| QMMM: *** Selected Hamiltonian *** 
| QMMM: AM1         

| QMMM: *** Parameter sets in use ***
| QMMM: S : M.J.S.DEWAR et al. INORG. CHEM., 29, 3881, (1990)
| QMMM: H : M.J.S.DEWAR et al. JACS, 107, 3902, (1985)

| QMMM: *** SCF convergence criteria ***
| QMMM: Energy change                :  0.1D-09 kcal/mol
| QMMM: Error matrix |FP-PF|         :  0.1D+00 au
| QMMM: Density matrix change        :  0.5D-06
| QMMM: Maximum number of SCF cycles :     1000

| QMMM: *** Diagonalization Routine Information ***
| QMMM: Pseudo diagonalizations are allowed.
| QMMM: Auto diagonalization routine selection is in use.
| QMMM:
| QMMM: Timing diagonalization routines:
| QMMM:                              norbs =        6
| QMMM:    diag iterations used for timing =       20
| QMMM:
| QMMM:              Internal diag routine = 0.000060 seconds
| QMMM:                 Dspev diag routine = 0.000206 seconds
| QMMM:                Dspevd diag routine = 0.000107 seconds
| QMMM:                Dspevx diag routine = 0.000266 seconds
| QMMM:                 Dsyev diag routine = 0.000116 seconds
| QMMM:                Dsyevd diag routine = 0.000112 seconds
| QMMM:                Dsyevr diag routine = 0.007606 seconds
| QMMM:
| QMMM:                Pseudo diag routine = 0.000014 seconds
| QMMM:
| QMMM: Using internal diagonalization routine (diag_routine=1).

  QMMM: QM Region Cartesian Coordinates (*=link atom) 
  QMMM: QM_NO.   MM_NO.  ATOM         X         Y         Z
  QMMM:     1        1      S       -0.8870    0.2330    0.9790
  QMMM:     2        2      H       -0.4010    1.4560    1.2360
  QMMM:     3        3      H        0.0000   -0.0000    0.0000

--------------------------------------------------------------------------------
  RESULTS
--------------------------------------------------------------------------------

  ... geometry converged !
 
 Final MO eigenvalues (eV):
 -19.7118  -15.4136  -12.2294   -9.4918    0.8981    1.6934

 Heat of formation   =          1.19867388 kcal/mol  (        0.05197840 eV)

 Total SCF energy    =      -5116.56743499 kcal/mol  (     -221.87101318 eV)
 Electronic energy   =      -7651.63424723 kcal/mol  (     -331.79975921 eV)
 Core-core repulsion =       2535.06681225 kcal/mol  (      109.92874603 eV)
 
    Atomic Charges for Step       1 :
  Atom    Element       Mulliken Charge
     1      S                 -0.097
     2      H                  0.048
     3      H                  0.048
 Total Mulliken Charge =      -0.000
 
                  X        Y        Z     TOTAL  
  QM DIPOLE     1.390    0.993   -0.736    1.860
 
 Final Structure

  QMMM: QM Region Cartesian Coordinates (*=link atom) 
  QMMM: QM_NO.   MM_NO.  ATOM         X         Y         Z
  QMMM:     1        1      S       -0.8724    0.2466    0.9731
  QMMM:     2        2      H       -0.4045    1.4549    1.2386
  QMMM:     3        3      H       -0.0112   -0.0125    0.0033

           --------- Calculation Completed ----------

