            --------------------------------------------------------
                             AMBER SQM VERSION 19
 
                                     By
              Ross C. Walker, Michael F. Crowley, Scott Brozell,
                         Tim Giese, Andreas W. Goetz,
                        Tai-Sung Lee and David A. Case
 
            --------------------------------------------------------
 

--------------------------------------------------------------------------------
  QM CALCULATION INFO
--------------------------------------------------------------------------------

| QMMM: Citation for AMBER QMMM Run:
| QMMM: R.C. Walker, M.F. Crowley and D.A. Case, J. COMP. CHEM. 29:1019, 2008

QMMM: SINGLET STATE CALCULATION
QMMM: RHF CALCULATION, NO. OF DOUBLY OCCUPIED LEVELS = 18

| QMMM: *** Selected Hamiltonian *** 
| QMMM: AM1         

| QMMM: *** Parameter sets in use ***
| QMMM: C : M.J.S.DEWAR et al. JACS, 107, 3902, (1985)
| QMMM: F : M.J.S.DEWAR et al. THEOCHEM, 180, 1, (1988)
| QMMM: H : M.J.S.DEWAR et al. JACS, 107, 3902, (1985)

| QMMM: *** SCF convergence criteria ***
| QMMM: Energy change                :  0.1D-09 kcal/mol
| QMMM: Error matrix |FP-PF|         :  0.1D+00 au
| QMMM: Density matrix change        :  0.5D-06
| QMMM: Maximum number of SCF cycles :     1000

| QMMM: *** Diagonalization Routine Information ***
| QMMM: Pseudo diagonalizations are allowed.
| QMMM: Auto diagonalization routine selection is in use.
| QMMM:
| QMMM: Timing diagonalization routines:
| QMMM:                              norbs =       33
| QMMM:    diag iterations used for timing =       20
| QMMM:
| QMMM:              Internal diag routine = 0.009682 seconds
| QMMM:                 Dspev diag routine = 0.007799 seconds
| QMMM:                Dspevd diag routine = 0.007607 seconds
| QMMM:                Dspevx diag routine = 0.024080 seconds
| QMMM:                 Dsyev diag routine = 0.003891 seconds
| QMMM:                Dsyevd diag routine = 0.008864 seconds
| QMMM:                Dsyevr diag routine = 0.004792 seconds
| QMMM:
| QMMM:                Pseudo diag routine = 0.000782 seconds
| QMMM:
| QMMM: Using dsyev routine (diag_routine=5).

  QMMM: QM Region Cartesian Coordinates (*=link atom) 
  QMMM: QM_NO.   MM_NO.  ATOM         X         Y         Z
  QMMM:     1        1      C        1.8850   -1.0380   -0.1090
  QMMM:     2        2      C        0.8180   -0.4410    0.5630
  QMMM:     3        3      C        2.9350   -1.6040    0.6140
  QMMM:     4        4      C        0.8010   -0.4100    1.9570
  QMMM:     5        5      C        2.9180   -1.5730    2.0080
  QMMM:     6        6      C        1.8510   -0.9770    2.6800
  QMMM:     7        7      F        1.8350   -0.9470    4.0190
  QMMM:     8        8      H        1.8980   -1.0610   -1.1950
  QMMM:     9        9      H        0.0000    0.0000   -0.0000
  QMMM:    10       10      H        3.7660   -2.0680    0.0910
  QMMM:    11       11      H       -0.0300    0.0540    2.4800
  QMMM:    12       12      H        3.7360   -2.0140    2.5710

--------------------------------------------------------------------------------
  RESULTS
--------------------------------------------------------------------------------

      iter         sqm energy              rms gradient
      ----    -------------------    -----------------------
xmin    10      -23.4257 kcal/mol        0.0025 kcal/(mol*A)
  ... geometry converged !
 
 Final MO eigenvalues (eV):
 -49.5383  -39.1304  -31.8072  -30.9563  -23.6827  -23.2805  -18.5209  -17.0881
 -16.9021  -16.2685  -15.1192  -14.5156  -14.0038  -13.1629  -12.7444  -11.9638
 -10.0319   -9.5449    0.1635    0.2227    2.5944    3.2373    3.6979    3.8202
   3.9087    4.1239    4.2804    4.7984    5.0094    5.1018    5.2309    5.4011
   5.8856

 Heat of formation   =        -23.42571635 kcal/mol  (       -1.01581529 eV)

 Total SCF energy    =     -30481.13201875 kcal/mol  (    -1321.76106928 eV)
 Electronic energy   =    -105340.21915444 kcal/mol  (    -4567.89467735 eV)
 Core-core repulsion =      74859.08713569 kcal/mol  (     3246.13360807 eV)
 
    Atomic Charges for Step       1 :
  Atom    Element       Mulliken Charge
     1      C                 -0.145
     2      C                 -0.105
     3      C                 -0.105
     4      C                 -0.166
     5      C                 -0.166
     6      C                  0.089
     7      F                 -0.107
     8      H                  0.136
     9      H                  0.137
    10      H                  0.137
    11      H                  0.148
    12      H                  0.148
 Total Mulliken Charge =      -0.000
 
                  X        Y        Z     TOTAL  
  QM DIPOLE     0.019   -0.034   -1.575    1.575
 
 Final Structure

  QMMM: QM Region Cartesian Coordinates (*=link atom) 
  QMMM: QM_NO.   MM_NO.  ATOM         X         Y         Z
  QMMM:     1        1      C        1.8850   -1.0375   -0.1089
  QMMM:     2        2      C        0.8176   -0.4408    0.5624
  QMMM:     3        3      C        2.9353   -1.6038    0.6136
  QMMM:     4        4      C        0.7895   -0.4042    1.9537
  QMMM:     5        5      C        2.9296   -1.5795    2.0054
  QMMM:     6        6      C        1.8511   -0.9766    2.6792
  QMMM:     7        7      F        1.8346   -0.9469    4.0338
  QMMM:     8        8      H        1.8983   -1.0616   -1.2082
  QMMM:     9        9      H       -0.0104    0.0056   -0.0086
  QMMM:    10       10      H        3.7768   -2.0743    0.0829
  QMMM:    11       11      H       -0.0473    0.0638    2.4910
  QMMM:    12       12      H        3.7529   -2.0232    2.5828

           --------- Calculation Completed ----------

