            --------------------------------------------------------
                             AMBER SQM VERSION 19
 
                                     By
              Ross C. Walker, Michael F. Crowley, Scott Brozell,
                         Tim Giese, Andreas W. Goetz,
                        Tai-Sung Lee and David A. Case
 
            --------------------------------------------------------
 

--------------------------------------------------------------------------------
  QM CALCULATION INFO
--------------------------------------------------------------------------------

| QMMM: Citation for AMBER QMMM Run:
| QMMM: R.C. Walker, M.F. Crowley and D.A. Case, J. COMP. CHEM. 29:1019, 2008

QMMM: SINGLET STATE CALCULATION
QMMM: RHF CALCULATION, NO. OF DOUBLY OCCUPIED LEVELS = 16

| QMMM: *** Selected Hamiltonian *** 
| QMMM: AM1         

| QMMM: *** Parameter sets in use ***
| QMMM: C : M.J.S.DEWAR et al. JACS, 107, 3902, (1985)
| QMMM: Cl: M.J.S.DEWAR et al. THEOCHEM, 180, 1, (1988)
| QMMM: H : M.J.S.DEWAR et al. JACS, 107, 3902, (1985)

| QMMM: *** SCF convergence criteria ***
| QMMM: Energy change                :  0.1D-09 kcal/mol
| QMMM: Error matrix |FP-PF|         :  0.1D+00 au
| QMMM: Density matrix change        :  0.5D-06
| QMMM: Maximum number of SCF cycles :     1000

| QMMM: *** Diagonalization Routine Information ***
| QMMM: Pseudo diagonalizations are allowed.
| QMMM: Auto diagonalization routine selection is in use.
| QMMM:
| QMMM: Timing diagonalization routines:
| QMMM:                              norbs =       29
| QMMM:    diag iterations used for timing =       20
| QMMM:
| QMMM:              Internal diag routine = 0.001492 seconds
| QMMM:                 Dspev diag routine = 0.030810 seconds
| QMMM:                Dspevd diag routine = 0.001956 seconds
| QMMM:                Dspevx diag routine = 0.009830 seconds
| QMMM:                 Dsyev diag routine = 0.004852 seconds
| QMMM:                Dsyevd diag routine = 0.002609 seconds
| QMMM:                Dsyevr diag routine = 0.009992 seconds
| QMMM:
| QMMM:                Pseudo diag routine = 0.000556 seconds
| QMMM:
| QMMM: Using internal diagonalization routine (diag_routine=1).

  QMMM: QM Region Cartesian Coordinates (*=link atom) 
  QMMM: QM_NO.   MM_NO.  ATOM         X         Y         Z
  QMMM:     1        1      C       -1.7010   -2.1100   -1.3390
  QMMM:     2        2      C       -0.9780    1.2310   -3.2090
  QMMM:     3        3      C       -1.0180   -1.1040   -2.2560
  QMMM:     4        4      C       -1.7160    0.2610   -2.2930
  QMMM:     5        5      Cl      -1.8140    0.9740   -0.6550
  QMMM:     6        6      H       -1.1120   -3.0310   -1.2900
  QMMM:     7        7      H       -2.6990   -2.3740   -1.6980
  QMMM:     8        8      H       -1.7920   -1.7130   -0.3220
  QMMM:     9        9      H       -0.9910    0.8790   -4.2460
  QMMM:    10       10      H       -1.4540    2.2170   -3.1890
  QMMM:    11       11      H        0.0670    1.3550   -2.9050
  QMMM:    12       12      H       -0.9500   -1.5260   -3.2670
  QMMM:    13       13      H        0.0120   -0.9690   -1.9040
  QMMM:    14       14      H       -2.7450    0.1440   -2.6490

--------------------------------------------------------------------------------
  RESULTS
--------------------------------------------------------------------------------

      iter         sqm energy              rms gradient
      ----    -------------------    -----------------------
xmin    10      -37.6240 kcal/mol        0.2148 kcal/(mol*A)
xmin    20      -37.6794 kcal/mol        0.2082 kcal/(mol*A)
xmin    30      -37.6848 kcal/mol        0.0459 kcal/(mol*A)
xmin    40      -37.6852 kcal/mol        0.0107 kcal/(mol*A)
xmin    50      -37.6853 kcal/mol        0.0044 kcal/(mol*A)
xmin    60      -37.6853 kcal/mol        0.0007 kcal/(mol*A)
  ... geometry converged !
 
 Final MO eigenvalues (eV):
 -37.7306  -35.2838  -31.0778  -24.7224  -21.9295  -16.8382  -15.5143  -15.2879
 -14.3419  -13.3029  -12.7579  -12.6057  -12.2811  -11.7341  -11.2588  -11.1111
   1.4341    3.4050    3.7134    3.7891    4.0085    4.2722    4.3874    4.5244
   4.6271    4.7790    4.8050    4.8884    5.0447

 Heat of formation   =        -37.68526173 kcal/mol  (       -1.63415558 eV)

 Total SCF energy    =     -23312.27040818 kcal/mol  (    -1010.89590253 eV)
 Electronic energy   =     -81461.58980188 kcal/mol  (    -3532.43960808 eV)
 Core-core repulsion =      58149.31939371 kcal/mol  (     2521.54370555 eV)
 
    Atomic Charges for Step       1 :
  Atom    Element       Mulliken Charge
     1      C                 -0.215
     2      C                 -0.222
     3      C                 -0.165
     4      C                 -0.052
     5      Cl                -0.138
     6      H                  0.077
     7      H                  0.073
     8      H                  0.088
     9      H                  0.082
    10      H                  0.091
    11      H                  0.089
    12      H                  0.086
    13      H                  0.097
    14      H                  0.109
 Total Mulliken Charge =      -0.000
 
                  X        Y        Z     TOTAL  
  QM DIPOLE     0.155   -0.809   -1.561    1.765
 
 Final Structure

  QMMM: QM Region Cartesian Coordinates (*=link atom) 
  QMMM: QM_NO.   MM_NO.  ATOM         X         Y         Z
  QMMM:     1        1      C       -1.7269   -2.1086   -1.4100
  QMMM:     2        2      C       -1.0249    1.1940   -3.2352
  QMMM:     3        3      C       -0.9482   -1.0665   -2.1698
  QMMM:     4        4      C       -1.6682    0.2677   -2.2314
  QMMM:     5        5      Cl      -1.6899    1.0434   -0.6338
  QMMM:     6        6      H       -1.1670   -3.0750   -1.4035
  QMMM:     7        7      H       -2.7237   -2.2817   -1.8834
  QMMM:     8        8      H       -1.8911   -1.7883   -0.3525
  QMMM:     9        9      H       -1.0923    0.7439   -4.2561
  QMMM:    10       10      H       -1.5419    2.1838   -3.2492
  QMMM:    11       11      H        0.0521    1.3595   -2.9906
  QMMM:    12       12      H       -0.7817   -1.4206   -3.2232
  QMMM:    13       13      H        0.0626   -0.9299   -1.7022
  QMMM:    14       14      H       -2.7501    0.1124   -2.4810

           --------- Calculation Completed ----------

