            --------------------------------------------------------
                             AMBER SQM VERSION 19
 
                                     By
              Ross C. Walker, Michael F. Crowley, Scott Brozell,
                         Tim Giese, Andreas W. Goetz,
                        Tai-Sung Lee and David A. Case
 
            --------------------------------------------------------
 

--------------------------------------------------------------------------------
  QM CALCULATION INFO
--------------------------------------------------------------------------------

| QMMM: Citation for AMBER QMMM Run:
| QMMM: R.C. Walker, M.F. Crowley and D.A. Case, J. COMP. CHEM. 29:1019, 2008

QMMM: SINGLET STATE CALCULATION
QMMM: RHF CALCULATION, NO. OF DOUBLY OCCUPIED LEVELS = 24

| QMMM: *** Selected Hamiltonian *** 
| QMMM: AM1         

| QMMM: *** Parameter sets in use ***
| QMMM: C : M.J.S.DEWAR et al. JACS, 107, 3902, (1985)
| QMMM: N : M.J.S.DEWAR et al. JACS, 107, 3902, (1985)
| QMMM: O : M.J.S.DEWAR et al. JACS, 107, 3902, (1985)
| QMMM: H : M.J.S.DEWAR et al. JACS, 107, 3902, (1985)

| QMMM: *** SCF convergence criteria ***
| QMMM: Energy change                :  0.1D-09 kcal/mol
| QMMM: Error matrix |FP-PF|         :  0.1D+00 au
| QMMM: Density matrix change        :  0.5D-06
| QMMM: Maximum number of SCF cycles :     1000

| QMMM: *** Diagonalization Routine Information ***
| QMMM: Pseudo diagonalizations are allowed.
| QMMM: Auto diagonalization routine selection is in use.
| QMMM:
| QMMM: Timing diagonalization routines:
| QMMM:                              norbs =       39
| QMMM:    diag iterations used for timing =       20
| QMMM:
| QMMM:              Internal diag routine = 0.004886 seconds
| QMMM:                 Dspev diag routine = 0.005274 seconds
| QMMM:                Dspevd diag routine = 0.013065 seconds
| QMMM:                Dspevx diag routine = 0.025720 seconds
| QMMM:                 Dsyev diag routine = 0.005664 seconds
| QMMM:                Dsyevd diag routine = 0.007662 seconds
| QMMM:                Dsyevr diag routine = 0.006212 seconds
| QMMM:
| QMMM:                Pseudo diag routine = 0.001178 seconds
| QMMM:
| QMMM: Using internal diagonalization routine (diag_routine=1).

  QMMM: QM Region Cartesian Coordinates (*=link atom) 
  QMMM: QM_NO.   MM_NO.  ATOM         X         Y         Z
  QMMM:     1        1      C       -0.4150   -0.7480    1.8790
  QMMM:     2        2      C        0.3980   -3.0670    2.2040
  QMMM:     3        3      C        0.7610   -1.9190    0.0380
  QMMM:     4        4      N       -0.2360   -1.9040    2.6350
  QMMM:     5        5      N        0.1070   -0.8200    0.5900
  QMMM:     6        6      N        0.8740   -3.0090    0.8970
  QMMM:     7        7      O       -0.9860    0.2530    2.3130
  QMMM:     8        8      O        0.5270   -4.0610    2.9190
  QMMM:     9        9      O        1.2020   -1.9250   -1.1120
  QMMM:    10       10      H       -0.5990   -1.8980    3.5830
  QMMM:    11       11      H        0.0000    0.0000    0.0000
  QMMM:    12       12      H        1.3440   -3.8350    0.5380

--------------------------------------------------------------------------------
  RESULTS
--------------------------------------------------------------------------------

      iter         sqm energy              rms gradient
      ----    -------------------    -----------------------
xmin    10      -96.9382 kcal/mol        0.0029 kcal/(mol*A)
  ... geometry converged !
 
 Final MO eigenvalues (eV):
 -42.1804  -39.6494  -39.6494  -36.4538  -34.7820  -34.7820  -25.4519  -25.4519
 -22.1297  -21.2237  -18.9722  -18.0225  -18.0225  -17.9285  -16.5748  -16.5748
 -15.7267  -15.7267  -12.9275  -12.9275  -11.9295  -11.8828  -11.8828  -11.8226
  -0.2835    0.0498    0.0498    0.9737    0.9737    1.5020    3.7930    3.7930
   3.9641    4.3923    4.3923    5.4717    5.6155    5.6155    6.3580

 Heat of formation   =        -96.93820441 kcal/mol  (       -4.20355598 eV)

 Total SCF energy    =     -46302.31726598 kcal/mol  (    -2007.81914340 eV)
 Electronic energy   =    -174959.27854373 kcal/mol  (    -7586.80363140 eV)
 Core-core repulsion =     128656.96127774 kcal/mol  (     5578.98448800 eV)
 
    Atomic Charges for Step       1 :
  Atom    Element       Mulliken Charge
     1      C                  0.412
     2      C                  0.412
     3      C                  0.412
     4      N                 -0.371
     5      N                 -0.371
     6      N                 -0.371
     7      O                 -0.330
     8      O                 -0.330
     9      O                 -0.330
    10      H                  0.289
    11      H                  0.289
    12      H                  0.289
 Total Mulliken Charge =      -0.000
 
                  X        Y        Z     TOTAL  
  QM DIPOLE    -0.000   -0.000    0.000    0.000
 
 Final Structure

  QMMM: QM Region Cartesian Coordinates (*=link atom) 
  QMMM: QM_NO.   MM_NO.  ATOM         X         Y         Z
  QMMM:     1        1      C       -0.4119   -0.7532    1.8765
  QMMM:     2        2      C        0.3976   -3.0612    2.2007
  QMMM:     3        3      C        0.7586   -1.9188    0.0438
  QMMM:     4        4      N       -0.2500   -1.9035    2.6713
  QMMM:     5        5      N        0.1021   -0.7888    0.5667
  QMMM:     6        6      N        0.8921   -3.0409    0.8830
  QMMM:     7        7      O       -0.9887    0.2586    2.3159
  QMMM:     8        8      O        0.5284   -4.0663    2.9234
  QMMM:     9        9      O        1.2047   -1.9255   -1.1183
  QMMM:    10       10      H       -0.6073   -1.8981    3.6022
  QMMM:    11       11      H       -0.0025    0.0163   -0.0122
  QMMM:    12       12      H        1.3541   -3.8514    0.5310

           --------- Calculation Completed ----------

