            --------------------------------------------------------
                             AMBER SQM VERSION 19
 
                                     By
              Ross C. Walker, Michael F. Crowley, Scott Brozell,
                         Tim Giese, Andreas W. Goetz,
                        Tai-Sung Lee and David A. Case
 
            --------------------------------------------------------
 

--------------------------------------------------------------------------------
  QM CALCULATION INFO
--------------------------------------------------------------------------------

| QMMM: Citation for AMBER QMMM Run:
| QMMM: R.C. Walker, M.F. Crowley and D.A. Case, J. COMP. CHEM. 29:1019, 2008

QMMM: SINGLET STATE CALCULATION
QMMM: RHF CALCULATION, NO. OF DOUBLY OCCUPIED LEVELS = 23

| QMMM: *** Selected Hamiltonian *** 
| QMMM: AM1         

| QMMM: *** Parameter sets in use ***
| QMMM: C : M.J.S.DEWAR et al. JACS, 107, 3902, (1985)
| QMMM: H : M.J.S.DEWAR et al. JACS, 107, 3902, (1985)

| QMMM: *** SCF convergence criteria ***
| QMMM: Energy change                :  0.1D-09 kcal/mol
| QMMM: Error matrix |FP-PF|         :  0.1D+00 au
| QMMM: Density matrix change        :  0.5D-06
| QMMM: Maximum number of SCF cycles :     1000

| QMMM: *** Diagonalization Routine Information ***
| QMMM: Pseudo diagonalizations are allowed.
| QMMM: Auto diagonalization routine selection is in use.
| QMMM:
| QMMM: Timing diagonalization routines:
| QMMM:                              norbs =       46
| QMMM:    diag iterations used for timing =       20
| QMMM:
| QMMM:              Internal diag routine = 0.020725 seconds
| QMMM:                 Dspev diag routine = 0.010252 seconds
| QMMM:                Dspevd diag routine = 0.008993 seconds
| QMMM:                Dspevx diag routine = 0.031069 seconds
| QMMM:                 Dsyev diag routine = 0.006193 seconds
| QMMM:                Dsyevd diag routine = 0.004933 seconds
| QMMM:                Dsyevr diag routine = 0.004936 seconds
| QMMM:
| QMMM:                Pseudo diag routine = 0.000970 seconds
| QMMM:
| QMMM: Using dsyevd routine (diag_routine=6).

  QMMM: QM Region Cartesian Coordinates (*=link atom) 
  QMMM: QM_NO.   MM_NO.  ATOM         X         Y         Z
  QMMM:     1        1      C        1.8850   -1.0380   -0.1090
  QMMM:     2        2      C        0.8180   -0.4410    0.5630
  QMMM:     3        3      C        2.9350   -1.6040    0.6140
  QMMM:     4        4      C        0.8010   -0.4100    1.9570
  QMMM:     5        5      C        2.9180   -1.5730    2.0080
  QMMM:     6        6      C        1.8510   -0.9770    2.6800
  QMMM:     7        7      C        1.2300    0.0520    4.8340
  QMMM:     8        8      C        1.8330   -0.9450    4.1340
  QMMM:     9        9      C        2.5270   -2.0550    4.9040
  QMMM:    10       10      H        1.8980   -1.0610   -1.1950
  QMMM:    11       11      H       -0.0000   -0.0000   -0.0000
  QMMM:    12       12      H        3.7650   -2.0680    0.0900
  QMMM:    13       13      H       -0.0380    0.0580    2.4660
  QMMM:    14       14      H        3.7440   -2.0190    2.5580
  QMMM:    15       15      H        1.2260    0.0720    5.9200
  QMMM:    16       16      H        0.7390    0.8810    4.3350
  QMMM:    17       17      H        3.6150   -1.9660    4.8160
  QMMM:    18       18      H        2.2190   -3.0320    4.5150
  QMMM:    19       19      H        2.2850   -2.0440    5.9720

--------------------------------------------------------------------------------
  RESULTS
--------------------------------------------------------------------------------

      iter         sqm energy              rms gradient
      ----    -------------------    -----------------------
xmin    10       32.3214 kcal/mol        0.4163 kcal/(mol*A)
xmin    20       32.2907 kcal/mol        0.2598 kcal/(mol*A)
xmin    30       32.2826 kcal/mol        0.0561 kcal/(mol*A)
xmin    40       32.2788 kcal/mol        0.0719 kcal/(mol*A)
xmin    50       32.2775 kcal/mol        0.0463 kcal/(mol*A)
xmin    60       32.2769 kcal/mol        0.0743 kcal/(mol*A)
xmin    70       32.2766 kcal/mol        0.0201 kcal/(mol*A)
xmin    80       32.2765 kcal/mol        0.0039 kcal/(mol*A)
xmin    90       32.2765 kcal/mol        0.0037 kcal/(mol*A)
xmin   100       32.2764 kcal/mol        0.0029 kcal/(mol*A)
xmin   110       32.2764 kcal/mol        0.0038 kcal/(mol*A)
  ... geometry converged !
 
 Final MO eigenvalues (eV):
 -39.7124  -35.8993  -31.5058  -30.4553  -27.9301  -23.7649  -22.9610  -19.8267
 -17.5659  -16.0314  -15.7802  -15.0307  -14.6428  -14.2312  -13.8302  -13.1918
 -12.8752  -12.5545  -11.8553  -11.7325  -10.4854   -9.6628   -9.0522    0.1766
   0.5725    1.4822    2.9959    3.7289    3.9637    4.0370    4.1377    4.1924
   4.3707    4.4825    4.5389    4.6521    4.8240    4.8618    5.1008    5.1540
   5.4059    5.5098    5.6790    5.7457    5.9356    6.1292

 Heat of formation   =         32.27644358 kcal/mol  (        1.39961162 eV)

 Total SCF energy    =     -29730.08081580 kcal/mol  (    -1289.19304522 eV)
 Electronic energy   =    -143077.00535964 kcal/mol  (    -6204.28452190 eV)
 Core-core repulsion =     113346.92454384 kcal/mol  (     4915.09147669 eV)
 
    Atomic Charges for Step       1 :
  Atom    Element       Mulliken Charge
     1      C                 -0.129
     2      C                 -0.131
     3      C                 -0.131
     4      C                 -0.120
     5      C                 -0.120
     6      C                 -0.041
     7      C                 -0.215
     8      C                 -0.069
     9      C                 -0.182
    10      H                  0.131
    11      H                  0.131
    12      H                  0.131
    13      H                  0.134
    14      H                  0.133
    15      H                  0.115
    16      H                  0.116
    17      H                  0.083
    18      H                  0.087
    19      H                  0.080
 Total Mulliken Charge =       0.000
 
                  X        Y        Z     TOTAL  
  QM DIPOLE     0.097   -0.158    0.074    0.200
 
 Final Structure

  QMMM: QM Region Cartesian Coordinates (*=link atom) 
  QMMM: QM_NO.   MM_NO.  ATOM         X         Y         Z
  QMMM:     1        1      C        1.8800   -1.0487   -0.1019
  QMMM:     2        2      C        0.7949   -0.4923    0.5744
  QMMM:     3        3      C        2.9534   -1.5688    0.6212
  QMMM:     4        4      C        0.7828   -0.4525    1.9672
  QMMM:     5        5      C        2.9433   -1.5342    2.0138
  QMMM:     6        6      C        1.8586   -0.9717    2.7023
  QMMM:     7        7      C        1.3267    0.1072    4.8404
  QMMM:     8        8      C        1.8467   -0.9271    4.1661
  QMMM:     9        9      C        2.4511   -2.0879    4.8698
  QMMM:    10       10      H        1.8892   -1.0785   -1.2009
  QMMM:    11       11      H       -0.0551   -0.0839    0.0084
  QMMM:    12       12      H        3.8115   -2.0081    0.0916
  QMMM:    13       13      H       -0.0782   -0.0166    2.4960
  QMMM:    14       14      H        3.7930   -1.9468    2.5780
  QMMM:    15       15      H        1.3138    0.1404    5.9373
  QMMM:    16       16      H        0.8916    0.9810    4.3392
  QMMM:    17       17      H        3.5675   -2.0131    4.8442
  QMMM:    18       18      H        2.1526   -3.0454    4.3761
  QMMM:    19       19      H        2.1277   -2.1231    5.9390

           --------- Calculation Completed ----------

