            --------------------------------------------------------
                             AMBER SQM VERSION 19
 
                                     By
              Ross C. Walker, Michael F. Crowley, Scott Brozell,
                         Tim Giese, Andreas W. Goetz,
                        Tai-Sung Lee and David A. Case
 
            --------------------------------------------------------
 

--------------------------------------------------------------------------------
  QM CALCULATION INFO
--------------------------------------------------------------------------------

| QMMM: Citation for AMBER QMMM Run:
| QMMM: R.C. Walker, M.F. Crowley and D.A. Case, J. COMP. CHEM. 29:1019, 2008

QMMM: SINGLET STATE CALCULATION
QMMM: RHF CALCULATION, NO. OF DOUBLY OCCUPIED LEVELS = 22

| QMMM: *** Selected Hamiltonian *** 
| QMMM: AM1         

| QMMM: *** Parameter sets in use ***
| QMMM: C : M.J.S.DEWAR et al. JACS, 107, 3902, (1985)
| QMMM: H : M.J.S.DEWAR et al. JACS, 107, 3902, (1985)

| QMMM: *** SCF convergence criteria ***
| QMMM: Energy change                :  0.1D-09 kcal/mol
| QMMM: Error matrix |FP-PF|         :  0.1D+00 au
| QMMM: Density matrix change        :  0.5D-06
| QMMM: Maximum number of SCF cycles :     1000

| QMMM: *** Diagonalization Routine Information ***
| QMMM: Pseudo diagonalizations are allowed.
| QMMM: Auto diagonalization routine selection is in use.
| QMMM:
| QMMM: Timing diagonalization routines:
| QMMM:                              norbs =       44
| QMMM:    diag iterations used for timing =       20
| QMMM:
| QMMM:              Internal diag routine = 0.004246 seconds
| QMMM:                 Dspev diag routine = 0.012461 seconds
| QMMM:                Dspevd diag routine = 0.004123 seconds
| QMMM:                Dspevx diag routine = 0.035250 seconds
| QMMM:                 Dsyev diag routine = 0.009903 seconds
| QMMM:                Dsyevd diag routine = 0.006912 seconds
| QMMM:                Dsyevr diag routine = 0.007900 seconds
| QMMM:
| QMMM:                Pseudo diag routine = 0.001432 seconds
| QMMM:
| QMMM: Using dspevd routine (diag_routine=3).

  QMMM: QM Region Cartesian Coordinates (*=link atom) 
  QMMM: QM_NO.   MM_NO.  ATOM         X         Y         Z
  QMMM:     1        1      C       -0.5130    0.6360   -0.8560
  QMMM:     2        2      C       -5.4960   -0.0480    0.9780
  QMMM:     3        3      C       -4.2260    0.2000    3.1200
  QMMM:     4        4      C       -1.5840    1.5480   -0.2790
  QMMM:     5        5      C       -2.6300    0.7570    0.5080
  QMMM:     6        6      C       -3.6830    1.6860    1.1180
  QMMM:     7        7      C       -4.7800    0.9410    1.9020
  QMMM:     8        8      H        0.2230    1.2220   -1.4150
  QMMM:     9        9      H        0.0140    0.0980   -0.0610
  QMMM:    10       10      H       -0.9500   -0.1010   -1.5380
  QMMM:    11       11      H       -4.8060   -0.8080    0.5980
  QMMM:    12       12      H       -6.3060   -0.5600    1.5090
  QMMM:    13       13      H       -5.9370    0.4710    0.1200
  QMMM:    14       14      H       -3.4290   -0.4950    2.8340
  QMMM:    15       15      H       -5.0150   -0.3770    3.6150
  QMMM:    16       16      H       -3.8230    0.8960    3.8610
  QMMM:    17       17      H       -2.0680    2.0950   -1.0960
  QMMM:    18       18      H       -1.1090    2.2910    0.3730
  QMMM:    19       19      H       -3.1070    0.0340   -0.1620
  QMMM:    20       20      H       -2.1360    0.1880    1.3050
  QMMM:    21       21      H       -3.1820    2.3890    1.7950
  QMMM:    22       22      H       -4.1410    2.2890    0.3230
  QMMM:    23       23      H       -5.5210    1.6710    2.2520

--------------------------------------------------------------------------------
  RESULTS
--------------------------------------------------------------------------------

      iter         sqm energy              rms gradient
      ----    -------------------    -----------------------
xmin    10      -48.2928 kcal/mol        0.0961 kcal/(mol*A)
xmin    20      -48.3004 kcal/mol        0.0101 kcal/(mol*A)
xmin    30      -48.3009 kcal/mol        0.0237 kcal/(mol*A)
xmin    40      -48.3010 kcal/mol        0.0046 kcal/(mol*A)
xmin    50      -48.3011 kcal/mol        0.0053 kcal/(mol*A)
xmin    60      -48.3011 kcal/mol        0.0008 kcal/(mol*A)
xmin    70      -48.3011 kcal/mol        0.0059 kcal/(mol*A)
xmin    80      -48.3011 kcal/mol        0.0012 kcal/(mol*A)
xmin    90      -48.3011 kcal/mol        0.0007 kcal/(mol*A)
  ... geometry converged !
 
 Final MO eigenvalues (eV):
 -38.0106  -34.7286  -29.6323  -27.7481  -24.9976  -21.9538  -19.8660  -16.2673
 -16.0069  -15.0510  -14.6104  -14.2236  -13.3947  -13.3850  -12.6964  -12.4392
 -12.0546  -12.0278  -11.5875  -11.3406  -11.0543  -11.0305    3.7413    3.8029
   3.8596    4.0909    4.2042    4.4126    4.4473    4.6353    4.6746    4.7030
   4.7776    4.8548    4.9418    4.9753    5.0290    5.0996    5.1651    5.1871
   5.2932    5.3729    5.4078    5.4447

 Heat of formation   =        -48.30111200 kcal/mol  (       -2.09449339 eV)

 Total SCF energy    =     -25786.10233879 kcal/mol  (    -1118.16930483 eV)
 Electronic energy   =    -129204.93409812 kcal/mol  (    -5602.74637258 eV)
 Core-core repulsion =     103418.83175933 kcal/mol  (     4484.57706775 eV)
 
    Atomic Charges for Step       1 :
  Atom    Element       Mulliken Charge
     1      C                 -0.210
     2      C                 -0.207
     3      C                 -0.207
     4      C                 -0.159
     5      C                 -0.158
     6      C                 -0.152
     7      C                 -0.105
     8      H                  0.071
     9      H                  0.072
    10      H                  0.072
    11      H                  0.074
    12      H                  0.071
    13      H                  0.073
    14      H                  0.074
    15      H                  0.071
    16      H                  0.072
    17      H                  0.077
    18      H                  0.077
    19      H                  0.080
    20      H                  0.080
    21      H                  0.077
    22      H                  0.077
    23      H                  0.081
 Total Mulliken Charge =      -0.000
 
                  X        Y        Z     TOTAL  
  QM DIPOLE    -0.002   -0.019    0.003    0.019
 
 Final Structure

  QMMM: QM Region Cartesian Coordinates (*=link atom) 
  QMMM: QM_NO.   MM_NO.  ATOM         X         Y         Z
  QMMM:     1        1      C       -0.5126    0.6821   -0.8340
  QMMM:     2        2      C       -5.5341   -0.0511    0.9852
  QMMM:     3        3      C       -4.1980    0.1718    3.0737
  QMMM:     4        4      C       -1.5780    1.5644   -0.2366
  QMMM:     5        5      C       -2.6173    0.7530    0.5090
  QMMM:     6        6      C       -3.6833    1.6473    1.1035
  QMMM:     7        7      C       -4.7623    0.9013    1.8734
  QMMM:     8        8      H        0.2428    1.2990   -1.3780
  QMMM:     9        9      H        0.0131    0.1032   -0.0365
  QMMM:    10       10      H       -0.9604   -0.0439   -1.5551
  QMMM:    11       11      H       -4.8895   -0.9036    0.6614
  QMMM:    12       12      H       -6.4110   -0.4665    1.5380
  QMMM:    13       13      H       -5.9047    0.4783    0.0748
  QMMM:    14       14      H       -3.5486   -0.6783    2.7534
  QMMM:    15       15      H       -5.0276   -0.2384    3.6987
  QMMM:    16       16      H       -3.5888    0.8659    3.7010
  QMMM:    17       17      H       -2.0774    2.1552   -1.0495
  QMMM:    18       18      H       -1.1062    2.3026    0.4647
  QMMM:    19       19      H       -3.0884    0.0156   -0.1931
  QMMM:    20       20      H       -2.1174    0.1648    1.3230
  QMMM:    21       21      H       -3.1972    2.3871    1.7943
  QMMM:    22       22      H       -4.1715    2.2327    0.2791
  QMMM:    23       23      H       -5.4866    1.6804    2.2536

           --------- Calculation Completed ----------

