            --------------------------------------------------------
                             AMBER SQM VERSION 19
 
                                     By
              Ross C. Walker, Michael F. Crowley, Scott Brozell,
                         Tim Giese, Andreas W. Goetz,
                        Tai-Sung Lee and David A. Case
 
            --------------------------------------------------------
 

--------------------------------------------------------------------------------
  QM CALCULATION INFO
--------------------------------------------------------------------------------

| QMMM: Citation for AMBER QMMM Run:
| QMMM: R.C. Walker, M.F. Crowley and D.A. Case, J. COMP. CHEM. 29:1019, 2008

QMMM: SINGLET STATE CALCULATION
QMMM: RHF CALCULATION, NO. OF DOUBLY OCCUPIED LEVELS = 46

| QMMM: *** Selected Hamiltonian *** 
| QMMM: AM1         

| QMMM: *** Parameter sets in use ***
| QMMM: C : M.J.S.DEWAR et al. JACS, 107, 3902, (1985)
| QMMM: O : M.J.S.DEWAR et al. JACS, 107, 3902, (1985)
| QMMM: Cl: M.J.S.DEWAR et al. THEOCHEM, 180, 1, (1988)
| QMMM: H : M.J.S.DEWAR et al. JACS, 107, 3902, (1985)

| QMMM: *** SCF convergence criteria ***
| QMMM: Energy change                :  0.1D-09 kcal/mol
| QMMM: Error matrix |FP-PF|         :  0.1D+00 au
| QMMM: Density matrix change        :  0.5D-06
| QMMM: Maximum number of SCF cycles :     1000

| QMMM: *** Diagonalization Routine Information ***
| QMMM: Pseudo diagonalizations are allowed.
| QMMM: Auto diagonalization routine selection is in use.
| QMMM:
| QMMM: Timing diagonalization routines:
| QMMM:                              norbs =       76
| QMMM:    diag iterations used for timing =       15
| QMMM:
| QMMM:              Internal diag routine = 0.069969 seconds
| QMMM:                 Dspev diag routine = 0.018005 seconds
| QMMM:                Dspevd diag routine = 0.006965 seconds
| QMMM:                Dspevx diag routine = 0.042632 seconds
| QMMM:                 Dsyev diag routine = 0.010999 seconds
| QMMM:                Dsyevd diag routine = 0.564819 seconds
| QMMM:                Dsyevr diag routine = 0.020359 seconds
| QMMM:
| QMMM:                Pseudo diag routine = 0.007530 seconds
| QMMM: Pseudo diagonalization appears to be slower than regular
| QMMM: diagonalization. Setting pseudo_diag=0 for optimum performance.
| QMMM:
| QMMM: Using dspevd routine (diag_routine=3).

  QMMM: QM Region Cartesian Coordinates (*=link atom) 
  QMMM: QM_NO.   MM_NO.  ATOM         X         Y         Z
  QMMM:     1        1      C       -3.1490    0.4150    1.2200
  QMMM:     2        2      C       -1.4370   -1.5820    0.2690
  QMMM:     3        3      C       -6.5290   -2.8210    1.9320
  QMMM:     4        4      C       -4.8170   -4.8180    0.9820
  QMMM:     5        5      C       -3.5800   -0.9100    1.1630
  QMMM:     6        6      C       -2.7270   -1.9050    0.6890
  QMMM:     7        7      C       -5.2390   -2.4980    1.5120
  QMMM:     8        8      C       -4.3860   -3.4940    1.0380
  QMMM:     9        9      C       -1.8580    0.7400    0.8000
  QMMM:    10       10      C       -1.0040   -0.2570    0.3260
  QMMM:    11       11      C       -6.9620   -4.1460    1.8750
  QMMM:    12       12      C       -6.1070   -5.1430    1.4010
  QMMM:    13       13      O       -4.8560   -1.1830    1.5850
  QMMM:    14       14      O       -3.1090   -3.2200    0.6160
  QMMM:    15       15      Cl      -1.3750    2.3980    0.8940
  QMMM:    16       16      Cl       0.6050    0.0880   -0.2070
  QMMM:    17       17      Cl      -8.5700   -4.4910    2.4080
  QMMM:    18       18      Cl      -6.5900   -6.8010    1.3090
  QMMM:    19       19      H       -3.8220    1.1840    1.5920
  QMMM:    20       20      H       -0.7790   -2.3670   -0.0970
  QMMM:    21       21      H       -7.1860   -2.0380    2.3010
  QMMM:    22       22      H       -4.1440   -5.5880    0.6100

--------------------------------------------------------------------------------
  RESULTS
--------------------------------------------------------------------------------

      iter         sqm energy              rms gradient
      ----    -------------------    -----------------------
xmin    10      -19.8282 kcal/mol        0.0058 kcal/(mol*A)
  ... geometry converged !
 
 Final MO eigenvalues (eV):
 -42.7326  -40.2242  -39.2124  -39.2027  -38.0527  -38.0370  -37.8017  -36.8254
 -32.7607  -31.4255  -31.4118  -29.8438  -25.7797  -25.2408  -23.7905  -22.5588
 -21.3409  -19.1214  -18.9755  -17.7025  -17.6612  -17.6114  -17.3017  -16.4317
 -15.6230  -15.5369  -15.5187  -15.4571  -15.4402  -14.9464  -14.8999  -14.1977
 -13.7791  -13.2525  -13.2064  -12.8744  -12.8302  -12.3144  -12.2837  -12.2341
 -12.1828  -11.5997  -10.4988  -10.0507   -9.9753   -8.9973   -0.9094   -0.5892
  -0.3735   -0.3233    0.6632    0.7553    0.7679    1.0605    1.2484    1.6551
   1.8770    1.9729    2.2581    2.9085    3.1583    3.2850    3.3854    3.5801
   3.6316    4.0025    4.0696    4.1145    4.1711    4.1813    4.3191    4.4653
   4.4975    4.8283    5.0469    5.8159

 Heat of formation   =        -19.82819241 kcal/mol  (       -0.85981494 eV)

 Total SCF energy    =     -85911.05664041 kcal/mol  (    -3725.38296867 eV)
 Electronic energy   =    -435737.45817860 kcal/mol  (   -18894.99406698 eV)
 Core-core repulsion =     349826.40153819 kcal/mol  (    15169.61109831 eV)
 
    Atomic Charges for Step       1 :
  Atom    Element       Mulliken Charge
     1      C                 -0.105
     2      C                 -0.105
     3      C                 -0.105
     4      C                 -0.105
     5      C                  0.026
     6      C                  0.026
     7      C                  0.026
     8      C                  0.026
     9      C                 -0.059
    10      C                 -0.059
    11      C                 -0.059
    12      C                 -0.059
    13      O                 -0.124
    14      O                 -0.124
    15      Cl                 0.025
    16      Cl                 0.025
    17      Cl                 0.025
    18      Cl                 0.025
    19      H                  0.175
    20      H                  0.175
    21      H                  0.175
    22      H                  0.175
 Total Mulliken Charge =      -0.000
 
                  X        Y        Z     TOTAL  
  QM DIPOLE     0.000   -0.000    0.000    0.000
 
 Final Structure

  QMMM: QM Region Cartesian Coordinates (*=link atom) 
  QMMM: QM_NO.   MM_NO.  ATOM         X         Y         Z
  QMMM:     1        1      C       -3.1544    0.4279    1.2244
  QMMM:     2        2      C       -1.4252   -1.5895    0.2641
  QMMM:     3        3      C       -6.5404   -2.8139    1.9375
  QMMM:     4        4      C       -4.8111   -4.8312    0.9772
  QMMM:     5        5      C       -3.5778   -0.9012    1.1636
  QMMM:     6        6      C       -2.7184   -1.9038    0.6863
  QMMM:     7        7      C       -5.2473   -2.4995    1.5151
  QMMM:     8        8      C       -4.3878   -3.5022    1.0379
  QMMM:     9        9      C       -1.8582    0.7449    0.8016
  QMMM:    10       10      C       -0.9990   -0.2575    0.3244
  QMMM:    11       11      C       -6.9665   -4.1459    1.8774
  QMMM:    12       12      C       -6.1073   -5.1483    1.4002
  QMMM:    13       13      O       -4.8766   -1.1590    1.5969
  QMMM:    14       14      O       -3.0891   -3.2443    0.6043
  QMMM:    15       15      Cl      -1.3562    2.3612    0.8803
  QMMM:    16       16      Cl       0.5724    0.1113   -0.1908
  QMMM:    17       17      Cl      -8.5378   -4.5147    2.3927
  QMMM:    18       18      Cl      -6.6092   -6.7646    1.3217
  QMMM:    19       19      H       -3.8387    1.2038    1.6008
  QMMM:    20       20      H       -0.7620   -2.3856   -0.1078
  QMMM:    21       21      H       -7.2036   -2.0178    2.3094
  QMMM:    22       22      H       -4.1268   -5.6072    0.6008

           --------- Calculation Completed ----------

