            --------------------------------------------------------
                             AMBER SQM VERSION 19
 
                                     By
              Ross C. Walker, Michael F. Crowley, Scott Brozell,
                         Tim Giese, Andreas W. Goetz,
                        Tai-Sung Lee and David A. Case
 
            --------------------------------------------------------
 

--------------------------------------------------------------------------------
  QM CALCULATION INFO
--------------------------------------------------------------------------------

| QMMM: Citation for AMBER QMMM Run:
| QMMM: R.C. Walker, M.F. Crowley and D.A. Case, J. COMP. CHEM. 29:1019, 2008

QMMM: SINGLET STATE CALCULATION
QMMM: RHF CALCULATION, NO. OF DOUBLY OCCUPIED LEVELS = 21

| QMMM: *** Selected Hamiltonian *** 
| QMMM: AM1         

| QMMM: *** Parameter sets in use ***
| QMMM: C : M.J.S.DEWAR et al. JACS, 107, 3902, (1985)
| QMMM: O : M.J.S.DEWAR et al. JACS, 107, 3902, (1985)
| QMMM: H : M.J.S.DEWAR et al. JACS, 107, 3902, (1985)

| QMMM: *** SCF convergence criteria ***
| QMMM: Energy change                :  0.1D-09 kcal/mol
| QMMM: Error matrix |FP-PF|         :  0.1D+00 au
| QMMM: Density matrix change        :  0.5D-06
| QMMM: Maximum number of SCF cycles :     1000

| QMMM: *** Diagonalization Routine Information ***
| QMMM: Pseudo diagonalizations are allowed.
| QMMM: Auto diagonalization routine selection is in use.
| QMMM:
| QMMM: Timing diagonalization routines:
| QMMM:                              norbs =       38
| QMMM:    diag iterations used for timing =       20
| QMMM:
| QMMM:              Internal diag routine = 0.031173 seconds
| QMMM:                 Dspev diag routine = 0.008186 seconds
| QMMM:                Dspevd diag routine = 0.007180 seconds
| QMMM:                Dspevx diag routine = 0.020880 seconds
| QMMM:                 Dsyev diag routine = 0.003894 seconds
| QMMM:                Dsyevd diag routine = 0.003259 seconds
| QMMM:                Dsyevr diag routine = 0.004191 seconds
| QMMM:
| QMMM:                Pseudo diag routine = 0.001008 seconds
| QMMM:
| QMMM: Using dsyevd routine (diag_routine=6).

  QMMM: QM Region Cartesian Coordinates (*=link atom) 
  QMMM: QM_NO.   MM_NO.  ATOM         X         Y         Z
  QMMM:     1        1      C       -2.0710    1.2980    2.4500
  QMMM:     2        2      C       -0.8820    0.5300    0.3730
  QMMM:     3        3      C       -2.8770    1.8000    5.9870
  QMMM:     4        4      C       -0.8820    0.5510    1.8920
  QMMM:     5        5      C       -3.0830    1.9320    4.4930
  QMMM:     6        6      O       -2.9380    1.8440    1.7810
  QMMM:     7        7      O       -2.0160    1.2610    3.8140
  QMMM:     8        8      H       -0.8510    1.5460   -0.0340
  QMMM:     9        9      H       -0.0090   -0.0150    0.0000
  QMMM:    10       10      H       -1.7820    0.0420   -0.0130
  QMMM:    11       11      H       -3.6770    2.3040    6.5360
  QMMM:    12       12      H       -2.8540    0.7460    6.2820
  QMMM:    13       13      H       -1.9170    2.2360    6.2830
  QMMM:    14       14      H        0.0310    1.0390    2.2480
  QMMM:    15       15      H       -0.9100   -0.4770    2.2680
  QMMM:    16       16      H       -3.0830    2.9850    4.1960
  QMMM:    17       17      H       -4.0320    1.4760    4.1940

--------------------------------------------------------------------------------
  RESULTS
--------------------------------------------------------------------------------

      iter         sqm energy              rms gradient
      ----    -------------------    -----------------------
xmin    10     -108.3421 kcal/mol        0.0331 kcal/(mol*A)
xmin    20     -108.3422 kcal/mol        0.0048 kcal/(mol*A)
xmin    30     -108.3422 kcal/mol        0.0023 kcal/(mol*A)
xmin    40     -108.3423 kcal/mol        0.0040 kcal/(mol*A)
xmin    50     -108.3423 kcal/mol        0.0121 kcal/(mol*A)
xmin    60     -108.3423 kcal/mol        0.0056 kcal/(mol*A)
xmin    70     -108.3423 kcal/mol        0.0053 kcal/(mol*A)
xmin    80     -108.3424 kcal/mol        0.0044 kcal/(mol*A)
xmin    90     -108.3425 kcal/mol        0.0404 kcal/(mol*A)
xmin   100     -108.3426 kcal/mol        0.0084 kcal/(mol*A)
xmin   110     -108.3428 kcal/mol        0.0092 kcal/(mol*A)
xmin   120     -108.3430 kcal/mol        0.0066 kcal/(mol*A)
xmin   130     -108.3433 kcal/mol        0.0248 kcal/(mol*A)
xmin   140     -108.3439 kcal/mol        0.1062 kcal/(mol*A)
xmin   150     -108.3447 kcal/mol        0.0790 kcal/(mol*A)
xmin   160     -108.3457 kcal/mol        0.0296 kcal/(mol*A)
xmin   170     -108.3470 kcal/mol        0.0227 kcal/(mol*A)
xmin   180     -108.3485 kcal/mol        0.0205 kcal/(mol*A)
xmin   190     -108.3505 kcal/mol        0.0132 kcal/(mol*A)
xmin   200     -108.3528 kcal/mol        0.0294 kcal/(mol*A)
xmin   210     -108.3562 kcal/mol        0.0766 kcal/(mol*A)
xmin   220     -108.3602 kcal/mol        0.0258 kcal/(mol*A)
xmin   230     -108.3634 kcal/mol        0.1219 kcal/(mol*A)
xmin   240     -108.3659 kcal/mol        0.0180 kcal/(mol*A)
xmin   250     -108.3688 kcal/mol        0.0293 kcal/(mol*A)
xmin   260     -108.3725 kcal/mol        0.0480 kcal/(mol*A)
xmin   270     -108.3802 kcal/mol        0.1163 kcal/(mol*A)
xmin   280     -108.3933 kcal/mol        0.1448 kcal/(mol*A)
xmin   290     -108.4039 kcal/mol        0.0616 kcal/(mol*A)
xmin   300     -108.4060 kcal/mol        0.0285 kcal/(mol*A)
xmin   310     -108.4090 kcal/mol        0.0404 kcal/(mol*A)
xmin   320     -108.4135 kcal/mol        0.1541 kcal/(mol*A)
xmin   330     -108.4158 kcal/mol        0.0928 kcal/(mol*A)
xmin   340     -108.4187 kcal/mol        0.0291 kcal/(mol*A)
xmin   350     -108.4205 kcal/mol        0.0192 kcal/(mol*A)
xmin   360     -108.4216 kcal/mol        0.0849 kcal/(mol*A)
xmin   370     -108.4224 kcal/mol        0.0275 kcal/(mol*A)
xmin   380     -108.4229 kcal/mol        0.0330 kcal/(mol*A)
xmin   390     -108.4234 kcal/mol        0.0364 kcal/(mol*A)
xmin   400     -108.4237 kcal/mol        0.0729 kcal/(mol*A)
xmin   410     -108.4241 kcal/mol        0.0082 kcal/(mol*A)
xmin   420     -108.4244 kcal/mol        0.0197 kcal/(mol*A)
xmin   430     -108.4246 kcal/mol        0.0555 kcal/(mol*A)
xmin   440     -108.4247 kcal/mol        0.0052 kcal/(mol*A)
xmin   450     -108.4248 kcal/mol        0.0045 kcal/(mol*A)
xmin   460     -108.4249 kcal/mol        0.0086 kcal/(mol*A)
xmin   470     -108.4249 kcal/mol        0.0039 kcal/(mol*A)
xmin   480     -108.4250 kcal/mol        0.0028 kcal/(mol*A)
xmin   490     -108.4250 kcal/mol        0.0078 kcal/(mol*A)
xmin   500     -108.4250 kcal/mol        0.0072 kcal/(mol*A)
xmin   510     -108.4251 kcal/mol        0.0108 kcal/(mol*A)
xmin   520     -108.4251 kcal/mol        0.0034 kcal/(mol*A)
xmin   530     -108.4251 kcal/mol        0.0007 kcal/(mol*A)
  ... geometry converged !
 
 Final MO eigenvalues (eV):
 -40.7648  -37.1117  -34.2340  -32.1205  -26.1853  -23.3971  -21.4190  -18.5299
 -17.3671  -16.8733  -15.5502  -14.5889  -14.4694  -13.8200  -13.3495  -12.9633
 -12.6448  -12.5514  -12.1117  -11.2264  -11.2125    1.2011    2.0218    3.4742
   3.7084    3.8408    3.9484    4.1331    4.1768    4.1932    4.4711    4.5476
   4.6717    4.7488    4.8298    4.8587    5.5815    6.8517

 Heat of formation   =       -108.42507315 kcal/mol  (       -4.70166398 eV)

 Total SCF energy    =     -32740.95029223 kcal/mol  (    -1419.75414302 eV)
 Electronic energy   =    -129485.13349630 kcal/mol  (    -5614.89673025 eV)
 Core-core repulsion =      96744.18320407 kcal/mol  (     4195.14258723 eV)
 
    Atomic Charges for Step       1 :
  Atom    Element       Mulliken Charge
     1      C                  0.301
     2      C                 -0.212
     3      C                 -0.218
     4      C                 -0.156
     5      C                 -0.012
     6      O                 -0.355
     7      O                 -0.284
     8      H                  0.097
     9      H                  0.083
    10      H                  0.083
    11      H                  0.086
    12      H                  0.087
    13      H                  0.087
    14      H                  0.116
    15      H                  0.116
    16      H                  0.090
    17      H                  0.091
 Total Mulliken Charge =      -0.000
 
                  X        Y        Z     TOTAL  
  QM DIPOLE     1.085   -1.081    0.849    1.751
 
 Final Structure

  QMMM: QM Region Cartesian Coordinates (*=link atom) 
  QMMM: QM_NO.   MM_NO.  ATOM         X         Y         Z
  QMMM:     1        1      C       -1.8556    1.5643    2.4515
  QMMM:     2        2      C       -1.0618    0.2757    0.4875
  QMMM:     3        3      C       -2.9853    1.5739    5.9134
  QMMM:     4        4      C       -0.7008    0.8314    1.8412
  QMMM:     5        5      C       -3.0569    2.0030    4.4684
  QMMM:     6        6      O       -2.6538    2.3369    1.9172
  QMMM:     7        7      O       -1.9867    1.3209    3.7907
  QMMM:     8        8      H       -1.4737    1.0811   -0.1689
  QMMM:     9        9      H       -0.1538   -0.1571    0.0028
  QMMM:    10       10      H       -1.8315   -0.5277    0.5823
  QMMM:    11       11      H       -3.8011    2.0792    6.4833
  QMMM:    12       12      H       -3.1081    0.4680    6.0010
  QMMM:    13       13      H       -2.0005    1.8538    6.3578
  QMMM:    14       14      H        0.1449    1.5654    1.7496
  QMMM:    15       15      H       -0.3701    0.0105    2.5310
  QMMM:    16       16      H       -2.9099    3.1084    4.3505
  QMMM:    17       17      H       -4.0282    1.7104    3.9907

           --------- Calculation Completed ----------

