            --------------------------------------------------------
                             AMBER SQM VERSION 19
 
                                     By
              Ross C. Walker, Michael F. Crowley, Scott Brozell,
                         Tim Giese, Andreas W. Goetz,
                        Tai-Sung Lee and David A. Case
 
            --------------------------------------------------------
 

--------------------------------------------------------------------------------
  QM CALCULATION INFO
--------------------------------------------------------------------------------

| QMMM: Citation for AMBER QMMM Run:
| QMMM: R.C. Walker, M.F. Crowley and D.A. Case, J. COMP. CHEM. 29:1019, 2008

QMMM: SINGLET STATE CALCULATION
QMMM: RHF CALCULATION, NO. OF DOUBLY OCCUPIED LEVELS =  9

| QMMM: *** Selected Hamiltonian *** 
| QMMM: AM1         

| QMMM: *** Parameter sets in use ***
| QMMM: C : M.J.S.DEWAR et al. JACS, 107, 3902, (1985)
| QMMM: H : M.J.S.DEWAR et al. JACS, 107, 3902, (1985)

| QMMM: *** SCF convergence criteria ***
| QMMM: Energy change                :  0.1D-09 kcal/mol
| QMMM: Error matrix |FP-PF|         :  0.1D+00 au
| QMMM: Density matrix change        :  0.5D-06
| QMMM: Maximum number of SCF cycles :     1000

| QMMM: *** Diagonalization Routine Information ***
| QMMM: Pseudo diagonalizations are allowed.
| QMMM: Auto diagonalization routine selection is in use.
| QMMM:
| QMMM: Timing diagonalization routines:
| QMMM:                              norbs =       18
| QMMM:    diag iterations used for timing =       20
| QMMM:
| QMMM:              Internal diag routine = 0.007072 seconds
| QMMM:                 Dspev diag routine = 0.000977 seconds
| QMMM:                Dspevd diag routine = 0.000910 seconds
| QMMM:                Dspevx diag routine = 0.002799 seconds
| QMMM:                 Dsyev diag routine = 0.004801 seconds
| QMMM:                Dsyevd diag routine = 0.000790 seconds
| QMMM:                Dsyevr diag routine = 0.027604 seconds
| QMMM:
| QMMM:                Pseudo diag routine = 0.000158 seconds
| QMMM:
| QMMM: Using dsyevd routine (diag_routine=6).

  QMMM: QM Region Cartesian Coordinates (*=link atom) 
  QMMM: QM_NO.   MM_NO.  ATOM         X         Y         Z
  QMMM:     1        1      C        0.8210   -0.6790   -0.2030
  QMMM:     2        2      C        1.3490   -1.4450    0.7580
  QMMM:     3        3      C        0.8800   -1.4500    2.1740
  QMMM:     4        4      H        1.2090   -0.7220   -1.2140
  QMMM:     5        5      H        0.0000    0.0000    0.0000
  QMMM:     6        6      H        2.1710   -2.1090    0.5060
  QMMM:     7        7      H        0.5430   -2.4540    2.4520
  QMMM:     8        8      H        0.0510   -0.7540    2.3390
  QMMM:     9        9      H        1.7000   -1.1660    2.8400

--------------------------------------------------------------------------------
  RESULTS
--------------------------------------------------------------------------------

      iter         sqm energy              rms gradient
      ----    -------------------    -----------------------
xmin    10        6.5174 kcal/mol        0.0019 kcal/(mol*A)
xmin    20        6.5174 kcal/mol        0.0016 kcal/(mol*A)
  ... geometry converged !
 
 Final MO eigenvalues (eV):
 -35.0601  -27.8301  -20.5170  -15.9309  -14.3733  -14.0398  -12.5428  -11.8599
  -9.9919    1.3648    3.9582    4.3407    4.4884    4.5830    4.9020    5.1142
   5.6636    5.9206

 Heat of formation   =          6.51738847 kcal/mol  (        0.28261517 eV)

 Total SCF energy    =     -10754.04170612 kcal/mol  (     -466.33024180 eV)
 Electronic energy   =     -31949.65211247 kcal/mol  (    -1385.44087908 eV)
 Core-core repulsion =      21195.61040635 kcal/mol  (      919.11063728 eV)
 
    Atomic Charges for Step       1 :
  Atom    Element       Mulliken Charge
     1      C                 -0.226
     2      C                 -0.162
     3      C                 -0.189
     4      H                  0.110
     5      H                  0.110
     6      H                  0.117
     7      H                  0.082
     8      H                  0.077
     9      H                  0.082
 Total Mulliken Charge =      -0.000
 
                  X        Y        Z     TOTAL  
  QM DIPOLE     0.022   -0.084    0.213    0.230
 
 Final Structure

  QMMM: QM Region Cartesian Coordinates (*=link atom) 
  QMMM: QM_NO.   MM_NO.  ATOM         X         Y         Z
  QMMM:     1        1      C        0.8229   -0.6807   -0.1955
  QMMM:     2        2      C        1.3460   -1.4443    0.7611
  QMMM:     3        3      C        0.8849   -1.4520    2.1636
  QMMM:     4        4      H        1.1916   -0.7012   -1.2290
  QMMM:     5        5      H       -0.0065    0.0153   -0.0138
  QMMM:     6        6      H        2.1798   -2.1333    0.5429
  QMMM:     7        7      H        0.5387   -2.4773    2.4485
  QMMM:     8        8      H        0.0413   -0.7378    2.3284
  QMMM:     9        9      H        1.7252   -1.1675    2.8457

           --------- Calculation Completed ----------

