            --------------------------------------------------------
                             AMBER SQM VERSION 19
 
                                     By
              Ross C. Walker, Michael F. Crowley, Scott Brozell,
                         Tim Giese, Andreas W. Goetz,
                        Tai-Sung Lee and David A. Case
 
            --------------------------------------------------------
 

--------------------------------------------------------------------------------
  QM CALCULATION INFO
--------------------------------------------------------------------------------

| QMMM: Citation for AMBER QMMM Run:
| QMMM: R.C. Walker, M.F. Crowley and D.A. Case, J. COMP. CHEM. 29:1019, 2008

QMMM: SINGLET STATE CALCULATION
QMMM: RHF CALCULATION, NO. OF DOUBLY OCCUPIED LEVELS = 22

| QMMM: *** Selected Hamiltonian *** 
| QMMM: AM1         

| QMMM: *** Parameter sets in use ***
| QMMM: C : M.J.S.DEWAR et al. JACS, 107, 3902, (1985)
| QMMM: Cl: M.J.S.DEWAR et al. THEOCHEM, 180, 1, (1988)
| QMMM: H : M.J.S.DEWAR et al. JACS, 107, 3902, (1985)

| QMMM: *** SCF convergence criteria ***
| QMMM: Energy change                :  0.1D-09 kcal/mol
| QMMM: Error matrix |FP-PF|         :  0.1D+00 au
| QMMM: Density matrix change        :  0.5D-06
| QMMM: Maximum number of SCF cycles :     1000

| QMMM: *** Diagonalization Routine Information ***
| QMMM: Pseudo diagonalizations are allowed.
| QMMM: Auto diagonalization routine selection is in use.
| QMMM:
| QMMM: Timing diagonalization routines:
| QMMM:                              norbs =       41
| QMMM:    diag iterations used for timing =       20
| QMMM:
| QMMM:              Internal diag routine = 0.029122 seconds
| QMMM:                 Dspev diag routine = 0.014835 seconds
| QMMM:                Dspevd diag routine = 0.003540 seconds
| QMMM:                Dspevx diag routine = 0.023047 seconds
| QMMM:                 Dsyev diag routine = 0.004858 seconds
| QMMM:                Dsyevd diag routine = 0.004091 seconds
| QMMM:                Dsyevr diag routine = 0.006017 seconds
| QMMM:
| QMMM:                Pseudo diag routine = 0.001180 seconds
| QMMM:
| QMMM: Using dspevd routine (diag_routine=3).

  QMMM: QM Region Cartesian Coordinates (*=link atom) 
  QMMM: QM_NO.   MM_NO.  ATOM         X         Y         Z
  QMMM:     1        1      C        0.6570   -0.6720    0.5620
  QMMM:     2        2      C        0.0260   -1.0250    1.9000
  QMMM:     3        3      C        0.9420   -1.9260    2.7290
  QMMM:     4        4      C        0.2900   -2.3070    4.0610
  QMMM:     5        5      C        1.2210   -3.1860    4.9020
  QMMM:     6        6      C        0.5870   -3.6600    6.2060
  QMMM:     7        7      Cl       0.1400   -2.3010    7.2630
  QMMM:     8        8      H        1.6030   -0.1390    0.7030
  QMMM:     9        9      H       -0.0140   -0.0270   -0.0140
  QMMM:    10       10      H        0.8540   -1.5720   -0.0280
  QMMM:    11       11      H       -0.1870   -0.1020    2.4520
  QMMM:    12       12      H       -0.9320   -1.5280    1.7250
  QMMM:    13       13      H        1.8910   -1.4110    2.9190
  QMMM:    14       14      H        1.1750   -2.8350    2.1610
  QMMM:    15       15      H       -0.6470   -2.8430    3.8700
  QMMM:    16       16      H        0.0340   -1.3930    4.6100
  QMMM:    17       17      H        2.1520   -2.6470    5.1140
  QMMM:    18       18      H        1.4960   -4.0720    4.3160
  QMMM:    19       19      H       -0.3140   -4.2500    6.0160
  QMMM:    20       20      H        1.2940   -4.2830    6.7620

--------------------------------------------------------------------------------
  RESULTS
--------------------------------------------------------------------------------

      iter         sqm energy              rms gradient
      ----    -------------------    -----------------------
xmin    10      -53.2111 kcal/mol        0.1654 kcal/(mol*A)
xmin    20      -53.2255 kcal/mol        0.0335 kcal/(mol*A)
xmin    30      -53.2288 kcal/mol        0.0352 kcal/(mol*A)
xmin    40      -53.2301 kcal/mol        0.0195 kcal/(mol*A)
xmin    50      -53.2303 kcal/mol        0.0022 kcal/(mol*A)
xmin    60      -53.2303 kcal/mol        0.0067 kcal/(mol*A)
xmin    70      -53.2303 kcal/mol        0.0028 kcal/(mol*A)
  ... geometry converged !
 
 Final MO eigenvalues (eV):
 -37.8420  -36.6976  -33.9627  -29.6635  -25.0896  -21.9879  -21.6811  -16.9531
 -15.8891  -15.6897  -15.2005  -14.1386  -14.0285  -13.7919  -12.6080  -12.5528
 -12.0746  -11.8134  -11.6213  -11.2671  -11.2513  -11.0499    1.5238    3.3988
   3.6031    3.7604    3.8671    4.0180    4.1494    4.3009    4.3861    4.4518
   4.5590    4.6835    4.8262    4.8614    4.9782    5.0604    5.0930    5.1858
   5.2605

 Heat of formation   =        -53.23032940 kcal/mol  (       -2.30824029 eV)

 Total SCF energy    =     -30501.52153890 kcal/mol  (    -1322.64522522 eV)
 Electronic energy   =    -127509.42845408 kcal/mol  (    -5529.22373072 eV)
 Core-core repulsion =      97007.90691518 kcal/mol  (     4206.57850549 eV)
 
    Atomic Charges for Step       1 :
  Atom    Element       Mulliken Charge
     1      C                 -0.211
     2      C                 -0.159
     3      C                 -0.157
     4      C                 -0.161
     5      C                 -0.168
     6      C                 -0.113
     7      Cl                -0.129
     8      H                  0.073
     9      H                  0.073
    10      H                  0.071
    11      H                  0.080
    12      H                  0.078
    13      H                  0.081
    14      H                  0.077
    15      H                  0.079
    16      H                  0.093
    17      H                  0.098
    18      H                  0.088
    19      H                  0.104
    20      H                  0.102
 Total Mulliken Charge =      -0.000
 
                  X        Y        Z     TOTAL  
  QM DIPOLE     0.196   -1.063   -1.235    1.641
 
 Final Structure

  QMMM: QM Region Cartesian Coordinates (*=link atom) 
  QMMM: QM_NO.   MM_NO.  ATOM         X         Y         Z
  QMMM:     1        1      C        0.6617   -0.6759    0.5934
  QMMM:     2        2      C        0.0139   -1.0761    1.8937
  QMMM:     3        3      C        0.9410   -1.9254    2.7373
  QMMM:     4        4      C        0.2850   -2.3239    4.0419
  QMMM:     5        5      C        1.2133   -3.1758    4.8808
  QMMM:     6        6      C        0.5808   -3.6066    6.1814
  QMMM:     7        7      Cl       0.4248   -2.2848    7.3303
  QMMM:     8        8      H        1.5904   -0.0845    0.7810
  QMMM:     9        9      H       -0.0379   -0.0509   -0.0123
  QMMM:    10       10      H        0.9367   -1.5781   -0.0048
  QMMM:    11       11      H       -0.2770   -0.1575    2.4687
  QMMM:    12       12      H       -0.9294   -1.6470    1.6850
  QMMM:    13       13      H        1.8837   -1.3550    2.9488
  QMMM:    14       14      H        1.2323   -2.8452    2.1646
  QMMM:    15       15      H       -0.6594   -2.8915    3.8300
  QMMM:    16       16      H       -0.0026   -1.4035    4.6159
  QMMM:    17       17      H        2.1630   -2.6130    5.0820
  QMMM:    18       18      H        1.4902   -4.1010    4.3062
  QMMM:    19       19      H       -0.4500   -4.0029    6.0180
  QMMM:    20       20      H        1.2074   -4.3803    6.6870

           --------- Calculation Completed ----------

