            --------------------------------------------------------
                             AMBER SQM VERSION 19
 
                                     By
              Ross C. Walker, Michael F. Crowley, Scott Brozell,
                         Tim Giese, Andreas W. Goetz,
                        Tai-Sung Lee and David A. Case
 
            --------------------------------------------------------
 

--------------------------------------------------------------------------------
  QM CALCULATION INFO
--------------------------------------------------------------------------------

| QMMM: Citation for AMBER QMMM Run:
| QMMM: R.C. Walker, M.F. Crowley and D.A. Case, J. COMP. CHEM. 29:1019, 2008

QMMM: SINGLET STATE CALCULATION
QMMM: RHF CALCULATION, NO. OF DOUBLY OCCUPIED LEVELS = 21

| QMMM: *** Selected Hamiltonian *** 
| QMMM: AM1         

| QMMM: *** Parameter sets in use ***
| QMMM: C : M.J.S.DEWAR et al. JACS, 107, 3902, (1985)
| QMMM: N : M.J.S.DEWAR et al. JACS, 107, 3902, (1985)
| QMMM: O : M.J.S.DEWAR et al. JACS, 107, 3902, (1985)
| QMMM: H : M.J.S.DEWAR et al. JACS, 107, 3902, (1985)

| QMMM: *** SCF convergence criteria ***
| QMMM: Energy change                :  0.1D-09 kcal/mol
| QMMM: Error matrix |FP-PF|         :  0.1D+00 au
| QMMM: Density matrix change        :  0.5D-06
| QMMM: Maximum number of SCF cycles :     1000

| QMMM: *** Diagonalization Routine Information ***
| QMMM: Pseudo diagonalizations are allowed.
| QMMM: Auto diagonalization routine selection is in use.
| QMMM:
| QMMM: Timing diagonalization routines:
| QMMM:                              norbs =       37
| QMMM:    diag iterations used for timing =       20
| QMMM:
| QMMM:              Internal diag routine = 0.002632 seconds
| QMMM:                 Dspev diag routine = 0.010706 seconds
| QMMM:                Dspevd diag routine = 0.017941 seconds
| QMMM:                Dspevx diag routine = 0.031787 seconds
| QMMM:                 Dsyev diag routine = 0.006546 seconds
| QMMM:                Dsyevd diag routine = 0.005165 seconds
| QMMM:                Dsyevr diag routine = 0.006868 seconds
| QMMM:
| QMMM:                Pseudo diag routine = 0.001080 seconds
| QMMM:
| QMMM: Using internal diagonalization routine (diag_routine=1).

  QMMM: QM Region Cartesian Coordinates (*=link atom) 
  QMMM: QM_NO.   MM_NO.  ATOM         X         Y         Z
  QMMM:     1        1      C        1.0480    0.0900   -0.1320
  QMMM:     2        2      C        1.5530    1.5130    0.0480
  QMMM:     3        3      C        0.8700    2.4770   -0.9210
  QMMM:     4        4      C        1.3510    3.9010   -0.7040
  QMMM:     5        5      N        0.6060    4.7770   -1.6220
  QMMM:     6        6      O       -0.4510    5.2850   -1.2080
  QMMM:     7        7      O        1.0900    4.9710   -2.7510
  QMMM:     8        8      H        1.5500   -0.5820    0.5710
  QMMM:     9        9      H       -0.0300    0.0300    0.0510
  QMMM:    10       10      H        1.2450   -0.2710   -1.1470
  QMMM:    11       11      H        1.3700    1.8310    1.0810
  QMMM:    12       12      H        2.6370    1.5320   -0.1110
  QMMM:    13       13      H        1.0720    2.1660   -1.9550
  QMMM:    14       14      H       -0.2190    2.4240   -0.7870
  QMMM:    15       15      H        1.1470    4.2640    0.3070
  QMMM:    16       16      H        2.4100    4.0280   -0.9430

--------------------------------------------------------------------------------
  RESULTS
--------------------------------------------------------------------------------

      iter         sqm energy              rms gradient
      ----    -------------------    -----------------------
xmin    10      -30.5018 kcal/mol        0.1596 kcal/(mol*A)
xmin    20      -30.5102 kcal/mol        0.1223 kcal/(mol*A)
xmin    30      -30.5113 kcal/mol        0.0167 kcal/(mol*A)
xmin    40      -30.5116 kcal/mol        0.0113 kcal/(mol*A)
xmin    50      -30.5118 kcal/mol        0.0185 kcal/(mol*A)
xmin    60      -30.5119 kcal/mol        0.0133 kcal/(mol*A)
xmin    70      -30.5121 kcal/mol        0.0083 kcal/(mol*A)
xmin    80      -30.5122 kcal/mol        0.0202 kcal/(mol*A)
xmin    90      -30.5127 kcal/mol        0.0617 kcal/(mol*A)
xmin   100      -30.5132 kcal/mol        0.0147 kcal/(mol*A)
xmin   110      -30.5139 kcal/mol        0.0135 kcal/(mol*A)
xmin   120      -30.5169 kcal/mol        0.0364 kcal/(mol*A)
xmin   130      -30.5188 kcal/mol        0.2874 kcal/(mol*A)
xmin   140      -30.5217 kcal/mol        0.0228 kcal/(mol*A)
xmin   150      -30.5281 kcal/mol        0.0328 kcal/(mol*A)
xmin   160      -30.5332 kcal/mol        0.0574 kcal/(mol*A)
xmin   170      -30.5397 kcal/mol        0.0960 kcal/(mol*A)
xmin   180      -30.5491 kcal/mol        0.0509 kcal/(mol*A)
xmin   190      -30.5647 kcal/mol        0.0714 kcal/(mol*A)
xmin   200      -30.5757 kcal/mol        0.2544 kcal/(mol*A)
xmin   210      -30.5877 kcal/mol        0.0609 kcal/(mol*A)
xmin   220      -30.6035 kcal/mol        0.0357 kcal/(mol*A)
xmin   230      -30.6157 kcal/mol        0.0369 kcal/(mol*A)
xmin   240      -30.6293 kcal/mol        0.1280 kcal/(mol*A)
xmin   250      -30.6353 kcal/mol        0.0341 kcal/(mol*A)
xmin   260      -30.6395 kcal/mol        0.0246 kcal/(mol*A)
xmin   270      -30.6423 kcal/mol        0.0422 kcal/(mol*A)
xmin   280      -30.6474 kcal/mol        0.1146 kcal/(mol*A)
xmin   290      -30.6504 kcal/mol        0.0214 kcal/(mol*A)
xmin   300      -30.6527 kcal/mol        0.0190 kcal/(mol*A)
xmin   310      -30.6535 kcal/mol        0.0220 kcal/(mol*A)
xmin   320      -30.6542 kcal/mol        0.0143 kcal/(mol*A)
xmin   330      -30.6549 kcal/mol        0.0274 kcal/(mol*A)
xmin   340      -30.6555 kcal/mol        0.0425 kcal/(mol*A)
xmin   350      -30.6557 kcal/mol        0.0092 kcal/(mol*A)
xmin   360      -30.6559 kcal/mol        0.0057 kcal/(mol*A)
xmin   370      -30.6560 kcal/mol        0.0118 kcal/(mol*A)
xmin   380      -30.6561 kcal/mol        0.0033 kcal/(mol*A)
xmin   390      -30.6561 kcal/mol        0.0052 kcal/(mol*A)
xmin   400      -30.6562 kcal/mol        0.0257 kcal/(mol*A)
xmin   410      -30.6563 kcal/mol        0.0110 kcal/(mol*A)
xmin   420      -30.6563 kcal/mol        0.0034 kcal/(mol*A)
xmin   430      -30.6564 kcal/mol        0.0031 kcal/(mol*A)
xmin   440      -30.6564 kcal/mol        0.0069 kcal/(mol*A)
xmin   450      -30.6564 kcal/mol        0.0017 kcal/(mol*A)
xmin   460      -30.6564 kcal/mol        0.0042 kcal/(mol*A)
xmin   470      -30.6564 kcal/mol        0.0047 kcal/(mol*A)
xmin   480      -30.6564 kcal/mol        0.0013 kcal/(mol*A)
xmin   490      -30.6564 kcal/mol        0.0072 kcal/(mol*A)
xmin   500      -30.6564 kcal/mol        0.0020 kcal/(mol*A)
xmin   510      -30.6564 kcal/mol        0.0026 kcal/(mol*A)
  ... geometry converged !
 
 Final MO eigenvalues (eV):
 -43.2762  -37.7746  -37.0417  -32.2250  -27.4110  -23.8797  -22.4906  -19.6100
 -19.2235  -18.6378  -16.8909  -15.4017  -14.7843  -14.2804  -13.1507  -12.9121
 -12.6253  -12.3176  -11.9793  -11.8604  -11.6722    0.0179    0.6084    2.7785
   2.9491    3.2147    3.3502    3.5106    3.8795    3.9818    4.2073    4.2584
   4.5010    4.5231    4.6882    5.4178    7.1343

 Heat of formation   =        -30.65640705 kcal/mol  (       -1.32936157 eV)

 Total SCF energy    =     -34171.96855897 kcal/mol  (    -1481.80775157 eV)
 Electronic energy   =    -130420.18140286 kcal/mol  (    -5655.44345010 eV)
 Core-core repulsion =      96248.21284389 kcal/mol  (     4173.63569853 eV)
 
    Atomic Charges for Step       1 :
  Atom    Element       Mulliken Charge
     1      C                 -0.212
     2      C                 -0.157
     3      C                 -0.173
     4      C                 -0.137
     5      N                  0.510
     6      O                 -0.361
     7      O                 -0.362
     8      H                  0.081
     9      H                  0.080
    10      H                  0.078
    11      H                  0.084
    12      H                  0.083
    13      H                  0.102
    14      H                  0.117
    15      H                  0.132
    16      H                  0.136
 Total Mulliken Charge =      -0.000
 
                  X        Y        Z     TOTAL  
  QM DIPOLE     1.949   -3.347    2.382    4.547
 
 Final Structure

  QMMM: QM Region Cartesian Coordinates (*=link atom) 
  QMMM: QM_NO.   MM_NO.  ATOM         X         Y         Z
  QMMM:     1        1      C        0.9564    0.1273    0.0147
  QMMM:     2        2      C        1.5546    1.5105    0.0297
  QMMM:     3        3      C        0.7972    2.4394   -0.8969
  QMMM:     4        4      C        1.4401    3.8150   -0.8775
  QMMM:     5        5      N        0.6736    4.8408   -1.6902
  QMMM:     6        6      O       -0.5181    4.9149   -1.5686
  QMMM:     7        7      O        1.2935    5.5655   -2.4196
  QMMM:     8        8      H        1.5222   -0.5435    0.7055
  QMMM:     9        9      H       -0.1106    0.1550    0.3437
  QMMM:    10       10      H        0.9955   -0.3093   -1.0126
  QMMM:    11       11      H        1.5315    1.9197    1.0745
  QMMM:    12       12      H        2.6309    1.4597   -0.2844
  QMMM:    13       13      H        0.8065    2.0256   -1.9396
  QMMM:    14       14      H       -0.2760    2.5120   -0.5741
  QMMM:    15       15      H        1.4696    4.2218    0.1705
  QMMM:    16       16      H        2.4821    3.7815   -1.2980

           --------- Calculation Completed ----------

