            --------------------------------------------------------
                             AMBER SQM VERSION 19
 
                                     By
              Ross C. Walker, Michael F. Crowley, Scott Brozell,
                         Tim Giese, Andreas W. Goetz,
                        Tai-Sung Lee and David A. Case
 
            --------------------------------------------------------
 

--------------------------------------------------------------------------------
  QM CALCULATION INFO
--------------------------------------------------------------------------------

| QMMM: Citation for AMBER QMMM Run:
| QMMM: R.C. Walker, M.F. Crowley and D.A. Case, J. COMP. CHEM. 29:1019, 2008

QMMM: SINGLET STATE CALCULATION
QMMM: RHF CALCULATION, NO. OF DOUBLY OCCUPIED LEVELS =  8

| QMMM: *** Selected Hamiltonian *** 
| QMMM: AM1         

| QMMM: *** Parameter sets in use ***
| QMMM: C : M.J.S.DEWAR et al. JACS, 107, 3902, (1985)
| QMMM: H : M.J.S.DEWAR et al. JACS, 107, 3902, (1985)

| QMMM: *** SCF convergence criteria ***
| QMMM: Energy change                :  0.1D-09 kcal/mol
| QMMM: Error matrix |FP-PF|         :  0.1D+00 au
| QMMM: Density matrix change        :  0.5D-06
| QMMM: Maximum number of SCF cycles :     1000

| QMMM: *** Diagonalization Routine Information ***
| QMMM: Pseudo diagonalizations are allowed.
| QMMM: Auto diagonalization routine selection is in use.
| QMMM:
| QMMM: Timing diagonalization routines:
| QMMM:                              norbs =       16
| QMMM:    diag iterations used for timing =       20
| QMMM:
| QMMM:              Internal diag routine = 0.000836 seconds
| QMMM:                 Dspev diag routine = 0.001363 seconds
| QMMM:                Dspevd diag routine = 0.002001 seconds
| QMMM:                Dspevx diag routine = 0.006556 seconds
| QMMM:                 Dsyev diag routine = 0.000690 seconds
| QMMM:                Dsyevd diag routine = 0.000732 seconds
| QMMM:                Dsyevr diag routine = 0.001015 seconds
| QMMM:
| QMMM:                Pseudo diag routine = 0.000091 seconds
| QMMM:
| QMMM: Using dsyev routine (diag_routine=5).

  QMMM: QM Region Cartesian Coordinates (*=link atom) 
  QMMM: QM_NO.   MM_NO.  ATOM         X         Y         Z
  QMMM:     1        1      C       -0.5940    3.0240   -0.9300
  QMMM:     2        2      C       -0.6480    1.8280   -0.8450
  QMMM:     3        3      C       -0.7150    0.3700   -0.7410
  QMMM:     4        4      H       -0.5460    4.0850   -1.0060
  QMMM:     5        5      H        0.0000    0.0000    0.0000
  QMMM:     6        6      H       -1.7160    0.0470   -0.4380
  QMMM:     7        7      H       -0.4820   -0.1000   -1.7010

--------------------------------------------------------------------------------
  RESULTS
--------------------------------------------------------------------------------

      iter         sqm energy              rms gradient
      ----    -------------------    -----------------------
xmin    10       43.3624 kcal/mol        0.0006 kcal/(mol*A)
xmin    10       43.3624 kcal/mol        0.0003 kcal/(mol*A)
  ... geometry converged !
 
 Final MO eigenvalues (eV):
 -34.6057  -28.8684  -18.9018  -14.8026  -14.4792  -14.4792  -10.7392  -10.7392
   1.9464    1.9464    3.6722    4.4642    4.4642    4.6093    5.2151    6.8632


 Heat of formation   =         43.36244883 kcal/mol  (        1.88033688 eV)

 Total SCF energy    =     -10087.36663966 kcal/mol  (     -437.42104157 eV)
 Electronic energy   =     -26500.65354262 kcal/mol  (    -1149.15457017 eV)
 Core-core repulsion =      16413.28690296 kcal/mol  (      711.73352860 eV)
 
    Atomic Charges for Step       1 :
  Atom    Element       Mulliken Charge
     1      C                 -0.221
     2      C                 -0.167
     3      C                 -0.113
     4      H                  0.221
     5      H                  0.094
     6      H                  0.094
     7      H                  0.094
 Total Mulliken Charge =       0.000
 
                  X        Y        Z     TOTAL  
  QM DIPOLE    -0.018   -0.396    0.028    0.397
 
 Final Structure

  QMMM: QM Region Cartesian Coordinates (*=link atom) 
  QMMM: QM_NO.   MM_NO.  ATOM         X         Y         Z
  QMMM:     1        1      C       -0.5946    3.0032   -0.9291
  QMMM:     2        2      C       -0.6492    1.8108   -0.8437
  QMMM:     3        3      C       -0.7143    0.3892   -0.7419
  QMMM:     4        4      H       -0.5462    4.0589   -1.0047
  QMMM:     5        5      H        0.0202    0.0152    0.0179
  QMMM:     6        6      H       -1.7410    0.0637   -0.4311
  QMMM:     7        7      H       -0.4759   -0.0871   -1.7283

           --------- Calculation Completed ----------

