            --------------------------------------------------------
                             AMBER SQM VERSION 19
 
                                     By
              Ross C. Walker, Michael F. Crowley, Scott Brozell,
                         Tim Giese, Andreas W. Goetz,
                        Tai-Sung Lee and David A. Case
 
            --------------------------------------------------------
 

--------------------------------------------------------------------------------
  QM CALCULATION INFO
--------------------------------------------------------------------------------

| QMMM: Citation for AMBER QMMM Run:
| QMMM: R.C. Walker, M.F. Crowley and D.A. Case, J. COMP. CHEM. 29:1019, 2008

QMMM: SINGLET STATE CALCULATION
QMMM: RHF CALCULATION, NO. OF DOUBLY OCCUPIED LEVELS = 16

| QMMM: *** Selected Hamiltonian *** 
| QMMM: AM1         

| QMMM: *** Parameter sets in use ***
| QMMM: C : M.J.S.DEWAR et al. JACS, 107, 3902, (1985)
| QMMM: N : M.J.S.DEWAR et al. JACS, 107, 3902, (1985)
| QMMM: H : M.J.S.DEWAR et al. JACS, 107, 3902, (1985)

| QMMM: *** SCF convergence criteria ***
| QMMM: Energy change                :  0.1D-09 kcal/mol
| QMMM: Error matrix |FP-PF|         :  0.1D+00 au
| QMMM: Density matrix change        :  0.5D-06
| QMMM: Maximum number of SCF cycles :     1000

| QMMM: *** Diagonalization Routine Information ***
| QMMM: Pseudo diagonalizations are allowed.
| QMMM: Auto diagonalization routine selection is in use.
| QMMM:
| QMMM: Timing diagonalization routines:
| QMMM:                              norbs =       30
| QMMM:    diag iterations used for timing =       20
| QMMM:
| QMMM:              Internal diag routine = 0.007505 seconds
| QMMM:                 Dspev diag routine = 0.002383 seconds
| QMMM:                Dspevd diag routine = 0.006279 seconds
| QMMM:                Dspevx diag routine = 0.027433 seconds
| QMMM:                 Dsyev diag routine = 0.003076 seconds
| QMMM:                Dsyevd diag routine = 0.003063 seconds
| QMMM:                Dsyevr diag routine = 0.010803 seconds
| QMMM:
| QMMM:                Pseudo diag routine = 0.000590 seconds
| QMMM:
| QMMM: Using dspev routine (diag_routine=2).

  QMMM: QM Region Cartesian Coordinates (*=link atom) 
  QMMM: QM_NO.   MM_NO.  ATOM         X         Y         Z
  QMMM:     1        1      C        0.7820   -0.2150    0.7130
  QMMM:     2        2      C        1.7160   -0.6690    2.6570
  QMMM:     3        3      C        2.1470   -0.3430    0.5980
  QMMM:     4        4      C        2.9750   -0.2150   -0.6110
  QMMM:     5        5      N        2.7220   -0.6260    1.8120
  QMMM:     6        6      N        0.5220   -0.4260    2.0380
  QMMM:     7        7      H       -0.0020   -0.0010    0.0020
  QMMM:     8        8      H        1.7830   -0.8690    3.7170
  QMMM:     9        9      H        3.8850   -0.8300   -0.5340
  QMMM:    10       10      H        2.4450   -0.5340   -1.5230
  QMMM:    11       11      H        3.2930    0.8250   -0.7840
  QMMM:    12       12      H       -0.3880   -0.4060    2.4800

--------------------------------------------------------------------------------
  RESULTS
--------------------------------------------------------------------------------

      iter         sqm energy              rms gradient
      ----    -------------------    -----------------------
xmin    10       43.0073 kcal/mol        0.3174 kcal/(mol*A)
xmin    20       42.9770 kcal/mol        0.1487 kcal/(mol*A)
xmin    30       42.9605 kcal/mol        0.2855 kcal/(mol*A)
xmin    40       42.9444 kcal/mol        0.0967 kcal/(mol*A)
xmin    50       42.9332 kcal/mol        0.0616 kcal/(mol*A)
xmin    60       42.9244 kcal/mol        0.5032 kcal/(mol*A)
xmin    70       42.9168 kcal/mol        0.2527 kcal/(mol*A)
xmin    80       42.9110 kcal/mol        0.0904 kcal/(mol*A)
xmin    90       42.9086 kcal/mol        0.0347 kcal/(mol*A)
xmin   100       42.9070 kcal/mol        0.0552 kcal/(mol*A)
xmin   110       42.9058 kcal/mol        0.0595 kcal/(mol*A)
xmin   120       42.9054 kcal/mol        0.0132 kcal/(mol*A)
xmin   130       42.9051 kcal/mol        0.0122 kcal/(mol*A)
xmin   140       42.9049 kcal/mol        0.0179 kcal/(mol*A)
xmin   150       42.9048 kcal/mol        0.0140 kcal/(mol*A)
xmin   160       42.9047 kcal/mol        0.0110 kcal/(mol*A)
xmin   170       42.9047 kcal/mol        0.0121 kcal/(mol*A)
xmin   180       42.9047 kcal/mol        0.0026 kcal/(mol*A)
xmin   190       42.9047 kcal/mol        0.0019 kcal/(mol*A)
xmin   200       42.9047 kcal/mol        0.0030 kcal/(mol*A)
xmin   210       42.9047 kcal/mol        0.0015 kcal/(mol*A)
xmin   220       42.9047 kcal/mol        0.0044 kcal/(mol*A)
xmin   230       42.9047 kcal/mol        0.0008 kcal/(mol*A)
  ... geometry converged !
 
 Final MO eigenvalues (eV):
 -40.9221  -33.4294  -31.2895  -26.9240  -22.4601  -20.5818  -18.7559  -15.2629
 -15.1989  -14.7488  -13.5363  -13.4008  -12.8681  -11.1104  -10.4632   -8.9069
   1.0098    1.9664    2.0531    3.6031    4.0873    4.1590    4.5136    4.8076
   4.8572    5.0210    5.0874    5.8612    6.3009    6.8792

 Heat of formation   =         42.90468355 kcal/mol  (        1.86048669 eV)

 Total SCF energy    =     -23236.12735911 kcal/mol  (    -1007.59409215 eV)
 Electronic energy   =     -86049.98902119 kcal/mol  (    -3731.40752878 eV)
 Core-core repulsion =      62813.86166208 kcal/mol  (     2723.81343663 eV)
 
    Atomic Charges for Step       1 :
  Atom    Element       Mulliken Charge
     1      C                 -0.172
     2      C                 -0.102
     3      C                 -0.118
     4      C                 -0.137
     5      N                 -0.138
     6      N                 -0.209
     7      H                  0.176
     8      H                  0.196
     9      H                  0.091
    10      H                  0.074
    11      H                  0.091
    12      H                  0.249
 Total Mulliken Charge =       0.000
 
                  X        Y        Z     TOTAL  
  QM DIPOLE    -3.376    0.073    0.288    3.389
 
 Final Structure

  QMMM: QM Region Cartesian Coordinates (*=link atom) 
  QMMM: QM_NO.   MM_NO.  ATOM         X         Y         Z
  QMMM:     1        1      C        0.7886   -0.3015    0.6898
  QMMM:     2        2      C        1.6976   -0.5886    2.7194
  QMMM:     3        3      C        2.1967   -0.3351    0.5966
  QMMM:     4        4      C        2.9927   -0.2045   -0.6347
  QMMM:     5        5      N        2.7467   -0.5152    1.8747
  QMMM:     6        6      N        0.4804   -0.4629    2.0396
  QMMM:     7        7      H        0.0266   -0.1796   -0.0760
  QMMM:     8        8      H        1.7602   -0.7282    3.8031
  QMMM:     9        9      H        3.6194   -1.1173   -0.7964
  QMMM:    10       10      H        2.3167   -0.0722   -1.5146
  QMMM:    11       11      H        3.6754    0.6797   -0.5693
  QMMM:    12       12      H       -0.4212   -0.4836    2.4327

           --------- Calculation Completed ----------

