            --------------------------------------------------------
                             AMBER SQM VERSION 19
 
                                     By
              Ross C. Walker, Michael F. Crowley, Scott Brozell,
                         Tim Giese, Andreas W. Goetz,
                        Tai-Sung Lee and David A. Case
 
            --------------------------------------------------------
 

--------------------------------------------------------------------------------
  QM CALCULATION INFO
--------------------------------------------------------------------------------

| QMMM: Citation for AMBER QMMM Run:
| QMMM: R.C. Walker, M.F. Crowley and D.A. Case, J. COMP. CHEM. 29:1019, 2008

QMMM: SINGLET STATE CALCULATION
QMMM: RHF CALCULATION, NO. OF DOUBLY OCCUPIED LEVELS = 16

| QMMM: *** Selected Hamiltonian *** 
| QMMM: AM1         

| QMMM: *** Parameter sets in use ***
| QMMM: C : M.J.S.DEWAR et al. JACS, 107, 3902, (1985)
| QMMM: Cl: M.J.S.DEWAR et al. THEOCHEM, 180, 1, (1988)
| QMMM: H : M.J.S.DEWAR et al. JACS, 107, 3902, (1985)

| QMMM: *** SCF convergence criteria ***
| QMMM: Energy change                :  0.1D-09 kcal/mol
| QMMM: Error matrix |FP-PF|         :  0.1D+00 au
| QMMM: Density matrix change        :  0.5D-06
| QMMM: Maximum number of SCF cycles :     1000

| QMMM: *** Diagonalization Routine Information ***
| QMMM: Pseudo diagonalizations are allowed.
| QMMM: Auto diagonalization routine selection is in use.
| QMMM:
| QMMM: Timing diagonalization routines:
| QMMM:                              norbs =       23
| QMMM:    diag iterations used for timing =       20
| QMMM:
| QMMM:              Internal diag routine = 0.000935 seconds
| QMMM:                 Dspev diag routine = 0.001320 seconds
| QMMM:                Dspevd diag routine = 0.004945 seconds
| QMMM:                Dspevx diag routine = 0.012848 seconds
| QMMM:                 Dsyev diag routine = 0.001611 seconds
| QMMM:                Dsyevd diag routine = 0.003526 seconds
| QMMM:                Dsyevr diag routine = 0.002491 seconds
| QMMM:
| QMMM:                Pseudo diag routine = 0.000157 seconds
| QMMM:
| QMMM: Using internal diagonalization routine (diag_routine=1).

  QMMM: QM Region Cartesian Coordinates (*=link atom) 
  QMMM: QM_NO.   MM_NO.  ATOM         X         Y         Z
  QMMM:     1        1      C       -0.3100   -0.9810    0.3740
  QMMM:     2        2      C        0.3110   -2.0960   -0.4640
  QMMM:     3        3      Cl      -2.0930   -1.0020    0.3820
  QMMM:     4        4      Cl      -0.1400   -1.9650   -2.1820
  QMMM:     5        5      Cl      -0.1100   -3.7100    0.1610
  QMMM:     6        6      H        0.0180   -1.0560    1.4160
  QMMM:     7        7      H       -0.0000    0.0000    0.0000
  QMMM:     8        8      H        1.4010   -2.0170   -0.4190

--------------------------------------------------------------------------------
  RESULTS
--------------------------------------------------------------------------------

      iter         sqm energy              rms gradient
      ----    -------------------    -----------------------
xmin    10      -36.4110 kcal/mol        0.0039 kcal/(mol*A)
xmin    20      -36.4110 kcal/mol        0.0013 kcal/(mol*A)
  ... geometry converged !
 
 Final MO eigenvalues (eV):
 -38.6006  -37.4682  -37.3270  -32.6301  -24.7218  -17.5760  -17.4916  -16.3774
 -14.6017  -14.4019  -12.4777  -12.3858  -11.9295  -11.8315  -11.5665  -11.5130
   0.3244    0.8985    1.0662    2.6820    3.0412    3.3234    3.5536

 Heat of formation   =        -36.41097212 kcal/mol  (       -1.57889823 eV)

 Total SCF energy    =     -32731.97608400 kcal/mol  (    -1419.36499215 eV)
 Electronic energy   =     -85652.57971676 kcal/mol  (    -3714.17456818 eV)
 Core-core repulsion =      52920.60363276 kcal/mol  (     2294.80957603 eV)
 
    Atomic Charges for Step       1 :
  Atom    Element       Mulliken Charge
     1      C                 -0.142
     2      C                 -0.053
     3      Cl                -0.071
     4      Cl                -0.061
     5      Cl                -0.061
     6      H                  0.125
     7      H                  0.125
     8      H                  0.139
 Total Mulliken Charge =      -0.000
 
                  X        Y        Z     TOTAL  
  QM DIPOLE     1.940    1.207    0.874    2.447
 
 Final Structure

  QMMM: QM Region Cartesian Coordinates (*=link atom) 
  QMMM: QM_NO.   MM_NO.  ATOM         X         Y         Z
  QMMM:     1        1      C       -0.3197   -0.9892    0.3686
  QMMM:     2        2      C        0.2957   -2.0951   -0.4631
  QMMM:     3        3      Cl      -2.0634   -1.0065    0.3787
  QMMM:     4        4      Cl      -0.1427   -1.9532   -2.1546
  QMMM:     5        5      Cl      -0.1123   -3.6804    0.1645
  QMMM:     6        6      H        0.0130   -1.0866    1.4323
  QMMM:     7        7      H       -0.0064    0.0061   -0.0350
  QMMM:     8        8      H        1.4129   -2.0222   -0.4234

           --------- Calculation Completed ----------

