            --------------------------------------------------------
                             AMBER SQM VERSION 19
 
                                     By
              Ross C. Walker, Michael F. Crowley, Scott Brozell,
                         Tim Giese, Andreas W. Goetz,
                        Tai-Sung Lee and David A. Case
 
            --------------------------------------------------------
 

--------------------------------------------------------------------------------
  QM CALCULATION INFO
--------------------------------------------------------------------------------

| QMMM: Citation for AMBER QMMM Run:
| QMMM: R.C. Walker, M.F. Crowley and D.A. Case, J. COMP. CHEM. 29:1019, 2008

QMMM: SINGLET STATE CALCULATION
QMMM: RHF CALCULATION, NO. OF DOUBLY OCCUPIED LEVELS = 18

| QMMM: *** Selected Hamiltonian *** 
| QMMM: AM1         

| QMMM: *** Parameter sets in use ***
| QMMM: C : M.J.S.DEWAR et al. JACS, 107, 3902, (1985)
| QMMM: Cl: M.J.S.DEWAR et al. THEOCHEM, 180, 1, (1988)

| QMMM: *** SCF convergence criteria ***
| QMMM: Energy change                :  0.1D-09 kcal/mol
| QMMM: Error matrix |FP-PF|         :  0.1D+00 au
| QMMM: Density matrix change        :  0.5D-06
| QMMM: Maximum number of SCF cycles :     1000

| QMMM: *** Diagonalization Routine Information ***
| QMMM: Pseudo diagonalizations are allowed.
| QMMM: Auto diagonalization routine selection is in use.
| QMMM:
| QMMM: Timing diagonalization routines:
| QMMM:                              norbs =       24
| QMMM:    diag iterations used for timing =       20
| QMMM:
| QMMM:              Internal diag routine = 0.001013 seconds
| QMMM:                 Dspev diag routine = 0.029540 seconds
| QMMM:                Dspevd diag routine = 0.001366 seconds
| QMMM:                Dspevx diag routine = 0.011681 seconds
| QMMM:                 Dsyev diag routine = 0.001316 seconds
| QMMM:                Dsyevd diag routine = 0.001476 seconds
| QMMM:                Dsyevr diag routine = 0.001728 seconds
| QMMM:
| QMMM:                Pseudo diag routine = 0.000149 seconds
| QMMM:
| QMMM: Using internal diagonalization routine (diag_routine=1).

  QMMM: QM Region Cartesian Coordinates (*=link atom) 
  QMMM: QM_NO.   MM_NO.  ATOM         X         Y         Z
  QMMM:     1        1      C       -0.4040   -1.2800    0.0580
  QMMM:     2        2      C        0.0000    0.0000    0.0000
  QMMM:     3        3      Cl       0.7100   -2.6130    0.0520
  QMMM:     4        4      Cl      -2.0800   -1.7280    0.1450
  QMMM:     5        5      Cl      -1.1150    1.3320    0.0060
  QMMM:     6        6      Cl       1.6760    0.4480   -0.0860

--------------------------------------------------------------------------------
  RESULTS
--------------------------------------------------------------------------------

      iter         sqm energy              rms gradient
      ----    -------------------    -----------------------
xmin    10      -12.4781 kcal/mol        0.0109 kcal/(mol*A)
  ... geometry converged !
 
 Final MO eigenvalues (eV):
 -39.4234  -38.5800  -38.2561  -37.9555  -32.5581  -23.6444  -19.0968  -18.0221
 -15.9728  -15.3377  -13.8530  -12.9074  -12.8514  -12.7130  -12.6479  -12.5793
 -12.0219   -9.9005   -0.4372   -0.1471    0.4024    0.5913    2.0212    3.4953


 Heat of formation   =        -12.47811047 kcal/mol  (       -0.54109147 eV)

 Total SCF energy    =     -40375.55623050 kcal/mol  (    -1750.81549935 eV)
 Electronic energy   =    -103722.63437149 kcal/mol  (    -4497.75093758 eV)
 Core-core repulsion =      63347.07814099 kcal/mol  (     2746.93543823 eV)
 
    Atomic Charges for Step       1 :
  Atom    Element       Mulliken Charge
     1      C                 -0.106
     2      C                 -0.106
     3      Cl                 0.053
     4      Cl                 0.053
     5      Cl                 0.053
     6      Cl                 0.053
 Total Mulliken Charge =      -0.000
 
                  X        Y        Z     TOTAL  
  QM DIPOLE    -0.000    0.000   -0.000    0.000
 
 Final Structure

  QMMM: QM Region Cartesian Coordinates (*=link atom) 
  QMMM: QM_NO.   MM_NO.  ATOM         X         Y         Z
  QMMM:     1        1      C       -0.4053   -1.2839    0.0576
  QMMM:     2        2      C        0.0010    0.0036    0.0007
  QMMM:     3        3      Cl       0.6888   -2.5727    0.0497
  QMMM:     4        4      Cl      -2.0399   -1.7075    0.1414
  QMMM:     5        5      Cl      -1.0932    1.2924    0.0087
  QMMM:     6        6      Cl       1.6356    0.4272   -0.0831

           --------- Calculation Completed ----------

