            --------------------------------------------------------
                             AMBER SQM VERSION 19
 
                                     By
              Ross C. Walker, Michael F. Crowley, Scott Brozell,
                         Tim Giese, Andreas W. Goetz,
                        Tai-Sung Lee and David A. Case
 
            --------------------------------------------------------
 

--------------------------------------------------------------------------------
  QM CALCULATION INFO
--------------------------------------------------------------------------------

| QMMM: Citation for AMBER QMMM Run:
| QMMM: R.C. Walker, M.F. Crowley and D.A. Case, J. COMP. CHEM. 29:1019, 2008

QMMM: SINGLET STATE CALCULATION
QMMM: RHF CALCULATION, NO. OF DOUBLY OCCUPIED LEVELS = 27

| QMMM: *** Selected Hamiltonian *** 
| QMMM: AM1         

| QMMM: *** Parameter sets in use ***
| QMMM: C : M.J.S.DEWAR et al. JACS, 107, 3902, (1985)
| QMMM: F : M.J.S.DEWAR et al. THEOCHEM, 180, 1, (1988)

| QMMM: *** SCF convergence criteria ***
| QMMM: Energy change                :  0.1D-09 kcal/mol
| QMMM: Error matrix |FP-PF|         :  0.1D+00 au
| QMMM: Density matrix change        :  0.5D-06
| QMMM: Maximum number of SCF cycles :     1000

| QMMM: *** Diagonalization Routine Information ***
| QMMM: Pseudo diagonalizations are allowed.
| QMMM: Auto diagonalization routine selection is in use.
| QMMM:
| QMMM: Timing diagonalization routines:
| QMMM:                              norbs =       36
| QMMM:    diag iterations used for timing =       20
| QMMM:
| QMMM:              Internal diag routine = 0.003989 seconds
| QMMM:                 Dspev diag routine = 0.005243 seconds
| QMMM:                Dspevd diag routine = 0.015661 seconds
| QMMM:                Dspevx diag routine = 0.025477 seconds
| QMMM:                 Dsyev diag routine = 0.005111 seconds
| QMMM:                Dsyevd diag routine = 0.004379 seconds
| QMMM:                Dsyevr diag routine = 0.005323 seconds
| QMMM:
| QMMM:                Pseudo diag routine = 0.000479 seconds
| QMMM:
| QMMM: Using internal diagonalization routine (diag_routine=1).

  QMMM: QM Region Cartesian Coordinates (*=link atom) 
  QMMM: QM_NO.   MM_NO.  ATOM         X         Y         Z
  QMMM:     1        1      C        1.1670    0.4710   -0.4490
  QMMM:     2        2      C        0.0000   -0.0000    0.0000
  QMMM:     3        3      C        1.4860    0.7500   -1.8750
  QMMM:     4        4      F        2.1360    0.7130    0.4640
  QMMM:     5        5      F       -0.1970   -0.2230    1.3160
  QMMM:     6        6      F       -0.9960   -0.2570   -0.8750
  QMMM:     7        7      F        2.7430    1.2230   -2.0690
  QMMM:     8        8      F        1.3670   -0.3680   -2.6340
  QMMM:     9        9      F        0.6360    1.6700   -2.3980

--------------------------------------------------------------------------------
  RESULTS
--------------------------------------------------------------------------------

      iter         sqm energy              rms gradient
      ----    -------------------    -----------------------
xmin    10     -277.7076 kcal/mol        0.0433 kcal/(mol*A)
xmin    20     -277.7080 kcal/mol        0.0007 kcal/(mol*A)
xmin    20     -277.7080 kcal/mol        0.0003 kcal/(mol*A)
  ... geometry converged !
 
 Final MO eigenvalues (eV):
 -52.6669  -52.5006  -51.1093  -50.1444  -49.2593  -49.2203  -33.6999  -27.7024
 -23.6297  -21.0548  -20.6838  -20.1926  -19.4494  -19.0111  -18.6973  -16.9446
 -16.4829  -16.1937  -15.8985  -15.8542  -15.7496  -15.6906  -15.2841  -15.0038
 -14.9966  -13.5361  -10.9067   -1.1492    0.2571    1.2661    2.1870    2.6933
   2.8214    2.9056    3.3621    3.9585

 Heat of formation   =       -277.70798945 kcal/mol  (      -12.04232208 eV)

 Total SCF energy    =     -75994.73587313 kcal/mol  (    -3295.37903270 eV)
 Electronic energy   =    -233656.19235251 kcal/mol  (   -10132.09281265 eV)
 Core-core repulsion =     157661.45647938 kcal/mol  (     6836.71377995 eV)
 
    Atomic Charges for Step       1 :
  Atom    Element       Mulliken Charge
     1      C                 -0.114
     2      C                  0.253
     3      C                  0.476
     4      F                 -0.049
     5      F                 -0.067
     6      F                 -0.066
     7      F                 -0.138
     8      F                 -0.148
     9      F                 -0.148
 Total Mulliken Charge =      -0.000
 
                  X        Y        Z     TOTAL  
  QM DIPOLE    -0.693   -0.352    0.902    1.191
 
 Final Structure

  QMMM: QM Region Cartesian Coordinates (*=link atom) 
  QMMM: QM_NO.   MM_NO.  ATOM         X         Y         Z
  QMMM:     1        1      C        1.2022    0.4779   -0.4067
  QMMM:     2        2      C       -0.0035   -0.0024    0.0222
  QMMM:     3        3      C        1.5008    0.7560   -1.8870
  QMMM:     4        4      F        2.2064    0.7371    0.4513
  QMMM:     5        5      F       -0.3339   -0.2675    1.2909
  QMMM:     6        6      F       -1.0553   -0.2882   -0.7529
  QMMM:     7        7      F        2.7654    1.2355   -2.0967
  QMMM:     8        8      F        1.3960   -0.3515   -2.6877
  QMMM:     9        9      F        0.6639    1.6821   -2.4533

           --------- Calculation Completed ----------

