            --------------------------------------------------------
                             AMBER SQM VERSION 19
 
                                     By
              Ross C. Walker, Michael F. Crowley, Scott Brozell,
                         Tim Giese, Andreas W. Goetz,
                        Tai-Sung Lee and David A. Case
 
            --------------------------------------------------------
 

--------------------------------------------------------------------------------
  QM CALCULATION INFO
--------------------------------------------------------------------------------

| QMMM: Citation for AMBER QMMM Run:
| QMMM: R.C. Walker, M.F. Crowley and D.A. Case, J. COMP. CHEM. 29:1019, 2008

QMMM: SINGLET STATE CALCULATION
QMMM: RHF CALCULATION, NO. OF DOUBLY OCCUPIED LEVELS = 18

| QMMM: *** Selected Hamiltonian *** 
| QMMM: AM1         

| QMMM: *** Parameter sets in use ***
| QMMM: C : M.J.S.DEWAR et al. JACS, 107, 3902, (1985)
| QMMM: O : M.J.S.DEWAR et al. JACS, 107, 3902, (1985)
| QMMM: H : M.J.S.DEWAR et al. JACS, 107, 3902, (1985)

| QMMM: *** SCF convergence criteria ***
| QMMM: Energy change                :  0.1D-09 kcal/mol
| QMMM: Error matrix |FP-PF|         :  0.1D+00 au
| QMMM: Density matrix change        :  0.5D-06
| QMMM: Maximum number of SCF cycles :     1000

| QMMM: *** Diagonalization Routine Information ***
| QMMM: Pseudo diagonalizations are allowed.
| QMMM: Auto diagonalization routine selection is in use.
| QMMM:
| QMMM: Timing diagonalization routines:
| QMMM:                              norbs =       32
| QMMM:    diag iterations used for timing =       20
| QMMM:
| QMMM:              Internal diag routine = 0.001874 seconds
| QMMM:                 Dspev diag routine = 0.006694 seconds
| QMMM:                Dspevd diag routine = 0.002624 seconds
| QMMM:                Dspevx diag routine = 0.021341 seconds
| QMMM:                 Dsyev diag routine = 0.002420 seconds
| QMMM:                Dsyevd diag routine = 0.006080 seconds
| QMMM:                Dsyevr diag routine = 0.006940 seconds
| QMMM:
| QMMM:                Pseudo diag routine = 0.000461 seconds
| QMMM:
| QMMM: Using internal diagonalization routine (diag_routine=1).

  QMMM: QM Region Cartesian Coordinates (*=link atom) 
  QMMM: QM_NO.   MM_NO.  ATOM         X         Y         Z
  QMMM:     1        1      C       -0.4850   -0.3530    0.9150
  QMMM:     2        2      C       -0.1540   -1.8160    1.1640
  QMMM:     3        3      C       -0.6070    0.0150    3.2350
  QMMM:     4        4      C       -0.2750   -1.4480    3.4840
  QMMM:     5        5      O       -0.0130    0.4410    2.0060
  QMMM:     6        6      O       -0.7470   -2.2420    2.3930
  QMMM:     7        7      H        0.0000   -0.0000   -0.0000
  QMMM:     8        8      H       -1.5660   -0.2030    0.8120
  QMMM:     9        9      H       -0.5490   -2.4420    0.3580
  QMMM:    10       10      H        0.9290   -1.9730    1.2230
  QMMM:    11       11      H       -1.6900    0.1710    3.1750
  QMMM:    12       12      H       -0.2120    0.6410    4.0410
  QMMM:    13       13      H        0.8060   -1.5980    3.5860
  QMMM:    14       14      H       -0.7600   -1.8010    4.3990

--------------------------------------------------------------------------------
  RESULTS
--------------------------------------------------------------------------------

      iter         sqm energy              rms gradient
      ----    -------------------    -----------------------
xmin    10      -95.1525 kcal/mol        0.0409 kcal/(mol*A)
  ... geometry converged !
 
 Final MO eigenvalues (eV):
 -40.7026  -37.1163  -32.1070  -28.6849  -25.4166  -21.9717  -17.7651  -17.6677
 -16.5310  -16.3801  -16.1355  -14.5366  -13.5425  -12.7914  -12.4259  -11.6384
 -11.4162  -10.2039    2.8263    2.9422    3.5644    3.7644    3.8161    3.8861
   4.0800    4.2112    4.2928    4.4265    4.6141    4.6302    5.9965    6.0145


 Heat of formation   =        -95.15301345 kcal/mol  (       -4.12614429 eV)

 Total SCF energy    =     -29140.82520100 kcal/mol  (    -1263.64100434 eV)
 Electronic energy   =    -109784.31719535 kcal/mol  (    -4760.60522941 eV)
 Core-core repulsion =      80643.49199436 kcal/mol  (     3496.96422507 eV)
 
    Atomic Charges for Step       1 :
  Atom    Element       Mulliken Charge
     1      C                 -0.059
     2      C                 -0.059
     3      C                 -0.059
     4      C                 -0.059
     5      O                 -0.269
     6      O                 -0.269
     7      H                  0.112
     8      H                  0.081
     9      H                  0.112
    10      H                  0.081
    11      H                  0.081
    12      H                  0.112
    13      H                  0.081
    14      H                  0.112
 Total Mulliken Charge =      -0.000
 
                  X        Y        Z     TOTAL  
  QM DIPOLE    -0.000    0.000    0.000    0.000
 
 Final Structure

  QMMM: QM Region Cartesian Coordinates (*=link atom) 
  QMMM: QM_NO.   MM_NO.  ATOM         X         Y         Z
  QMMM:     1        1      C       -0.4907   -0.3565    0.9060
  QMMM:     2        2      C       -0.1510   -1.8197    1.1583
  QMMM:     3        3      C       -0.6094    0.0185    3.2404
  QMMM:     4        4      C       -0.2697   -1.4446    3.4928
  QMMM:     5        5      O       -0.0739    0.4600    1.9963
  QMMM:     6        6      O       -0.6865   -2.2612    2.4024
  QMMM:     7        7      H        0.0760    0.0447    0.0260
  QMMM:     8        8      H       -1.5941   -0.2308    0.7472
  QMMM:     9        9      H       -0.6342   -2.4847    0.3963
  QMMM:    10       10      H        0.9605   -1.9711    1.1567
  QMMM:    11       11      H       -1.7210    0.1700    3.2420
  QMMM:    12       12      H       -0.1262    0.6835    4.0024
  QMMM:    13       13      H        0.8336   -1.5703    3.6515
  QMMM:    14       14      H       -0.8365   -1.8458    4.3727

           --------- Calculation Completed ----------

