            --------------------------------------------------------
                             AMBER SQM VERSION 19
 
                                     By
              Ross C. Walker, Michael F. Crowley, Scott Brozell,
                         Tim Giese, Andreas W. Goetz,
                        Tai-Sung Lee and David A. Case
 
            --------------------------------------------------------
 

--------------------------------------------------------------------------------
  QM CALCULATION INFO
--------------------------------------------------------------------------------

| QMMM: Citation for AMBER QMMM Run:
| QMMM: R.C. Walker, M.F. Crowley and D.A. Case, J. COMP. CHEM. 29:1019, 2008

QMMM: SINGLET STATE CALCULATION
QMMM: RHF CALCULATION, NO. OF DOUBLY OCCUPIED LEVELS = 12

| QMMM: *** Selected Hamiltonian *** 
| QMMM: AM1         

| QMMM: *** Parameter sets in use ***
| QMMM: C : M.J.S.DEWAR et al. JACS, 107, 3902, (1985)
| QMMM: H : M.J.S.DEWAR et al. JACS, 107, 3902, (1985)

| QMMM: *** SCF convergence criteria ***
| QMMM: Energy change                :  0.1D-09 kcal/mol
| QMMM: Error matrix |FP-PF|         :  0.1D+00 au
| QMMM: Density matrix change        :  0.5D-06
| QMMM: Maximum number of SCF cycles :     1000

| QMMM: *** Diagonalization Routine Information ***
| QMMM: Pseudo diagonalizations are allowed.
| QMMM: Auto diagonalization routine selection is in use.
| QMMM:
| QMMM: Timing diagonalization routines:
| QMMM:                              norbs =       24
| QMMM:    diag iterations used for timing =       20
| QMMM:
| QMMM:              Internal diag routine = 0.001656 seconds
| QMMM:                 Dspev diag routine = 0.005920 seconds
| QMMM:                Dspevd diag routine = 0.001809 seconds
| QMMM:                Dspevx diag routine = 0.015694 seconds
| QMMM:                 Dsyev diag routine = 0.005756 seconds
| QMMM:                Dsyevd diag routine = 0.001753 seconds
| QMMM:                Dsyevr diag routine = 0.006563 seconds
| QMMM:
| QMMM:                Pseudo diag routine = 0.000340 seconds
| QMMM:
| QMMM: Using internal diagonalization routine (diag_routine=1).

  QMMM: QM Region Cartesian Coordinates (*=link atom) 
  QMMM: QM_NO.   MM_NO.  ATOM         X         Y         Z
  QMMM:     1        1      C        0.6570   -1.0570   -0.4310
  QMMM:     2        2      C        1.9490   -0.7460   -0.2810
  QMMM:     3        3      C        3.1010    0.3360   -2.2120
  QMMM:     4        4      C        2.5720    0.5160   -0.7980
  QMMM:     5        5      H        0.2470   -1.9820   -0.0410
  QMMM:     6        6      H       -0.0140   -0.3820   -0.9510
  QMMM:     7        7      H        2.5930   -1.4390    0.2540
  QMMM:     8        8      H        3.5610    1.2640   -2.5650
  QMMM:     9        9      H        2.2950    0.0730   -2.9060
  QMMM:    10       10      H        3.8590   -0.4540   -2.2560
  QMMM:    11       11      H        1.8540    1.3440   -0.7840
  QMMM:    12       12      H        3.3980    0.7980   -0.1340

--------------------------------------------------------------------------------
  RESULTS
--------------------------------------------------------------------------------

      iter         sqm energy              rms gradient
      ----    -------------------    -----------------------
xmin    10        0.6076 kcal/mol        0.4830 kcal/(mol*A)
xmin    20        0.3481 kcal/mol        0.8854 kcal/(mol*A)
xmin    30        0.1562 kcal/mol        0.4116 kcal/(mol*A)
xmin    40        0.1181 kcal/mol        0.0608 kcal/(mol*A)
xmin    50        0.1050 kcal/mol        0.3975 kcal/(mol*A)
xmin    60        0.0979 kcal/mol        0.0259 kcal/(mol*A)
xmin    70        0.0953 kcal/mol        0.0529 kcal/(mol*A)
xmin    80        0.0943 kcal/mol        0.0193 kcal/(mol*A)
xmin    90        0.0940 kcal/mol        0.0258 kcal/(mol*A)
xmin   100        0.0939 kcal/mol        0.0031 kcal/(mol*A)
xmin   110        0.0938 kcal/mol        0.0025 kcal/(mol*A)
xmin   120        0.0938 kcal/mol        0.0028 kcal/(mol*A)
xmin   130        0.0938 kcal/mol        0.0038 kcal/(mol*A)
  ... geometry converged !
 
 Final MO eigenvalues (eV):
 -36.1155  -30.8790  -24.1401  -20.4483  -15.9708  -15.0824  -14.6612  -13.0200
 -12.7917  -11.8209  -11.5935  -10.0050    1.3784    3.8124    4.0471    4.3120
   4.5154    4.5649    4.8850    4.9151    5.0976    5.1941    5.6787    5.9146


 Heat of formation   =          0.09381509 kcal/mol  (        0.00406813 eV)

 Total SCF energy    =     -14347.31831102 kcal/mol  (     -622.14640783 eV)
 Electronic energy   =     -49921.13972799 kcal/mol  (    -2164.74306093 eV)
 Core-core repulsion =      35573.82141698 kcal/mol  (     1542.59665309 eV)
 
    Atomic Charges for Step       1 :
  Atom    Element       Mulliken Charge
     1      C                 -0.226
     2      C                 -0.160
     3      C                 -0.208
     4      C                 -0.136
     5      H                  0.111
     6      H                  0.110
     7      H                  0.118
     8      H                  0.073
     9      H                  0.076
    10      H                  0.072
    11      H                  0.083
    12      H                  0.087
 Total Mulliken Charge =      -0.000
 
                  X        Y        Z     TOTAL  
  QM DIPOLE     0.174    0.119   -0.058    0.219
 
 Final Structure

  QMMM: QM Region Cartesian Coordinates (*=link atom) 
  QMMM: QM_NO.   MM_NO.  ATOM         X         Y         Z
  QMMM:     1        1      C        0.5809   -1.0092   -0.2065
  QMMM:     2        2      C        1.8571   -0.8199   -0.5325
  QMMM:     3        3      C        3.3210    0.3558   -2.1512
  QMMM:     4        4      C        2.4231    0.4880   -0.9454
  QMMM:     5        5      H        0.1961   -1.9875    0.1092
  QMMM:     6        6      H       -0.1657   -0.2048   -0.2316
  QMMM:     7        7      H        2.5824   -1.6505   -0.5016
  QMMM:     8        8      H        3.7421    1.3523   -2.4281
  QMMM:     9        9      H        2.7513   -0.0425   -3.0249
  QMMM:    10       10      H        4.1685   -0.3397   -1.9388
  QMMM:    11       11      H        1.6013    1.2202   -1.1683
  QMMM:    12       12      H        3.0138    0.9087   -0.0853

           --------- Calculation Completed ----------

