            --------------------------------------------------------
                             AMBER SQM VERSION 19
 
                                     By
              Ross C. Walker, Michael F. Crowley, Scott Brozell,
                         Tim Giese, Andreas W. Goetz,
                        Tai-Sung Lee and David A. Case
 
            --------------------------------------------------------
 

--------------------------------------------------------------------------------
  QM CALCULATION INFO
--------------------------------------------------------------------------------

| QMMM: Citation for AMBER QMMM Run:
| QMMM: R.C. Walker, M.F. Crowley and D.A. Case, J. COMP. CHEM. 29:1019, 2008

QMMM: SINGLET STATE CALCULATION
QMMM: RHF CALCULATION, NO. OF DOUBLY OCCUPIED LEVELS = 22

| QMMM: *** Selected Hamiltonian *** 
| QMMM: AM1         

| QMMM: *** Parameter sets in use ***
| QMMM: C : M.J.S.DEWAR et al. JACS, 107, 3902, (1985)
| QMMM: O : M.J.S.DEWAR et al. JACS, 107, 3902, (1985)
| QMMM: H : M.J.S.DEWAR et al. JACS, 107, 3902, (1985)

| QMMM: *** SCF convergence criteria ***
| QMMM: Energy change                :  0.1D-09 kcal/mol
| QMMM: Error matrix |FP-PF|         :  0.1D+00 au
| QMMM: Density matrix change        :  0.5D-06
| QMMM: Maximum number of SCF cycles :     1000

| QMMM: *** Diagonalization Routine Information ***
| QMMM: Pseudo diagonalizations are allowed.
| QMMM: Auto diagonalization routine selection is in use.
| QMMM:
| QMMM: Timing diagonalization routines:
| QMMM:                              norbs =       42
| QMMM:    diag iterations used for timing =       20
| QMMM:
| QMMM:              Internal diag routine = 0.026716 seconds
| QMMM:                 Dspev diag routine = 0.006853 seconds
| QMMM:                Dspevd diag routine = 0.005865 seconds
| QMMM:                Dspevx diag routine = 0.026238 seconds
| QMMM:                 Dsyev diag routine = 0.006434 seconds
| QMMM:                Dsyevd diag routine = 0.005801 seconds
| QMMM:                Dsyevr diag routine = 0.007218 seconds
| QMMM:
| QMMM:                Pseudo diag routine = 0.001598 seconds
| QMMM:
| QMMM: Using dsyevd routine (diag_routine=6).

  QMMM: QM Region Cartesian Coordinates (*=link atom) 
  QMMM: QM_NO.   MM_NO.  ATOM         X         Y         Z
  QMMM:     1        1      C        1.7830   -1.3580    0.9180
  QMMM:     2        2      C        1.1440   -1.8870    2.1930
  QMMM:     3        3      C       -0.1230   -1.1070    2.5460
  QMMM:     4        4      C       -0.7660   -1.5520    3.8620
  QMMM:     5        5      C       -2.0460   -0.7900    4.2020
  QMMM:     6        6      C       -2.6300   -1.2440    5.5330
  QMMM:     7        7      O       -3.8210   -0.5120    5.7860
  QMMM:     8        8      H        2.6850   -1.9320    0.6800
  QMMM:     9        9      H        1.0950   -1.4410    0.0710
  QMMM:    10       10      H        2.0690   -0.3070    1.0280
  QMMM:    11       11      H        1.8670   -1.8140    3.0140
  QMMM:    12       12      H        0.9120   -2.9480    2.0540
  QMMM:    13       13      H       -0.8520   -1.1960    1.7310
  QMMM:    14       14      H        0.1250   -0.0410    2.6310
  QMMM:    15       15      H       -0.0360   -1.4010    4.6670
  QMMM:    16       16      H       -0.9750   -2.6280    3.8230
  QMMM:    17       17      H       -2.8000   -0.9280    3.4190
  QMMM:    18       18      H       -1.8470    0.2880    4.2420
  QMMM:    19       19      H       -2.8750   -2.3110    5.5080
  QMMM:    20       20      H       -1.9270   -1.0590    6.3520
  QMMM:    21       21      H       -3.9590    0.0710    5.0220

--------------------------------------------------------------------------------
  RESULTS
--------------------------------------------------------------------------------

      iter         sqm energy              rms gradient
      ----    -------------------    -----------------------
xmin    10      -90.7829 kcal/mol        0.3575 kcal/(mol*A)
xmin    20      -91.6529 kcal/mol        1.0263 kcal/(mol*A)
xmin    30      -91.7573 kcal/mol        0.1639 kcal/(mol*A)
xmin    40      -91.7693 kcal/mol        0.0782 kcal/(mol*A)
xmin    50      -91.7730 kcal/mol        0.0159 kcal/(mol*A)
xmin    60      -91.7741 kcal/mol        0.0256 kcal/(mol*A)
xmin    70      -91.7751 kcal/mol        0.0336 kcal/(mol*A)
xmin    80      -91.7755 kcal/mol        0.0146 kcal/(mol*A)
xmin    90      -91.7757 kcal/mol        0.0078 kcal/(mol*A)
xmin   100      -91.7758 kcal/mol        0.0160 kcal/(mol*A)
xmin   110      -91.7759 kcal/mol        0.0071 kcal/(mol*A)
xmin   120      -91.7759 kcal/mol        0.0051 kcal/(mol*A)
xmin   130      -91.7759 kcal/mol        0.0028 kcal/(mol*A)
xmin   140      -91.7759 kcal/mol        0.0008 kcal/(mol*A)
  ... geometry converged !
 
 Final MO eigenvalues (eV):
 -38.6116  -36.7670  -33.3307  -28.8321  -24.6326  -22.1306  -21.6822  -18.0909
 -16.7214  -15.8287  -15.5100  -14.8618  -14.2924  -13.9465  -13.1466  -12.5986
 -12.4329  -11.9467  -11.7801  -11.4935  -11.2592  -10.9298    3.4640    3.5193
   3.7622    3.8834    4.0475    4.1637    4.1762    4.3240    4.4938    4.5382
   4.5945    4.7293    4.8856    4.8889    4.9827    5.0478    5.0810    5.1651
   5.2336    6.3159

 Heat of formation   =        -91.77593799 kcal/mol  (       -3.97970331 eV)

 Total SCF energy    =     -29591.85416398 kcal/mol  (    -1283.19908781 eV)
 Electronic energy   =    -128598.63925832 kcal/mol  (    -5576.45545546 eV)
 Core-core repulsion =      99006.78509434 kcal/mol  (     4293.25636765 eV)
 
    Atomic Charges for Step       1 :
  Atom    Element       Mulliken Charge
     1      C                 -0.211
     2      C                 -0.159
     3      C                 -0.158
     4      C                 -0.155
     5      C                 -0.199
     6      C                 -0.023
     7      O                 -0.326
     8      H                  0.073
     9      H                  0.073
    10      H                  0.072
    11      H                  0.078
    12      H                  0.079
    13      H                  0.081
    14      H                  0.079
    15      H                  0.079
    16      H                  0.082
    17      H                  0.095
    18      H                  0.078
    19      H                  0.105
    20      H                  0.062
    21      H                  0.195
 Total Mulliken Charge =      -0.000
 
                  X        Y        Z     TOTAL  
  QM DIPOLE     1.554    0.569   -0.462    1.718
 
 Final Structure

  QMMM: QM Region Cartesian Coordinates (*=link atom) 
  QMMM: QM_NO.   MM_NO.  ATOM         X         Y         Z
  QMMM:     1        1      C        1.7716   -1.3952    0.9419
  QMMM:     2        2      C        1.1462   -1.8467    2.2363
  QMMM:     3        3      C       -0.1359   -1.0949    2.5252
  QMMM:     4        4      C       -0.7595   -1.5506    3.8268
  QMMM:     5        5      C       -2.0417   -0.8019    4.1121
  QMMM:     6        6      C       -2.6562   -1.2572    5.4243
  QMMM:     7        7      O       -3.9020   -0.6325    5.6677
  QMMM:     8        8      H        2.7141   -1.9619    0.7480
  QMMM:     9        9      H        1.0747   -1.5665    0.0861
  QMMM:    10       10      H        2.0165   -0.3062    0.9807
  QMMM:    11       11      H        1.8696   -1.6894    3.0796
  QMMM:    12       12      H        0.9310   -2.9469    2.1874
  QMMM:    13       13      H       -0.8618   -1.2535    1.6845
  QMMM:    14       14      H        0.0772    0.0055    2.5745
  QMMM:    15       15      H       -0.0341   -1.3902    4.6678
  QMMM:    16       16      H       -0.9705   -2.6516    3.7774
  QMMM:    17       17      H       -2.7774   -0.9688    3.2823
  QMMM:    18       18      H       -1.8379    0.3002    4.1567
  QMMM:    19       19      H       -2.8944   -2.3547    5.3975
  QMMM:    20       20      H       -1.9529   -1.0541    6.2765
  QMMM:    21       21      H       -3.7537    0.3201    5.6484

           --------- Calculation Completed ----------

