            --------------------------------------------------------
                             AMBER SQM VERSION 19
 
                                     By
              Ross C. Walker, Michael F. Crowley, Scott Brozell,
                         Tim Giese, Andreas W. Goetz,
                        Tai-Sung Lee and David A. Case
 
            --------------------------------------------------------
 

--------------------------------------------------------------------------------
  QM CALCULATION INFO
--------------------------------------------------------------------------------

| QMMM: Citation for AMBER QMMM Run:
| QMMM: R.C. Walker, M.F. Crowley and D.A. Case, J. COMP. CHEM. 29:1019, 2008

QMMM: SINGLET STATE CALCULATION
QMMM: RHF CALCULATION, NO. OF DOUBLY OCCUPIED LEVELS = 21

| QMMM: *** Selected Hamiltonian *** 
| QMMM: AM1         

| QMMM: *** Parameter sets in use ***
| QMMM: C : M.J.S.DEWAR et al. JACS, 107, 3902, (1985)
| QMMM: N : M.J.S.DEWAR et al. JACS, 107, 3902, (1985)
| QMMM: H : M.J.S.DEWAR et al. JACS, 107, 3902, (1985)

| QMMM: *** SCF convergence criteria ***
| QMMM: Energy change                :  0.1D-09 kcal/mol
| QMMM: Error matrix |FP-PF|         :  0.1D+00 au
| QMMM: Density matrix change        :  0.5D-06
| QMMM: Maximum number of SCF cycles :     1000

| QMMM: *** Diagonalization Routine Information ***
| QMMM: Pseudo diagonalizations are allowed.
| QMMM: Auto diagonalization routine selection is in use.
| QMMM:
| QMMM: Timing diagonalization routines:
| QMMM:                              norbs =       41
| QMMM:    diag iterations used for timing =       20
| QMMM:
| QMMM:              Internal diag routine = 0.003425 seconds
| QMMM:                 Dspev diag routine = 0.015849 seconds
| QMMM:                Dspevd diag routine = 0.014615 seconds
| QMMM:                Dspevx diag routine = 0.020978 seconds
| QMMM:                 Dsyev diag routine = 0.008701 seconds
| QMMM:                Dsyevd diag routine = 0.004528 seconds
| QMMM:                Dsyevr diag routine = 0.007154 seconds
| QMMM:
| QMMM:                Pseudo diag routine = 0.001164 seconds
| QMMM:
| QMMM: Using internal diagonalization routine (diag_routine=1).

  QMMM: QM Region Cartesian Coordinates (*=link atom) 
  QMMM: QM_NO.   MM_NO.  ATOM         X         Y         Z
  QMMM:     1        1      C        1.2860   -0.0600    1.7330
  QMMM:     2        2      C        0.1840   -0.4390    0.9740
  QMMM:     3        3      C        1.4970   -0.6400    2.9790
  QMMM:     4        4      C       -0.6700   -1.3940    1.5010
  QMMM:     5        5      C        0.5840   -1.5860    3.4170
  QMMM:     6        6      C       -1.8620   -1.8240    0.7140
  QMMM:     7        7      C        0.7790   -2.2290    4.7500
  QMMM:     8        8      N       -0.4980   -1.9790    2.7080
  QMMM:     9        9      H        1.9790    0.6850    1.3550
  QMMM:    10       10      H        0.0090    0.0060    0.0000
  QMMM:    11       11      H        2.3520   -0.3530    3.5820
  QMMM:    12       12      H       -2.2340   -2.7880    1.0810
  QMMM:    13       13      H       -2.6720   -1.0880    0.7840
  QMMM:    14       14      H       -1.6180   -1.9280   -0.3510
  QMMM:    15       15      H        1.5650   -1.7110    5.3110
  QMMM:    16       16      H       -0.1450   -2.2060    5.3410
  QMMM:    17       17      H        1.0630   -3.2840    4.6440

--------------------------------------------------------------------------------
  RESULTS
--------------------------------------------------------------------------------

      iter         sqm energy              rms gradient
      ----    -------------------    -----------------------
xmin    10       19.3673 kcal/mol        0.1991 kcal/(mol*A)
xmin    20       19.3665 kcal/mol        0.0224 kcal/(mol*A)
xmin    30       19.3659 kcal/mol        0.0429 kcal/(mol*A)
xmin    40       19.3652 kcal/mol        0.0190 kcal/(mol*A)
xmin    50       19.3647 kcal/mol        0.0899 kcal/(mol*A)
xmin    60       19.3639 kcal/mol        0.0387 kcal/(mol*A)
xmin    70       19.3633 kcal/mol        0.0147 kcal/(mol*A)
xmin    80       19.3627 kcal/mol        0.0283 kcal/(mol*A)
xmin    90       19.3620 kcal/mol        0.1202 kcal/(mol*A)
xmin   100       19.3614 kcal/mol        0.0590 kcal/(mol*A)
xmin   110       19.3602 kcal/mol        0.0189 kcal/(mol*A)
xmin   120       19.3595 kcal/mol        0.0202 kcal/(mol*A)
xmin   130       19.3591 kcal/mol        0.0141 kcal/(mol*A)
xmin   140       19.3584 kcal/mol        0.0201 kcal/(mol*A)
xmin   150       19.3578 kcal/mol        0.0782 kcal/(mol*A)
xmin   160       19.3571 kcal/mol        0.0408 kcal/(mol*A)
xmin   170       19.3567 kcal/mol        0.0376 kcal/(mol*A)
xmin   180       19.3563 kcal/mol        0.0420 kcal/(mol*A)
xmin   190       19.3553 kcal/mol        0.0295 kcal/(mol*A)
xmin   200       19.3550 kcal/mol        0.0257 kcal/(mol*A)
xmin   210       19.3546 kcal/mol        0.0382 kcal/(mol*A)
xmin   220       19.3540 kcal/mol        0.0233 kcal/(mol*A)
xmin   230       19.3535 kcal/mol        0.1117 kcal/(mol*A)
xmin   240       19.3528 kcal/mol        0.0181 kcal/(mol*A)
xmin   250       19.3524 kcal/mol        0.0377 kcal/(mol*A)
xmin   260       19.3521 kcal/mol        0.0310 kcal/(mol*A)
xmin   270       19.3518 kcal/mol        0.0164 kcal/(mol*A)
xmin   280       19.3515 kcal/mol        0.0078 kcal/(mol*A)
xmin   290       19.3511 kcal/mol        0.0389 kcal/(mol*A)
xmin   300       19.3507 kcal/mol        0.0200 kcal/(mol*A)
xmin   310       19.3503 kcal/mol        0.0110 kcal/(mol*A)
xmin   320       19.3500 kcal/mol        0.0394 kcal/(mol*A)
xmin   330       19.3497 kcal/mol        0.0082 kcal/(mol*A)
xmin   340       19.3494 kcal/mol        0.0102 kcal/(mol*A)
xmin   350       19.3491 kcal/mol        0.0477 kcal/(mol*A)
xmin   360       19.3488 kcal/mol        0.0415 kcal/(mol*A)
xmin   370       19.3484 kcal/mol        0.0076 kcal/(mol*A)
xmin   380       19.3481 kcal/mol        0.0213 kcal/(mol*A)
xmin   390       19.3479 kcal/mol        0.0402 kcal/(mol*A)
xmin   400       19.3476 kcal/mol        0.0238 kcal/(mol*A)
xmin   410       19.3470 kcal/mol        0.0402 kcal/(mol*A)
xmin   420       19.3468 kcal/mol        0.0155 kcal/(mol*A)
xmin   430       19.3466 kcal/mol        0.0259 kcal/(mol*A)
xmin   440       19.3464 kcal/mol        0.0069 kcal/(mol*A)
xmin   450       19.3463 kcal/mol        0.0068 kcal/(mol*A)
xmin   460       19.3460 kcal/mol        0.0149 kcal/(mol*A)
xmin   470       19.3458 kcal/mol        0.0200 kcal/(mol*A)
xmin   480       19.3457 kcal/mol        0.0226 kcal/(mol*A)
xmin   490       19.3456 kcal/mol        0.0384 kcal/(mol*A)
xmin   500       19.3454 kcal/mol        0.0313 kcal/(mol*A)
xmin   510       19.3452 kcal/mol        0.0087 kcal/(mol*A)
xmin   520       19.3451 kcal/mol        0.0116 kcal/(mol*A)
xmin   530       19.3449 kcal/mol        0.0208 kcal/(mol*A)
xmin   540       19.3448 kcal/mol        0.0080 kcal/(mol*A)
xmin   550       19.3447 kcal/mol        0.0244 kcal/(mol*A)
xmin   560       19.3446 kcal/mol        0.0452 kcal/(mol*A)
xmin   570       19.3445 kcal/mol        0.0254 kcal/(mol*A)
xmin   580       19.3444 kcal/mol        0.0149 kcal/(mol*A)
xmin   590       19.3443 kcal/mol        0.0038 kcal/(mol*A)
xmin   600       19.3442 kcal/mol        0.0053 kcal/(mol*A)
xmin   610       19.3441 kcal/mol        0.0089 kcal/(mol*A)
xmin   620       19.3440 kcal/mol        0.0144 kcal/(mol*A)
xmin   630       19.3439 kcal/mol        0.0143 kcal/(mol*A)
xmin   640       19.3439 kcal/mol        0.0044 kcal/(mol*A)
xmin   650       19.3438 kcal/mol        0.0154 kcal/(mol*A)
xmin   660       19.3437 kcal/mol        0.0095 kcal/(mol*A)
xmin   670       19.3436 kcal/mol        0.0153 kcal/(mol*A)
xmin   680       19.3436 kcal/mol        0.0096 kcal/(mol*A)
xmin   690       19.3435 kcal/mol        0.0241 kcal/(mol*A)
xmin   700       19.3435 kcal/mol        0.0115 kcal/(mol*A)
xmin   710       19.3434 kcal/mol        0.0152 kcal/(mol*A)
xmin   720       19.3433 kcal/mol        0.0064 kcal/(mol*A)
xmin   730       19.3433 kcal/mol        0.0057 kcal/(mol*A)
xmin   740       19.3432 kcal/mol        0.0026 kcal/(mol*A)
xmin   750       19.3432 kcal/mol        0.0099 kcal/(mol*A)
xmin   760       19.3431 kcal/mol        0.0122 kcal/(mol*A)
xmin   770       19.3431 kcal/mol        0.0064 kcal/(mol*A)
xmin   780       19.3431 kcal/mol        0.0158 kcal/(mol*A)
xmin   790       19.3430 kcal/mol        0.0053 kcal/(mol*A)
xmin   800       19.3430 kcal/mol        0.0105 kcal/(mol*A)
xmin   810       19.3429 kcal/mol        0.0088 kcal/(mol*A)
xmin   820       19.3429 kcal/mol        0.0084 kcal/(mol*A)
xmin   830       19.3429 kcal/mol        0.0058 kcal/(mol*A)
xmin   840       19.3429 kcal/mol        0.0035 kcal/(mol*A)
xmin   850       19.3428 kcal/mol        0.0041 kcal/(mol*A)
xmin   860       19.3428 kcal/mol        0.0097 kcal/(mol*A)
xmin   870       19.3428 kcal/mol        0.0087 kcal/(mol*A)
xmin   880       19.3428 kcal/mol        0.0026 kcal/(mol*A)
xmin   890       19.3428 kcal/mol        0.0047 kcal/(mol*A)
xmin   900       19.3427 kcal/mol        0.0044 kcal/(mol*A)
xmin   910       19.3427 kcal/mol        0.0044 kcal/(mol*A)
xmin   920       19.3427 kcal/mol        0.0200 kcal/(mol*A)
xmin   930       19.3427 kcal/mol        0.0096 kcal/(mol*A)
xmin   940       19.3426 kcal/mol        0.0031 kcal/(mol*A)
xmin   950       19.3426 kcal/mol        0.0084 kcal/(mol*A)
xmin   960       19.3426 kcal/mol        0.0058 kcal/(mol*A)
xmin   970       19.3426 kcal/mol        0.0033 kcal/(mol*A)
xmin   980       19.3426 kcal/mol        0.0034 kcal/(mol*A)
xmin   990       19.3426 kcal/mol        0.0030 kcal/(mol*A)
xmin  1000       19.3426 kcal/mol        0.0115 kcal/(mol*A)
xmin  1010       19.3425 kcal/mol        0.0010 kcal/(mol*A)
xmin  1020       19.3425 kcal/mol        0.0068 kcal/(mol*A)
xmin  1030       19.3425 kcal/mol        0.0334 kcal/(mol*A)
xmin  1040       19.3425 kcal/mol        0.0029 kcal/(mol*A)
xmin  1050       19.3425 kcal/mol        0.0053 kcal/(mol*A)
xmin  1060       19.3425 kcal/mol        0.0019 kcal/(mol*A)
xmin  1070       19.3424 kcal/mol        0.0037 kcal/(mol*A)
xmin  1080       19.3424 kcal/mol        0.0027 kcal/(mol*A)
xmin  1090       19.3424 kcal/mol        0.0045 kcal/(mol*A)
xmin  1100       19.3424 kcal/mol        0.0027 kcal/(mol*A)
xmin  1110       19.3424 kcal/mol        0.0091 kcal/(mol*A)
xmin  1120       19.3424 kcal/mol        0.0119 kcal/(mol*A)
xmin  1130       19.3424 kcal/mol        0.0161 kcal/(mol*A)
xmin  1140       19.3424 kcal/mol        0.0027 kcal/(mol*A)
xmin  1150       19.3424 kcal/mol        0.0010 kcal/(mol*A)
xmin  1160       19.3424 kcal/mol        0.0035 kcal/(mol*A)
xmin  1170       19.3424 kcal/mol        0.0042 kcal/(mol*A)
xmin  1180       19.3424 kcal/mol        0.0020 kcal/(mol*A)
xmin  1190       19.3424 kcal/mol        0.0024 kcal/(mol*A)
xmin  1200       19.3423 kcal/mol        0.0034 kcal/(mol*A)
xmin  1210       19.3423 kcal/mol        0.0021 kcal/(mol*A)
xmin  1220       19.3423 kcal/mol        0.0012 kcal/(mol*A)
xmin  1230       19.3423 kcal/mol        0.0033 kcal/(mol*A)
xmin  1240       19.3423 kcal/mol        0.0039 kcal/(mol*A)
xmin  1250       19.3423 kcal/mol        0.0043 kcal/(mol*A)
xmin  1260       19.3423 kcal/mol        0.0065 kcal/(mol*A)
xmin  1270       19.3423 kcal/mol        0.0006 kcal/(mol*A)
xmin  1280       19.3423 kcal/mol        0.0032 kcal/(mol*A)
xmin  1290       19.3423 kcal/mol        0.0039 kcal/(mol*A)
xmin  1300       19.3423 kcal/mol        0.0018 kcal/(mol*A)
xmin  1310       19.3423 kcal/mol        0.0037 kcal/(mol*A)
xmin  1320       19.3423 kcal/mol        0.0043 kcal/(mol*A)
xmin  1330       19.3423 kcal/mol        0.0036 kcal/(mol*A)
xmin  1340       19.3423 kcal/mol        0.0020 kcal/(mol*A)
  ... geometry converged !
 
 Final MO eigenvalues (eV):
 -40.0907  -34.1238  -33.2448  -29.5671  -27.2567  -23.0138  -22.2256  -17.1025
 -17.0255  -15.9768  -15.2392  -13.9767  -13.9676  -13.9251  -13.1299  -12.9096
 -12.6070  -12.5345  -10.4821  -10.4443   -9.4121    0.1957    0.3871    2.7548
   3.2952    3.7457    3.8837    4.0273    4.0810    4.4116    4.4711    4.5169
   4.5876    4.5892    4.7147    4.9137    5.0149    5.3178    5.3194    5.8073
   6.9518

 Heat of formation   =         19.34228972 kcal/mol  (        0.83874462 eV)

 Total SCF energy    =     -28294.77887707 kcal/mol  (    -1226.95368271 eV)
 Electronic energy   =    -126415.91398848 kcal/mol  (    -5481.80538522 eV)
 Core-core repulsion =      98121.13511142 kcal/mol  (     4254.85170250 eV)
 
    Atomic Charges for Step       1 :
  Atom    Element       Mulliken Charge
     1      C                 -0.088
     2      C                 -0.190
     3      C                 -0.190
     4      C                 -0.004
     5      C                 -0.004
     6      C                 -0.172
     7      C                 -0.172
     8      N                 -0.148
     9      H                  0.136
    10      H                  0.141
    11      H                  0.141
    12      H                  0.098
    13      H                  0.097
    14      H                  0.080
    15      H                  0.080
    16      H                  0.098
    17      H                  0.098
 Total Mulliken Charge =      -0.000
 
                  X        Y        Z     TOTAL  
  QM DIPOLE     0.953    0.936   -0.528    1.436
 
 Final Structure

  QMMM: QM Region Cartesian Coordinates (*=link atom) 
  QMMM: QM_NO.   MM_NO.  ATOM         X         Y         Z
  QMMM:     1        1      C        1.3414   -0.1201    1.6926
  QMMM:     2        2      C        0.2359   -0.5045    0.9365
  QMMM:     3        3      C        1.5091   -0.6550    2.9684
  QMMM:     4        4      C       -0.6811   -1.4262    1.4896
  QMMM:     5        5      C        0.5502   -1.5717    3.4545
  QMMM:     6        6      C       -1.8686   -1.8372    0.6784
  QMMM:     7        7      C        0.7309   -2.1464    4.8236
  QMMM:     8        8      N       -0.5283   -1.9526    2.7285
  QMMM:     9        9      H        2.0718    0.5956    1.2880
  QMMM:    10       10      H        0.0750   -0.1016   -0.0719
  QMMM:    11       11      H        2.3692   -0.3727    3.5893
  QMMM:    12       12      H       -1.8803   -2.9463    0.5346
  QMMM:    13       13      H       -2.8146   -1.5416    1.1967
  QMMM:    14       14      H       -1.8408   -1.3463   -0.3242
  QMMM:    15       15      H        1.6509   -1.7294    5.2998
  QMMM:    16       16      H       -0.1492   -1.9028    5.4693
  QMMM:    17       17      H        0.8278   -3.2593    4.7694

           --------- Calculation Completed ----------

