            --------------------------------------------------------
                             AMBER SQM VERSION 19
 
                                     By
              Ross C. Walker, Michael F. Crowley, Scott Brozell,
                         Tim Giese, Andreas W. Goetz,
                        Tai-Sung Lee and David A. Case
 
            --------------------------------------------------------
 

--------------------------------------------------------------------------------
  QM CALCULATION INFO
--------------------------------------------------------------------------------

| QMMM: Citation for AMBER QMMM Run:
| QMMM: R.C. Walker, M.F. Crowley and D.A. Case, J. COMP. CHEM. 29:1019, 2008

QMMM: SINGLET STATE CALCULATION
QMMM: RHF CALCULATION, NO. OF DOUBLY OCCUPIED LEVELS = 24

| QMMM: *** Selected Hamiltonian *** 
| QMMM: AM1         

| QMMM: *** Parameter sets in use ***
| QMMM: C : M.J.S.DEWAR et al. JACS, 107, 3902, (1985)
| QMMM: H : M.J.S.DEWAR et al. JACS, 107, 3902, (1985)

| QMMM: *** SCF convergence criteria ***
| QMMM: Energy change                :  0.1D-09 kcal/mol
| QMMM: Error matrix |FP-PF|         :  0.1D+00 au
| QMMM: Density matrix change        :  0.5D-06
| QMMM: Maximum number of SCF cycles :     1000

| QMMM: *** Diagonalization Routine Information ***
| QMMM: Pseudo diagonalizations are allowed.
| QMMM: Auto diagonalization routine selection is in use.
| QMMM:
| QMMM: Timing diagonalization routines:
| QMMM:                              norbs =       48
| QMMM:    diag iterations used for timing =       20
| QMMM:
| QMMM:              Internal diag routine = 0.006794 seconds
| QMMM:                 Dspev diag routine = 0.006415 seconds
| QMMM:                Dspevd diag routine = 0.012760 seconds
| QMMM:                Dspevx diag routine = 0.043298 seconds
| QMMM:                 Dsyev diag routine = 0.011066 seconds
| QMMM:                Dsyevd diag routine = 0.007596 seconds
| QMMM:                Dsyevr diag routine = 0.009120 seconds
| QMMM:
| QMMM:                Pseudo diag routine = 0.002521 seconds
| QMMM:
| QMMM: Using dspev routine (diag_routine=2).

  QMMM: QM Region Cartesian Coordinates (*=link atom) 
  QMMM: QM_NO.   MM_NO.  ATOM         X         Y         Z
  QMMM:     1        1      C        1.8850   -1.0380   -0.1090
  QMMM:     2        2      C        0.8180   -0.4410    0.5630
  QMMM:     3        3      C        2.9350   -1.6040    0.6140
  QMMM:     4        4      C        0.8010   -0.4100    1.9570
  QMMM:     5        5      C        2.9180   -1.5730    2.0080
  QMMM:     6        6      C        1.8510   -0.9770    2.6800
  QMMM:     7        7      C        2.5110    0.3170    4.7400
  QMMM:     8        8      C        2.4630   -2.2030    4.7950
  QMMM:     9        9      C        1.8330   -0.9440    4.1710
  QMMM:    10       10      H        1.8980   -1.0610   -1.1950
  QMMM:    11       11      H        0.0000    0.0000   -0.0000
  QMMM:    12       12      H        3.7650   -2.0680    0.0910
  QMMM:    13       13      H       -0.0350    0.0570    2.4720
  QMMM:    14       14      H        3.7400   -2.0170    2.5630
  QMMM:    15       15      H        3.5790    0.3440    4.4990
  QMMM:    16       16      H        2.4160    0.3650    5.8300
  QMMM:    17       17      H        2.0510    1.2200    4.3230
  QMMM:    18       18      H        1.9700   -3.1050    4.4160
  QMMM:    19       19      H        2.3640   -2.2010    5.8860
  QMMM:    20       20      H        3.5300   -2.2800    4.5590
  QMMM:    21       21      H        0.7870   -0.9160    4.5330

--------------------------------------------------------------------------------
  RESULTS
--------------------------------------------------------------------------------

      iter         sqm energy              rms gradient
      ----    -------------------    -----------------------
xmin    10        4.9598 kcal/mol        0.4887 kcal/(mol*A)
xmin    20        4.9227 kcal/mol        0.4005 kcal/(mol*A)
xmin    30        4.8993 kcal/mol        0.1997 kcal/(mol*A)
xmin    40        4.8409 kcal/mol        0.0906 kcal/(mol*A)
xmin    50        4.7884 kcal/mol        0.1715 kcal/(mol*A)
xmin    60        4.7242 kcal/mol        0.2425 kcal/(mol*A)
xmin    70        4.6370 kcal/mol        0.3517 kcal/(mol*A)
xmin    80        4.6020 kcal/mol        0.1525 kcal/(mol*A)
xmin    90        4.5865 kcal/mol        0.2214 kcal/(mol*A)
xmin   100        4.5783 kcal/mol        0.0531 kcal/(mol*A)
xmin   110        4.5755 kcal/mol        0.0311 kcal/(mol*A)
xmin   120        4.5745 kcal/mol        0.0334 kcal/(mol*A)
xmin   130        4.5742 kcal/mol        0.0336 kcal/(mol*A)
xmin   140        4.5739 kcal/mol        0.0110 kcal/(mol*A)
xmin   150        4.5739 kcal/mol        0.0055 kcal/(mol*A)
xmin   160        4.5739 kcal/mol        0.0007 kcal/(mol*A)
  ... geometry converged !
 
 Final MO eigenvalues (eV):
 -39.7352  -35.9761  -31.3775  -30.2818  -27.7638  -24.0151  -23.0933  -20.6444
 -17.5045  -16.2834  -15.8300  -14.7336  -14.5590  -14.4104  -14.0231  -13.1767
 -12.8469  -12.8191  -12.0388  -12.0353  -11.5273  -11.3579   -9.6062   -9.3831
   0.5417    0.6174    2.9605    3.6666    3.8147    4.0752    4.1630    4.1894
   4.2981    4.4272    4.5646    4.5655    4.6008    4.8349    4.8782    4.9671
   5.1100    5.1812    5.2147    5.2451    5.6551    5.7020    5.8213    6.1818


 Heat of formation   =          4.57387724 kcal/mol  (        0.19833820 eV)

 Total SCF energy    =     -30387.61338823 kcal/mol  (    -1317.70579716 eV)
 Electronic energy   =    -153533.74181487 kcal/mol  (    -6657.72264060 eV)
 Core-core repulsion =     123146.12842665 kcal/mol  (     5340.01684344 eV)
 
    Atomic Charges for Step       1 :
  Atom    Element       Mulliken Charge
     1      C                 -0.133
     2      C                 -0.129
     3      C                 -0.129
     4      C                 -0.128
     5      C                 -0.125
     6      C                 -0.066
     7      C                 -0.206
     8      C                 -0.206
     9      C                 -0.071
    10      H                  0.130
    11      H                  0.130
    12      H                  0.130
    13      H                  0.130
    14      H                  0.131
    15      H                  0.075
    16      H                  0.073
    17      H                  0.079
    18      H                  0.079
    19      H                  0.073
    20      H                  0.075
    21      H                  0.089
 Total Mulliken Charge =       0.000
 
                  X        Y        Z     TOTAL  
  QM DIPOLE     0.040   -0.002    0.243    0.247
 
 Final Structure

  QMMM: QM Region Cartesian Coordinates (*=link atom) 
  QMMM: QM_NO.   MM_NO.  ATOM         X         Y         Z
  QMMM:     1        1      C        1.8959   -1.0433   -0.1016
  QMMM:     2        2      C        0.7473   -0.6202    0.5659
  QMMM:     3        3      C        3.0303   -1.3973    0.6288
  QMMM:     4        4      C        0.7316   -0.5509    1.9584
  QMMM:     5        5      C        3.0163   -1.3285    2.0205
  QMMM:     6        6      C        1.8664   -0.9045    2.6980
  QMMM:     7        7      C        2.8694    0.1638    4.7041
  QMMM:     8        8      C        2.0656   -2.1933    4.8126
  QMMM:     9        9      C        1.8410   -0.8271    4.1926
  QMMM:    10       10      H        1.9077   -1.0978   -1.1996
  QMMM:    11       11      H       -0.1495   -0.3402   -0.0058
  QMMM:    12       12      H        3.9384   -1.7315    0.1063
  QMMM:    13       13      H       -0.1790   -0.2160    2.4773
  QMMM:    14       14      H        3.9135   -1.6087    2.5927
  QMMM:    15       15      H        3.9009   -0.1580    4.4224
  QMMM:    16       16      H        2.8111    0.2341    5.8169
  QMMM:    17       17      H        2.6838    1.1758    4.2714
  QMMM:    18       18      H        1.2896   -2.9136    4.4592
  QMMM:    19       19      H        2.0071   -2.1217    5.9254
  QMMM:    20       20      H        3.0711   -2.5916    4.5350
  QMMM:    21       21      H        0.8214   -0.4645    4.5155

           --------- Calculation Completed ----------

