            --------------------------------------------------------
                             AMBER SQM VERSION 19
 
                                     By
              Ross C. Walker, Michael F. Crowley, Scott Brozell,
                         Tim Giese, Andreas W. Goetz,
                        Tai-Sung Lee and David A. Case
 
            --------------------------------------------------------
 

--------------------------------------------------------------------------------
  QM CALCULATION INFO
--------------------------------------------------------------------------------

| QMMM: Citation for AMBER QMMM Run:
| QMMM: R.C. Walker, M.F. Crowley and D.A. Case, J. COMP. CHEM. 29:1019, 2008

QMMM: SINGLET STATE CALCULATION
QMMM: RHF CALCULATION, NO. OF DOUBLY OCCUPIED LEVELS = 46

| QMMM: *** Selected Hamiltonian *** 
| QMMM: AM1         

| QMMM: *** Parameter sets in use ***
| QMMM: C : M.J.S.DEWAR et al. JACS, 107, 3902, (1985)
| QMMM: O : M.J.S.DEWAR et al. JACS, 107, 3902, (1985)
| QMMM: Cl: M.J.S.DEWAR et al. THEOCHEM, 180, 1, (1988)
| QMMM: H : M.J.S.DEWAR et al. JACS, 107, 3902, (1985)

| QMMM: *** SCF convergence criteria ***
| QMMM: Energy change                :  0.1D-09 kcal/mol
| QMMM: Error matrix |FP-PF|         :  0.1D+00 au
| QMMM: Density matrix change        :  0.5D-06
| QMMM: Maximum number of SCF cycles :     1000

| QMMM: *** Diagonalization Routine Information ***
| QMMM: Pseudo diagonalizations are allowed.
| QMMM: Auto diagonalization routine selection is in use.
| QMMM:
| QMMM: Timing diagonalization routines:
| QMMM:                              norbs =       76
| QMMM:    diag iterations used for timing =       15
| QMMM:
| QMMM:              Internal diag routine = 0.034368 seconds
| QMMM:                 Dspev diag routine = 0.052114 seconds
| QMMM:                Dspevd diag routine = 0.018353 seconds
| QMMM:                Dspevx diag routine = 0.056382 seconds
| QMMM:                 Dsyev diag routine = 0.012154 seconds
| QMMM:                Dsyevd diag routine = 0.013017 seconds
| QMMM:                Dsyevr diag routine = 0.014394 seconds
| QMMM:
| QMMM:                Pseudo diag routine = 0.005679 seconds
| QMMM:
| QMMM: Using dsyev routine (diag_routine=5).

  QMMM: QM Region Cartesian Coordinates (*=link atom) 
  QMMM: QM_NO.   MM_NO.  ATOM         X         Y         Z
  QMMM:     1        1      C       -3.1490    0.4150    1.2200
  QMMM:     2        2      C       -1.8580    0.7400    0.8000
  QMMM:     3        3      C       -1.4370   -1.5820    0.2690
  QMMM:     4        4      C       -4.8170   -4.8180    0.9820
  QMMM:     5        5      C       -3.5800   -0.9100    1.1630
  QMMM:     6        6      C       -2.7270   -1.9050    0.6890
  QMMM:     7        7      C       -4.3860   -3.4940    1.0380
  QMMM:     8        8      C       -5.2390   -2.4980    1.5120
  QMMM:     9        9      C       -1.0040   -0.2570    0.3260
  QMMM:    10       10      C       -6.1070   -5.1430    1.4010
  QMMM:    11       11      C       -6.5290   -2.8210    1.9320
  QMMM:    12       12      C       -6.9620   -4.1460    1.8750
  QMMM:    13       13      O       -4.8560   -1.1830    1.5850
  QMMM:    14       14      O       -3.1090   -3.2200    0.6160
  QMMM:    15       15      Cl       0.5870    0.1500   -0.1900
  QMMM:    16       16      Cl      -6.5770   -6.8060    1.3030
  QMMM:    17       17      Cl      -7.5660   -1.5560    2.5170
  QMMM:    18       18      Cl      -8.5680   -4.5650    2.3960
  QMMM:    19       19      H       -3.8080    1.1960    1.5870
  QMMM:    20       20      H       -1.5310    1.7760    0.8480
  QMMM:    21       21      H       -0.7760   -2.3630   -0.0990
  QMMM:    22       22      H       -4.1430   -5.5870    0.6100

--------------------------------------------------------------------------------
  RESULTS
--------------------------------------------------------------------------------

      iter         sqm energy              rms gradient
      ----    -------------------    -----------------------
xmin    10      -16.9898 kcal/mol        0.2448 kcal/(mol*A)
  ... geometry converged !
 
 Final MO eigenvalues (eV):
 -42.6935  -40.1988  -39.2201  -39.0263  -38.2748  -37.9722  -37.6937  -36.8770
 -32.5939  -31.5469  -31.2577  -29.8697  -25.8041  -25.1714  -23.7122  -22.5289
 -21.3231  -19.1558  -18.9039  -17.7447  -17.6693  -17.4245  -17.2065  -16.3526
 -16.1435  -15.6733  -15.4622  -15.4133  -15.3050  -14.8827  -14.4802  -13.8977
 -13.6947  -13.6929  -13.0652  -12.7823  -12.6723  -12.4143  -12.3643  -12.1780
 -12.0204  -11.6963  -10.3835  -10.1509   -9.7965   -9.0007   -0.8751   -0.6974
  -0.3004   -0.1949    0.4822    0.7576    0.9388    1.0455    1.2648    1.6234
   1.7763    2.0799    2.3326    3.0505    3.1726    3.3865    3.4666    3.5439
   3.6380    3.7194    4.0192    4.1170    4.2472    4.3146    4.4738    4.4913
   4.6867    4.9744    5.0903    5.8446

 Heat of formation   =        -16.99125241 kcal/mol  (       -0.73679599 eV)

 Total SCF energy    =     -85908.21970041 kcal/mol  (    -3725.25994972 eV)
 Electronic energy   =    -440669.43320389 kcal/mol  (   -19108.86055262 eV)
 Core-core repulsion =     354761.21350347 kcal/mol  (    15383.60060290 eV)
 
    Atomic Charges for Step       1 :
  Atom    Element       Mulliken Charge
     1      C                 -0.103
     2      C                 -0.119
     3      C                 -0.109
     4      C                 -0.108
     5      C                  0.016
     6      C                  0.023
     7      C                  0.035
     8      C                  0.031
     9      C                 -0.059
    10      C                 -0.053
    11      C                 -0.048
    12      C                 -0.064
    13      O                 -0.115
    14      O                 -0.124
    15      Cl                 0.002
    16      Cl                 0.029
    17      Cl                 0.052
    18      Cl                 0.044
    19      H                  0.165
    20      H                  0.158
    21      H                  0.172
    22      H                  0.177
 Total Mulliken Charge =       0.000
 
                  X        Y        Z     TOTAL  
  QM DIPOLE     0.879    0.595   -0.224    1.084
 
 Final Structure

  QMMM: QM Region Cartesian Coordinates (*=link atom) 
  QMMM: QM_NO.   MM_NO.  ATOM         X         Y         Z
  QMMM:     1        1      C       -3.1424    0.4337    1.2204
  QMMM:     2        2      C       -1.8512    0.7450    0.7986
  QMMM:     3        3      C       -1.4206   -1.5947    0.2612
  QMMM:     4        4      C       -4.8108   -4.8215    0.9786
  QMMM:     5        5      C       -3.5721   -0.8962    1.1616
  QMMM:     6        6      C       -2.7168   -1.9002    0.6858
  QMMM:     7        7      C       -4.3964   -3.4907    1.0425
  QMMM:     8        8      C       -5.2551   -2.4861    1.5198
  QMMM:     9        9      C       -1.0022   -0.2614    0.3246
  QMMM:    10       10      C       -6.1039   -5.1456    1.3996
  QMMM:    11       11      C       -6.5538   -2.8124    1.9425
  QMMM:    12       12      C       -6.9746   -4.1551    1.8789
  QMMM:    13       13      O       -4.8717   -1.1499    1.5958
  QMMM:    14       14      O       -3.0980   -3.2385    0.6079
  QMMM:    15       15      Cl       0.5677    0.1364   -0.1851
  QMMM:    16       16      Cl      -6.5919   -6.7664    1.3155
  QMMM:    17       17      Cl      -7.6035   -1.6185    2.5205
  QMMM:    18       18      Cl      -8.5359   -4.5708    2.3832
  QMMM:    19       19      H       -3.8232    1.2118    1.5957
  QMMM:    20       20      H       -1.5037    1.7891    0.8409
  QMMM:    21       21      H       -0.7610   -2.3931   -0.1097
  QMMM:    22       22      H       -4.1207   -5.5920    0.6010

           --------- Calculation Completed ----------

