            --------------------------------------------------------
                             AMBER SQM VERSION 19
 
                                     By
              Ross C. Walker, Michael F. Crowley, Scott Brozell,
                         Tim Giese, Andreas W. Goetz,
                        Tai-Sung Lee and David A. Case
 
            --------------------------------------------------------
 

--------------------------------------------------------------------------------
  QM CALCULATION INFO
--------------------------------------------------------------------------------

| QMMM: Citation for AMBER QMMM Run:
| QMMM: R.C. Walker, M.F. Crowley and D.A. Case, J. COMP. CHEM. 29:1019, 2008

QMMM: SINGLET STATE CALCULATION
QMMM: RHF CALCULATION, NO. OF DOUBLY OCCUPIED LEVELS = 30

| QMMM: *** Selected Hamiltonian *** 
| QMMM: AM1         

| QMMM: *** Parameter sets in use ***
| QMMM: C : M.J.S.DEWAR et al. JACS, 107, 3902, (1985)
| QMMM: N : M.J.S.DEWAR et al. JACS, 107, 3902, (1985)
| QMMM: H : M.J.S.DEWAR et al. JACS, 107, 3902, (1985)

| QMMM: *** SCF convergence criteria ***
| QMMM: Energy change                :  0.1D-09 kcal/mol
| QMMM: Error matrix |FP-PF|         :  0.1D+00 au
| QMMM: Density matrix change        :  0.5D-06
| QMMM: Maximum number of SCF cycles :     1000

| QMMM: *** Diagonalization Routine Information ***
| QMMM: Pseudo diagonalizations are allowed.
| QMMM: Auto diagonalization routine selection is in use.
| QMMM:
| QMMM: Timing diagonalization routines:
| QMMM:                              norbs =       58
| QMMM:    diag iterations used for timing =       15
| QMMM:
| QMMM:              Internal diag routine = 0.024261 seconds
| QMMM:                 Dspev diag routine = 0.016145 seconds
| QMMM:                Dspevd diag routine = 0.009515 seconds
| QMMM:                Dspevx diag routine = 0.040878 seconds
| QMMM:                 Dsyev diag routine = 0.006139 seconds
| QMMM:                Dsyevd diag routine = 0.003464 seconds
| QMMM:                Dsyevr diag routine = 0.008011 seconds
| QMMM:
| QMMM:                Pseudo diag routine = 0.001396 seconds
| QMMM:
| QMMM: Using dsyevd routine (diag_routine=6).

  QMMM: QM Region Cartesian Coordinates (*=link atom) 
  QMMM: QM_NO.   MM_NO.  ATOM         X         Y         Z
  QMMM:     1        1      C        4.8260    0.3920    6.2160
  QMMM:     2        2      C        4.8940   -0.8690    5.6230
  QMMM:     3        3      C        3.6490    1.1360    6.1390
  QMMM:     4        4      C        3.7850   -1.3850    4.9520
  QMMM:     5        5      C        2.5400    0.6210    5.4690
  QMMM:     6        6      C        2.1630   -1.4950    0.6430
  QMMM:     7        7      C        2.3250   -1.9620    1.9260
  QMMM:     8        8      C        1.0110   -0.1940    1.8710
  QMMM:     9        9      C        2.6080   -0.6400    4.8750
  QMMM:    10       10      C        1.4220   -1.1910    4.1580
  QMMM:    11       11      N        1.3450   -0.3940    0.6160
  QMMM:    12       12      N        1.5810   -1.1180    2.7020
  QMMM:    13       13      H        5.6890    0.7930    6.7390
  QMMM:    14       14      H        5.8100   -1.4490    5.6830
  QMMM:    15       15      H        3.5950    2.1170    6.6020
  QMMM:    16       16      H        3.8470   -2.3670    4.4920
  QMMM:    17       17      H        1.6270    1.2080    5.4140
  QMMM:    18       18      H        2.5950   -1.8960   -0.2620
  QMMM:    19       19      H        2.8840   -2.7910    2.3380
  QMMM:    20       20      H        0.3670    0.5950    2.2360
  QMMM:    21       21      H        1.2370   -2.2440    4.4210
  QMMM:    22       22      H        0.4980   -0.6500    4.4190

--------------------------------------------------------------------------------
  RESULTS
--------------------------------------------------------------------------------

      iter         sqm energy              rms gradient
      ----    -------------------    -----------------------
xmin    10       82.5935 kcal/mol        0.8742 kcal/(mol*A)
xmin    20       82.5524 kcal/mol        0.1312 kcal/(mol*A)
xmin    30       82.5390 kcal/mol        0.0350 kcal/(mol*A)
xmin    40       82.5281 kcal/mol        0.0269 kcal/(mol*A)
xmin    50       82.5147 kcal/mol        0.0835 kcal/(mol*A)
xmin    60       82.4972 kcal/mol        0.0598 kcal/(mol*A)
xmin    70       82.4802 kcal/mol        0.4299 kcal/(mol*A)
xmin    80       82.4622 kcal/mol        0.4692 kcal/(mol*A)
xmin    90       82.4402 kcal/mol        0.2186 kcal/(mol*A)
xmin   100       82.4152 kcal/mol        0.0950 kcal/(mol*A)
xmin   110       82.3930 kcal/mol        0.0516 kcal/(mol*A)
xmin   120       82.3872 kcal/mol        0.3121 kcal/(mol*A)
xmin   130       82.3722 kcal/mol        0.0788 kcal/(mol*A)
xmin   140       82.3544 kcal/mol        0.0522 kcal/(mol*A)
xmin   150       82.3438 kcal/mol        0.0596 kcal/(mol*A)
xmin   160       82.3400 kcal/mol        0.2956 kcal/(mol*A)
xmin   170       82.3335 kcal/mol        0.0352 kcal/(mol*A)
xmin   180       82.3309 kcal/mol        0.2040 kcal/(mol*A)
xmin   190       82.3284 kcal/mol        0.0781 kcal/(mol*A)
xmin   200       82.3269 kcal/mol        0.1608 kcal/(mol*A)
xmin   210       82.3259 kcal/mol        0.0317 kcal/(mol*A)
xmin   220       82.3253 kcal/mol        0.0405 kcal/(mol*A)
xmin   230       82.3249 kcal/mol        0.0473 kcal/(mol*A)
xmin   240       82.3246 kcal/mol        0.0066 kcal/(mol*A)
xmin   250       82.3243 kcal/mol        0.0101 kcal/(mol*A)
xmin   260       82.3242 kcal/mol        0.0039 kcal/(mol*A)
xmin   270       82.3241 kcal/mol        0.0044 kcal/(mol*A)
xmin   280       82.3241 kcal/mol        0.0042 kcal/(mol*A)
xmin   290       82.3241 kcal/mol        0.0086 kcal/(mol*A)
xmin   300       82.3241 kcal/mol        0.0026 kcal/(mol*A)
xmin   310       82.3240 kcal/mol        0.0031 kcal/(mol*A)
  ... geometry converged !
 
 Final MO eigenvalues (eV):
 -41.2618  -39.6071  -35.1795  -31.8939  -31.6127  -29.4586  -27.0879  -23.5937
 -22.8810  -21.8554  -21.3100  -18.3292  -17.6075  -16.6167  -16.0189  -15.4521
 -15.1601  -14.7444  -14.4649  -13.9648  -13.8683  -13.5387  -13.1608  -12.3974
 -12.1433  -11.1254  -10.3007   -9.9643   -9.8429   -9.0623    0.0659    0.2606
   0.9551    1.8203    2.1179    2.5998    3.2233    3.4486    3.6450    3.7414
   3.7825    3.8521    3.8917    4.0266    4.2294    4.3268    4.5861    4.6389
   4.7445    4.8257    5.1273    5.2534    5.2994    5.4059    5.7854    5.8543
   6.2342    6.9265

 Heat of formation   =         82.32403922 kcal/mol  (        3.56983822 eV)

 Total SCF energy    =     -42198.50616824 kcal/mol  (    -1829.86454049 eV)
 Electronic energy   =    -220549.41113201 kcal/mol  (    -9563.74012974 eV)
 Core-core repulsion =     178350.90496377 kcal/mol  (     7733.87558925 eV)
 
    Atomic Charges for Step       1 :
  Atom    Element       Mulliken Charge
     1      C                 -0.120
     2      C                 -0.127
     3      C                 -0.129
     4      C                 -0.109
     5      C                 -0.118
     6      C                 -0.174
     7      C                 -0.172
     8      C                 -0.094
     9      C                 -0.111
    10      C                  0.022
    11      N                 -0.142
    12      N                 -0.163
    13      H                  0.135
    14      H                  0.136
    15      H                  0.135
    16      H                  0.139
    17      H                  0.131
    18      H                  0.178
    19      H                  0.174
    20      H                  0.197
    21      H                  0.108
    22      H                  0.104
 Total Mulliken Charge =      -0.000
 
                  X        Y        Z     TOTAL  
  QM DIPOLE     0.159   -0.510    4.002    4.038
 
 Final Structure

  QMMM: QM Region Cartesian Coordinates (*=link atom) 
  QMMM: QM_NO.   MM_NO.  ATOM         X         Y         Z
  QMMM:     1        1      C        4.7644    0.5503    6.2850
  QMMM:     2        2      C        4.9670   -0.4914    5.3796
  QMMM:     3        3      C        3.4846    1.0739    6.4675
  QMMM:     4        4      C        3.8923   -1.0113    4.6597
  QMMM:     5        5      C        2.4085    0.5595    5.7455
  QMMM:     6        6      C        2.1256   -1.9881    0.6567
  QMMM:     7        7      C        2.0932   -2.3303    2.0203
  QMMM:     8        8      C        1.3670   -0.2256    1.7125
  QMMM:     9        9      C        2.6083   -0.4881    4.8406
  QMMM:    10       10      C        1.4299   -1.0653    4.1076
  QMMM:    11       11      N        1.6721   -0.6807    0.4798
  QMMM:    12       12      N        1.5939   -1.2078    2.6911
  QMMM:    13       13      H        5.6130    0.9595    6.8528
  QMMM:    14       14      H        5.9760   -0.9035    5.2307
  QMMM:    15       15      H        3.3226    1.8966    7.1795
  QMMM:    16       16      H        4.0554   -1.8306    3.9422
  QMMM:    17       17      H        1.4021    0.9800    5.8907
  QMMM:    18       18      H        2.4409   -2.5999   -0.1869
  QMMM:    19       19      H        2.3606   -3.2476    2.5389
  QMMM:    20       20      H        0.9811    0.7694    1.9540
  QMMM:    21       21      H        1.2155   -2.0878    4.5391
  QMMM:    22       22      H        0.5240   -0.4142    4.2850

           --------- Calculation Completed ----------

