            --------------------------------------------------------
                             AMBER SQM VERSION 19
 
                                     By
              Ross C. Walker, Michael F. Crowley, Scott Brozell,
                         Tim Giese, Andreas W. Goetz,
                        Tai-Sung Lee and David A. Case
 
            --------------------------------------------------------
 

--------------------------------------------------------------------------------
  QM CALCULATION INFO
--------------------------------------------------------------------------------

| QMMM: Citation for AMBER QMMM Run:
| QMMM: R.C. Walker, M.F. Crowley and D.A. Case, J. COMP. CHEM. 29:1019, 2008

QMMM: SINGLET STATE CALCULATION
QMMM: RHF CALCULATION, NO. OF DOUBLY OCCUPIED LEVELS = 24

| QMMM: *** Selected Hamiltonian *** 
| QMMM: AM1         

| QMMM: *** Parameter sets in use ***
| QMMM: C : M.J.S.DEWAR et al. JACS, 107, 3902, (1985)
| QMMM: O : M.J.S.DEWAR et al. JACS, 107, 3902, (1985)
| QMMM: H : M.J.S.DEWAR et al. JACS, 107, 3902, (1985)

| QMMM: *** SCF convergence criteria ***
| QMMM: Energy change                :  0.1D-09 kcal/mol
| QMMM: Error matrix |FP-PF|         :  0.1D+00 au
| QMMM: Density matrix change        :  0.5D-06
| QMMM: Maximum number of SCF cycles :     1000

| QMMM: *** Diagonalization Routine Information ***
| QMMM: Pseudo diagonalizations are allowed.
| QMMM: Auto diagonalization routine selection is in use.
| QMMM:
| QMMM: Timing diagonalization routines:
| QMMM:                              norbs =       44
| QMMM:    diag iterations used for timing =       20
| QMMM:
| QMMM:              Internal diag routine = 0.018051 seconds
| QMMM:                 Dspev diag routine = 0.029087 seconds
| QMMM:                Dspevd diag routine = 0.007398 seconds
| QMMM:                Dspevx diag routine = 0.029837 seconds
| QMMM:                 Dsyev diag routine = 0.007988 seconds
| QMMM:                Dsyevd diag routine = 0.004708 seconds
| QMMM:                Dsyevr diag routine = 0.005455 seconds
| QMMM:
| QMMM:                Pseudo diag routine = 0.001464 seconds
| QMMM:
| QMMM: Using dsyevd routine (diag_routine=6).

  QMMM: QM Region Cartesian Coordinates (*=link atom) 
  QMMM: QM_NO.   MM_NO.  ATOM         X         Y         Z
  QMMM:     1        1      C        2.9200   -1.5220    1.0970
  QMMM:     2        2      C        0.7040   -0.4120    0.7310
  QMMM:     3        3      C        2.5940    0.0300   -0.8450
  QMMM:     4        4      C        1.4940   -2.2150   -0.8430
  QMMM:     5        5      C        3.1760   -2.9930    2.9350
  QMMM:     6        6      C        1.9240   -1.0340    0.0390
  QMMM:     7        7      O        4.0730   -1.1200    1.2000
  QMMM:     8        8      O        2.3400   -2.4610    1.9030
  QMMM:     9        9      H        1.0050    0.3980    1.4050
  QMMM:    10       10      H        0.0000    0.0000   -0.0000
  QMMM:    11       11      H        0.1620   -1.1490    1.3330
  QMMM:    12       12      H        2.9230    0.8900   -0.2500
  QMMM:    13       13      H        1.9060    0.4000   -1.6140
  QMMM:    14       14      H        3.4780   -0.3730   -1.3520
  QMMM:    15       15      H        0.9620   -2.9780   -0.2650
  QMMM:    16       16      H        0.8280   -1.8860   -1.6480
  QMMM:    17       17      H        2.3640   -2.7010   -1.3000
  QMMM:    18       18      H        4.1360   -2.4710    2.9330
  QMMM:    19       19      H        3.3300   -4.0610    2.7660
  QMMM:    20       20      H        2.6860   -2.8460    3.9010

--------------------------------------------------------------------------------
  RESULTS
--------------------------------------------------------------------------------

      iter         sqm energy              rms gradient
      ----    -------------------    -----------------------
xmin    10     -108.0918 kcal/mol        0.3048 kcal/(mol*A)
xmin    20     -108.3013 kcal/mol        0.2531 kcal/(mol*A)
xmin    30     -108.6347 kcal/mol        0.2314 kcal/(mol*A)
xmin    40     -108.7643 kcal/mol        0.0894 kcal/(mol*A)
xmin    50     -108.7859 kcal/mol        0.0577 kcal/(mol*A)
xmin    60     -108.8014 kcal/mol        0.1661 kcal/(mol*A)
xmin    70     -108.8066 kcal/mol        0.0950 kcal/(mol*A)
xmin    80     -108.8119 kcal/mol        0.0455 kcal/(mol*A)
xmin    90     -108.8142 kcal/mol        0.0694 kcal/(mol*A)
xmin   100     -108.8169 kcal/mol        0.1491 kcal/(mol*A)
xmin   110     -108.8188 kcal/mol        0.0203 kcal/(mol*A)
xmin   120     -108.8191 kcal/mol        0.0334 kcal/(mol*A)
xmin   130     -108.8196 kcal/mol        0.0180 kcal/(mol*A)
xmin   140     -108.8198 kcal/mol        0.0075 kcal/(mol*A)
xmin   150     -108.8199 kcal/mol        0.0062 kcal/(mol*A)
xmin   160     -108.8201 kcal/mol        0.0131 kcal/(mol*A)
xmin   170     -108.8201 kcal/mol        0.0067 kcal/(mol*A)
xmin   180     -108.8202 kcal/mol        0.0048 kcal/(mol*A)
xmin   190     -108.8202 kcal/mol        0.0029 kcal/(mol*A)
xmin   200     -108.8202 kcal/mol        0.0014 kcal/(mol*A)
xmin   210     -108.8202 kcal/mol        0.0034 kcal/(mol*A)
xmin   220     -108.8203 kcal/mol        0.0012 kcal/(mol*A)
xmin   230     -108.8203 kcal/mol        0.0039 kcal/(mol*A)
  ... geometry converged !
 
 Final MO eigenvalues (eV):
 -41.0119  -37.4203  -36.5373  -28.6034  -28.1779  -27.7853  -24.1126  -20.3563
 -18.0547  -17.3513  -16.9698  -15.1670  -15.0316  -14.8826  -13.7053  -13.4614
 -13.1558  -13.0233  -12.8195  -12.6678  -12.1051  -12.0437  -11.4339  -11.0575
   1.2365    2.0125    3.3898    3.6569    3.6677    4.0453    4.1250    4.2635
   4.3223    4.3377    4.4103    4.4973    4.5889    4.6232    4.7113    4.8276
   4.9157    5.0173    5.5699    6.8514

 Heat of formation   =       -108.82026301 kcal/mol  (       -4.71880070 eV)

 Total SCF energy    =     -36328.19851362 kcal/mol  (    -1575.30889873 eV)
 Electronic energy   =    -163910.53800561 kcal/mol  (    -7107.69428930 eV)
 Core-core repulsion =     127582.33949199 kcal/mol  (     5532.38539057 eV)
 
    Atomic Charges for Step       1 :
  Atom    Element       Mulliken Charge
     1      C                  0.302
     2      C                 -0.207
     3      C                 -0.207
     4      C                 -0.207
     5      C                 -0.064
     6      C                 -0.038
     7      O                 -0.351
     8      O                 -0.278
     9      H                  0.083
    10      H                  0.083
    11      H                  0.094
    12      H                  0.091
    13      H                  0.081
    14      H                  0.091
    15      H                  0.094
    16      H                  0.083
    17      H                  0.083
    18      H                  0.084
    19      H                  0.084
    20      H                  0.100
 Total Mulliken Charge =      -0.000
 
                  X        Y        Z     TOTAL  
  QM DIPOLE    -1.747   -0.439   -0.259    1.820
 
 Final Structure

  QMMM: QM Region Cartesian Coordinates (*=link atom) 
  QMMM: QM_NO.   MM_NO.  ATOM         X         Y         Z
  QMMM:     1        1      C        2.8844   -1.5201    1.0713
  QMMM:     2        2      C        0.7346   -0.3618    0.6879
  QMMM:     3        3      C        2.6299   -0.0595   -0.9037
  QMMM:     4        4      C        1.4317   -2.2432   -0.7931
  QMMM:     5        5      C        3.1918   -2.9072    2.9825
  QMMM:     6        6      C        1.9144   -1.0437    0.0099
  QMMM:     7        7      O        4.0664   -1.2106    1.2301
  QMMM:     8        8      O        2.3348   -2.4137    1.9525
  QMMM:     9        9      H        1.0797    0.5266    1.2688
  QMMM:    10       10      H        0.0024   -0.0233   -0.0837
  QMMM:    11       11      H        0.2272   -1.0731    1.3833
  QMMM:    12       12      H        2.9993    0.8149   -0.3161
  QMMM:    13       13      H        1.9273    0.3003   -1.6924
  QMMM:    14       14      H        3.5061   -0.5508   -1.3906
  QMMM:    15       15      H        0.9349   -2.9822   -0.1191
  QMMM:    16       16      H        0.7001   -1.9076   -1.5665
  QMMM:    17       17      H        2.2904   -2.7408   -1.3038
  QMMM:    18       18      H        3.5533   -2.0616    3.6156
  QMMM:    19       19      H        4.0603   -3.4443    2.5311
  QMMM:    20       20      H        2.5360   -3.6023    3.5621

           --------- Calculation Completed ----------

