            --------------------------------------------------------
                             AMBER SQM VERSION 19
 
                                     By
              Ross C. Walker, Michael F. Crowley, Scott Brozell,
                         Tim Giese, Andreas W. Goetz,
                        Tai-Sung Lee and David A. Case
 
            --------------------------------------------------------
 

--------------------------------------------------------------------------------
  QM CALCULATION INFO
--------------------------------------------------------------------------------

| QMMM: Citation for AMBER QMMM Run:
| QMMM: R.C. Walker, M.F. Crowley and D.A. Case, J. COMP. CHEM. 29:1019, 2008

QMMM: SINGLET STATE CALCULATION
QMMM: RHF CALCULATION, NO. OF DOUBLY OCCUPIED LEVELS = 21

| QMMM: *** Selected Hamiltonian *** 
| QMMM: AM1         

| QMMM: *** Parameter sets in use ***
| QMMM: C : M.J.S.DEWAR et al. JACS, 107, 3902, (1985)
| QMMM: O : M.J.S.DEWAR et al. JACS, 107, 3902, (1985)
| QMMM: Cl: M.J.S.DEWAR et al. THEOCHEM, 180, 1, (1988)
| QMMM: H : M.J.S.DEWAR et al. JACS, 107, 3902, (1985)

| QMMM: *** SCF convergence criteria ***
| QMMM: Energy change                :  0.1D-09 kcal/mol
| QMMM: Error matrix |FP-PF|         :  0.1D+00 au
| QMMM: Density matrix change        :  0.5D-06
| QMMM: Maximum number of SCF cycles :     1000

| QMMM: *** Diagonalization Routine Information ***
| QMMM: Pseudo diagonalizations are allowed.
| QMMM: Auto diagonalization routine selection is in use.
| QMMM:
| QMMM: Timing diagonalization routines:
| QMMM:                              norbs =       37
| QMMM:    diag iterations used for timing =       20
| QMMM:
| QMMM:              Internal diag routine = 0.025951 seconds
| QMMM:                 Dspev diag routine = 0.008189 seconds
| QMMM:                Dspevd diag routine = 0.002993 seconds
| QMMM:                Dspevx diag routine = 0.019400 seconds
| QMMM:                 Dsyev diag routine = 0.003780 seconds
| QMMM:                Dsyevd diag routine = 0.010531 seconds
| QMMM:                Dsyevr diag routine = 0.004230 seconds
| QMMM:
| QMMM:                Pseudo diag routine = 0.000773 seconds
| QMMM:
| QMMM: Using dspevd routine (diag_routine=3).

  QMMM: QM Region Cartesian Coordinates (*=link atom) 
  QMMM: QM_NO.   MM_NO.  ATOM         X         Y         Z
  QMMM:     1        1      C        0.8320   -0.3950    0.5750
  QMMM:     2        2      C        1.8990   -1.0140   -0.0770
  QMMM:     3        3      C        0.8350   -0.2830    1.9660
  QMMM:     4        4      C        2.9710   -1.4090    2.0520
  QMMM:     5        5      C        2.9680   -1.5200    0.6620
  QMMM:     6        6      C        1.9040   -0.7900    2.7040
  QMMM:     7        7      O        4.0090   -2.1250    0.0260
  QMMM:     8        8      Cl       1.9060   -0.6520    4.4190
  QMMM:     9        9      H        0.0000    0.0000    0.0000
  QMMM:    10       10      H        1.8920   -1.0970   -1.1600
  QMMM:    11       11      H       -0.0030    0.2020    2.4600
  QMMM:    12       12      H        3.8080   -1.8070    2.6210
  QMMM:    13       13      H        4.6600   -2.4140    0.6910

--------------------------------------------------------------------------------
  RESULTS
--------------------------------------------------------------------------------

      iter         sqm energy              rms gradient
      ----    -------------------    -----------------------
xmin    10      -29.3299 kcal/mol        0.0301 kcal/(mol*A)
xmin    20      -29.3300 kcal/mol        0.0035 kcal/(mol*A)
  ... geometry converged !
 
 Final MO eigenvalues (eV):
 -40.4531  -38.2373  -37.0550  -31.6593  -30.5409  -24.0435  -23.3553  -19.3611
 -17.8537  -16.9561  -15.7461  -15.4017  -14.8032  -14.7834  -13.8916  -13.0047
 -12.4762  -12.0907  -11.9115   -9.8876   -9.3003    0.0391    0.2033    1.2561
   2.5008    2.8075    3.5686    3.7595    3.8620    4.0939    4.3722    4.5797
   4.8923    5.0151    5.2486    5.5116    6.0590

 Heat of formation   =        -29.32998859 kcal/mol  (       -1.27184374 eV)

 Total SCF energy    =     -35307.43120444 kcal/mol  (    -1531.04510665 eV)
 Electronic energy   =    -130382.10945107 kcal/mol  (    -5653.79252639 eV)
 Core-core repulsion =      95074.67824664 kcal/mol  (     4122.74741974 eV)
 
    Atomic Charges for Step       1 :
  Atom    Element       Mulliken Charge
     1      C                 -0.089
     2      C                 -0.156
     3      C                 -0.160
     4      C                 -0.212
     5      C                  0.089
     6      C                 -0.023
     7      O                 -0.248
     8      Cl                -0.014
     9      H                  0.140
    10      H                  0.154
    11      H                  0.149
    12      H                  0.148
    13      H                  0.221
 Total Mulliken Charge =      -0.000
 
                  X        Y        Z     TOTAL  
  QM DIPOLE     0.200   -0.111   -0.056    0.235
 
 Final Structure

  QMMM: QM Region Cartesian Coordinates (*=link atom) 
  QMMM: QM_NO.   MM_NO.  ATOM         X         Y         Z
  QMMM:     1        1      C        0.8415   -0.3989    0.5782
  QMMM:     2        2      C        1.9023   -1.0154   -0.0760
  QMMM:     3        3      C        0.8287   -0.2785    1.9692
  QMMM:     4        4      C        2.9785   -1.4105    2.0836
  QMMM:     5        5      C        2.9700   -1.5200    0.6866
  QMMM:     6        6      C        1.8979   -0.7856    2.7118
  QMMM:     7        7      O        3.9917   -2.1194   -0.0122
  QMMM:     8        8      Cl       1.8911   -0.6436    4.4063
  QMMM:     9        9      H       -0.0006    0.0003   -0.0078
  QMMM:    10       10      H        1.9225   -1.1155   -1.1701
  QMMM:    11       11      H       -0.0168    0.2115    2.4735
  QMMM:    12       12      H        3.8184   -1.8084    2.6704
  QMMM:    13       13      H        4.6559   -2.4199    0.6254

           --------- Calculation Completed ----------

