            --------------------------------------------------------
                             AMBER SQM VERSION 19
 
                                     By
              Ross C. Walker, Michael F. Crowley, Scott Brozell,
                         Tim Giese, Andreas W. Goetz,
                        Tai-Sung Lee and David A. Case
 
            --------------------------------------------------------
 

--------------------------------------------------------------------------------
  QM CALCULATION INFO
--------------------------------------------------------------------------------

| QMMM: Citation for AMBER QMMM Run:
| QMMM: R.C. Walker, M.F. Crowley and D.A. Case, J. COMP. CHEM. 29:1019, 2008

QMMM: SINGLET STATE CALCULATION
QMMM: RHF CALCULATION, NO. OF DOUBLY OCCUPIED LEVELS = 47

| QMMM: *** Selected Hamiltonian *** 
| QMMM: AM1         

| QMMM: *** Parameter sets in use ***
| QMMM: C : M.J.S.DEWAR et al. JACS, 107, 3902, (1985)
| QMMM: N : M.J.S.DEWAR et al. JACS, 107, 3902, (1985)
| QMMM: O : M.J.S.DEWAR et al. JACS, 107, 3902, (1985)
| QMMM: H : M.J.S.DEWAR et al. JACS, 107, 3902, (1985)

| QMMM: *** SCF convergence criteria ***
| QMMM: Energy change                :  0.1D-09 kcal/mol
| QMMM: Error matrix |FP-PF|         :  0.1D+00 au
| QMMM: Density matrix change        :  0.5D-06
| QMMM: Maximum number of SCF cycles :     1000

| QMMM: *** Diagonalization Routine Information ***
| QMMM: Pseudo diagonalizations are allowed.
| QMMM: Auto diagonalization routine selection is in use.
| QMMM:
| QMMM: Timing diagonalization routines:
| QMMM:                              norbs =       86
| QMMM:    diag iterations used for timing =       15
| QMMM:
| QMMM:              Internal diag routine = 0.026042 seconds
| QMMM:                 Dspev diag routine = 0.037396 seconds
| QMMM:                Dspevd diag routine = 0.021603 seconds
| QMMM:                Dspevx diag routine = 0.071650 seconds
| QMMM:                 Dsyev diag routine = 0.015308 seconds
| QMMM:                Dsyevd diag routine = 0.027714 seconds
| QMMM:                Dsyevr diag routine = 0.022636 seconds
| QMMM:
| QMMM:                Pseudo diag routine = 0.010709 seconds
| QMMM:
| QMMM: Using dsyev routine (diag_routine=5).

  QMMM: QM Region Cartesian Coordinates (*=link atom) 
  QMMM: QM_NO.   MM_NO.  ATOM         X         Y         Z
  QMMM:     1        1      C        4.1060   -2.9700    1.6070
  QMMM:     2        2      C        4.7150   -4.2060    1.5170
  QMMM:     3        3      C        3.0740   -2.9250    2.5250
  QMMM:     4        4      C        3.3770   -5.0890    3.2040
  QMMM:     5        5      C        1.3230   -1.5740    1.8730
  QMMM:     6        6      C        4.4710   -1.8090    0.7420
  QMMM:     7        7      C        5.8220   -4.4780    0.5410
  QMMM:     8        8      C        3.4610   -7.4580    3.5320
  QMMM:     9        9      C        1.7060   -6.0790    4.6020
  QMMM:    10       10      C       -0.6950   -0.2610    1.4550
  QMMM:    11       11      C        0.6980    0.2670    3.4290
  QMMM:    12       12      N        4.3650   -5.2470    2.3070
  QMMM:    13       13      N        2.7210   -3.9320    3.3440
  QMMM:    14       14      N        3.0440   -6.1610    4.0380
  QMMM:    15       15      N        0.5470   -0.4560    2.1790
  QMMM:    16       16      O        1.0890   -2.3070    0.9150
  QMMM:    17       17      O        2.3860   -1.7300    2.7460
  QMMM:    18       18      H        3.9650   -1.8860   -0.2250
  QMMM:    19       19      H        4.1960   -0.8560    1.2040
  QMMM:    20       20      H        5.5520   -1.7640    0.5740
  QMMM:    21       21      H        6.7060   -3.8840    0.7920
  QMMM:    22       22      H        6.1100   -5.5340    0.5640
  QMMM:    23       23      H        5.5010   -4.2430   -0.4790
  QMMM:    24       24      H        3.1890   -8.2480    4.2420
  QMMM:    25       25      H        4.5490   -7.5160    3.4130
  QMMM:    26       26      H        2.9790   -7.6910    2.5750
  QMMM:    27       27      H        1.5180   -6.9360    5.2580
  QMMM:    28       28      H        0.9390   -6.0850    3.8190
  QMMM:    29       29      H        1.5810   -5.1840    5.2230
  QMMM:    30       30      H       -1.5100   -0.7100    2.0300
  QMMM:    31       31      H       -0.6610   -0.7250    0.4660
  QMMM:    32       32      H       -0.8770    0.8110    1.3340
  QMMM:    33       33      H        0.4020    1.3100    3.2820
  QMMM:    34       34      H        1.7310    0.2490    3.7850
  QMMM:    35       35      H        0.0530   -0.1970    4.1810

--------------------------------------------------------------------------------
  RESULTS
--------------------------------------------------------------------------------

      iter         sqm energy              rms gradient
      ----    -------------------    -----------------------
xmin    10      -13.5197 kcal/mol        1.0091 kcal/(mol*A)
xmin    20      -14.3608 kcal/mol        1.1980 kcal/(mol*A)
xmin    30      -14.8625 kcal/mol        0.3521 kcal/(mol*A)
xmin    40      -15.0360 kcal/mol        0.2550 kcal/(mol*A)
xmin    50      -15.1624 kcal/mol        0.2573 kcal/(mol*A)
xmin    60      -15.2445 kcal/mol        0.1042 kcal/(mol*A)
xmin    70      -15.2861 kcal/mol        0.1535 kcal/(mol*A)
xmin    80      -15.3009 kcal/mol        0.0630 kcal/(mol*A)
xmin    90      -15.3060 kcal/mol        0.1407 kcal/(mol*A)
xmin   100      -15.3081 kcal/mol        0.0347 kcal/(mol*A)
xmin   110      -15.3089 kcal/mol        0.0119 kcal/(mol*A)
xmin   120      -15.3093 kcal/mol        0.0278 kcal/(mol*A)
xmin   130      -15.3095 kcal/mol        0.0133 kcal/(mol*A)
xmin   140      -15.3103 kcal/mol        0.0134 kcal/(mol*A)
xmin   150      -15.3106 kcal/mol        0.0231 kcal/(mol*A)
xmin   160      -15.3109 kcal/mol        0.0077 kcal/(mol*A)
xmin   170      -15.3109 kcal/mol        0.0173 kcal/(mol*A)
xmin   180      -15.3111 kcal/mol        0.0044 kcal/(mol*A)
xmin   190      -15.3112 kcal/mol        0.0072 kcal/(mol*A)
xmin   200      -15.3112 kcal/mol        0.0057 kcal/(mol*A)
xmin   210      -15.3113 kcal/mol        0.0077 kcal/(mol*A)
xmin   220      -15.3113 kcal/mol        0.0040 kcal/(mol*A)
xmin   230      -15.3113 kcal/mol        0.0044 kcal/(mol*A)
xmin   240      -15.3113 kcal/mol        0.0018 kcal/(mol*A)
xmin   240      -15.3113 kcal/mol        0.0005 kcal/(mol*A)
  ... geometry converged !
 
 Final MO eigenvalues (eV):
 -41.2618  -40.1374  -38.2172  -37.3929  -36.6673  -34.4341  -33.1513  -29.9085
 -28.9311  -28.4177  -27.7817  -27.0110  -25.0916  -23.6163  -21.8654  -21.2196
 -19.2355  -18.5082  -18.2652  -17.3285  -16.8474  -16.3400  -15.9981  -15.6155
 -15.4890  -15.3832  -14.9008  -14.6182  -14.1959  -13.6637  -13.5715  -13.5165
 -13.4840  -13.2763  -13.2382  -13.1128  -13.0936  -12.9643  -12.7078  -12.5779
 -12.0886  -11.4760  -10.7830  -10.3290  -10.2396   -9.8783   -8.6690    0.0703
   0.2101    0.9192    1.5142    1.8341    2.5733    2.6230    3.2305    3.5704
   3.6272    3.7782    3.8644    3.9385    3.9622    4.0565    4.1674    4.2015
   4.2197    4.2839    4.3084    4.3559    4.3785    4.5057    4.5393    4.6206
   4.6596    4.7255    4.7262    4.8340    5.0220    5.1349    5.2203    5.5873
   5.7166    5.8546    6.0906    6.3149    7.0357    7.1211

 Heat of formation   =        -15.31131374 kcal/mol  (       -0.66394839 eV)

 Total SCF energy    =     -72032.19455510 kcal/mol  (    -3123.55034713 eV)
 Electronic energy   =    -457010.71803361 kcal/mol  (   -19817.47183702 eV)
 Core-core repulsion =     384978.52347851 kcal/mol  (    16693.92148990 eV)
 
    Atomic Charges for Step       1 :
  Atom    Element       Mulliken Charge
     1      C                 -0.222
     2      C                  0.069
     3      C                  0.207
     4      C                  0.178
     5      C                  0.417
     6      C                 -0.153
     7      C                 -0.178
     8      C                 -0.082
     9      C                 -0.083
    10      C                 -0.075
    11      C                 -0.073
    12      N                 -0.232
    13      N                 -0.264
    14      N                 -0.229
    15      N                 -0.309
    16      O                 -0.341
    17      O                 -0.229
    18      H                  0.080
    19      H                  0.099
    20      H                  0.079
    21      H                  0.094
    22      H                  0.105
    23      H                  0.097
    24      H                  0.082
    25      H                  0.105
    26      H                  0.070
    27      H                  0.081
    28      H                  0.075
    29      H                  0.101
    30      H                  0.070
    31      H                  0.118
    32      H                  0.082
    33      H                  0.084
    34      H                  0.110
    35      H                  0.070
 Total Mulliken Charge =       0.000
 
                  X        Y        Z     TOTAL  
  QM DIPOLE     0.034    0.988    2.048    2.275
 
 Final Structure

  QMMM: QM Region Cartesian Coordinates (*=link atom) 
  QMMM: QM_NO.   MM_NO.  ATOM         X         Y         Z
  QMMM:     1        1      C        4.2944   -2.9574    1.2367
  QMMM:     2        2      C        4.9647   -4.1745    1.5208
  QMMM:     3        3      C        3.0114   -2.8309    1.8253
  QMMM:     4        4      C        3.1731   -4.9160    2.8315
  QMMM:     5        5      C        0.9456   -1.6496    1.6329
  QMMM:     6        6      C        4.8888   -1.9082    0.3919
  QMMM:     7        7      C        6.3190   -4.3912    0.9225
  QMMM:     8        8      C        3.2459   -7.1904    3.7299
  QMMM:     9        9      C        1.2298   -5.8252    4.0083
  QMMM:    10       10      C       -1.0823   -0.6831    2.5447
  QMMM:    11       11      C        1.0977    0.0514    3.4042
  QMMM:    12       12      N        4.4311   -5.1468    2.2887
  QMMM:    13       13      N        2.4281   -3.7647    2.6076
  QMMM:    14       14      N        2.6446   -5.8782    3.7262
  QMMM:    15       15      N        0.3516   -0.6878    2.4254
  QMMM:    16       16      O        0.4062   -2.4256    0.8374
  QMMM:    17       17      O        2.3582   -1.6224    1.6240
  QMMM:    18       18      H        5.2793   -2.3478   -0.5608
  QMMM:    19       19      H        4.1338   -1.1234    0.1372
  QMMM:    20       20      H        5.7430   -1.4172    0.9243
  QMMM:    21       21      H        6.9660   -3.5077    1.1501
  QMMM:    22       22      H        6.8154   -5.3127    1.3130
  QMMM:    23       23      H        6.2156   -4.4828   -0.1879
  QMMM:    24       24      H        2.7399   -7.8194    4.5094
  QMMM:    25       25      H        4.3334   -7.1056    3.9947
  QMMM:    26       26      H        3.1556   -7.7036    2.7348
  QMMM:    27       27      H        0.9672   -6.6536    4.7181
  QMMM:    28       28      H        0.6055   -5.9304    3.0803
  QMMM:    29       29      H        0.9827   -4.8465    4.4993
  QMMM:    30       30      H       -1.3980   -1.1172    3.5319
  QMMM:    31       31      H       -1.5428   -1.2832    1.7152
  QMMM:    32       32      H       -1.4459    0.3773    2.4817
  QMMM:    33       33      H        0.6657    1.0854    3.4796
  QMMM:    34       34      H        2.1752    0.1262    3.1020
  QMMM:    35       35      H        1.0336   -0.4410    4.4127

           --------- Calculation Completed ----------

