            --------------------------------------------------------
                             AMBER SQM VERSION 19
 
                                     By
              Ross C. Walker, Michael F. Crowley, Scott Brozell,
                         Tim Giese, Andreas W. Goetz,
                        Tai-Sung Lee and David A. Case
 
            --------------------------------------------------------
 

--------------------------------------------------------------------------------
  QM CALCULATION INFO
--------------------------------------------------------------------------------

| QMMM: Citation for AMBER QMMM Run:
| QMMM: R.C. Walker, M.F. Crowley and D.A. Case, J. COMP. CHEM. 29:1019, 2008

QMMM: SINGLET STATE CALCULATION
QMMM: RHF CALCULATION, NO. OF DOUBLY OCCUPIED LEVELS = 58

| QMMM: *** Selected Hamiltonian *** 
| QMMM: AM1         

| QMMM: *** Parameter sets in use ***
| QMMM: C : M.J.S.DEWAR et al. JACS, 107, 3902, (1985)
| QMMM: O : M.J.S.DEWAR et al. JACS, 107, 3902, (1985)
| QMMM: P : M.J.S.DEWAR et al. THEOCHEM, 187,1, (1989)
| QMMM: S : M.J.S.DEWAR et al. INORG. CHEM., 29, 3881, (1990)
| QMMM: H : M.J.S.DEWAR et al. JACS, 107, 3902, (1985)

| QMMM: *** SCF convergence criteria ***
| QMMM: Energy change                :  0.1D-09 kcal/mol
| QMMM: Error matrix |FP-PF|         :  0.1D+00 au
| QMMM: Density matrix change        :  0.5D-06
| QMMM: Maximum number of SCF cycles :     1000

| QMMM: *** Diagonalization Routine Information ***
| QMMM: Pseudo diagonalizations are allowed.
| QMMM: Auto diagonalization routine selection is in use.
| QMMM:
| QMMM: Timing diagonalization routines:
| QMMM:                              norbs =       98
| QMMM:    diag iterations used for timing =       15
| QMMM:
| QMMM:              Internal diag routine = 0.049549 seconds
| QMMM:                 Dspev diag routine = 0.039879 seconds
| QMMM:                Dspevd diag routine = 0.020126 seconds
| QMMM:                Dspevx diag routine = 0.082284 seconds
| QMMM:                 Dsyev diag routine = 0.025910 seconds
| QMMM:                Dsyevd diag routine = 0.029276 seconds
| QMMM:                Dsyevr diag routine = 0.020498 seconds
| QMMM:
| QMMM:                Pseudo diag routine = 0.009445 seconds
| QMMM:
| QMMM: Using dspevd routine (diag_routine=3).

  QMMM: QM Region Cartesian Coordinates (*=link atom) 
  QMMM: QM_NO.   MM_NO.  ATOM         X         Y         Z
  QMMM:     1        1      C        1.1670    0.3570    1.5410
  QMMM:     2        2      C        5.3350   -2.5700   -3.2050
  QMMM:     3        3      C       -1.1850   -2.5900   -9.0760
  QMMM:     4        4      C       -6.0990   -0.8070   -5.9280
  QMMM:     5        5      C        0.8850   -0.8640    0.6890
  QMMM:     6        6      C        3.9840   -3.0690   -2.7370
  QMMM:     7        7      C       -1.3300   -3.0330   -7.6350
  QMMM:     8        8      C       -5.0640   -1.9090   -5.8320
  QMMM:     9        9      C       -0.1420   -1.7590   -3.5320
  QMMM:    10       10      O        2.0700   -1.2070   -0.0130
  QMMM:    11       11      O        3.5540   -2.2560   -1.6570
  QMMM:    12       12      O       -2.4080   -2.3190   -7.0510
  QMMM:    13       13      O       -3.8760   -1.3640   -5.2830
  QMMM:    14       14      P        1.9600   -2.1010   -1.3670
  QMMM:    15       15      P       -2.4750   -2.1760   -5.4330
  QMMM:    16       16      S        1.0820   -3.8170   -1.0680
  QMMM:    17       17      S       -2.5910   -3.8940   -4.5220
  QMMM:    18       18      S        1.2360   -0.8080   -2.8610
  QMMM:    19       19      S       -0.9590   -0.8390   -4.8510
  QMMM:    20       20      H        1.9860    0.1590    2.2410
  QMMM:    21       21      H        1.4800    1.2000    0.9160
  QMMM:    22       22      H        0.2800    0.6500    2.1090
  QMMM:    23       23      H        5.2660   -1.5290   -3.5370
  QMMM:    24       24      H        6.0620   -2.5960   -2.3870
  QMMM:    25       25      H        5.7120   -3.1800   -4.0320
  QMMM:    26       26      H       -2.1120   -2.7710   -9.6310
  QMMM:    27       27      H       -0.9860   -1.5150   -9.1300
  QMMM:    28       28      H       -0.3680   -3.1260   -9.5690
  QMMM:    29       29      H       -6.2980   -0.3770   -4.9410
  QMMM:    30       30      H       -5.7360    0.0080   -6.5630
  QMMM:    31       31      H       -7.0370   -1.1870   -6.3430
  QMMM:    32       32      H        0.0710   -0.6510   -0.0110
  QMMM:    33       33      H        0.5940   -1.7040    1.3270
  QMMM:    34       34      H        4.0660   -4.1030   -2.3910
  QMMM:    35       35      H        3.2660   -3.0280   -3.5620
  QMMM:    36       36      H       -0.4010   -2.8410   -7.0900
  QMMM:    37       37      H       -1.5480   -4.1050   -7.5940
  QMMM:    38       38      H       -4.8730   -2.3280   -6.8240
  QMMM:    39       39      H       -5.4280   -2.7050   -5.1750
  QMMM:    40       40      H       -0.8630   -1.9700   -2.7390
  QMMM:    41       41      H        0.2330   -2.7050   -3.9280

--------------------------------------------------------------------------------
  RESULTS
--------------------------------------------------------------------------------

      iter         sqm energy              rms gradient
      ----    -------------------    -----------------------
xmin    10     -188.2446 kcal/mol        1.4905 kcal/(mol*A)
xmin    20     -189.5568 kcal/mol        1.6545 kcal/(mol*A)
xmin    30     -190.6449 kcal/mol        0.5594 kcal/(mol*A)
xmin    40     -191.2786 kcal/mol        0.1786 kcal/(mol*A)
xmin    50     -191.6178 kcal/mol        0.5223 kcal/(mol*A)
xmin    60     -192.1073 kcal/mol        0.7198 kcal/(mol*A)
xmin    70     -192.6134 kcal/mol        0.2322 kcal/(mol*A)
xmin    80     -193.7925 kcal/mol        0.3996 kcal/(mol*A)
xmin    90     -194.5883 kcal/mol        0.5902 kcal/(mol*A)
xmin   100     -194.9278 kcal/mol        0.1387 kcal/(mol*A)
xmin   110     -194.9732 kcal/mol        0.0823 kcal/(mol*A)
xmin   120     -195.0058 kcal/mol        0.0758 kcal/(mol*A)
xmin   130     -195.0735 kcal/mol        0.1392 kcal/(mol*A)
xmin   140     -195.1323 kcal/mol        0.0454 kcal/(mol*A)
xmin   150     -195.1595 kcal/mol        0.0430 kcal/(mol*A)
xmin   160     -195.1646 kcal/mol        0.0773 kcal/(mol*A)
xmin   170     -195.1730 kcal/mol        0.1233 kcal/(mol*A)
xmin   180     -195.1958 kcal/mol        0.0482 kcal/(mol*A)
xmin   190     -195.2061 kcal/mol        0.0728 kcal/(mol*A)
xmin   200     -195.2142 kcal/mol        0.0194 kcal/(mol*A)
xmin   210     -195.2152 kcal/mol        0.0159 kcal/(mol*A)
xmin   220     -195.2160 kcal/mol        0.0224 kcal/(mol*A)
xmin   230     -195.2163 kcal/mol        0.0116 kcal/(mol*A)
xmin   240     -195.2183 kcal/mol        0.0251 kcal/(mol*A)
xmin   250     -195.2187 kcal/mol        0.0084 kcal/(mol*A)
xmin   260     -195.2195 kcal/mol        0.0044 kcal/(mol*A)
xmin   270     -195.2205 kcal/mol        0.0285 kcal/(mol*A)
xmin   280     -195.2294 kcal/mol        0.0772 kcal/(mol*A)
xmin   290     -195.3647 kcal/mol        0.2427 kcal/(mol*A)
xmin   300     -195.6109 kcal/mol        0.1013 kcal/(mol*A)
xmin   310     -195.6653 kcal/mol        0.0276 kcal/(mol*A)
xmin   320     -195.6689 kcal/mol        0.0167 kcal/(mol*A)
xmin   330     -195.6818 kcal/mol        0.0240 kcal/(mol*A)
xmin   340     -195.7132 kcal/mol        0.2052 kcal/(mol*A)
xmin   350     -195.7899 kcal/mol        0.1212 kcal/(mol*A)
xmin   360     -196.0210 kcal/mol        0.1103 kcal/(mol*A)
xmin   370     -196.2497 kcal/mol        0.0389 kcal/(mol*A)
xmin   380     -196.2558 kcal/mol        0.0360 kcal/(mol*A)
xmin   390     -196.2632 kcal/mol        0.0305 kcal/(mol*A)
xmin   400     -196.2652 kcal/mol        0.0102 kcal/(mol*A)
xmin   410     -196.2664 kcal/mol        0.0234 kcal/(mol*A)
xmin   420     -196.2680 kcal/mol        0.0200 kcal/(mol*A)
xmin   430     -196.2689 kcal/mol        0.0040 kcal/(mol*A)
xmin   440     -196.2690 kcal/mol        0.0058 kcal/(mol*A)
xmin   450     -196.2692 kcal/mol        0.0035 kcal/(mol*A)
xmin   460     -196.2693 kcal/mol        0.0027 kcal/(mol*A)
xmin   470     -196.2694 kcal/mol        0.0022 kcal/(mol*A)
xmin   480     -196.2694 kcal/mol        0.0027 kcal/(mol*A)
xmin   490     -196.2694 kcal/mol        0.0013 kcal/(mol*A)
xmin   500     -196.2694 kcal/mol        0.0009 kcal/(mol*A)
xmin   510     -196.2694 kcal/mol        0.0013 kcal/(mol*A)
  ... geometry converged !
 
 Final MO eigenvalues (eV):
 -40.0018  -39.8200  -39.4760  -39.3127  -32.7938  -32.7773  -32.4180  -32.3072
 -30.8700  -25.1420  -24.7695  -24.5912  -24.3100  -22.9692  -22.7650  -19.9031
 -19.8770  -19.5141  -19.4535  -19.2949  -18.7246  -17.5909  -17.5692  -17.3211
 -17.2884  -17.1039  -16.8789  -16.3111  -16.2724  -16.1106  -15.7163  -15.1737
 -14.7179  -14.6226  -14.4363  -14.2535  -13.8216  -13.6378  -13.6156  -13.5155
 -13.3562  -13.2381  -13.1234  -12.9334  -12.9117  -12.7673  -12.4876  -12.3795
 -12.2165  -12.0938  -11.5211  -11.2791  -10.6340  -10.5304  -10.2652  -10.1278
 -10.0089   -9.7938   -2.6618   -2.5917   -0.5540   -0.4164    0.4551    0.5458
   0.7854    0.9676    1.3135    1.5311    2.8931    2.9496    3.0836    3.1030
   3.1342    3.3623    3.3741    3.4121    3.5137    3.5179    3.5402    3.5940
   3.6475    3.6571    3.6732    3.7162    3.9074    3.9803    4.1563    4.2049
   4.2780    4.2787    4.3304    4.3891    4.4218    4.5465    4.5513    4.6267
   4.6784    4.8315

 Heat of formation   =       -196.26943004 kcal/mol  (       -8.51088114 eV)

 Total SCF energy    =     -86976.28698689 kcal/mol  (    -3771.57482273 eV)
 Electronic energy   =    -578373.59344733 kcal/mol  (   -25080.16102716 eV)
 Core-core repulsion =     491397.30646044 kcal/mol  (    21308.58620443 eV)
 
    Atomic Charges for Step       1 :
  Atom    Element       Mulliken Charge
     1      C                 -0.245
     2      C                 -0.233
     3      C                 -0.231
     4      C                 -0.214
     5      C                 -0.009
     6      C                 -0.012
     7      C                 -0.004
     8      C                 -0.014
     9      C                 -0.088
    10      O                 -0.634
    11      O                 -0.635
    12      O                 -0.661
    13      O                 -0.630
    14      P                  2.288
    15      P                  2.270
    16      S                 -1.073
    17      S                 -1.089
    18      S                 -0.524
    19      S                 -0.652
    20      H                  0.103
    21      H                  0.097
    22      H                  0.097
    23      H                  0.100
    24      H                  0.092
    25      H                  0.098
    26      H                  0.092
    27      H                  0.095
    28      H                  0.098
    29      H                  0.104
    30      H                  0.095
    31      H                  0.093
    32      H                  0.120
    33      H                  0.125
    34      H                  0.120
    35      H                  0.114
    36      H                  0.110
    37      H                  0.114
    38      H                  0.089
    39      H                  0.108
    40      H                  0.157
    41      H                  0.169
 Total Mulliken Charge =       0.000
 
                  X        Y        Z     TOTAL  
  QM DIPOLE    -0.057    5.191    0.203    5.195
 
 Final Structure

  QMMM: QM Region Cartesian Coordinates (*=link atom) 
  QMMM: QM_NO.   MM_NO.  ATOM         X         Y         Z
  QMMM:     1        1      C        0.4439    0.6616   -1.5575
  QMMM:     2        2      C        4.6956   -3.3573    0.4535
  QMMM:     3        3      C       -3.1856   -0.6398   -8.8352
  QMMM:     4        4      C       -5.0548   -1.9088   -3.4363
  QMMM:     5        5      C        1.2734    0.0106   -2.6399
  QMMM:     6        6      C        4.1163   -3.7353   -0.8899
  QMMM:     7        7      C       -1.9771   -1.0560   -8.0288
  QMMM:     8        8      C       -4.3551   -2.1309   -4.7533
  QMMM:     9        9      C        0.9939   -3.6139   -4.9138
  QMMM:    10       10      O        2.3404   -0.7390   -2.0654
  QMMM:    11       11      O        3.8020   -2.5454   -1.6103
  QMMM:    12       12      O       -2.3228   -1.0532   -6.6477
  QMMM:    13       13      O       -2.9524   -1.9958   -4.5294
  QMMM:    14       14      P        2.3032   -2.3252   -2.0995
  QMMM:    15       15      P       -2.0488   -2.3708   -5.7867
  QMMM:    16       16      S        0.9311   -3.2871   -1.2813
  QMMM:    17       17      S       -2.2626   -4.0151   -6.6489
  QMMM:    18       18      S        2.4473   -2.9130   -4.2150
  QMMM:    19       19      S       -0.0435   -2.1383   -5.0511
  QMMM:    20       20      H       -0.1803   -0.0867   -1.0120
  QMMM:    21       21      H        1.1037    1.1799   -0.8207
  QMMM:    22       22      H       -0.2328    1.4130   -2.0319
  QMMM:    23       23      H        5.5284   -2.6248    0.3249
  QMMM:    24       24      H        3.9195   -2.8996    1.1120
  QMMM:    25       25      H        5.0899   -4.2783    0.9470
  QMMM:    26       26      H       -3.9906   -1.4105   -8.7756
  QMMM:    27       27      H       -3.5912    0.3287   -8.4562
  QMMM:    28       28      H       -2.8820   -0.5170   -9.9028
  QMMM:    29       29      H       -4.7068   -2.6537   -2.6806
  QMMM:    30       30      H       -4.8372   -0.8856   -3.0468
  QMMM:    31       31      H       -6.1553   -2.0214   -3.5865
  QMMM:    32       32      H        1.7794    0.7974   -3.2704
  QMMM:    33       33      H        0.6542   -0.6604   -3.3049
  QMMM:    34       34      H        3.1850   -4.3617   -0.7740
  QMMM:    35       35      H        4.8840   -4.2824   -1.5074
  QMMM:    36       36      H       -1.1443   -0.3081   -8.1573
  QMMM:    37       37      H       -1.6296   -2.0875   -8.3234
  QMMM:    38       38      H       -4.6472   -1.3601   -5.5168
  QMMM:    39       39      H       -4.5430   -3.1664   -5.1544
  QMMM:    40       40      H        0.5004   -4.3830   -4.2834
  QMMM:    41       41      H        1.2616   -4.0082   -5.9173

           --------- Calculation Completed ----------

