            --------------------------------------------------------
                             AMBER SQM VERSION 19
 
                                     By
              Ross C. Walker, Michael F. Crowley, Scott Brozell,
                         Tim Giese, Andreas W. Goetz,
                        Tai-Sung Lee and David A. Case
 
            --------------------------------------------------------
 

--------------------------------------------------------------------------------
  QM CALCULATION INFO
--------------------------------------------------------------------------------

| QMMM: Citation for AMBER QMMM Run:
| QMMM: R.C. Walker, M.F. Crowley and D.A. Case, J. COMP. CHEM. 29:1019, 2008

QMMM: SINGLET STATE CALCULATION
QMMM: RHF CALCULATION, NO. OF DOUBLY OCCUPIED LEVELS = 28

| QMMM: *** Selected Hamiltonian *** 
| QMMM: AM1         

| QMMM: *** Parameter sets in use ***
| QMMM: C : M.J.S.DEWAR et al. JACS, 107, 3902, (1985)
| QMMM: Br: M.J.S.DEWAR et al. THEOCHEM, 180, 1, (1988)
| QMMM: H : M.J.S.DEWAR et al. JACS, 107, 3902, (1985)

| QMMM: *** SCF convergence criteria ***
| QMMM: Energy change                :  0.1D-09 kcal/mol
| QMMM: Error matrix |FP-PF|         :  0.1D+00 au
| QMMM: Density matrix change        :  0.5D-06
| QMMM: Maximum number of SCF cycles :     1000

| QMMM: *** Diagonalization Routine Information ***
| QMMM: Pseudo diagonalizations are allowed.
| QMMM: Auto diagonalization routine selection is in use.
| QMMM:
| QMMM: Timing diagonalization routines:
| QMMM:                              norbs =       53
| QMMM:    diag iterations used for timing =       15
| QMMM:
| QMMM:              Internal diag routine = 0.017565 seconds
| QMMM:                 Dspev diag routine = 0.015615 seconds
| QMMM:                Dspevd diag routine = 0.006223 seconds
| QMMM:                Dspevx diag routine = 0.033324 seconds
| QMMM:                 Dsyev diag routine = 0.005844 seconds
| QMMM:                Dsyevd diag routine = 0.004242 seconds
| QMMM:                Dsyevr diag routine = 0.005665 seconds
| QMMM:
| QMMM:                Pseudo diag routine = 0.001764 seconds
| QMMM:
| QMMM: Using dsyevd routine (diag_routine=6).

  QMMM: QM Region Cartesian Coordinates (*=link atom) 
  QMMM: QM_NO.   MM_NO.  ATOM         X         Y         Z
  QMMM:     1        1      C        0.5950   -1.0180   -2.9610
  QMMM:     2        2      C       -0.8350   -1.1670   -3.4590
  QMMM:     3        3      C       -1.7300   -1.8130   -2.4010
  QMMM:     4        4      C       -3.1850   -1.9730   -2.8510
  QMMM:     5        5      C       -4.0650   -2.6860   -1.8210
  QMMM:     6        6      C       -5.5000   -2.8390   -2.3300
  QMMM:     7        7      C       -6.3750   -3.5800   -1.3180
  QMMM:     8        8      C       -7.7870   -3.7640   -1.8470
  QMMM:     9        9      Br      -8.8810   -4.6590   -0.5090
  QMMM:    10       10      H        1.0290   -1.9940   -2.7180
  QMMM:    11       11      H        1.2180   -0.5510   -3.7300
  QMMM:    12       12      H        0.6340   -0.3910   -2.0640
  QMMM:    13       13      H       -0.8360   -1.7750   -4.3710
  QMMM:    14       14      H       -1.2160   -0.1750   -3.7270
  QMMM:    15       15      H       -1.3370   -2.8080   -2.1590
  QMMM:    16       16      H       -1.6940   -1.2260   -1.4760
  QMMM:    17       17      H       -3.6090   -0.9890   -3.0820
  QMMM:    18       18      H       -3.1920   -2.5470   -3.7860
  QMMM:    19       19      H       -4.0780   -2.1210   -0.8820
  QMMM:    20       20      H       -3.6460   -3.6750   -1.6010
  QMMM:    21       21      H       -5.9270   -1.8480   -2.5290
  QMMM:    22       22      H       -5.4960   -3.3860   -3.2810
  QMMM:    23       23      H       -6.3980   -3.0190   -0.3740
  QMMM:    24       24      H       -5.9280   -4.5570   -1.0930
  QMMM:    25       25      H       -8.2720   -2.8070   -2.0590
  QMMM:    26       26      H       -7.8100   -4.3920   -2.7410

--------------------------------------------------------------------------------
  RESULTS
--------------------------------------------------------------------------------

      iter         sqm energy              rms gradient
      ----    -------------------    -----------------------
xmin    10      -54.2900 kcal/mol        0.0414 kcal/(mol*A)
xmin    20      -54.2991 kcal/mol        0.0163 kcal/(mol*A)
xmin    30      -54.2996 kcal/mol        0.0221 kcal/(mol*A)
xmin    40      -54.2997 kcal/mol        0.0232 kcal/(mol*A)
xmin    50      -54.2998 kcal/mol        0.0010 kcal/(mol*A)
  ... geometry converged !
 
 Final MO eigenvalues (eV):
 -37.9269  -36.0530  -33.3851  -31.0578  -28.3887  -25.0201  -22.4762  -21.7855
 -21.4612  -17.1535  -16.2870  -15.4058  -15.1195  -15.0512  -14.4086  -13.9003
 -13.7340  -12.9355  -12.6855  -12.5884  -12.0962  -11.8526  -11.8149  -11.5041
 -11.4078  -11.2145  -10.7632  -10.6892    0.8265    3.3802    3.4217    3.6257
   3.8096    3.8477    3.9637    4.1353    4.1665    4.1834    4.3774    4.4497
   4.4978    4.5415    4.6637    4.7291    4.7370    4.8686    4.9569    4.9849
   5.0426    5.0920    5.1435    5.2110    5.2681

 Heat of formation   =        -54.29982215 kcal/mol  (       -2.35461698 eV)

 Total SCF energy    =     -37215.49705117 kcal/mol  (    -1613.78505057 eV)
 Electronic energy   =    -176983.52274686 kcal/mol  (    -7674.58144690 eV)
 Core-core repulsion =     139768.02569568 kcal/mol  (     6060.79639633 eV)
 
    Atomic Charges for Step       1 :
  Atom    Element       Mulliken Charge
     1      C                 -0.211
     2      C                 -0.159
     3      C                 -0.158
     4      C                 -0.158
     5      C                 -0.157
     6      C                 -0.159
     7      C                 -0.160
     8      C                 -0.215
     9      Br                -0.052
    10      H                  0.072
    11      H                  0.072
    12      H                  0.072
    13      H                  0.078
    14      H                  0.078
    15      H                  0.080
    16      H                  0.080
    17      H                  0.079
    18      H                  0.079
    19      H                  0.081
    20      H                  0.081
    21      H                  0.081
    22      H                  0.081
    23      H                  0.095
    24      H                  0.095
    25      H                  0.111
    26      H                  0.111
 Total Mulliken Charge =       0.000
 
                  X        Y        Z     TOTAL  
  QM DIPOLE     1.227    0.772   -1.000    1.761
 
 Final Structure

  QMMM: QM Region Cartesian Coordinates (*=link atom) 
  QMMM: QM_NO.   MM_NO.  ATOM         X         Y         Z
  QMMM:     1        1      C        0.5276   -1.0051   -2.9419
  QMMM:     2        2      C       -0.8894   -1.1676   -3.4277
  QMMM:     3        3      C       -1.7552   -1.8569   -2.3945
  QMMM:     4        4      C       -3.1774   -2.0178   -2.8866
  QMMM:     5        5      C       -4.0410   -2.7077   -1.8525
  QMMM:     6        6      C       -5.4632   -2.8679   -2.3455
  QMMM:     7        7      C       -6.3242   -3.5598   -1.3071
  QMMM:     8        8      C       -7.7362   -3.7112   -1.8133
  QMMM:     9        9      Br      -8.9069   -4.5837   -0.5553
  QMMM:    10       10      H        0.9856   -1.9996   -2.7214
  QMMM:    11       11      H        1.1480   -0.4955   -3.7181
  QMMM:    12       12      H        0.5569   -0.3922   -2.0087
  QMMM:    13       13      H       -0.8960   -1.7639   -4.3783
  QMMM:    14       14      H       -1.3236   -0.1609   -3.6672
  QMMM:    15       15      H       -1.3234   -2.8644   -2.1550
  QMMM:    16       16      H       -1.7509   -1.2613   -1.4437
  QMMM:    17       17      H       -3.6089   -1.0101   -3.1257
  QMMM:    18       18      H       -3.1812   -2.6129   -3.8378
  QMMM:    19       19      H       -4.0372   -2.1126   -0.9014
  QMMM:    20       20      H       -3.6097   -3.7156   -1.6138
  QMMM:    21       21      H       -5.8952   -1.8601   -2.5829
  QMMM:    22       22      H       -5.4673   -3.4632   -3.2964
  QMMM:    23       23      H       -6.3157   -2.9623   -0.3571
  QMMM:    24       24      H       -5.8878   -4.5666   -1.0714
  QMMM:    25       25      H       -8.1893   -2.7145   -2.0245
  QMMM:    26       26      H       -7.7591   -4.3269   -2.7425

           --------- Calculation Completed ----------

