            --------------------------------------------------------
                             AMBER SQM VERSION 19
 
                                     By
              Ross C. Walker, Michael F. Crowley, Scott Brozell,
                         Tim Giese, Andreas W. Goetz,
                        Tai-Sung Lee and David A. Case
 
            --------------------------------------------------------
 

--------------------------------------------------------------------------------
  QM CALCULATION INFO
--------------------------------------------------------------------------------

| QMMM: Citation for AMBER QMMM Run:
| QMMM: R.C. Walker, M.F. Crowley and D.A. Case, J. COMP. CHEM. 29:1019, 2008

QMMM: SINGLET STATE CALCULATION
QMMM: RHF CALCULATION, NO. OF DOUBLY OCCUPIED LEVELS = 16

| QMMM: *** Selected Hamiltonian *** 
| QMMM: AM1         

| QMMM: *** Parameter sets in use ***
| QMMM: C : M.J.S.DEWAR et al. JACS, 107, 3902, (1985)
| QMMM: N : M.J.S.DEWAR et al. JACS, 107, 3902, (1985)
| QMMM: H : M.J.S.DEWAR et al. JACS, 107, 3902, (1985)

| QMMM: *** SCF convergence criteria ***
| QMMM: Energy change                :  0.1D-09 kcal/mol
| QMMM: Error matrix |FP-PF|         :  0.1D+00 au
| QMMM: Density matrix change        :  0.5D-06
| QMMM: Maximum number of SCF cycles :     1000

| QMMM: *** Diagonalization Routine Information ***
| QMMM: Pseudo diagonalizations are allowed.
| QMMM: Auto diagonalization routine selection is in use.
| QMMM:
| QMMM: Timing diagonalization routines:
| QMMM:                              norbs =       31
| QMMM:    diag iterations used for timing =       20
| QMMM:
| QMMM:              Internal diag routine = 0.026652 seconds
| QMMM:                 Dspev diag routine = 0.008022 seconds
| QMMM:                Dspevd diag routine = 0.016584 seconds
| QMMM:                Dspevx diag routine = 0.016178 seconds
| QMMM:                 Dsyev diag routine = 0.003182 seconds
| QMMM:                Dsyevd diag routine = 0.003038 seconds
| QMMM:                Dsyevr diag routine = 0.004128 seconds
| QMMM:
| QMMM:                Pseudo diag routine = 0.000968 seconds
| QMMM:
| QMMM: Using dsyevd routine (diag_routine=6).

  QMMM: QM Region Cartesian Coordinates (*=link atom) 
  QMMM: QM_NO.   MM_NO.  ATOM         X         Y         Z
  QMMM:     1        1      C       -0.6400    0.2430    3.4650
  QMMM:     2        2      C        3.6760   -0.0440    1.1400
  QMMM:     3        3      C        0.0820    0.3850    2.1350
  QMMM:     4        4      C        2.1910    0.2440    0.9990
  QMMM:     5        5      N        1.5070    0.1160    2.2790
  QMMM:     6        6      H       -0.5400   -0.7720    3.8640
  QMMM:     7        7      H       -0.2450    0.9440    4.2080
  QMMM:     8        8      H       -1.7070    0.4520    3.3390
  QMMM:     9        9      H        4.1520    0.6580    1.8330
  QMMM:    10       10      H        3.8510   -1.0600    1.5080
  QMMM:    11       11      H        4.1720    0.0530    0.1690
  QMMM:    12       12      H       -0.0570    1.3970    1.7430
  QMMM:    13       13      H       -0.3440   -0.3110    1.4050
  QMMM:    14       14      H        1.7440   -0.4510    0.2810
  QMMM:    15       15      H        2.0430    1.2570    0.6110
  QMMM:    16       16      H        1.9070    0.7790    2.9410

--------------------------------------------------------------------------------
  RESULTS
--------------------------------------------------------------------------------

      iter         sqm energy              rms gradient
      ----    -------------------    -----------------------
xmin    10      -17.9901 kcal/mol        0.1000 kcal/(mol*A)
xmin    20      -18.0322 kcal/mol        0.0554 kcal/(mol*A)
xmin    30      -18.0381 kcal/mol        0.0096 kcal/(mol*A)
xmin    40      -18.0383 kcal/mol        0.0040 kcal/(mol*A)
  ... geometry converged !
 
 Final MO eigenvalues (eV):
 -37.6560  -32.7480  -28.9095  -22.9462  -22.6293  -16.7705  -16.1771  -15.2136
 -14.6834  -13.6613  -12.7319  -12.5525  -12.3841  -12.0873  -11.6288   -9.2895
   3.2272    3.9451    3.9476    4.2742    4.3252    4.4037    4.4211    4.7041
   4.8026    4.9079    5.0013    5.0427    5.0809    6.2476    6.4613

 Heat of formation   =        -18.03830518 kcal/mol  (       -0.78219961 eV)

 Total SCF energy    =     -20090.92040175 kcal/mol  (     -871.20768404 eV)
 Electronic energy   =     -79704.60289471 kcal/mol  (    -3456.25093858 eV)
 Core-core repulsion =      59613.68249295 kcal/mol  (     2585.04325454 eV)
 
    Atomic Charges for Step       1 :
  Atom    Element       Mulliken Charge
     1      C                 -0.216
     2      C                 -0.216
     3      C                 -0.073
     4      C                 -0.073
     5      N                 -0.305
     6      H                  0.087
     7      H                  0.070
     8      H                  0.077
     9      H                  0.070
    10      H                  0.087
    11      H                  0.077
    12      H                  0.044
    13      H                  0.087
    14      H                  0.087
    15      H                  0.044
    16      H                  0.150
 Total Mulliken Charge =       0.000
 
                  X        Y        Z     TOTAL  
  QM DIPOLE    -0.026    1.152   -0.191    1.168
 
 Final Structure

  QMMM: QM Region Cartesian Coordinates (*=link atom) 
  QMMM: QM_NO.   MM_NO.  ATOM         X         Y         Z
  QMMM:     1        1      C       -0.6476    0.3107    3.4795
  QMMM:     2        2      C        3.7011    0.0190    1.1433
  QMMM:     3        3      C        0.0735    0.3557    2.1427
  QMMM:     4        4      C        2.2008    0.2133    0.9999
  QMMM:     5        5      N        1.4699   -0.0230    2.2291
  QMMM:     6        6      H       -0.5845   -0.7062    3.9357
  QMMM:     7        7      H       -0.2126    1.0475    4.1969
  QMMM:     8        8      H       -1.7230    0.5637    3.3194
  QMMM:     9        9      H        4.1359    0.7553    1.8611
  QMMM:    10       10      H        3.9399   -1.0100    1.5044
  QMMM:    11       11      H        4.1822    0.1680    0.1470
  QMMM:    12       12      H       -0.0587    1.3902    1.7025
  QMMM:    13       13      H       -0.4218   -0.3675    1.4332
  QMMM:    14       14      H        1.8069   -0.5163    0.2356
  QMMM:    15       15      H        2.0148    1.2517    0.5892
  QMMM:    16       16      H        1.9152    0.4380    3.0005

           --------- Calculation Completed ----------

