            --------------------------------------------------------
                             AMBER SQM VERSION 19
 
                                     By
              Ross C. Walker, Michael F. Crowley, Scott Brozell,
                         Tim Giese, Andreas W. Goetz,
                        Tai-Sung Lee and David A. Case
 
            --------------------------------------------------------
 

--------------------------------------------------------------------------------
  QM CALCULATION INFO
--------------------------------------------------------------------------------

| QMMM: Citation for AMBER QMMM Run:
| QMMM: R.C. Walker, M.F. Crowley and D.A. Case, J. COMP. CHEM. 29:1019, 2008

QMMM: SINGLET STATE CALCULATION
QMMM: RHF CALCULATION, NO. OF DOUBLY OCCUPIED LEVELS = 21

| QMMM: *** Selected Hamiltonian *** 
| QMMM: AM1         

| QMMM: *** Parameter sets in use ***
| QMMM: C : M.J.S.DEWAR et al. JACS, 107, 3902, (1985)
| QMMM: N : M.J.S.DEWAR et al. JACS, 107, 3902, (1985)
| QMMM: O : M.J.S.DEWAR et al. JACS, 107, 3902, (1985)
| QMMM: Cl: M.J.S.DEWAR et al. THEOCHEM, 180, 1, (1988)

| QMMM: *** SCF convergence criteria ***
| QMMM: Energy change                :  0.1D-09 kcal/mol
| QMMM: Error matrix |FP-PF|         :  0.1D+00 au
| QMMM: Density matrix change        :  0.5D-06
| QMMM: Maximum number of SCF cycles :     1000

| QMMM: *** Diagonalization Routine Information ***
| QMMM: Pseudo diagonalizations are allowed.
| QMMM: Auto diagonalization routine selection is in use.
| QMMM:
| QMMM: Timing diagonalization routines:
| QMMM:                              norbs =       28
| QMMM:    diag iterations used for timing =       20
| QMMM:
| QMMM:              Internal diag routine = 0.033778 seconds
| QMMM:                 Dspev diag routine = 0.006227 seconds
| QMMM:                Dspevd diag routine = 0.001696 seconds
| QMMM:                Dspevx diag routine = 0.015174 seconds
| QMMM:                 Dsyev diag routine = 0.001812 seconds
| QMMM:                Dsyevd diag routine = 0.005810 seconds
| QMMM:                Dsyevr diag routine = 0.002228 seconds
| QMMM:
| QMMM:                Pseudo diag routine = 0.000228 seconds
| QMMM:
| QMMM: Using dspevd routine (diag_routine=3).

  QMMM: QM Region Cartesian Coordinates (*=link atom) 
  QMMM: QM_NO.   MM_NO.  ATOM         X         Y         Z
  QMMM:     1        1      C        1.4280   -0.1420    0.4900
  QMMM:     2        2      N       -0.0220    0.0040   -0.0070
  QMMM:     3        3      O       -0.4790   -0.9010   -0.7310
  QMMM:     4        4      O       -0.6800    1.0040    0.3260
  QMMM:     5        5      Cl       1.4820   -1.6290    1.4530
  QMMM:     6        6      Cl       2.4510   -0.2340   -0.9550
  QMMM:     7        7      Cl       1.8770    1.2600    1.4800

--------------------------------------------------------------------------------
  RESULTS
--------------------------------------------------------------------------------

      iter         sqm energy              rms gradient
      ----    -------------------    -----------------------
xmin    10      -10.8472 kcal/mol        0.0171 kcal/(mol*A)
xmin    20      -10.8472 kcal/mol        0.0031 kcal/(mol*A)
xmin    30      -10.8472 kcal/mol        0.0013 kcal/(mol*A)
xmin    40      -10.8472 kcal/mol        0.0021 kcal/(mol*A)
xmin    50      -10.8472 kcal/mol        0.0039 kcal/(mol*A)
xmin    60      -10.8472 kcal/mol        0.0032 kcal/(mol*A)
xmin    70      -10.8472 kcal/mol        0.0012 kcal/(mol*A)
xmin    80      -10.8472 kcal/mol        0.0078 kcal/(mol*A)
xmin    90      -10.8472 kcal/mol        0.0013 kcal/(mol*A)
xmin   100      -10.8472 kcal/mol        0.0024 kcal/(mol*A)
xmin   110      -10.8472 kcal/mol        0.0026 kcal/(mol*A)
xmin   120      -10.8472 kcal/mol        0.0066 kcal/(mol*A)
xmin   130      -10.8472 kcal/mol        0.0035 kcal/(mol*A)
xmin   140      -10.8472 kcal/mol        0.0023 kcal/(mol*A)
xmin   150      -10.8472 kcal/mol        0.0026 kcal/(mol*A)
xmin   160      -10.8472 kcal/mol        0.0024 kcal/(mol*A)
xmin   170      -10.8472 kcal/mol        0.0044 kcal/(mol*A)
xmin   180      -10.8472 kcal/mol        0.0047 kcal/(mol*A)
xmin   190      -10.8472 kcal/mol        0.0017 kcal/(mol*A)
xmin   200      -10.8472 kcal/mol        0.0022 kcal/(mol*A)
xmin   210      -10.8472 kcal/mol        0.0007 kcal/(mol*A)
xmin   220      -10.8472 kcal/mol        0.0015 kcal/(mol*A)
xmin   230      -10.8472 kcal/mol        0.0076 kcal/(mol*A)
xmin   240      -10.8472 kcal/mol        0.0021 kcal/(mol*A)
xmin   250      -10.8472 kcal/mol        0.0018 kcal/(mol*A)
xmin   260      -10.8472 kcal/mol        0.0054 kcal/(mol*A)
xmin   270      -10.8472 kcal/mol        0.0047 kcal/(mol*A)
xmin   280      -10.8472 kcal/mol        0.0020 kcal/(mol*A)
xmin   290      -10.8472 kcal/mol        0.0017 kcal/(mol*A)
xmin   300      -10.8472 kcal/mol        0.0017 kcal/(mol*A)
xmin   310      -10.8472 kcal/mol        0.0016 kcal/(mol*A)
xmin   320      -10.8472 kcal/mol        0.0016 kcal/(mol*A)
xmin   330      -10.8472 kcal/mol        0.0015 kcal/(mol*A)
xmin   340      -10.8472 kcal/mol        0.0015 kcal/(mol*A)
xmin   350      -10.8472 kcal/mol        0.0015 kcal/(mol*A)
xmin   360      -10.8472 kcal/mol        0.0014 kcal/(mol*A)
xmin   370      -10.8472 kcal/mol        0.0014 kcal/(mol*A)
xmin   380      -10.8472 kcal/mol        0.0015 kcal/(mol*A)
xmin   390      -10.8472 kcal/mol        0.0049 kcal/(mol*A)
xmin   400      -10.8472 kcal/mol        0.0011 kcal/(mol*A)
xmin   410      -10.8472 kcal/mol        0.0057 kcal/(mol*A)
xmin   420      -10.8472 kcal/mol        0.0028 kcal/(mol*A)
  ... geometry converged !
 
 Final MO eigenvalues (eV):
 -44.1202  -39.5208  -39.0017  -38.5847  -38.4648  -30.7449  -25.5825  -20.9600
 -20.5211  -19.9752  -17.8378  -17.5172  -14.5489  -13.7434  -13.7004  -13.2012
 -12.9738  -12.8668  -12.8478  -12.6969  -12.1409   -1.7353   -1.1197   -0.5721
  -0.4138    0.0201    4.2769    6.4026

 Heat of formation   =        -10.84721129 kcal/mol  (       -0.47037038 eV)

 Total SCF energy    =     -48283.62931136 kcal/mol  (    -2093.73528084 eV)
 Electronic energy   =    -143019.37078733 kcal/mol  (    -6201.78529931 eV)
 Core-core repulsion =      94735.74147597 kcal/mol  (     4108.05001847 eV)
 
    Atomic Charges for Step       1 :
  Atom    Element       Mulliken Charge
     1      C                 -0.018
     2      N                  0.513
     3      O                 -0.300
     4      O                 -0.295
     5      Cl                 0.030
     6      Cl                 0.030
     7      Cl                 0.040
 Total Mulliken Charge =      -0.000
 
                  X        Y        Z     TOTAL  
  QM DIPOLE     2.400   -0.148    0.875    2.559
 
 Final Structure

  QMMM: QM Region Cartesian Coordinates (*=link atom) 
  QMMM: QM_NO.   MM_NO.  ATOM         X         Y         Z
  QMMM:     1        1      C        1.4200   -0.1397    0.4877
  QMMM:     2        2      N       -0.0734    0.0134   -0.0219
  QMMM:     3        3      O       -0.5000   -0.8620   -0.7101
  QMMM:     4        4      O       -0.6925    0.9784    0.2996
  QMMM:     5        5      Cl       1.5318   -1.6163    1.4385
  QMMM:     6        6      Cl       2.4771   -0.2416   -0.9155
  QMMM:     7        7      Cl       1.8940    1.2299    1.4777

           --------- Calculation Completed ----------

