            --------------------------------------------------------
                             AMBER SQM VERSION 19
 
                                     By
              Ross C. Walker, Michael F. Crowley, Scott Brozell,
                         Tim Giese, Andreas W. Goetz,
                        Tai-Sung Lee and David A. Case
 
            --------------------------------------------------------
 

--------------------------------------------------------------------------------
  QM CALCULATION INFO
--------------------------------------------------------------------------------

| QMMM: Citation for AMBER QMMM Run:
| QMMM: R.C. Walker, M.F. Crowley and D.A. Case, J. COMP. CHEM. 29:1019, 2008

QMMM: SINGLET STATE CALCULATION
QMMM: RHF CALCULATION, NO. OF DOUBLY OCCUPIED LEVELS = 24

| QMMM: *** Selected Hamiltonian *** 
| QMMM: AM1         

| QMMM: *** Parameter sets in use ***
| QMMM: C : M.J.S.DEWAR et al. JACS, 107, 3902, (1985)
| QMMM: O : M.J.S.DEWAR et al. JACS, 107, 3902, (1985)
| QMMM: H : M.J.S.DEWAR et al. JACS, 107, 3902, (1985)

| QMMM: *** SCF convergence criteria ***
| QMMM: Energy change                :  0.1D-09 kcal/mol
| QMMM: Error matrix |FP-PF|         :  0.1D+00 au
| QMMM: Density matrix change        :  0.5D-06
| QMMM: Maximum number of SCF cycles :     1000

| QMMM: *** Diagonalization Routine Information ***
| QMMM: Pseudo diagonalizations are allowed.
| QMMM: Auto diagonalization routine selection is in use.
| QMMM:
| QMMM: Timing diagonalization routines:
| QMMM:                              norbs =       46
| QMMM:    diag iterations used for timing =       20
| QMMM:
| QMMM:              Internal diag routine = 0.017681 seconds
| QMMM:                 Dspev diag routine = 0.017099 seconds
| QMMM:                Dspevd diag routine = 0.006770 seconds
| QMMM:                Dspevx diag routine = 0.056276 seconds
| QMMM:                 Dsyev diag routine = 0.003635 seconds
| QMMM:                Dsyevd diag routine = 0.002972 seconds
| QMMM:                Dsyevr diag routine = 0.004411 seconds
| QMMM:
| QMMM:                Pseudo diag routine = 0.000908 seconds
| QMMM:
| QMMM: Using dsyevd routine (diag_routine=6).

  QMMM: QM Region Cartesian Coordinates (*=link atom) 
  QMMM: QM_NO.   MM_NO.  ATOM         X         Y         Z
  QMMM:     1        1      C        0.8180   -0.4390    0.5640
  QMMM:     2        2      C        0.7990   -0.4060    1.9590
  QMMM:     3        3      C        2.9370   -1.5970    0.6200
  QMMM:     4        4      C        1.8870   -1.0340   -0.1050
  QMMM:     5        5      C        2.9180   -1.5650    2.0140
  QMMM:     6        6      C        1.8500   -0.9690    2.6840
  QMMM:     7        7      C        1.9060   -1.0690   -1.5960
  QMMM:     8        8      C        4.0520   -2.1710    2.7740
  QMMM:     9        9      O        1.8160   -0.9290    4.0450
  QMMM:    10       10      H       -0.0050    0.0020    0.0080
  QMMM:    11       11      H       -0.0360    0.0590    2.4740
  QMMM:    12       12      H        3.7700   -2.0610    0.0970
  QMMM:    13       13      H        2.1010   -2.0880   -1.9520
  QMMM:    14       14      H        0.9490   -0.7310   -2.0150
  QMMM:    15       15      H        2.6820   -0.4050   -2.0000
  QMMM:    16       16      H        4.5550   -1.4080    3.3790
  QMMM:    17       17      H        3.7010   -2.9690    3.4400
  QMMM:    18       18      H        4.7880   -2.6210    2.0960
  QMMM:    19       19      H        1.1580   -0.2660    4.3230

--------------------------------------------------------------------------------
  RESULTS
--------------------------------------------------------------------------------

      iter         sqm energy              rms gradient
      ----    -------------------    -----------------------
xmin    10      -36.6185 kcal/mol        0.1674 kcal/(mol*A)
xmin    20      -36.6556 kcal/mol        0.0508 kcal/(mol*A)
xmin    30      -36.6567 kcal/mol        0.0138 kcal/(mol*A)
xmin    40      -36.6568 kcal/mol        0.0047 kcal/(mol*A)
xmin    50      -36.6568 kcal/mol        0.0037 kcal/(mol*A)
xmin    60      -36.6568 kcal/mol        0.0144 kcal/(mol*A)
xmin    70      -36.6569 kcal/mol        0.0226 kcal/(mol*A)
xmin    80      -36.6569 kcal/mol        0.0185 kcal/(mol*A)
xmin    90      -36.6569 kcal/mol        0.0095 kcal/(mol*A)
xmin   100      -36.6570 kcal/mol        0.0025 kcal/(mol*A)
xmin   110      -36.6570 kcal/mol        0.0154 kcal/(mol*A)
xmin   120      -36.6570 kcal/mol        0.0055 kcal/(mol*A)
xmin   130      -36.6571 kcal/mol        0.0216 kcal/(mol*A)
xmin   140      -36.6571 kcal/mol        0.0157 kcal/(mol*A)
xmin   150      -36.6572 kcal/mol        0.0104 kcal/(mol*A)
xmin   160      -36.6572 kcal/mol        0.0135 kcal/(mol*A)
xmin   170      -36.6572 kcal/mol        0.0030 kcal/(mol*A)
xmin   180      -36.6573 kcal/mol        0.0060 kcal/(mol*A)
xmin   190      -36.6573 kcal/mol        0.0046 kcal/(mol*A)
xmin   200      -36.6573 kcal/mol        0.0158 kcal/(mol*A)
xmin   210      -36.6574 kcal/mol        0.0022 kcal/(mol*A)
xmin   220      -36.6574 kcal/mol        0.0140 kcal/(mol*A)
xmin   230      -36.6574 kcal/mol        0.0070 kcal/(mol*A)
xmin   240      -36.6575 kcal/mol        0.0087 kcal/(mol*A)
xmin   250      -36.6575 kcal/mol        0.0087 kcal/(mol*A)
xmin   260      -36.6576 kcal/mol        0.0109 kcal/(mol*A)
xmin   270      -36.6576 kcal/mol        0.0122 kcal/(mol*A)
xmin   280      -36.6576 kcal/mol        0.0105 kcal/(mol*A)
xmin   290      -36.6577 kcal/mol        0.0173 kcal/(mol*A)
xmin   300      -36.6577 kcal/mol        0.0066 kcal/(mol*A)
xmin   310      -36.6577 kcal/mol        0.0033 kcal/(mol*A)
xmin   320      -36.6577 kcal/mol        0.0032 kcal/(mol*A)
xmin   330      -36.6578 kcal/mol        0.0038 kcal/(mol*A)
xmin   340      -36.6578 kcal/mol        0.0020 kcal/(mol*A)
xmin   350      -36.6578 kcal/mol        0.0069 kcal/(mol*A)
xmin   360      -36.6579 kcal/mol        0.0031 kcal/(mol*A)
xmin   370      -36.6579 kcal/mol        0.0122 kcal/(mol*A)
xmin   380      -36.6579 kcal/mol        0.0052 kcal/(mol*A)
xmin   390      -36.6580 kcal/mol        0.0060 kcal/(mol*A)
xmin   400      -36.6580 kcal/mol        0.0089 kcal/(mol*A)
xmin   410      -36.6580 kcal/mol        0.0191 kcal/(mol*A)
xmin   420      -36.6581 kcal/mol        0.0062 kcal/(mol*A)
xmin   430      -36.6581 kcal/mol        0.0045 kcal/(mol*A)
xmin   440      -36.6581 kcal/mol        0.0079 kcal/(mol*A)
xmin   450      -36.6581 kcal/mol        0.0033 kcal/(mol*A)
xmin   460      -36.6582 kcal/mol        0.0017 kcal/(mol*A)
xmin   470      -36.6582 kcal/mol        0.0030 kcal/(mol*A)
xmin   480      -36.6582 kcal/mol        0.0039 kcal/(mol*A)
xmin   490      -36.6582 kcal/mol        0.0058 kcal/(mol*A)
xmin   500      -36.6583 kcal/mol        0.0035 kcal/(mol*A)
xmin   510      -36.6583 kcal/mol        0.0083 kcal/(mol*A)
xmin   520      -36.6583 kcal/mol        0.0082 kcal/(mol*A)
xmin   530      -36.6583 kcal/mol        0.0116 kcal/(mol*A)
xmin   540      -36.6583 kcal/mol        0.0038 kcal/(mol*A)
xmin   550      -36.6584 kcal/mol        0.0025 kcal/(mol*A)
xmin   560      -36.6584 kcal/mol        0.0123 kcal/(mol*A)
xmin   570      -36.6584 kcal/mol        0.0099 kcal/(mol*A)
xmin   580      -36.6584 kcal/mol        0.0020 kcal/(mol*A)
xmin   590      -36.6584 kcal/mol        0.0031 kcal/(mol*A)
xmin   600      -36.6584 kcal/mol        0.0065 kcal/(mol*A)
xmin   610      -36.6584 kcal/mol        0.0058 kcal/(mol*A)
xmin   620      -36.6584 kcal/mol        0.0099 kcal/(mol*A)
xmin   630      -36.6585 kcal/mol        0.0017 kcal/(mol*A)
xmin   640      -36.6585 kcal/mol        0.0025 kcal/(mol*A)
xmin   650      -36.6585 kcal/mol        0.0039 kcal/(mol*A)
xmin   660      -36.6585 kcal/mol        0.0012 kcal/(mol*A)
xmin   670      -36.6585 kcal/mol        0.0032 kcal/(mol*A)
xmin   680      -36.6585 kcal/mol        0.0021 kcal/(mol*A)
xmin   690      -36.6585 kcal/mol        0.0028 kcal/(mol*A)
xmin   700      -36.6585 kcal/mol        0.0066 kcal/(mol*A)
xmin   710      -36.6585 kcal/mol        0.0029 kcal/(mol*A)
xmin   720      -36.6585 kcal/mol        0.0012 kcal/(mol*A)
xmin   730      -36.6585 kcal/mol        0.0031 kcal/(mol*A)
xmin   740      -36.6585 kcal/mol        0.0061 kcal/(mol*A)
xmin   750      -36.6585 kcal/mol        0.0032 kcal/(mol*A)
xmin   760      -36.6585 kcal/mol        0.0025 kcal/(mol*A)
xmin   770      -36.6585 kcal/mol        0.0062 kcal/(mol*A)
xmin   780      -36.6586 kcal/mol        0.0089 kcal/(mol*A)
xmin   790      -36.6586 kcal/mol        0.0032 kcal/(mol*A)
xmin   800      -36.6586 kcal/mol        0.0032 kcal/(mol*A)
xmin   810      -36.6586 kcal/mol        0.0037 kcal/(mol*A)
xmin   820      -36.6586 kcal/mol        0.0023 kcal/(mol*A)
xmin   830      -36.6586 kcal/mol        0.0012 kcal/(mol*A)
xmin   840      -36.6586 kcal/mol        0.0019 kcal/(mol*A)
xmin   850      -36.6586 kcal/mol        0.0027 kcal/(mol*A)
xmin   860      -36.6586 kcal/mol        0.0033 kcal/(mol*A)
  ... geometry converged !
 
 Final MO eigenvalues (eV):
 -40.3785  -37.6839  -33.7699  -32.1873  -27.8144  -26.6736  -23.3004  -21.3033
 -18.8925  -17.1535  -15.9951  -15.3627  -15.1492  -14.3557  -14.1912  -14.0596
 -13.5068  -13.3048  -12.7059  -12.1940  -11.8828  -11.8276   -9.5637   -8.7644
   0.4524    0.4975    2.7706    3.0891    3.7531    3.8493    4.0633    4.1908
   4.2753    4.5543    4.6100    4.6357    4.7242    4.7585    4.8885    4.9615
   5.2892    5.3867    5.5143    5.7435    5.9415    6.3738

 Heat of formation   =        -36.65858722 kcal/mol  (       -1.58963563 eV)

 Total SCF energy    =     -34191.12285188 kcal/mol  (    -1482.63834404 eV)
 Electronic energy   =    -157504.92322959 kcal/mol  (    -6829.92598888 eV)
 Core-core repulsion =     123313.80037771 kcal/mol  (     5347.28764484 eV)
 
    Atomic Charges for Step       1 :
  Atom    Element       Mulliken Charge
     1      C                 -0.097
     2      C                 -0.206
     3      C                 -0.101
     4      C                 -0.100
     5      C                 -0.088
     6      C                  0.070
     7      C                 -0.173
     8      C                 -0.167
     9      O                 -0.252
    10      H                  0.132
    11      H                  0.132
    12      H                  0.134
    13      H                  0.082
    14      H                  0.080
    15      H                  0.083
    16      H                  0.091
    17      H                  0.091
    18      H                  0.076
    19      H                  0.216
 Total Mulliken Charge =      -0.000
 
                  X        Y        Z     TOTAL  
  QM DIPOLE    -0.772    0.467   -0.502    1.033
 
 Final Structure

  QMMM: QM Region Cartesian Coordinates (*=link atom) 
  QMMM: QM_NO.   MM_NO.  ATOM         X         Y         Z
  QMMM:     1        1      C        0.8301   -0.3975    0.5558
  QMMM:     2        2      C        0.8197   -0.3440    1.9471
  QMMM:     3        3      C        2.9192   -1.6103    0.6107
  QMMM:     4        4      C        1.8772   -1.0285   -0.1222
  QMMM:     5        5      C        2.9353   -1.5721    2.0047
  QMMM:     6        6      C        1.8685   -0.9288    2.6673
  QMMM:     7        7      C        1.8976   -1.0745   -1.6023
  QMMM:     8        8      C        4.0325   -2.1843    2.7850
  QMMM:     9        9      O        1.9169   -0.9103    4.0442
  QMMM:    10       10      H        0.0063    0.0607   -0.0116
  QMMM:    11       11      H       -0.0050    0.1526    2.4773
  QMMM:    12       12      H        3.7428   -2.1090    0.0762
  QMMM:    13       13      H        2.2736   -2.0637   -1.9633
  QMMM:    14       14      H        0.8763   -0.9097   -2.0253
  QMMM:    15       15      H        2.5747   -0.2774   -2.0012
  QMMM:    16       16      H        4.5318   -1.4070    3.4167
  QMMM:    17       17      H        3.6224   -2.9679    3.4710
  QMMM:    18       18      H        4.7959   -2.6523    2.1177
  QMMM:    19       19      H        1.1305   -0.4429    4.3612

           --------- Calculation Completed ----------

