            --------------------------------------------------------
                             AMBER SQM VERSION 19
 
                                     By
              Ross C. Walker, Michael F. Crowley, Scott Brozell,
                         Tim Giese, Andreas W. Goetz,
                        Tai-Sung Lee and David A. Case
 
            --------------------------------------------------------
 

--------------------------------------------------------------------------------
  QM CALCULATION INFO
--------------------------------------------------------------------------------

| QMMM: Citation for AMBER QMMM Run:
| QMMM: R.C. Walker, M.F. Crowley and D.A. Case, J. COMP. CHEM. 29:1019, 2008

QMMM: SINGLET STATE CALCULATION
QMMM: RHF CALCULATION, NO. OF DOUBLY OCCUPIED LEVELS = 10

| QMMM: *** Selected Hamiltonian *** 
| QMMM: AM1         

| QMMM: *** Parameter sets in use ***
| QMMM: C : M.J.S.DEWAR et al. JACS, 107, 3902, (1985)
| QMMM: S : M.J.S.DEWAR et al. INORG. CHEM., 29, 3881, (1990)
| QMMM: H : M.J.S.DEWAR et al. JACS, 107, 3902, (1985)

| QMMM: *** SCF convergence criteria ***
| QMMM: Energy change                :  0.1D-09 kcal/mol
| QMMM: Error matrix |FP-PF|         :  0.1D+00 au
| QMMM: Density matrix change        :  0.5D-06
| QMMM: Maximum number of SCF cycles :     1000

| QMMM: *** Diagonalization Routine Information ***
| QMMM: Pseudo diagonalizations are allowed.
| QMMM: Auto diagonalization routine selection is in use.
| QMMM:
| QMMM: Timing diagonalization routines:
| QMMM:                              norbs =       18
| QMMM:    diag iterations used for timing =       20
| QMMM:
| QMMM:              Internal diag routine = 0.000526 seconds
| QMMM:                 Dspev diag routine = 0.000863 seconds
| QMMM:                Dspevd diag routine = 0.000763 seconds
| QMMM:                Dspevx diag routine = 0.032484 seconds
| QMMM:                 Dsyev diag routine = 0.000991 seconds
| QMMM:                Dsyevd diag routine = 0.000990 seconds
| QMMM:                Dsyevr diag routine = 0.001469 seconds
| QMMM:
| QMMM:                Pseudo diag routine = 0.000145 seconds
| QMMM:
| QMMM: Using internal diagonalization routine (diag_routine=1).

  QMMM: QM Region Cartesian Coordinates (*=link atom) 
  QMMM: QM_NO.   MM_NO.  ATOM         X         Y         Z
  QMMM:     1        1      C        0.9860   -0.3290    0.3400
  QMMM:     2        2      C        2.8850   -0.4870    2.3100
  QMMM:     3        3      S        1.2240    0.1820    2.0580
  QMMM:     4        4      H        1.9250   -0.2330   -0.2100
  QMMM:     5        5      H        0.2300    0.3020   -0.1330
  QMMM:     6        6      H        0.6550   -1.3700    0.3050
  QMMM:     7        7      H        3.6330    0.2750    2.0740
  QMMM:     8        8      H        3.0400   -1.3510    1.6600
  QMMM:     9        9      H        3.0070   -0.7960    3.3510

--------------------------------------------------------------------------------
  RESULTS
--------------------------------------------------------------------------------

      iter         sqm energy              rms gradient
      ----    -------------------    -----------------------
xmin    10       -9.0412 kcal/mol        0.9363 kcal/(mol*A)
xmin    20       -9.3099 kcal/mol        0.4858 kcal/(mol*A)
xmin    30       -9.3811 kcal/mol        0.1887 kcal/(mol*A)
xmin    40       -9.3860 kcal/mol        0.0233 kcal/(mol*A)
xmin    50       -9.3869 kcal/mol        0.0163 kcal/(mol*A)
xmin    60       -9.3872 kcal/mol        0.0105 kcal/(mol*A)
xmin    70       -9.3873 kcal/mol        0.0058 kcal/(mol*A)
xmin    80       -9.3873 kcal/mol        0.0008 kcal/(mol*A)
xmin    90       -9.3873 kcal/mol        0.0007 kcal/(mol*A)
  ... geometry converged !
 
 Final MO eigenvalues (eV):
 -30.5159  -29.1939  -17.2479  -15.1151  -14.9418  -14.7958  -13.7268  -12.6487
 -11.0289   -8.4809    0.9344    1.6924    3.9493    3.9734    4.0395    4.0850
   4.5883    4.6162

 Heat of formation   =         -9.38728995 kcal/mol  (       -0.40706344 eV)

 Total SCF energy    =     -12300.85946187 kcal/mol  (     -533.40529300 eV)
 Electronic energy   =     -35925.80759571 kcal/mol  (    -1557.85991916 eV)
 Core-core repulsion =      23624.94813384 kcal/mol  (     1024.45462616 eV)
 
    Atomic Charges for Step       1 :
  Atom    Element       Mulliken Charge
     1      C                 -0.345
     2      C                 -0.345
     3      S                  0.083
     4      H                  0.093
     5      H                  0.117
     6      H                  0.093
     7      H                  0.093
     8      H                  0.093
     9      H                  0.117
 Total Mulliken Charge =      -0.000
 
                  X        Y        Z     TOTAL  
  QM DIPOLE     0.990   -0.668   -1.023    1.573
 
 Final Structure

  QMMM: QM Region Cartesian Coordinates (*=link atom) 
  QMMM: QM_NO.   MM_NO.  ATOM         X         Y         Z
  QMMM:     1        1      C        1.0301   -0.2195    0.3172
  QMMM:     2        2      C        2.8465   -0.6055    2.3272
  QMMM:     3        3      S        1.2497    0.0519    2.0336
  QMMM:     4        4      H        1.7949    0.3141   -0.2898
  QMMM:     5        5      H        0.0213    0.1816    0.0646
  QMMM:     6        6      H        1.0654   -1.3012    0.0590
  QMMM:     7        7      H        3.6292   -0.0754    1.7404
  QMMM:     8        8      H        2.9000   -1.6910    2.0886
  QMMM:     9        9      H        3.0479   -0.4621    3.4141

           --------- Calculation Completed ----------

