            --------------------------------------------------------
                             AMBER SQM VERSION 19
 
                                     By
              Ross C. Walker, Michael F. Crowley, Scott Brozell,
                         Tim Giese, Andreas W. Goetz,
                        Tai-Sung Lee and David A. Case
 
            --------------------------------------------------------
 

--------------------------------------------------------------------------------
  QM CALCULATION INFO
--------------------------------------------------------------------------------

| QMMM: Citation for AMBER QMMM Run:
| QMMM: R.C. Walker, M.F. Crowley and D.A. Case, J. COMP. CHEM. 29:1019, 2008

QMMM: SINGLET STATE CALCULATION
QMMM: RHF CALCULATION, NO. OF DOUBLY OCCUPIED LEVELS = 30

| QMMM: *** Selected Hamiltonian *** 
| QMMM: AM1         

| QMMM: *** Parameter sets in use ***
| QMMM: C : M.J.S.DEWAR et al. JACS, 107, 3902, (1985)
| QMMM: H : M.J.S.DEWAR et al. JACS, 107, 3902, (1985)

| QMMM: *** SCF convergence criteria ***
| QMMM: Energy change                :  0.1D-09 kcal/mol
| QMMM: Error matrix |FP-PF|         :  0.1D+00 au
| QMMM: Density matrix change        :  0.5D-06
| QMMM: Maximum number of SCF cycles :     1000

| QMMM: *** Diagonalization Routine Information ***
| QMMM: Pseudo diagonalizations are allowed.
| QMMM: Auto diagonalization routine selection is in use.
| QMMM:
| QMMM: Timing diagonalization routines:
| QMMM:                              norbs =       60
| QMMM:    diag iterations used for timing =       15
| QMMM:
| QMMM:              Internal diag routine = 0.033156 seconds
| QMMM:                 Dspev diag routine = 0.067616 seconds
| QMMM:                Dspevd diag routine = 0.007103 seconds
| QMMM:                Dspevx diag routine = 0.028876 seconds
| QMMM:                 Dsyev diag routine = 0.007794 seconds
| QMMM:                Dsyevd diag routine = 0.005463 seconds
| QMMM:                Dsyevr diag routine = 0.007086 seconds
| QMMM:
| QMMM:                Pseudo diag routine = 0.002536 seconds
| QMMM:
| QMMM: Using dsyevd routine (diag_routine=6).

  QMMM: QM Region Cartesian Coordinates (*=link atom) 
  QMMM: QM_NO.   MM_NO.  ATOM         X         Y         Z
  QMMM:     1        1      C        0.3470   -1.0290    0.0270
  QMMM:     2        2      C       -0.5380   -2.0540    0.3450
  QMMM:     3        3      C        1.6820   -1.3210   -0.2570
  QMMM:     4        4      C       -0.0920   -3.3760    0.3810
  QMMM:     5        5      C        3.4870   -2.9580   -0.5090
  QMMM:     6        6      C        3.0470   -5.3050   -0.1550
  QMMM:     7        7      C        2.1480   -2.6450   -0.2260
  QMMM:     8        8      C        1.2470   -3.6880    0.0980
  QMMM:     9        9      C        3.9330   -4.2790   -0.4730
  QMMM:    10       10      C        1.7130   -5.0130    0.1290
  QMMM:    11       11      C        5.3590   -4.5930   -0.7770
  QMMM:    12       12      C        0.8140   -6.1630    0.4640
  QMMM:    13       13      H       -0.0000   -0.0000   -0.0010
  QMMM:    14       14      H       -1.5770   -1.8260    0.5660
  QMMM:    15       15      H        2.3560   -0.5030   -0.5030
  QMMM:    16       16      H       -0.8140   -4.1490    0.6330
  QMMM:    17       17      H        4.1900   -2.1650   -0.7600
  QMMM:    18       18      H        3.3980   -6.3340   -0.1290
  QMMM:    19       19      H        5.9850   -4.4200    0.1070
  QMMM:    20       20      H        5.4790   -5.6380   -1.0900
  QMMM:    21       21      H        5.7370   -3.9710   -1.5990
  QMMM:    22       22      H        1.1580   -6.6540    1.3790
  QMMM:    23       23      H       -0.2170   -5.8240    0.6110
  QMMM:    24       24      H        0.7990   -6.8980   -0.3480

--------------------------------------------------------------------------------
  RESULTS
--------------------------------------------------------------------------------

      iter         sqm energy              rms gradient
      ----    -------------------    -----------------------
xmin    10       27.5462 kcal/mol        0.3238 kcal/(mol*A)
xmin    20       27.8403 kcal/mol        3.7150 kcal/(mol*A)
xmin    30       27.3941 kcal/mol        0.5601 kcal/(mol*A)
xmin    40       27.0028 kcal/mol        1.5260 kcal/(mol*A)
xmin    50       26.4695 kcal/mol        0.7116 kcal/(mol*A)
xmin    60       26.2239 kcal/mol        0.3515 kcal/(mol*A)
xmin    70       26.1671 kcal/mol        0.3780 kcal/(mol*A)
xmin    80       26.1516 kcal/mol        0.0870 kcal/(mol*A)
xmin    90       26.1468 kcal/mol        0.0222 kcal/(mol*A)
xmin   100       26.1427 kcal/mol        0.1218 kcal/(mol*A)
xmin   110       26.1372 kcal/mol        0.0567 kcal/(mol*A)
xmin   120       26.1327 kcal/mol        0.0680 kcal/(mol*A)
xmin   130       26.1297 kcal/mol        0.0784 kcal/(mol*A)
xmin   140       26.1275 kcal/mol        0.0929 kcal/(mol*A)
xmin   150       26.1260 kcal/mol        0.0308 kcal/(mol*A)
xmin   160       26.1249 kcal/mol        0.0302 kcal/(mol*A)
xmin   170       26.1235 kcal/mol        0.0600 kcal/(mol*A)
xmin   180       26.1224 kcal/mol        0.0412 kcal/(mol*A)
xmin   190       26.1218 kcal/mol        0.1333 kcal/(mol*A)
xmin   200       26.1212 kcal/mol        0.0285 kcal/(mol*A)
xmin   210       26.1209 kcal/mol        0.0229 kcal/(mol*A)
xmin   220       26.1208 kcal/mol        0.0095 kcal/(mol*A)
xmin   230       26.1207 kcal/mol        0.0050 kcal/(mol*A)
xmin   240       26.1206 kcal/mol        0.0138 kcal/(mol*A)
xmin   250       26.1206 kcal/mol        0.0073 kcal/(mol*A)
xmin   260       26.1206 kcal/mol        0.0132 kcal/(mol*A)
xmin   270       26.1205 kcal/mol        0.0030 kcal/(mol*A)
xmin   280       26.1205 kcal/mol        0.0052 kcal/(mol*A)
xmin   290       26.1205 kcal/mol        0.0010 kcal/(mol*A)
xmin   300       26.1205 kcal/mol        0.0015 kcal/(mol*A)
xmin   310       26.1205 kcal/mol        0.0012 kcal/(mol*A)
  ... geometry converged !
 
 Final MO eigenvalues (eV):
 -40.6424  -37.2370  -34.6809  -32.1271  -30.5766  -28.0496  -27.0908  -23.7731
 -22.6650  -21.2252  -18.1451  -17.5661  -16.5585  -15.3057  -14.9724  -14.9500
 -14.3324  -14.1444  -14.0534  -13.5116  -13.3262  -13.1399  -12.8239  -12.3990
 -11.7500  -11.5082  -11.4678  -10.3608   -9.1677   -8.5149   -0.2358    0.2227
   1.2311    2.0946    3.2571    3.7158    3.8150    3.9238    4.0042    4.0454
   4.2413    4.2757    4.3494    4.4956    4.4967    4.5492    4.5599    4.6563
   4.7806    4.8210    4.9709    5.1752    5.2701    5.4042    5.4399    5.6567
   5.7725    5.8157    6.0490    6.2019

 Heat of formation   =         26.12049169 kcal/mol  (        1.13266952 eV)

 Total SCF energy    =     -39237.13585008 kcal/mol  (    -1701.44988726 eV)
 Electronic energy   =    -219122.71685425 kcal/mol  (    -9501.87402343 eV)
 Core-core repulsion =     179885.58100417 kcal/mol  (     7800.42413617 eV)
 
    Atomic Charges for Step       1 :
  Atom    Element       Mulliken Charge
     1      C                 -0.128
     2      C                 -0.131
     3      C                 -0.119
     4      C                 -0.117
     5      C                 -0.125
     6      C                 -0.130
     7      C                 -0.030
     8      C                 -0.036
     9      C                 -0.064
    10      C                 -0.054
    11      C                 -0.179
    12      C                 -0.181
    13      H                  0.131
    14      H                  0.131
    15      H                  0.131
    16      H                  0.132
    17      H                  0.132
    18      H                  0.131
    19      H                  0.085
    20      H                  0.085
    21      H                  0.081
    22      H                  0.086
    23      H                  0.086
    24      H                  0.081
 Total Mulliken Charge =      -0.000
 
                  X        Y        Z     TOTAL  
  QM DIPOLE     0.094   -0.340    0.016    0.353
 
 Final Structure

  QMMM: QM Region Cartesian Coordinates (*=link atom) 
  QMMM: QM_NO.   MM_NO.  ATOM         X         Y         Z
  QMMM:     1        1      C        0.3626   -1.0236    0.0448
  QMMM:     2        2      C       -0.5261   -2.0620    0.4107
  QMMM:     3        3      C        1.6661   -1.3125   -0.2744
  QMMM:     4        4      C       -0.0932   -3.3649    0.4496
  QMMM:     5        5      C        3.4878   -2.9604   -0.5712
  QMMM:     6        6      C        3.0478   -5.3024   -0.1706
  QMMM:     7        7      C        2.1401   -2.6532   -0.2422
  QMMM:     8        8      C        1.2510   -3.6962    0.1244
  QMMM:     9        9      C        3.9393   -4.2599   -0.5378
  QMMM:    10       10      C        1.7355   -5.0409    0.1543
  QMMM:    11       11      C        5.3394   -4.6049   -0.8763
  QMMM:    12       12      C        0.8239   -6.1464    0.5345
  QMMM:    13       13      H       -0.0057    0.0125    0.0204
  QMMM:    14       14      H       -1.5667   -1.8104    0.6631
  QMMM:    15       15      H        2.3671   -0.5140   -0.5606
  QMMM:    16       16      H       -0.7856   -4.1716    0.7345
  QMMM:    17       17      H        4.1616   -2.1372   -0.8530
  QMMM:    18       18      H        3.4311   -6.3343   -0.1508
  QMMM:    19       19      H        5.8364   -5.1006   -0.0051
  QMMM:    20       20      H        5.3640   -5.3139   -1.7415
  QMMM:    21       21      H        5.9289   -3.6955   -1.1484
  QMMM:    22       22      H        0.4285   -5.9863    1.5690
  QMMM:    23       23      H       -0.0437   -6.1951   -0.1704
  QMMM:    24       24      H        1.3508   -7.1320    0.5098

           --------- Calculation Completed ----------

