            --------------------------------------------------------
                             AMBER SQM VERSION 19
 
                                     By
              Ross C. Walker, Michael F. Crowley, Scott Brozell,
                         Tim Giese, Andreas W. Goetz,
                        Tai-Sung Lee and David A. Case
 
            --------------------------------------------------------
 

--------------------------------------------------------------------------------
  QM CALCULATION INFO
--------------------------------------------------------------------------------

| QMMM: Citation for AMBER QMMM Run:
| QMMM: R.C. Walker, M.F. Crowley and D.A. Case, J. COMP. CHEM. 29:1019, 2008

QMMM: SINGLET STATE CALCULATION
QMMM: RHF CALCULATION, NO. OF DOUBLY OCCUPIED LEVELS = 27

| QMMM: *** Selected Hamiltonian *** 
| QMMM: AM1         

| QMMM: *** Parameter sets in use ***
| QMMM: C : M.J.S.DEWAR et al. JACS, 107, 3902, (1985)
| QMMM: O : M.J.S.DEWAR et al. JACS, 107, 3902, (1985)
| QMMM: H : M.J.S.DEWAR et al. JACS, 107, 3902, (1985)

| QMMM: *** SCF convergence criteria ***
| QMMM: Energy change                :  0.1D-09 kcal/mol
| QMMM: Error matrix |FP-PF|         :  0.1D+00 au
| QMMM: Density matrix change        :  0.5D-06
| QMMM: Maximum number of SCF cycles :     1000

| QMMM: *** Diagonalization Routine Information ***
| QMMM: Pseudo diagonalizations are allowed.
| QMMM: Auto diagonalization routine selection is in use.
| QMMM:
| QMMM: Timing diagonalization routines:
| QMMM:                              norbs =       50
| QMMM:    diag iterations used for timing =       20
| QMMM:
| QMMM:              Internal diag routine = 0.030530 seconds
| QMMM:                 Dspev diag routine = 0.009462 seconds
| QMMM:                Dspevd diag routine = 0.008387 seconds
| QMMM:                Dspevx diag routine = 0.033766 seconds
| QMMM:                 Dsyev diag routine = 0.008284 seconds
| QMMM:                Dsyevd diag routine = 0.008320 seconds
| QMMM:                Dsyevr diag routine = 0.008837 seconds
| QMMM:
| QMMM:                Pseudo diag routine = 0.001126 seconds
| QMMM:
| QMMM: Using dsyev routine (diag_routine=5).

  QMMM: QM Region Cartesian Coordinates (*=link atom) 
  QMMM: QM_NO.   MM_NO.  ATOM         X         Y         Z
  QMMM:     1        1      C       -1.3190   -2.1660   -5.8600
  QMMM:     2        2      C       -0.8360   -1.5100   -7.1180
  QMMM:     3        3      C       -2.1890   -1.7200   -0.7220
  QMMM:     4        4      C       -0.2100   -3.2510   -0.7600
  QMMM:     5        5      C       -0.3810   -1.3240   -2.4190
  QMMM:     6        6      C       -1.1140   -2.0990   -3.5070
  QMMM:     7        7      C       -0.6860   -1.8170   -0.9950
  QMMM:     8        8      O       -2.1140   -3.0960   -5.8340
  QMMM:     9        9      O       -0.7410   -1.5710   -4.7730
  QMMM:    10       10      H        0.2470   -1.6260   -7.2050
  QMMM:    11       11      H       -1.1110   -0.4520   -7.1130
  QMMM:    12       12      H       -1.3090   -1.9880   -7.9810
  QMMM:    13       13      H       -2.4200   -2.0310    0.3020
  QMMM:    14       14      H       -2.7590   -2.3570   -1.4070
  QMMM:    15       15      H       -2.5410   -0.6900   -0.8440
  QMMM:    16       16      H       -0.6460   -3.9390   -1.4920
  QMMM:    17       17      H       -0.4950   -3.5960    0.2400
  QMMM:    18       18      H        0.8800   -3.3250   -0.8290
  QMMM:    19       19      H        0.6990   -1.3960   -2.6080
  QMMM:    20       20      H       -0.6210   -0.2570   -2.5130
  QMMM:    21       21      H       -0.8430   -3.1600   -3.4800
  QMMM:    22       22      H       -2.1980   -2.0030   -3.4060
  QMMM:    23       23      H       -0.1720   -1.1630   -0.2790

--------------------------------------------------------------------------------
  RESULTS
--------------------------------------------------------------------------------

      iter         sqm energy              rms gradient
      ----    -------------------    -----------------------
xmin    10     -119.3968 kcal/mol        0.5657 kcal/(mol*A)
xmin    20     -119.4197 kcal/mol        0.0496 kcal/(mol*A)
xmin    30     -119.4222 kcal/mol        0.0182 kcal/(mol*A)
xmin    40     -119.4229 kcal/mol        0.0085 kcal/(mol*A)
xmin    50     -119.4231 kcal/mol        0.0094 kcal/(mol*A)
xmin    60     -119.4232 kcal/mol        0.0126 kcal/(mol*A)
xmin    70     -119.4233 kcal/mol        0.0131 kcal/(mol*A)
xmin    80     -119.4233 kcal/mol        0.0053 kcal/(mol*A)
xmin    90     -119.4233 kcal/mol        0.0076 kcal/(mol*A)
xmin   100     -119.4234 kcal/mol        0.0074 kcal/(mol*A)
xmin   110     -119.4235 kcal/mol        0.0196 kcal/(mol*A)
xmin   120     -119.4235 kcal/mol        0.0126 kcal/(mol*A)
xmin   130     -119.4236 kcal/mol        0.0148 kcal/(mol*A)
xmin   140     -119.4237 kcal/mol        0.0049 kcal/(mol*A)
xmin   150     -119.4237 kcal/mol        0.0034 kcal/(mol*A)
xmin   160     -119.4239 kcal/mol        0.0101 kcal/(mol*A)
xmin   170     -119.4242 kcal/mol        0.0153 kcal/(mol*A)
xmin   180     -119.4243 kcal/mol        0.0044 kcal/(mol*A)
xmin   190     -119.4244 kcal/mol        0.0049 kcal/(mol*A)
xmin   200     -119.4245 kcal/mol        0.0357 kcal/(mol*A)
xmin   210     -119.4247 kcal/mol        0.0200 kcal/(mol*A)
xmin   220     -119.4249 kcal/mol        0.0049 kcal/(mol*A)
xmin   230     -119.4251 kcal/mol        0.0200 kcal/(mol*A)
xmin   240     -119.4254 kcal/mol        0.0092 kcal/(mol*A)
xmin   250     -119.4261 kcal/mol        0.0312 kcal/(mol*A)
xmin   260     -119.4273 kcal/mol        0.0382 kcal/(mol*A)
xmin   270     -119.4286 kcal/mol        0.0139 kcal/(mol*A)
xmin   280     -119.4301 kcal/mol        0.0172 kcal/(mol*A)
xmin   290     -119.4313 kcal/mol        0.0101 kcal/(mol*A)
xmin   300     -119.4339 kcal/mol        0.0451 kcal/(mol*A)
xmin   310     -119.4360 kcal/mol        0.0539 kcal/(mol*A)
xmin   320     -119.4382 kcal/mol        0.0619 kcal/(mol*A)
xmin   330     -119.4410 kcal/mol        0.1225 kcal/(mol*A)
xmin   340     -119.4434 kcal/mol        0.0363 kcal/(mol*A)
xmin   350     -119.4469 kcal/mol        0.0380 kcal/(mol*A)
xmin   360     -119.4504 kcal/mol        0.0768 kcal/(mol*A)
xmin   370     -119.4546 kcal/mol        0.0246 kcal/(mol*A)
xmin   380     -119.4579 kcal/mol        0.0333 kcal/(mol*A)
xmin   390     -119.4601 kcal/mol        0.0120 kcal/(mol*A)
xmin   400     -119.4620 kcal/mol        0.0318 kcal/(mol*A)
xmin   410     -119.4627 kcal/mol        0.0465 kcal/(mol*A)
xmin   420     -119.4638 kcal/mol        0.0217 kcal/(mol*A)
xmin   430     -119.4647 kcal/mol        0.0136 kcal/(mol*A)
xmin   440     -119.4657 kcal/mol        0.0099 kcal/(mol*A)
xmin   450     -119.4670 kcal/mol        0.0196 kcal/(mol*A)
xmin   460     -119.4676 kcal/mol        0.0164 kcal/(mol*A)
xmin   470     -119.4681 kcal/mol        0.0134 kcal/(mol*A)
xmin   480     -119.4687 kcal/mol        0.0115 kcal/(mol*A)
xmin   490     -119.4690 kcal/mol        0.0652 kcal/(mol*A)
xmin   500     -119.4694 kcal/mol        0.0110 kcal/(mol*A)
xmin   510     -119.4696 kcal/mol        0.0183 kcal/(mol*A)
xmin   520     -119.4700 kcal/mol        0.0098 kcal/(mol*A)
xmin   530     -119.4701 kcal/mol        0.0058 kcal/(mol*A)
xmin   540     -119.4702 kcal/mol        0.0093 kcal/(mol*A)
xmin   550     -119.4704 kcal/mol        0.0148 kcal/(mol*A)
xmin   560     -119.4705 kcal/mol        0.0043 kcal/(mol*A)
xmin   570     -119.4707 kcal/mol        0.0026 kcal/(mol*A)
xmin   580     -119.4709 kcal/mol        0.0038 kcal/(mol*A)
xmin   590     -119.4709 kcal/mol        0.0043 kcal/(mol*A)
xmin   600     -119.4710 kcal/mol        0.0022 kcal/(mol*A)
xmin   610     -119.4710 kcal/mol        0.0150 kcal/(mol*A)
xmin   620     -119.4711 kcal/mol        0.0068 kcal/(mol*A)
xmin   630     -119.4711 kcal/mol        0.0030 kcal/(mol*A)
xmin   640     -119.4712 kcal/mol        0.0097 kcal/(mol*A)
xmin   650     -119.4712 kcal/mol        0.0051 kcal/(mol*A)
xmin   660     -119.4712 kcal/mol        0.0057 kcal/(mol*A)
xmin   670     -119.4713 kcal/mol        0.0046 kcal/(mol*A)
xmin   680     -119.4713 kcal/mol        0.0029 kcal/(mol*A)
xmin   690     -119.4713 kcal/mol        0.0018 kcal/(mol*A)
xmin   700     -119.4713 kcal/mol        0.0059 kcal/(mol*A)
xmin   710     -119.4713 kcal/mol        0.0028 kcal/(mol*A)
xmin   720     -119.4713 kcal/mol        0.0022 kcal/(mol*A)
xmin   730     -119.4713 kcal/mol        0.0009 kcal/(mol*A)
xmin   740     -119.4714 kcal/mol        0.0017 kcal/(mol*A)
xmin   750     -119.4714 kcal/mol        0.0010 kcal/(mol*A)
xmin   760     -119.4714 kcal/mol        0.0011 kcal/(mol*A)
xmin   770     -119.4714 kcal/mol        0.0018 kcal/(mol*A)
xmin   780     -119.4714 kcal/mol        0.0007 kcal/(mol*A)
xmin   790     -119.4714 kcal/mol        0.0007 kcal/(mol*A)
xmin   800     -119.4714 kcal/mol        0.0042 kcal/(mol*A)
  ... geometry converged !
 
 Final MO eigenvalues (eV):
 -40.7497  -37.8387  -36.4246  -31.8257  -29.7576  -27.9015  -24.8118  -21.9394
 -20.1802  -18.4289  -17.3339  -16.9169  -15.6917  -15.4458  -14.9041  -14.2822
 -13.9087  -13.7651  -13.3056  -12.9220  -12.8712  -12.3643  -11.9170  -11.8987
 -11.4730  -11.1753  -11.1163    1.1714    2.0697    3.5343    3.6291    3.7222
   3.8449    3.9575    4.0757    4.1779    4.2722    4.2911    4.3741    4.4931
   4.5539    4.7339    4.7535    4.8502    4.9324    5.0563    5.1737    5.1888
   5.5932    6.8367

 Heat of formation   =       -119.47137749 kcal/mol  (       -5.18066769 eV)

 Total SCF energy    =     -39925.70265962 kcal/mol  (    -1731.30838470 eV)
 Electronic energy   =    -186675.58055737 kcal/mol  (    -8094.86061131 eV)
 Core-core repulsion =     146749.87789775 kcal/mol  (     6363.55222661 eV)
 
    Atomic Charges for Step       1 :
  Atom    Element       Mulliken Charge
     1      C                  0.303
     2      C                 -0.218
     3      C                 -0.212
     4      C                 -0.212
     5      C                 -0.160
     6      C                 -0.011
     7      C                 -0.104
     8      O                 -0.357
     9      O                 -0.284
    10      H                  0.116
    11      H                  0.113
    12      H                  0.116
    13      H                  0.075
    14      H                  0.077
    15      H                  0.075
    16      H                  0.077
    17      H                  0.075
    18      H                  0.075
    19      H                  0.092
    20      H                  0.092
    21      H                  0.093
    22      H                  0.093
    23      H                  0.087
 Total Mulliken Charge =       0.000
 
                  X        Y        Z     TOTAL  
  QM DIPOLE     1.004    1.485    0.100    1.795
 
 Final Structure

  QMMM: QM Region Cartesian Coordinates (*=link atom) 
  QMMM: QM_NO.   MM_NO.  ATOM         X         Y         Z
  QMMM:     1        1      C       -1.1889   -2.1823   -5.8814
  QMMM:     2        2      C       -0.7657   -1.4932   -7.1315
  QMMM:     3        3      C       -2.2568   -1.7684   -0.7078
  QMMM:     4        4      C       -0.2054   -3.1787   -0.7743
  QMMM:     5        5      C       -0.4778   -1.2987   -2.4206
  QMMM:     6        6      C       -1.1011   -2.1683   -3.4953
  QMMM:     7        7      C       -0.7748   -1.7970   -1.0155
  QMMM:     8        8      O       -1.8716   -3.2019   -5.7593
  QMMM:     9        9      O       -0.7355   -1.5641   -4.7497
  QMMM:    10       10      H       -0.1614   -2.2028   -7.7481
  QMMM:    11       11      H       -0.1563   -0.5861   -6.9029
  QMMM:    12       12      H       -1.6768   -1.1955   -7.7061
  QMMM:    13       13      H       -2.4279   -1.9931    0.3727
  QMMM:    14       14      H       -2.8044   -2.5301   -1.3137
  QMMM:    15       15      H       -2.6834   -0.7618   -0.9341
  QMMM:    16       16      H       -0.7489   -3.9447   -1.3785
  QMMM:    17       17      H       -0.3041   -3.4505    0.3045
  QMMM:    18       18      H        0.8756   -3.2096   -1.0519
  QMMM:    19       19      H        0.6327   -1.2668   -2.5764
  QMMM:    20       20      H       -0.8615   -0.2504   -2.5318
  QMMM:    21       21      H       -0.7046   -3.2165   -3.4724
  QMMM:    22       22      H       -2.2193   -2.1939   -3.4216
  QMMM:    23       23      H       -0.2609   -1.0826   -0.3073

           --------- Calculation Completed ----------

