            --------------------------------------------------------
                             AMBER SQM VERSION 19
 
                                     By
              Ross C. Walker, Michael F. Crowley, Scott Brozell,
                         Tim Giese, Andreas W. Goetz,
                        Tai-Sung Lee and David A. Case
 
            --------------------------------------------------------
 

--------------------------------------------------------------------------------
  QM CALCULATION INFO
--------------------------------------------------------------------------------

| QMMM: Citation for AMBER QMMM Run:
| QMMM: R.C. Walker, M.F. Crowley and D.A. Case, J. COMP. CHEM. 29:1019, 2008

QMMM: SINGLET STATE CALCULATION
QMMM: RHF CALCULATION, NO. OF DOUBLY OCCUPIED LEVELS = 53

| QMMM: *** Selected Hamiltonian *** 
| QMMM: AM1         

| QMMM: *** Parameter sets in use ***
| QMMM: C : M.J.S.DEWAR et al. JACS, 107, 3902, (1985)
| QMMM: Cl: M.J.S.DEWAR et al. THEOCHEM, 180, 1, (1988)
| QMMM: H : M.J.S.DEWAR et al. JACS, 107, 3902, (1985)

| QMMM: *** SCF convergence criteria ***
| QMMM: Energy change                :  0.1D-09 kcal/mol
| QMMM: Error matrix |FP-PF|         :  0.1D+00 au
| QMMM: Density matrix change        :  0.5D-06
| QMMM: Maximum number of SCF cycles :     1000

| QMMM: *** Diagonalization Routine Information ***
| QMMM: Pseudo diagonalizations are allowed.
| QMMM: Auto diagonalization routine selection is in use.
| QMMM:
| QMMM: Timing diagonalization routines:
| QMMM:                              norbs =       82
| QMMM:    diag iterations used for timing =       15
| QMMM:
| QMMM:              Internal diag routine = 0.046414 seconds
| QMMM:                 Dspev diag routine = 0.037180 seconds
| QMMM:                Dspevd diag routine = 0.020545 seconds
| QMMM:                Dspevx diag routine = 0.050982 seconds
| QMMM:                 Dsyev diag routine = 0.016429 seconds
| QMMM:                Dsyevd diag routine = 0.141470 seconds
| QMMM:                Dsyevr diag routine = 0.028825 seconds
| QMMM:
| QMMM:                Pseudo diag routine = 0.007609 seconds
| QMMM:
| QMMM: Using dsyev routine (diag_routine=5).

  QMMM: QM Region Cartesian Coordinates (*=link atom) 
  QMMM: QM_NO.   MM_NO.  ATOM         X         Y         Z
  QMMM:     1        1      C        1.8850   -1.0360   -0.1120
  QMMM:     2        2      C       -2.3430   -0.0640   -1.4170
  QMMM:     3        3      C        0.8070   -0.4630    0.5610
  QMMM:     4        4      C       -0.2450    0.1410   -0.2380
  QMMM:     5        5      C        2.9210   -1.6310    0.6080
  QMMM:     6        6      C       -1.3280   -0.6340   -0.6500
  QMMM:     7        7      C       -2.2750    1.2840   -1.7730
  QMMM:     8        8      C        0.7640   -0.4840    1.9550
  QMMM:     9        9      C       -0.1760    1.4890   -0.5940
  QMMM:    10       10      C        2.8780   -1.6520    2.0020
  QMMM:    11       11      C       -1.1910    2.0590   -1.3610
  QMMM:    12       12      C        1.8000   -1.0790    2.6760
  QMMM:    13       13      Cl       4.2240   -2.3210   -0.2990
  QMMM:    14       14      Cl      -1.4740   -2.3110   -0.2430
  QMMM:    15       15      Cl      -3.5720    1.9190   -2.7270
  QMMM:    16       16      Cl      -0.5920    0.2390    2.7760
  QMMM:    17       17      Cl       1.1820    2.4490   -0.0740
  QMMM:    18       18      Cl       4.1780   -2.3990    2.8880
  QMMM:    19       19      Cl      -1.1180    3.7390   -1.8120
  QMMM:    20       20      Cl       1.7450   -1.1030    4.4170
  QMMM:    21       21      H        1.9180   -1.0200   -1.2010
  QMMM:    22       22      H       -3.1880   -0.6700   -1.7380

--------------------------------------------------------------------------------
  RESULTS
--------------------------------------------------------------------------------

      iter         sqm energy              rms gradient
      ----    -------------------    -----------------------
xmin    10        7.8068 kcal/mol        0.0545 kcal/(mol*A)
xmin    20        7.8053 kcal/mol        0.0117 kcal/(mol*A)
xmin    30        7.8052 kcal/mol        0.0062 kcal/(mol*A)
xmin    40        7.8052 kcal/mol        0.0044 kcal/(mol*A)
xmin    50        7.8052 kcal/mol        0.0015 kcal/(mol*A)
  ... geometry converged !
 
 Final MO eigenvalues (eV):
 -41.4353  -40.2732  -38.7036  -38.5523  -38.5007  -38.2545  -38.0697  -37.9423
 -37.6305  -37.2586  -33.8553  -31.8675  -31.7832  -30.3343  -25.6493  -24.6420
 -24.5790  -23.1878  -19.7421  -19.0048  -18.2792  -18.2374  -18.2007  -17.2671
 -16.2758  -16.1351  -16.0428  -15.9581  -15.8822  -14.9572  -14.3202  -14.2492
 -14.1436  -14.0501  -14.0013  -13.7813  -13.4425  -13.0602  -12.9164  -12.6290
 -12.5282  -12.3959  -12.3550  -12.3131  -12.2903  -12.1224  -12.0287  -11.9338
 -11.8446  -10.1661  -10.0322   -9.8837   -9.8021   -0.9050   -0.8290   -0.7789
  -0.6878    0.3158    0.4512    0.6527    0.6873    0.9078    0.9558    1.0498
   1.1664    1.5138    1.5666    2.6279    3.1144    3.1328    3.3374    3.4322
   3.4750    3.5690    3.7703    3.8534    3.9749    4.1204    4.2273    4.3492
   4.5124    4.6548

 Heat of formation   =          7.80522528 kcal/mol  (        0.33845997 eV)

 Total SCF energy    =    -105004.36522435 kcal/mol  (    -4553.33095808 eV)
 Electronic energy   =    -547004.82565091 kcal/mol  (   -23719.90918221 eV)
 Core-core repulsion =     442000.46042656 kcal/mol  (    19166.57822413 eV)
 
    Atomic Charges for Step       1 :
  Atom    Element       Mulliken Charge
     1      C                 -0.085
     2      C                 -0.120
     3      C                 -0.027
     4      C                 -0.033
     5      C                 -0.060
     6      C                 -0.030
     7      C                 -0.040
     8      C                 -0.032
     9      C                 -0.029
    10      C                 -0.047
    11      C                 -0.069
    12      C                 -0.060
    13      Cl                 0.028
    14      Cl                 0.024
    15      Cl                 0.032
    16      Cl                 0.038
    17      Cl                 0.040
    18      Cl                 0.045
    19      Cl                 0.045
    20      Cl                 0.044
    21      H                  0.166
    22      H                  0.172
 Total Mulliken Charge =      -0.000
 
                  X        Y        Z     TOTAL  
  QM DIPOLE    -0.674   -0.384   -1.097    1.344
 
 Final Structure

  QMMM: QM Region Cartesian Coordinates (*=link atom) 
  QMMM: QM_NO.   MM_NO.  ATOM         X         Y         Z
  QMMM:     1        1      C        1.9102   -1.0492   -0.1074
  QMMM:     2        2      C       -2.3712   -0.0547   -1.4259
  QMMM:     3        3      C        0.8221   -0.4729    0.5533
  QMMM:     4        4      C       -0.2516    0.1375   -0.2413
  QMMM:     5        5      C        2.9458   -1.6410    0.6187
  QMMM:     6        6      C       -1.3515   -0.6274   -0.6625
  QMMM:     7        7      C       -2.3009    1.2942   -1.7792
  QMMM:     8        8      C        0.7717   -0.4898    1.9572
  QMMM:     9        9      C       -0.1890    1.4942   -0.6033
  QMMM:    10       10      C        2.9043   -1.6629    2.0216
  QMMM:    11       11      C       -1.2100    2.0789   -1.3718
  QMMM:    12       12      C        1.8122   -1.0844    2.6907
  QMMM:    13       13      Cl       4.2448   -2.3273   -0.2255
  QMMM:    14       14      Cl      -1.4720   -2.2694   -0.2546
  QMMM:    15       15      Cl      -3.5537    1.9586   -2.7054
  QMMM:    16       16      Cl      -0.5442    0.2077    2.7641
  QMMM:    17       17      Cl       1.1317    2.4330   -0.1062
  QMMM:    18       18      Cl       4.1596   -2.3803    2.8995
  QMMM:    19       19      Cl      -1.1280    3.7125   -1.8030
  QMMM:    20       20      Cl       1.7520   -1.1051    4.3826
  QMMM:    21       21      H        1.9486   -1.0347   -1.2092
  QMMM:    22       22      H       -3.2309   -0.6655   -1.7483

           --------- Calculation Completed ----------

