            --------------------------------------------------------
                             AMBER SQM VERSION 19
 
                                     By
              Ross C. Walker, Michael F. Crowley, Scott Brozell,
                         Tim Giese, Andreas W. Goetz,
                        Tai-Sung Lee and David A. Case
 
            --------------------------------------------------------
 

--------------------------------------------------------------------------------
  QM CALCULATION INFO
--------------------------------------------------------------------------------

| QMMM: Citation for AMBER QMMM Run:
| QMMM: R.C. Walker, M.F. Crowley and D.A. Case, J. COMP. CHEM. 29:1019, 2008

QMMM: SINGLET STATE CALCULATION
QMMM: RHF CALCULATION, NO. OF DOUBLY OCCUPIED LEVELS = 21

| QMMM: *** Selected Hamiltonian *** 
| QMMM: AM1         

| QMMM: *** Parameter sets in use ***
| QMMM: C : M.J.S.DEWAR et al. JACS, 107, 3902, (1985)
| QMMM: H : M.J.S.DEWAR et al. JACS, 107, 3902, (1985)

| QMMM: *** SCF convergence criteria ***
| QMMM: Energy change                :  0.1D-09 kcal/mol
| QMMM: Error matrix |FP-PF|         :  0.1D+00 au
| QMMM: Density matrix change        :  0.5D-06
| QMMM: Maximum number of SCF cycles :     1000

| QMMM: *** Diagonalization Routine Information ***
| QMMM: Pseudo diagonalizations are allowed.
| QMMM: Auto diagonalization routine selection is in use.
| QMMM:
| QMMM: Timing diagonalization routines:
| QMMM:                              norbs =       42
| QMMM:    diag iterations used for timing =       20
| QMMM:
| QMMM:              Internal diag routine = 0.023991 seconds
| QMMM:                 Dspev diag routine = 0.015575 seconds
| QMMM:                Dspevd diag routine = 0.004106 seconds
| QMMM:                Dspevx diag routine = 0.017251 seconds
| QMMM:                 Dsyev diag routine = 0.004688 seconds
| QMMM:                Dsyevd diag routine = 0.003882 seconds
| QMMM:                Dsyevr diag routine = 0.005172 seconds
| QMMM:
| QMMM:                Pseudo diag routine = 0.001324 seconds
| QMMM:
| QMMM: Using dsyevd routine (diag_routine=6).

  QMMM: QM Region Cartesian Coordinates (*=link atom) 
  QMMM: QM_NO.   MM_NO.  ATOM         X         Y         Z
  QMMM:     1        1      C        1.4390    1.3910   -0.6400
  QMMM:     2        2      C        1.0590    0.2350   -0.0760
  QMMM:     3        3      C        0.4860    2.3970   -1.1950
  QMMM:     4        4      C        2.5670   -2.2830    4.0330
  QMMM:     5        5      C        2.0180   -0.7780    0.4790
  QMMM:     6        6      C        2.8010   -2.0580    2.5470
  QMMM:     7        7      C        1.8090   -1.0430    1.9740
  QMMM:     8        8      H        2.4960    1.6330   -0.7070
  QMMM:     9        9      H        0.0010   -0.0070   -0.0130
  QMMM:    10       10      H        0.6880    2.5540   -2.2590
  QMMM:    11       11      H        0.6110    3.3530   -0.6770
  QMMM:    12       12      H       -0.5570    2.0840   -1.0890
  QMMM:    13       13      H        2.6830   -1.3500    4.5940
  QMMM:    14       14      H        1.5610   -2.6720    4.2180
  QMMM:    15       15      H        3.2880   -3.0070    4.4250
  QMMM:    16       16      H        1.8700   -1.7170   -0.0680
  QMMM:    17       17      H        3.0570   -0.4740    0.3030
  QMMM:    18       18      H        2.7020   -3.0140    2.0200
  QMMM:    19       19      H        3.8300   -1.7110    2.4010
  QMMM:    20       20      H        0.7880   -1.4200    2.1160
  QMMM:    21       21      H        1.8790   -0.1020    2.5330

--------------------------------------------------------------------------------
  RESULTS
--------------------------------------------------------------------------------

      iter         sqm energy              rms gradient
      ----    -------------------    -----------------------
xmin    10      -23.5076 kcal/mol        0.4577 kcal/(mol*A)
xmin    20      -23.5323 kcal/mol        0.1076 kcal/(mol*A)
xmin    30      -23.5426 kcal/mol        0.0357 kcal/(mol*A)
xmin    40      -23.5481 kcal/mol        0.0176 kcal/(mol*A)
xmin    50      -23.5528 kcal/mol        0.1576 kcal/(mol*A)
xmin    60      -23.5548 kcal/mol        0.0153 kcal/(mol*A)
xmin    70      -23.5557 kcal/mol        0.0099 kcal/(mol*A)
xmin    80      -23.5563 kcal/mol        0.0126 kcal/(mol*A)
xmin    90      -23.5567 kcal/mol        0.0072 kcal/(mol*A)
xmin   100      -23.5574 kcal/mol        0.0283 kcal/(mol*A)
xmin   110      -23.5575 kcal/mol        0.0089 kcal/(mol*A)
xmin   120      -23.5576 kcal/mol        0.0049 kcal/(mol*A)
xmin   130      -23.5577 kcal/mol        0.0019 kcal/(mol*A)
xmin   140      -23.5578 kcal/mol        0.0024 kcal/(mol*A)
xmin   150      -23.5578 kcal/mol        0.0049 kcal/(mol*A)
xmin   160      -23.5578 kcal/mol        0.0019 kcal/(mol*A)
xmin   170      -23.5578 kcal/mol        0.0043 kcal/(mol*A)
  ... geometry converged !
 
 Final MO eigenvalues (eV):
 -37.3290  -34.9308  -31.3714  -27.2758  -23.5561  -21.5680  -20.0737  -16.3341
 -15.5225  -15.1161  -14.5793  -13.9665  -13.5569  -13.4793  -12.5832  -12.2079
 -12.0001  -11.7711  -11.5636  -11.2076   -9.5436    1.2947    3.6959    3.8278
   4.0752    4.2551    4.3188    4.4023    4.4541    4.6160    4.6690    4.7257
   4.8091    4.9025    4.9602    5.0522    5.1276    5.1982    5.2545    5.3339
   5.7614    6.0204

 Heat of formation   =        -23.55781132 kcal/mol  (       -1.02154336 eV)

 Total SCF energy    =     -25131.52903202 kcal/mol  (    -1089.78487629 eV)
 Electronic energy   =    -115332.02387923 kcal/mol  (    -5001.17184334 eV)
 Core-core repulsion =      90200.49484721 kcal/mol  (     3911.38696705 eV)
 
    Atomic Charges for Step       1 :
  Atom    Element       Mulliken Charge
     1      C                 -0.169
     2      C                 -0.167
     3      C                 -0.185
     4      C                 -0.210
     5      C                 -0.131
     6      C                 -0.159
     7      C                 -0.155
     8      H                  0.118
     9      H                  0.120
    10      H                  0.081
    11      H                  0.081
    12      H                  0.076
    13      H                  0.072
    14      H                  0.072
    15      H                  0.072
    16      H                  0.086
    17      H                  0.083
    18      H                  0.077
    19      H                  0.078
    20      H                  0.079
    21      H                  0.083
 Total Mulliken Charge =      -0.000
 
                  X        Y        Z     TOTAL  
  QM DIPOLE    -0.000    0.008   -0.001    0.008
 
 Final Structure

  QMMM: QM Region Cartesian Coordinates (*=link atom) 
  QMMM: QM_NO.   MM_NO.  ATOM         X         Y         Z
  QMMM:     1        1      C        1.4490    1.3659   -0.7044
  QMMM:     2        2      C        1.1050    0.3076    0.0349
  QMMM:     3        3      C        0.4817    2.3355   -1.2537
  QMMM:     4        4      C        2.5088   -2.3744    3.9848
  QMMM:     5        5      C        2.0796   -0.6754    0.5656
  QMMM:     6        6      C        2.7855   -2.0311    2.5439
  QMMM:     7        7      C        1.7961   -1.0140    2.0160
  QMMM:     8        8      H        2.5055    1.5704   -0.9468
  QMMM:     9        9      H        0.0500    0.1031    0.2826
  QMMM:    10       10      H        0.5537    2.3590   -2.3703
  QMMM:    11       11      H        0.7075    3.3623   -0.8700
  QMMM:    12       12      H       -0.5701    2.0800   -0.9751
  QMMM:    13       13      H        2.5785   -1.4636    4.6275
  QMMM:    14       14      H        1.4844   -2.8046    4.0981
  QMMM:    15       15      H        3.2491   -3.1243    4.3543
  QMMM:    16       16      H        2.0189   -1.6130   -0.0531
  QMMM:    17       17      H        3.1288   -0.2868    0.4708
  QMMM:    18       18      H        2.7349   -2.9614    1.9183
  QMMM:    19       19      H        3.8270   -1.6248    2.4466
  QMMM:    20       20      H        0.7541   -1.4182    2.1123
  QMMM:    21       21      H        1.8481   -0.0812    2.6366

           --------- Calculation Completed ----------

