            --------------------------------------------------------
                             AMBER SQM VERSION 19
 
                                     By
              Ross C. Walker, Michael F. Crowley, Scott Brozell,
                         Tim Giese, Andreas W. Goetz,
                        Tai-Sung Lee and David A. Case
 
            --------------------------------------------------------
 

--------------------------------------------------------------------------------
  QM CALCULATION INFO
--------------------------------------------------------------------------------

| QMMM: Citation for AMBER QMMM Run:
| QMMM: R.C. Walker, M.F. Crowley and D.A. Case, J. COMP. CHEM. 29:1019, 2008

QMMM: SINGLET STATE CALCULATION
QMMM: RHF CALCULATION, NO. OF DOUBLY OCCUPIED LEVELS = 16

| QMMM: *** Selected Hamiltonian *** 
| QMMM: AM1         

| QMMM: *** Parameter sets in use ***
| QMMM: C : M.J.S.DEWAR et al. JACS, 107, 3902, (1985)
| QMMM: N : M.J.S.DEWAR et al. JACS, 107, 3902, (1985)
| QMMM: H : M.J.S.DEWAR et al. JACS, 107, 3902, (1985)

| QMMM: *** SCF convergence criteria ***
| QMMM: Energy change                :  0.1D-09 kcal/mol
| QMMM: Error matrix |FP-PF|         :  0.1D+00 au
| QMMM: Density matrix change        :  0.5D-06
| QMMM: Maximum number of SCF cycles :     1000

| QMMM: *** Diagonalization Routine Information ***
| QMMM: Pseudo diagonalizations are allowed.
| QMMM: Auto diagonalization routine selection is in use.
| QMMM:
| QMMM: Timing diagonalization routines:
| QMMM:                              norbs =       31
| QMMM:    diag iterations used for timing =       20
| QMMM:
| QMMM:              Internal diag routine = 0.024587 seconds
| QMMM:                 Dspev diag routine = 0.002434 seconds
| QMMM:                Dspevd diag routine = 0.002004 seconds
| QMMM:                Dspevx diag routine = 0.031005 seconds
| QMMM:                 Dsyev diag routine = 0.005031 seconds
| QMMM:                Dsyevd diag routine = 0.003578 seconds
| QMMM:                Dsyevr diag routine = 0.003102 seconds
| QMMM:
| QMMM:                Pseudo diag routine = 0.000521 seconds
| QMMM:
| QMMM: Using dspevd routine (diag_routine=3).

  QMMM: QM Region Cartesian Coordinates (*=link atom) 
  QMMM: QM_NO.   MM_NO.  ATOM         X         Y         Z
  QMMM:     1        1      C        1.0010   -0.0190   -0.3650
  QMMM:     2        2      C        1.4150    1.2880   -1.0210
  QMMM:     3        3      C        0.4960    1.6440   -2.1900
  QMMM:     4        4      C        0.8960    2.9760   -2.8210
  QMMM:     5        5      N        0.0210    3.2870   -3.9460
  QMMM:     6        6      H        1.6720   -0.2550    0.4680
  QMMM:     7        7      H       -0.0190    0.0440    0.0280
  QMMM:     8        8      H        1.0430   -0.8480   -1.0790
  QMMM:     9        9      H        1.3930    2.0890   -0.2730
  QMMM:    10       10      H        2.4490    1.2010   -1.3740
  QMMM:    11       11      H        0.5380    0.8480   -2.9440
  QMMM:    12       12      H       -0.5420    1.6970   -1.8350
  QMMM:    13       13      H        0.8350    3.7810   -2.0800
  QMMM:    14       14      H        1.9310    2.9290   -3.1770
  QMMM:    15       15      H       -0.2060    4.2780   -3.9260
  QMMM:    16       16      H       -0.8570    2.7880   -3.8320

--------------------------------------------------------------------------------
  RESULTS
--------------------------------------------------------------------------------

      iter         sqm energy              rms gradient
      ----    -------------------    -----------------------
xmin    10      -26.9972 kcal/mol        0.2396 kcal/(mol*A)
xmin    20      -27.1401 kcal/mol        0.9900 kcal/(mol*A)
xmin    30      -27.2250 kcal/mol        0.1393 kcal/(mol*A)
xmin    40      -27.2504 kcal/mol        0.0819 kcal/(mol*A)
xmin    50      -27.2562 kcal/mol        0.0186 kcal/(mol*A)
xmin    60      -27.2569 kcal/mol        0.0094 kcal/(mol*A)
xmin    70      -27.2571 kcal/mol        0.0285 kcal/(mol*A)
xmin    80      -27.2573 kcal/mol        0.0026 kcal/(mol*A)
xmin    90      -27.2573 kcal/mol        0.0101 kcal/(mol*A)
xmin   100      -27.2573 kcal/mol        0.0012 kcal/(mol*A)
  ... geometry converged !
 
 Final MO eigenvalues (eV):
 -37.2061  -34.0907  -28.6574  -23.3050  -21.6996  -16.8690  -16.3912  -15.5351
 -14.4639  -14.1074  -13.1621  -12.3279  -11.8990  -11.8846  -11.3149   -9.6844
   3.5290    3.7314    4.0455    4.1814    4.2196    4.4871    4.6183    4.7431
   4.8657    4.9864    5.0616    5.1794    5.2588    6.2133    6.3333

 Heat of formation   =        -27.25730078 kcal/mol  (       -1.18196526 eV)

 Total SCF energy    =     -20100.13939735 kcal/mol  (     -871.60744969 eV)
 Electronic energy   =     -79350.75627416 kcal/mol  (    -3440.90699771 eV)
 Core-core repulsion =      59250.61687681 kcal/mol  (     2569.29954802 eV)
 
    Atomic Charges for Step       1 :
  Atom    Element       Mulliken Charge
     1      C                 -0.210
     2      C                 -0.159
     3      C                 -0.162
     4      C                 -0.078
     5      N                 -0.348
     6      H                  0.072
     7      H                  0.072
     8      H                  0.074
     9      H                  0.076
    10      H                  0.080
    11      H                  0.095
    12      H                  0.076
    13      H                  0.038
    14      H                  0.088
    15      H                  0.145
    16      H                  0.141
 Total Mulliken Charge =       0.000
 
                  X        Y        Z     TOTAL  
  QM DIPOLE    -0.327    0.789    1.167    1.446
 
 Final Structure

  QMMM: QM Region Cartesian Coordinates (*=link atom) 
  QMMM: QM_NO.   MM_NO.  ATOM         X         Y         Z
  QMMM:     1        1      C        1.0583   -0.0366   -0.3792
  QMMM:     2        2      C        1.3826    1.2914   -1.0133
  QMMM:     3        3      C        0.4524    1.5932   -2.1687
  QMMM:     4        4      C        0.8009    2.9447   -2.7901
  QMMM:     5        5      N       -0.0122    3.2763   -3.9359
  QMMM:     6        6      H        1.7557   -0.2422    0.4684
  QMMM:     7        7      H        0.0132   -0.0413    0.0146
  QMMM:     8        8      H        1.1549   -0.8632   -1.1242
  QMMM:     9        9      H        1.3037    2.1049   -0.2442
  QMMM:    10       10      H        2.4435    1.2850   -1.3790
  QMMM:    11       11      H        0.5357    0.7850   -2.9416
  QMMM:    12       12      H       -0.6085    1.5999   -1.8051
  QMMM:    13       13      H        0.7398    3.7282   -1.9757
  QMMM:    14       14      H        1.8732    2.9181   -3.1389
  QMMM:    15       15      H        0.1582    4.2197   -4.2214
  QMMM:    16       16      H       -0.9853    3.1649   -3.7326

           --------- Calculation Completed ----------

