            --------------------------------------------------------
                             AMBER SQM VERSION 19
 
                                     By
              Ross C. Walker, Michael F. Crowley, Scott Brozell,
                         Tim Giese, Andreas W. Goetz,
                        Tai-Sung Lee and David A. Case
 
            --------------------------------------------------------
 

--------------------------------------------------------------------------------
  QM CALCULATION INFO
--------------------------------------------------------------------------------

| QMMM: Citation for AMBER QMMM Run:
| QMMM: R.C. Walker, M.F. Crowley and D.A. Case, J. COMP. CHEM. 29:1019, 2008

QMMM: SINGLET STATE CALCULATION
QMMM: RHF CALCULATION, NO. OF DOUBLY OCCUPIED LEVELS = 22

| QMMM: *** Selected Hamiltonian *** 
| QMMM: AM1         

| QMMM: *** Parameter sets in use ***
| QMMM: C : M.J.S.DEWAR et al. JACS, 107, 3902, (1985)
| QMMM: H : M.J.S.DEWAR et al. JACS, 107, 3902, (1985)

| QMMM: *** SCF convergence criteria ***
| QMMM: Energy change                :  0.1D-09 kcal/mol
| QMMM: Error matrix |FP-PF|         :  0.1D+00 au
| QMMM: Density matrix change        :  0.5D-06
| QMMM: Maximum number of SCF cycles :     1000

| QMMM: *** Diagonalization Routine Information ***
| QMMM: Pseudo diagonalizations are allowed.
| QMMM: Auto diagonalization routine selection is in use.
| QMMM:
| QMMM: Timing diagonalization routines:
| QMMM:                              norbs =       44
| QMMM:    diag iterations used for timing =       20
| QMMM:
| QMMM:              Internal diag routine = 0.004999 seconds
| QMMM:                 Dspev diag routine = 0.013317 seconds
| QMMM:                Dspevd diag routine = 0.005306 seconds
| QMMM:                Dspevx diag routine = 0.030561 seconds
| QMMM:                 Dsyev diag routine = 0.006531 seconds
| QMMM:                Dsyevd diag routine = 0.011372 seconds
| QMMM:                Dsyevr diag routine = 0.008627 seconds
| QMMM:
| QMMM:                Pseudo diag routine = 0.001975 seconds
| QMMM:
| QMMM: Using internal diagonalization routine (diag_routine=1).

  QMMM: QM Region Cartesian Coordinates (*=link atom) 
  QMMM: QM_NO.   MM_NO.  ATOM         X         Y         Z
  QMMM:     1        1      C        0.1160   -0.6030    0.9140
  QMMM:     2        2      C        4.2860   -1.3370    2.5310
  QMMM:     3        3      C        3.1820    0.3310    4.0430
  QMMM:     4        4      C        3.1490   -2.1000    4.6200
  QMMM:     5        5      C        1.4840   -0.3500    1.5310
  QMMM:     6        6      C        1.7430   -1.2970    2.7080
  QMMM:     7        7      C        3.0860   -1.0880    3.4590
  QMMM:     8        8      H       -0.6810   -0.4430    1.6470
  QMMM:     9        9      H       -0.0530    0.0800    0.0750
  QMMM:    10       10      H        0.0380   -1.6280    0.5380
  QMMM:    11       11      H        4.2220   -2.3220    2.0570
  QMMM:    12       12      H        4.3490   -0.5840    1.7380
  QMMM:    13       13      H        5.2290   -1.2970    3.0880
  QMMM:    14       14      H        4.0810    0.4410    4.6610
  QMMM:    15       15      H        2.3160    0.5580    4.6740
  QMMM:    16       16      H        3.2370    1.0910    3.2570
  QMMM:    17       17      H        3.0980   -3.1300    4.2510
  QMMM:    18       18      H        4.0800   -1.9960    5.1880
  QMMM:    19       19      H        2.3170   -1.9540    5.3180
  QMMM:    20       20      H        2.2450   -0.4850    0.7560
  QMMM:    21       21      H        1.5290    0.6930    1.8610
  QMMM:    22       22      H        1.7000   -2.3300    2.3390
  QMMM:    23       23      H        0.9160   -1.1950    3.4250

--------------------------------------------------------------------------------
  RESULTS
--------------------------------------------------------------------------------

      iter         sqm energy              rms gradient
      ----    -------------------    -----------------------
xmin    10      -44.5172 kcal/mol        0.0404 kcal/(mol*A)
xmin    20      -44.5194 kcal/mol        0.0062 kcal/(mol*A)
xmin    30      -44.5195 kcal/mol        0.0027 kcal/(mol*A)
  ... geometry converged !
 
 Final MO eigenvalues (eV):
 -38.7101  -33.8531  -27.8087  -27.7938  -27.1739  -22.2632  -19.4060  -15.9956
 -15.8019  -15.0338  -14.7866  -13.7805  -13.2708  -13.1600  -12.6934  -12.4053
 -12.3219  -12.1075  -11.6659  -11.2992  -11.1875  -11.0936    3.7128    3.8144
   3.8988    4.0878    4.2810    4.5246    4.5482    4.5956    4.6878    4.7278
   4.7924    4.8837    4.9410    4.9932    5.0055    5.0753    5.1222    5.1427
   5.2996    5.3800    5.4431    5.4662

 Heat of formation   =        -44.51946150 kcal/mol  (       -1.93050872 eV)

 Total SCF energy    =     -25782.32068829 kcal/mol  (    -1118.00532016 eV)
 Electronic energy   =    -132622.51393561 kcal/mol  (    -5750.94375507 eV)
 Core-core repulsion =     106840.19324732 kcal/mol  (     4632.93843490 eV)
 
    Atomic Charges for Step       1 :
  Atom    Element       Mulliken Charge
     1      C                 -0.211
     2      C                 -0.203
     3      C                 -0.203
     4      C                 -0.205
     5      C                 -0.159
     6      C                 -0.148
     7      C                 -0.056
     8      H                  0.071
     9      H                  0.071
    10      H                  0.071
    11      H                  0.073
    12      H                  0.074
    13      H                  0.072
    14      H                  0.072
    15      H                  0.073
    16      H                  0.074
    17      H                  0.073
    18      H                  0.073
    19      H                  0.073
    20      H                  0.079
    21      H                  0.079
    22      H                  0.078
    23      H                  0.078
 Total Mulliken Charge =      -0.000
 
                  X        Y        Z     TOTAL  
  QM DIPOLE     0.006   -0.001    0.005    0.008
 
 Final Structure

  QMMM: QM Region Cartesian Coordinates (*=link atom) 
  QMMM: QM_NO.   MM_NO.  ATOM         X         Y         Z
  QMMM:     1        1      C        0.1697   -0.6198    0.9205
  QMMM:     2        2      C        4.2360   -1.3223    2.5072
  QMMM:     3        3      C        3.1651    0.3201    4.0332
  QMMM:     4        4      C        3.1530   -2.0919    4.5982
  QMMM:     5        5      C        1.5053   -0.3567    1.5694
  QMMM:     6        6      C        1.7366   -1.2882    2.7393
  QMMM:     7        7      C        3.0717   -1.0840    3.4562
  QMMM:     8        8      H       -0.6613   -0.4675    1.6511
  QMMM:     9        9      H        0.0139    0.0742    0.0596
  QMMM:    10       10      H        0.1143   -1.6691    0.5421
  QMMM:    11       11      H        4.1343   -2.3165    2.0102
  QMMM:    12       12      H        4.2715   -0.5310    1.7206
  QMMM:    13       13      H        5.2003   -1.3015    3.0699
  QMMM:    14       14      H        4.0813    0.4154    4.6646
  QMMM:    15       15      H        2.2718    0.5403    4.6652
  QMMM:    16       16      H        3.2214    1.0789    3.2164
  QMMM:    17       17      H        3.0942   -3.1333    4.2008
  QMMM:    18       18      H        4.1165   -1.9753    5.1495
  QMMM:    19       19      H        2.3117   -1.9344    5.3147
  QMMM:    20       20      H        2.3210   -0.4904    0.8107
  QMMM:    21       21      H        1.5466    0.7088    1.9185
  QMMM:    22       22      H        1.6862   -2.3495    2.3764
  QMMM:    23       23      H        0.9080   -1.1514    3.4845

           --------- Calculation Completed ----------

