            --------------------------------------------------------
                             AMBER SQM VERSION 19
 
                                     By
              Ross C. Walker, Michael F. Crowley, Scott Brozell,
                         Tim Giese, Andreas W. Goetz,
                        Tai-Sung Lee and David A. Case
 
            --------------------------------------------------------
 

--------------------------------------------------------------------------------
  QM CALCULATION INFO
--------------------------------------------------------------------------------

| QMMM: Citation for AMBER QMMM Run:
| QMMM: R.C. Walker, M.F. Crowley and D.A. Case, J. COMP. CHEM. 29:1019, 2008

QMMM: SINGLET STATE CALCULATION
QMMM: RHF CALCULATION, NO. OF DOUBLY OCCUPIED LEVELS = 24

| QMMM: *** Selected Hamiltonian *** 
| QMMM: AM1         

| QMMM: *** Parameter sets in use ***
| QMMM: C : M.J.S.DEWAR et al. JACS, 107, 3902, (1985)
| QMMM: O : M.J.S.DEWAR et al. JACS, 107, 3902, (1985)
| QMMM: H : M.J.S.DEWAR et al. JACS, 107, 3902, (1985)

| QMMM: *** SCF convergence criteria ***
| QMMM: Energy change                :  0.1D-09 kcal/mol
| QMMM: Error matrix |FP-PF|         :  0.1D+00 au
| QMMM: Density matrix change        :  0.5D-06
| QMMM: Maximum number of SCF cycles :     1000

| QMMM: *** Diagonalization Routine Information ***
| QMMM: Pseudo diagonalizations are allowed.
| QMMM: Auto diagonalization routine selection is in use.
| QMMM:
| QMMM: Timing diagonalization routines:
| QMMM:                              norbs =       44
| QMMM:    diag iterations used for timing =       20
| QMMM:
| QMMM:              Internal diag routine = 0.009322 seconds
| QMMM:                 Dspev diag routine = 0.009574 seconds
| QMMM:                Dspevd diag routine = 0.005617 seconds
| QMMM:                Dspevx diag routine = 0.020844 seconds
| QMMM:                 Dsyev diag routine = 0.005436 seconds
| QMMM:                Dsyevd diag routine = 0.005720 seconds
| QMMM:                Dsyevr diag routine = 0.005283 seconds
| QMMM:
| QMMM:                Pseudo diag routine = 0.001370 seconds
| QMMM:
| QMMM: Using dsyevr routine (diag_routine=7).

  QMMM: QM Region Cartesian Coordinates (*=link atom) 
  QMMM: QM_NO.   MM_NO.  ATOM         X         Y         Z
  QMMM:     1        1      C        3.0990   -1.7440    0.1850
  QMMM:     2        2      C        1.9830   -1.0940   -0.3420
  QMMM:     3        3      C        3.2450   -1.8690    1.5660
  QMMM:     4        4      C        1.0130   -0.5690    0.5120
  QMMM:     5        5      C        2.2760   -1.3450    2.4210
  QMMM:     6        6      C        1.1600   -0.6940    1.8940
  QMMM:     7        7      C       -0.9020    0.4730    2.0990
  QMMM:     8        8      O        2.4300   -1.4720    3.7680
  QMMM:     9        9      O        0.2060   -0.1760    2.7180
  QMMM:    10       10      H        3.8540   -2.1530   -0.4810
  QMMM:    11       11      H        1.8690   -0.9960   -1.4180
  QMMM:    12       12      H        4.1170   -2.3770    1.9700
  QMMM:    13       13      H        0.1470   -0.0620    0.0950
  QMMM:    14       14      H       -1.5870    0.8390    2.8680
  QMMM:    15       15      H       -1.4190   -0.2330    1.4430
  QMMM:    16       16      H       -0.5360    1.3160    1.5080
  QMMM:    17       17      H        3.2540   -1.9460    3.9670

--------------------------------------------------------------------------------
  RESULTS
--------------------------------------------------------------------------------

      iter         sqm energy              rms gradient
      ----    -------------------    -----------------------
xmin    10      -56.7242 kcal/mol        0.1537 kcal/(mol*A)
xmin    20      -56.7274 kcal/mol        0.0248 kcal/(mol*A)
xmin    30      -56.7276 kcal/mol        0.0161 kcal/(mol*A)
xmin    40      -56.7277 kcal/mol        0.0267 kcal/(mol*A)
xmin    50      -56.7277 kcal/mol        0.0069 kcal/(mol*A)
xmin    60      -56.7277 kcal/mol        0.0047 kcal/(mol*A)
xmin    70      -56.7277 kcal/mol        0.0058 kcal/(mol*A)
xmin    80      -56.7278 kcal/mol        0.0025 kcal/(mol*A)
xmin    90      -56.7278 kcal/mol        0.0015 kcal/(mol*A)
xmin   100      -56.7278 kcal/mol        0.0014 kcal/(mol*A)
xmin   110      -56.7278 kcal/mol        0.0051 kcal/(mol*A)
xmin   120      -56.7278 kcal/mol        0.0014 kcal/(mol*A)
xmin   130      -56.7278 kcal/mol        0.0023 kcal/(mol*A)
  ... geometry converged !
 
 Final MO eigenvalues (eV):
 -40.6760  -38.4820  -37.1553  -31.0395  -30.3523  -27.6520  -23.4561  -22.8917
 -19.0984  -18.5280  -17.1911  -16.4851  -15.8127  -15.5414  -14.8240  -14.7457
 -13.9687  -13.0520  -12.7448  -12.3408  -12.1501  -11.8837   -9.6133   -8.6930
   0.3557    0.5166    2.5269    2.7870    3.0128    3.7359    3.8401    3.9965
   4.1251    4.1395    4.2412    4.3263    4.5232    4.6752    5.0950    5.2884
   5.5745    5.7288    6.0956    6.5940

 Heat of formation   =        -56.72777647 kcal/mol  (       -2.45990098 eV)

 Total SCF energy    =     -37973.46904032 kcal/mol  (    -1646.65318244 eV)
 Electronic energy   =    -163370.26033742 kcal/mol  (    -7084.26609156 eV)
 Core-core repulsion =     125396.79129710 kcal/mol  (     5437.61290911 eV)
 
    Atomic Charges for Step       1 :
  Atom    Element       Mulliken Charge
     1      C                 -0.125
     2      C                 -0.130
     3      C                 -0.188
     4      C                 -0.176
     5      C                  0.056
     6      C                  0.056
     7      C                 -0.079
     8      O                 -0.230
     9      O                 -0.187
    10      H                  0.134
    11      H                  0.134
    12      H                  0.135
    13      H                  0.139
    14      H                  0.108
    15      H                  0.071
    16      H                  0.071
    17      H                  0.213
 Total Mulliken Charge =      -0.000
 
                  X        Y        Z     TOTAL  
  QM DIPOLE     0.224   -0.080   -1.443    1.462
 
 Final Structure

  QMMM: QM Region Cartesian Coordinates (*=link atom) 
  QMMM: QM_NO.   MM_NO.  ATOM         X         Y         Z
  QMMM:     1        1      C        3.1319   -1.7613    0.1680
  QMMM:     2        2      C        2.0324   -1.1173   -0.3887
  QMMM:     3        3      C        3.2532   -1.8746    1.5541
  QMMM:     4        4      C        1.0370   -0.5767    0.4291
  QMMM:     5        5      C        2.2659   -1.3389    2.3846
  QMMM:     6        6      C        1.1437   -0.6817    1.8169
  QMMM:     7        7      C       -0.9027    0.4738    2.1643
  QMMM:     8        8      O        2.3171   -1.4119    3.7570
  QMMM:     9        9      O        0.2261   -0.1883    2.7227
  QMMM:    10       10      H        3.9122   -2.1849   -0.4807
  QMMM:    11       11      H        1.9392   -1.0294   -1.4809
  QMMM:    12       12      H        4.1221   -2.3834    1.9952
  QMMM:    13       13      H        0.1749   -0.0711   -0.0281
  QMMM:    14       14      H       -1.4924    0.7812    3.0651
  QMMM:    15       15      H       -1.4956   -0.2244    1.5248
  QMMM:    16       16      H       -0.5862    1.3694    1.5763
  QMMM:    17       17      H        3.1303   -1.8825    3.9933

           --------- Calculation Completed ----------

