            --------------------------------------------------------
                             AMBER SQM VERSION 19
 
                                     By
              Ross C. Walker, Michael F. Crowley, Scott Brozell,
                         Tim Giese, Andreas W. Goetz,
                        Tai-Sung Lee and David A. Case
 
            --------------------------------------------------------
 

--------------------------------------------------------------------------------
  QM CALCULATION INFO
--------------------------------------------------------------------------------

| QMMM: Citation for AMBER QMMM Run:
| QMMM: R.C. Walker, M.F. Crowley and D.A. Case, J. COMP. CHEM. 29:1019, 2008

QMMM: SINGLET STATE CALCULATION
QMMM: RHF CALCULATION, NO. OF DOUBLY OCCUPIED LEVELS = 18

| QMMM: *** Selected Hamiltonian *** 
| QMMM: AM1         

| QMMM: *** Parameter sets in use ***
| QMMM: C : M.J.S.DEWAR et al. JACS, 107, 3902, (1985)
| QMMM: H : M.J.S.DEWAR et al. JACS, 107, 3902, (1985)

| QMMM: *** SCF convergence criteria ***
| QMMM: Energy change                :  0.1D-09 kcal/mol
| QMMM: Error matrix |FP-PF|         :  0.1D+00 au
| QMMM: Density matrix change        :  0.5D-06
| QMMM: Maximum number of SCF cycles :     1000

| QMMM: *** Diagonalization Routine Information ***
| QMMM: Pseudo diagonalizations are allowed.
| QMMM: Auto diagonalization routine selection is in use.
| QMMM:
| QMMM: Timing diagonalization routines:
| QMMM:                              norbs =       36
| QMMM:    diag iterations used for timing =       20
| QMMM:
| QMMM:              Internal diag routine = 0.015346 seconds
| QMMM:                 Dspev diag routine = 0.013823 seconds
| QMMM:                Dspevd diag routine = 0.008258 seconds
| QMMM:                Dspevx diag routine = 0.030470 seconds
| QMMM:                 Dsyev diag routine = 0.006370 seconds
| QMMM:                Dsyevd diag routine = 0.005424 seconds
| QMMM:                Dsyevr diag routine = 0.005463 seconds
| QMMM:
| QMMM:                Pseudo diag routine = 0.001867 seconds
| QMMM:
| QMMM: Using dsyevd routine (diag_routine=6).

  QMMM: QM Region Cartesian Coordinates (*=link atom) 
  QMMM: QM_NO.   MM_NO.  ATOM         X         Y         Z
  QMMM:     1        1      C        0.9440    0.3050    0.2520
  QMMM:     2        2      C        1.1780    1.2380    1.1820
  QMMM:     3        3      C       -1.0760    2.5860    5.4620
  QMMM:     4        4      C        0.1110    2.0900    1.8030
  QMMM:     5        5      C       -1.0220    2.7710    3.9540
  QMMM:     6        6      C        0.0870    1.9290    3.3250
  QMMM:     7        7      H        1.7610   -0.2750   -0.1620
  QMMM:     8        8      H       -0.0590    0.1040   -0.1100
  QMMM:     9        9      H        2.2020    1.4030    1.5070
  QMMM:    10       10      H       -1.2680    1.5400    5.7220
  QMMM:    11       11      H       -1.8780    3.1950    5.8910
  QMMM:    12       12      H       -0.1330    2.8880    5.9290
  QMMM:    13       13      H       -0.8740    1.8410    1.3910
  QMMM:    14       14      H        0.3090    3.1370    1.5440
  QMMM:    15       15      H       -1.9910    2.4930    3.5230
  QMMM:    16       16      H       -0.8580    3.8320    3.7280
  QMMM:    17       17      H        1.0560    2.2260    3.7460
  QMMM:    18       18      H       -0.0640    0.8730    3.5830

--------------------------------------------------------------------------------
  RESULTS
--------------------------------------------------------------------------------

      iter         sqm energy              rms gradient
      ----    -------------------    -----------------------
xmin    10      -13.6021 kcal/mol        0.0595 kcal/(mol*A)
xmin    20      -13.6228 kcal/mol        0.0636 kcal/(mol*A)
xmin    30      -13.6295 kcal/mol        0.0351 kcal/(mol*A)
xmin    40      -13.6347 kcal/mol        0.2491 kcal/(mol*A)
xmin    50      -13.6377 kcal/mol        0.0103 kcal/(mol*A)
xmin    60      -13.6387 kcal/mol        0.0516 kcal/(mol*A)
xmin    70      -13.6394 kcal/mol        0.0384 kcal/(mol*A)
xmin    80      -13.6403 kcal/mol        0.0185 kcal/(mol*A)
xmin    90      -13.6407 kcal/mol        0.0331 kcal/(mol*A)
xmin   100      -13.6408 kcal/mol        0.0201 kcal/(mol*A)
xmin   110      -13.6409 kcal/mol        0.0096 kcal/(mol*A)
xmin   120      -13.6409 kcal/mol        0.0015 kcal/(mol*A)
xmin   130      -13.6409 kcal/mol        0.0028 kcal/(mol*A)
xmin   140      -13.6409 kcal/mol        0.0009 kcal/(mol*A)
xmin   140      -13.6409 kcal/mol        0.0005 kcal/(mol*A)
  ... geometry converged !
 
 Final MO eigenvalues (eV):
 -37.1801  -34.0504  -29.6943  -24.7005  -21.6621  -20.4334  -16.4957  -15.6012
 -14.9390  -14.5165  -13.6439  -13.3146  -12.3997  -12.0287  -11.8567  -11.5286
 -11.2386   -9.9912    1.3705    3.6897    3.8043    4.1130    4.2449    4.3050
   4.4058    4.6249    4.7221    4.7864    4.8889    5.0081    5.1004    5.1674
   5.2177    5.3074    5.6754    5.9143

 Heat of formation   =        -13.64093154 kcal/mol  (       -0.59151518 eV)

 Total SCF energy    =     -21534.75912071 kcal/mol  (     -933.81722912 eV)
 Electronic energy   =     -92353.77345772 kcal/mol  (    -4004.76013433 eV)
 Core-core repulsion =      70819.01433700 kcal/mol  (     3070.94290521 eV)
 
    Atomic Charges for Step       1 :
  Atom    Element       Mulliken Charge
     1      C                 -0.226
     2      C                 -0.159
     3      C                 -0.211
     4      C                 -0.135
     5      C                 -0.159
     6      C                 -0.155
     7      H                  0.111
     8      H                  0.110
     9      H                  0.118
    10      H                  0.072
    11      H                  0.072
    12      H                  0.072
    13      H                  0.084
    14      H                  0.087
    15      H                  0.078
    16      H                  0.078
    17      H                  0.079
    18      H                  0.083
 Total Mulliken Charge =       0.000
 
                  X        Y        Z     TOTAL  
  QM DIPOLE    -0.069    0.145    0.164    0.229
 
 Final Structure

  QMMM: QM Region Cartesian Coordinates (*=link atom) 
  QMMM: QM_NO.   MM_NO.  ATOM         X         Y         Z
  QMMM:     1        1      C        0.9778    0.3841    0.1800
  QMMM:     2        2      C        1.1485    1.1765    1.2355
  QMMM:     3        3      C       -1.0337    2.6583    5.4563
  QMMM:     4        4      C        0.0715    2.0009    1.8361
  QMMM:     5        5      C       -1.0242    2.7549    3.9526
  QMMM:     6        6      C        0.0673    1.8972    3.3485
  QMMM:     7        7      H        1.7996   -0.2020   -0.2511
  QMMM:     8        8      H        0.0104    0.2657   -0.3254
  QMMM:     9        9      H        2.1332    1.2702    1.7240
  QMMM:    10       10      H       -1.2068    1.6042    5.7827
  QMMM:    11       11      H       -1.8453    3.2969    5.8812
  QMMM:    12       12      H       -0.0582    2.9996    5.8797
  QMMM:    13       13      H       -0.9321    1.6939    1.4371
  QMMM:    14       14      H        0.2305    3.0737    1.5376
  QMMM:    15       15      H       -2.0200    2.4323    3.5480
  QMMM:    16       16      H       -0.8737    3.8234    3.6444
  QMMM:    17       17      H        1.0638    2.2181    3.7516
  QMMM:    18       18      H       -0.0837    0.8279    3.6513

           --------- Calculation Completed ----------

