            --------------------------------------------------------
                             AMBER SQM VERSION 19
 
                                     By
              Ross C. Walker, Michael F. Crowley, Scott Brozell,
                         Tim Giese, Andreas W. Goetz,
                        Tai-Sung Lee and David A. Case
 
            --------------------------------------------------------
 

--------------------------------------------------------------------------------
  QM CALCULATION INFO
--------------------------------------------------------------------------------

| QMMM: Citation for AMBER QMMM Run:
| QMMM: R.C. Walker, M.F. Crowley and D.A. Case, J. COMP. CHEM. 29:1019, 2008

QMMM: SINGLET STATE CALCULATION
QMMM: RHF CALCULATION, NO. OF DOUBLY OCCUPIED LEVELS = 27

| QMMM: *** Selected Hamiltonian *** 
| QMMM: AM1         

| QMMM: *** Parameter sets in use ***
| QMMM: C : M.J.S.DEWAR et al. JACS, 107, 3902, (1985)
| QMMM: O : M.J.S.DEWAR et al. JACS, 107, 3902, (1985)
| QMMM: H : M.J.S.DEWAR et al. JACS, 107, 3902, (1985)

| QMMM: *** SCF convergence criteria ***
| QMMM: Energy change                :  0.1D-09 kcal/mol
| QMMM: Error matrix |FP-PF|         :  0.1D+00 au
| QMMM: Density matrix change        :  0.5D-06
| QMMM: Maximum number of SCF cycles :     1000

| QMMM: *** Diagonalization Routine Information ***
| QMMM: Pseudo diagonalizations are allowed.
| QMMM: Auto diagonalization routine selection is in use.
| QMMM:
| QMMM: Timing diagonalization routines:
| QMMM:                              norbs =       52
| QMMM:    diag iterations used for timing =       15
| QMMM:
| QMMM:              Internal diag routine = 0.022657 seconds
| QMMM:                 Dspev diag routine = 0.023759 seconds
| QMMM:                Dspevd diag routine = 0.017032 seconds
| QMMM:                Dspevx diag routine = 0.045171 seconds
| QMMM:                 Dsyev diag routine = 0.006181 seconds
| QMMM:                Dsyevd diag routine = 0.008175 seconds
| QMMM:                Dsyevr diag routine = 0.009377 seconds
| QMMM:
| QMMM:                Pseudo diag routine = 0.001307 seconds
| QMMM:
| QMMM: Using dsyev routine (diag_routine=5).

  QMMM: QM Region Cartesian Coordinates (*=link atom) 
  QMMM: QM_NO.   MM_NO.  ATOM         X         Y         Z
  QMMM:     1        1      C        1.8850   -1.0380   -0.1090
  QMMM:     2        2      C        0.8180   -0.4410    0.5630
  QMMM:     3        3      C        2.9350   -1.6040    0.6140
  QMMM:     4        4      C        0.8010   -0.4100    1.9570
  QMMM:     5        5      C        2.9180   -1.5730    2.0080
  QMMM:     6        6      C        1.8510   -0.9770    2.6800
  QMMM:     7        7      C        1.8330   -0.9440    4.1710
  QMMM:     8        8      C        2.5090    0.3130    4.7320
  QMMM:     9        9      C        2.5330    0.3200    6.2540
  QMMM:    10       10      O        3.1590    1.5160    6.6990
  QMMM:    11       11      H        1.8980   -1.0610   -1.1950
  QMMM:    12       12      H        0.0000    0.0000   -0.0000
  QMMM:    13       13      H        3.7650   -2.0680    0.0910
  QMMM:    14       14      H       -0.0350    0.0570    2.4720
  QMMM:    15       15      H        3.7400   -2.0170    2.5630
  QMMM:    16       16      H        2.3300   -1.8410    4.5770
  QMMM:    17       17      H        0.7950   -0.9980    4.5390
  QMMM:    18       18      H        1.9950    1.2140    4.3730
  QMMM:    19       19      H        3.5360    0.3930    4.3540
  QMMM:    20       20      H        1.5170    0.2860    6.6610
  QMMM:    21       21      H        3.0990   -0.5340    6.6400
  QMMM:    22       22      H        3.0580    2.1670    5.9850

--------------------------------------------------------------------------------
  RESULTS
--------------------------------------------------------------------------------

      iter         sqm energy              rms gradient
      ----    -------------------    -----------------------
xmin    10      -45.0052 kcal/mol        1.2001 kcal/(mol*A)
xmin    20      -45.0781 kcal/mol        0.2850 kcal/(mol*A)
xmin    30      -45.0829 kcal/mol        0.0227 kcal/(mol*A)
xmin    40      -45.0836 kcal/mol        0.0173 kcal/(mol*A)
xmin    50      -45.0841 kcal/mol        0.0368 kcal/(mol*A)
xmin    60      -45.0849 kcal/mol        0.0304 kcal/(mol*A)
xmin    70      -45.0858 kcal/mol        0.0221 kcal/(mol*A)
xmin    80      -45.0894 kcal/mol        0.0471 kcal/(mol*A)
xmin    90      -45.0907 kcal/mol        0.0423 kcal/(mol*A)
xmin   100      -45.0935 kcal/mol        0.0308 kcal/(mol*A)
xmin   110      -45.0967 kcal/mol        0.1055 kcal/(mol*A)
xmin   120      -45.0991 kcal/mol        0.0459 kcal/(mol*A)
xmin   130      -45.1048 kcal/mol        0.0425 kcal/(mol*A)
xmin   140      -45.1087 kcal/mol        0.1352 kcal/(mol*A)
xmin   150      -45.1120 kcal/mol        0.1879 kcal/(mol*A)
xmin   160      -45.1141 kcal/mol        0.0617 kcal/(mol*A)
xmin   170      -45.1171 kcal/mol        0.0306 kcal/(mol*A)
xmin   180      -45.1193 kcal/mol        0.0247 kcal/(mol*A)
xmin   190      -45.1215 kcal/mol        0.0526 kcal/(mol*A)
xmin   200      -45.1229 kcal/mol        0.0087 kcal/(mol*A)
xmin   210      -45.1237 kcal/mol        0.0204 kcal/(mol*A)
xmin   220      -45.1246 kcal/mol        0.0614 kcal/(mol*A)
xmin   230      -45.1249 kcal/mol        0.0785 kcal/(mol*A)
xmin   240      -45.1255 kcal/mol        0.0107 kcal/(mol*A)
xmin   250      -45.1257 kcal/mol        0.0370 kcal/(mol*A)
xmin   260      -45.1259 kcal/mol        0.0151 kcal/(mol*A)
xmin   270      -45.1260 kcal/mol        0.0183 kcal/(mol*A)
xmin   280      -45.1261 kcal/mol        0.0065 kcal/(mol*A)
xmin   290      -45.1261 kcal/mol        0.0129 kcal/(mol*A)
xmin   300      -45.1262 kcal/mol        0.0031 kcal/(mol*A)
xmin   310      -45.1262 kcal/mol        0.0066 kcal/(mol*A)
xmin   320      -45.1262 kcal/mol        0.0083 kcal/(mol*A)
xmin   330      -45.1262 kcal/mol        0.0067 kcal/(mol*A)
xmin   340      -45.1263 kcal/mol        0.0037 kcal/(mol*A)
xmin   350      -45.1263 kcal/mol        0.0055 kcal/(mol*A)
  ... geometry converged !
 
 Final MO eigenvalues (eV):
 -39.7642  -38.3705  -34.9993  -31.4770  -30.9282  -26.5163  -23.4014  -23.0314
 -21.5707  -18.1869  -17.4943  -16.4844  -16.0704  -15.6128  -15.4587  -14.4210
 -14.1539  -13.7545  -13.6944  -12.6916  -12.5415  -12.1552  -11.8556  -11.5055
 -11.0375   -9.7189   -9.4832    0.4082    0.5063    2.8228    3.4862    3.5682
   3.7576    3.8804    3.9703    4.0814    4.1090    4.1538    4.2756    4.4454
   4.5376    4.5610    4.6164    4.8017    4.9611    5.0979    5.1036    5.5311
   5.5834    5.6884    6.0680    6.2711

 Heat of formation   =        -45.12626390 kcal/mol  (       -1.95682164 eV)

 Total SCF energy    =     -37786.44356009 kcal/mol  (    -1638.54314904 eV)
 Electronic energy   =    -181585.60210585 kcal/mol  (    -7874.14258297 eV)
 Core-core repulsion =     143799.15854576 kcal/mol  (     6235.59943393 eV)
 
    Atomic Charges for Step       1 :
  Atom    Element       Mulliken Charge
     1      C                 -0.131
     2      C                 -0.128
     3      C                 -0.127
     4      C                 -0.127
     5      C                 -0.127
     6      C                 -0.073
     7      C                 -0.119
     8      C                 -0.196
     9      C                 -0.024
    10      O                 -0.325
    11      H                  0.131
    12      H                  0.131
    13      H                  0.131
    14      H                  0.130
    15      H                  0.132
    16      H                  0.091
    17      H                  0.086
    18      H                  0.084
    19      H                  0.098
    20      H                  0.062
    21      H                  0.105
    22      H                  0.196
 Total Mulliken Charge =       0.000
 
                  X        Y        Z     TOTAL  
  QM DIPOLE    -1.120    0.100   -1.067    1.550
 
 Final Structure

  QMMM: QM Region Cartesian Coordinates (*=link atom) 
  QMMM: QM_NO.   MM_NO.  ATOM         X         Y         Z
  QMMM:     1        1      C        1.8644   -1.0689   -0.1207
  QMMM:     2        2      C        0.7232   -0.5856    0.5182
  QMMM:     3        3      C        2.9636   -1.4755    0.6362
  QMMM:     4        4      C        0.6795   -0.5074    1.9097
  QMMM:     5        5      C        2.9219   -1.3986    2.0267
  QMMM:     6        6      C        1.7790   -0.9128    2.6742
  QMMM:     7        7      C        1.7354   -0.8421    4.1603
  QMMM:     8        8      C        2.6232    0.2630    4.6957
  QMMM:     9        9      C        2.5742    0.3058    6.2132
  QMMM:    10       10      O        3.4724    1.2625    6.7411
  QMMM:    11       11      H        1.8978   -1.1304   -1.2180
  QMMM:    12       12      H       -0.1456   -0.2652   -0.0753
  QMMM:    13       13      H        3.8649   -1.8582    0.1352
  QMMM:    14       14      H       -0.2242   -0.1266    2.4084
  QMMM:    15       15      H        3.7890   -1.7201    2.6229
  QMMM:    16       16      H        2.0704   -1.8265    4.5872
  QMMM:    17       17      H        0.6807   -0.6727    4.5072
  QMMM:    18       18      H        2.2939    1.2515    4.2811
  QMMM:    19       19      H        3.6813    0.0989    4.3618
  QMMM:    20       20      H        1.5299    0.5254    6.5646
  QMMM:    21       21      H        2.9136   -0.6698    6.6551
  QMMM:    22       22      H        3.2514    2.1134    6.3444

           --------- Calculation Completed ----------

