            --------------------------------------------------------
                             AMBER SQM VERSION 19
 
                                     By
              Ross C. Walker, Michael F. Crowley, Scott Brozell,
                         Tim Giese, Andreas W. Goetz,
                        Tai-Sung Lee and David A. Case
 
            --------------------------------------------------------
 

--------------------------------------------------------------------------------
  QM CALCULATION INFO
--------------------------------------------------------------------------------

| QMMM: Citation for AMBER QMMM Run:
| QMMM: R.C. Walker, M.F. Crowley and D.A. Case, J. COMP. CHEM. 29:1019, 2008

QMMM: SINGLET STATE CALCULATION
QMMM: RHF CALCULATION, NO. OF DOUBLY OCCUPIED LEVELS = 45

| QMMM: *** Selected Hamiltonian *** 
| QMMM: AM1         

| QMMM: *** Parameter sets in use ***
| QMMM: C : M.J.S.DEWAR et al. JACS, 107, 3902, (1985)
| QMMM: N : M.J.S.DEWAR et al. JACS, 107, 3902, (1985)
| QMMM: S : M.J.S.DEWAR et al. INORG. CHEM., 29, 3881, (1990)
| QMMM: H : M.J.S.DEWAR et al. JACS, 107, 3902, (1985)

| QMMM: *** SCF convergence criteria ***
| QMMM: Energy change                :  0.1D-09 kcal/mol
| QMMM: Error matrix |FP-PF|         :  0.1D+00 au
| QMMM: Density matrix change        :  0.5D-06
| QMMM: Maximum number of SCF cycles :     1000

| QMMM: *** Diagonalization Routine Information ***
| QMMM: Pseudo diagonalizations are allowed.
| QMMM: Auto diagonalization routine selection is in use.
| QMMM:
| QMMM: Timing diagonalization routines:
| QMMM:                              norbs =       83
| QMMM:    diag iterations used for timing =       15
| QMMM:
| QMMM:              Internal diag routine = 0.052743 seconds
| QMMM:                 Dspev diag routine = 0.072774 seconds
| QMMM:                Dspevd diag routine = 0.011712 seconds
| QMMM:                Dspevx diag routine = 0.053860 seconds
| QMMM:                 Dsyev diag routine = 0.012584 seconds
| QMMM:                Dsyevd diag routine = 0.025085 seconds
| QMMM:                Dsyevr diag routine = 0.020801 seconds
| QMMM:
| QMMM:                Pseudo diag routine = 0.009671 seconds
| QMMM:
| QMMM: Using dspevd routine (diag_routine=3).

  QMMM: QM Region Cartesian Coordinates (*=link atom) 
  QMMM: QM_NO.   MM_NO.  ATOM         X         Y         Z
  QMMM:     1        1      C        2.7760   -3.6120    4.1800
  QMMM:     2        2      C        1.4480   -1.7920    4.1040
  QMMM:     3        3      C        1.1920   -3.3150    5.7210
  QMMM:     4        4      C        5.0740   -5.3440    1.8490
  QMMM:     5        5      C        0.3950    1.0380    1.9010
  QMMM:     6        6      C        2.6300   -0.0410    1.7480
  QMMM:     7        7      C        0.5280   -1.3650    1.2480
  QMMM:     8        8      C       -0.1600   -2.3470    7.9010
  QMMM:     9        9      C        3.9700   -4.3790    2.2490
  QMMM:    10       10      C        1.1620   -0.2810    2.1320
  QMMM:    11       11      N        2.4430   -2.4820    3.5710
  QMMM:    12       12      N        2.1710   -4.0800    5.2560
  QMMM:    13       13      N        0.7830   -2.1720    5.1820
  QMMM:    14       14      N        3.8150   -4.3960    3.6920
  QMMM:    15       15      N        1.0260   -0.5970    3.5560
  QMMM:    16       16      S        0.3430   -3.9190    7.1640
  QMMM:    17       17      H        6.0250   -5.0690    2.3180
  QMMM:    18       18      H        4.8330   -6.3670    2.1580
  QMMM:    19       19      H        5.2120   -5.3380    0.7640
  QMMM:    20       20      H       -0.6650    0.9310    2.1580
  QMMM:    21       21      H        0.8000    1.8450    2.5220
  QMMM:    22       22      H        0.4540    1.3570    0.8540
  QMMM:    23       23      H        3.2220   -0.9600    1.7630
  QMMM:    24       24      H        3.1060    0.6700    2.4320
  QMMM:    25       25      H        2.7080    0.3660    0.7330
  QMMM:    26       26      H        1.0710   -2.3150    1.3060
  QMMM:    27       27      H       -0.5090   -1.5620    1.5450
  QMMM:    28       28      H        0.5240   -1.0610    0.1950
  QMMM:    29       29      H       -0.6280   -2.5420    8.8700
  QMMM:    30       30      H       -0.8900   -1.8340    7.2680
  QMMM:    31       31      H        0.7060   -1.6990    8.0620
  QMMM:    32       32      H        3.0370   -4.6780    1.7560
  QMMM:    33       33      H        4.2400   -3.3760    1.8990
  QMMM:    34       34      H        3.7000   -5.3130    4.1120
  QMMM:    35       35      H        0.1160   -0.4000    3.9600

--------------------------------------------------------------------------------
  RESULTS
--------------------------------------------------------------------------------

      iter         sqm energy              rms gradient
      ----    -------------------    -----------------------
xmin    10       50.6160 kcal/mol        1.0150 kcal/(mol*A)
xmin    20       50.2246 kcal/mol        0.6010 kcal/(mol*A)
xmin    30       50.1342 kcal/mol        0.1960 kcal/(mol*A)
xmin    40       50.1055 kcal/mol        0.1140 kcal/(mol*A)
xmin    50       50.1011 kcal/mol        0.0178 kcal/(mol*A)
xmin    60       50.1006 kcal/mol        0.0232 kcal/(mol*A)
xmin    70       50.0989 kcal/mol        0.0342 kcal/(mol*A)
xmin    80       50.0981 kcal/mol        0.0125 kcal/(mol*A)
xmin    90       50.0980 kcal/mol        0.0078 kcal/(mol*A)
xmin   100       50.0979 kcal/mol        0.0041 kcal/(mol*A)
xmin   110       50.0978 kcal/mol        0.0093 kcal/(mol*A)
xmin   120       50.0978 kcal/mol        0.0022 kcal/(mol*A)
xmin   130       50.0978 kcal/mol        0.0037 kcal/(mol*A)
xmin   140       50.0977 kcal/mol        0.0005 kcal/(mol*A)
  ... geometry converged !
 
 Final MO eigenvalues (eV):
 -40.3127  -38.6154  -37.2398  -34.1342  -33.2485  -31.3793  -30.5856  -29.6546
 -27.9767  -27.7875  -25.4558  -24.0654  -23.0374  -21.1851  -19.2183  -18.7063
 -17.3293  -16.5441  -16.3045  -16.1849  -15.7335  -15.5215  -15.2668  -15.0693
 -14.9375  -14.4239  -14.3188  -13.6359  -13.4568  -13.3255  -13.2266  -13.0493
 -12.9028  -12.7780  -12.5302  -12.4511  -11.8274  -11.7709  -11.6451  -11.4309
 -10.6570  -10.2938   -9.5621   -9.2094   -8.6225    0.2568    0.4442    0.4490
   1.4041    1.8465    2.1579    2.7917    3.4808    3.5387    3.7057    3.7791
   3.8016    3.9143    3.9624    4.0201    4.0512    4.1198    4.3010    4.3765
   4.4593    4.5562    4.5707    4.6678    4.6778    4.7205    4.7360    4.7541
   4.8827    4.9116    5.0821    5.1372    5.2514    5.3640    5.7855    6.2524
   6.3075    6.4766    7.4922

 Heat of formation   =         50.09774557 kcal/mol  (        2.17240127 eV)

 Total SCF energy    =     -63895.07847605 kcal/mol  (    -2770.69851594 eV)
 Electronic energy   =    -410345.64321575 kcal/mol  (   -17793.92234577 eV)
 Core-core repulsion =     346450.56473971 kcal/mol  (    15023.22382983 eV)
 
    Atomic Charges for Step       1 :
  Atom    Element       Mulliken Charge
     1      C                  0.209
     2      C                  0.220
     3      C                 -0.052
     4      C                 -0.230
     5      C                 -0.226
     6      C                 -0.211
     7      C                 -0.235
     8      C                 -0.367
     9      C                 -0.021
    10      C                  0.089
    11      N                 -0.315
    12      N                 -0.283
    13      N                 -0.325
    14      N                 -0.292
    15      N                 -0.283
    16      S                  0.311
    17      H                  0.087
    18      H                  0.078
    19      H                  0.089
    20      H                  0.076
    21      H                  0.087
    22      H                  0.088
    23      H                  0.102
    24      H                  0.086
    25      H                  0.071
    26      H                  0.100
    27      H                  0.074
    28      H                  0.080
    29      H                  0.115
    30      H                  0.112
    31      H                  0.115
    32      H                  0.077
    33      H                  0.103
    34      H                  0.239
    35      H                  0.232
 Total Mulliken Charge =       0.000
 
                  X        Y        Z     TOTAL  
  QM DIPOLE    -0.842    0.900   -2.565    2.846
 
 Final Structure

  QMMM: QM Region Cartesian Coordinates (*=link atom) 
  QMMM: QM_NO.   MM_NO.  ATOM         X         Y         Z
  QMMM:     1        1      C        2.7395   -3.7190    4.1676
  QMMM:     2        2      C        1.3968   -1.8044    4.1126
  QMMM:     3        3      C        1.3657   -3.2118    5.9685
  QMMM:     4        4      C        5.1317   -5.4420    1.7997
  QMMM:     5        5      C        0.4298    1.1020    1.8842
  QMMM:     6        6      C        2.5876   -0.1036    1.6919
  QMMM:     7        7      C        0.4465   -1.2758    1.1846
  QMMM:     8        8      C       -0.3430   -2.3941    7.9870
  QMMM:     9        9      C        4.0984   -4.4097    2.2234
  QMMM:    10       10      C        1.1205   -0.2605    2.1221
  QMMM:    11       11      N        2.3087   -2.6096    3.4533
  QMMM:    12       12      N        2.2798   -4.0731    5.4373
  QMMM:    13       13      N        0.8793   -2.0838    5.3819
  QMMM:    14       14      N        3.7315   -4.5232    3.6130
  QMMM:    15       15      N        0.9858   -0.6036    3.5378
  QMMM:    16       16      S        0.7920   -3.6468    7.5392
  QMMM:    17       17      H        6.0711   -5.3438    2.3951
  QMMM:    18       18      H        4.7419   -6.4814    1.9196
  QMMM:    19       19      H        5.3748   -5.2766    0.7225
  QMMM:    20       20      H       -0.6554    1.0528    2.1405
  QMMM:    21       21      H        0.9132    1.9023    2.4933
  QMMM:    22       22      H        0.5241    1.3695    0.8052
  QMMM:    23       23      H        3.0930   -1.0930    1.5986
  QMMM:    24       24      H        3.1517    0.5230    2.4226
  QMMM:    25       25      H        2.6157    0.3978    0.6942
  QMMM:    26       26      H        0.9386   -2.2742    1.2464
  QMMM:    27       27      H       -0.6348   -1.3892    1.4360
  QMMM:    28       28      H        0.5312   -0.9081    0.1339
  QMMM:    29       29      H       -0.6944   -2.6835    9.0062
  QMMM:    30       30      H       -1.2168   -2.3394    7.3003
  QMMM:    31       31      H        0.1253   -1.3856    8.0340
  QMMM:    32       32      H        3.1849   -4.5163    1.5670
  QMMM:    33       33      H        4.5152   -3.3746    2.0512
  QMMM:    34       34      H        3.9067   -5.3955    4.0609
  QMMM:    35       35      H        0.2214   -0.1544    3.9972

           --------- Calculation Completed ----------

