            --------------------------------------------------------
                             AMBER SQM VERSION 19
 
                                     By
              Ross C. Walker, Michael F. Crowley, Scott Brozell,
                         Tim Giese, Andreas W. Goetz,
                        Tai-Sung Lee and David A. Case
 
            --------------------------------------------------------
 

--------------------------------------------------------------------------------
  QM CALCULATION INFO
--------------------------------------------------------------------------------

| QMMM: Citation for AMBER QMMM Run:
| QMMM: R.C. Walker, M.F. Crowley and D.A. Case, J. COMP. CHEM. 29:1019, 2008

QMMM: SINGLET STATE CALCULATION
QMMM: RHF CALCULATION, NO. OF DOUBLY OCCUPIED LEVELS = 17

| QMMM: *** Selected Hamiltonian *** 
| QMMM: AM1         

| QMMM: *** Parameter sets in use ***
| QMMM: C : M.J.S.DEWAR et al. JACS, 107, 3902, (1985)
| QMMM: O : M.J.S.DEWAR et al. JACS, 107, 3902, (1985)
| QMMM: H : M.J.S.DEWAR et al. JACS, 107, 3902, (1985)

| QMMM: *** SCF convergence criteria ***
| QMMM: Energy change                :  0.1D-09 kcal/mol
| QMMM: Error matrix |FP-PF|         :  0.1D+00 au
| QMMM: Density matrix change        :  0.5D-06
| QMMM: Maximum number of SCF cycles :     1000

| QMMM: *** Diagonalization Routine Information ***
| QMMM: Pseudo diagonalizations are allowed.
| QMMM: Auto diagonalization routine selection is in use.
| QMMM:
| QMMM: Timing diagonalization routines:
| QMMM:                              norbs =       32
| QMMM:    diag iterations used for timing =       20
| QMMM:
| QMMM:              Internal diag routine = 0.001916 seconds
| QMMM:                 Dspev diag routine = 0.014699 seconds
| QMMM:                Dspevd diag routine = 0.002179 seconds
| QMMM:                Dspevx diag routine = 0.026505 seconds
| QMMM:                 Dsyev diag routine = 0.006867 seconds
| QMMM:                Dsyevd diag routine = 0.002135 seconds
| QMMM:                Dsyevr diag routine = 0.006857 seconds
| QMMM:
| QMMM:                Pseudo diag routine = 0.000553 seconds
| QMMM:
| QMMM: Using internal diagonalization routine (diag_routine=1).

  QMMM: QM Region Cartesian Coordinates (*=link atom) 
  QMMM: QM_NO.   MM_NO.  ATOM         X         Y         Z
  QMMM:     1        1      C        2.3860    0.7990    3.1700
  QMMM:     2        2      C        0.0370    1.7910    2.9130
  QMMM:     3        3      C        0.7570    2.0270    1.6180
  QMMM:     4        4      C        1.0820    0.8320    2.4500
  QMMM:     5        5      C        3.0370   -0.5480    3.2860
  QMMM:     6        6      O        2.8710    1.8270    3.6260
  QMMM:     7        7      H        0.2850    2.4280    3.7540
  QMMM:     8        8      H       -1.0060    1.5040    2.8630
  QMMM:     9        9      H        0.1970    1.8990    0.7000
  QMMM:    10       10      H        1.4890    2.8250    1.5870
  QMMM:    11       11      H        0.7590   -0.1320    2.0940
  QMMM:    12       12      H        2.3790   -1.2300    3.8300
  QMMM:    13       13      H        3.2470   -0.9430    2.2890
  QMMM:    14       14      H        3.9780   -0.4530    3.8340

--------------------------------------------------------------------------------
  RESULTS
--------------------------------------------------------------------------------

      iter         sqm energy              rms gradient
      ----    -------------------    -----------------------
xmin    10      -20.2863 kcal/mol        0.1066 kcal/(mol*A)
xmin    20      -20.2871 kcal/mol        0.0114 kcal/(mol*A)
xmin    30      -20.2871 kcal/mol        0.0049 kcal/(mol*A)
xmin    40      -20.2871 kcal/mol        0.0034 kcal/(mol*A)
xmin    50      -20.2871 kcal/mol        0.0017 kcal/(mol*A)
  ... geometry converged !
 
 Final MO eigenvalues (eV):
 -40.3214  -37.0693  -31.4003  -24.8988  -23.4121  -20.1985  -17.3482  -16.4981
 -15.4948  -15.1438  -13.8848  -13.1258  -13.0312  -12.4159  -11.8937  -11.5670
 -10.5687    0.7871    2.8702    3.0248    3.6202    3.8885    3.8943    3.9496
   4.1919    4.2378    4.4808    4.5348    4.7839    4.8693    4.9027    6.5597


 Heat of formation   =        -20.28713200 kcal/mol  (       -0.87971606 eV)

 Total SCF energy    =     -24673.85231426 kcal/mol  (    -1069.93852453 eV)
 Electronic energy   =     -92622.80437954 kcal/mol  (    -4016.42619052 eV)
 Core-core repulsion =      67948.95206528 kcal/mol  (     2946.48766599 eV)
 
    Atomic Charges for Step       1 :
  Atom    Element       Mulliken Charge
     1      C                  0.256
     2      C                 -0.181
     3      C                 -0.181
     4      C                 -0.247
     5      C                 -0.266
     6      O                 -0.300
     7      H                  0.128
     8      H                  0.112
     9      H                  0.112
    10      H                  0.128
    11      H                  0.128
    12      H                  0.101
    13      H                  0.101
    14      H                  0.106
 Total Mulliken Charge =      -0.000
 
                  X        Y        Z     TOTAL  
  QM DIPOLE    -1.381   -1.989   -1.134    2.674
 
 Final Structure

  QMMM: QM Region Cartesian Coordinates (*=link atom) 
  QMMM: QM_NO.   MM_NO.  ATOM         X         Y         Z
  QMMM:     1        1      C        2.3954    0.8091    3.1762
  QMMM:     2        2      C        0.0274    1.8036    2.9088
  QMMM:     3        3      C        0.7437    2.0397    1.6189
  QMMM:     4        4      C        1.0967    0.8345    2.4598
  QMMM:     5        5      C        3.0364   -0.5379    3.2840
  QMMM:     6        6      O        2.9169    1.8241    3.6527
  QMMM:     7        7      H        0.2498    2.4628    3.7685
  QMMM:     8        8      H       -1.0240    1.4673    2.8955
  QMMM:     9        9      H        0.2154    1.8758    0.6634
  QMMM:    10       10      H        1.4756    2.8668    1.5610
  QMMM:    11       11      H        0.7788   -0.1640    2.1005
  QMMM:    12       12      H        2.3549   -1.2361    3.8285
  QMMM:    13       13      H        3.2250   -0.9474    2.2617
  QMMM:    14       14      H        4.0059   -0.4723    3.8345

           --------- Calculation Completed ----------

