            --------------------------------------------------------
                             AMBER SQM VERSION 19
 
                                     By
              Ross C. Walker, Michael F. Crowley, Scott Brozell,
                         Tim Giese, Andreas W. Goetz,
                        Tai-Sung Lee and David A. Case
 
            --------------------------------------------------------
 

--------------------------------------------------------------------------------
  QM CALCULATION INFO
--------------------------------------------------------------------------------

| QMMM: Citation for AMBER QMMM Run:
| QMMM: R.C. Walker, M.F. Crowley and D.A. Case, J. COMP. CHEM. 29:1019, 2008

QMMM: SINGLET STATE CALCULATION
QMMM: RHF CALCULATION, NO. OF DOUBLY OCCUPIED LEVELS = 21

| QMMM: *** Selected Hamiltonian *** 
| QMMM: AM1         

| QMMM: *** Parameter sets in use ***
| QMMM: C : M.J.S.DEWAR et al. JACS, 107, 3902, (1985)
| QMMM: Cl: M.J.S.DEWAR et al. THEOCHEM, 180, 1, (1988)
| QMMM: H : M.J.S.DEWAR et al. JACS, 107, 3902, (1985)

| QMMM: *** SCF convergence criteria ***
| QMMM: Energy change                :  0.1D-09 kcal/mol
| QMMM: Error matrix |FP-PF|         :  0.1D+00 au
| QMMM: Density matrix change        :  0.5D-06
| QMMM: Maximum number of SCF cycles :     1000

| QMMM: *** Diagonalization Routine Information ***
| QMMM: Pseudo diagonalizations are allowed.
| QMMM: Auto diagonalization routine selection is in use.
| QMMM:
| QMMM: Timing diagonalization routines:
| QMMM:                              norbs =       36
| QMMM:    diag iterations used for timing =       20
| QMMM:
| QMMM:              Internal diag routine = 0.003898 seconds
| QMMM:                 Dspev diag routine = 0.012799 seconds
| QMMM:                Dspevd diag routine = 0.004179 seconds
| QMMM:                Dspevx diag routine = 0.029914 seconds
| QMMM:                 Dsyev diag routine = 0.004739 seconds
| QMMM:                Dsyevd diag routine = 0.004860 seconds
| QMMM:                Dsyevr diag routine = 0.009609 seconds
| QMMM:
| QMMM:                Pseudo diag routine = 0.000967 seconds
| QMMM:
| QMMM: Using internal diagonalization routine (diag_routine=1).

  QMMM: QM Region Cartesian Coordinates (*=link atom) 
  QMMM: QM_NO.   MM_NO.  ATOM         X         Y         Z
  QMMM:     1        1      C        0.8320   -0.3950    0.5750
  QMMM:     2        2      C        1.8990   -1.0140   -0.0770
  QMMM:     3        3      C        0.8350   -0.2830    1.9660
  QMMM:     4        4      C        2.9710   -1.4090    2.0520
  QMMM:     5        5      C        2.9680   -1.5200    0.6620
  QMMM:     6        6      C        1.9040   -0.7900    2.7040
  QMMM:     7        7      Cl       4.2840   -2.2840   -0.1430
  QMMM:     8        8      Cl       1.9070   -0.6510    4.4200
  QMMM:     9        9      H        0.0000    0.0000   -0.0000
  QMMM:    10       10      H        1.8830   -1.0950   -1.1610
  QMMM:    11       11      H       -0.0030    0.2020    2.4600
  QMMM:    12       12      H        3.8040   -1.8040    2.6290

--------------------------------------------------------------------------------
  RESULTS
--------------------------------------------------------------------------------

      iter         sqm energy              rms gradient
      ----    -------------------    -----------------------
xmin    10        8.1041 kcal/mol        0.0055 kcal/(mol*A)
  ... geometry converged !
 
 Final MO eigenvalues (eV):
 -39.9927  -38.0016  -37.3383  -31.8680  -31.4568  -23.8970  -23.7577  -18.7254
 -16.9714  -16.7495  -15.4184  -14.9522  -14.8924  -13.4817  -13.1009  -12.9321
 -12.1207  -11.9969  -11.9189   -9.9997   -9.6813   -0.1577   -0.0591    0.9815
   1.3996    2.2881    3.4646    3.6349    3.7219    3.9860    4.2404    4.4440
   4.8020    4.8872    5.0523    5.3735

 Heat of formation   =          8.10413135 kcal/mol  (        0.35142151 eV)

 Total SCF energy    =     -36218.21006803 kcal/mol  (    -1570.53944183 eV)
 Electronic energy   =    -127891.61134373 kcal/mol  (    -5545.79642443 eV)
 Core-core repulsion =      91673.40127571 kcal/mol  (     3975.25698260 eV)
 
    Atomic Charges for Step       1 :
  Atom    Element       Mulliken Charge
     1      C                 -0.113
     2      C                 -0.125
     3      C                 -0.125
     4      C                 -0.121
     5      C                 -0.054
     6      C                 -0.054
     7      Cl                -0.007
     8      Cl                -0.007
     9      H                  0.143
    10      H                  0.151
    11      H                  0.151
    12      H                  0.162
 Total Mulliken Charge =      -0.000
 
                  X        Y        Z     TOTAL  
  QM DIPOLE    -0.945    0.448   -0.653    1.233
 
 Final Structure

  QMMM: QM Region Cartesian Coordinates (*=link atom) 
  QMMM: QM_NO.   MM_NO.  ATOM         X         Y         Z
  QMMM:     1        1      C        0.8341   -0.3958    0.5765
  QMMM:     2        2      C        1.8967   -1.0132   -0.0815
  QMMM:     3        3      C        0.8302   -0.2803    1.9657
  QMMM:     4        4      C        2.9805   -1.4134    2.0590
  QMMM:     5        5      C        2.9657   -1.5193    0.6651
  QMMM:     6        6      C        1.9054   -0.7908    2.7002
  QMMM:     7        7      Cl       4.2654   -2.2735   -0.1284
  QMMM:     8        8      Cl       1.9093   -0.6545    4.3941
  QMMM:     9        9      H       -0.0096    0.0041   -0.0062
  QMMM:    10       10      H        1.8934   -1.1010   -1.1784
  QMMM:    11       11      H       -0.0119    0.2082    2.4788
  QMMM:    12       12      H        3.8246   -1.8135    2.6420

           --------- Calculation Completed ----------

