            --------------------------------------------------------
                             AMBER SQM VERSION 19
 
                                     By
              Ross C. Walker, Michael F. Crowley, Scott Brozell,
                         Tim Giese, Andreas W. Goetz,
                        Tai-Sung Lee and David A. Case
 
            --------------------------------------------------------
 

--------------------------------------------------------------------------------
  QM CALCULATION INFO
--------------------------------------------------------------------------------

| QMMM: Citation for AMBER QMMM Run:
| QMMM: R.C. Walker, M.F. Crowley and D.A. Case, J. COMP. CHEM. 29:1019, 2008

QMMM: SINGLET STATE CALCULATION
QMMM: RHF CALCULATION, NO. OF DOUBLY OCCUPIED LEVELS = 18

| QMMM: *** Selected Hamiltonian *** 
| QMMM: AM1         

| QMMM: *** Parameter sets in use ***
| QMMM: C : M.J.S.DEWAR et al. JACS, 107, 3902, (1985)
| QMMM: N : M.J.S.DEWAR et al. JACS, 107, 3902, (1985)
| QMMM: H : M.J.S.DEWAR et al. JACS, 107, 3902, (1985)

| QMMM: *** SCF convergence criteria ***
| QMMM: Energy change                :  0.1D-09 kcal/mol
| QMMM: Error matrix |FP-PF|         :  0.1D+00 au
| QMMM: Density matrix change        :  0.5D-06
| QMMM: Maximum number of SCF cycles :     1000

| QMMM: *** Diagonalization Routine Information ***
| QMMM: Pseudo diagonalizations are allowed.
| QMMM: Auto diagonalization routine selection is in use.
| QMMM:
| QMMM: Timing diagonalization routines:
| QMMM:                              norbs =       34
| QMMM:    diag iterations used for timing =       20
| QMMM:
| QMMM:              Internal diag routine = 0.002327 seconds
| QMMM:                 Dspev diag routine = 0.003015 seconds
| QMMM:                Dspevd diag routine = 0.009157 seconds
| QMMM:                Dspevx diag routine = 0.015694 seconds
| QMMM:                 Dsyev diag routine = 0.004215 seconds
| QMMM:                Dsyevd diag routine = 0.002709 seconds
| QMMM:                Dsyevr diag routine = 0.006816 seconds
| QMMM:
| QMMM:                Pseudo diag routine = 0.000581 seconds
| QMMM:
| QMMM: Using internal diagonalization routine (diag_routine=1).

  QMMM: QM Region Cartesian Coordinates (*=link atom) 
  QMMM: QM_NO.   MM_NO.  ATOM         X         Y         Z
  QMMM:     1        1      C        1.0040   -0.2220    0.3780
  QMMM:     2        2      C        1.0010   -1.5990    1.0420
  QMMM:     3        3      C        2.6910    0.5170    1.9300
  QMMM:     4        4      C        2.6830   -0.8620    2.5900
  QMMM:     5        5      N        1.3940    0.8220    1.3270
  QMMM:     6        6      N        2.3000   -1.9120    1.6420
  QMMM:     7        7      H        1.6830   -0.2170   -0.4840
  QMMM:     8        8      H        0.0000   -0.0000   -0.0000
  QMMM:     9        9      H        0.2140   -1.6500    1.8060
  QMMM:    10       10      H        0.7660   -2.3610    0.2900
  QMMM:    11       11      H        2.9210    1.2770    2.6850
  QMMM:    12       12      H        3.4800    0.5700    1.1690
  QMMM:    13       13      H        3.6850   -1.0840    2.9750
  QMMM:    14       14      H        2.0010   -0.8680    3.4490
  QMMM:    15       15      H        1.4440    1.7190    0.8470
  QMMM:    16       16      H        2.2420   -2.8060    2.1290

--------------------------------------------------------------------------------
  RESULTS
--------------------------------------------------------------------------------

      iter         sqm energy              rms gradient
      ----    -------------------    -----------------------
xmin    10       -0.4679 kcal/mol        0.0915 kcal/(mol*A)
xmin    20       -0.4688 kcal/mol        0.0035 kcal/(mol*A)
  ... geometry converged !
 
 Final MO eigenvalues (eV):
 -39.1994  -34.5126  -31.4977  -26.0223  -24.3099  -19.8894  -18.1499  -16.4521
 -15.6920  -15.4431  -15.0821  -14.1503  -12.9785  -12.0207  -11.9996  -11.7478
  -9.5902   -9.1904    3.2421    3.2960    3.8439    3.9501    4.1275    4.1492
   4.2291    4.4155    4.6336    4.6413    4.8431    4.9504    6.1262    6.1479
   6.1701    6.3796

 Heat of formation   =         -0.46881592 kcal/mol  (       -0.02032938 eV)

 Total SCF energy    =     -24539.16087077 kcal/mol  (    -1064.09786526 eV)
 Electronic energy   =    -104165.37888817 kcal/mol  (    -4516.94978050 eV)
 Core-core repulsion =      79626.21801740 kcal/mol  (     3452.85191524 eV)
 
    Atomic Charges for Step       1 :
  Atom    Element       Mulliken Charge
     1      C                 -0.075
     2      C                 -0.075
     3      C                 -0.075
     4      C                 -0.075
     5      N                 -0.299
     6      N                 -0.299
     7      H                  0.057
     8      H                  0.089
     9      H                  0.057
    10      H                  0.089
    11      H                  0.089
    12      H                  0.057
    13      H                  0.089
    14      H                  0.057
    15      H                  0.158
    16      H                  0.158
 Total Mulliken Charge =      -0.000
 
                  X        Y        Z     TOTAL  
  QM DIPOLE    -0.000    0.000   -0.000    0.000
 
 Final Structure

  QMMM: QM Region Cartesian Coordinates (*=link atom) 
  QMMM: QM_NO.   MM_NO.  ATOM         X         Y         Z
  QMMM:     1        1      C        0.9862   -0.2138    0.3824
  QMMM:     2        2      C        1.0050   -1.6140    1.0290
  QMMM:     3        3      C        2.6836    0.5295    1.9429
  QMMM:     4        4      C        2.7024   -0.8707    2.5894
  QMMM:     5        5      N        1.4252    0.8294    1.2884
  QMMM:     6        6      N        2.2634   -1.9139    1.6835
  QMMM:     7        7      H        1.6089   -0.2512   -0.5591
  QMMM:     8        8      H       -0.0741    0.0193    0.0849
  QMMM:     9        9      H        0.1278   -1.6881    1.7364
  QMMM:    10       10      H        0.8560   -2.3768    0.2146
  QMMM:    11       11      H        2.8327    1.2923    2.7573
  QMMM:    12       12      H        3.5608    0.6036    1.2354
  QMMM:    13       13      H        3.7628   -1.1038    2.8869
  QMMM:    14       14      H        2.0798   -0.8333    3.5310
  QMMM:    15       15      H        1.4952    1.7012    0.7970
  QMMM:    16       16      H        2.1934   -2.7857    2.1749

           --------- Calculation Completed ----------

