            --------------------------------------------------------
                             AMBER SQM VERSION 19
 
                                     By
              Ross C. Walker, Michael F. Crowley, Scott Brozell,
                         Tim Giese, Andreas W. Goetz,
                        Tai-Sung Lee and David A. Case
 
            --------------------------------------------------------
 

--------------------------------------------------------------------------------
  QM CALCULATION INFO
--------------------------------------------------------------------------------

| QMMM: Citation for AMBER QMMM Run:
| QMMM: R.C. Walker, M.F. Crowley and D.A. Case, J. COMP. CHEM. 29:1019, 2008

QMMM: SINGLET STATE CALCULATION
QMMM: RHF CALCULATION, NO. OF DOUBLY OCCUPIED LEVELS = 16

| QMMM: *** Selected Hamiltonian *** 
| QMMM: AM1         

| QMMM: *** Parameter sets in use ***
| QMMM: C : M.J.S.DEWAR et al. JACS, 107, 3902, (1985)
| QMMM: S : M.J.S.DEWAR et al. INORG. CHEM., 29, 3881, (1990)
| QMMM: H : M.J.S.DEWAR et al. JACS, 107, 3902, (1985)

| QMMM: *** SCF convergence criteria ***
| QMMM: Energy change                :  0.1D-09 kcal/mol
| QMMM: Error matrix |FP-PF|         :  0.1D+00 au
| QMMM: Density matrix change        :  0.5D-06
| QMMM: Maximum number of SCF cycles :     1000

| QMMM: *** Diagonalization Routine Information ***
| QMMM: Pseudo diagonalizations are allowed.
| QMMM: Auto diagonalization routine selection is in use.
| QMMM:
| QMMM: Timing diagonalization routines:
| QMMM:                              norbs =       30
| QMMM:    diag iterations used for timing =       20
| QMMM:
| QMMM:              Internal diag routine = 0.002657 seconds
| QMMM:                 Dspev diag routine = 0.002938 seconds
| QMMM:                Dspevd diag routine = 0.009735 seconds
| QMMM:                Dspevx diag routine = 0.014137 seconds
| QMMM:                 Dsyev diag routine = 0.005000 seconds
| QMMM:                Dsyevd diag routine = 0.002845 seconds
| QMMM:                Dsyevr diag routine = 0.003686 seconds
| QMMM:
| QMMM:                Pseudo diag routine = 0.000594 seconds
| QMMM:
| QMMM: Using internal diagonalization routine (diag_routine=1).

  QMMM: QM Region Cartesian Coordinates (*=link atom) 
  QMMM: QM_NO.   MM_NO.  ATOM         X         Y         Z
  QMMM:     1        1      C        0.8880   -0.0990   -0.6260
  QMMM:     2        2      C        0.8880   -1.4200   -1.3800
  QMMM:     3        3      C       -0.3380   -1.5430   -2.2870
  QMMM:     4        4      C       -0.4450   -2.8930   -2.9950
  QMMM:     5        5      S        0.9540   -3.2250   -4.1060
  QMMM:     6        6      H        1.7690   -0.0300    0.0200
  QMMM:     7        7      H       -0.0030   -0.0060    0.0040
  QMMM:     8        8      H        0.9080    0.7480   -1.3190
  QMMM:     9        9      H        0.9010   -2.2440   -0.6580
  QMMM:    10       10      H        1.8110   -1.4870   -1.9660
  QMMM:    11       11      H       -0.3460   -0.7280   -3.0220
  QMMM:    12       12      H       -1.2400   -1.4130   -1.6750
  QMMM:    13       13      H       -0.5110   -3.7050   -2.2640
  QMMM:    14       14      H       -1.3590   -2.9160   -3.5980
  QMMM:    15       15      H        1.1280   -4.5000   -3.7360

--------------------------------------------------------------------------------
  RESULTS
--------------------------------------------------------------------------------

      iter         sqm energy              rms gradient
      ----    -------------------    -----------------------
xmin    10      -23.1258 kcal/mol        0.8262 kcal/(mol*A)
xmin    20      -23.4295 kcal/mol        0.1781 kcal/(mol*A)
xmin    30      -23.5870 kcal/mol        0.0990 kcal/(mol*A)
xmin    40      -23.6125 kcal/mol        0.2086 kcal/(mol*A)
xmin    50      -23.6157 kcal/mol        0.0650 kcal/(mol*A)
xmin    60      -23.6175 kcal/mol        0.0177 kcal/(mol*A)
xmin    70      -23.6177 kcal/mol        0.0098 kcal/(mol*A)
xmin    80      -23.6178 kcal/mol        0.0053 kcal/(mol*A)
xmin    90      -23.6179 kcal/mol        0.0010 kcal/(mol*A)
xmin   100      -23.6179 kcal/mol        0.0010 kcal/(mol*A)
  ... geometry converged !
 
 Final MO eigenvalues (eV):
 -36.5764  -31.2332  -24.9557  -21.8922  -18.1960  -16.8281  -15.4321  -14.9442
 -14.4627  -13.1367  -12.6380  -12.2929  -11.8778  -11.5541  -11.1458   -8.8716
   0.8550    1.7911    3.5148    3.7784    3.8793    4.1493    4.2914    4.5099
   4.5752    4.8308    4.8713    5.0395    5.1120    5.2290

 Heat of formation   =        -23.61786207 kcal/mol  (       -1.02414735 eV)

 Total SCF energy    =     -19488.79609705 kcal/mol  (     -845.09761489 eV)
 Electronic energy   =     -76716.15953687 kcal/mol  (    -3326.66231026 eV)
 Core-core repulsion =      57227.36343982 kcal/mol  (     2481.56469537 eV)
 
    Atomic Charges for Step       1 :
  Atom    Element       Mulliken Charge
     1      C                 -0.210
     2      C                 -0.163
     3      C                 -0.148
     4      C                 -0.247
     5      S                 -0.031
     6      H                  0.074
     7      H                  0.070
     8      H                  0.075
     9      H                  0.077
    10      H                  0.096
    11      H                  0.099
    12      H                  0.086
    13      H                  0.099
    14      H                  0.097
    15      H                  0.026
 Total Mulliken Charge =      -0.000
 
                  X        Y        Z     TOTAL  
  QM DIPOLE    -1.227   -0.820    0.829    1.693
 
 Final Structure

  QMMM: QM Region Cartesian Coordinates (*=link atom) 
  QMMM: QM_NO.   MM_NO.  ATOM         X         Y         Z
  QMMM:     1        1      C        0.8564   -0.0645   -0.6474
  QMMM:     2        2      C        0.8269   -1.4501   -1.2385
  QMMM:     3        3      C       -0.2878   -1.5921   -2.2548
  QMMM:     4        4      C       -0.3153   -2.9607   -2.8863
  QMMM:     5        5      S        0.9606   -3.0259   -4.1189
  QMMM:     6        6      H        1.6791    0.0178    0.1032
  QMMM:     7        7      H       -0.1100    0.1694   -0.1387
  QMMM:     8        8      H        1.0275    0.7004   -1.4431
  QMMM:     9        9      H        0.6867   -2.2058   -0.4209
  QMMM:    10       10      H        1.8097   -1.6744   -1.7332
  QMMM:    11       11      H       -0.1712   -0.8096   -3.0524
  QMMM:    12       12      H       -1.2745   -1.4058   -1.7509
  QMMM:    13       13      H       -0.1518   -3.7540   -2.1181
  QMMM:    14       14      H       -1.3079   -3.1431   -3.3648
  QMMM:    15       15      H        0.7767   -4.2627   -4.5432

           --------- Calculation Completed ----------

