            --------------------------------------------------------
                             AMBER SQM VERSION 19
 
                                     By
              Ross C. Walker, Michael F. Crowley, Scott Brozell,
                         Tim Giese, Andreas W. Goetz,
                        Tai-Sung Lee and David A. Case
 
            --------------------------------------------------------
 

--------------------------------------------------------------------------------
  QM CALCULATION INFO
--------------------------------------------------------------------------------

| QMMM: Citation for AMBER QMMM Run:
| QMMM: R.C. Walker, M.F. Crowley and D.A. Case, J. COMP. CHEM. 29:1019, 2008

QMMM: SINGLET STATE CALCULATION
QMMM: RHF CALCULATION, NO. OF DOUBLY OCCUPIED LEVELS = 21

| QMMM: *** Selected Hamiltonian *** 
| QMMM: AM1         

| QMMM: *** Parameter sets in use ***
| QMMM: C : M.J.S.DEWAR et al. JACS, 107, 3902, (1985)
| QMMM: N : M.J.S.DEWAR et al. JACS, 107, 3902, (1985)
| QMMM: H : M.J.S.DEWAR et al. JACS, 107, 3902, (1985)

| QMMM: *** SCF convergence criteria ***
| QMMM: Energy change                :  0.1D-09 kcal/mol
| QMMM: Error matrix |FP-PF|         :  0.1D+00 au
| QMMM: Density matrix change        :  0.5D-06
| QMMM: Maximum number of SCF cycles :     1000

| QMMM: *** Diagonalization Routine Information ***
| QMMM: Pseudo diagonalizations are allowed.
| QMMM: Auto diagonalization routine selection is in use.
| QMMM:
| QMMM: Timing diagonalization routines:
| QMMM:                              norbs =       41
| QMMM:    diag iterations used for timing =       20
| QMMM:
| QMMM:              Internal diag routine = 0.008379 seconds
| QMMM:                 Dspev diag routine = 0.015474 seconds
| QMMM:                Dspevd diag routine = 0.014887 seconds
| QMMM:                Dspevx diag routine = 0.031778 seconds
| QMMM:                 Dsyev diag routine = 0.010167 seconds
| QMMM:                Dsyevd diag routine = 0.005534 seconds
| QMMM:                Dsyevr diag routine = 0.004374 seconds
| QMMM:
| QMMM:                Pseudo diag routine = 0.000822 seconds
| QMMM:
| QMMM: Using dsyevr routine (diag_routine=7).

  QMMM: QM Region Cartesian Coordinates (*=link atom) 
  QMMM: QM_NO.   MM_NO.  ATOM         X         Y         Z
  QMMM:     1        1      C        1.8850   -1.0380   -0.1090
  QMMM:     2        2      C        0.8180   -0.4410    0.5630
  QMMM:     3        3      C        2.9350   -1.6040    0.6140
  QMMM:     4        4      C        0.8010   -0.4100    1.9570
  QMMM:     5        5      C        2.9180   -1.5730    2.0080
  QMMM:     6        6      C        1.8510   -0.9770    2.6800
  QMMM:     7        7      C        4.0560   -2.1880    2.7570
  QMMM:     8        8      N        1.8170   -0.9360    4.0910
  QMMM:     9        9      H        1.8980   -1.0610   -1.1950
  QMMM:    10       10      H        0.0000   -0.0000   -0.0000
  QMMM:    11       11      H        3.7610   -2.0660    0.0810
  QMMM:    12       12      H       -0.0360    0.0570    2.4690
  QMMM:    13       13      H        4.5590   -1.4310    3.3690
  QMMM:    14       14      H        3.7080   -2.9950    3.4130
  QMMM:    15       15      H        4.7900   -2.6270    2.0700
  QMMM:    16       16      H        2.4100   -1.5500    4.6090
  QMMM:    17       17      H        1.1340   -0.3640    4.5450

--------------------------------------------------------------------------------
  RESULTS
--------------------------------------------------------------------------------

      iter         sqm energy              rms gradient
      ----    -------------------    -----------------------
xmin    10       13.1180 kcal/mol        1.0236 kcal/(mol*A)
xmin    20       13.0693 kcal/mol        0.2325 kcal/(mol*A)
xmin    30       13.0668 kcal/mol        0.0329 kcal/(mol*A)
xmin    40       13.0666 kcal/mol        0.0095 kcal/(mol*A)
xmin    50       13.0666 kcal/mol        0.0062 kcal/(mol*A)
xmin    60       13.0666 kcal/mol        0.0026 kcal/(mol*A)
  ... geometry converged !
 
 Final MO eigenvalues (eV):
 -39.7053  -35.2201  -33.1603  -29.4796  -27.1543  -22.9281  -21.7618  -17.7151
 -17.4384  -16.3094  -14.8519  -14.7640  -14.4681  -13.8793  -13.0887  -12.9810
 -12.0813  -11.7629  -11.5084   -9.4219   -8.4353    0.6007    0.6909    2.9423
   3.1364    3.8687    4.0519    4.1949    4.3467    4.5219    4.5815    4.6578
   4.7782    5.0211    5.1724    5.4162    5.6642    5.8603    5.9330    6.3010
   6.4203

 Heat of formation   =         13.06662931 kcal/mol  (        0.56661157 eV)

 Total SCF energy    =     -28301.05453747 kcal/mol  (    -1227.22581577 eV)
 Electronic energy   =    -127570.52801690 kcal/mol  (    -5531.87320658 eV)
 Core-core repulsion =      99269.47347942 kcal/mol  (     4304.64739081 eV)
 
    Atomic Charges for Step       1 :
  Atom    Element       Mulliken Charge
     1      C                 -0.170
     2      C                 -0.097
     3      C                 -0.094
     4      C                 -0.189
     5      C                 -0.128
     6      C                  0.055
     7      C                 -0.173
     8      N                 -0.325
     9      H                  0.130
    10      H                  0.129
    11      H                  0.128
    12      H                  0.129
    13      H                  0.087
    14      H                  0.071
    15      H                  0.082
    16      H                  0.183
    17      H                  0.181
 Total Mulliken Charge =      -0.000
 
                  X        Y        Z     TOTAL  
  QM DIPOLE    -0.514   -1.154    0.918    1.561
 
 Final Structure

  QMMM: QM Region Cartesian Coordinates (*=link atom) 
  QMMM: QM_NO.   MM_NO.  ATOM         X         Y         Z
  QMMM:     1        1      C        1.8753   -1.0471   -0.1064
  QMMM:     2        2      C        0.8258   -0.4252    0.5675
  QMMM:     3        3      C        2.9174   -1.6160    0.6206
  QMMM:     4        4      C        0.8137   -0.3719    1.9555
  QMMM:     5        5      C        2.9343   -1.5760    2.0162
  QMMM:     6        6      C        1.8698   -0.9383    2.7077
  QMMM:     7        7      C        4.0615   -2.1890    2.7566
  QMMM:     8        8      N        1.8940   -0.7964    4.1006
  QMMM:     9        9      H        1.8812   -1.0886   -1.2043
  QMMM:    10       10      H       -0.0014    0.0264   -0.0003
  QMMM:    11       11      H        3.7463   -2.1077    0.0878
  QMMM:    12       12      H       -0.0221    0.1255    2.4700
  QMMM:    13       13      H        4.5882   -1.4218    3.3784
  QMMM:    14       14      H        3.6953   -3.0009    3.4348
  QMMM:    15       15      H        4.8071   -2.6376    2.0546
  QMMM:    16       16      H        2.4207   -1.4970    4.5748
  QMMM:    17       17      H        0.9978   -0.6425    4.5078

           --------- Calculation Completed ----------

