            --------------------------------------------------------
                             AMBER SQM VERSION 19
 
                                     By
              Ross C. Walker, Michael F. Crowley, Scott Brozell,
                         Tim Giese, Andreas W. Goetz,
                        Tai-Sung Lee and David A. Case
 
            --------------------------------------------------------
 

--------------------------------------------------------------------------------
  QM CALCULATION INFO
--------------------------------------------------------------------------------

| QMMM: Citation for AMBER QMMM Run:
| QMMM: R.C. Walker, M.F. Crowley and D.A. Case, J. COMP. CHEM. 29:1019, 2008

QMMM: SINGLET STATE CALCULATION
QMMM: RHF CALCULATION, NO. OF DOUBLY OCCUPIED LEVELS = 27

| QMMM: *** Selected Hamiltonian *** 
| QMMM: AM1         

| QMMM: *** Parameter sets in use ***
| QMMM: C : M.J.S.DEWAR et al. JACS, 107, 3902, (1985)
| QMMM: O : M.J.S.DEWAR et al. JACS, 107, 3902, (1985)
| QMMM: H : M.J.S.DEWAR et al. JACS, 107, 3902, (1985)

| QMMM: *** SCF convergence criteria ***
| QMMM: Energy change                :  0.1D-09 kcal/mol
| QMMM: Error matrix |FP-PF|         :  0.1D+00 au
| QMMM: Density matrix change        :  0.5D-06
| QMMM: Maximum number of SCF cycles :     1000

| QMMM: *** Diagonalization Routine Information ***
| QMMM: Pseudo diagonalizations are allowed.
| QMMM: Auto diagonalization routine selection is in use.
| QMMM:
| QMMM: Timing diagonalization routines:
| QMMM:                              norbs =       50
| QMMM:    diag iterations used for timing =       20
| QMMM:
| QMMM:              Internal diag routine = 0.008928 seconds
| QMMM:                 Dspev diag routine = 0.015717 seconds
| QMMM:                Dspevd diag routine = 0.013915 seconds
| QMMM:                Dspevx diag routine = 0.040254 seconds
| QMMM:                 Dsyev diag routine = 0.014414 seconds
| QMMM:                Dsyevd diag routine = 0.003764 seconds
| QMMM:                Dsyevr diag routine = 0.007171 seconds
| QMMM:
| QMMM:                Pseudo diag routine = 0.001333 seconds
| QMMM:
| QMMM: Using dsyevd routine (diag_routine=6).

  QMMM: QM Region Cartesian Coordinates (*=link atom) 
  QMMM: QM_NO.   MM_NO.  ATOM         X         Y         Z
  QMMM:     1        1      C        1.5900    0.9610    6.3330
  QMMM:     2        2      C        0.0860    1.1280    0.1340
  QMMM:     3        3      C        2.6050    0.7410    8.4590
  QMMM:     4        4      C        1.7850    0.6050    4.8760
  QMMM:     5        5      C       -0.1410    1.4630    1.6000
  QMMM:     6        6      C        0.7150    1.2020    3.9620
  QMMM:     7        7      C        0.9240    0.8240    2.4920
  QMMM:     8        8      O        0.6590    1.6170    6.7800
  QMMM:     9        9      O        2.6330    0.4570    7.0560
  QMMM:    10       10      H        1.0610    1.4940   -0.2050
  QMMM:    11       11      H        0.0470    0.0470   -0.0320
  QMMM:    12       12      H       -0.6860    1.5950   -0.4850
  QMMM:    13       13      H        3.2410    0.0270    8.9890
  QMMM:    14       14      H        1.5780    0.6720    8.8250
  QMMM:    15       15      H        2.9820    1.7530    8.6240
  QMMM:    16       16      H        1.7930   -0.4860    4.7710
  QMMM:    17       17      H        2.7670    0.9890    4.5780
  QMMM:    18       18      H       -1.1360    1.1130    1.8990
  QMMM:    19       19      H       -0.1280    2.5520    1.7260
  QMMM:    20       20      H        0.7510    2.2950    4.0550
  QMMM:    21       21      H       -0.2820    0.8870    4.2890
  QMMM:    22       22      H        0.8890   -0.2650    2.3740
  QMMM:    23       23      H        1.9190    1.1510    2.1670

--------------------------------------------------------------------------------
  RESULTS
--------------------------------------------------------------------------------

      iter         sqm energy              rms gradient
      ----    -------------------    -----------------------
xmin    10     -123.0656 kcal/mol        0.1347 kcal/(mol*A)
xmin    20     -123.1357 kcal/mol        0.0764 kcal/(mol*A)
xmin    30     -123.1458 kcal/mol        0.0163 kcal/(mol*A)
xmin    40     -123.1462 kcal/mol        0.0083 kcal/(mol*A)
xmin    50     -123.1464 kcal/mol        0.0222 kcal/(mol*A)
xmin    60     -123.1466 kcal/mol        0.0076 kcal/(mol*A)
xmin    70     -123.1467 kcal/mol        0.0074 kcal/(mol*A)
xmin    80     -123.1469 kcal/mol        0.0123 kcal/(mol*A)
xmin    90     -123.1473 kcal/mol        0.0112 kcal/(mol*A)
xmin   100     -123.1476 kcal/mol        0.0076 kcal/(mol*A)
xmin   110     -123.1478 kcal/mol        0.0215 kcal/(mol*A)
xmin   120     -123.1481 kcal/mol        0.0202 kcal/(mol*A)
xmin   130     -123.1487 kcal/mol        0.0951 kcal/(mol*A)
xmin   140     -123.1498 kcal/mol        0.0200 kcal/(mol*A)
xmin   150     -123.1505 kcal/mol        0.0388 kcal/(mol*A)
xmin   160     -123.1516 kcal/mol        0.0364 kcal/(mol*A)
xmin   170     -123.1522 kcal/mol        0.0168 kcal/(mol*A)
xmin   180     -123.1535 kcal/mol        0.0200 kcal/(mol*A)
xmin   190     -123.1544 kcal/mol        0.1298 kcal/(mol*A)
xmin   200     -123.1551 kcal/mol        0.0137 kcal/(mol*A)
xmin   210     -123.1558 kcal/mol        0.0310 kcal/(mol*A)
xmin   220     -123.1566 kcal/mol        0.0364 kcal/(mol*A)
xmin   230     -123.1581 kcal/mol        0.0175 kcal/(mol*A)
xmin   240     -123.1588 kcal/mol        0.0800 kcal/(mol*A)
xmin   250     -123.1625 kcal/mol        0.0413 kcal/(mol*A)
xmin   260     -123.1640 kcal/mol        0.0732 kcal/(mol*A)
xmin   270     -123.1689 kcal/mol        0.0664 kcal/(mol*A)
xmin   280     -123.1712 kcal/mol        0.0896 kcal/(mol*A)
xmin   290     -123.1745 kcal/mol        0.0693 kcal/(mol*A)
xmin   300     -123.1763 kcal/mol        0.0121 kcal/(mol*A)
xmin   310     -123.1778 kcal/mol        0.0117 kcal/(mol*A)
xmin   320     -123.1793 kcal/mol        0.0222 kcal/(mol*A)
xmin   330     -123.1825 kcal/mol        0.0126 kcal/(mol*A)
xmin   340     -123.1844 kcal/mol        0.0095 kcal/(mol*A)
xmin   350     -123.1860 kcal/mol        0.0424 kcal/(mol*A)
xmin   360     -123.1867 kcal/mol        0.0121 kcal/(mol*A)
xmin   370     -123.1875 kcal/mol        0.0900 kcal/(mol*A)
xmin   380     -123.1883 kcal/mol        0.0086 kcal/(mol*A)
xmin   390     -123.1890 kcal/mol        0.0219 kcal/(mol*A)
xmin   400     -123.1894 kcal/mol        0.0163 kcal/(mol*A)
xmin   410     -123.1896 kcal/mol        0.0092 kcal/(mol*A)
xmin   420     -123.1900 kcal/mol        0.0704 kcal/(mol*A)
xmin   430     -123.1904 kcal/mol        0.0094 kcal/(mol*A)
xmin   440     -123.1906 kcal/mol        0.0215 kcal/(mol*A)
xmin   450     -123.1912 kcal/mol        0.0038 kcal/(mol*A)
xmin   460     -123.1915 kcal/mol        0.0273 kcal/(mol*A)
xmin   470     -123.1916 kcal/mol        0.0052 kcal/(mol*A)
xmin   480     -123.1916 kcal/mol        0.0063 kcal/(mol*A)
xmin   490     -123.1918 kcal/mol        0.0072 kcal/(mol*A)
xmin   500     -123.1919 kcal/mol        0.0377 kcal/(mol*A)
xmin   510     -123.1920 kcal/mol        0.0232 kcal/(mol*A)
xmin   520     -123.1921 kcal/mol        0.0123 kcal/(mol*A)
xmin   530     -123.1923 kcal/mol        0.0064 kcal/(mol*A)
xmin   540     -123.1923 kcal/mol        0.0024 kcal/(mol*A)
xmin   550     -123.1924 kcal/mol        0.0048 kcal/(mol*A)
xmin   560     -123.1924 kcal/mol        0.0031 kcal/(mol*A)
xmin   570     -123.1924 kcal/mol        0.0078 kcal/(mol*A)
xmin   580     -123.1924 kcal/mol        0.0006 kcal/(mol*A)
xmin   590     -123.1924 kcal/mol        0.0007 kcal/(mol*A)
xmin   600     -123.1924 kcal/mol        0.0009 kcal/(mol*A)
  ... geometry converged !
 
 Final MO eigenvalues (eV):
 -40.8064  -37.4029  -36.6599  -33.4763  -29.3453  -27.2865  -23.7410  -21.8033
 -21.3131  -18.3860  -17.3285  -17.1087  -16.5266  -15.0695  -14.9403  -14.5698
 -14.1451  -13.7708  -13.1104  -12.8644  -12.7371  -12.2653  -11.9035  -11.8197
 -11.4818  -11.3572  -11.2317    1.1528    2.0690    3.4395    3.6044    3.6399
   3.8376    4.0634    4.1064    4.1491    4.2319    4.2651    4.2888    4.4122
   4.4862    4.6688    4.7245    4.8307    4.9309    4.9929    5.0728    5.1611
   5.5221    6.8096

 Heat of formation   =       -123.19242525 kcal/mol  (       -5.34202442 eV)

 Total SCF energy    =     -39929.42370739 kcal/mol  (    -1731.46974144 eV)
 Electronic energy   =    -181352.94634376 kcal/mol  (    -7864.05387207 eV)
 Core-core repulsion =     141423.52263637 kcal/mol  (     6132.58413063 eV)
 
    Atomic Charges for Step       1 :
  Atom    Element       Mulliken Charge
     1      C                  0.300
     2      C                 -0.211
     3      C                 -0.064
     4      C                 -0.155
     5      C                 -0.159
     6      C                 -0.158
     7      C                 -0.158
     8      O                 -0.352
     9      O                 -0.282
    10      H                  0.073
    11      H                  0.072
    12      H                  0.074
    13      H                  0.101
    14      H                  0.084
    15      H                  0.084
    16      H                  0.117
    17      H                  0.118
    18      H                  0.080
    19      H                  0.082
    20      H                  0.104
    21      H                  0.090
    22      H                  0.080
    23      H                  0.081
 Total Mulliken Charge =       0.000
 
                  X        Y        Z     TOTAL  
  QM DIPOLE     0.610   -1.312   -0.834    1.670
 
 Final Structure

  QMMM: QM Region Cartesian Coordinates (*=link atom) 
  QMMM: QM_NO.   MM_NO.  ATOM         X         Y         Z
  QMMM:     1        1      C        1.8465    1.1881    6.2055
  QMMM:     2        2      C       -0.0008    1.0505    0.2076
  QMMM:     3        3      C        2.3129    0.5827    8.4624
  QMMM:     4        4      C        1.9916    0.7820    4.7728
  QMMM:     5        5      C       -0.2070    1.3301    1.6738
  QMMM:     6        6      C        0.7873    1.2105    3.9610
  QMMM:     7        7      C        1.0007    0.9216    2.4907
  QMMM:     8        8      O        1.3439    2.2076    6.6813
  QMMM:     9        9      O        2.3799    0.2701    7.0713
  QMMM:    10       10      H        0.8808    1.6149   -0.1818
  QMMM:    11       11      H        0.1768   -0.0385    0.0344
  QMMM:    12       12      H       -0.9020    1.3579   -0.3758
  QMMM:    13       13      H        2.8004   -0.2940    8.9553
  QMMM:    14       14      H        1.2472    0.6898    8.7778
  QMMM:    15       15      H        2.8685    1.5292    8.6674
  QMMM:    16       16      H        2.1360   -0.3288    4.7086
  QMMM:    17       17      H        2.9225    1.2722    4.3786
  QMMM:    18       18      H       -1.1109    0.7752    2.0403
  QMMM:    19       19      H       -0.4074    2.4238    1.8252
  QMMM:    20       20      H        0.6038    2.3072    4.1153
  QMMM:    21       21      H       -0.1243    0.6681    4.3257
  QMMM:    22       22      H        1.2000   -0.1729    2.3454
  QMMM:    23       23      H        1.9056    1.4747    2.1245

           --------- Calculation Completed ----------

