            --------------------------------------------------------
                             AMBER SQM VERSION 19
 
                                     By
              Ross C. Walker, Michael F. Crowley, Scott Brozell,
                         Tim Giese, Andreas W. Goetz,
                        Tai-Sung Lee and David A. Case
 
            --------------------------------------------------------
 

--------------------------------------------------------------------------------
  QM CALCULATION INFO
--------------------------------------------------------------------------------

| QMMM: Citation for AMBER QMMM Run:
| QMMM: R.C. Walker, M.F. Crowley and D.A. Case, J. COMP. CHEM. 29:1019, 2008

QMMM: SINGLET STATE CALCULATION
QMMM: RHF CALCULATION, NO. OF DOUBLY OCCUPIED LEVELS = 27

| QMMM: *** Selected Hamiltonian *** 
| QMMM: AM1         

| QMMM: *** Parameter sets in use ***
| QMMM: C : M.J.S.DEWAR et al. JACS, 107, 3902, (1985)
| QMMM: O : M.J.S.DEWAR et al. JACS, 107, 3902, (1985)
| QMMM: H : M.J.S.DEWAR et al. JACS, 107, 3902, (1985)

| QMMM: *** SCF convergence criteria ***
| QMMM: Energy change                :  0.1D-09 kcal/mol
| QMMM: Error matrix |FP-PF|         :  0.1D+00 au
| QMMM: Density matrix change        :  0.5D-06
| QMMM: Maximum number of SCF cycles :     1000

| QMMM: *** Diagonalization Routine Information ***
| QMMM: Pseudo diagonalizations are allowed.
| QMMM: Auto diagonalization routine selection is in use.
| QMMM:
| QMMM: Timing diagonalization routines:
| QMMM:                              norbs =       52
| QMMM:    diag iterations used for timing =       15
| QMMM:
| QMMM:              Internal diag routine = 0.007399 seconds
| QMMM:                 Dspev diag routine = 0.020267 seconds
| QMMM:                Dspevd diag routine = 0.011944 seconds
| QMMM:                Dspevx diag routine = 0.054968 seconds
| QMMM:                 Dsyev diag routine = 0.005142 seconds
| QMMM:                Dsyevd diag routine = 0.002732 seconds
| QMMM:                Dsyevr diag routine = 0.004379 seconds
| QMMM:
| QMMM:                Pseudo diag routine = 0.001001 seconds
| QMMM:
| QMMM: Using dsyevd routine (diag_routine=6).

  QMMM: QM Region Cartesian Coordinates (*=link atom) 
  QMMM: QM_NO.   MM_NO.  ATOM         X         Y         Z
  QMMM:     1        1      C       -0.5680   -2.0630    0.2280
  QMMM:     2        2      C        0.3420   -1.0310    0.0180
  QMMM:     3        3      C        3.0390   -5.3110   -0.1010
  QMMM:     4        4      C       -0.1300   -3.3870    0.2510
  QMMM:     5        5      C        1.6940   -1.3190   -0.1680
  QMMM:     6        6      C        1.6870   -5.0230    0.0860
  QMMM:     7        7      C        3.9500   -4.2790   -0.3090
  QMMM:     8        8      C        1.2280   -3.6950    0.0650
  QMMM:     9        9      C        2.1530   -2.6460   -0.1470
  QMMM:    10       10      C        3.5110   -2.9550   -0.3330
  QMMM:    11       11      O        4.4410   -1.9760   -0.5410
  QMMM:    12       12      H       -1.6210   -1.8370    0.3720
  QMMM:    13       13      H       -0.0000   -0.0000    0.0010
  QMMM:    14       14      H        3.3810   -6.3420   -0.0810
  QMMM:    15       15      H       -0.8590   -4.1770    0.4170
  QMMM:    16       16      H        2.3790   -0.4890   -0.3310
  QMMM:    17       17      H        0.9930   -5.8450    0.2470
  QMMM:    18       18      H        5.0010   -4.5130   -0.4540
  QMMM:    19       19      H        4.6430   -1.5550    0.3130

--------------------------------------------------------------------------------
  RESULTS
--------------------------------------------------------------------------------

      iter         sqm energy              rms gradient
      ----    -------------------    -----------------------
xmin    10       -1.2718 kcal/mol        1.3930 kcal/(mol*A)
xmin    20       -2.1042 kcal/mol        1.3740 kcal/(mol*A)
xmin    30       -2.2625 kcal/mol        0.3872 kcal/(mol*A)
xmin    40       -2.2956 kcal/mol        0.3034 kcal/(mol*A)
xmin    50       -2.3146 kcal/mol        0.2801 kcal/(mol*A)
xmin    60       -2.3202 kcal/mol        0.0313 kcal/(mol*A)
xmin    70       -2.3221 kcal/mol        0.0438 kcal/(mol*A)
xmin    80       -2.3234 kcal/mol        0.0977 kcal/(mol*A)
xmin    90       -2.3242 kcal/mol        0.0179 kcal/(mol*A)
xmin   100       -2.3249 kcal/mol        0.0132 kcal/(mol*A)
xmin   110       -2.3252 kcal/mol        0.0152 kcal/(mol*A)
xmin   120       -2.3256 kcal/mol        0.0218 kcal/(mol*A)
xmin   130       -2.3258 kcal/mol        0.0261 kcal/(mol*A)
xmin   140       -2.3260 kcal/mol        0.0111 kcal/(mol*A)
xmin   150       -2.3261 kcal/mol        0.0064 kcal/(mol*A)
xmin   160       -2.3262 kcal/mol        0.0153 kcal/(mol*A)
xmin   170       -2.3263 kcal/mol        0.0099 kcal/(mol*A)
xmin   180       -2.3263 kcal/mol        0.0029 kcal/(mol*A)
xmin   190       -2.3264 kcal/mol        0.0123 kcal/(mol*A)
xmin   200       -2.3264 kcal/mol        0.0062 kcal/(mol*A)
xmin   210       -2.3265 kcal/mol        0.0071 kcal/(mol*A)
xmin   220       -2.3265 kcal/mol        0.0078 kcal/(mol*A)
xmin   230       -2.3265 kcal/mol        0.0088 kcal/(mol*A)
xmin   240       -2.3265 kcal/mol        0.0018 kcal/(mol*A)
xmin   250       -2.3265 kcal/mol        0.0020 kcal/(mol*A)
xmin   260       -2.3266 kcal/mol        0.0015 kcal/(mol*A)
xmin   270       -2.3266 kcal/mol        0.0050 kcal/(mol*A)
xmin   280       -2.3266 kcal/mol        0.0025 kcal/(mol*A)
xmin   290       -2.3266 kcal/mol        0.0061 kcal/(mol*A)
xmin   300       -2.3266 kcal/mol        0.0024 kcal/(mol*A)
xmin   310       -2.3266 kcal/mol        0.0028 kcal/(mol*A)
xmin   320       -2.3266 kcal/mol        0.0006 kcal/(mol*A)
xmin   330       -2.3266 kcal/mol        0.0039 kcal/(mol*A)
xmin   340       -2.3266 kcal/mol        0.0011 kcal/(mol*A)
xmin   350       -2.3266 kcal/mol        0.0045 kcal/(mol*A)
xmin   360       -2.3266 kcal/mol        0.0020 kcal/(mol*A)
xmin   360       -2.3266 kcal/mol        0.0004 kcal/(mol*A)
  ... geometry converged !
 
 Final MO eigenvalues (eV):
 -40.9723  -38.4064  -36.5052  -32.3800  -31.0817  -29.3940  -24.3113  -23.9271
 -22.4561  -19.3833  -18.6139  -17.2254  -16.6295  -15.8030  -15.2584  -14.9639
 -14.7431  -14.0800  -13.6472  -13.6166  -12.9301  -11.9803  -11.9402  -11.9229
 -10.4498   -9.5287   -8.4885   -0.3677    0.0149    1.0687    2.0135    2.9608
   3.1073    3.4786    3.5600    3.7514    3.8365    4.1213    4.1758    4.2828
   4.4372    4.6318    4.7704    4.9427    5.1090    5.1926    5.3576    5.4415
   5.5989    5.7936    5.8958    6.3001

 Heat of formation   =         -2.32661992 kcal/mol  (       -0.10088981 eV)

 Total SCF energy    =     -39441.00692935 kcal/mol  (    -1710.29040065 eV)
 Electronic energy   =    -192428.00406895 kcal/mol  (    -8344.30441303 eV)
 Core-core repulsion =     152986.99713960 kcal/mol  (     6634.01401238 eV)
 
    Atomic Charges for Step       1 :
  Atom    Element       Mulliken Charge
     1      C                 -0.122
     2      C                 -0.126
     3      C                 -0.092
     4      C                 -0.119
     5      C                 -0.122
     6      C                 -0.155
     7      C                 -0.169
     8      C                 -0.007
     9      C                 -0.088
    10      C                  0.088
    11      O                 -0.252
    12      H                  0.134
    13      H                  0.134
    14      H                  0.135
    15      H                  0.135
    16      H                  0.122
    17      H                  0.135
    18      H                  0.151
    19      H                  0.219
 Total Mulliken Charge =      -0.000
 
                  X        Y        Z     TOTAL  
  QM DIPOLE    -1.329    0.589    0.172    1.464
 
 Final Structure

  QMMM: QM Region Cartesian Coordinates (*=link atom) 
  QMMM: QM_NO.   MM_NO.  ATOM         X         Y         Z
  QMMM:     1        1      C       -0.5428   -2.0731    0.2760
  QMMM:     2        2      C        0.3948   -1.0243    0.1184
  QMMM:     3        3      C        3.0161   -5.3534   -0.1209
  QMMM:     4        4      C       -0.1237   -3.3791    0.2548
  QMMM:     5        5      C        1.7273   -1.3045   -0.0563
  QMMM:     6        6      C        1.6871   -5.0508    0.0528
  QMMM:     7        7      C        3.9714   -4.3299   -0.2797
  QMMM:     8        8      C        1.2517   -3.6996    0.0753
  QMMM:     9        9      C        2.1933   -2.6476   -0.0827
  QMMM:    10       10      C        3.5671   -3.0037   -0.2607
  QMMM:    11       11      O        4.5721   -2.0769   -0.4240
  QMMM:    12       12      H       -1.6053   -1.8244    0.4146
  QMMM:    13       13      H        0.0401    0.0168    0.1379
  QMMM:    14       14      H        3.3551   -6.4003   -0.1387
  QMMM:    15       15      H       -0.8415   -4.2045    0.3760
  QMMM:    16       16      H        2.4383   -0.4736   -0.1771
  QMMM:    17       17      H        0.9393   -5.8478    0.1771
  QMMM:    18       18      H        5.0336   -4.5762   -0.4183
  QMMM:    19       19      H        4.1902   -1.1901   -0.3914

           --------- Calculation Completed ----------

