            --------------------------------------------------------
                             AMBER SQM VERSION 19
 
                                     By
              Ross C. Walker, Michael F. Crowley, Scott Brozell,
                         Tim Giese, Andreas W. Goetz,
                        Tai-Sung Lee and David A. Case
 
            --------------------------------------------------------
 

--------------------------------------------------------------------------------
  QM CALCULATION INFO
--------------------------------------------------------------------------------

| QMMM: Citation for AMBER QMMM Run:
| QMMM: R.C. Walker, M.F. Crowley and D.A. Case, J. COMP. CHEM. 29:1019, 2008

QMMM: SINGLET STATE CALCULATION
QMMM: RHF CALCULATION, NO. OF DOUBLY OCCUPIED LEVELS = 17

| QMMM: *** Selected Hamiltonian *** 
| QMMM: AM1         

| QMMM: *** Parameter sets in use ***
| QMMM: C : M.J.S.DEWAR et al. JACS, 107, 3902, (1985)
| QMMM: H : M.J.S.DEWAR et al. JACS, 107, 3902, (1985)

| QMMM: *** SCF convergence criteria ***
| QMMM: Energy change                :  0.1D-09 kcal/mol
| QMMM: Error matrix |FP-PF|         :  0.1D+00 au
| QMMM: Density matrix change        :  0.5D-06
| QMMM: Maximum number of SCF cycles :     1000

| QMMM: *** Diagonalization Routine Information ***
| QMMM: Pseudo diagonalizations are allowed.
| QMMM: Auto diagonalization routine selection is in use.
| QMMM:
| QMMM: Timing diagonalization routines:
| QMMM:                              norbs =       34
| QMMM:    diag iterations used for timing =       20
| QMMM:
| QMMM:              Internal diag routine = 0.002163 seconds
| QMMM:                 Dspev diag routine = 0.022448 seconds
| QMMM:                Dspevd diag routine = 0.007337 seconds
| QMMM:                Dspevx diag routine = 0.020556 seconds
| QMMM:                 Dsyev diag routine = 0.003746 seconds
| QMMM:                Dsyevd diag routine = 0.003445 seconds
| QMMM:                Dsyevr diag routine = 0.004304 seconds
| QMMM:
| QMMM:                Pseudo diag routine = 0.000758 seconds
| QMMM:
| QMMM: Using internal diagonalization routine (diag_routine=1).

  QMMM: QM Region Cartesian Coordinates (*=link atom) 
  QMMM: QM_NO.   MM_NO.  ATOM         X         Y         Z
  QMMM:     1        1      C       -6.2840    2.7560    1.9800
  QMMM:     2        2      C       -2.0320    3.7240    1.7420
  QMMM:     3        3      C       -5.5550    2.7020    0.8590
  QMMM:     4        4      C       -2.5850    2.5130    1.6110
  QMMM:     5        5      C       -4.6460    1.5610    0.5030
  QMMM:     6        6      C       -3.1870    2.0000    0.3340
  QMMM:     7        7      H       -6.9290    3.6000    2.1970
  QMMM:     8        8      H       -6.2450    1.9460    2.7000
  QMMM:     9        9      H       -1.6080    4.0550    2.6840
  QMMM:    10       10      H       -1.9940    4.4050    0.8990
  QMMM:    11       11      H       -5.6260    3.5240    0.1520
  QMMM:    12       12      H       -2.5970    1.8490    2.4710
  QMMM:    13       13      H       -4.9960    1.1360   -0.4450
  QMMM:    14       14      H       -4.7130    0.7580    1.2480
  QMMM:    15       15      H       -3.1100    2.7470   -0.4650
  QMMM:    16       16      H       -2.5960    1.1340    0.0090

--------------------------------------------------------------------------------
  RESULTS
--------------------------------------------------------------------------------

      iter         sqm energy              rms gradient
      ----    -------------------    -----------------------
xmin    10       18.6303 kcal/mol        0.1847 kcal/(mol*A)
xmin    20       18.5156 kcal/mol        0.2167 kcal/(mol*A)
xmin    30       18.4976 kcal/mol        0.0613 kcal/(mol*A)
xmin    40       18.4900 kcal/mol        0.1490 kcal/(mol*A)
xmin    50       18.4865 kcal/mol        0.0341 kcal/(mol*A)
xmin    60       18.4843 kcal/mol        0.1817 kcal/(mol*A)
xmin    70       18.4834 kcal/mol        0.0310 kcal/(mol*A)
xmin    80       18.4830 kcal/mol        0.0177 kcal/(mol*A)
xmin    90       18.4828 kcal/mol        0.0158 kcal/(mol*A)
xmin   100       18.4826 kcal/mol        0.0071 kcal/(mol*A)
xmin   110       18.4825 kcal/mol        0.0025 kcal/(mol*A)
xmin   120       18.4825 kcal/mol        0.0033 kcal/(mol*A)
xmin   130       18.4825 kcal/mol        0.0017 kcal/(mol*A)
  ... geometry converged !
 
 Final MO eigenvalues (eV):
 -37.1512  -33.7623  -29.8867  -24.5176  -20.7092  -20.3632  -16.0757  -15.5919
 -15.0948  -14.6689  -13.5114  -12.6798  -12.3612  -11.6689  -11.6348  -10.1053
  -9.8915    1.3835    1.3849    3.6648    3.9140    4.2087    4.3017    4.4166
   4.4849    4.6055    4.8122    4.8647    5.1278    5.1822    5.6672    5.6840
   5.8905    5.9416

 Heat of formation   =         18.48252309 kcal/mol  (        0.80146234 eV)

 Total SCF energy    =     -20872.80565998 kcal/mol  (     -905.11277308 eV)
 Electronic energy   =     -85745.48392281 kcal/mol  (    -3718.20319686 eV)
 Core-core repulsion =      64872.67826283 kcal/mol  (     2813.09042378 eV)
 
    Atomic Charges for Step       1 :
  Atom    Element       Mulliken Charge
     1      C                 -0.226
     2      C                 -0.226
     3      C                 -0.156
     4      C                 -0.156
     5      C                 -0.131
     6      C                 -0.131
     7      H                  0.111
     8      H                  0.109
     9      H                  0.111
    10      H                  0.109
    11      H                  0.120
    12      H                  0.120
    13      H                  0.087
    14      H                  0.085
    15      H                  0.085
    16      H                  0.087
 Total Mulliken Charge =      -0.000
 
                  X        Y        Z     TOTAL  
  QM DIPOLE     0.041   -0.228   -0.218    0.319
 
 Final Structure

  QMMM: QM Region Cartesian Coordinates (*=link atom) 
  QMMM: QM_NO.   MM_NO.  ATOM         X         Y         Z
  QMMM:     1        1      C       -6.5029    2.6170    1.8894
  QMMM:     2        2      C       -1.8135    3.7042    1.6349
  QMMM:     3        3      C       -5.5819    2.6763    0.9305
  QMMM:     4        4      C       -2.5454    2.5936    1.5885
  QMMM:     5        5      C       -4.6221    1.5842    0.6360
  QMMM:     6        6      C       -3.2193    2.0970    0.3638
  QMMM:     7        7      H       -7.2115    3.4351    2.0713
  QMMM:     8        8      H       -6.6130    1.7526    2.5571
  QMMM:     9        9      H       -1.3119    4.0364    2.5529
  QMMM:    10       10      H       -1.6651    4.3568    0.7647
  QMMM:    11       11      H       -5.4936    3.5631    0.2803
  QMMM:    12       12      H       -2.6800    1.9630    2.4835
  QMMM:    13       13      H       -4.9843    1.0340   -0.2764
  QMMM:    14       14      H       -4.5943    0.8439    1.4797
  QMMM:    15       15      H       -3.2584    2.9004   -0.4196
  QMMM:    16       16      H       -2.6060    1.2526   -0.0574

           --------- Calculation Completed ----------

