            --------------------------------------------------------
                             AMBER SQM VERSION 19
 
                                     By
              Ross C. Walker, Michael F. Crowley, Scott Brozell,
                         Tim Giese, Andreas W. Goetz,
                        Tai-Sung Lee and David A. Case
 
            --------------------------------------------------------
 

--------------------------------------------------------------------------------
  QM CALCULATION INFO
--------------------------------------------------------------------------------

| QMMM: Citation for AMBER QMMM Run:
| QMMM: R.C. Walker, M.F. Crowley and D.A. Case, J. COMP. CHEM. 29:1019, 2008

QMMM: SINGLET STATE CALCULATION
QMMM: RHF CALCULATION, NO. OF DOUBLY OCCUPIED LEVELS = 18

| QMMM: *** Selected Hamiltonian *** 
| QMMM: AM1         

| QMMM: *** Parameter sets in use ***
| QMMM: C : M.J.S.DEWAR et al. JACS, 107, 3902, (1985)
| QMMM: N : M.J.S.DEWAR et al. JACS, 107, 3902, (1985)
| QMMM: O : M.J.S.DEWAR et al. JACS, 107, 3902, (1985)
| QMMM: H : M.J.S.DEWAR et al. JACS, 107, 3902, (1985)

| QMMM: *** SCF convergence criteria ***
| QMMM: Energy change                :  0.1D-09 kcal/mol
| QMMM: Error matrix |FP-PF|         :  0.1D+00 au
| QMMM: Density matrix change        :  0.5D-06
| QMMM: Maximum number of SCF cycles :     1000

| QMMM: *** Diagonalization Routine Information ***
| QMMM: Pseudo diagonalizations are allowed.
| QMMM: Auto diagonalization routine selection is in use.
| QMMM:
| QMMM: Timing diagonalization routines:
| QMMM:                              norbs =       31
| QMMM:    diag iterations used for timing =       20
| QMMM:
| QMMM:              Internal diag routine = 0.001772 seconds
| QMMM:                 Dspev diag routine = 0.002396 seconds
| QMMM:                Dspevd diag routine = 0.002025 seconds
| QMMM:                Dspevx diag routine = 0.018038 seconds
| QMMM:                 Dsyev diag routine = 0.002227 seconds
| QMMM:                Dsyevd diag routine = 0.003601 seconds
| QMMM:                Dsyevr diag routine = 0.003509 seconds
| QMMM:
| QMMM:                Pseudo diag routine = 0.000510 seconds
| QMMM:
| QMMM: Using internal diagonalization routine (diag_routine=1).

  QMMM: QM Region Cartesian Coordinates (*=link atom) 
  QMMM: QM_NO.   MM_NO.  ATOM         X         Y         Z
  QMMM:     1        1      C       -0.2800   -0.7280    0.7680
  QMMM:     2        2      C        0.5920   -0.5780    2.0040
  QMMM:     3        3      C        0.4520    0.8070    2.6090
  QMMM:     4        4      N        1.2710    0.8520    3.8320
  QMMM:     5        5      O        0.7260    0.5470    4.9070
  QMMM:     6        6      O        2.4660    1.1770    3.7110
  QMMM:     7        7      H       -1.3370   -0.5810    1.0130
  QMMM:     8        8      H        0.0000   -0.0000    0.0000
  QMMM:     9        9      H       -0.1660   -1.7310    0.3430
  QMMM:    10       10      H        1.6370   -0.7710    1.7330
  QMMM:    11       11      H        0.3110   -1.3440    2.7380
  QMMM:    12       12      H       -0.5740    1.0310    2.9140
  QMMM:    13       13      H        0.8310    1.5930    1.9510

--------------------------------------------------------------------------------
  RESULTS
--------------------------------------------------------------------------------

      iter         sqm energy              rms gradient
      ----    -------------------    -----------------------
xmin    10      -23.6832 kcal/mol        0.0824 kcal/(mol*A)
xmin    20      -23.6865 kcal/mol        0.0612 kcal/(mol*A)
xmin    30      -23.6877 kcal/mol        0.0246 kcal/(mol*A)
xmin    40      -23.6884 kcal/mol        0.0211 kcal/(mol*A)
xmin    50      -23.6891 kcal/mol        0.0788 kcal/(mol*A)
xmin    60      -23.6895 kcal/mol        0.0177 kcal/(mol*A)
xmin    70      -23.6902 kcal/mol        0.0209 kcal/(mol*A)
xmin    80      -23.6924 kcal/mol        0.0328 kcal/(mol*A)
xmin    90      -23.6946 kcal/mol        0.0330 kcal/(mol*A)
xmin   100      -23.6970 kcal/mol        0.1215 kcal/(mol*A)
xmin   110      -23.7032 kcal/mol        0.2851 kcal/(mol*A)
xmin   120      -23.7104 kcal/mol        0.1183 kcal/(mol*A)
xmin   130      -23.7200 kcal/mol        0.3087 kcal/(mol*A)
xmin   140      -23.7297 kcal/mol        0.0562 kcal/(mol*A)
xmin   150      -23.7396 kcal/mol        0.0520 kcal/(mol*A)
xmin   160      -23.7541 kcal/mol        0.2227 kcal/(mol*A)
xmin   170      -23.7699 kcal/mol        0.1421 kcal/(mol*A)
xmin   180      -23.7808 kcal/mol        0.4333 kcal/(mol*A)
xmin   190      -23.7905 kcal/mol        0.2835 kcal/(mol*A)
xmin   200      -23.8004 kcal/mol        0.2324 kcal/(mol*A)
xmin   210      -23.8113 kcal/mol        0.0716 kcal/(mol*A)
xmin   220      -23.8172 kcal/mol        0.0736 kcal/(mol*A)
xmin   230      -23.8212 kcal/mol        0.0691 kcal/(mol*A)
xmin   240      -23.8274 kcal/mol        0.3110 kcal/(mol*A)
xmin   250      -23.8306 kcal/mol        0.0355 kcal/(mol*A)
xmin   260      -23.8327 kcal/mol        0.0243 kcal/(mol*A)
xmin   270      -23.8362 kcal/mol        0.0569 kcal/(mol*A)
xmin   280      -23.8379 kcal/mol        0.0177 kcal/(mol*A)
xmin   290      -23.8390 kcal/mol        0.0622 kcal/(mol*A)
xmin   300      -23.8398 kcal/mol        0.0166 kcal/(mol*A)
xmin   310      -23.8404 kcal/mol        0.0498 kcal/(mol*A)
xmin   320      -23.8410 kcal/mol        0.0330 kcal/(mol*A)
xmin   330      -23.8413 kcal/mol        0.0239 kcal/(mol*A)
xmin   340      -23.8416 kcal/mol        0.0334 kcal/(mol*A)
xmin   350      -23.8418 kcal/mol        0.0156 kcal/(mol*A)
xmin   360      -23.8419 kcal/mol        0.0251 kcal/(mol*A)
xmin   370      -23.8420 kcal/mol        0.0049 kcal/(mol*A)
xmin   380      -23.8420 kcal/mol        0.0037 kcal/(mol*A)
xmin   390      -23.8421 kcal/mol        0.0050 kcal/(mol*A)
xmin   400      -23.8421 kcal/mol        0.0088 kcal/(mol*A)
xmin   410      -23.8421 kcal/mol        0.0057 kcal/(mol*A)
xmin   420      -23.8422 kcal/mol        0.0074 kcal/(mol*A)
xmin   430      -23.8422 kcal/mol        0.0062 kcal/(mol*A)
xmin   440      -23.8422 kcal/mol        0.0043 kcal/(mol*A)
xmin   450      -23.8422 kcal/mol        0.0026 kcal/(mol*A)
xmin   460      -23.8422 kcal/mol        0.0046 kcal/(mol*A)
xmin   470      -23.8422 kcal/mol        0.0011 kcal/(mol*A)
xmin   480      -23.8422 kcal/mol        0.0029 kcal/(mol*A)
xmin   490      -23.8422 kcal/mol        0.0022 kcal/(mol*A)
xmin   500      -23.8422 kcal/mol        0.0007 kcal/(mol*A)
xmin   510      -23.8422 kcal/mol        0.0007 kcal/(mol*A)
  ... geometry converged !
 
 Final MO eigenvalues (eV):
 -43.2805  -37.7660  -36.1782  -30.2124  -25.2171  -22.9217  -19.6205  -19.3610
 -18.6244  -16.5300  -15.0090  -14.1464  -13.9845  -12.9209  -12.3341  -12.3105
 -11.8691  -11.7088    0.0119    0.6077    2.7755    2.9269    3.2061    3.4882
   3.7729    3.8464    4.2273    4.2719    4.4406    5.4119    7.1280

 Heat of formation   =        -23.84222759 kcal/mol  (       -1.03387657 eV)

 Total SCF energy    =     -30578.30134798 kcal/mol  (    -1325.97464759 eV)
 Electronic energy   =    -106027.28252509 kcal/mol  (    -4597.68798079 eV)
 Core-core repulsion =      75448.98117711 kcal/mol  (     3271.71333321 eV)
 
    Atomic Charges for Step       1 :
  Atom    Element       Mulliken Charge
     1      C                 -0.214
     2      C                 -0.172
     3      C                 -0.137
     4      N                  0.510
     5      O                 -0.361
     6      O                 -0.361
     7      H                  0.079
     8      H                  0.080
     9      H                  0.091
    10      H                  0.117
    11      H                  0.101
    12      H                  0.136
    13      H                  0.132
 Total Mulliken Charge =      -0.000
 
                  X        Y        Z     TOTAL  
  QM DIPOLE    -2.505   -0.873   -3.631    4.497
 
 Final Structure

  QMMM: QM Region Cartesian Coordinates (*=link atom) 
  QMMM: QM_NO.   MM_NO.  ATOM         X         Y         Z
  QMMM:     1        1      C       -0.2236   -0.6562    0.7046
  QMMM:     2        2      C        0.6610   -0.5905    1.9233
  QMMM:     3        3      C        0.3421    0.6617    2.7220
  QMMM:     4        4      N        1.2668    0.8645    3.9067
  QMMM:     5        5      O        0.7824    1.1919    4.9554
  QMMM:     6        6      O        2.4488    0.7145    3.7617
  QMMM:     7        7      H       -1.3020   -0.6717    0.9950
  QMMM:     8        8      H       -0.0495    0.2231    0.0381
  QMMM:     9        9      H       -0.0004   -1.5858    0.1267
  QMMM:    10       10      H        1.7414   -0.5822    1.6162
  QMMM:    11       11      H        0.5011   -1.5001    2.5605
  QMMM:    12       12      H       -0.7048    0.6261    3.1301
  QMMM:    13       13      H        0.4657    1.5786    2.0826

           --------- Calculation Completed ----------

