            --------------------------------------------------------
                             AMBER SQM VERSION 19
 
                                     By
              Ross C. Walker, Michael F. Crowley, Scott Brozell,
                         Tim Giese, Andreas W. Goetz,
                        Tai-Sung Lee and David A. Case
 
            --------------------------------------------------------
 

--------------------------------------------------------------------------------
  QM CALCULATION INFO
--------------------------------------------------------------------------------

| QMMM: Citation for AMBER QMMM Run:
| QMMM: R.C. Walker, M.F. Crowley and D.A. Case, J. COMP. CHEM. 29:1019, 2008

QMMM: SINGLET STATE CALCULATION
QMMM: RHF CALCULATION, NO. OF DOUBLY OCCUPIED LEVELS = 18

| QMMM: *** Selected Hamiltonian *** 
| QMMM: AM1         

| QMMM: *** Parameter sets in use ***
| QMMM: C : M.J.S.DEWAR et al. JACS, 107, 3902, (1985)
| QMMM: H : M.J.S.DEWAR et al. JACS, 107, 3902, (1985)

| QMMM: *** SCF convergence criteria ***
| QMMM: Energy change                :  0.1D-09 kcal/mol
| QMMM: Error matrix |FP-PF|         :  0.1D+00 au
| QMMM: Density matrix change        :  0.5D-06
| QMMM: Maximum number of SCF cycles :     1000

| QMMM: *** Diagonalization Routine Information ***
| QMMM: Pseudo diagonalizations are allowed.
| QMMM: Auto diagonalization routine selection is in use.
| QMMM:
| QMMM: Timing diagonalization routines:
| QMMM:                              norbs =       36
| QMMM:    diag iterations used for timing =       20
| QMMM:
| QMMM:              Internal diag routine = 0.002535 seconds
| QMMM:                 Dspev diag routine = 0.009263 seconds
| QMMM:                Dspevd diag routine = 0.004066 seconds
| QMMM:                Dspevx diag routine = 0.019755 seconds
| QMMM:                 Dsyev diag routine = 0.004583 seconds
| QMMM:                Dsyevd diag routine = 0.004393 seconds
| QMMM:                Dsyevr diag routine = 0.005551 seconds
| QMMM:
| QMMM:                Pseudo diag routine = 0.001064 seconds
| QMMM:
| QMMM: Using internal diagonalization routine (diag_routine=1).

  QMMM: QM Region Cartesian Coordinates (*=link atom) 
  QMMM: QM_NO.   MM_NO.  ATOM         X         Y         Z
  QMMM:     1        1      C        0.7690    0.7140    0.2900
  QMMM:     2        2      C        2.0430    0.3200    0.1940
  QMMM:     3        3      C        0.2560    1.9770    0.7510
  QMMM:     4        4      C        3.2340    1.0540    0.5250
  QMMM:     5        5      C        0.9100    3.1330    0.9140
  QMMM:     6        6      C        3.3730    2.3700    0.7270
  QMMM:     7        7      C        2.3580    3.4710    0.7400
  QMMM:     8        8      H        0.0000    0.0000   -0.0010
  QMMM:     9        9      H        2.2280   -0.6900   -0.1700
  QMMM:    10       10      H       -0.8170    1.9780    0.9390
  QMMM:    11       11      H        4.1360    0.4450    0.5630
  QMMM:    12       12      H        0.3000    3.9820    1.2230
  QMMM:    13       13      H        4.3910    2.7150    0.9120
  QMMM:    14       14      H        2.4750    4.0730   -0.1690
  QMMM:    15       15      H        2.6250    4.1280    1.5780

--------------------------------------------------------------------------------
  RESULTS
--------------------------------------------------------------------------------

      iter         sqm energy              rms gradient
      ----    -------------------    -----------------------
xmin    10       38.7696 kcal/mol        0.9797 kcal/(mol*A)
xmin    20       38.1963 kcal/mol        0.3335 kcal/(mol*A)
xmin    30       38.1939 kcal/mol        0.0068 kcal/(mol*A)
xmin    40       38.1939 kcal/mol        0.0006 kcal/(mol*A)
xmin    40       38.1939 kcal/mol        0.0002 kcal/(mol*A)
  ... geometry converged !
 
 Final MO eigenvalues (eV):
 -38.5987  -32.9247  -32.9032  -26.3698  -24.6592  -19.1961  -18.1080  -17.6132
 -15.2137  -14.9968  -14.4420  -13.0936  -13.0487  -12.1808  -11.7592  -11.2520
 -10.1706   -8.7466    0.1572    1.2638    2.4328    3.8543    3.9014    4.1256
   4.1733    4.1771    4.3767    4.7572    4.8581    4.9379    5.0625    5.6343
   5.6832    5.8208    5.9718    6.0146

 Heat of formation   =         38.19387885 kcal/mol  (        1.65621087 eV)

 Total SCF energy    =     -23180.28732357 kcal/mol  (    -1005.17268651 eV)
 Electronic energy   =     -99324.27027228 kcal/mol  (    -4307.02355805 eV)
 Core-core repulsion =      76143.98294872 kcal/mol  (     3301.85087155 eV)
 
    Atomic Charges for Step       1 :
  Atom    Element       Mulliken Charge
     1      C                 -0.125
     2      C                 -0.125
     3      C                 -0.141
     4      C                 -0.141
     5      C                 -0.141
     6      C                 -0.141
     7      C                 -0.104
     8      H                  0.122
     9      H                  0.122
    10      H                  0.124
    11      H                  0.124
    12      H                  0.121
    13      H                  0.121
    14      H                  0.096
    15      H                  0.086
 Total Mulliken Charge =      -0.000
 
                  X        Y        Z     TOTAL  
  QM DIPOLE     0.059    0.172    0.070    0.195
 
 Final Structure

  QMMM: QM Region Cartesian Coordinates (*=link atom) 
  QMMM: QM_NO.   MM_NO.  ATOM         X         Y         Z
  QMMM:     1        1      C        0.7844    0.8139    0.1631
  QMMM:     2        2      C        2.0670    0.4154    0.0680
  QMMM:     3        3      C        0.3043    1.9711    0.8783
  QMMM:     4        4      C        3.2070    1.0690    0.6632
  QMMM:     5        5      C        0.9803    3.1136    1.0734
  QMMM:     6        6      C        3.3268    2.3844    0.8995
  QMMM:     7        7      C        2.3223    3.4053    0.5122
  QMMM:     8        8      H       -0.0051    0.1943   -0.2997
  QMMM:     9        9      H        2.2987   -0.5216   -0.4704
  QMMM:    10       10      H       -0.7167    1.8689    1.2892
  QMMM:    11       11      H        4.0365    0.3917    0.9369
  QMMM:    12       12      H        0.5296    3.9252    1.6680
  QMMM:    13       13      H        4.2317    2.7747    1.3937
  QMMM:    14       14      H        2.2511    3.4442   -0.6124
  QMMM:    15       15      H        2.6630    4.4200    0.8529

           --------- Calculation Completed ----------

