            --------------------------------------------------------
                             AMBER SQM VERSION 19
 
                                     By
              Ross C. Walker, Michael F. Crowley, Scott Brozell,
                         Tim Giese, Andreas W. Goetz,
                        Tai-Sung Lee and David A. Case
 
            --------------------------------------------------------
 

--------------------------------------------------------------------------------
  QM CALCULATION INFO
--------------------------------------------------------------------------------

| QMMM: Citation for AMBER QMMM Run:
| QMMM: R.C. Walker, M.F. Crowley and D.A. Case, J. COMP. CHEM. 29:1019, 2008

QMMM: SINGLET STATE CALCULATION
QMMM: RHF CALCULATION, NO. OF DOUBLY OCCUPIED LEVELS = 27

| QMMM: *** Selected Hamiltonian *** 
| QMMM: AM1         

| QMMM: *** Parameter sets in use ***
| QMMM: C : M.J.S.DEWAR et al. JACS, 107, 3902, (1985)
| QMMM: N : M.J.S.DEWAR et al. JACS, 107, 3902, (1985)
| QMMM: H : M.J.S.DEWAR et al. JACS, 107, 3902, (1985)

| QMMM: *** SCF convergence criteria ***
| QMMM: Energy change                :  0.1D-09 kcal/mol
| QMMM: Error matrix |FP-PF|         :  0.1D+00 au
| QMMM: Density matrix change        :  0.5D-06
| QMMM: Maximum number of SCF cycles :     1000

| QMMM: *** Diagonalization Routine Information ***
| QMMM: Pseudo diagonalizations are allowed.
| QMMM: Auto diagonalization routine selection is in use.
| QMMM:
| QMMM: Timing diagonalization routines:
| QMMM:                              norbs =       53
| QMMM:    diag iterations used for timing =       15
| QMMM:
| QMMM:              Internal diag routine = 0.035387 seconds
| QMMM:                 Dspev diag routine = 0.013010 seconds
| QMMM:                Dspevd diag routine = 0.014212 seconds
| QMMM:                Dspevx diag routine = 0.044998 seconds
| QMMM:                 Dsyev diag routine = 0.005602 seconds
| QMMM:                Dsyevd diag routine = 0.004178 seconds
| QMMM:                Dsyevr diag routine = 0.004403 seconds
| QMMM:
| QMMM:                Pseudo diag routine = 0.001069 seconds
| QMMM:
| QMMM: Using dsyevd routine (diag_routine=6).

  QMMM: QM Region Cartesian Coordinates (*=link atom) 
  QMMM: QM_NO.   MM_NO.  ATOM         X         Y         Z
  QMMM:     1        1      C       -0.5710   -2.0560    0.2750
  QMMM:     2        2      C        0.3370   -1.0320    0.0230
  QMMM:     3        3      C       -0.1390   -3.3820    0.3040
  QMMM:     4        4      C        1.6820   -1.3310   -0.2010
  QMMM:     5        5      C        1.6630   -5.0300    0.1060
  QMMM:     6        6      C        3.0080   -5.3280   -0.1180
  QMMM:     7        7      C        3.4840   -2.9790   -0.3990
  QMMM:     8        8      C        1.2100   -3.7010    0.0800
  QMMM:     9        9      C        2.1350   -2.6600   -0.1750
  QMMM:    10       10      C        3.9170   -4.3050   -0.3700
  QMMM:    11       11      N        5.2760   -4.6090   -0.5940
  QMMM:    12       12      H       -1.6170   -1.8220    0.4480
  QMMM:    13       13      H        0.0000   -0.0000    0.0010
  QMMM:    14       14      H       -0.8670   -4.1660    0.5010
  QMMM:    15       15      H        2.3740   -0.5150   -0.3970
  QMMM:    16       16      H        0.9700   -5.8460    0.3010
  QMMM:    17       17      H        3.3340   -6.3650   -0.0930
  QMMM:    18       18      H        4.2040   -2.1860   -0.5960
  QMMM:    19       19      H        5.5200   -5.5030   -0.9680
  QMMM:    20       20      H        5.9760   -3.9630   -0.2880

--------------------------------------------------------------------------------
  RESULTS
--------------------------------------------------------------------------------

      iter         sqm energy              rms gradient
      ----    -------------------    -----------------------
xmin    10       39.3950 kcal/mol        1.0210 kcal/(mol*A)
xmin    20       39.0210 kcal/mol        0.4379 kcal/(mol*A)
xmin    30       38.9890 kcal/mol        0.2255 kcal/(mol*A)
xmin    40       38.9866 kcal/mol        0.0365 kcal/(mol*A)
xmin    50       38.9865 kcal/mol        0.0033 kcal/(mol*A)
xmin    60       38.9865 kcal/mol        0.0011 kcal/(mol*A)
  ... geometry converged !
 
 Final MO eigenvalues (eV):
 -40.4550  -37.5572  -34.3992  -32.7500  -30.1490  -28.6209  -24.0012  -23.0923
 -22.5298  -18.5889  -17.9209  -17.4118  -16.2116  -15.6083  -15.0593  -14.4259
 -14.1675  -13.9593  -13.8644  -12.8507  -12.6153  -11.9718  -11.5196  -11.0624
 -10.3443   -8.9832   -8.2267   -0.1752    0.2814    1.3004    2.1396    2.9896
   3.3518    3.7009    3.9274    4.0603    4.0813    4.3346    4.3519    4.4249
   4.5094    4.8201    5.0085    5.1316    5.1831    5.3629    5.4634    5.7136
   5.7812    5.8707    6.1433    6.2277    6.3452

 Heat of formation   =         38.98648670 kcal/mol  (        1.69058092 eV)

 Total SCF energy    =     -37146.20375638 kcal/mol  (    -1610.78026783 eV)
 Electronic energy   =    -187914.67033625 kcal/mol  (    -8148.59157609 eV)
 Core-core repulsion =     150768.46657987 kcal/mol  (     6537.81130826 eV)
 
    Atomic Charges for Step       1 :
  Atom    Element       Mulliken Charge
     1      C                 -0.143
     2      C                 -0.118
     3      C                 -0.104
     4      C                 -0.131
     5      C                 -0.086
     6      C                 -0.168
     7      C                 -0.200
     8      C                 -0.071
     9      C                  0.004
    10      C                  0.058
    11      N                 -0.327
    12      H                  0.130
    13      H                  0.130
    14      H                  0.129
    15      H                  0.131
    16      H                  0.132
    17      H                  0.132
    18      H                  0.133
    19      H                  0.184
    20      H                  0.184
 Total Mulliken Charge =      -0.000
 
                  X        Y        Z     TOTAL  
  QM DIPOLE     1.045   -0.438    1.165    1.626
 
 Final Structure

  QMMM: QM Region Cartesian Coordinates (*=link atom) 
  QMMM: QM_NO.   MM_NO.  ATOM         X         Y         Z
  QMMM:     1        1      C       -0.5689   -2.0690    0.2925
  QMMM:     2        2      C        0.3615   -1.0281    0.0563
  QMMM:     3        3      C       -0.1551   -3.3785    0.2944
  QMMM:     4        4      C        1.6842   -1.3155   -0.1727
  QMMM:     5        5      C        1.6680   -5.0485    0.0554
  QMMM:     6        6      C        2.9843   -5.3465   -0.1716
  QMMM:     7        7      C        3.5026   -2.9791   -0.4070
  QMMM:     8        8      C        1.2076   -3.7042    0.0600
  QMMM:     9        9      C        2.1413   -2.6639   -0.1764
  QMMM:    10       10      C        3.9388   -4.3017   -0.4173
  QMMM:    11       11      N        5.2602   -4.6335   -0.7374
  QMMM:    12       12      H       -1.6228   -1.8127    0.4729
  QMMM:    13       13      H        0.0073    0.0134    0.0584
  QMMM:    14       14      H       -0.8692   -4.1957    0.4759
  QMMM:    15       15      H        2.4125   -0.5123   -0.3585
  QMMM:    16       16      H        0.9398   -5.8538    0.2398
  QMMM:    17       17      H        3.3207   -6.3945   -0.1770
  QMMM:    18       18      H        4.2044   -2.1513   -0.5881
  QMMM:    19       19      H        5.5642   -5.5066   -0.3674
  QMMM:    20       20      H        5.9146   -3.8969   -0.5921

           --------- Calculation Completed ----------

