            --------------------------------------------------------
                             AMBER SQM VERSION 19
 
                                     By
              Ross C. Walker, Michael F. Crowley, Scott Brozell,
                         Tim Giese, Andreas W. Goetz,
                        Tai-Sung Lee and David A. Case
 
            --------------------------------------------------------
 

--------------------------------------------------------------------------------
  QM CALCULATION INFO
--------------------------------------------------------------------------------

| QMMM: Citation for AMBER QMMM Run:
| QMMM: R.C. Walker, M.F. Crowley and D.A. Case, J. COMP. CHEM. 29:1019, 2008

QMMM: SINGLET STATE CALCULATION
QMMM: RHF CALCULATION, NO. OF DOUBLY OCCUPIED LEVELS = 49

| QMMM: *** Selected Hamiltonian *** 
| QMMM: AM1         

| QMMM: *** Parameter sets in use ***
| QMMM: C : M.J.S.DEWAR et al. JACS, 107, 3902, (1985)
| QMMM: O : M.J.S.DEWAR et al. JACS, 107, 3902, (1985)
| QMMM: Cl: M.J.S.DEWAR et al. THEOCHEM, 180, 1, (1988)
| QMMM: H : M.J.S.DEWAR et al. JACS, 107, 3902, (1985)

| QMMM: *** SCF convergence criteria ***
| QMMM: Energy change                :  0.1D-09 kcal/mol
| QMMM: Error matrix |FP-PF|         :  0.1D+00 au
| QMMM: Density matrix change        :  0.5D-06
| QMMM: Maximum number of SCF cycles :     1000

| QMMM: *** Diagonalization Routine Information ***
| QMMM: Pseudo diagonalizations are allowed.
| QMMM: Auto diagonalization routine selection is in use.
| QMMM:
| QMMM: Timing diagonalization routines:
| QMMM:                              norbs =       79
| QMMM:    diag iterations used for timing =       15
| QMMM:
| QMMM:              Internal diag routine = 0.016544 seconds
| QMMM:                 Dspev diag routine = 0.037406 seconds
| QMMM:                Dspevd diag routine = 0.016536 seconds
| QMMM:                Dspevx diag routine = 0.071335 seconds
| QMMM:                 Dsyev diag routine = 0.016404 seconds
| QMMM:                Dsyevd diag routine = 0.076592 seconds
| QMMM:                Dsyevr diag routine = 0.025568 seconds
| QMMM:
| QMMM:                Pseudo diag routine = 0.009190 seconds
| QMMM:
| QMMM: Using dsyev routine (diag_routine=5).

  QMMM: QM Region Cartesian Coordinates (*=link atom) 
  QMMM: QM_NO.   MM_NO.  ATOM         X         Y         Z
  QMMM:     1        1      C       -3.1490    0.4150    1.2200
  QMMM:     2        2      C       -1.8580    0.7400    0.8000
  QMMM:     3        3      C       -1.4370   -1.5820    0.2690
  QMMM:     4        4      C       -3.5800   -0.9100    1.1630
  QMMM:     5        5      C       -2.7270   -1.9050    0.6890
  QMMM:     6        6      C       -5.2390   -2.4980    1.5120
  QMMM:     7        7      C       -4.3860   -3.4940    1.0380
  QMMM:     8        8      C       -1.0040   -0.2570    0.3260
  QMMM:     9        9      C       -6.5290   -2.8210    1.9320
  QMMM:    10       10      C       -4.8170   -4.8180    0.9820
  QMMM:    11       11      C       -6.9620   -4.1460    1.8750
  QMMM:    12       12      C       -6.1070   -5.1430    1.4010
  QMMM:    13       13      O       -4.8560   -1.1830    1.5850
  QMMM:    14       14      O       -3.1090   -3.2200    0.6160
  QMMM:    15       15      Cl       0.5870    0.1500   -0.1890
  QMMM:    16       16      Cl      -7.5650   -1.5540    2.5160
  QMMM:    17       17      Cl      -3.7250   -6.0320    0.3860
  QMMM:    18       18      Cl      -8.5730   -4.5510    2.4000
  QMMM:    19       19      Cl      -6.6460   -6.7990    1.3320
  QMMM:    20       20      H       -3.8080    1.1960    1.5880
  QMMM:    21       21      H       -1.5310    1.7760    0.8480
  QMMM:    22       22      H       -0.7770   -2.3640   -0.0990

--------------------------------------------------------------------------------
  RESULTS
--------------------------------------------------------------------------------

      iter         sqm energy              rms gradient
      ----    -------------------    -----------------------
xmin    10      -18.5448 kcal/mol        0.0387 kcal/(mol*A)
xmin    20      -18.5449 kcal/mol        0.0014 kcal/(mol*A)
xmin    30      -18.5449 kcal/mol        0.0014 kcal/(mol*A)
xmin    40      -18.5449 kcal/mol        0.0027 kcal/(mol*A)
xmin    50      -18.5449 kcal/mol        0.0028 kcal/(mol*A)
xmin    60      -18.5449 kcal/mol        0.0022 kcal/(mol*A)
xmin    70      -18.5471 kcal/mol        0.0255 kcal/(mol*A)
xmin    80      -18.5532 kcal/mol        0.0426 kcal/(mol*A)
xmin    90      -18.5617 kcal/mol        0.1531 kcal/(mol*A)
xmin   100      -18.5693 kcal/mol        0.3301 kcal/(mol*A)
xmin   110      -18.5822 kcal/mol        0.0291 kcal/(mol*A)
xmin   120      -18.5828 kcal/mol        0.0136 kcal/(mol*A)
xmin   130      -18.5830 kcal/mol        0.0102 kcal/(mol*A)
xmin   140      -18.5831 kcal/mol        0.0111 kcal/(mol*A)
xmin   150      -18.5832 kcal/mol        0.0121 kcal/(mol*A)
xmin   160      -18.5832 kcal/mol        0.0007 kcal/(mol*A)
