            --------------------------------------------------------
                             AMBER SQM VERSION 19
 
                                     By
              Ross C. Walker, Michael F. Crowley, Scott Brozell,
                         Tim Giese, Andreas W. Goetz,
                        Tai-Sung Lee and David A. Case
 
            --------------------------------------------------------
 

--------------------------------------------------------------------------------
  QM CALCULATION INFO
--------------------------------------------------------------------------------

| QMMM: Citation for AMBER QMMM Run:
| QMMM: R.C. Walker, M.F. Crowley and D.A. Case, J. COMP. CHEM. 29:1019, 2008

QMMM: SINGLET STATE CALCULATION
QMMM: RHF CALCULATION, NO. OF DOUBLY OCCUPIED LEVELS = 18

| QMMM: *** Selected Hamiltonian *** 
| QMMM: AM1         

| QMMM: *** Parameter sets in use ***
| QMMM: C : M.J.S.DEWAR et al. JACS, 107, 3902, (1985)
| QMMM: O : M.J.S.DEWAR et al. JACS, 107, 3902, (1985)
| QMMM: H : M.J.S.DEWAR et al. JACS, 107, 3902, (1985)

| QMMM: *** SCF convergence criteria ***
| QMMM: Energy change                :  0.1D-09 kcal/mol
| QMMM: Error matrix |FP-PF|         :  0.1D+00 au
| QMMM: Density matrix change        :  0.5D-06
| QMMM: Maximum number of SCF cycles :     1000

| QMMM: *** Diagonalization Routine Information ***
| QMMM: Pseudo diagonalizations are allowed.
| QMMM: Auto diagonalization routine selection is in use.
| QMMM:
| QMMM: Timing diagonalization routines:
| QMMM:                              norbs =       34
| QMMM:    diag iterations used for timing =       20
| QMMM:
| QMMM:              Internal diag routine = 0.002181 seconds
| QMMM:                 Dspev diag routine = 0.031081 seconds
| QMMM:                Dspevd diag routine = 0.005998 seconds
| QMMM:                Dspevx diag routine = 0.018913 seconds
| QMMM:                 Dsyev diag routine = 0.004243 seconds
| QMMM:                Dsyevd diag routine = 0.004410 seconds
| QMMM:                Dsyevr diag routine = 0.004897 seconds
| QMMM:
| QMMM:                Pseudo diag routine = 0.000852 seconds
| QMMM:
| QMMM: Using internal diagonalization routine (diag_routine=1).

  QMMM: QM Region Cartesian Coordinates (*=link atom) 
  QMMM: QM_NO.   MM_NO.  ATOM         X         Y         Z
  QMMM:     1        1      C        0.9180   -0.3720    0.4620
  QMMM:     2        2      C        0.6780   -1.2620    1.6550
  QMMM:     3        3      C        1.7110   -1.2800   -0.4500
  QMMM:     4        4      C        1.9620   -2.0750    1.7320
  QMMM:     5        5      C        3.0090   -1.4460    2.6420
  QMMM:     6        6      O        2.4970   -2.1290    0.3980
  QMMM:     7        7      H        0.0010    0.0030    0.0000
  QMMM:     8        8      H        1.5300    0.4880    0.7590
  QMMM:     9        9      H        0.4480   -0.7130    2.5730
  QMMM:    10       10      H       -0.1660   -1.9310    1.4430
  QMMM:    11       11      H        1.0500   -1.9200   -1.0440
  QMMM:    12       12      H        2.3660   -0.7280   -1.1290
  QMMM:    13       13      H        1.7640   -3.0960    2.0720
  QMMM:    14       14      H        2.8410   -0.3690    2.7340
  QMMM:    15       15      H        2.9640   -1.8890    3.6420
  QMMM:    16       16      H        4.0130   -1.6050    2.2400

--------------------------------------------------------------------------------
  RESULTS
--------------------------------------------------------------------------------

      iter         sqm energy              rms gradient
      ----    -------------------    -----------------------
xmin    10      -62.1540 kcal/mol        1.7304 kcal/(mol*A)
xmin    20      -62.8192 kcal/mol        0.2228 kcal/(mol*A)
xmin    30      -62.8941 kcal/mol        0.1656 kcal/(mol*A)
xmin    40      -62.9536 kcal/mol        0.2083 kcal/(mol*A)
xmin    50      -62.9683 kcal/mol        0.0352 kcal/(mol*A)
xmin    60      -62.9777 kcal/mol        0.1083 kcal/(mol*A)
xmin    70      -62.9823 kcal/mol        0.1064 kcal/(mol*A)
xmin    80      -62.9845 kcal/mol        0.0462 kcal/(mol*A)
xmin    90      -62.9858 kcal/mol        0.0218 kcal/(mol*A)
xmin   100      -62.9862 kcal/mol        0.0112 kcal/(mol*A)
xmin   110      -62.9863 kcal/mol        0.0146 kcal/(mol*A)
xmin   120      -62.9864 kcal/mol        0.0054 kcal/(mol*A)
xmin   130      -62.9864 kcal/mol        0.0038 kcal/(mol*A)
xmin   140      -62.9864 kcal/mol        0.0029 kcal/(mol*A)
  ... geometry converged !
 
 Final MO eigenvalues (eV):
 -40.1126  -33.2159  -32.2342  -26.9376  -22.5755  -21.8120  -17.4989  -16.6854
 -15.4684  -14.4559  -14.3285  -13.5553  -13.0309  -12.7596  -12.3137  -11.8093
 -11.3850  -10.2101    3.0349    3.5170    3.6247    3.8791    4.0287    4.1781
   4.3226    4.5174    4.6793    4.7011    4.7492    4.8247    4.9281    5.0256
   5.1542    6.2850

 Heat of formation   =        -62.98638693 kcal/mol  (       -2.73129469 eV)

 Total SCF energy    =     -25346.38157529 kcal/mol  (    -1099.10158169 eV)
 Electronic energy   =    -104074.89426752 kcal/mol  (    -4513.02607292 eV)
 Core-core repulsion =      78728.51269223 kcal/mol  (     3413.92449123 eV)
 
    Atomic Charges for Step       1 :
  Atom    Element       Mulliken Charge
     1      C                 -0.185
     2      C                 -0.183
     3      C                 -0.022
     4      C                  0.027
     5      C                 -0.226
     6      O                 -0.282
     7      H                  0.090
     8      H                  0.091
     9      H                  0.092
    10      H                  0.091
    11      H                  0.089
    12      H                  0.078
    13      H                  0.095
    14      H                  0.080
    15      H                  0.076
    16      H                  0.089
 Total Mulliken Charge =      -0.000
 
                  X        Y        Z     TOTAL  
  QM DIPOLE    -1.277    1.106    0.692    1.826
 
 Final Structure

  QMMM: QM Region Cartesian Coordinates (*=link atom) 
  QMMM: QM_NO.   MM_NO.  ATOM         X         Y         Z
  QMMM:     1        1      C        0.6483   -0.5030    0.3569
  QMMM:     2        2      C        0.7635   -1.0974    1.7534
  QMMM:     3        3      C        1.8105   -1.0887   -0.4376
  QMMM:     4        4      C        1.9547   -2.0591    1.7053
  QMMM:     5        5      C        3.0688   -1.6619    2.6512
  QMMM:     6        6      O        2.4636   -2.0775    0.3612
  QMMM:     7        7      H       -0.3283   -0.7754   -0.1137
  QMMM:     8        8      H        0.7102    0.6122    0.3861
  QMMM:     9        9      H        0.9292   -0.2984    2.5174
  QMMM:    10       10      H       -0.1690   -1.6460    2.0330
  QMMM:    11       11      H        1.4729   -1.6104   -1.3695
  QMMM:    12       12      H        2.5724   -0.3096   -0.6990
  QMMM:    13       13      H        1.6317   -3.1165    1.9147
  QMMM:    14       14      H        3.4080   -0.6192    2.4446
  QMMM:    15       15      H        2.7092   -1.7260    3.7053
  QMMM:    16       16      H        3.9402   -2.3471    2.5196

           --------- Calculation Completed ----------

