            --------------------------------------------------------
                             AMBER SQM VERSION 19
 
                                     By
              Ross C. Walker, Michael F. Crowley, Scott Brozell,
                         Tim Giese, Andreas W. Goetz,
                        Tai-Sung Lee and David A. Case
 
            --------------------------------------------------------
 

--------------------------------------------------------------------------------
  QM CALCULATION INFO
--------------------------------------------------------------------------------

| QMMM: Citation for AMBER QMMM Run:
| QMMM: R.C. Walker, M.F. Crowley and D.A. Case, J. COMP. CHEM. 29:1019, 2008

QMMM: SINGLET STATE CALCULATION
QMMM: RHF CALCULATION, NO. OF DOUBLY OCCUPIED LEVELS = 13

| QMMM: *** Selected Hamiltonian *** 
| QMMM: AM1         

| QMMM: *** Parameter sets in use ***
| QMMM: C : M.J.S.DEWAR et al. JACS, 107, 3902, (1985)
| QMMM: O : M.J.S.DEWAR et al. JACS, 107, 3902, (1985)
| QMMM: H : M.J.S.DEWAR et al. JACS, 107, 3902, (1985)

| QMMM: *** SCF convergence criteria ***
| QMMM: Energy change                :  0.1D-09 kcal/mol
| QMMM: Error matrix |FP-PF|         :  0.1D+00 au
| QMMM: Density matrix change        :  0.5D-06
| QMMM: Maximum number of SCF cycles :     1000

| QMMM: *** Diagonalization Routine Information ***
| QMMM: Pseudo diagonalizations are allowed.
| QMMM: Auto diagonalization routine selection is in use.
| QMMM:
| QMMM: Timing diagonalization routines:
| QMMM:                              norbs =       22
| QMMM:    diag iterations used for timing =       20
| QMMM:
| QMMM:              Internal diag routine = 0.000998 seconds
| QMMM:                 Dspev diag routine = 0.001413 seconds
| QMMM:                Dspevd diag routine = 0.001386 seconds
| QMMM:                Dspevx diag routine = 0.004846 seconds
| QMMM:                 Dsyev diag routine = 0.003298 seconds
| QMMM:                Dsyevd diag routine = 0.001347 seconds
| QMMM:                Dsyevr diag routine = 0.001771 seconds
| QMMM:
| QMMM:                Pseudo diag routine = 0.000340 seconds
| QMMM:
| QMMM: Using internal diagonalization routine (diag_routine=1).

  QMMM: QM Region Cartesian Coordinates (*=link atom) 
  QMMM: QM_NO.   MM_NO.  ATOM         X         Y         Z
  QMMM:     1        1      C       -0.8940    0.4510    0.4420
  QMMM:     2        2      C       -2.1460   -0.1940   -0.1210
  QMMM:     3        3      O       -0.8530    0.2360    1.8470
  QMMM:     4        4      O       -2.1050   -1.5920    0.1370
  QMMM:     5        5      H       -0.8900    1.5300    0.2610
  QMMM:     6        6      H        0.0000    0.0000    0.0000
  QMMM:     7        7      H       -2.2120   -0.0490   -1.2040
  QMMM:     8        8      H       -3.0380    0.2180    0.3610
  QMMM:     9        9      H       -0.9000    1.1110    2.2640
  QMMM:    10       10      H       -2.6040   -1.7390    0.9560

--------------------------------------------------------------------------------
  RESULTS
--------------------------------------------------------------------------------

      iter         sqm energy              rms gradient
      ----    -------------------    -----------------------
xmin    10     -110.2999 kcal/mol        2.0953 kcal/(mol*A)
xmin    20     -111.3826 kcal/mol        0.6127 kcal/(mol*A)
xmin    30     -111.4268 kcal/mol        0.0712 kcal/(mol*A)
xmin    40     -111.4302 kcal/mol        0.0546 kcal/(mol*A)
xmin    50     -111.4306 kcal/mol        0.0112 kcal/(mol*A)
xmin    60     -111.4307 kcal/mol        0.0086 kcal/(mol*A)
xmin    70     -111.4307 kcal/mol        0.0034 kcal/(mol*A)
xmin    80     -111.4307 kcal/mol        0.0019 kcal/(mol*A)
xmin    80     -111.4307 kcal/mol        0.0004 kcal/(mol*A)
  ... geometry converged !
 
 Final MO eigenvalues (eV):
 -39.4143  -36.8975  -29.8852  -23.7807  -18.8722  -17.7599  -16.5182  -15.9601
 -14.6775  -13.4594  -12.6514  -11.6349  -10.9473    3.2668    3.4463    3.5920
   3.7635    4.0264    4.4110    4.4740    5.8961    6.2943

 Heat of formation   =       -111.43071075 kcal/mol  (       -4.83199821 eV)

 Total SCF energy    =     -22613.22684134 kcal/mol  (     -980.58309880 eV)
 Electronic energy   =     -65078.79621137 kcal/mol  (    -2822.02836873 eV)
 Core-core repulsion =      42465.56937003 kcal/mol  (     1841.44526994 eV)
 
    Atomic Charges for Step       1 :
  Atom    Element       Mulliken Charge
     1      C                 -0.068
     2      C                 -0.057
     3      O                 -0.328
     4      O                 -0.324
     5      H                  0.075
     6      H                  0.121
     7      H                  0.111
     8      H                  0.061
     9      H                  0.198
    10      H                  0.210
 Total Mulliken Charge =      -0.000
 
                  X        Y        Z     TOTAL  
  QM DIPOLE    -0.311    2.109    0.042    2.132
 
 Final Structure

  QMMM: QM Region Cartesian Coordinates (*=link atom) 
  QMMM: QM_NO.   MM_NO.  ATOM         X         Y         Z
  QMMM:     1        1      C       -0.8545    0.4149    0.4100
  QMMM:     2        2      C       -2.1963   -0.1116   -0.0883
  QMMM:     3        3      O       -0.7363    0.2349    1.8089
  QMMM:     4        4      O       -2.3555   -1.4873    0.1896
  QMMM:     5        5      H       -0.7335    1.4945    0.1348
  QMMM:     6        6      H       -0.0087   -0.1857   -0.0209
  QMMM:     7        7      H       -2.2667   -0.0266   -1.2046
  QMMM:     8        8      H       -3.0365    0.4653    0.3857
  QMMM:     9        9      H       -1.3936    0.8030    2.2282
  QMMM:    10       10      H       -2.0605   -1.6296    1.0997

           --------- Calculation Completed ----------

