            --------------------------------------------------------
                             AMBER SQM VERSION 19
 
                                     By
              Ross C. Walker, Michael F. Crowley, Scott Brozell,
                         Tim Giese, Andreas W. Goetz,
                        Tai-Sung Lee and David A. Case
 
            --------------------------------------------------------
 

--------------------------------------------------------------------------------
  QM CALCULATION INFO
--------------------------------------------------------------------------------

| QMMM: Citation for AMBER QMMM Run:
| QMMM: R.C. Walker, M.F. Crowley and D.A. Case, J. COMP. CHEM. 29:1019, 2008

QMMM: SINGLET STATE CALCULATION
QMMM: RHF CALCULATION, NO. OF DOUBLY OCCUPIED LEVELS = 25

| QMMM: *** Selected Hamiltonian *** 
| QMMM: AM1         

| QMMM: *** Parameter sets in use ***
| QMMM: C : M.J.S.DEWAR et al. JACS, 107, 3902, (1985)
| QMMM: F : M.J.S.DEWAR et al. THEOCHEM, 180, 1, (1988)
| QMMM: Cl: M.J.S.DEWAR et al. THEOCHEM, 180, 1, (1988)

| QMMM: *** SCF convergence criteria ***
| QMMM: Energy change                :  0.1D-09 kcal/mol
| QMMM: Error matrix |FP-PF|         :  0.1D+00 au
| QMMM: Density matrix change        :  0.5D-06
| QMMM: Maximum number of SCF cycles :     1000

| QMMM: *** Diagonalization Routine Information ***
| QMMM: Pseudo diagonalizations are allowed.
| QMMM: Auto diagonalization routine selection is in use.
| QMMM:
| QMMM: Timing diagonalization routines:
| QMMM:                              norbs =       32
| QMMM:    diag iterations used for timing =       20
| QMMM:
| QMMM:              Internal diag routine = 0.001919 seconds
| QMMM:                 Dspev diag routine = 0.037450 seconds
| QMMM:                Dspevd diag routine = 0.003426 seconds
| QMMM:                Dspevx diag routine = 0.048163 seconds
| QMMM:                 Dsyev diag routine = 0.003338 seconds
| QMMM:                Dsyevd diag routine = 0.002975 seconds
| QMMM:                Dsyevr diag routine = 0.003643 seconds
| QMMM:
| QMMM:                Pseudo diag routine = 0.000335 seconds
| QMMM:
| QMMM: Using internal diagonalization routine (diag_routine=1).

  QMMM: QM Region Cartesian Coordinates (*=link atom) 
  QMMM: QM_NO.   MM_NO.  ATOM         X         Y         Z
  QMMM:     1        1      C        1.3840    0.0330    0.6380
  QMMM:     2        2      C        0.0000    0.0000    0.0000
  QMMM:     3        3      F        1.7630   -1.2350    0.9510
  QMMM:     4        4      F        2.2880    0.4780   -0.2760
  QMMM:     5        5      F        0.0860   -0.7670   -1.1250
  QMMM:     6        6      Cl       1.4930    1.0430    2.0950
  QMMM:     7        7      Cl      -0.5440    1.6250   -0.4900
  QMMM:     8        8      Cl      -1.2090   -0.7470    1.0760

--------------------------------------------------------------------------------
  RESULTS
--------------------------------------------------------------------------------

      iter         sqm energy              rms gradient
      ----    -------------------    -----------------------
xmin    10     -151.3895 kcal/mol        0.2956 kcal/(mol*A)
xmin    20     -151.4008 kcal/mol        0.1061 kcal/(mol*A)
xmin    30     -151.4012 kcal/mol        0.0035 kcal/(mol*A)
  ... geometry converged !
 
 Final MO eigenvalues (eV):
 -51.9789  -50.4093  -49.2816  -38.7979  -38.1546  -38.1147  -30.9327  -25.2066
 -20.3334  -20.0924  -20.0779  -18.4116  -18.3916  -16.4034  -15.8769  -15.2145
 -15.0381  -14.5818  -14.0492  -13.5054  -13.3950  -12.8981  -12.8245  -12.5937
 -12.4184   -1.1446   -0.7372   -0.2371    0.5643    2.2017    2.4474    2.8154


 Heat of formation   =       -151.40121822 kcal/mol  (       -6.56524948 eV)

 Total SCF energy    =     -65325.20072465 kcal/mol  (    -2832.71327022 eV)
 Electronic energy   =    -197374.20315647 kcal/mol  (    -8558.78770029 eV)
 Core-core repulsion =     132049.00243181 kcal/mol  (     5726.07443007 eV)
 
    Atomic Charges for Step       1 :
  Atom    Element       Mulliken Charge
     1      C                  0.275
     2      C                  0.119
     3      F                 -0.115
     4      F                 -0.115
     5      F                 -0.090
     6      Cl                -0.040
     7      Cl                -0.017
     8      Cl                -0.017
 Total Mulliken Charge =      -0.000
 
                  X        Y        Z     TOTAL  
  QM DIPOLE    -0.536    0.415    0.364    0.770
 
 Final Structure

  QMMM: QM Region Cartesian Coordinates (*=link atom) 
  QMMM: QM_NO.   MM_NO.  ATOM         X         Y         Z
  QMMM:     1        1      C        1.4221    0.0176    0.6343
  QMMM:     2        2      C       -0.0362   -0.0179   -0.0412
  QMMM:     3        3      F        1.8542   -1.2512    0.9229
  QMMM:     4        4      F        2.3629    0.4492   -0.2649
  QMMM:     5        5      F        0.0276   -0.8176   -1.1586
  QMMM:     6        6      Cl       1.3434    1.0632    2.0973
  QMMM:     7        7      Cl      -0.5126    1.6430   -0.4634
  QMMM:     8        8      Cl      -1.2004   -0.6562    1.1426

           --------- Calculation Completed ----------

