            --------------------------------------------------------
                             AMBER SQM VERSION 19
 
                                     By
              Ross C. Walker, Michael F. Crowley, Scott Brozell,
                         Tim Giese, Andreas W. Goetz,
                        Tai-Sung Lee and David A. Case
 
            --------------------------------------------------------
 

--------------------------------------------------------------------------------
  QM CALCULATION INFO
--------------------------------------------------------------------------------

| QMMM: Citation for AMBER QMMM Run:
| QMMM: R.C. Walker, M.F. Crowley and D.A. Case, J. COMP. CHEM. 29:1019, 2008

QMMM: SINGLET STATE CALCULATION
QMMM: RHF CALCULATION, NO. OF DOUBLY OCCUPIED LEVELS = 21

| QMMM: *** Selected Hamiltonian *** 
| QMMM: AM1         

| QMMM: *** Parameter sets in use ***
| QMMM: C : M.J.S.DEWAR et al. JACS, 107, 3902, (1985)
| QMMM: Cl: M.J.S.DEWAR et al. THEOCHEM, 180, 1, (1988)
| QMMM: H : M.J.S.DEWAR et al. JACS, 107, 3902, (1985)

| QMMM: *** SCF convergence criteria ***
| QMMM: Energy change                :  0.1D-09 kcal/mol
| QMMM: Error matrix |FP-PF|         :  0.1D+00 au
| QMMM: Density matrix change        :  0.5D-06
| QMMM: Maximum number of SCF cycles :     1000

| QMMM: *** Diagonalization Routine Information ***
| QMMM: Pseudo diagonalizations are allowed.
| QMMM: Auto diagonalization routine selection is in use.
| QMMM:
| QMMM: Timing diagonalization routines:
| QMMM:                              norbs =       36
| QMMM:    diag iterations used for timing =       20
| QMMM:
| QMMM:              Internal diag routine = 0.002811 seconds
| QMMM:                 Dspev diag routine = 0.003411 seconds
| QMMM:                Dspevd diag routine = 0.002886 seconds
| QMMM:                Dspevx diag routine = 0.012789 seconds
| QMMM:                 Dsyev diag routine = 0.003646 seconds
| QMMM:                Dsyevd diag routine = 0.003751 seconds
| QMMM:                Dsyevr diag routine = 0.004640 seconds
| QMMM:
| QMMM:                Pseudo diag routine = 0.000788 seconds
| QMMM:
| QMMM: Using internal diagonalization routine (diag_routine=1).

  QMMM: QM Region Cartesian Coordinates (*=link atom) 
  QMMM: QM_NO.   MM_NO.  ATOM         X         Y         Z
  QMMM:     1        1      C        0.8180   -0.4390    0.5640
  QMMM:     2        2      C        0.7990   -0.4060    1.9590
  QMMM:     3        3      C        2.9370   -1.5970    0.6200
  QMMM:     4        4      C        2.9180   -1.5650    2.0140
  QMMM:     5        5      C        1.8870   -1.0340   -0.1050
  QMMM:     6        6      C        1.8500   -0.9690    2.6840
  QMMM:     7        7      Cl       1.9100   -1.0740   -1.8250
  QMMM:     8        8      Cl       1.8270   -0.9290    4.4040
  QMMM:     9        9      H       -0.0070    0.0040    0.0120
  QMMM:    10       10      H       -0.0400    0.0610    2.4680
  QMMM:    11       11      H        3.7760   -2.0640    0.1110
  QMMM:    12       12      H        3.7430   -2.0070    2.5660

--------------------------------------------------------------------------------
  RESULTS
--------------------------------------------------------------------------------

      iter         sqm energy              rms gradient
      ----    -------------------    -----------------------
xmin    10        7.8861 kcal/mol        0.0063 kcal/(mol*A)
  ... geometry converged !
 
 Final MO eigenvalues (eV):
 -39.9917  -38.0332  -37.2822  -32.1011  -31.2393  -23.9826  -23.6838  -18.6686
 -17.1772  -16.7509  -15.3029  -14.9164  -14.7607  -13.6008  -13.1210  -13.1088
 -11.9973  -11.9551  -11.8483  -10.2488   -9.5230   -0.2159   -0.0013    1.1043
   1.2954    2.2805    3.4536    3.4682    3.8322    4.0057    4.2449    4.5766
   4.7363    4.8937    4.9718    5.3662

 Heat of formation   =          7.88607998 kcal/mol  (        0.34196609 eV)

 Total SCF energy    =     -36218.42811940 kcal/mol  (    -1570.54889725 eV)
 Electronic energy   =    -127607.32237576 kcal/mol  (    -5533.46872971 eV)
 Core-core repulsion =      91388.89425636 kcal/mol  (     3962.91983246 eV)
 
    Atomic Charges for Step       1 :
  Atom    Element       Mulliken Charge
     1      C                 -0.116
     2      C                 -0.116
     3      C                 -0.116
     4      C                 -0.116
     5      C                 -0.063
     6      C                 -0.063
     7      Cl                -0.009
     8      Cl                -0.009
     9      H                  0.152
    10      H                  0.152
    11      H                  0.152
    12      H                  0.152
 Total Mulliken Charge =      -0.000
 
                  X        Y        Z     TOTAL  
  QM DIPOLE    -0.000   -0.000    0.000    0.000
 
 Final Structure

  QMMM: QM Region Cartesian Coordinates (*=link atom) 
  QMMM: QM_NO.   MM_NO.  ATOM         X         Y         Z
  QMMM:     1        1      C        0.8118   -0.4353    0.5652
  QMMM:     2        2      C        0.7932   -0.4030    1.9580
  QMMM:     3        3      C        2.9431   -1.6002    0.6207
  QMMM:     4        4      C        2.9245   -1.5679    2.0134
  QMMM:     5        5      C        1.8867   -1.0338   -0.1000
  QMMM:     6        6      C        1.8496   -0.9694    2.6787
  QMMM:     7        7      Cl       1.9094   -1.0732   -1.7985
  QMMM:     8        8      Cl       1.8269   -0.9300    4.3771
  QMMM:     9        9      H       -0.0182    0.0096   -0.0048
  QMMM:    10       10      H       -0.0514    0.0673    2.4845
  QMMM:    11       11      H        3.7877   -2.0705    0.0942
  QMMM:    12       12      H        3.7545   -2.0128    2.5835

           --------- Calculation Completed ----------

