            --------------------------------------------------------
                             AMBER SQM VERSION 19
 
                                     By
              Ross C. Walker, Michael F. Crowley, Scott Brozell,
                         Tim Giese, Andreas W. Goetz,
                        Tai-Sung Lee and David A. Case
 
            --------------------------------------------------------
 

--------------------------------------------------------------------------------
  QM CALCULATION INFO
--------------------------------------------------------------------------------

| QMMM: Citation for AMBER QMMM Run:
| QMMM: R.C. Walker, M.F. Crowley and D.A. Case, J. COMP. CHEM. 29:1019, 2008

QMMM: SINGLET STATE CALCULATION
QMMM: RHF CALCULATION, NO. OF DOUBLY OCCUPIED LEVELS = 15

| QMMM: *** Selected Hamiltonian *** 
| QMMM: AM1         

| QMMM: *** Parameter sets in use ***
| QMMM: C : M.J.S.DEWAR et al. JACS, 107, 3902, (1985)
| QMMM: O : M.J.S.DEWAR et al. JACS, 107, 3902, (1985)
| QMMM: H : M.J.S.DEWAR et al. JACS, 107, 3902, (1985)

| QMMM: *** SCF convergence criteria ***
| QMMM: Energy change                :  0.1D-09 kcal/mol
| QMMM: Error matrix |FP-PF|         :  0.1D+00 au
| QMMM: Density matrix change        :  0.5D-06
| QMMM: Maximum number of SCF cycles :     1000

| QMMM: *** Diagonalization Routine Information ***
| QMMM: Pseudo diagonalizations are allowed.
| QMMM: Auto diagonalization routine selection is in use.
| QMMM:
| QMMM: Timing diagonalization routines:
| QMMM:                              norbs =       28
| QMMM:    diag iterations used for timing =       20
| QMMM:
| QMMM:              Internal diag routine = 0.000959 seconds
| QMMM:                 Dspev diag routine = 0.001016 seconds
| QMMM:                Dspevd diag routine = 0.000961 seconds
| QMMM:                Dspevx diag routine = 0.005087 seconds
| QMMM:                 Dsyev diag routine = 0.007299 seconds
| QMMM:                Dsyevd diag routine = 0.001488 seconds
| QMMM:                Dsyevr diag routine = 0.003192 seconds
| QMMM:
| QMMM:                Pseudo diag routine = 0.000385 seconds
| QMMM:
| QMMM: Using internal diagonalization routine (diag_routine=1).

  QMMM: QM Region Cartesian Coordinates (*=link atom) 
  QMMM: QM_NO.   MM_NO.  ATOM         X         Y         Z
  QMMM:     1        1      C       -2.1990    0.5040    1.5020
  QMMM:     2        2      C       -0.4390   -0.8920    0.4600
  QMMM:     3        3      C       -2.5620   -1.9750    1.2570
  QMMM:     4        4      C       -1.9420   -0.7230    0.6490
  QMMM:     5        5      O       -2.8150    0.4990    2.5630
  QMMM:     6        6      H       -1.8230    1.4550    1.0840
  QMMM:     7        7      H        0.0000    0.0000    0.0000
  QMMM:     8        8      H       -0.2200   -1.7480   -0.1870
  QMMM:     9        9      H        0.0660   -1.0490    1.4190
  QMMM:    10       10      H       -2.3870   -2.8470    0.6190
  QMMM:    11       11      H       -3.6450   -1.8560    1.3750
  QMMM:    12       12      H       -2.1430   -2.1870    2.2470
  QMMM:    13       13      H       -2.4060   -0.5330   -0.3260

--------------------------------------------------------------------------------
  RESULTS
--------------------------------------------------------------------------------

      iter         sqm energy              rms gradient
      ----    -------------------    -----------------------
xmin    10      -52.5575 kcal/mol        0.1172 kcal/(mol*A)
xmin    20      -52.5708 kcal/mol        0.2461 kcal/(mol*A)
xmin    30      -52.5929 kcal/mol        0.2553 kcal/(mol*A)
xmin    40      -52.6140 kcal/mol        0.2181 kcal/(mol*A)
xmin    50      -52.6337 kcal/mol        0.2956 kcal/(mol*A)
xmin    60      -52.6565 kcal/mol        0.3511 kcal/(mol*A)
xmin    70      -52.6732 kcal/mol        0.1714 kcal/(mol*A)
xmin    80      -52.6948 kcal/mol        0.0612 kcal/(mol*A)
xmin    90      -52.7061 kcal/mol        0.1852 kcal/(mol*A)
xmin   100      -52.7163 kcal/mol        0.1159 kcal/(mol*A)
xmin   110      -52.7223 kcal/mol        0.3465 kcal/(mol*A)
xmin   120      -52.7296 kcal/mol        0.2111 kcal/(mol*A)
xmin   130      -52.7344 kcal/mol        0.0504 kcal/(mol*A)
xmin   140      -52.7364 kcal/mol        0.0440 kcal/(mol*A)
xmin   150      -52.7401 kcal/mol        0.1163 kcal/(mol*A)
xmin   160      -52.7444 kcal/mol        0.0846 kcal/(mol*A)
xmin   170      -52.7468 kcal/mol        0.2374 kcal/(mol*A)
xmin   180      -52.7497 kcal/mol        0.1528 kcal/(mol*A)
xmin   190      -52.7522 kcal/mol        0.0602 kcal/(mol*A)
xmin   200      -52.7542 kcal/mol        0.0570 kcal/(mol*A)
xmin   210      -52.7564 kcal/mol        0.0530 kcal/(mol*A)
xmin   220      -52.7575 kcal/mol        0.0373 kcal/(mol*A)
xmin   230      -52.7581 kcal/mol        0.0320 kcal/(mol*A)
xmin   240      -52.7588 kcal/mol        0.0297 kcal/(mol*A)
xmin   250      -52.7594 kcal/mol        0.0390 kcal/(mol*A)
xmin   260      -52.7599 kcal/mol        0.0322 kcal/(mol*A)
xmin   270      -52.7605 kcal/mol        0.0174 kcal/(mol*A)
xmin   280      -52.7613 kcal/mol        0.0386 kcal/(mol*A)
xmin   290      -52.7617 kcal/mol        0.0322 kcal/(mol*A)
xmin   300      -52.7621 kcal/mol        0.0333 kcal/(mol*A)
xmin   310      -52.7625 kcal/mol        0.0339 kcal/(mol*A)
xmin   320      -52.7628 kcal/mol        0.0415 kcal/(mol*A)
xmin   330      -52.7631 kcal/mol        0.0305 kcal/(mol*A)
xmin   340      -52.7634 kcal/mol        0.0307 kcal/(mol*A)
xmin   350      -52.7637 kcal/mol        0.0315 kcal/(mol*A)
xmin   360      -52.7640 kcal/mol        0.0281 kcal/(mol*A)
xmin   370      -52.7642 kcal/mol        0.0258 kcal/(mol*A)
xmin   380      -52.7645 kcal/mol        0.0244 kcal/(mol*A)
xmin   390      -52.7647 kcal/mol        0.0238 kcal/(mol*A)
xmin   400      -52.7649 kcal/mol        0.0278 kcal/(mol*A)
xmin   410      -52.7651 kcal/mol        0.0274 kcal/(mol*A)
xmin   420      -52.7654 kcal/mol        0.0267 kcal/(mol*A)
xmin   430      -52.7659 kcal/mol        0.0219 kcal/(mol*A)
xmin   440      -52.7662 kcal/mol        0.0092 kcal/(mol*A)
xmin   450      -52.7666 kcal/mol        0.0225 kcal/(mol*A)
xmin   460      -52.7668 kcal/mol        0.0272 kcal/(mol*A)
xmin   470      -52.7671 kcal/mol        0.0397 kcal/(mol*A)
xmin   480      -52.7674 kcal/mol        0.0478 kcal/(mol*A)
xmin   490      -52.7678 kcal/mol        0.0119 kcal/(mol*A)
xmin   500      -52.7681 kcal/mol        0.0174 kcal/(mol*A)
xmin   510      -52.7683 kcal/mol        0.0188 kcal/(mol*A)
xmin   520      -52.7685 kcal/mol        0.0212 kcal/(mol*A)
xmin   530      -52.7688 kcal/mol        0.0156 kcal/(mol*A)
xmin   540      -52.7697 kcal/mol        0.0270 kcal/(mol*A)
xmin   550      -52.7700 kcal/mol        0.0474 kcal/(mol*A)
xmin   560      -52.7701 kcal/mol        0.0132 kcal/(mol*A)
xmin   570      -52.7703 kcal/mol        0.0354 kcal/(mol*A)
xmin   580      -52.7706 kcal/mol        0.0104 kcal/(mol*A)
xmin   590      -52.7708 kcal/mol        0.0142 kcal/(mol*A)
xmin   600      -52.7710 kcal/mol        0.0083 kcal/(mol*A)
xmin   610      -52.7712 kcal/mol        0.0093 kcal/(mol*A)
xmin   620      -52.7715 kcal/mol        0.0228 kcal/(mol*A)
xmin   630      -52.7716 kcal/mol        0.0104 kcal/(mol*A)
xmin   640      -52.7719 kcal/mol        0.0278 kcal/(mol*A)
xmin   650      -52.7721 kcal/mol        0.0092 kcal/(mol*A)
xmin   660      -52.7725 kcal/mol        0.0105 kcal/(mol*A)
xmin   670      -52.7728 kcal/mol        0.0114 kcal/(mol*A)
xmin   680      -52.7729 kcal/mol        0.0183 kcal/(mol*A)
xmin   690      -52.7732 kcal/mol        0.0176 kcal/(mol*A)
xmin   700      -52.7735 kcal/mol        0.0842 kcal/(mol*A)
xmin   710      -52.7738 kcal/mol        0.0093 kcal/(mol*A)
xmin   720      -52.7740 kcal/mol        0.0158 kcal/(mol*A)
xmin   730      -52.7742 kcal/mol        0.1042 kcal/(mol*A)
xmin   740      -52.7747 kcal/mol        0.0378 kcal/(mol*A)
xmin   750      -52.7751 kcal/mol        0.0557 kcal/(mol*A)
xmin   760      -52.7756 kcal/mol        0.0105 kcal/(mol*A)
xmin   770      -52.7759 kcal/mol        0.0121 kcal/(mol*A)
xmin   780      -52.7764 kcal/mol        0.0681 kcal/(mol*A)
xmin   790      -52.7773 kcal/mol        0.0426 kcal/(mol*A)
xmin   800      -52.7779 kcal/mol        0.0563 kcal/(mol*A)
xmin   810      -52.7786 kcal/mol        0.0284 kcal/(mol*A)
xmin   820      -52.7791 kcal/mol        0.0549 kcal/(mol*A)
xmin   830      -52.7798 kcal/mol        0.0764 kcal/(mol*A)
xmin   840      -52.7805 kcal/mol        0.0394 kcal/(mol*A)
xmin   850      -52.7811 kcal/mol        0.0397 kcal/(mol*A)
xmin   860      -52.7817 kcal/mol        0.0362 kcal/(mol*A)
xmin   870      -52.7824 kcal/mol        0.0361 kcal/(mol*A)
xmin   880      -52.7831 kcal/mol        0.0347 kcal/(mol*A)
xmin   890      -52.7840 kcal/mol        0.0446 kcal/(mol*A)
xmin   900      -52.7848 kcal/mol        0.0491 kcal/(mol*A)
xmin   910      -52.7858 kcal/mol        0.0457 kcal/(mol*A)
xmin   920      -52.7869 kcal/mol        0.0523 kcal/(mol*A)
xmin   930      -52.7880 kcal/mol        0.0510 kcal/(mol*A)
xmin   940      -52.7893 kcal/mol        0.0563 kcal/(mol*A)
xmin   950      -52.7906 kcal/mol        0.0700 kcal/(mol*A)
xmin   960      -52.7922 kcal/mol        0.0655 kcal/(mol*A)
xmin   970      -52.7939 kcal/mol        0.0852 kcal/(mol*A)
xmin   980      -52.7957 kcal/mol        0.0772 kcal/(mol*A)
xmin   990      -52.7978 kcal/mol        0.0695 kcal/(mol*A)
xmin  1000      -52.8001 kcal/mol        0.0858 kcal/(mol*A)
xmin  1010      -52.8027 kcal/mol        0.0935 kcal/(mol*A)
xmin  1020      -52.8055 kcal/mol        0.1084 kcal/(mol*A)
xmin  1030      -52.8093 kcal/mol        0.2770 kcal/(mol*A)
xmin  1040      -52.8160 kcal/mol        0.1835 kcal/(mol*A)
xmin  1050      -52.8272 kcal/mol        0.0604 kcal/(mol*A)
xmin  1060      -52.8525 kcal/mol        0.2400 kcal/(mol*A)
xmin  1070      -52.8701 kcal/mol        0.1286 kcal/(mol*A)
xmin  1080      -52.8833 kcal/mol        0.2132 kcal/(mol*A)
xmin  1090      -52.8975 kcal/mol        0.1643 kcal/(mol*A)
xmin  1100      -52.9130 kcal/mol        0.1843 kcal/(mol*A)
xmin  1110      -52.9303 kcal/mol        0.3249 kcal/(mol*A)
xmin  1120      -52.9468 kcal/mol        0.2329 kcal/(mol*A)
xmin  1130      -52.9640 kcal/mol        0.1627 kcal/(mol*A)
xmin  1140      -52.9806 kcal/mol        0.2508 kcal/(mol*A)
xmin  1150      -52.9955 kcal/mol        0.2454 kcal/(mol*A)
xmin  1160      -53.0182 kcal/mol        0.6055 kcal/(mol*A)
xmin  1170      -53.0464 kcal/mol        0.1059 kcal/(mol*A)
xmin  1180      -53.0809 kcal/mol        0.1041 kcal/(mol*A)
xmin  1190      -53.1116 kcal/mol        0.1213 kcal/(mol*A)
xmin  1200      -53.1262 kcal/mol        0.0812 kcal/(mol*A)
xmin  1210      -53.1430 kcal/mol        0.0284 kcal/(mol*A)
xmin  1220      -53.1453 kcal/mol        0.2332 kcal/(mol*A)
xmin  1230      -53.1477 kcal/mol        0.1838 kcal/(mol*A)
xmin  1240      -53.1491 kcal/mol        0.1031 kcal/(mol*A)
xmin  1250      -53.1501 kcal/mol        0.0363 kcal/(mol*A)
xmin  1260      -53.1507 kcal/mol        0.0382 kcal/(mol*A)
xmin  1270      -53.1511 kcal/mol        0.1152 kcal/(mol*A)
xmin  1280      -53.1514 kcal/mol        0.0165 kcal/(mol*A)
xmin  1290      -53.1516 kcal/mol        0.0150 kcal/(mol*A)
xmin  1300      -53.1517 kcal/mol        0.0057 kcal/(mol*A)
xmin  1310      -53.1518 kcal/mol        0.0154 kcal/(mol*A)
xmin  1320      -53.1518 kcal/mol        0.0070 kcal/(mol*A)
xmin  1330      -53.1518 kcal/mol        0.0031 kcal/(mol*A)
xmin  1340      -53.1518 kcal/mol        0.0032 kcal/(mol*A)
xmin  1350      -53.1519 kcal/mol        0.0026 kcal/(mol*A)
xmin  1360      -53.1519 kcal/mol        0.0034 kcal/(mol*A)
xmin  1370      -53.1519 kcal/mol        0.0038 kcal/(mol*A)
xmin  1380      -53.1519 kcal/mol        0.0008 kcal/(mol*A)
xmin  1390      -53.1519 kcal/mol        0.0018 kcal/(mol*A)
xmin  1400      -53.1519 kcal/mol        0.0011 kcal/(mol*A)
  ... geometry converged !
 
 Final MO eigenvalues (eV):
 -39.4978  -35.7251  -28.1866  -25.2760  -21.1517  -17.0596  -16.4214  -15.2129
 -14.9939  -13.6353  -13.3289  -13.2454  -12.3785  -12.0583  -10.4769    0.8970
   3.0778    3.4288    3.7789    3.8664    4.1889    4.3126    4.4470    4.5049
   4.6470    4.7794    4.8326    6.3314

 Heat of formation   =        -53.15187482 kcal/mol  (       -2.30483825 eV)

 Total SCF energy    =     -21749.69403165 kcal/mol  (     -943.13750625 eV)
 Electronic energy   =     -75394.21935790 kcal/mol  (    -3269.33868253 eV)
 Core-core repulsion =      53644.52532625 kcal/mol  (     2326.20117628 eV)
 
    Atomic Charges for Step       1 :
  Atom    Element       Mulliken Charge
     1      C                  0.187
     2      C                 -0.206
     3      C                 -0.206
     4      C                 -0.177
     5      O                 -0.284
     6      H                  0.087
     7      H                  0.082
     8      H                  0.084
     9      H                  0.076
    10      H                  0.084
    11      H                  0.082
    12      H                  0.076
    13      H                  0.117
 Total Mulliken Charge =      -0.000
 
                  X        Y        Z     TOTAL  
  QM DIPOLE     1.926   -1.853   -0.078    2.674
 
 Final Structure

  QMMM: QM Region Cartesian Coordinates (*=link atom) 
  QMMM: QM_NO.   MM_NO.  ATOM         X         Y         Z
  QMMM:     1        1      C       -2.2708    0.3695    1.6915
  QMMM:     2        2      C       -0.7679   -0.6299    0.0076
  QMMM:     3        3      C       -2.1124   -2.0880    1.5235
  QMMM:     4        4      C       -2.0803   -0.7891    0.7459
  QMMM:     5        5      O       -3.2144    1.1546    1.6120
  QMMM:     6        6      H       -1.4893    0.4687    2.4780
  QMMM:     7        7      H       -0.7630    0.3198   -0.5794
  QMMM:     8        8      H       -0.6220   -1.4841   -0.6966
  QMMM:     9        9      H        0.0891   -0.6122    0.7237
  QMMM:    10       10      H       -1.9743   -2.9507    0.8281
  QMMM:    11       11      H       -3.0919   -2.2058    2.0462
  QMMM:    12       12      H       -1.2956   -2.1136    2.2847
  QMMM:    13       13      H       -2.9225   -0.7913   -0.0032

           --------- Calculation Completed ----------

