            --------------------------------------------------------
                             AMBER SQM VERSION 19
 
                                     By
              Ross C. Walker, Michael F. Crowley, Scott Brozell,
                         Tim Giese, Andreas W. Goetz,
                        Tai-Sung Lee and David A. Case
 
            --------------------------------------------------------
 

--------------------------------------------------------------------------------
  QM CALCULATION INFO
--------------------------------------------------------------------------------

| QMMM: Citation for AMBER QMMM Run:
| QMMM: R.C. Walker, M.F. Crowley and D.A. Case, J. COMP. CHEM. 29:1019, 2008

QMMM: SINGLET STATE CALCULATION
QMMM: RHF CALCULATION, NO. OF DOUBLY OCCUPIED LEVELS =  7

| QMMM: *** Selected Hamiltonian *** 
| QMMM: AM1         

| QMMM: *** Parameter sets in use ***
| QMMM: C : M.J.S.DEWAR et al. JACS, 107, 3902, (1985)
| QMMM: F : M.J.S.DEWAR et al. THEOCHEM, 180, 1, (1988)
| QMMM: H : M.J.S.DEWAR et al. JACS, 107, 3902, (1985)

| QMMM: *** SCF convergence criteria ***
| QMMM: Energy change                :  0.1D-09 kcal/mol
| QMMM: Error matrix |FP-PF|         :  0.1D+00 au
| QMMM: Density matrix change        :  0.5D-06
| QMMM: Maximum number of SCF cycles :     1000

| QMMM: *** Diagonalization Routine Information ***
| QMMM: Pseudo diagonalizations are allowed.
| QMMM: Auto diagonalization routine selection is in use.
| QMMM:
| QMMM: Timing diagonalization routines:
| QMMM:                              norbs =       11
| QMMM:    diag iterations used for timing =       20
| QMMM:
| QMMM:              Internal diag routine = 0.000189 seconds
| QMMM:                 Dspev diag routine = 0.000388 seconds
| QMMM:                Dspevd diag routine = 0.000313 seconds
| QMMM:                Dspevx diag routine = 0.018198 seconds
| QMMM:                 Dsyev diag routine = 0.000286 seconds
| QMMM:                Dsyevd diag routine = 0.000297 seconds
| QMMM:                Dsyevr diag routine = 0.000416 seconds
| QMMM:
| QMMM:                Pseudo diag routine = 0.000029 seconds
| QMMM:
| QMMM: Using internal diagonalization routine (diag_routine=1).

  QMMM: QM Region Cartesian Coordinates (*=link atom) 
  QMMM: QM_NO.   MM_NO.  ATOM         X         Y         Z
  QMMM:     1        1      C       -0.4410    0.7980   -0.6010
  QMMM:     2        2      F       -1.2210    1.5670    0.2010
  QMMM:     3        3      H        0.3440    1.4240   -1.0300
  QMMM:     4        4      H        0.0000   -0.0000    0.0000
  QMMM:     5        5      H       -1.0610    0.3750   -1.3930

--------------------------------------------------------------------------------
  RESULTS
--------------------------------------------------------------------------------

  ... geometry converged !
 
 Final MO eigenvalues (eV):
 -48.8246  -27.8630  -16.6358  -16.6358  -16.4084  -12.0957  -12.0957    3.8272
   3.8272    3.9090    4.7444

 Heat of formation   =        -61.06321985 kcal/mol  (       -2.64789991 eV)

 Total SCF energy    =     -15103.82438899 kcal/mol  (     -654.95097303 eV)
 Electronic energy   =     -27034.09071284 kcal/mol  (    -1172.28614166 eV)
 Core-core repulsion =      11930.26632385 kcal/mol  (      517.33516863 eV)
 
    Atomic Charges for Step       1 :
  Atom    Element       Mulliken Charge
     1      C                 -0.041
     2      F                 -0.178
     3      H                  0.073
     4      H                  0.073
     5      H                  0.073
 Total Mulliken Charge =      -0.000
 
                  X        Y        Z     TOTAL  
  QM DIPOLE     0.930   -0.915   -0.954    1.616
 
 Final Structure

  QMMM: QM Region Cartesian Coordinates (*=link atom) 
  QMMM: QM_NO.   MM_NO.  ATOM         X         Y         Z
  QMMM:     1        1      C       -0.4466    0.8041   -0.5945
  QMMM:     2        2      F       -1.2377    1.5826    0.2173
  QMMM:     3        3      H        0.3642    1.4348   -1.0425
  QMMM:     4        4      H        0.0127   -0.0202    0.0101
  QMMM:     5        5      H       -1.0716    0.3626   -1.4134

           --------- Calculation Completed ----------

