            --------------------------------------------------------
                             AMBER SQM VERSION 19
 
                                     By
              Ross C. Walker, Michael F. Crowley, Scott Brozell,
                         Tim Giese, Andreas W. Goetz,
                        Tai-Sung Lee and David A. Case
 
            --------------------------------------------------------
 

--------------------------------------------------------------------------------
  QM CALCULATION INFO
--------------------------------------------------------------------------------

| QMMM: Citation for AMBER QMMM Run:
| QMMM: R.C. Walker, M.F. Crowley and D.A. Case, J. COMP. CHEM. 29:1019, 2008

QMMM: SINGLET STATE CALCULATION
QMMM: RHF CALCULATION, NO. OF DOUBLY OCCUPIED LEVELS = 23

| QMMM: *** Selected Hamiltonian *** 
| QMMM: AM1         

| QMMM: *** Parameter sets in use ***
| QMMM: H : M.J.S.DEWAR et al. JACS, 107, 3902, (1985)
| QMMM: N : M.J.S.DEWAR et al. JACS, 107, 3902, (1985)
| QMMM: C : M.J.S.DEWAR et al. JACS, 107, 3902, (1985)
| QMMM: O : M.J.S.DEWAR et al. JACS, 107, 3902, (1985)

| QMMM: *** SCF convergence criteria ***
| QMMM: Energy change                :  0.1D-09 kcal/mol
| QMMM: Error matrix |FP-PF|         :  0.1D+00 au
| QMMM: Density matrix change        :  0.5D-06
| QMMM: Maximum number of SCF cycles :     1000

| QMMM: *** Diagonalization Routine Information ***
| QMMM: Pseudo diagonalizations are allowed.
| QMMM: Auto diagonalization routine selection is in use.
| QMMM:
| QMMM: Timing diagonalization routines:
| QMMM:                              norbs =       43
| QMMM:    diag iterations used for timing =       20
| QMMM:
| QMMM:              Internal diag routine = 0.008042 seconds
| QMMM:                 Dspev diag routine = 0.031265 seconds
| QMMM:                Dspevd diag routine = 0.005962 seconds
| QMMM:                Dspevx diag routine = 0.040346 seconds
| QMMM:                 Dsyev diag routine = 0.004052 seconds
| QMMM:                Dsyevd diag routine = 0.003479 seconds
| QMMM:                Dsyevr diag routine = 0.003992 seconds
| QMMM:
| QMMM:                Pseudo diag routine = 0.000725 seconds
| QMMM:
| QMMM: Using dsyevd routine (diag_routine=6).

  QMMM: QM Region Cartesian Coordinates (*=link atom) 
  QMMM: QM_NO.   MM_NO.  ATOM         X         Y         Z
  QMMM:     1        1      H        0.0000   -0.5120    0.8370
  QMMM:     2        2      N        0.0000    0.0210    0.0060
  QMMM:     3        3      H       -0.0180   -0.5420   -0.8490
  QMMM:     4        4      C       -0.0330    1.3620   -0.0910
  QMMM:     5        5      O       -0.0660    1.9680   -1.1890
  QMMM:     6        6      C        0.0220    2.1320    1.1800
  QMMM:     7        7      C        0.5170    1.5740    2.3760
  QMMM:     8        8      H        0.9060    0.5850    2.4480
  QMMM:     9        9      C        0.5160    2.3580    3.5470
  QMMM:    10       10      H        0.9130    1.9440    4.4470
  QMMM:    11       11      C        0.0600    3.6780    3.5270
  QMMM:    12       12      C       -0.4140    4.2290    2.3510
  QMMM:    13       13      H       -0.7820    5.2540    2.3480
  QMMM:    14       14      C       -0.4310    3.4770    1.1660
  QMMM:    15       15      H       -0.8170    3.9310    0.2740
  QMMM:    16       16      H        0.0720    4.2690    4.4510

--------------------------------------------------------------------------------
  RESULTS
--------------------------------------------------------------------------------

      iter         sqm energy              rms gradient
      ----    -------------------    -----------------------
xmin    10      -16.0544 kcal/mol        0.3756 kcal/(mol*A)
xmin    20      -16.0951 kcal/mol        0.6128 kcal/(mol*A)
xmin    30      -16.1315 kcal/mol        0.2030 kcal/(mol*A)
xmin    40      -16.1643 kcal/mol        0.0429 kcal/(mol*A)
xmin    50      -16.1746 kcal/mol        0.0528 kcal/(mol*A)
xmin    60      -16.1787 kcal/mol        0.0442 kcal/(mol*A)
xmin    70      -16.1798 kcal/mol        0.0261 kcal/(mol*A)
xmin    80      -16.1802 kcal/mol        0.0218 kcal/(mol*A)
xmin    90      -16.1806 kcal/mol        0.0101 kcal/(mol*A)
xmin   100      -16.1807 kcal/mol        0.0261 kcal/(mol*A)
xmin   110      -16.1808 kcal/mol        0.0048 kcal/(mol*A)
xmin   120      -16.1808 kcal/mol        0.0028 kcal/(mol*A)
xmin   130      -16.1808 kcal/mol        0.0026 kcal/(mol*A)
xmin   140      -16.1808 kcal/mol        0.0015 kcal/(mol*A)
  ... geometry converged !
 
 Final MO eigenvalues (eV):
 -40.2677  -38.3340  -34.2128  -31.8317  -31.6543  -24.9249  -23.4769  -21.4354
 -18.8869  -17.6203  -17.0434  -16.0287  -15.7310  -14.7815  -14.5513  -14.4250
 -13.4865  -12.6806  -12.1974  -10.8830  -10.5460  -10.0101   -9.9509   -0.1284
   0.2482    1.7116    2.3465    2.7147    3.5866    3.6611    3.7606    3.9072
   4.1677    4.2885    4.6785    4.8096    5.1660    5.2132    5.3576    5.5674
   5.7480    6.1857    7.1519

 Heat of formation   =        -16.18078299 kcal/mol  (       -0.70165140 eV)

 Total SCF energy    =     -35049.60197440 kcal/mol  (    -1519.86479226 eV)
 Electronic energy   =    -149230.17285182 kcal/mol  (    -6471.10588664 eV)
 Core-core repulsion =     114180.57087742 kcal/mol  (     4951.24109438 eV)
 
    Atomic Charges for Step       1 :
  Atom    Element       Mulliken Charge
     1      H                  0.221
     2      N                 -0.435
     3      H                  0.231
     4      C                  0.344
     5      O                 -0.371
     6      C                 -0.121
     7      C                 -0.105
     8      H                  0.133
     9      C                 -0.139
    10      H                  0.136
    11      C                 -0.109
    12      C                 -0.138
    13      H                  0.138
    14      C                 -0.077
    15      H                  0.156
    16      H                  0.135
 Total Mulliken Charge =      -0.000
 
                  X        Y        Z     TOTAL  
  QM DIPOLE    -0.736   -1.614    3.239    3.693
 
 Final Structure

  QMMM: QM Region Cartesian Coordinates (*=link atom) 
  QMMM: QM_NO.   MM_NO.  ATOM         X         Y         Z
  QMMM:     1        1      H       -0.2956   -0.4419    0.8346
  QMMM:     2        2      N       -0.1196    0.0149   -0.0213
  QMMM:     3        3      H       -0.1577   -0.5054   -0.8617
  QMMM:     4        4      C        0.0543    1.3770   -0.0789
  QMMM:     5        5      O        0.1883    1.9376   -1.1869
  QMMM:     6        6      C        0.0645    2.1433    1.1989
  QMMM:     7        7      C        0.6185    1.6225    2.3723
  QMMM:     8        8      H        1.0759    0.6218    2.3829
  QMMM:     9        9      C        0.6151    2.3855    3.5397
  QMMM:    10       10      H        1.0546    1.9765    4.4614
  QMMM:    11       11      C        0.0599    3.6653    3.5396
  QMMM:    12       12      C       -0.4850    4.1892    2.3672
  QMMM:    13       13      H       -0.9156    5.2014    2.3634
  QMMM:    14       14      C       -0.4797    3.4337    1.1959
  QMMM:    15       15      H       -0.8894    3.8436    0.2586
  QMMM:    16       16      H        0.0565    4.2630    4.4633

           --------- Calculation Completed ----------

