            --------------------------------------------------------
                             AMBER SQM VERSION 19
 
                                     By
              Ross C. Walker, Michael F. Crowley, Scott Brozell,
                         Tim Giese, Andreas W. Goetz,
                        Tai-Sung Lee and David A. Case
 
            --------------------------------------------------------
 

--------------------------------------------------------------------------------
  QM CALCULATION INFO
--------------------------------------------------------------------------------

| QMMM: Citation for AMBER QMMM Run:
| QMMM: R.C. Walker, M.F. Crowley and D.A. Case, J. COMP. CHEM. 29:1019, 2008

QMMM: SINGLET STATE CALCULATION
QMMM: RHF CALCULATION, NO. OF DOUBLY OCCUPIED LEVELS = 19

| QMMM: *** Selected Hamiltonian *** 
| QMMM: AM1         

| QMMM: *** Parameter sets in use ***
| QMMM: C : M.J.S.DEWAR et al. JACS, 107, 3902, (1985)
| QMMM: O : M.J.S.DEWAR et al. JACS, 107, 3902, (1985)
| QMMM: H : M.J.S.DEWAR et al. JACS, 107, 3902, (1985)

| QMMM: *** SCF convergence criteria ***
| QMMM: Energy change                :  0.1D-09 kcal/mol
| QMMM: Error matrix |FP-PF|         :  0.1D+00 au
| QMMM: Density matrix change        :  0.5D-06
| QMMM: Maximum number of SCF cycles :     1000

| QMMM: *** Diagonalization Routine Information ***
| QMMM: Pseudo diagonalizations are allowed.
| QMMM: Auto diagonalization routine selection is in use.
| QMMM:
| QMMM: Timing diagonalization routines:
| QMMM:                              norbs =       34
| QMMM:    diag iterations used for timing =       20
| QMMM:
| QMMM:              Internal diag routine = 0.002270 seconds
| QMMM:                 Dspev diag routine = 0.002912 seconds
| QMMM:                Dspevd diag routine = 0.002442 seconds
| QMMM:                Dspevx diag routine = 0.028071 seconds
| QMMM:                 Dsyev diag routine = 0.003160 seconds
| QMMM:                Dsyevd diag routine = 0.004134 seconds
| QMMM:                Dsyevr diag routine = 0.003905 seconds
| QMMM:
| QMMM:                Pseudo diag routine = 0.000641 seconds
| QMMM:
| QMMM: Using internal diagonalization routine (diag_routine=1).

  QMMM: QM Region Cartesian Coordinates (*=link atom) 
  QMMM: QM_NO.   MM_NO.  ATOM         X         Y         Z
  QMMM:     1        1      C        0.3150    0.8020    2.4260
  QMMM:     2        2      C       -3.2680   -2.2460   -0.3500
  QMMM:     3        3      C       -0.8940    0.4510    0.4420
  QMMM:     4        4      C       -2.1460   -0.1940   -0.1210
  QMMM:     5        5      O       -0.8530    0.2360    1.8470
  QMMM:     6        6      O       -2.1050   -1.5920    0.1370
  QMMM:     7        7      H        0.1260    1.0340    3.4770
  QMMM:     8        8      H        0.5880    1.7100    1.8840
  QMMM:     9        9      H        1.1320    0.0790    2.3570
  QMMM:    10       10      H       -3.9630   -1.5040   -0.7500
  QMMM:    11       11      H       -3.7410   -2.8030    0.4620
  QMMM:    12       12      H       -2.9800   -2.9380   -1.1450
  QMMM:    13       13      H       -0.8900    1.5300    0.2610
  QMMM:    14       14      H        0.0000    0.0000    0.0000
  QMMM:    15       15      H       -2.2120   -0.0490   -1.2040
  QMMM:    16       16      H       -3.0380    0.2180    0.3610

--------------------------------------------------------------------------------
  RESULTS
--------------------------------------------------------------------------------

      iter         sqm energy              rms gradient
      ----    -------------------    -----------------------
xmin    10      -97.4720 kcal/mol        1.9480 kcal/(mol*A)
xmin    20      -98.5935 kcal/mol        1.7784 kcal/(mol*A)
xmin    30      -99.3353 kcal/mol        0.2852 kcal/(mol*A)
xmin    40      -99.4037 kcal/mol        0.0824 kcal/(mol*A)
xmin    50      -99.4339 kcal/mol        0.2139 kcal/(mol*A)
xmin    60      -99.4539 kcal/mol        0.0778 kcal/(mol*A)
xmin    70      -99.4624 kcal/mol        0.0738 kcal/(mol*A)
xmin    80      -99.4682 kcal/mol        0.1034 kcal/(mol*A)
xmin    90      -99.4715 kcal/mol        0.0735 kcal/(mol*A)
xmin   100      -99.4740 kcal/mol        0.0418 kcal/(mol*A)
xmin   110      -99.4755 kcal/mol        0.0174 kcal/(mol*A)
xmin   120      -99.4764 kcal/mol        0.0165 kcal/(mol*A)
xmin   130      -99.4772 kcal/mol        0.0339 kcal/(mol*A)
xmin   140      -99.4775 kcal/mol        0.0447 kcal/(mol*A)
xmin   150      -99.4779 kcal/mol        0.0139 kcal/(mol*A)
xmin   160      -99.4781 kcal/mol        0.0186 kcal/(mol*A)
xmin   170      -99.4783 kcal/mol        0.0210 kcal/(mol*A)
xmin   180      -99.4785 kcal/mol        0.0350 kcal/(mol*A)
xmin   190      -99.4787 kcal/mol        0.0114 kcal/(mol*A)
xmin   200      -99.4787 kcal/mol        0.0177 kcal/(mol*A)
xmin   210      -99.4788 kcal/mol        0.0104 kcal/(mol*A)
xmin   220      -99.4789 kcal/mol        0.0100 kcal/(mol*A)
xmin   230      -99.4790 kcal/mol        0.0231 kcal/(mol*A)
xmin   240      -99.4791 kcal/mol        0.0119 kcal/(mol*A)
xmin   250      -99.4791 kcal/mol        0.0107 kcal/(mol*A)
xmin   260      -99.4792 kcal/mol        0.0110 kcal/(mol*A)
xmin   270      -99.4793 kcal/mol        0.0119 kcal/(mol*A)
xmin   280      -99.4793 kcal/mol        0.0049 kcal/(mol*A)
xmin   290      -99.4794 kcal/mol        0.0083 kcal/(mol*A)
xmin   300      -99.4794 kcal/mol        0.0110 kcal/(mol*A)
xmin   310      -99.4795 kcal/mol        0.0094 kcal/(mol*A)
xmin   320      -99.4795 kcal/mol        0.0025 kcal/(mol*A)
xmin   330      -99.4795 kcal/mol        0.0090 kcal/(mol*A)
xmin   340      -99.4795 kcal/mol        0.0097 kcal/(mol*A)
xmin   350      -99.4795 kcal/mol        0.0018 kcal/(mol*A)
xmin   360      -99.4796 kcal/mol        0.0101 kcal/(mol*A)
xmin   370      -99.4796 kcal/mol        0.0028 kcal/(mol*A)
xmin   380      -99.4796 kcal/mol        0.0037 kcal/(mol*A)
xmin   390      -99.4796 kcal/mol        0.0013 kcal/(mol*A)
xmin   400      -99.4796 kcal/mol        0.0089 kcal/(mol*A)
xmin   410      -99.4796 kcal/mol        0.0019 kcal/(mol*A)
xmin   420      -99.4796 kcal/mol        0.0026 kcal/(mol*A)
xmin   430      -99.4796 kcal/mol        0.0040 kcal/(mol*A)
xmin   440      -99.4796 kcal/mol        0.0015 kcal/(mol*A)
xmin   450      -99.4796 kcal/mol        0.0010 kcal/(mol*A)
xmin   460      -99.4796 kcal/mol        0.0010 kcal/(mol*A)
xmin   470      -99.4796 kcal/mol        0.0023 kcal/(mol*A)
xmin   480      -99.4796 kcal/mol        0.0045 kcal/(mol*A)
xmin   490      -99.4796 kcal/mol        0.0015 kcal/(mol*A)
xmin   500      -99.4796 kcal/mol        0.0038 kcal/(mol*A)
xmin   510      -99.4796 kcal/mol        0.0028 kcal/(mol*A)
  ... geometry converged !
 
 Final MO eigenvalues (eV):
 -39.3623  -38.1356  -31.1682  -27.3078  -26.2633  -23.3390  -17.7868  -17.5426
 -16.5688  -16.0857  -16.0504  -14.7633  -13.5202  -12.8754  -12.4760  -12.3026
 -12.0824  -10.6148  -10.5227    2.7354    3.3881    4.0223    4.0822    4.1544
   4.1743    4.2936    4.3302    4.3473    4.5128    4.5288    4.6058    4.6810
   6.2053    6.2485

 Heat of formation   =        -99.47963621 kcal/mol  (       -4.31376073 eV)

 Total SCF energy    =     -29774.98182986 kcal/mol  (    -1291.14009930 eV)
 Electronic energy   =    -110379.99860600 kcal/mol  (    -4786.43591371 eV)
 Core-core repulsion =      80605.01677614 kcal/mol  (     3495.29581441 eV)
 
    Atomic Charges for Step       1 :
  Atom    Element       Mulliken Charge
     1      C                 -0.072
     2      C                 -0.072
     3      C                 -0.027
     4      C                 -0.027
     5      O                 -0.282
     6      O                 -0.282
     7      H                  0.098
     8      H                  0.057
     9      H                  0.062
    10      H                  0.057
    11      H                  0.062
    12      H                  0.098
    13      H                  0.070
    14      H                  0.094
    15      H                  0.070
    16      H                  0.094
 Total Mulliken Charge =      -0.000
 
                  X        Y        Z     TOTAL  
  QM DIPOLE    -0.074    0.594   -0.533    0.802
 
 Final Structure

  QMMM: QM Region Cartesian Coordinates (*=link atom) 
  QMMM: QM_NO.   MM_NO.  ATOM         X         Y         Z
  QMMM:     1        1      C        0.3344    0.9626    2.4332
  QMMM:     2        2      C       -3.2494   -2.2302   -0.6259
  QMMM:     3        3      C       -0.8547    0.3055    0.4970
  QMMM:     4        4      C       -2.2288   -0.2233    0.0990
  QMMM:     5        5      O       -0.9215    0.5908    1.8936
  QMMM:     6        6      O       -2.0305   -1.5627   -0.3516
  QMMM:     7        7      H        0.1267    1.1594    3.5146
  QMMM:     8        8      H        0.7207    1.8855    1.9338
  QMMM:     9        9      H        1.0744    0.1319    2.3209
  QMMM:    10       10      H       -3.8172   -1.7001   -1.4303
  QMMM:    11       11      H       -3.8766   -2.3027    0.2969
  QMMM:    12       12      H       -2.9392   -3.2482   -0.9704
  QMMM:    13       13      H       -0.6160    1.2491   -0.0602
  QMMM:    14       14      H       -0.0593   -0.4605    0.2955
  QMMM:    15       15      H       -2.6615    0.3860   -0.7374
  QMMM:    16       16      H       -2.9304   -0.2091    0.9752

           --------- Calculation Completed ----------

