            --------------------------------------------------------
                             AMBER SQM VERSION 19
 
                                     By
              Ross C. Walker, Michael F. Crowley, Scott Brozell,
                         Tim Giese, Andreas W. Goetz,
                        Tai-Sung Lee and David A. Case
 
            --------------------------------------------------------
 

--------------------------------------------------------------------------------
  QM CALCULATION INFO
--------------------------------------------------------------------------------

| QMMM: Citation for AMBER QMMM Run:
| QMMM: R.C. Walker, M.F. Crowley and D.A. Case, J. COMP. CHEM. 29:1019, 2008

QMMM: SINGLET STATE CALCULATION
QMMM: RHF CALCULATION, NO. OF DOUBLY OCCUPIED LEVELS = 25

| QMMM: *** Selected Hamiltonian *** 
| QMMM: AM1         

| QMMM: *** Parameter sets in use ***
| QMMM: C : M.J.S.DEWAR et al. JACS, 107, 3902, (1985)
| QMMM: Br: M.J.S.DEWAR et al. THEOCHEM, 180, 1, (1988)
| QMMM: H : M.J.S.DEWAR et al. JACS, 107, 3902, (1985)

| QMMM: *** SCF convergence criteria ***
| QMMM: Energy change                :  0.1D-09 kcal/mol
| QMMM: Error matrix |FP-PF|         :  0.1D+00 au
| QMMM: Density matrix change        :  0.5D-06
| QMMM: Maximum number of SCF cycles :     1000

| QMMM: *** Diagonalization Routine Information ***
| QMMM: Pseudo diagonalizations are allowed.
| QMMM: Auto diagonalization routine selection is in use.
| QMMM:
| QMMM: Timing diagonalization routines:
| QMMM:                              norbs =       47
| QMMM:    diag iterations used for timing =       20
| QMMM:
| QMMM:              Internal diag routine = 0.009076 seconds
| QMMM:                 Dspev diag routine = 0.011040 seconds
| QMMM:                Dspevd diag routine = 0.004724 seconds
| QMMM:                Dspevx diag routine = 0.034108 seconds
| QMMM:                 Dsyev diag routine = 0.006263 seconds
| QMMM:                Dsyevd diag routine = 0.006504 seconds
| QMMM:                Dsyevr diag routine = 0.006115 seconds
| QMMM:
| QMMM:                Pseudo diag routine = 0.001599 seconds
| QMMM:
| QMMM: Using dspevd routine (diag_routine=3).

  QMMM: QM Region Cartesian Coordinates (*=link atom) 
  QMMM: QM_NO.   MM_NO.  ATOM         X         Y         Z
  QMMM:     1        1      C        0.2500   -0.5580    0.9000
  QMMM:     2        2      C        1.7280   -0.3980    1.2180
  QMMM:     3        3      C        2.6060   -0.9720    0.1070
  QMMM:     4        4      C        4.0920   -0.8390    0.4480
  QMMM:     5        5      C        4.9700   -1.3800   -0.6830
  QMMM:     6        6      C        6.4690   -1.2820   -0.3870
  QMMM:     7        7      C        7.3340   -1.8510   -1.4990
  QMMM:     8        8      Br       9.2120   -1.7430   -0.9900
  QMMM:     9        9      H       -0.3590   -0.1440    1.7090
  QMMM:    10       10      H       -0.0110   -0.0340   -0.0250
  QMMM:    11       11      H       -0.0130   -1.6140    0.7820
  QMMM:    12       12      H        1.9480   -0.9020    2.1660
  QMMM:    13       13      H        1.9520    0.6660    1.3570
  QMMM:    14       14      H        2.3960   -0.4500   -0.8340
  QMMM:    15       15      H        2.3580   -2.0300   -0.0470
  QMMM:    16       16      H        4.2980   -1.3830    1.3760
  QMMM:    17       17      H        4.3340    0.2160    0.6280
  QMMM:    18       18      H        4.7650   -0.8120   -1.5990
  QMMM:    19       19      H        4.7050   -2.4230   -0.8920
  QMMM:    20       20      H        6.7180   -0.2230   -0.2340
  QMMM:    21       21      H        6.6900   -1.7890    0.5610
  QMMM:    22       22      H        7.1330   -2.9090   -1.6860
  QMMM:    23       23      H        7.2310   -1.2860   -2.4300

--------------------------------------------------------------------------------
  RESULTS
--------------------------------------------------------------------------------

      iter         sqm energy              rms gradient
      ----    -------------------    -----------------------
xmin    10      -47.4305 kcal/mol        0.0316 kcal/(mol*A)
xmin    20      -47.4353 kcal/mol        0.0161 kcal/(mol*A)
xmin    30      -47.4361 kcal/mol        0.0279 kcal/(mol*A)
xmin    40      -47.4365 kcal/mol        0.0084 kcal/(mol*A)
xmin    50      -47.4366 kcal/mol        0.0030 kcal/(mol*A)
xmin    60      -47.4367 kcal/mol        0.0053 kcal/(mol*A)
xmin    70      -47.4367 kcal/mol        0.0013 kcal/(mol*A)
xmin    80      -47.4367 kcal/mol        0.0012 kcal/(mol*A)
  ... geometry converged !
 
 Final MO eigenvalues (eV):
 -37.7916  -35.4927  -32.5392  -30.1506  -26.7299  -23.3066  -21.8754  -21.5615
 -17.1096  -16.0574  -15.3493  -15.1425  -14.6249  -14.1981  -13.6634  -13.2005
 -12.7028  -12.3877  -12.1136  -11.8753  -11.6015  -11.5190  -11.2587  -10.7652
 -10.6888    0.8269    3.3813    3.4422    3.6464    3.8672    3.9192    3.9629
   4.1596    4.2649    4.3164    4.4005    4.5432    4.6038    4.6159    4.7472
   4.8971    4.9006    4.9662    5.0439    5.0911    5.1658    5.2318

 Heat of formation   =        -47.43671629 kcal/mol  (       -2.05701038 eV)

 Total SCF energy    =     -33621.78091379 kcal/mol  (    -1457.94982498 eV)
 Electronic energy   =    -150353.13945228 kcal/mol  (    -6519.80137255 eV)
 Core-core repulsion =     116731.35853849 kcal/mol  (     5061.85154757 eV)
 
    Atomic Charges for Step       1 :
  Atom    Element       Mulliken Charge
     1      C                 -0.211
     2      C                 -0.159
     3      C                 -0.158
     4      C                 -0.157
     5      C                 -0.159
     6      C                 -0.160
     7      C                 -0.215
     8      Br                -0.052
     9      H                  0.073
    10      H                  0.072
    11      H                  0.072
    12      H                  0.078
    13      H                  0.078
    14      H                  0.079
    15      H                  0.079
    16      H                  0.081
    17      H                  0.081
    18      H                  0.081
    19      H                  0.081
    20      H                  0.095
    21      H                  0.095
    22      H                  0.111
    23      H                  0.111
 Total Mulliken Charge =       0.000
 
                  X        Y        Z     TOTAL  
  QM DIPOLE    -1.754   -0.027   -0.130    1.759
 
 Final Structure

  QMMM: QM Region Cartesian Coordinates (*=link atom) 
  QMMM: QM_NO.   MM_NO.  ATOM         X         Y         Z
  QMMM:     1        1      C        0.2952   -0.5490    0.8765
  QMMM:     2        2      C        1.7600   -0.4186    1.2046
  QMMM:     3        3      C        2.6288   -0.9750    0.0964
  QMMM:     4        4      C        4.0990   -0.8422    0.4310
  QMMM:     5        5      C        4.9656   -1.3984   -0.6784
  QMMM:     6        6      C        6.4370   -1.2638   -0.3388
  QMMM:     7        7      C        7.2854   -1.8216   -1.4533
  QMMM:     8        8      Br       9.1771   -1.6932   -1.1078
  QMMM:     9        9      H       -0.3266   -0.1331    1.7056
  QMMM:    10       10      H        0.0499    0.0063   -0.0610
  QMMM:    11       11      H        0.0173   -1.6209    0.7308
  QMMM:    12       12      H        1.9819   -0.9615    2.1613
  QMMM:    13       13      H        2.0143    0.6615    1.3719
  QMMM:    14       14      H        2.4097   -0.4320   -0.8606
  QMMM:    15       15      H        2.3768   -2.0553   -0.0715
  QMMM:    16       16      H        4.3179   -1.3856    1.3878
  QMMM:    17       17      H        4.3507    0.2382    0.5993
  QMMM:    18       18      H        4.7480   -0.8542   -1.6350
  QMMM:    19       19      H        4.7145   -2.4788   -0.8467
  QMMM:    20       20      H        6.6834   -0.1821   -0.1692
  QMMM:    21       21      H        6.6501   -1.8083    0.6192
  QMMM:    22       22      H        7.0681   -2.9036   -1.6119
  QMMM:    23       23      H        7.1018   -1.2690   -2.4041

           --------- Calculation Completed ----------

