            --------------------------------------------------------
                             AMBER SQM VERSION 19
 
                                     By
              Ross C. Walker, Michael F. Crowley, Scott Brozell,
                         Tim Giese, Andreas W. Goetz,
                        Tai-Sung Lee and David A. Case
 
            --------------------------------------------------------
 

--------------------------------------------------------------------------------
  QM CALCULATION INFO
--------------------------------------------------------------------------------

| QMMM: Citation for AMBER QMMM Run:
| QMMM: R.C. Walker, M.F. Crowley and D.A. Case, J. COMP. CHEM. 29:1019, 2008

QMMM: SINGLET STATE CALCULATION
QMMM: RHF CALCULATION, NO. OF DOUBLY OCCUPIED LEVELS = 24

| QMMM: *** Selected Hamiltonian *** 
| QMMM: AM1         

| QMMM: *** Parameter sets in use ***
| QMMM: C : M.J.S.DEWAR et al. JACS, 107, 3902, (1985)
| QMMM: N : M.J.S.DEWAR et al. JACS, 107, 3902, (1985)
| QMMM: O : M.J.S.DEWAR et al. JACS, 107, 3902, (1985)
| QMMM: Br: M.J.S.DEWAR et al. THEOCHEM, 180, 1, (1988)
| QMMM: H : M.J.S.DEWAR et al. JACS, 107, 3902, (1985)

| QMMM: *** SCF convergence criteria ***
| QMMM: Energy change                :  0.1D-09 kcal/mol
| QMMM: Error matrix |FP-PF|         :  0.1D+00 au
| QMMM: Density matrix change        :  0.5D-06
| QMMM: Maximum number of SCF cycles :     1000

| QMMM: *** Diagonalization Routine Information ***
| QMMM: Pseudo diagonalizations are allowed.
| QMMM: Auto diagonalization routine selection is in use.
| QMMM:
| QMMM: Timing diagonalization routines:
| QMMM:                              norbs =       39
| QMMM:    diag iterations used for timing =       20
| QMMM:
| QMMM:              Internal diag routine = 0.011024 seconds
| QMMM:                 Dspev diag routine = 0.008839 seconds
| QMMM:                Dspevd diag routine = 0.007358 seconds
| QMMM:                Dspevx diag routine = 0.018047 seconds
| QMMM:                 Dsyev diag routine = 0.004919 seconds
| QMMM:                Dsyevd diag routine = 0.004425 seconds
| QMMM:                Dsyevr diag routine = 0.004678 seconds
| QMMM:
| QMMM:                Pseudo diag routine = 0.000892 seconds
| QMMM:
| QMMM: Using dsyevd routine (diag_routine=6).

  QMMM: QM Region Cartesian Coordinates (*=link atom) 
  QMMM: QM_NO.   MM_NO.  ATOM         X         Y         Z
  QMMM:     1        1      C       -1.2200    0.5240    1.5610
  QMMM:     2        2      C       -2.1940    0.1880    2.4140
  QMMM:     3        3      C       -2.7820   -1.1800    2.3230
  QMMM:     4        4      C       -1.2180   -1.6240    0.4410
  QMMM:     5        5      N       -0.7410   -0.3340    0.6090
  QMMM:     6        6      N       -2.2350   -1.9830    1.3280
  QMMM:     7        7      O       -3.6780   -1.5570    3.0740
  QMMM:     8        8      O       -0.7830   -2.3920   -0.4180
  QMMM:     9        9      Br      -2.8430    1.3570    3.7080
  QMMM:    10       10      H       -0.7470    1.5000    1.5690
  QMMM:    11       11      H       -0.0000   -0.0090   -0.0050
  QMMM:    12       12      H       -2.6120   -2.9220    1.2370

--------------------------------------------------------------------------------
  RESULTS
--------------------------------------------------------------------------------

      iter         sqm energy              rms gradient
      ----    -------------------    -----------------------
xmin    10      -46.0926 kcal/mol        0.0079 kcal/(mol*A)
xmin    20      -46.0926 kcal/mol        0.0006 kcal/(mol*A)
xmin    20      -46.0926 kcal/mol        0.0004 kcal/(mol*A)
  ... geometry converged !
 
 Final MO eigenvalues (eV):
 -41.6776  -39.1625  -37.6352  -34.8409  -33.8018  -30.2376  -25.8101  -24.6393
 -20.5934  -19.8978  -18.5341  -17.8019  -17.1623  -16.4476  -15.2235  -15.0894
 -14.8192  -13.9497  -12.3001  -12.2242  -11.7548  -11.4143  -11.3510   -9.8061
  -0.6672    0.0379    0.4204    0.8570    1.4501    1.7907    2.4348    3.1335
   3.5762    4.2880    4.5167    4.6206    5.5116    5.9850    6.4923

 Heat of formation   =        -46.09260432 kcal/mol  (       -1.99872531 eV)

 Total SCF energy    =     -45230.09767303 kcal/mol  (    -1961.32421287 eV)
 Electronic energy   =    -167939.53779716 kcal/mol  (    -7282.40483054 eV)
 Core-core repulsion =     122709.44012413 kcal/mol  (     5321.08061767 eV)
 
    Atomic Charges for Step       1 :
  Atom    Element       Mulliken Charge
     1      C                  0.079
     2      C                 -0.354
     3      C                  0.368
     4      C                  0.394
     5      N                 -0.310
     6      N                 -0.363
     7      O                 -0.306
     8      O                 -0.351
     9      Br                 0.122
    10      H                  0.175
    11      H                  0.273
    12      H                  0.272
 Total Mulliken Charge =      -0.000
 
                  X        Y        Z     TOTAL  
  QM DIPOLE     2.602    3.030   -1.172    4.162
 
 Final Structure

  QMMM: QM Region Cartesian Coordinates (*=link atom) 
  QMMM: QM_NO.   MM_NO.  ATOM         X         Y         Z
  QMMM:     1        1      C       -1.2054    0.5460    1.5567
  QMMM:     2        2      C       -2.2020    0.1834    2.4208
  QMMM:     3        3      C       -2.7880   -1.1690    2.3360
  QMMM:     4        4      C       -1.2384   -1.6215    0.4634
  QMMM:     5        5      N       -0.7198   -0.3098    0.5981
  QMMM:     6        6      N       -2.2579   -2.0118    1.3373
  QMMM:     7        7      O       -3.6907   -1.6221    3.0538
  QMMM:     8        8      O       -0.7830   -2.3828   -0.4140
  QMMM:     9        9      Br      -2.8201    1.3799    3.6967
  QMMM:    10       10      H       -0.7347    1.5499    1.5819
  QMMM:    11       11      H        0.0056   -0.0371   -0.0263
  QMMM:    12       12      H       -2.6187   -2.9372    1.2367

           --------- Calculation Completed ----------

