            --------------------------------------------------------
                             AMBER SQM VERSION 19
 
                                     By
              Ross C. Walker, Michael F. Crowley, Scott Brozell,
                         Tim Giese, Andreas W. Goetz,
                        Tai-Sung Lee and David A. Case
 
            --------------------------------------------------------
 

--------------------------------------------------------------------------------
  QM CALCULATION INFO
--------------------------------------------------------------------------------

| QMMM: Citation for AMBER QMMM Run:
| QMMM: R.C. Walker, M.F. Crowley and D.A. Case, J. COMP. CHEM. 29:1019, 2008

QMMM: SINGLET STATE CALCULATION
QMMM: RHF CALCULATION, NO. OF DOUBLY OCCUPIED LEVELS = 21

| QMMM: *** Selected Hamiltonian *** 
| QMMM: AM1         

| QMMM: *** Parameter sets in use ***
| QMMM: C : M.J.S.DEWAR et al. JACS, 107, 3902, (1985)
| QMMM: O : M.J.S.DEWAR et al. JACS, 107, 3902, (1985)
| QMMM: H : M.J.S.DEWAR et al. JACS, 107, 3902, (1985)

| QMMM: *** SCF convergence criteria ***
| QMMM: Energy change                :  0.1D-09 kcal/mol
| QMMM: Error matrix |FP-PF|         :  0.1D+00 au
| QMMM: Density matrix change        :  0.5D-06
| QMMM: Maximum number of SCF cycles :     1000

| QMMM: *** Diagonalization Routine Information ***
| QMMM: Pseudo diagonalizations are allowed.
| QMMM: Auto diagonalization routine selection is in use.
| QMMM:
| QMMM: Timing diagonalization routines:
| QMMM:                              norbs =       40
| QMMM:    diag iterations used for timing =       20
| QMMM:
| QMMM:              Internal diag routine = 0.007206 seconds
| QMMM:                 Dspev diag routine = 0.008963 seconds
| QMMM:                Dspevd diag routine = 0.007997 seconds
| QMMM:                Dspevx diag routine = 0.029118 seconds
| QMMM:                 Dsyev diag routine = 0.004451 seconds
| QMMM:                Dsyevd diag routine = 0.003784 seconds
| QMMM:                Dsyevr diag routine = 0.006744 seconds
| QMMM:
| QMMM:                Pseudo diag routine = 0.001253 seconds
| QMMM:
| QMMM: Using dsyevd routine (diag_routine=6).

  QMMM: QM Region Cartesian Coordinates (*=link atom) 
  QMMM: QM_NO.   MM_NO.  ATOM         X         Y         Z
  QMMM:     1        1      C        1.8850   -1.0380   -0.1090
  QMMM:     2        2      C        0.8180   -0.4410    0.5630
  QMMM:     3        3      C        2.9350   -1.6040    0.6140
  QMMM:     4        4      C        0.8010   -0.4100    1.9570
  QMMM:     5        5      C        2.9180   -1.5730    2.0080
  QMMM:     6        6      C        1.8510   -0.9770    2.6800
  QMMM:     7        7      C        1.8330   -0.9440    4.1710
  QMMM:     8        8      O        2.4730    0.2420    4.6250
  QMMM:     9        9      H        1.8980   -1.0610   -1.1950
  QMMM:    10       10      H        0.0000    0.0000   -0.0000
  QMMM:    11       11      H        3.7650   -2.0680    0.0910
  QMMM:    12       12      H       -0.0350    0.0570    2.4720
  QMMM:    13       13      H        3.7400   -2.0170    2.5630
  QMMM:    14       14      H        0.8050   -0.9590    4.5600
  QMMM:    15       15      H        2.3570   -1.8120    4.5930
  QMMM:    16       16      H        2.4690    0.8640    3.8800

--------------------------------------------------------------------------------
  RESULTS
--------------------------------------------------------------------------------

      iter         sqm energy              rms gradient
      ----    -------------------    -----------------------
xmin    10      -30.3650 kcal/mol        0.4060 kcal/(mol*A)
xmin    20      -30.4925 kcal/mol        0.4049 kcal/(mol*A)
xmin    30      -30.5056 kcal/mol        0.2293 kcal/(mol*A)
xmin    40      -30.5301 kcal/mol        0.1065 kcal/(mol*A)
xmin    50      -30.5624 kcal/mol        0.3309 kcal/(mol*A)
xmin    60      -30.6058 kcal/mol        0.1026 kcal/(mol*A)
xmin    70      -30.6731 kcal/mol        0.3420 kcal/(mol*A)
xmin    80      -30.7423 kcal/mol        0.3960 kcal/(mol*A)
xmin    90      -30.8891 kcal/mol        0.9330 kcal/(mol*A)
xmin   100      -30.9853 kcal/mol        0.6511 kcal/(mol*A)
xmin   110      -31.0671 kcal/mol        0.5403 kcal/(mol*A)
xmin   120      -31.2465 kcal/mol        0.0924 kcal/(mol*A)
xmin   130      -31.2763 kcal/mol        0.0828 kcal/(mol*A)
xmin   140      -31.2895 kcal/mol        0.0609 kcal/(mol*A)
xmin   150      -31.2944 kcal/mol        0.0499 kcal/(mol*A)
xmin   160      -31.2970 kcal/mol        0.0255 kcal/(mol*A)
xmin   170      -31.2977 kcal/mol        0.0631 kcal/(mol*A)
xmin   180      -31.2979 kcal/mol        0.0132 kcal/(mol*A)
xmin   190      -31.2980 kcal/mol        0.0040 kcal/(mol*A)
xmin   200      -31.2981 kcal/mol        0.0032 kcal/(mol*A)
xmin   210      -31.2981 kcal/mol        0.0011 kcal/(mol*A)
xmin   220      -31.2981 kcal/mol        0.0032 kcal/(mol*A)
  ... geometry converged !
 
 Final MO eigenvalues (eV):
 -39.9114  -37.6903  -32.2975  -31.4937  -26.7256  -23.3149  -22.1961  -18.5315
 -17.3079  -16.3252  -15.9924  -15.2574  -14.6645  -14.2414  -13.5388  -12.9324
 -12.1603  -11.9267  -11.2614   -9.7873   -9.5766    0.3051    0.4401    2.7554
   3.5899    3.6812    3.8609    3.9625    4.0431    4.1919    4.3392    4.4240
   4.5873    4.9558    5.0296    5.4299    5.4791    5.5848    5.9858    6.2564


 Heat of formation   =        -31.29807030 kcal/mol  (       -1.35718617 eV)

 Total SCF energy    =     -30598.90930343 kcal/mol  (    -1326.86827559 eV)
 Electronic energy   =    -128342.36680158 kcal/mol  (    -5565.34264783 eV)
 Core-core repulsion =      97743.45749815 kcal/mol  (     4238.47437224 eV)
 
    Atomic Charges for Step       1 :
  Atom    Element       Mulliken Charge
     1      C                 -0.127
     2      C                 -0.129
     3      C                 -0.129
     4      C                 -0.123
     5      C                 -0.119
     6      C                 -0.124
     7      C                  0.015
     8      O                 -0.323
     9      H                  0.132
    10      H                  0.132
    11      H                  0.133
    12      H                  0.131
    13      H                  0.144
    14      H                  0.071
    15      H                  0.116
    16      H                  0.200
 Total Mulliken Charge =      -0.000
 
                  X        Y        Z     TOTAL  
  QM DIPOLE    -0.726    0.692   -1.205    1.567
 
 Final Structure

  QMMM: QM Region Cartesian Coordinates (*=link atom) 
  QMMM: QM_NO.   MM_NO.  ATOM         X         Y         Z
  QMMM:     1        1      C        1.8814   -1.1002   -0.1417
  QMMM:     2        2      C        0.6813   -0.7707    0.4889
  QMMM:     3        3      C        3.0299   -1.3170    0.6194
  QMMM:     4        4      C        0.6293   -0.6552    1.8769
  QMMM:     5        5      C        2.9798   -1.2054    2.0080
  QMMM:     6        6      C        1.7794   -0.8722    2.6436
  QMMM:     7        7      C        1.7056   -0.7699    4.1323
  QMMM:     8        8      O        2.9504   -0.4803    4.7392
  QMMM:     9        9      H        1.9211   -1.1897   -1.2370
  QMMM:    10       10      H       -0.2258   -0.6007   -0.1094
  QMMM:    11       11      H        3.9768   -1.5792    0.1249
  QMMM:    12       12      H       -0.3178   -0.3934    2.3718
  QMMM:    13       13      H        3.8812   -1.3836    2.6152
  QMMM:    14       14      H        0.9498    0.0081    4.4309
  QMMM:    15       15      H        1.4062   -1.7617    4.5737
  QMMM:    16       16      H        3.2847    0.3302    4.3365

           --------- Calculation Completed ----------

