            --------------------------------------------------------
                             AMBER SQM VERSION 19
 
                                     By
              Ross C. Walker, Michael F. Crowley, Scott Brozell,
                         Tim Giese, Andreas W. Goetz,
                        Tai-Sung Lee and David A. Case
 
            --------------------------------------------------------
 

--------------------------------------------------------------------------------
  QM CALCULATION INFO
--------------------------------------------------------------------------------

| QMMM: Citation for AMBER QMMM Run:
| QMMM: R.C. Walker, M.F. Crowley and D.A. Case, J. COMP. CHEM. 29:1019, 2008

QMMM: SINGLET STATE CALCULATION
QMMM: RHF CALCULATION, NO. OF DOUBLY OCCUPIED LEVELS = 16

| QMMM: *** Selected Hamiltonian *** 
| QMMM: AM1         

| QMMM: *** Parameter sets in use ***
| QMMM: C : M.J.S.DEWAR et al. JACS, 107, 3902, (1985)
| QMMM: O : M.J.S.DEWAR et al. JACS, 107, 3902, (1985)
| QMMM: H : M.J.S.DEWAR et al. JACS, 107, 3902, (1985)

| QMMM: *** SCF convergence criteria ***
| QMMM: Energy change                :  0.1D-09 kcal/mol
| QMMM: Error matrix |FP-PF|         :  0.1D+00 au
| QMMM: Density matrix change        :  0.5D-06
| QMMM: Maximum number of SCF cycles :     1000

| QMMM: *** Diagonalization Routine Information ***
| QMMM: Pseudo diagonalizations are allowed.
| QMMM: Auto diagonalization routine selection is in use.
| QMMM:
| QMMM: Timing diagonalization routines:
| QMMM:                              norbs =       30
| QMMM:    diag iterations used for timing =       20
| QMMM:
| QMMM:              Internal diag routine = 0.001612 seconds
| QMMM:                 Dspev diag routine = 0.002516 seconds
| QMMM:                Dspevd diag routine = 0.006072 seconds
| QMMM:                Dspevx diag routine = 0.014584 seconds
| QMMM:                 Dsyev diag routine = 0.002231 seconds
| QMMM:                Dsyevd diag routine = 0.001865 seconds
| QMMM:                Dsyevr diag routine = 0.010566 seconds
| QMMM:
| QMMM:                Pseudo diag routine = 0.000414 seconds
| QMMM:
| QMMM: Using internal diagonalization routine (diag_routine=1).

  QMMM: QM Region Cartesian Coordinates (*=link atom) 
  QMMM: QM_NO.   MM_NO.  ATOM         X         Y         Z
  QMMM:     1        1      C        0.9980   -0.3580   -0.2740
  QMMM:     2        2      C        1.1580    1.1800   -2.2510
  QMMM:     3        3      C        1.9990    1.9490   -0.0130
  QMMM:     4        4      C        1.8180    0.7470   -0.9440
  QMMM:     5        5      O        2.6930    1.5520    1.1620
  QMMM:     6        6      H        0.8770   -1.2130   -0.9480
  QMMM:     7        7      H        0.0000   -0.0000    0.0000
  QMMM:     8        8      H        1.4900   -0.7200    0.6340
  QMMM:     9        9      H        1.0540    0.3300   -2.9340
  QMMM:    10       10      H        1.7590    1.9430   -2.7570
  QMMM:    11       11      H        0.1600    1.5970   -2.0740
  QMMM:    12       12      H        2.5870    2.7310   -0.5050
  QMMM:    13       13      H        1.0320    2.3720    0.2790
  QMMM:    14       14      H        2.8080    0.3290   -1.1710
  QMMM:    15       15      H        3.4100    2.1930    1.2940

--------------------------------------------------------------------------------
  RESULTS
--------------------------------------------------------------------------------

      iter         sqm energy              rms gradient
      ----    -------------------    -----------------------
xmin    10      -73.6285 kcal/mol        0.3571 kcal/(mol*A)
xmin    20      -73.9056 kcal/mol        2.0949 kcal/(mol*A)
xmin    30      -75.5839 kcal/mol        1.7944 kcal/(mol*A)
xmin    40      -75.7748 kcal/mol        0.5219 kcal/(mol*A)
xmin    50      -75.8128 kcal/mol        0.2832 kcal/(mol*A)
xmin    60      -75.8396 kcal/mol        0.2935 kcal/(mol*A)
xmin    70      -75.8498 kcal/mol        0.1359 kcal/(mol*A)
xmin    80      -75.8535 kcal/mol        0.0518 kcal/(mol*A)
xmin    90      -75.8552 kcal/mol        0.0449 kcal/(mol*A)
xmin   100      -75.8555 kcal/mol        0.0652 kcal/(mol*A)
xmin   110      -75.8556 kcal/mol        0.0096 kcal/(mol*A)
xmin   120      -75.8557 kcal/mol        0.0030 kcal/(mol*A)
xmin   130      -75.8557 kcal/mol        0.0029 kcal/(mol*A)
xmin   140      -75.8557 kcal/mol        0.0009 kcal/(mol*A)
  ... geometry converged !
 
 Final MO eigenvalues (eV):
 -38.8197  -35.1538  -27.9103  -26.5331  -21.3664  -17.7286  -16.5596  -15.6853
 -14.6898  -13.8560  -13.2411  -12.9631  -12.3156  -11.9720  -11.5154  -10.8582
   3.5046    3.6830    3.7783    4.0591    4.3190    4.4279    4.5024    4.5958
   4.7754    4.8685    4.9600    5.1064    5.1502    6.3369

 Heat of formation   =        -75.85568176 kcal/mol  (       -3.28934919 eV)

 Total SCF energy    =     -22402.22784468 kcal/mol  (     -971.43349572 eV)
 Electronic energy   =     -83843.96496321 kcal/mol  (    -3635.74714727 eV)
 Core-core repulsion =      61441.73711852 kcal/mol  (     2664.31365156 eV)
 
    Atomic Charges for Step       1 :
  Atom    Element       Mulliken Charge
     1      C                 -0.208
     2      C                 -0.207
     3      C                 -0.022
     4      C                 -0.144
     5      O                 -0.325
     6      H                  0.072
     7      H                  0.076
     8      H                  0.086
     9      H                  0.078
    10      H                  0.073
    11      H                  0.076
    12      H                  0.062
    13      H                  0.107
    14      H                  0.083
    15      H                  0.195
 Total Mulliken Charge =      -0.000
 
                  X        Y        Z     TOTAL  
  QM DIPOLE     0.305   -0.275   -1.578    1.630
 
 Final Structure

  QMMM: QM Region Cartesian Coordinates (*=link atom) 
  QMMM: QM_NO.   MM_NO.  ATOM         X         Y         Z
  QMMM:     1        1      C        1.0642   -0.3221   -0.2699
  QMMM:     2        2      C        1.1680    1.2249   -2.2224
  QMMM:     3        3      C        1.9110    2.0121    0.0190
  QMMM:     4        4      C        1.8224    0.8128   -0.9226
  QMMM:     5        5      O        2.6264    1.7184    1.2033
  QMMM:     6        6      H        1.1061   -1.2366   -0.9084
  QMMM:     7        7      H       -0.0065   -0.0431   -0.1194
  QMMM:     8        8      H        1.5120   -0.5538    0.7273
  QMMM:     9        9      H        1.0987    0.3503   -2.9129
  QMMM:    10       10      H        1.7614    2.0274   -2.7231
  QMMM:    11       11      H        0.1364    1.6107   -2.0370
  QMMM:    12       12      H        2.3930    2.8780   -0.5107
  QMMM:    13       13      H        0.8903    2.3153    0.3757
  QMMM:    14       14      H        2.8707    0.4615   -1.1418
  QMMM:    15       15      H        3.4890    1.3762    0.9408

           --------- Calculation Completed ----------

