            --------------------------------------------------------
                             AMBER SQM VERSION 19
 
                                     By
              Ross C. Walker, Michael F. Crowley, Scott Brozell,
                         Tim Giese, Andreas W. Goetz,
                        Tai-Sung Lee and David A. Case
 
            --------------------------------------------------------
 

--------------------------------------------------------------------------------
  QM CALCULATION INFO
--------------------------------------------------------------------------------

| QMMM: Citation for AMBER QMMM Run:
| QMMM: R.C. Walker, M.F. Crowley and D.A. Case, J. COMP. CHEM. 29:1019, 2008

QMMM: SINGLET STATE CALCULATION
QMMM: RHF CALCULATION, NO. OF DOUBLY OCCUPIED LEVELS =  7

| QMMM: *** Selected Hamiltonian *** 
| QMMM: AM1         

| QMMM: *** Parameter sets in use ***
| QMMM: C : M.J.S.DEWAR et al. JACS, 107, 3902, (1985)
| QMMM: I : M.J.S.DEWAR et al. THEOCHEM, 180, 1, (1988)
| QMMM: H : M.J.S.DEWAR et al. JACS, 107, 3902, (1985)

| QMMM: *** SCF convergence criteria ***
| QMMM: Energy change                :  0.1D-09 kcal/mol
| QMMM: Error matrix |FP-PF|         :  0.1D+00 au
| QMMM: Density matrix change        :  0.5D-06
| QMMM: Maximum number of SCF cycles :     1000

| QMMM: *** Diagonalization Routine Information ***
| QMMM: Pseudo diagonalizations are allowed.
| QMMM: Auto diagonalization routine selection is in use.
| QMMM:
| QMMM: Timing diagonalization routines:
| QMMM:                              norbs =       11
| QMMM:    diag iterations used for timing =       20
| QMMM:
| QMMM:              Internal diag routine = 0.000188 seconds
| QMMM:                 Dspev diag routine = 0.000374 seconds
| QMMM:                Dspevd diag routine = 0.000292 seconds
| QMMM:                Dspevx diag routine = 0.000830 seconds
| QMMM:                 Dsyev diag routine = 0.000280 seconds
| QMMM:                Dsyevd diag routine = 0.017389 seconds
| QMMM:                Dsyevr diag routine = 0.000271 seconds
| QMMM:
| QMMM:                Pseudo diag routine = 0.000018 seconds
| QMMM:
| QMMM: Using internal diagonalization routine (diag_routine=1).

  QMMM: QM Region Cartesian Coordinates (*=link atom) 
  QMMM: QM_NO.   MM_NO.  ATOM         X         Y         Z
  QMMM:     1        1      C       -0.6300    0.7330   -0.5140
  QMMM:     2        2      I       -1.8760    1.7540    0.8510
  QMMM:     3        3      H        0.0300    1.4280   -1.0420
  QMMM:     4        4      H        0.0000   -0.0000    0.0000
  QMMM:     5        5      H       -1.2220    0.1990   -1.2630

--------------------------------------------------------------------------------
  RESULTS
--------------------------------------------------------------------------------

      iter         sqm energy              rms gradient
      ----    -------------------    -----------------------
xmin    10        5.6393 kcal/mol        0.0013 kcal/(mol*A)
  ... geometry converged !
 
 Final MO eigenvalues (eV):
 -33.3120  -25.6785  -14.6002  -14.6002  -12.9304  -10.5133  -10.5133    0.5159
   3.7991    3.7991    4.3688

 Heat of formation   =          5.63934914 kcal/mol  (        0.24454053 eV)

 Total SCF energy    =     -11920.68297105 kcal/mol  (     -516.91960327 eV)
 Electronic energy   =     -21714.46086364 kcal/mol  (     -941.60968144 eV)
 Core-core repulsion =       9793.77789259 kcal/mol  (      424.69007817 eV)
 
    Atomic Charges for Step       1 :
  Atom    Element       Mulliken Charge
     1      C                 -0.383
     2      I                  0.058
     3      H                  0.108
     4      H                  0.108
     5      H                  0.108
 Total Mulliken Charge =      -0.000
 
                  X        Y        Z     TOTAL  
  QM DIPOLE     0.797   -0.653   -0.873    1.350
 
 Final Structure

  QMMM: QM Region Cartesian Coordinates (*=link atom) 
  QMMM: QM_NO.   MM_NO.  ATOM         X         Y         Z
  QMMM:     1        1      C       -0.6265    0.7301   -0.5175
  QMMM:     2        2      I       -1.8366    1.7218    0.8075
  QMMM:     3        3      H        0.0256    1.4632   -1.0338
  QMMM:     4        4      H       -0.0037   -0.0016    0.0358
  QMMM:     5        5      H       -1.2568    0.2005   -1.2600

           --------- Calculation Completed ----------

