            --------------------------------------------------------
                             AMBER SQM VERSION 19
 
                                     By
              Ross C. Walker, Michael F. Crowley, Scott Brozell,
                         Tim Giese, Andreas W. Goetz,
                        Tai-Sung Lee and David A. Case
 
            --------------------------------------------------------
 

--------------------------------------------------------------------------------
  QM CALCULATION INFO
--------------------------------------------------------------------------------

| QMMM: Citation for AMBER QMMM Run:
| QMMM: R.C. Walker, M.F. Crowley and D.A. Case, J. COMP. CHEM. 29:1019, 2008

QMMM: SINGLET STATE CALCULATION
QMMM: RHF CALCULATION, NO. OF DOUBLY OCCUPIED LEVELS = 22

| QMMM: *** Selected Hamiltonian *** 
| QMMM: AM1         

| QMMM: *** Parameter sets in use ***
| QMMM: C : M.J.S.DEWAR et al. JACS, 107, 3902, (1985)
| QMMM: F : M.J.S.DEWAR et al. THEOCHEM, 180, 1, (1988)
| QMMM: Cl: M.J.S.DEWAR et al. THEOCHEM, 180, 1, (1988)
| QMMM: Br: M.J.S.DEWAR et al. THEOCHEM, 180, 1, (1988)
| QMMM: H : M.J.S.DEWAR et al. JACS, 107, 3902, (1985)

| QMMM: *** SCF convergence criteria ***
| QMMM: Energy change                :  0.1D-09 kcal/mol
| QMMM: Error matrix |FP-PF|         :  0.1D+00 au
| QMMM: Density matrix change        :  0.5D-06
| QMMM: Maximum number of SCF cycles :     1000

| QMMM: *** Diagonalization Routine Information ***
| QMMM: Pseudo diagonalizations are allowed.
| QMMM: Auto diagonalization routine selection is in use.
| QMMM:
| QMMM: Timing diagonalization routines:
| QMMM:                              norbs =       29
| QMMM:    diag iterations used for timing =       20
| QMMM:
| QMMM:              Internal diag routine = 0.001590 seconds
| QMMM:                 Dspev diag routine = 0.008209 seconds
| QMMM:                Dspevd diag routine = 0.001900 seconds
| QMMM:                Dspevx diag routine = 0.007955 seconds
| QMMM:                 Dsyev diag routine = 0.001942 seconds
| QMMM:                Dsyevd diag routine = 0.001717 seconds
| QMMM:                Dsyevr diag routine = 0.002475 seconds
| QMMM:
| QMMM:                Pseudo diag routine = 0.000295 seconds
| QMMM:
| QMMM: Using internal diagonalization routine (diag_routine=1).

  QMMM: QM Region Cartesian Coordinates (*=link atom) 
  QMMM: QM_NO.   MM_NO.  ATOM         X         Y         Z
  QMMM:     1        1      C        0.0000   -0.0000    0.0000
  QMMM:     2        2      C       -0.3430   -0.5420   -1.3670
  QMMM:     3        3      F       -0.0820   -1.8680   -1.4370
  QMMM:     4        4      F       -1.6450   -0.3640   -1.6760
  QMMM:     5        5      F        0.3960    0.0570   -2.3290
  QMMM:     6        6      Cl      -0.9660   -0.7880    1.2620
  QMMM:     7        7      Br      -0.3210    1.9190    0.0590
  QMMM:     8        8      H        1.0580   -0.1460    0.2310

--------------------------------------------------------------------------------
  RESULTS
--------------------------------------------------------------------------------

      iter         sqm energy              rms gradient
      ----    -------------------    -----------------------
xmin    10     -161.3759 kcal/mol        0.0676 kcal/(mol*A)
xmin    20     -161.3761 kcal/mol        0.0082 kcal/(mol*A)
xmin    30     -161.3761 kcal/mol        0.0030 kcal/(mol*A)
xmin    40     -161.3761 kcal/mol        0.0011 kcal/(mol*A)
  ... geometry converged !
 
 Final MO eigenvalues (eV):
 -52.4414  -49.1739  -49.0809  -38.6187  -33.9701  -30.1954  -24.9068  -20.1097
 -20.0436  -19.5608  -16.7346  -16.1740  -15.6655  -15.4833  -15.1463  -14.8833
 -14.8450  -14.5623  -12.5955  -12.4325  -11.8007  -11.7521   -0.8149    0.0433
   0.6916    2.2390    2.8660    2.8691    3.0830

 Heat of formation   =       -161.37614946 kcal/mol  (       -6.99779496 eV)

 Total SCF energy    =     -56577.03259810 kcal/mol  (    -2453.36423391 eV)
 Electronic energy   =    -160888.45244078 kcal/mol  (    -6976.64682541 eV)
 Core-core repulsion =     104311.41984268 kcal/mol  (     4523.28259150 eV)
 
    Atomic Charges for Step       1 :
  Atom    Element       Mulliken Charge
     1      C                 -0.218
     2      C                  0.424
     3      F                 -0.151
     4      F                 -0.140
     5      F                 -0.150
     6      Cl                -0.003
     7      Br                 0.068
     8      H                  0.170
 Total Mulliken Charge =      -0.000
 
                  X        Y        Z     TOTAL  
  QM DIPOLE     1.064    0.482    1.278    1.731
 
 Final Structure

  QMMM: QM Region Cartesian Coordinates (*=link atom) 
  QMMM: QM_NO.   MM_NO.  ATOM         X         Y         Z
  QMMM:     1        1      C       -0.0351    0.0506    0.0451
  QMMM:     2        2      C       -0.3567   -0.5428   -1.3701
  QMMM:     3        3      F       -0.0802   -1.8836   -1.4564
  QMMM:     4        4      F       -1.6554   -0.4183   -1.7787
  QMMM:     5        5      F        0.3943    0.0177   -2.3712
  QMMM:     6        6      Cl      -0.9238   -0.7816    1.2845
  QMMM:     7        7      Br      -0.2987    1.9578    0.1559
  QMMM:     8        8      H        1.0525   -0.1317    0.2338

           --------- Calculation Completed ----------

