            --------------------------------------------------------
                             AMBER SQM VERSION 19
 
                                     By
              Ross C. Walker, Michael F. Crowley, Scott Brozell,
                         Tim Giese, Andreas W. Goetz,
                        Tai-Sung Lee and David A. Case
 
            --------------------------------------------------------
 

--------------------------------------------------------------------------------
  QM CALCULATION INFO
--------------------------------------------------------------------------------

| QMMM: Citation for AMBER QMMM Run:
| QMMM: R.C. Walker, M.F. Crowley and D.A. Case, J. COMP. CHEM. 29:1019, 2008

QMMM: SINGLET STATE CALCULATION
QMMM: RHF CALCULATION, NO. OF DOUBLY OCCUPIED LEVELS = 34

| QMMM: *** Selected Hamiltonian *** 
| QMMM: AM1         

| QMMM: *** Parameter sets in use ***
| QMMM: C : M.J.S.DEWAR et al. JACS, 107, 3902, (1985)
| QMMM: O : M.J.S.DEWAR et al. JACS, 107, 3902, (1985)
| QMMM: F : M.J.S.DEWAR et al. THEOCHEM, 180, 1, (1988)
| QMMM: H : M.J.S.DEWAR et al. JACS, 107, 3902, (1985)

| QMMM: *** SCF convergence criteria ***
| QMMM: Energy change                :  0.1D-09 kcal/mol
| QMMM: Error matrix |FP-PF|         :  0.1D+00 au
| QMMM: Density matrix change        :  0.5D-06
| QMMM: Maximum number of SCF cycles :     1000

| QMMM: *** Diagonalization Routine Information ***
| QMMM: Pseudo diagonalizations are allowed.
| QMMM: Auto diagonalization routine selection is in use.
| QMMM:
| QMMM: Timing diagonalization routines:
| QMMM:                              norbs =       53
| QMMM:    diag iterations used for timing =       15
| QMMM:
| QMMM:              Internal diag routine = 0.029412 seconds
| QMMM:                 Dspev diag routine = 0.034380 seconds
| QMMM:                Dspevd diag routine = 0.014952 seconds
| QMMM:                Dspevx diag routine = 0.033005 seconds
| QMMM:                 Dsyev diag routine = 0.004286 seconds
| QMMM:                Dsyevd diag routine = 0.003265 seconds
| QMMM:                Dsyevr diag routine = 0.004507 seconds
| QMMM:
| QMMM:                Pseudo diag routine = 0.000917 seconds
| QMMM:
| QMMM: Using dsyevd routine (diag_routine=6).

  QMMM: QM Region Cartesian Coordinates (*=link atom) 
  QMMM: QM_NO.   MM_NO.  ATOM         X         Y         Z
  QMMM:     1        1      C       -0.0480   -0.9850   -0.3150
  QMMM:     2        2      C       -2.7160    0.3590    1.3310
  QMMM:     3        3      C       -2.5540   -3.7030    1.4930
  QMMM:     4        4      C       -1.3550   -1.5980    1.6330
  QMMM:     5        5      C       -0.1310   -2.0160    2.4570
  QMMM:     6        6      O       -1.1220   -1.7450    0.2210
  QMMM:     7        7      O       -1.6020   -0.2210    1.9980
  QMMM:     8        8      O       -2.4890   -2.3940    2.0420
  QMMM:     9        9      F        0.9460   -1.2600    2.1410
  QMMM:    10       10      F        0.2100   -3.3040    2.2280
  QMMM:    11       11      F       -0.3480   -1.8860    3.7840
  QMMM:    12       12      H        0.0340   -1.1750   -1.3870
  QMMM:    13       13      H        0.8820   -1.2630    0.1880
  QMMM:    14       14      H       -0.2460    0.0760   -0.1490
  QMMM:    15       15      H       -2.8390    1.3950    1.6570
  QMMM:    16       16      H       -3.6180   -0.2150    1.5580
  QMMM:    17       17      H       -2.5350    0.3380    0.2530
  QMMM:    18       18      H       -3.4460   -4.2120    1.8680
  QMMM:    19       19      H       -1.6580   -4.2620    1.7750
  QMMM:    20       20      H       -2.6090   -3.6300    0.4050

--------------------------------------------------------------------------------
  RESULTS
--------------------------------------------------------------------------------

      iter         sqm energy              rms gradient
      ----    -------------------    -----------------------
xmin    10     -297.1111 kcal/mol        0.3251 kcal/(mol*A)
xmin    20     -297.3233 kcal/mol        0.3541 kcal/(mol*A)
xmin    30     -297.4252 kcal/mol        0.1099 kcal/(mol*A)
xmin    40     -297.4414 kcal/mol        0.0291 kcal/(mol*A)
xmin    50     -297.4448 kcal/mol        0.0671 kcal/(mol*A)
xmin    60     -297.3469 kcal/mol        0.7991 kcal/(mol*A)
xmin    70     -297.4408 kcal/mol        0.0602 kcal/(mol*A)
xmin    80     -297.4447 kcal/mol        0.0155 kcal/(mol*A)
xmin    90     -297.4457 kcal/mol        0.0322 kcal/(mol*A)
xmin   100     -297.4462 kcal/mol        0.0137 kcal/(mol*A)
xmin   110     -297.4469 kcal/mol        0.0409 kcal/(mol*A)
xmin   120     -297.4500 kcal/mol        0.0442 kcal/(mol*A)
xmin   130     -297.4535 kcal/mol        0.0337 kcal/(mol*A)
xmin   140     -297.4550 kcal/mol        0.0151 kcal/(mol*A)
xmin   150     -297.4561 kcal/mol        0.0120 kcal/(mol*A)
xmin   160     -297.4580 kcal/mol        0.0230 kcal/(mol*A)
xmin   170     -297.4599 kcal/mol        0.0789 kcal/(mol*A)
xmin   180     -297.4616 kcal/mol        0.0374 kcal/(mol*A)
xmin   190     -297.4624 kcal/mol        0.0207 kcal/(mol*A)
xmin   200     -297.4641 kcal/mol        0.0327 kcal/(mol*A)
xmin   210     -297.4653 kcal/mol        0.0107 kcal/(mol*A)
xmin   220     -297.4667 kcal/mol        0.0345 kcal/(mol*A)
xmin   230     -297.4679 kcal/mol        0.0490 kcal/(mol*A)
xmin   240     -297.4687 kcal/mol        0.0119 kcal/(mol*A)
xmin   250     -297.4694 kcal/mol        0.0647 kcal/(mol*A)
xmin   260     -297.4698 kcal/mol        0.0095 kcal/(mol*A)
xmin   270     -297.4699 kcal/mol        0.0167 kcal/(mol*A)
xmin   280     -297.4700 kcal/mol        0.0084 kcal/(mol*A)
xmin   290     -297.4700 kcal/mol        0.0086 kcal/(mol*A)
xmin   300     -297.4700 kcal/mol        0.0044 kcal/(mol*A)
xmin   310     -297.4700 kcal/mol        0.0038 kcal/(mol*A)
xmin   320     -297.4701 kcal/mol        0.0015 kcal/(mol*A)
xmin   330     -297.4701 kcal/mol        0.0014 kcal/(mol*A)
xmin   340     -297.4701 kcal/mol        0.0012 kcal/(mol*A)
xmin   350     -297.4701 kcal/mol        0.0015 kcal/(mol*A)
  ... geometry converged !
 
 Final MO eigenvalues (eV):
 -51.9190  -48.7012  -48.6663  -41.6083  -38.0621  -37.8184  -30.3141  -27.9700
 -27.8567  -26.8229  -23.5122  -20.1509  -20.0408  -19.9734  -18.7732  -18.7318
 -16.3274  -16.1163  -16.0154  -15.3718  -15.3328  -15.3026  -15.2436  -15.1775
 -14.6912  -14.4280  -14.4082  -13.9560  -13.2641  -12.8818  -12.6349  -11.7431
 -11.6153  -11.0508    0.8309    1.9420    2.1972    2.6507    3.3623    3.5621
   3.6068    3.8144    3.9328    3.9627    4.0083    4.0602    4.1129    4.1539
   4.2435    4.3179    5.1642    5.6286    5.9108

 Heat of formation   =       -297.47007588 kcal/mol  (      -12.89927045 eV)

 Total SCF energy    =     -73387.18972632 kcal/mol  (    -3182.30734688 eV)
 Electronic energy   =    -322504.22689068 kcal/mol  (   -13984.83269983 eV)
 Core-core repulsion =     249117.03716436 kcal/mol  (    10802.52535295 eV)
 
    Atomic Charges for Step       1 :
  Atom    Element       Mulliken Charge
     1      C                 -0.058
     2      C                 -0.055
     3      C                 -0.057
     4      C                  0.297
     5      C                  0.403
     6      O                 -0.313
     7      O                 -0.285
     8      O                 -0.282
     9      F                 -0.158
    10      F                 -0.163
    11      F                 -0.148
    12      H                  0.107
    13      H                  0.087
    14      H                  0.078
    15      H                  0.104
    16      H                  0.090
    17      H                  0.075
    18      H                  0.106
    19      H                  0.087
    20      H                  0.085
 Total Mulliken Charge =       0.000
 
                  X        Y        Z     TOTAL  
  QM DIPOLE    -1.673    0.443   -2.762    3.259
 
 Final Structure

  QMMM: QM Region Cartesian Coordinates (*=link atom) 
  QMMM: QM_NO.   MM_NO.  ATOM         X         Y         Z
  QMMM:     1        1      C       -0.0727   -0.9525   -0.3769
  QMMM:     2        2      C       -2.7295    0.2357    1.4103
  QMMM:     3        3      C       -2.5985   -3.5678    1.2731
  QMMM:     4        4      C       -1.2306   -1.6227    1.6160
  QMMM:     5        5      C       -0.0806   -2.0459    2.6347
  QMMM:     6        6      O       -0.8954   -1.9071    0.2883
  QMMM:     7        7      O       -1.4473   -0.2575    1.7993
  QMMM:     8        8      O       -2.4258   -2.2885    1.8843
  QMMM:     9        9      F        1.0508   -1.2831    2.5371
  QMMM:    10       10      F        0.3417   -3.3367    2.4568
  QMMM:    11       11      F       -0.4627   -1.9679    3.9440
  QMMM:    12       12      H        0.1271   -1.4280   -1.3697
  QMMM:    13       13      H        0.8741   -0.7903    0.1931
  QMMM:    14       14      H       -0.6256    0.0112   -0.4948
  QMMM:    15       15      H       -2.6017    1.3462    1.4595
  QMMM:    16       16      H       -3.5057   -0.1142    2.1322
  QMMM:    17       17      H       -2.9761   -0.1014    0.3752
  QMMM:    18       18      H       -3.5202   -3.9648    1.7680
  QMMM:    19       19      H       -1.7151   -4.2196    1.4767
  QMMM:    20       20      H       -2.7503   -3.4460    0.1738

           --------- Calculation Completed ----------

