            --------------------------------------------------------
                             AMBER SQM VERSION 19
 
                                     By
              Ross C. Walker, Michael F. Crowley, Scott Brozell,
                         Tim Giese, Andreas W. Goetz,
                        Tai-Sung Lee and David A. Case
 
            --------------------------------------------------------
 

--------------------------------------------------------------------------------
  QM CALCULATION INFO
--------------------------------------------------------------------------------

| QMMM: Citation for AMBER QMMM Run:
| QMMM: R.C. Walker, M.F. Crowley and D.A. Case, J. COMP. CHEM. 29:1019, 2008

QMMM: SINGLET STATE CALCULATION
QMMM: RHF CALCULATION, NO. OF DOUBLY OCCUPIED LEVELS = 15

| QMMM: *** Selected Hamiltonian *** 
| QMMM: AM1         

| QMMM: *** Parameter sets in use ***
| QMMM: C : M.J.S.DEWAR et al. JACS, 107, 3902, (1985)
| QMMM: H : M.J.S.DEWAR et al. JACS, 107, 3902, (1985)

| QMMM: *** SCF convergence criteria ***
| QMMM: Energy change                :  0.1D-09 kcal/mol
| QMMM: Error matrix |FP-PF|         :  0.1D+00 au
| QMMM: Density matrix change        :  0.5D-06
| QMMM: Maximum number of SCF cycles :     1000

| QMMM: *** Diagonalization Routine Information ***
| QMMM: Pseudo diagonalizations are allowed.
| QMMM: Auto diagonalization routine selection is in use.
| QMMM:
| QMMM: Timing diagonalization routines:
| QMMM:                              norbs =       30
| QMMM:    diag iterations used for timing =       20
| QMMM:
| QMMM:              Internal diag routine = 0.001645 seconds
| QMMM:                 Dspev diag routine = 0.002252 seconds
| QMMM:                Dspevd diag routine = 0.004070 seconds
| QMMM:                Dspevx diag routine = 0.008518 seconds
| QMMM:                 Dsyev diag routine = 0.002114 seconds
| QMMM:                Dsyevd diag routine = 0.001932 seconds
| QMMM:                Dsyevr diag routine = 0.002668 seconds
| QMMM:
| QMMM:                Pseudo diag routine = 0.000471 seconds
| QMMM:
| QMMM: Using internal diagonalization routine (diag_routine=1).

  QMMM: QM Region Cartesian Coordinates (*=link atom) 
  QMMM: QM_NO.   MM_NO.  ATOM         X         Y         Z
  QMMM:     1        1      C       25.8790    5.1590    4.4080
  QMMM:     2        2      C       26.7720    5.6590    3.4520
  QMMM:     3        3      C       25.8730    5.6880    5.7040
  QMMM:     4        4      C       27.6580    6.6900    3.7930
  QMMM:     5        5      C       26.7580    6.7190    6.0450
  QMMM:     6        6      C       27.6510    7.2190    5.0890
  QMMM:     7        7      H       25.2080    4.3790    4.1500
  QMMM:     8        8      H       26.7780    5.2580    2.4690
  QMMM:     9        9      H       25.1960    5.3100    6.4280
  QMMM:    10       10      H       28.3350    7.0680    3.0690
  QMMM:    11       11      H       26.7520    7.1200    7.0280
  QMMM:    12       12      H       28.3220    7.9990    5.3470

--------------------------------------------------------------------------------
  RESULTS
--------------------------------------------------------------------------------

  ... geometry converged !
 
 Final MO eigenvalues (eV):
 -39.1465  -31.3700  -31.3700  -23.0602  -23.0602  -17.8556  -16.1226  -15.4003
 -14.1607  -14.1607  -13.3812  -11.8881  -11.8881   -9.6529   -9.6529    0.5547
   0.5547    2.9778    4.0360    4.0360    4.0476    4.1928    4.5985    4.5985
   5.1230    5.1230    5.6120    5.6120    5.7290    6.1333

 Heat of formation   =         21.93322328 kcal/mol  (        0.95109593 eV)

 Total SCF energy    =     -19609.69494760 kcal/mol  (     -850.34018246 eV)
 Electronic energy   =     -75026.87572157 kcal/mol  (    -3253.40946713 eV)
 Core-core repulsion =      55417.18077397 kcal/mol  (     2403.06928468 eV)
 
    Atomic Charges for Step       1 :
  Atom    Element       Mulliken Charge
     1      C                 -0.130
     2      C                 -0.130
     3      C                 -0.130
     4      C                 -0.130
     5      C                 -0.130
     6      C                 -0.130
     7      H                  0.130
     8      H                  0.130
     9      H                  0.130
    10      H                  0.130
    11      H                  0.130
    12      H                  0.130
 Total Mulliken Charge =      -0.000
 
                  X        Y        Z     TOTAL  
  QM DIPOLE     0.000   -0.000    0.000    0.000
 
 Final Structure

  QMMM: QM Region Cartesian Coordinates (*=link atom) 
  QMMM: QM_NO.   MM_NO.  ATOM         X         Y         Z
  QMMM:     1        1      C       25.8828    5.1631    4.4092
  QMMM:     2        2      C       26.7724    5.6614    3.4571
  QMMM:     3        3      C       25.8756    5.6907    5.7006
  QMMM:     4        4      C       27.6547    6.6873    3.7964
  QMMM:     5        5      C       26.7580    6.7166    6.0399
  QMMM:     6        6      C       27.6475    7.2149    5.0878
  QMMM:     7        7      H       25.1873    4.3544    4.1417
  QMMM:     8        8      H       26.7780    5.2456    2.4391
  QMMM:     9        9      H       25.1744    5.2978    6.4511
  QMMM:    10       10      H       28.3559    7.0802    3.0459
  QMMM:    11       11      H       26.7523    7.1324    7.0579
  QMMM:    12       12      H       28.3430    8.0236    5.3553

           --------- Calculation Completed ----------

