            --------------------------------------------------------
                             AMBER SQM VERSION 19
 
                                     By
              Ross C. Walker, Michael F. Crowley, Scott Brozell,
                         Tim Giese, Andreas W. Goetz,
                        Tai-Sung Lee and David A. Case
 
            --------------------------------------------------------
 

--------------------------------------------------------------------------------
  QM CALCULATION INFO
--------------------------------------------------------------------------------

| QMMM: Citation for AMBER QMMM Run:
| QMMM: R.C. Walker, M.F. Crowley and D.A. Case, J. COMP. CHEM. 29:1019, 2008

QMMM: SINGLET STATE CALCULATION
QMMM: RHF CALCULATION, NO. OF DOUBLY OCCUPIED LEVELS = 19

| QMMM: *** Selected Hamiltonian *** 
| QMMM: AM1         

| QMMM: *** Parameter sets in use ***
| QMMM: C : M.J.S.DEWAR et al. JACS, 107, 3902, (1985)
| QMMM: O : M.J.S.DEWAR et al. JACS, 107, 3902, (1985)
| QMMM: H : M.J.S.DEWAR et al. JACS, 107, 3902, (1985)

| QMMM: *** SCF convergence criteria ***
| QMMM: Energy change                :  0.1D-09 kcal/mol
| QMMM: Error matrix |FP-PF|         :  0.1D+00 au
| QMMM: Density matrix change        :  0.5D-06
| QMMM: Maximum number of SCF cycles :     1000

| QMMM: *** Diagonalization Routine Information ***
| QMMM: Pseudo diagonalizations are allowed.
| QMMM: Auto diagonalization routine selection is in use.
| QMMM:
| QMMM: Timing diagonalization routines:
| QMMM:                              norbs =       36
| QMMM:    diag iterations used for timing =       20
| QMMM:
| QMMM:              Internal diag routine = 0.011274 seconds
| QMMM:                 Dspev diag routine = 0.006490 seconds
| QMMM:                Dspevd diag routine = 0.003790 seconds
| QMMM:                Dspevx diag routine = 0.017213 seconds
| QMMM:                 Dsyev diag routine = 0.004646 seconds
| QMMM:                Dsyevd diag routine = 0.003663 seconds
| QMMM:                Dsyevr diag routine = 0.004720 seconds
| QMMM:
| QMMM:                Pseudo diag routine = 0.001016 seconds
| QMMM:
| QMMM: Using dsyevd routine (diag_routine=6).

  QMMM: QM Region Cartesian Coordinates (*=link atom) 
  QMMM: QM_NO.   MM_NO.  ATOM         X         Y         Z
  QMMM:     1        1      C       -0.4650   -0.0650    0.9890
  QMMM:     2        2      C        1.6270    0.6910    2.1570
  QMMM:     3        3      C        1.2040   -1.7600    1.8120
  QMMM:     4        4      C       -1.1270   -1.4330    3.3390
  QMMM:     5        5      C        0.5610   -0.3990    2.0720
  QMMM:     6        6      O       -0.1080   -0.4450    3.3330
  QMMM:     7        7      H       -0.9610    0.8890    1.2040
  QMMM:     8        8      H        0.0000    0.0000    0.0000
  QMMM:     9        9      H       -1.2550   -0.8230    0.9520
  QMMM:    10       10      H        2.3380    0.4800    2.9640
  QMMM:    11       11      H        1.1750    1.6620    2.3900
  QMMM:    12       12      H        2.1850    0.7840    1.2190
  QMMM:    13       13      H        0.4460   -2.5520    1.7870
  QMMM:    14       14      H        1.7490   -1.7740    0.8630
  QMMM:    15       15      H        1.8990   -2.0230    2.6170
  QMMM:    16       16      H       -0.7750   -2.3170    3.8770
  QMMM:    17       17      H       -1.3850   -1.6980    2.3110
  QMMM:    18       18      H       -2.0090   -1.0300    3.8420

--------------------------------------------------------------------------------
  RESULTS
--------------------------------------------------------------------------------

      iter         sqm energy              rms gradient
      ----    -------------------    -----------------------
xmin    10      -64.2422 kcal/mol        1.3680 kcal/(mol*A)
xmin    20      -64.8528 kcal/mol        0.7634 kcal/(mol*A)
xmin    30      -64.9486 kcal/mol        0.2193 kcal/(mol*A)
xmin    40      -64.9649 kcal/mol        0.1496 kcal/(mol*A)
xmin    50      -64.9717 kcal/mol        0.0459 kcal/(mol*A)
xmin    60      -64.9739 kcal/mol        0.0726 kcal/(mol*A)
xmin    70      -64.9765 kcal/mol        0.0579 kcal/(mol*A)
xmin    80      -64.9785 kcal/mol        0.0369 kcal/(mol*A)
xmin    90      -64.9798 kcal/mol        0.1989 kcal/(mol*A)
xmin   100      -64.9814 kcal/mol        0.0362 kcal/(mol*A)
xmin   110      -64.9824 kcal/mol        0.0190 kcal/(mol*A)
xmin   120      -64.9828 kcal/mol        0.0258 kcal/(mol*A)
xmin   130      -64.9832 kcal/mol        0.0083 kcal/(mol*A)
xmin   140      -64.9835 kcal/mol        0.0097 kcal/(mol*A)
xmin   150      -64.9837 kcal/mol        0.0166 kcal/(mol*A)
xmin   160      -64.9839 kcal/mol        0.0313 kcal/(mol*A)
xmin   170      -64.9841 kcal/mol        0.0074 kcal/(mol*A)
xmin   180      -64.9844 kcal/mol        0.0267 kcal/(mol*A)
xmin   190      -64.9845 kcal/mol        0.0109 kcal/(mol*A)
xmin   200      -64.9846 kcal/mol        0.0202 kcal/(mol*A)
xmin   210      -64.9847 kcal/mol        0.0088 kcal/(mol*A)
xmin   220      -64.9848 kcal/mol        0.0168 kcal/(mol*A)
xmin   230      -64.9849 kcal/mol        0.0085 kcal/(mol*A)
xmin   240      -64.9849 kcal/mol        0.0131 kcal/(mol*A)
xmin   250      -64.9849 kcal/mol        0.0032 kcal/(mol*A)
xmin   260      -64.9850 kcal/mol        0.0112 kcal/(mol*A)
xmin   270      -64.9851 kcal/mol        0.0100 kcal/(mol*A)
xmin   280      -64.9851 kcal/mol        0.0027 kcal/(mol*A)
xmin   290      -64.9852 kcal/mol        0.0037 kcal/(mol*A)
xmin   300      -64.9852 kcal/mol        0.0109 kcal/(mol*A)
xmin   310      -64.9852 kcal/mol        0.0073 kcal/(mol*A)
xmin   320      -64.9852 kcal/mol        0.0036 kcal/(mol*A)
xmin   330      -64.9853 kcal/mol        0.0050 kcal/(mol*A)
xmin   340      -64.9853 kcal/mol        0.0103 kcal/(mol*A)
xmin   350      -64.9853 kcal/mol        0.0062 kcal/(mol*A)
xmin   360      -64.9853 kcal/mol        0.0037 kcal/(mol*A)
xmin   370      -64.9854 kcal/mol        0.0048 kcal/(mol*A)
xmin   380      -64.9854 kcal/mol        0.0055 kcal/(mol*A)
xmin   390      -64.9854 kcal/mol        0.0033 kcal/(mol*A)
xmin   400      -64.9854 kcal/mol        0.0045 kcal/(mol*A)
xmin   410      -64.9854 kcal/mol        0.0018 kcal/(mol*A)
xmin   420      -64.9854 kcal/mol        0.0013 kcal/(mol*A)
xmin   430      -64.9854 kcal/mol        0.0012 kcal/(mol*A)
xmin   440      -64.9854 kcal/mol        0.0057 kcal/(mol*A)
xmin   450      -64.9855 kcal/mol        0.0027 kcal/(mol*A)
xmin   460      -64.9855 kcal/mol        0.0019 kcal/(mol*A)
xmin   470      -64.9855 kcal/mol        0.0034 kcal/(mol*A)
xmin   480      -64.9855 kcal/mol        0.0036 kcal/(mol*A)
xmin   490      -64.9855 kcal/mol        0.0093 kcal/(mol*A)
xmin   500      -64.9855 kcal/mol        0.0059 kcal/(mol*A)
xmin   510      -64.9855 kcal/mol        0.0032 kcal/(mol*A)
xmin   520      -64.9855 kcal/mol        0.0011 kcal/(mol*A)
xmin   530      -64.9855 kcal/mol        0.0024 kcal/(mol*A)
xmin   540      -64.9855 kcal/mol        0.0017 kcal/(mol*A)
xmin   550      -64.9855 kcal/mol        0.0018 kcal/(mol*A)
xmin   560      -64.9856 kcal/mol        0.0039 kcal/(mol*A)
xmin   570      -64.9856 kcal/mol        0.0055 kcal/(mol*A)
xmin   580      -64.9856 kcal/mol        0.0018 kcal/(mol*A)
xmin   590      -64.9856 kcal/mol        0.0011 kcal/(mol*A)
xmin   600      -64.9856 kcal/mol        0.0009 kcal/(mol*A)
xmin   610      -64.9856 kcal/mol        0.0023 kcal/(mol*A)
xmin   620      -64.9856 kcal/mol        0.0024 kcal/(mol*A)
xmin   630      -64.9856 kcal/mol        0.0011 kcal/(mol*A)
  ... geometry converged !
 
 Final MO eigenvalues (eV):
 -39.5551  -34.1971  -28.4729  -28.0447  -26.5370  -20.7554  -17.2398  -16.1134
 -16.1055  -14.5138  -14.1813  -13.6162  -12.9759  -12.8417  -12.5026  -12.1177
 -12.1097  -11.4716  -10.4302    2.9899    3.7838    3.9014    4.0890    4.3040
   4.4276    4.4653    4.5142    4.6179    4.6687    4.7710    4.8174    4.9373
   4.9428    5.1960    5.2119    6.4891

 Heat of formation   =        -64.98559431 kcal/mol  (       -2.81798683 eV)

 Total SCF energy    =     -25978.21078876 kcal/mol  (    -1126.49975234 eV)
 Electronic energy   =    -111932.90090428 kcal/mol  (    -4853.77481047 eV)
 Core-core repulsion =      85954.69011552 kcal/mol  (     3727.27505813 eV)
 
    Atomic Charges for Step       1 :
  Atom    Element       Mulliken Charge
     1      C                 -0.236
     2      C                 -0.203
     3      C                 -0.236
     4      C                 -0.072
     5      C                  0.076
     6      O                 -0.278
     7      H                  0.088
     8      H                  0.081
     9      H                  0.075
    10      H                  0.087
    11      H                  0.087
    12      H                  0.077
    13      H                  0.075
    14      H                  0.082
    15      H                  0.088
    16      H                  0.057
    17      H                  0.058
    18      H                  0.095
 Total Mulliken Charge =      -0.000
 
                  X        Y        Z     TOTAL  
  QM DIPOLE    -0.117   -0.814   -1.092    1.367
 
 Final Structure

  QMMM: QM Region Cartesian Coordinates (*=link atom) 
  QMMM: QM_NO.   MM_NO.  ATOM         X         Y         Z
  QMMM:     1        1      C       -0.3992   -0.1361    0.8655
  QMMM:     2        2      C        1.5672    0.6947    2.1662
  QMMM:     3        3      C        1.2421   -1.7613    1.8320
  QMMM:     4        4      C       -1.1795   -1.3782    3.4260
  QMMM:     5        5      C        0.5381   -0.4261    2.0300
  QMMM:     6        6      O       -0.1730   -0.3969    3.2791
  QMMM:     7        7      H       -1.0377    0.7479    1.1027
  QMMM:     8        8      H        0.1969    0.0809   -0.0522
  QMMM:     9        9      H       -1.0605   -1.0111    0.6601
  QMMM:    10       10      H        2.2383    0.4912    3.0337
  QMMM:    11       11      H        1.0491    1.6678    2.3364
  QMMM:    12       12      H        2.1757    0.7574    1.2343
  QMMM:    13       13      H        0.5071   -2.5649    1.5883
  QMMM:    14       14      H        1.9715   -1.6809    0.9917
  QMMM:    15       15      H        1.7886   -2.0451    2.7627
  QMMM:    16       16      H       -0.7441   -2.4074    3.4015
  QMMM:    17       17      H       -1.9628   -1.2759    2.6353
  QMMM:    18       18      H       -1.6189   -1.1688    4.4346

           --------- Calculation Completed ----------

