            --------------------------------------------------------
                             AMBER SQM VERSION 19
 
                                     By
              Ross C. Walker, Michael F. Crowley, Scott Brozell,
                         Tim Giese, Andreas W. Goetz,
                        Tai-Sung Lee and David A. Case
 
            --------------------------------------------------------
 

--------------------------------------------------------------------------------
  QM CALCULATION INFO
--------------------------------------------------------------------------------

| QMMM: Citation for AMBER QMMM Run:
| QMMM: R.C. Walker, M.F. Crowley and D.A. Case, J. COMP. CHEM. 29:1019, 2008

QMMM: SINGLET STATE CALCULATION
QMMM: RHF CALCULATION, NO. OF DOUBLY OCCUPIED LEVELS = 19

| QMMM: *** Selected Hamiltonian *** 
| QMMM: AM1         

| QMMM: *** Parameter sets in use ***
| QMMM: C : M.J.S.DEWAR et al. JACS, 107, 3902, (1985)
| QMMM: H : M.J.S.DEWAR et al. JACS, 107, 3902, (1985)

| QMMM: *** SCF convergence criteria ***
| QMMM: Energy change                :  0.1D-09 kcal/mol
| QMMM: Error matrix |FP-PF|         :  0.1D+00 au
| QMMM: Density matrix change        :  0.5D-06
| QMMM: Maximum number of SCF cycles :     1000

| QMMM: *** Diagonalization Routine Information ***
| QMMM: Pseudo diagonalizations are allowed.
| QMMM: Auto diagonalization routine selection is in use.
| QMMM:
| QMMM: Timing diagonalization routines:
| QMMM:                              norbs =       38
| QMMM:    diag iterations used for timing =       20
| QMMM:
| QMMM:              Internal diag routine = 0.002914 seconds
| QMMM:                 Dspev diag routine = 0.027584 seconds
| QMMM:                Dspevd diag routine = 0.012528 seconds
| QMMM:                Dspevx diag routine = 0.017635 seconds
| QMMM:                 Dsyev diag routine = 0.005069 seconds
| QMMM:                Dsyevd diag routine = 0.003266 seconds
| QMMM:                Dsyevr diag routine = 0.004196 seconds
| QMMM:
| QMMM:                Pseudo diag routine = 0.003224 seconds
| QMMM: Pseudo diagonalization appears to be slower than regular
| QMMM: diagonalization. Setting pseudo_diag=0 for optimum performance.
| QMMM:
| QMMM: Using internal diagonalization routine (diag_routine=1).

  QMMM: QM Region Cartesian Coordinates (*=link atom) 
  QMMM: QM_NO.   MM_NO.  ATOM         X         Y         Z
  QMMM:     1        1      C        0.5110   -0.7950    0.5540
  QMMM:     2        2      C        0.2490    0.5310    2.6600
  QMMM:     3        3      C        1.2270   -2.3860    3.1710
  QMMM:     4        4      C        3.2010   -1.8540    1.7260
  QMMM:     5        5      C        1.2460   -0.2130    1.7650
  QMMM:     6        6      C        2.0680   -1.2570    2.5680
  QMMM:     7        7      H       -0.2470   -1.5260    0.8520
  QMMM:     8        8      H        0.0000    0.0000   -0.0000
  QMMM:     9        9      H        1.2020   -1.2800   -0.1410
  QMMM:    10       10      H       -0.2110    1.3610    2.1130
  QMMM:    11       11      H       -0.5570   -0.1230    3.0060
  QMMM:    12       12      H        0.7500    0.9530    3.5380
  QMMM:    13       13      H        0.4480   -1.9970    3.8330
  QMMM:    14       14      H        0.7490   -2.9940    2.3970
  QMMM:    15       15      H        1.8570   -3.0530    3.7700
  QMMM:    16       16      H        2.8190   -2.4900    0.9210
  QMMM:    17       17      H        3.8570   -2.4710    2.3500
  QMMM:    18       18      H        3.8140   -1.0650    1.2800
  QMMM:    19       19      H        1.9520    0.5380    1.3870
  QMMM:    20       20      H        2.5440   -0.7250    3.4030

--------------------------------------------------------------------------------
  RESULTS
--------------------------------------------------------------------------------

      iter         sqm energy              rms gradient
      ----    -------------------    -----------------------
xmin    10      -38.7277 kcal/mol        0.3829 kcal/(mol*A)
xmin    20      -38.8131 kcal/mol        0.0801 kcal/(mol*A)
xmin    30      -38.8434 kcal/mol        0.3452 kcal/(mol*A)
xmin    40      -38.8656 kcal/mol        0.0849 kcal/(mol*A)
xmin    50      -38.8823 kcal/mol        0.0251 kcal/(mol*A)
xmin    60      -38.8874 kcal/mol        0.0134 kcal/(mol*A)
xmin    70      -38.8876 kcal/mol        0.0028 kcal/(mol*A)
xmin    80      -38.8876 kcal/mol        0.0011 kcal/(mol*A)
xmin    90      -38.8876 kcal/mol        0.0012 kcal/(mol*A)
xmin   100      -38.8876 kcal/mol        0.0008 kcal/(mol*A)
  ... geometry converged !
 
 Final MO eigenvalues (eV):
 -38.2637  -32.1815  -27.8643  -27.6281  -23.4245  -19.4855  -16.2271  -15.4560
 -15.2244  -13.8064  -13.5952  -13.1690  -12.8297  -12.6133  -12.0897  -12.0593
 -11.3135  -11.2124  -11.0515    3.7232    3.8440    3.9379    4.3665    4.3890
   4.4665    4.6361    4.6519    4.7000    4.8833    4.9296    4.9652    5.0046
   5.0554    5.1296    5.2345    5.3280    5.4510    5.4876

 Heat of formation   =        -38.88758804 kcal/mol  (       -1.68629236 eV)

 Total SCF energy    =     -22189.83578331 kcal/mol  (     -962.22348481 eV)
 Electronic energy   =    -106249.69111556 kcal/mol  (    -4607.33234099 eV)
 Core-core repulsion =      84059.85533225 kcal/mol  (     3645.10885618 eV)
 
    Atomic Charges for Step       1 :
  Atom    Element       Mulliken Charge
     1      C                 -0.206
     2      C                 -0.208
     3      C                 -0.206
     4      C                 -0.208
     5      C                 -0.103
     6      C                 -0.103
     7      H                  0.074
     8      H                  0.070
     9      H                  0.073
    10      H                  0.072
    11      H                  0.073
    12      H                  0.071
    13      H                  0.073
    14      H                  0.074
    15      H                  0.070
    16      H                  0.073
    17      H                  0.072
    18      H                  0.071
    19      H                  0.083
    20      H                  0.083
 Total Mulliken Charge =      -0.000
 
                  X        Y        Z     TOTAL  
  QM DIPOLE    -0.011   -0.012   -0.004    0.017
 
 Final Structure

  QMMM: QM Region Cartesian Coordinates (*=link atom) 
  QMMM: QM_NO.   MM_NO.  ATOM         X         Y         Z
  QMMM:     1        1      C        0.3843   -0.8826    0.6786
  QMMM:     2        2      C        0.3719    0.6028    2.6690
  QMMM:     3        3      C        1.2041   -2.4601    2.9890
  QMMM:     4        4      C        3.2521   -1.7367    1.7846
  QMMM:     5        5      C        1.2348   -0.2454    1.7565
  QMMM:     6        6      C        2.0369   -1.2708    2.5611
  QMMM:     7        7      H       -0.4470   -1.4766    1.1298
  QMMM:     8        8      H       -0.0627   -0.0931    0.0271
  QMMM:     9        9      H        1.0004   -1.5619    0.0419
  QMMM:    10       10      H       -0.1883    1.3619    2.0714
  QMMM:    11       11      H       -0.3678   -0.0299    3.2160
  QMMM:    12       12      H        1.0027    1.1375    3.4192
  QMMM:    13       13      H        0.2727   -2.1231    3.5040
  QMMM:    14       14      H        0.9165   -3.0804    2.1058
  QMMM:    15       15      H        1.7871   -3.1021    3.6931
  QMMM:    16       16      H        2.9474   -2.2375    0.8343
  QMMM:    17       17      H        3.8406   -2.4651    2.3931
  QMMM:    18       18      H        3.9113   -0.8715    1.5324
  QMMM:    19       19      H        1.9782    0.4387    1.2526
  QMMM:    20       20      H        2.4034   -0.7504    3.4935

           --------- Calculation Completed ----------

