            --------------------------------------------------------
                             AMBER SQM VERSION 19
 
                                     By
              Ross C. Walker, Michael F. Crowley, Scott Brozell,
                         Tim Giese, Andreas W. Goetz,
                        Tai-Sung Lee and David A. Case
 
            --------------------------------------------------------
 

--------------------------------------------------------------------------------
  QM CALCULATION INFO
--------------------------------------------------------------------------------

| QMMM: Citation for AMBER QMMM Run:
| QMMM: R.C. Walker, M.F. Crowley and D.A. Case, J. COMP. CHEM. 29:1019, 2008

QMMM: SINGLET STATE CALCULATION
QMMM: RHF CALCULATION, NO. OF DOUBLY OCCUPIED LEVELS = 24

| QMMM: *** Selected Hamiltonian *** 
| QMMM: AM1         

| QMMM: *** Parameter sets in use ***
| QMMM: C : M.J.S.DEWAR et al. JACS, 107, 3902, (1985)
| QMMM: O : M.J.S.DEWAR et al. JACS, 107, 3902, (1985)
| QMMM: H : M.J.S.DEWAR et al. JACS, 107, 3902, (1985)

| QMMM: *** SCF convergence criteria ***
| QMMM: Energy change                :  0.1D-09 kcal/mol
| QMMM: Error matrix |FP-PF|         :  0.1D+00 au
| QMMM: Density matrix change        :  0.5D-06
| QMMM: Maximum number of SCF cycles :     1000

| QMMM: *** Diagonalization Routine Information ***
| QMMM: Pseudo diagonalizations are allowed.
| QMMM: Auto diagonalization routine selection is in use.
| QMMM:
| QMMM: Timing diagonalization routines:
| QMMM:                              norbs =       44
| QMMM:    diag iterations used for timing =       20
| QMMM:
| QMMM:              Internal diag routine = 0.008031 seconds
| QMMM:                 Dspev diag routine = 0.014830 seconds
| QMMM:                Dspevd diag routine = 0.004051 seconds
| QMMM:                Dspevx diag routine = 0.032533 seconds
| QMMM:                 Dsyev diag routine = 0.017848 seconds
| QMMM:                Dsyevd diag routine = 0.006703 seconds
| QMMM:                Dsyevr diag routine = 0.008558 seconds
| QMMM:
| QMMM:                Pseudo diag routine = 0.001562 seconds
| QMMM:
| QMMM: Using dspevd routine (diag_routine=3).

  QMMM: QM Region Cartesian Coordinates (*=link atom) 
  QMMM: QM_NO.   MM_NO.  ATOM         X         Y         Z
  QMMM:     1        1      C        1.8840   -2.4290   -4.5140
  QMMM:     2        2      C       -0.0300    2.7190   -1.1890
  QMMM:     3        3      C        2.1160   -1.2090   -3.6520
  QMMM:     4        4      C       -0.2810    1.4700   -2.0190
  QMMM:     5        5      C        0.8040   -0.5230   -3.2730
  QMMM:     6        6      C        1.0010    0.7710   -2.4770
  QMMM:     7        7      O        0.7920   -2.8560   -4.8620
  QMMM:     8        8      O        3.0580   -3.0190   -4.8630
  QMMM:     9        9      H       -0.9770    3.1140   -0.8090
  QMMM:    10       10      H        0.6140    2.4980   -0.3320
  QMMM:    11       11      H        0.4410    3.5070   -1.7840
  QMMM:    12       12      H        2.6480   -1.5330   -2.7520
  QMMM:    13       13      H        2.7460   -0.5090   -4.2120
  QMMM:    14       14      H       -0.8620    0.7610   -1.4160
  QMMM:    15       15      H       -0.9070    1.7230   -2.8820
  QMMM:    16       16      H        0.1670   -1.2180   -2.7120
  QMMM:    17       17      H        0.2470   -0.2780   -4.1870
  QMMM:    18       18      H        1.5850    1.4680   -3.0910
  QMMM:    19       19      H        1.6130    0.5540   -1.5930
  QMMM:    20       20      H        2.9670   -3.8210   -5.4210

--------------------------------------------------------------------------------
  RESULTS
--------------------------------------------------------------------------------

      iter         sqm energy              rms gradient
      ----    -------------------    -----------------------
xmin    10     -129.6792 kcal/mol        0.3633 kcal/(mol*A)
xmin    20     -129.6969 kcal/mol        0.0282 kcal/(mol*A)
xmin    30     -129.7017 kcal/mol        0.0590 kcal/(mol*A)
xmin    40     -129.7026 kcal/mol        0.0206 kcal/(mol*A)
xmin    50     -129.7029 kcal/mol        0.0166 kcal/(mol*A)
xmin    60     -129.7031 kcal/mol        0.0086 kcal/(mol*A)
xmin    70     -129.7032 kcal/mol        0.0381 kcal/(mol*A)
xmin    80     -129.7033 kcal/mol        0.0150 kcal/(mol*A)
xmin    90     -129.7034 kcal/mol        0.0041 kcal/(mol*A)
xmin   100     -129.7036 kcal/mol        0.0034 kcal/(mol*A)
xmin   110     -129.7037 kcal/mol        0.0046 kcal/(mol*A)
xmin   120     -129.7038 kcal/mol        0.0237 kcal/(mol*A)
xmin   130     -129.7041 kcal/mol        0.0053 kcal/(mol*A)
xmin   140     -129.7043 kcal/mol        0.0225 kcal/(mol*A)
xmin   150     -129.7045 kcal/mol        0.0065 kcal/(mol*A)
xmin   160     -129.7047 kcal/mol        0.0179 kcal/(mol*A)
xmin   170     -129.7049 kcal/mol        0.0445 kcal/(mol*A)
xmin   180     -129.7054 kcal/mol        0.0198 kcal/(mol*A)
xmin   190     -129.7065 kcal/mol        0.0291 kcal/(mol*A)
xmin   200     -129.7076 kcal/mol        0.0075 kcal/(mol*A)
xmin   210     -129.7081 kcal/mol        0.0604 kcal/(mol*A)
xmin   220     -129.7093 kcal/mol        0.0133 kcal/(mol*A)
xmin   230     -129.7099 kcal/mol        0.0808 kcal/(mol*A)
xmin   240     -129.7103 kcal/mol        0.0067 kcal/(mol*A)
xmin   250     -129.7113 kcal/mol        0.0113 kcal/(mol*A)
xmin   260     -129.7119 kcal/mol        0.0135 kcal/(mol*A)
xmin   270     -129.7133 kcal/mol        0.0191 kcal/(mol*A)
xmin   280     -129.7138 kcal/mol        0.0324 kcal/(mol*A)
xmin   290     -129.7150 kcal/mol        0.0773 kcal/(mol*A)
xmin   300     -129.7155 kcal/mol        0.0292 kcal/(mol*A)
xmin   310     -129.7164 kcal/mol        0.0089 kcal/(mol*A)
xmin   320     -129.7172 kcal/mol        0.0080 kcal/(mol*A)
xmin   330     -129.7179 kcal/mol        0.0338 kcal/(mol*A)
xmin   340     -129.7195 kcal/mol        0.0290 kcal/(mol*A)
xmin   350     -129.7212 kcal/mol        0.0361 kcal/(mol*A)
xmin   360     -129.7233 kcal/mol        0.0814 kcal/(mol*A)
xmin   370     -129.7243 kcal/mol        0.0166 kcal/(mol*A)
xmin   380     -129.7250 kcal/mol        0.0657 kcal/(mol*A)
xmin   390     -129.7257 kcal/mol        0.0124 kcal/(mol*A)
xmin   400     -129.7264 kcal/mol        0.0195 kcal/(mol*A)
xmin   410     -129.7268 kcal/mol        0.0081 kcal/(mol*A)
xmin   420     -129.7273 kcal/mol        0.0147 kcal/(mol*A)
xmin   430     -129.7279 kcal/mol        0.0062 kcal/(mol*A)
xmin   440     -129.7284 kcal/mol        0.0092 kcal/(mol*A)
xmin   450     -129.7288 kcal/mol        0.0507 kcal/(mol*A)
xmin   460     -129.7290 kcal/mol        0.0728 kcal/(mol*A)
xmin   470     -129.7293 kcal/mol        0.0096 kcal/(mol*A)
xmin   480     -129.7296 kcal/mol        0.0124 kcal/(mol*A)
xmin   490     -129.7300 kcal/mol        0.0183 kcal/(mol*A)
xmin   500     -129.7303 kcal/mol        0.0077 kcal/(mol*A)
xmin   510     -129.7304 kcal/mol        0.0106 kcal/(mol*A)
xmin   520     -129.7305 kcal/mol        0.0171 kcal/(mol*A)
xmin   530     -129.7307 kcal/mol        0.0036 kcal/(mol*A)
xmin   540     -129.7308 kcal/mol        0.0102 kcal/(mol*A)
xmin   550     -129.7309 kcal/mol        0.0147 kcal/(mol*A)
xmin   560     -129.7310 kcal/mol        0.0084 kcal/(mol*A)
xmin   570     -129.7310 kcal/mol        0.0041 kcal/(mol*A)
xmin   580     -129.7311 kcal/mol        0.0030 kcal/(mol*A)
xmin   590     -129.7311 kcal/mol        0.0100 kcal/(mol*A)
xmin   600     -129.7312 kcal/mol        0.0031 kcal/(mol*A)
xmin   610     -129.7312 kcal/mol        0.0025 kcal/(mol*A)
xmin   620     -129.7312 kcal/mol        0.0099 kcal/(mol*A)
xmin   630     -129.7313 kcal/mol        0.0044 kcal/(mol*A)
xmin   640     -129.7313 kcal/mol        0.0085 kcal/(mol*A)
xmin   650     -129.7313 kcal/mol        0.0115 kcal/(mol*A)
xmin   660     -129.7313 kcal/mol        0.0055 kcal/(mol*A)
xmin   670     -129.7313 kcal/mol        0.0050 kcal/(mol*A)
xmin   680     -129.7313 kcal/mol        0.0070 kcal/(mol*A)
xmin   690     -129.7313 kcal/mol        0.0011 kcal/(mol*A)
xmin   700     -129.7313 kcal/mol        0.0058 kcal/(mol*A)
xmin   710     -129.7313 kcal/mol        0.0029 kcal/(mol*A)
xmin   720     -129.7313 kcal/mol        0.0008 kcal/(mol*A)
  ... geometry converged !
 
 Final MO eigenvalues (eV):
 -40.7456  -37.2368  -36.4389  -33.4656  -28.7089  -24.2074  -21.8608  -21.4006
 -18.9125  -17.3449  -17.0581  -16.1963  -15.0101  -14.7471  -14.5496  -14.1008
 -13.1131  -12.8908  -12.3772  -12.2827  -11.9452  -11.8699  -11.4566  -11.3790
   1.0304    2.2616    3.3913    3.5331    3.7050    3.8505    4.0041    4.1543
   4.2120    4.3444    4.4405    4.6283    4.6880    4.7970    4.8889    4.9631
   5.0372    5.1278    5.2806    6.6591

 Heat of formation   =       -129.73134441 kcal/mol  (       -5.62557324 eV)

 Total SCF energy    =     -36349.10959502 kcal/mol  (    -1576.21567126 eV)
 Electronic energy   =    -152190.52960457 kcal/mol  (    -6599.47658838 eV)
 Core-core repulsion =     115841.42000954 kcal/mol  (     5023.26091711 eV)
 
    Atomic Charges for Step       1 :
  Atom    Element       Mulliken Charge
     1      C                  0.306
     2      C                 -0.211
     3      C                 -0.155
     4      C                 -0.158
     5      C                 -0.159
     6      C                 -0.158
     7      O                 -0.362
     8      O                 -0.321
     9      H                  0.075
    10      H                  0.072
    11      H                  0.073
    12      H                  0.119
    13      H                  0.119
    14      H                  0.080
    15      H                  0.082
    16      H                  0.091
    17      H                  0.104
    18      H                  0.081
    19      H                  0.080
    20      H                  0.242
 Total Mulliken Charge =      -0.000
 
                  X        Y        Z     TOTAL  
  QM DIPOLE     0.978    0.988    1.238    1.862
 
 Final Structure

  QMMM: QM Region Cartesian Coordinates (*=link atom) 
  QMMM: QM_NO.   MM_NO.  ATOM         X         Y         Z
  QMMM:     1        1      C        1.8943   -2.2823   -4.5889
  QMMM:     2        2      C       -0.0405    2.6464   -1.2174
  QMMM:     3        3      C        2.1216   -1.0773   -3.7354
  QMMM:     4        4      C       -0.2604    1.3540   -1.9603
  QMMM:     5        5      C        0.8122   -0.5075   -3.2322
  QMMM:     6        6      C        1.0427    0.7874   -2.4834
  QMMM:     7        7      O        0.9567   -2.5504   -5.3452
  QMMM:     8        8      O        2.8987   -3.2033   -4.5161
  QMMM:     9        9      H       -1.0125    3.0463   -0.8400
  QMMM:    10       10      H        0.6390    2.4897   -0.3449
  QMMM:    11       11      H        0.4202    3.4130   -1.8864
  QMMM:    12       12      H        2.7912   -1.3483   -2.8766
  QMMM:    13       13      H        2.6619   -0.3181   -4.3635
  QMMM:    14       14      H       -0.7468    0.6058   -1.2800
  QMMM:    15       15      H       -0.9635    1.5262   -2.8178
  QMMM:    16       16      H        0.3125   -1.2521   -2.5582
  QMMM:    17       17      H        0.1222   -0.3330   -4.1004
  QMMM:    18       18      H        1.5307    1.5351   -3.1629
  QMMM:    19       19      H        1.7456    0.6093   -1.6272
  QMMM:    20       20      H        2.7001   -3.9510   -5.1033

           --------- Calculation Completed ----------

