            --------------------------------------------------------
                             AMBER SQM VERSION 19
 
                                     By
              Ross C. Walker, Michael F. Crowley, Scott Brozell,
                         Tim Giese, Andreas W. Goetz,
                        Tai-Sung Lee and David A. Case
 
            --------------------------------------------------------
 

--------------------------------------------------------------------------------
  QM CALCULATION INFO
--------------------------------------------------------------------------------

| QMMM: Citation for AMBER QMMM Run:
| QMMM: R.C. Walker, M.F. Crowley and D.A. Case, J. COMP. CHEM. 29:1019, 2008

QMMM: SINGLET STATE CALCULATION
QMMM: RHF CALCULATION, NO. OF DOUBLY OCCUPIED LEVELS = 38

| QMMM: *** Selected Hamiltonian *** 
| QMMM: AM1         

| QMMM: *** Parameter sets in use ***
| QMMM: C : M.J.S.DEWAR et al. JACS, 107, 3902, (1985)
| QMMM: O : M.J.S.DEWAR et al. JACS, 107, 3902, (1985)
| QMMM: H : M.J.S.DEWAR et al. JACS, 107, 3902, (1985)

| QMMM: *** SCF convergence criteria ***
| QMMM: Energy change                :  0.1D-09 kcal/mol
| QMMM: Error matrix |FP-PF|         :  0.1D+00 au
| QMMM: Density matrix change        :  0.5D-06
| QMMM: Maximum number of SCF cycles :     1000

| QMMM: *** Diagonalization Routine Information ***
| QMMM: Pseudo diagonalizations are allowed.
| QMMM: Auto diagonalization routine selection is in use.
| QMMM:
| QMMM: Timing diagonalization routines:
| QMMM:                              norbs =       70
| QMMM:    diag iterations used for timing =       15
| QMMM:
| QMMM:              Internal diag routine = 0.030465 seconds
| QMMM:                 Dspev diag routine = 0.037859 seconds
| QMMM:                Dspevd diag routine = 0.006731 seconds
| QMMM:                Dspevx diag routine = 0.034335 seconds
| QMMM:                 Dsyev diag routine = 0.007967 seconds
| QMMM:                Dsyevd diag routine = 0.008599 seconds
| QMMM:                Dsyevr diag routine = 0.007987 seconds
| QMMM:
| QMMM:                Pseudo diag routine = 0.002353 seconds
| QMMM:
| QMMM: Using dspevd routine (diag_routine=3).

  QMMM: QM Region Cartesian Coordinates (*=link atom) 
  QMMM: QM_NO.   MM_NO.  ATOM         X         Y         Z
  QMMM:     1        1      C       -5.5940   -3.2690   -3.6070
  QMMM:     2        2      C       -6.5310   -2.7250   -1.4480
  QMMM:     3        3      C       -6.8590   -3.1600   -4.1830
  QMMM:     4        4      C       -7.7960   -2.6160   -2.0240
  QMMM:     5        5      C       -5.4290   -3.0510   -2.2390
  QMMM:     6        6      C       -7.9610   -2.8340   -3.3920
  QMMM:     7        7      C       -4.0820   -3.1660   -1.6250
  QMMM:     8        8      C       -2.1120   -2.3900    4.1560
  QMMM:     9        9      C       -1.8650   -2.7390    2.6970
  QMMM:    10       10      C       -3.1550   -2.6880    1.8840
  QMMM:    11       11      C       -2.9050   -2.9950    0.4140
  QMMM:    12       12      O       -3.0790   -3.4480   -2.2610
  QMMM:    13       13      O       -9.1950   -2.7290   -3.9540
  QMMM:    14       14      O       -4.1380   -2.9160   -0.2880
  QMMM:    15       15      H       -4.7430   -3.5250   -4.2330
  QMMM:    16       16      H       -6.4140   -2.5530   -0.3810
  QMMM:    17       17      H       -6.9810   -3.3310   -5.2500
  QMMM:    18       18      H       -8.6500   -2.3620   -1.4020
  QMMM:    19       19      H       -2.8410   -3.0730    4.6050
  QMMM:    20       20      H       -1.1850   -2.4470    4.7360
  QMMM:    21       21      H       -2.5040   -1.3720    4.2410
  QMMM:    22       22      H       -1.1330   -2.0390    2.2790
  QMMM:    23       23      H       -1.4260   -3.7420    2.6370
  QMMM:    24       24      H       -3.8860   -3.4010    2.2840
  QMMM:    25       25      H       -3.6220   -1.6990    1.9740
  QMMM:    26       26      H       -2.2090   -2.2720   -0.0230
  QMMM:    27       27      H       -2.4970   -4.0030    0.2890
  QMMM:    28       28      H       -9.8540   -2.4970   -3.2800

--------------------------------------------------------------------------------
  RESULTS
--------------------------------------------------------------------------------

      iter         sqm energy              rms gradient
      ----    -------------------    -----------------------
xmin    10     -125.5710 kcal/mol        0.1163 kcal/(mol*A)
xmin    20     -125.6236 kcal/mol        0.0976 kcal/(mol*A)
xmin    30     -125.6290 kcal/mol        0.0378 kcal/(mol*A)
xmin    40     -125.6294 kcal/mol        0.0126 kcal/(mol*A)
xmin    50     -125.6295 kcal/mol        0.0016 kcal/(mol*A)
xmin    60     -125.6295 kcal/mol        0.0037 kcal/(mol*A)
xmin    70     -125.6296 kcal/mol        0.0035 kcal/(mol*A)
xmin    80     -125.6296 kcal/mol        0.0014 kcal/(mol*A)
xmin    90     -125.6297 kcal/mol        0.0028 kcal/(mol*A)
xmin   100     -125.6297 kcal/mol        0.0016 kcal/(mol*A)
xmin   110     -125.6297 kcal/mol        0.0029 kcal/(mol*A)
  ... geometry converged !
 
 Final MO eigenvalues (eV):
 -41.1148  -40.2377  -37.9253  -37.0662  -35.6707  -32.0539  -31.5699  -30.0232
 -25.5473  -24.0246  -23.8459  -21.9921  -21.6034  -19.4278  -18.4485  -17.9652
 -17.3692  -16.8953  -15.9195  -15.7830  -15.4146  -15.0802  -14.7891  -14.5584
 -14.4222  -14.2024  -13.6198  -13.1174  -12.9359  -12.5296  -12.3378  -12.2228
 -12.0611  -11.5617  -11.2648  -11.1659  -10.2068   -9.5126   -0.3665    0.1151
   1.5454    1.9865    2.6357    2.6359    3.4154    3.4982    3.5813    3.6156
   3.8953    3.9502    4.0255    4.0754    4.1522    4.2798    4.4012    4.4961
   4.6247    4.6889    4.7328    4.7892    4.8016    4.9366    4.9634    5.0388
   5.1041    5.2010    5.4217    5.6134    5.9373    6.8844

 Heat of formation   =       -125.62966700 kcal/mol  (       -5.44771116 eV)

 Total SCF energy    =     -59109.08308159 kcal/mol  (    -2563.16218211 eV)
 Electronic energy   =    -309321.20511440 kcal/mol  (   -13413.17397834 eV)
 Core-core repulsion =     250212.12203281 kcal/mol  (    10850.01179623 eV)
 
    Atomic Charges for Step       1 :
  Atom    Element       Mulliken Charge
     1      C                 -0.039
     2      C                 -0.029
     3      C                 -0.175
     4      C                 -0.235
     5      C                 -0.153
     6      C                  0.113
     7      C                  0.353
     8      C                 -0.210
     9      C                 -0.158
    10      C                 -0.165
    11      C                 -0.009
    12      O                 -0.361
    13      O                 -0.245
    14      O                 -0.282
    15      H                  0.161
    16      H                  0.157
    17      H                  0.158
    18      H                  0.140
    19      H                  0.074
    20      H                  0.075
    21      H                  0.074
    22      H                  0.082
    23      H                  0.082
    24      H                  0.093
    25      H                  0.093
    26      H                  0.093
    27      H                  0.092
    28      H                  0.223
 Total Mulliken Charge =       0.000
 
                  X        Y        Z     TOTAL  
  QM DIPOLE    -2.214    0.729    1.909    3.013
 
 Final Structure

  QMMM: QM Region Cartesian Coordinates (*=link atom) 
  QMMM: QM_NO.   MM_NO.  ATOM         X         Y         Z
  QMMM:     1        1      C       -5.6058   -3.2679   -3.5606
  QMMM:     2        2      C       -6.6299   -2.6994   -1.4317
  QMMM:     3        3      C       -6.8389   -3.1777   -4.1918
  QMMM:     4        4      C       -7.8726   -2.6052   -2.0501
  QMMM:     5        5      C       -5.4948   -3.0299   -2.1810
  QMMM:     6        6      C       -7.9737   -2.8448   -3.4294
  QMMM:     7        7      C       -4.1704   -3.1371   -1.5588
  QMMM:     8        8      C       -2.0565   -2.4259    4.1395
  QMMM:     9        9      C       -1.8353   -2.7377    2.6820
  QMMM:    10       10      C       -3.1303   -2.6644    1.9021
  QMMM:    11       11      C       -2.8792   -2.9816    0.4402
  QMMM:    12       12      O       -3.0975   -3.4196   -2.1023
  QMMM:    13       13      O       -9.1643   -2.7706   -4.1079
  QMMM:    14       14      O       -4.1587   -2.8874   -0.2112
  QMMM:    15       15      H       -4.7012   -3.5273   -4.1362
  QMMM:    16       16      H       -6.5338   -2.5142   -0.3493
  QMMM:    17       17      H       -6.9440   -3.3608   -5.2704
  QMMM:    18       18      H       -8.7659   -2.3460   -1.4649
  QMMM:    19       19      H       -2.7727   -3.1524    4.5943
  QMMM:    20       20      H       -1.0914   -2.4848    4.6982
  QMMM:    21       21      H       -2.4745   -1.3977    4.2641
  QMMM:    22       22      H       -1.0954   -2.0133    2.2491
  QMMM:    23       23      H       -1.3928   -3.7639    2.5784
  QMMM:    24       24      H       -3.8751   -3.3905    2.3203
  QMMM:    25       25      H       -3.5781   -1.6406    1.9916
  QMMM:    26       26      H       -2.1770   -2.2471   -0.0331
  QMMM:    27       27      H       -2.4770   -4.0184    0.2996
  QMMM:    28       28      H       -9.8593   -2.5358   -3.4747

           --------- Calculation Completed ----------

