            --------------------------------------------------------
                             AMBER SQM VERSION 19
 
                                     By
              Ross C. Walker, Michael F. Crowley, Scott Brozell,
                         Tim Giese, Andreas W. Goetz,
                        Tai-Sung Lee and David A. Case
 
            --------------------------------------------------------
 

--------------------------------------------------------------------------------
  QM CALCULATION INFO
--------------------------------------------------------------------------------

| QMMM: Citation for AMBER QMMM Run:
| QMMM: R.C. Walker, M.F. Crowley and D.A. Case, J. COMP. CHEM. 29:1019, 2008

QMMM: SINGLET STATE CALCULATION
QMMM: RHF CALCULATION, NO. OF DOUBLY OCCUPIED LEVELS =  7

| QMMM: *** Selected Hamiltonian *** 
| QMMM: AM1         

| QMMM: *** Parameter sets in use ***
| QMMM: C : M.J.S.DEWAR et al. JACS, 107, 3902, (1985)
| QMMM: N : M.J.S.DEWAR et al. JACS, 107, 3902, (1985)
| QMMM: H : M.J.S.DEWAR et al. JACS, 107, 3902, (1985)

| QMMM: *** SCF convergence criteria ***
| QMMM: Energy change                :  0.1D-09 kcal/mol
| QMMM: Error matrix |FP-PF|         :  0.1D+00 au
| QMMM: Density matrix change        :  0.5D-06
| QMMM: Maximum number of SCF cycles :     1000

| QMMM: *** Diagonalization Routine Information ***
| QMMM: Pseudo diagonalizations are allowed.
| QMMM: Auto diagonalization routine selection is in use.
| QMMM:
| QMMM: Timing diagonalization routines:
| QMMM:                              norbs =       13
| QMMM:    diag iterations used for timing =       20
| QMMM:
| QMMM:              Internal diag routine = 0.000267 seconds
| QMMM:                 Dspev diag routine = 0.000538 seconds
| QMMM:                Dspevd diag routine = 0.000427 seconds
| QMMM:                Dspevx diag routine = 0.001161 seconds
| QMMM:                 Dsyev diag routine = 0.009862 seconds
| QMMM:                Dsyevd diag routine = 0.000425 seconds
| QMMM:                Dsyevr diag routine = 0.000576 seconds
| QMMM:
| QMMM:                Pseudo diag routine = 0.000052 seconds
| QMMM:
| QMMM: Using internal diagonalization routine (diag_routine=1).

  QMMM: QM Region Cartesian Coordinates (*=link atom) 
  QMMM: QM_NO.   MM_NO.  ATOM         X         Y         Z
  QMMM:     1        1      C       -0.7670   -0.6850    0.3710
  QMMM:     2        2      N       -1.8450   -0.8010   -0.5950
  QMMM:     3        3      H       -1.1440   -0.3070    1.3250
  QMMM:     4        4      H        0.0000    0.0000    0.0000
  QMMM:     5        5      H       -0.3040   -1.6620    0.5390
  QMMM:     6        6      H       -2.2870    0.1080   -0.7200
  QMMM:     7        7      H       -2.5670   -1.4190   -0.2250

--------------------------------------------------------------------------------
  RESULTS
--------------------------------------------------------------------------------

      iter         sqm energy              rms gradient
      ----    -------------------    -----------------------
xmin    10       -7.4203 kcal/mol        0.0022 kcal/(mol*A)
  ... geometry converged !
 
 Final MO eigenvalues (eV):
 -35.3791  -25.3552  -17.0678  -15.5827  -14.0413  -12.4709   -9.7554    3.8125
   4.2261    4.2858    4.7939    6.2309    6.2783

 Heat of formation   =         -7.42028960 kcal/mol  (       -0.32176790 eV)

 Total SCF energy    =      -9319.74329159 kcal/mol  (     -404.13439537 eV)
 Electronic energy   =     -22989.97008794 kcal/mol  (     -996.91991188 eV)
 Core-core repulsion =      13670.22679635 kcal/mol  (      592.78551651 eV)
 
    Atomic Charges for Step       1 :
  Atom    Element       Mulliken Charge
     1      C                 -0.129
     2      N                 -0.351
     3      H                  0.031
     4      H                  0.082
     5      H                  0.082
     6      H                  0.143
     7      H                  0.143
 Total Mulliken Charge =      -0.000
 
                  X        Y        Z     TOTAL  
  QM DIPOLE    -0.578    0.517    1.278    1.495
 
 Final Structure

  QMMM: QM Region Cartesian Coordinates (*=link atom) 
  QMMM: QM_NO.   MM_NO.  ATOM         X         Y         Z
  QMMM:     1        1      C       -0.7898   -0.6802    0.3818
  QMMM:     2        2      N       -1.8521   -0.7887   -0.5728
  QMMM:     3        3      H       -1.1107   -0.2970    1.3908
  QMMM:     4        4      H       -0.0069    0.0165   -0.0197
  QMMM:     5        5      H       -0.3245   -1.6910    0.5278
  QMMM:     6        6      H       -2.2731    0.1009   -0.7512
  QMMM:     7        7      H       -2.5570   -1.4265   -0.2617

           --------- Calculation Completed ----------

