            --------------------------------------------------------
                             AMBER SQM VERSION 19
 
                                     By
              Ross C. Walker, Michael F. Crowley, Scott Brozell,
                         Tim Giese, Andreas W. Goetz,
                        Tai-Sung Lee and David A. Case
 
            --------------------------------------------------------
 

--------------------------------------------------------------------------------
  QM CALCULATION INFO
--------------------------------------------------------------------------------

| QMMM: Citation for AMBER QMMM Run:
| QMMM: R.C. Walker, M.F. Crowley and D.A. Case, J. COMP. CHEM. 29:1019, 2008

QMMM: SINGLET STATE CALCULATION
QMMM: RHF CALCULATION, NO. OF DOUBLY OCCUPIED LEVELS = 34

| QMMM: *** Selected Hamiltonian *** 
| QMMM: AM1         

| QMMM: *** Parameter sets in use ***
| QMMM: C : M.J.S.DEWAR et al. JACS, 107, 3902, (1985)
| QMMM: O : M.J.S.DEWAR et al. JACS, 107, 3902, (1985)
| QMMM: H : M.J.S.DEWAR et al. JACS, 107, 3902, (1985)

| QMMM: *** SCF convergence criteria ***
| QMMM: Energy change                :  0.1D-09 kcal/mol
| QMMM: Error matrix |FP-PF|         :  0.1D+00 au
| QMMM: Density matrix change        :  0.5D-06
| QMMM: Maximum number of SCF cycles :     1000

| QMMM: *** Diagonalization Routine Information ***
| QMMM: Pseudo diagonalizations are allowed.
| QMMM: Auto diagonalization routine selection is in use.
| QMMM:
| QMMM: Timing diagonalization routines:
| QMMM:                              norbs =       66
| QMMM:    diag iterations used for timing =       15
| QMMM:
| QMMM:              Internal diag routine = 0.025470 seconds
| QMMM:                 Dspev diag routine = 0.017180 seconds
| QMMM:                Dspevd diag routine = 0.011415 seconds
| QMMM:                Dspevx diag routine = 0.053596 seconds
| QMMM:                 Dsyev diag routine = 0.007788 seconds
| QMMM:                Dsyevd diag routine = 0.009754 seconds
| QMMM:                Dsyevr diag routine = 0.010470 seconds
| QMMM:
| QMMM:                Pseudo diag routine = 0.002025 seconds
| QMMM:
| QMMM: Using dsyev routine (diag_routine=5).

  QMMM: QM Region Cartesian Coordinates (*=link atom) 
  QMMM: QM_NO.   MM_NO.  ATOM         X         Y         Z
  QMMM:     1        1      C       -2.9630    2.3590    0.3760
  QMMM:     2        2      C       -3.3900    2.1890   -1.0730
  QMMM:     3        3      C       -3.3850    0.7180   -1.4890
  QMMM:     4        4      C       -3.8480    0.5480   -2.9380
  QMMM:     5        5      C       -3.8780   -0.9290   -3.3390
  QMMM:     6        6      C       -4.4030   -1.1640   -4.7580
  QMMM:     7        7      C       -4.5030   -2.6440   -5.1330
  QMMM:     8        8      C       -5.0040   -2.8200   -6.5690
  QMMM:     9        9      C       -5.1330   -4.3010   -6.9350
  QMMM:    10       10      C       -5.6610   -4.5000   -8.3510
  QMMM:    11       11      O       -5.7440   -5.8870   -8.6460
  QMMM:    12       12      H       -1.9490    1.9780    0.5330
  QMMM:    13       13      H       -3.6400    1.8250    1.0500
  QMMM:    14       14      H       -2.9740    3.4180    0.6530
  QMMM:    15       15      H       -4.3940    2.6090   -1.2040
  QMMM:    16       16      H       -2.7120    2.7610   -1.7170
  QMMM:    17       17      H       -2.3740    0.3070   -1.3760
  QMMM:    18       18      H       -4.0430    0.1470   -0.8230
  QMMM:    19       19      H       -3.1710    1.1030   -3.5970
  QMMM:    20       20      H       -4.8480    0.9820   -3.0570
  QMMM:    21       21      H       -2.8740   -1.3600   -3.2420
  QMMM:    22       22      H       -4.5250   -1.4760   -2.6420
  QMMM:    23       23      H       -3.7620   -0.6420   -5.4790
  QMMM:    24       24      H       -5.3980   -0.7080   -4.8330
  QMMM:    25       25      H       -5.1870   -3.1530   -4.4420
  QMMM:    26       26      H       -3.5230   -3.1240   -5.0340
  QMMM:    27       27      H       -4.3080   -2.3300   -7.2610
  QMMM:    28       28      H       -5.9740   -2.3220   -6.6800
  QMMM:    29       29      H       -4.1560   -4.7900   -6.8460
  QMMM:    30       30      H       -5.8140   -4.7840   -6.2230
  QMMM:    31       31      H       -4.9830   -4.0350   -9.0720
  QMMM:    32       32      H       -6.6550   -4.0550   -8.4650
  QMMM:    33       33      H       -6.5210   -6.0070   -9.2160

--------------------------------------------------------------------------------
  RESULTS
--------------------------------------------------------------------------------

      iter         sqm energy              rms gradient
      ----    -------------------    -----------------------
xmin    10     -117.5086 kcal/mol        0.1409 kcal/(mol*A)
xmin    20     -117.5720 kcal/mol        0.0954 kcal/(mol*A)
xmin    30     -117.5824 kcal/mol        0.1297 kcal/(mol*A)
xmin    40     -117.5947 kcal/mol        0.0809 kcal/(mol*A)
xmin    50     -117.5993 kcal/mol        0.0193 kcal/(mol*A)
xmin    60     -117.5996 kcal/mol        0.0086 kcal/(mol*A)
xmin    70     -117.5996 kcal/mol        0.0017 kcal/(mol*A)
  ... geometry converged !
 
 Final MO eigenvalues (eV):
 -38.5184  -37.6729  -36.1363  -33.8646  -31.0569  -28.0099  -25.0690  -22.6796
 -21.8775  -21.3924  -21.2822  -18.1348  -17.1008  -16.5574  -15.7092  -15.4318
 -15.0613  -14.6684  -14.4715  -13.9708  -13.5765  -13.4366  -12.6351  -12.5956
 -12.5391  -12.0274  -11.8775  -11.8677  -11.6877  -11.4063  -11.2398  -11.1792
 -11.1012  -10.8495    3.3315    3.6172    3.7157    3.7379    3.9080    4.0510
   4.1091    4.1581    4.1694    4.2665    4.3406    4.4504    4.4851    4.6045
   4.6094    4.6955    4.7331    4.7825    4.8496    4.9020    4.9992    5.0381
   5.0556    5.0973    5.2003    5.2074    5.2149    5.2401    5.2993    5.3369
   5.3709    6.2830

 Heat of formation   =       -117.59958863 kcal/mol  (       -5.09950083 eV)

 Total SCF energy    =     -43965.08994072 kcal/mol  (    -1906.46936129 eV)
 Electronic energy   =    -237058.80015710 kcal/mol  (   -10279.64095907 eV)
 Core-core repulsion =     193093.71021638 kcal/mol  (     8373.17159778 eV)
 
    Atomic Charges for Step       1 :
  Atom    Element       Mulliken Charge
     1      C                 -0.210
     2      C                 -0.159
     3      C                 -0.158
     4      C                 -0.158
     5      C                 -0.158
     6      C                 -0.158
     7      C                 -0.157
     8      C                 -0.157
     9      C                 -0.163
    10      C                 -0.019
    11      O                 -0.329
    12      H                  0.072
    13      H                  0.072
    14      H                  0.072
    15      H                  0.078
    16      H                  0.078
    17      H                  0.079
    18      H                  0.079
    19      H                  0.078
    20      H                  0.078
    21      H                  0.079
    22      H                  0.079
    23      H                  0.079
    24      H                  0.079
    25      H                  0.081
    26      H                  0.081
    27      H                  0.079
    28      H                  0.079
    29      H                  0.095
    30      H                  0.095
    31      H                  0.059
    32      H                  0.059
    33      H                  0.197
 Total Mulliken Charge =       0.000
 
                  X        Y        Z     TOTAL  
  QM DIPOLE    -0.309    1.288   -0.730    1.513
 
 Final Structure

  QMMM: QM Region Cartesian Coordinates (*=link atom) 
  QMMM: QM_NO.   MM_NO.  ATOM         X         Y         Z
  QMMM:     1        1      C       -2.8565    2.3370    0.2702
  QMMM:     2        2      C       -3.3495    2.1486   -1.1412
  QMMM:     3        3      C       -3.4225    0.6829   -1.5134
  QMMM:     4        4      C       -3.9183    0.4985   -2.9315
  QMMM:     5        5      C       -3.9912   -0.9672   -3.3019
  QMMM:     6        6      C       -4.4874   -1.1516   -4.7201
  QMMM:     7        7      C       -4.5612   -2.6176   -5.0896
  QMMM:     8        8      C       -5.0579   -2.8018   -6.5076
  QMMM:     9        9      C       -5.1314   -4.2676   -6.8726
  QMMM:    10       10      C       -5.6314   -4.4390   -8.2966
  QMMM:    11       11      O       -5.6717   -5.8332   -8.5591
  QMMM:    12       12      H       -1.8348    1.9026    0.3924
  QMMM:    13       13      H       -3.5393    1.8339    0.9970
  QMMM:    14       14      H       -2.8103    3.4235    0.5237
  QMMM:    15       15      H       -4.3653    2.6128   -1.2507
  QMMM:    16       16      H       -2.6654    2.6812   -1.8537
  QMMM:    17       17      H       -2.4074    0.2175   -1.4061
  QMMM:    18       18      H       -4.1073    0.1490   -0.8028
  QMMM:    19       19      H       -3.2333    1.0324   -3.6418
  QMMM:    20       20      H       -4.9333    0.9645   -3.0386
  QMMM:    21       21      H       -2.9762   -1.4332   -3.1951
  QMMM:    22       22      H       -4.6761   -1.5011   -2.5915
  QMMM:    23       23      H       -3.8020   -0.6184   -5.4305
  QMMM:    24       24      H       -5.5020   -0.6849   -4.8271
  QMMM:    25       25      H       -5.2465   -3.1509   -4.3791
  QMMM:    26       26      H       -3.5465   -3.0844   -4.9831
  QMMM:    27       27      H       -4.3719   -2.2691   -7.2181
  QMMM:    28       28      H       -6.0724   -2.3343   -6.6140
  QMMM:    29       29      H       -4.1209   -4.7434   -6.7765
  QMMM:    30       30      H       -5.8196   -4.8086   -6.1723
  QMMM:    31       31      H       -4.9391   -3.9332   -9.0225
  QMMM:    32       32      H       -6.6585   -3.9986   -8.4110
  QMMM:    33       33      H       -5.9898   -5.9333   -9.4633

           --------- Calculation Completed ----------

