            --------------------------------------------------------
                             AMBER SQM VERSION 19
 
                                     By
              Ross C. Walker, Michael F. Crowley, Scott Brozell,
                         Tim Giese, Andreas W. Goetz,
                        Tai-Sung Lee and David A. Case
 
            --------------------------------------------------------
 

--------------------------------------------------------------------------------
  QM CALCULATION INFO
--------------------------------------------------------------------------------

| QMMM: Citation for AMBER QMMM Run:
| QMMM: R.C. Walker, M.F. Crowley and D.A. Case, J. COMP. CHEM. 29:1019, 2008

QMMM: SINGLET STATE CALCULATION
QMMM: RHF CALCULATION, NO. OF DOUBLY OCCUPIED LEVELS = 46

| QMMM: *** Selected Hamiltonian *** 
| QMMM: AM1         

| QMMM: *** Parameter sets in use ***
| QMMM: C : M.J.S.DEWAR et al. JACS, 107, 3902, (1985)
| QMMM: O : M.J.S.DEWAR et al. JACS, 107, 3902, (1985)
| QMMM: F : M.J.S.DEWAR et al. THEOCHEM, 180, 1, (1988)
| QMMM: H : M.J.S.DEWAR et al. JACS, 107, 3902, (1985)

| QMMM: *** SCF convergence criteria ***
| QMMM: Energy change                :  0.1D-09 kcal/mol
| QMMM: Error matrix |FP-PF|         :  0.1D+00 au
| QMMM: Density matrix change        :  0.5D-06
| QMMM: Maximum number of SCF cycles :     1000

| QMMM: *** Diagonalization Routine Information ***
| QMMM: Pseudo diagonalizations are allowed.
| QMMM: Auto diagonalization routine selection is in use.
| QMMM:
| QMMM: Timing diagonalization routines:
| QMMM:                              norbs =       85
| QMMM:    diag iterations used for timing =       15
| QMMM:
| QMMM:              Internal diag routine = 0.038082 seconds
| QMMM:                 Dspev diag routine = 0.029143 seconds
| QMMM:                Dspevd diag routine = 0.016995 seconds
| QMMM:                Dspevx diag routine = 0.054739 seconds
| QMMM:                 Dsyev diag routine = 0.022842 seconds
| QMMM:                Dsyevd diag routine = 0.664892 seconds
| QMMM:                Dsyevr diag routine = 0.065867 seconds
| QMMM:
| QMMM:                Pseudo diag routine = 0.010531 seconds
| QMMM:
| QMMM: Using dspevd routine (diag_routine=3).

  QMMM: QM Region Cartesian Coordinates (*=link atom) 
  QMMM: QM_NO.   MM_NO.  ATOM         X         Y         Z
  QMMM:     1        1      C        1.8850   -1.0360   -0.1130
  QMMM:     2        2      C        1.8400    0.1610    0.6020
  QMMM:     3        3      C        1.8870   -2.2550    0.5670
  QMMM:     4        4      C        1.7980    0.1400    1.9960
  QMMM:     5        5      C        1.8440   -2.2760    1.9610
  QMMM:     6        6      C        0.6750   -0.5260    4.7900
  QMMM:     7        7      C        0.6270   -0.5450    6.1840
  QMMM:     8        8      C        2.7410   -1.7140    6.2410
  QMMM:     9        9      C        1.8000   -1.0790    2.6760
  QMMM:    10       10      C        1.7550   -1.1010    4.1220
  QMMM:    11       11      C        1.6600   -1.1390    6.9100
  QMMM:    12       12      C        2.7890   -1.6940    4.8470
  QMMM:    13       13      C        1.5430   -2.5810    8.9680
  QMMM:    14       14      C        2.7760   -0.4040    9.0700
  QMMM:    15       15      C        1.6100   -1.1590    8.4000
  QMMM:    16       16      O        1.5540   -3.5980    8.2870
  QMMM:    17       17      O        1.4600   -2.6100   10.3250
  QMMM:    18       18      F        3.8340   -2.2510    4.2180
  QMMM:    19       19      H        1.9180   -1.0200   -1.1980
  QMMM:    20       20      H        1.8390    1.1090    0.0730
  QMMM:    21       21      H        1.9210   -3.1860    0.0100
  QMMM:    22       22      H        1.7640    1.0810    2.5400
  QMMM:    23       23      H        1.8470   -3.2330    2.4770
  QMMM:    24       24      H       -0.1380   -0.0580    4.2400
  QMMM:    25       25      H       -0.2190   -0.0950    6.6970
  QMMM:    26       26      H        3.5510   -2.1780    6.7970
  QMMM:    27       27      H        3.7460   -0.8360    8.7970
  QMMM:    28       28      H        2.7740    0.6500    8.7720
  QMMM:    29       29      H        2.7110   -0.4420   10.1630
  QMMM:    30       30      H        0.6800   -0.6560    8.7320
  QMMM:    31       31      H        1.4090   -3.5050   10.7230

--------------------------------------------------------------------------------
  RESULTS
--------------------------------------------------------------------------------

      iter         sqm energy              rms gradient
      ----    -------------------    -----------------------
xmin    10      -94.1516 kcal/mol        0.5189 kcal/(mol*A)
xmin    20      -94.9710 kcal/mol        0.5725 kcal/(mol*A)
xmin    30      -95.3050 kcal/mol        0.6370 kcal/(mol*A)
xmin    40      -95.5723 kcal/mol        0.3147 kcal/(mol*A)
xmin    50      -95.7339 kcal/mol        0.3543 kcal/(mol*A)
xmin    60      -95.8640 kcal/mol        0.2464 kcal/(mol*A)
xmin    70      -95.9355 kcal/mol        0.2288 kcal/(mol*A)
xmin    80      -95.9483 kcal/mol        0.0635 kcal/(mol*A)
xmin    90      -95.9507 kcal/mol        0.1284 kcal/(mol*A)
xmin   100      -95.8717 kcal/mol        0.9796 kcal/(mol*A)
xmin   110      -95.9452 kcal/mol        0.1054 kcal/(mol*A)
xmin   120      -95.9521 kcal/mol        0.0324 kcal/(mol*A)
xmin   130      -95.9528 kcal/mol        0.0378 kcal/(mol*A)
xmin   140      -95.9531 kcal/mol        0.0140 kcal/(mol*A)
xmin   150      -95.9532 kcal/mol        0.0059 kcal/(mol*A)
xmin   160      -95.9532 kcal/mol        0.0021 kcal/(mol*A)
xmin   170      -95.9532 kcal/mol        0.0010 kcal/(mol*A)
  ... geometry converged !
 
 Final MO eigenvalues (eV):
 -49.6226  -41.2221  -40.1683  -38.9772  -36.6904  -35.6068  -32.7163  -31.6877
 -31.1984  -29.3281  -26.3992  -24.5539  -24.0789  -22.8697  -22.2029  -21.0533
 -19.1481  -18.4436  -17.9205  -17.7528  -16.9209  -16.8007  -16.4978  -16.3084
 -15.6138  -15.4578  -15.1322  -14.8833  -14.7486  -14.3304  -14.2117  -13.8760
 -13.6571  -13.4739  -13.1459  -12.8609  -12.5824  -12.5120  -12.3979  -12.0499
 -11.8725  -11.4905  -10.4173   -9.8062   -9.7732   -9.1132   -0.4367    0.0813
   0.4574    0.5648    0.9456    2.0163    2.3676    2.8078    3.0051    3.2468
   3.4659    3.5245    3.6620    3.7522    3.8331    3.9182    3.9505    4.0389
   4.0623    4.1141    4.2162    4.3518    4.3599    4.4816    4.6120    4.6426
   4.7570    4.8709    4.9581    5.0380    5.0965    5.1613    5.2272    5.4324
   5.5081    5.5987    5.7465    5.9792    6.5460

 Heat of formation   =        -95.95323354 kcal/mol  (       -4.16084444 eV)

 Total SCF energy    =     -74384.44685066 kcal/mol  (    -3225.55166084 eV)
 Electronic energy   =    -430188.52781235 kcal/mol  (   -18654.37439020 eV)
 Core-core repulsion =     355804.08096169 kcal/mol  (    15428.82272936 eV)
 
    Atomic Charges for Step       1 :
  Atom    Element       Mulliken Charge
     1      C                 -0.122
     2      C                 -0.133
     3      C                 -0.130
     4      C                 -0.115
     5      C                 -0.105
     6      C                 -0.102
     7      C                 -0.132
     8      C                 -0.154
     9      C                 -0.045
    10      C                 -0.058
    11      C                 -0.060
    12      C                  0.102
    13      C                  0.311
    14      C                 -0.210
    15      C                 -0.055
    16      O                 -0.359
    17      O                 -0.314
    18      F                 -0.099
    19      H                  0.133
    20      H                  0.133
    21      H                  0.135
    22      H                  0.133
    23      H                  0.142
    24      H                  0.144
    25      H                  0.139
    26      H                  0.172
    27      H                  0.099
    28      H                  0.092
    29      H                  0.086
    30      H                  0.129
    31      H                  0.244
 Total Mulliken Charge =       0.000
 
                  X        Y        Z     TOTAL  
  QM DIPOLE    -1.732    2.176    0.134    2.785
 
 Final Structure

  QMMM: QM Region Cartesian Coordinates (*=link atom) 
  QMMM: QM_NO.   MM_NO.  ATOM         X         Y         Z
  QMMM:     1        1      C        1.7182   -1.0137   -0.1072
  QMMM:     2        2      C        1.6028    0.1649    0.6300
  QMMM:     3        3      C        1.8702   -2.2325    0.5532
  QMMM:     4        4      C        1.6342    0.1262    2.0221
  QMMM:     5        5      C        1.9065   -2.2762    1.9456
  QMMM:     6        6      C        0.8562   -0.3707    4.8676
  QMMM:     7        7      C        0.8293   -0.3711    6.2580
  QMMM:     8        8      C        2.7003   -1.8985    6.2978
  QMMM:     9        9      C        1.7862   -1.0965    2.6932
  QMMM:    10       10      C        1.7959   -1.1279    4.1544
  QMMM:    11       11      C        1.7547   -1.1333    6.9800
  QMMM:    12       12      C        2.7247   -1.9004    4.8905
  QMMM:    13       13      C        1.7149   -2.5019    9.0356
  QMMM:    14       14      C        2.9484   -0.3656    9.0239
  QMMM:    15       15      C        1.7374   -1.1014    8.4768
  QMMM:    16       16      O        2.5915   -3.3699    9.0211
  QMMM:    17       17      O        0.5472   -2.8204    9.6618
  QMMM:    18       18      F        3.6612   -2.6512    4.2627
  QMMM:    19       19      H        1.6916   -0.9813   -1.2061
  QMMM:    20       20      H        1.4879    1.1285    0.1123
  QMMM:    21       21      H        1.9638   -3.1640   -0.0243
  QMMM:    22       22      H        1.5476    1.0587    2.5998
  QMMM:    23       23      H        2.0371   -3.2383    2.4646
  QMMM:    24       24      H        0.1206    0.2296    4.3087
  QMMM:    25       25      H        0.0749    0.2292    6.7888
  QMMM:    26       26      H        3.4251   -2.5148    6.8565
  QMMM:    27       27      H        3.8870   -0.9066    8.7505
  QMMM:    28       28      H        2.9876    0.6652    8.5976
  QMMM:    29       29      H        2.8851   -0.2944   10.1362
  QMMM:    30       30      H        0.8003   -0.5762    8.8256
  QMMM:    31       31      H        0.5926   -3.7314    9.9965

           --------- Calculation Completed ----------

