            --------------------------------------------------------
                             AMBER SQM VERSION 19
 
                                     By
              Ross C. Walker, Michael F. Crowley, Scott Brozell,
                         Tim Giese, Andreas W. Goetz,
                        Tai-Sung Lee and David A. Case
 
            --------------------------------------------------------
 

--------------------------------------------------------------------------------
  QM CALCULATION INFO
--------------------------------------------------------------------------------

| QMMM: Citation for AMBER QMMM Run:
| QMMM: R.C. Walker, M.F. Crowley and D.A. Case, J. COMP. CHEM. 29:1019, 2008

QMMM: SINGLET STATE CALCULATION
QMMM: RHF CALCULATION, NO. OF DOUBLY OCCUPIED LEVELS = 24

| QMMM: *** Selected Hamiltonian *** 
| QMMM: AM1         

| QMMM: *** Parameter sets in use ***
| QMMM: C : M.J.S.DEWAR et al. JACS, 107, 3902, (1985)
| QMMM: H : M.J.S.DEWAR et al. JACS, 107, 3902, (1985)

| QMMM: *** SCF convergence criteria ***
| QMMM: Energy change                :  0.1D-09 kcal/mol
| QMMM: Error matrix |FP-PF|         :  0.1D+00 au
| QMMM: Density matrix change        :  0.5D-06
| QMMM: Maximum number of SCF cycles :     1000

| QMMM: *** Diagonalization Routine Information ***
| QMMM: Pseudo diagonalizations are allowed.
| QMMM: Auto diagonalization routine selection is in use.
| QMMM:
| QMMM: Timing diagonalization routines:
| QMMM:                              norbs =       48
| QMMM:    diag iterations used for timing =       20
| QMMM:
| QMMM:              Internal diag routine = 0.014717 seconds
| QMMM:                 Dspev diag routine = 0.006365 seconds
| QMMM:                Dspevd diag routine = 0.011219 seconds
| QMMM:                Dspevx diag routine = 0.035813 seconds
| QMMM:                 Dsyev diag routine = 0.007172 seconds
| QMMM:                Dsyevd diag routine = 0.006775 seconds
| QMMM:                Dsyevr diag routine = 0.006294 seconds
| QMMM:
| QMMM:                Pseudo diag routine = 0.004322 seconds
| QMMM:
| QMMM: Using dsyevr routine (diag_routine=7).

  QMMM: QM Region Cartesian Coordinates (*=link atom) 
  QMMM: QM_NO.   MM_NO.  ATOM         X         Y         Z
  QMMM:     1        1      C        1.8850   -1.0380   -0.1090
  QMMM:     2        2      C        0.8180   -0.4410    0.5630
  QMMM:     3        3      C        2.9350   -1.6040    0.6140
  QMMM:     4        4      C        0.8010   -0.4100    1.9570
  QMMM:     5        5      C        2.9180   -1.5730    2.0080
  QMMM:     6        6      C        1.8510   -0.9770    2.6800
  QMMM:     7        7      C       -0.3530    0.2340    2.6520
  QMMM:     8        8      C        4.0550   -2.1870    2.7590
  QMMM:     9        9      C        1.8330   -0.9440    4.1750
  QMMM:    10       10      H        1.8970   -1.0620   -1.1950
  QMMM:    11       11      H        0.0040   -0.0030   -0.0100
  QMMM:    12       12      H        3.7610   -2.0670    0.0810
  QMMM:    13       13      H       -0.3030    0.0420    3.7300
  QMMM:    14       14      H       -0.3570    1.3190    2.4910
  QMMM:    15       15      H       -1.3090   -0.1480    2.2720
  QMMM:    16       16      H        4.5590   -1.4300    3.3700
  QMMM:    17       17      H        3.7060   -2.9930    3.4160
  QMMM:    18       18      H        4.7890   -2.6290    2.0730
  QMMM:    19       19      H        2.7350   -0.4520    4.5530
  QMMM:    20       20      H        0.9550   -0.4030    4.5470
  QMMM:    21       21      H        1.7840   -1.9580    4.5910

--------------------------------------------------------------------------------
  RESULTS
--------------------------------------------------------------------------------

      iter         sqm energy              rms gradient
      ----    -------------------    -----------------------
xmin    10        2.2948 kcal/mol        1.2811 kcal/(mol*A)
xmin    20        1.7446 kcal/mol        2.6073 kcal/(mol*A)
xmin    30        1.2144 kcal/mol        0.9224 kcal/(mol*A)
xmin    40        1.1110 kcal/mol        0.2493 kcal/(mol*A)
xmin    50        1.0751 kcal/mol        0.2595 kcal/(mol*A)
xmin    60        1.0615 kcal/mol        0.0552 kcal/(mol*A)
xmin    70        1.0606 kcal/mol        0.0172 kcal/(mol*A)
xmin    80        1.0604 kcal/mol        0.0072 kcal/(mol*A)
xmin    90        1.0604 kcal/mol        0.0231 kcal/(mol*A)
xmin   100        1.0603 kcal/mol        0.0165 kcal/(mol*A)
xmin   110        1.0602 kcal/mol        0.0024 kcal/(mol*A)
xmin   120        1.0602 kcal/mol        0.0125 kcal/(mol*A)
xmin   130        1.0602 kcal/mol        0.0127 kcal/(mol*A)
xmin   140        1.0602 kcal/mol        0.0063 kcal/(mol*A)
xmin   150        1.0602 kcal/mol        0.0035 kcal/(mol*A)
xmin   160        1.0601 kcal/mol        0.0071 kcal/(mol*A)
xmin   170        1.0601 kcal/mol        0.0076 kcal/(mol*A)
xmin   180        1.0601 kcal/mol        0.0019 kcal/(mol*A)
xmin   190        1.0601 kcal/mol        0.0012 kcal/(mol*A)
xmin   200        1.0601 kcal/mol        0.0032 kcal/(mol*A)
xmin   210        1.0601 kcal/mol        0.0013 kcal/(mol*A)
  ... geometry converged !
 
 Final MO eigenvalues (eV):
 -39.9151  -34.2252  -33.7902  -29.3300  -27.1174  -26.5006  -21.4481  -21.3134
 -16.7275  -16.5389  -15.4897  -15.2261  -13.9521  -13.7939  -13.6944  -13.4603
 -13.2984  -13.0871  -12.5257  -12.1745  -11.6973  -11.6151   -9.1684   -9.1393
   0.5656    0.5813    2.8767    3.8934    3.9333    4.0968    4.2247    4.2472
   4.4025    4.4243    4.4892    4.5626    4.7068    4.7755    4.8150    4.8477
   4.8699    4.8880    5.3569    5.3740    5.7305    5.7611    5.8995    6.2520


 Heat of formation   =          1.06009345 kcal/mol  (        0.04596910 eV)

 Total SCF energy    =     -30391.12717202 kcal/mol  (    -1317.85816626 eV)
 Electronic energy   =    -154649.74147212 kcal/mol  (    -6706.11601718 eV)
 Core-core repulsion =     124258.61430010 kcal/mol  (     5388.25785092 eV)
 
    Atomic Charges for Step       1 :
  Atom    Element       Mulliken Charge
     1      C                 -0.129
     2      C                 -0.132
     3      C                 -0.131
     4      C                 -0.066
     5      C                 -0.068
     6      C                 -0.068
     7      C                 -0.178
     8      C                 -0.178
     9      C                 -0.180
    10      H                  0.129
    11      H                  0.129
    12      H                  0.129
    13      H                  0.083
    14      H                  0.084
    15      H                  0.080
    16      H                  0.084
    17      H                  0.083
    18      H                  0.080
    19      H                  0.082
    20      H                  0.082
    21      H                  0.085
 Total Mulliken Charge =       0.000
 
                  X        Y        Z     TOTAL  
  QM DIPOLE     0.001    0.010    0.532    0.532
 
 Final Structure

  QMMM: QM Region Cartesian Coordinates (*=link atom) 
  QMMM: QM_NO.   MM_NO.  ATOM         X         Y         Z
  QMMM:     1        1      C        1.8664   -1.1063   -0.1103
  QMMM:     2        2      C        0.7862   -0.5307    0.5525
  QMMM:     3        3      C        2.9386   -1.6129    0.6193
  QMMM:     4        4      C        0.7695   -0.4513    1.9497
  QMMM:     5        5      C        2.9405   -1.5422    2.0160
  QMMM:     6        6      C        1.8551   -0.9518    2.6892
  QMMM:     7        7      C       -0.4000    0.1600    2.6259
  QMMM:     8        8      C        4.0894   -2.0922    2.7744
  QMMM:     9        9      C        1.8629   -0.8816    4.1703
  QMMM:    10       10      H        1.8719   -1.1633   -1.2085
  QMMM:    11       11      H       -0.0628   -0.1361   -0.0255
  QMMM:    12       12      H        3.7895   -2.0731    0.0953
  QMMM:    13       13      H       -0.8063   -0.5305    3.4068
  QMMM:    14       14      H       -0.1048    1.1184    3.1233
  QMMM:    15       15      H       -1.2173    0.3835    1.8968
  QMMM:    16       16      H        4.6768   -1.2624    3.2432
  QMMM:    17       17      H        3.7316   -2.7703    3.5894
  QMMM:    18       18      H        4.7740   -2.6725    2.1084
  QMMM:    19       19      H        2.8922   -0.6673    4.5532
  QMMM:    20       20      H        1.1825   -0.0808    4.5503
  QMMM:    21       21      H        1.5280   -1.8606    4.5982

           --------- Calculation Completed ----------

