            --------------------------------------------------------
                             AMBER SQM VERSION 19
 
                                     By
              Ross C. Walker, Michael F. Crowley, Scott Brozell,
                         Tim Giese, Andreas W. Goetz,
                        Tai-Sung Lee and David A. Case
 
            --------------------------------------------------------
 

--------------------------------------------------------------------------------
  QM CALCULATION INFO
--------------------------------------------------------------------------------

| QMMM: Citation for AMBER QMMM Run:
| QMMM: R.C. Walker, M.F. Crowley and D.A. Case, J. COMP. CHEM. 29:1019, 2008

QMMM: SINGLET STATE CALCULATION
QMMM: RHF CALCULATION, NO. OF DOUBLY OCCUPIED LEVELS = 41

| QMMM: *** Selected Hamiltonian *** 
| QMMM: AM1         

| QMMM: *** Parameter sets in use ***
| QMMM: C : M.J.S.DEWAR et al. JACS, 107, 3902, (1985)
| QMMM: O : M.J.S.DEWAR et al. JACS, 107, 3902, (1985)
| QMMM: H : M.J.S.DEWAR et al. JACS, 107, 3902, (1985)

| QMMM: *** SCF convergence criteria ***
| QMMM: Energy change                :  0.1D-09 kcal/mol
| QMMM: Error matrix |FP-PF|         :  0.1D+00 au
| QMMM: Density matrix change        :  0.5D-06
| QMMM: Maximum number of SCF cycles :     1000

| QMMM: *** Diagonalization Routine Information ***
| QMMM: Pseudo diagonalizations are allowed.
| QMMM: Auto diagonalization routine selection is in use.
| QMMM:
| QMMM: Timing diagonalization routines:
| QMMM:                              norbs =       78
| QMMM:    diag iterations used for timing =       15
| QMMM:
| QMMM:              Internal diag routine = 0.042107 seconds
| QMMM:                 Dspev diag routine = 0.064732 seconds
| QMMM:                Dspevd diag routine = 0.008293 seconds
| QMMM:                Dspevx diag routine = 0.043606 seconds
| QMMM:                 Dsyev diag routine = 0.010397 seconds
| QMMM:                Dsyevd diag routine = 0.043969 seconds
| QMMM:                Dsyevr diag routine = 0.018248 seconds
| QMMM:
| QMMM:                Pseudo diag routine = 0.008011 seconds
| QMMM:
| QMMM: Using dspevd routine (diag_routine=3).

  QMMM: QM Region Cartesian Coordinates (*=link atom) 
  QMMM: QM_NO.   MM_NO.  ATOM         X         Y         Z
  QMMM:     1        1      C       -0.6110    2.1910   -0.8100
  QMMM:     2        2      C       -2.5150    3.1790    0.3010
  QMMM:     3        3      C       -1.1620    2.5210   -2.0480
  QMMM:     4        4      C       -3.0660    3.5090   -0.9370
  QMMM:     5        5      C       -1.2870    2.5200    0.3650
  QMMM:     6        6      C       -2.3900    3.1800   -2.1110
  QMMM:     7        7      C       -4.3140    2.8250   -3.6930
  QMMM:     8        8      C       -3.1670    5.0500   -3.6450
  QMMM:     9        9      C       -0.6890   -0.3470    1.2670
  QMMM:    10       10      C       -0.4950    0.5290    3.6040
  QMMM:    11       11      C       -0.6900    2.1630    1.7040
  QMMM:    12       12      C       -2.9790    3.5340   -3.4350
  QMMM:    13       13      C       -1.1090    0.7730    2.2230
  QMMM:    14       14      O       -4.8600    2.0690   -2.9000
  QMMM:    15       15      O       -4.8420    3.1110   -4.9130
  QMMM:    16       16      H        0.3460    1.6770   -0.7700
  QMMM:    17       17      H       -3.0490    3.4390    1.2120
  QMMM:    18       18      H       -0.6280    2.2620   -2.9580
  QMMM:    19       19      H       -4.0230    4.0220   -0.9770
  QMMM:    20       20      H       -3.8370    5.4820   -2.8940
  QMMM:    21       21      H       -2.2040    5.5690   -3.5840
  QMMM:    22       22      H       -3.6050    5.2740   -4.6250
  QMMM:    23       23      H        0.3970   -0.3570    1.1210
  QMMM:    24       24      H       -1.1630   -0.2340    0.2880
  QMMM:    25       25      H       -0.9850   -1.3240    1.6620
  QMMM:    26       26      H        0.5980    0.5550    3.5540
  QMMM:    27       27      H       -0.8210    1.2880    4.3230
  QMMM:    28       28      H       -0.7870   -0.4530    3.9910
  QMMM:    29       29      H        0.4050    2.2280    1.6540
  QMMM:    30       30      H       -0.9980    2.9350    2.4220
  QMMM:    31       31      H       -2.2940    3.1890   -4.2340
  QMMM:    32       32      H       -2.2000    0.7360    2.3310
  QMMM:    33       33      H       -5.6940    2.6690   -5.1150

--------------------------------------------------------------------------------
  RESULTS
--------------------------------------------------------------------------------

      iter         sqm energy              rms gradient
      ----    -------------------    -----------------------
xmin    10     -101.5921 kcal/mol        0.8628 kcal/(mol*A)
xmin    20     -102.1576 kcal/mol        0.5524 kcal/(mol*A)
xmin    30     -102.4796 kcal/mol        0.8727 kcal/(mol*A)
xmin    40     -102.8069 kcal/mol        1.2556 kcal/(mol*A)
xmin    50     -103.2914 kcal/mol        0.6693 kcal/(mol*A)
xmin    60     -103.4249 kcal/mol        0.0766 kcal/(mol*A)
xmin    70     -103.4877 kcal/mol        0.0383 kcal/(mol*A)
xmin    80     -103.5053 kcal/mol        0.1695 kcal/(mol*A)
xmin    90     -103.5106 kcal/mol        0.0555 kcal/(mol*A)
xmin   100     -103.5134 kcal/mol        0.0372 kcal/(mol*A)
xmin   110     -103.5143 kcal/mol        0.0136 kcal/(mol*A)
xmin   120     -103.5145 kcal/mol        0.0128 kcal/(mol*A)
xmin   130     -103.5148 kcal/mol        0.0166 kcal/(mol*A)
xmin   140     -103.5149 kcal/mol        0.0142 kcal/(mol*A)
xmin   150     -103.5150 kcal/mol        0.0087 kcal/(mol*A)
xmin   160     -103.5152 kcal/mol        0.0030 kcal/(mol*A)
xmin   170     -103.5152 kcal/mol        0.0257 kcal/(mol*A)
xmin   180     -103.5153 kcal/mol        0.0057 kcal/(mol*A)
xmin   190     -103.5154 kcal/mol        0.0089 kcal/(mol*A)
xmin   200     -103.5155 kcal/mol        0.0033 kcal/(mol*A)
xmin   210     -103.5155 kcal/mol        0.0028 kcal/(mol*A)
xmin   220     -103.5155 kcal/mol        0.0054 kcal/(mol*A)
xmin   230     -103.5155 kcal/mol        0.0036 kcal/(mol*A)
xmin   240     -103.5156 kcal/mol        0.0049 kcal/(mol*A)
xmin   250     -103.5156 kcal/mol        0.0020 kcal/(mol*A)
xmin   260     -103.5156 kcal/mol        0.0021 kcal/(mol*A)
xmin   270     -103.5156 kcal/mol        0.0040 kcal/(mol*A)
xmin   280     -103.5156 kcal/mol        0.0005 kcal/(mol*A)
  ... geometry converged !
 
 Final MO eigenvalues (eV):
 -41.0748  -39.8504  -37.3608  -36.4870  -34.9766  -31.5836  -31.2347  -27.8293
 -27.3219  -25.7680  -23.5675  -22.8016  -20.8975  -20.5668  -18.9713  -17.6609
 -17.2617  -16.4451  -16.1296  -15.7378  -15.3881  -15.1963  -14.7727  -14.4809
 -14.2980  -14.1712  -13.6512  -13.1578  -13.1126  -13.0091  -12.7935  -12.4287
 -12.3380  -12.1872  -11.9684  -11.8726  -11.6699  -11.3893  -11.2890   -9.7628
  -9.4016    0.1973    0.4771    1.0962    2.2066    2.7135    3.4323    3.5676
   3.6807    3.8021    3.8528    3.9298    3.9742    3.9902    4.1914    4.2230
   4.3263    4.3333    4.4465    4.5012    4.5450    4.5993    4.6652    4.7117
   4.7768    4.8569    4.9073    4.9748    5.0703    5.1490    5.2000    5.2202
   5.2947    5.4505    5.5232    5.6638    5.9947    6.6868

 Heat of formation   =       -103.51559327 kcal/mol  (       -4.48877296 eV)

 Total SCF energy    =     -58911.54504019 kcal/mol  (    -2554.59628985 eV)
 Electronic energy   =    -351386.58892908 kcal/mol  (   -15237.26590040 eV)
 Core-core repulsion =     292475.04388889 kcal/mol  (    12682.66961055 eV)
 
    Atomic Charges for Step       1 :
  Atom    Element       Mulliken Charge
     1      C                 -0.131
     2      C                 -0.129
     3      C                 -0.114
     4      C                 -0.112
     5      C                 -0.059
     6      C                 -0.092
     7      C                  0.312
     8      C                 -0.208
     9      C                 -0.210
    10      C                 -0.210
    11      C                 -0.124
    12      C                 -0.052
    13      C                 -0.103
    14      O                 -0.363
    15      O                 -0.315
    16      H                  0.134
    17      H                  0.136
    18      H                  0.132
    19      H                  0.154
    20      H                  0.097
    21      H                  0.091
    22      H                  0.083
    23      H                  0.071
    24      H                  0.080
    25      H                  0.074
    26      H                  0.073
    27      H                  0.072
    28      H                  0.076
    29      H                  0.088
    30      H                  0.090
    31      H                  0.125
    32      H                  0.091
    33      H                  0.242
 Total Mulliken Charge =      -0.000
 
                  X        Y        Z     TOTAL  
  QM DIPOLE     1.731   -0.019   -0.061    1.733
 
 Final Structure

  QMMM: QM Region Cartesian Coordinates (*=link atom) 
  QMMM: QM_NO.   MM_NO.  ATOM         X         Y         Z
  QMMM:     1        1      C       -0.5251    2.3430   -0.9436
  QMMM:     2        2      C       -2.5070    2.9831    0.2759
  QMMM:     3        3      C       -1.1333    2.7296   -2.1363
  QMMM:     4        4      C       -3.1164    3.3704   -0.9138
  QMMM:     5        5      C       -1.2045    2.4677    0.2730
  QMMM:     6        6      C       -2.4319    3.2492   -2.1292
  QMMM:     7        7      C       -4.4246    3.0604   -3.5728
  QMMM:     8        8      C       -3.2056    5.2016   -3.4646
  QMMM:     9        9      C       -0.5689   -0.4175    1.2500
  QMMM:    10       10      C       -0.6830    0.5640    3.5323
  QMMM:    11       11      C       -0.5544    2.0697    1.5516
  QMMM:    12       12      C       -3.0640    3.6904   -3.4117
  QMMM:    13       13      C       -1.0810    0.7392    2.0816
  QMMM:    14       14      O       -5.4692    3.2668   -2.9490
  QMMM:    15       15      O       -4.4866    2.1427   -4.5790
  QMMM:    16       16      H        0.4965    1.9346   -0.9600
  QMMM:    17       17      H       -3.0519    3.0801    1.2271
  QMMM:    18       18      H       -0.5869    2.6233   -3.0856
  QMMM:    19       19      H       -4.1465    3.7645   -0.9097
  QMMM:    20       20      H       -3.8938    5.5548   -2.6584
  QMMM:    21       21      H       -2.2066    5.6783   -3.3215
  QMMM:    22       22      H       -3.6180    5.5163   -4.4530
  QMMM:    23       23      H        0.5365   -0.5265    1.3661
  QMMM:    24       24      H       -0.7960   -0.2458    0.1697
  QMMM:    25       25      H       -1.0534   -1.3702    1.5722
  QMMM:    26       26      H        0.4278    0.5968    3.6415
  QMMM:    27       27      H       -1.1243    1.3745    4.1607
  QMMM:    28       28      H       -1.0469   -0.4199    3.9149
  QMMM:    29       29      H        0.5571    1.9963    1.4134
  QMMM:    30       30      H       -0.7436    2.8680    2.3199
  QMMM:    31       31      H       -2.4236    3.3517   -4.2781
  QMMM:    32       32      H       -2.2063    0.7564    2.0179
  QMMM:    33       33      H       -5.3824    1.7704   -4.6281

           --------- Calculation Completed ----------

