            --------------------------------------------------------
                             AMBER SQM VERSION 19
 
                                     By
              Ross C. Walker, Michael F. Crowley, Scott Brozell,
                         Tim Giese, Andreas W. Goetz,
                        Tai-Sung Lee and David A. Case
 
            --------------------------------------------------------
 

--------------------------------------------------------------------------------
  QM CALCULATION INFO
--------------------------------------------------------------------------------

| QMMM: Citation for AMBER QMMM Run:
| QMMM: R.C. Walker, M.F. Crowley and D.A. Case, J. COMP. CHEM. 29:1019, 2008

QMMM: SINGLET STATE CALCULATION
QMMM: RHF CALCULATION, NO. OF DOUBLY OCCUPIED LEVELS = 44

| QMMM: *** Selected Hamiltonian *** 
| QMMM: AM1         

| QMMM: *** Parameter sets in use ***
| QMMM: C : M.J.S.DEWAR et al. JACS, 107, 3902, (1985)
| QMMM: N : M.J.S.DEWAR et al. JACS, 107, 3902, (1985)
| QMMM: O : M.J.S.DEWAR et al. JACS, 107, 3902, (1985)
| QMMM: S : M.J.S.DEWAR et al. INORG. CHEM., 29, 3881, (1990)
| QMMM: Cl: M.J.S.DEWAR et al. THEOCHEM, 180, 1, (1988)
| QMMM: H : M.J.S.DEWAR et al. JACS, 107, 3902, (1985)

| QMMM: *** SCF convergence criteria ***
| QMMM: Energy change                :  0.1D-09 kcal/mol
| QMMM: Error matrix |FP-PF|         :  0.1D+00 au
| QMMM: Density matrix change        :  0.5D-06
| QMMM: Maximum number of SCF cycles :     1000

| QMMM: *** Diagonalization Routine Information ***
| QMMM: Pseudo diagonalizations are allowed.
| QMMM: Auto diagonalization routine selection is in use.
| QMMM:
| QMMM: Timing diagonalization routines:
| QMMM:                              norbs =       72
| QMMM:    diag iterations used for timing =       15
| QMMM:
| QMMM:              Internal diag routine = 0.015378 seconds
| QMMM:                 Dspev diag routine = 0.029464 seconds
| QMMM:                Dspevd diag routine = 0.015348 seconds
| QMMM:                Dspevx diag routine = 0.045442 seconds
| QMMM:                 Dsyev diag routine = 0.011870 seconds
| QMMM:                Dsyevd diag routine = 0.011467 seconds
| QMMM:                Dsyevr diag routine = 0.010855 seconds
| QMMM:
| QMMM:                Pseudo diag routine = 0.007809 seconds
| QMMM:
| QMMM: Using dsyevr routine (diag_routine=7).

  QMMM: QM Region Cartesian Coordinates (*=link atom) 
  QMMM: QM_NO.   MM_NO.  ATOM         X         Y         Z
  QMMM:     1        1      C        1.6310   -1.0360   -0.8220
  QMMM:     2        2      C        0.8150   -0.6630    0.1850
  QMMM:     3        3      C        3.6380   -3.6700    1.1700
  QMMM:     4        4      C        2.5080   -2.7600    2.9560
  QMMM:     5        5      C        2.7250   -2.0730   -0.6740
  QMMM:     6        6      C        0.9400   -1.1830    1.6020
  QMMM:     7        7      C        2.5190   -2.8380    0.6170
  QMMM:     8        8      C        2.2800   -1.8710    1.7680
  QMMM:     9        9      C        3.2750   -6.2380    3.6090
  QMMM:    10       10      N        3.4080   -3.7240    2.5340
  QMMM:    11       11      O        4.5120   -4.2130    0.5170
  QMMM:    12       12      O        2.0440   -2.5830    4.0700
  QMMM:    13       13      S        4.2770   -4.7120    3.5960
  QMMM:    14       14      Cl       4.0240   -7.4070    4.7460
  QMMM:    15       15      Cl       1.6010   -5.9260    4.1510
  QMMM:    16       16      Cl       3.2170   -6.9950    1.9910
  QMMM:    17       17      H        1.5010   -0.5950   -1.8080
  QMMM:    18       18      H        0.0290    0.0650   -0.0040
  QMMM:    19       19      H        2.6930   -2.7650   -1.5230
  QMMM:    20       20      H        3.7040   -1.5790   -0.6980
  QMMM:    21       21      H        0.8640   -0.3480    2.3080
  QMMM:    22       22      H        0.1080   -1.8630    1.8180
  QMMM:    23       23      H        1.6620   -3.5210    0.4980
  QMMM:    24       24      H        3.0750   -1.1100    1.8030

--------------------------------------------------------------------------------
  RESULTS
--------------------------------------------------------------------------------

      iter         sqm energy              rms gradient
      ----    -------------------    -----------------------
xmin    10      -57.4229 kcal/mol        0.2835 kcal/(mol*A)
xmin    20      -57.4729 kcal/mol        0.1003 kcal/(mol*A)
xmin    30      -57.4789 kcal/mol        0.0284 kcal/(mol*A)
xmin    40      -57.4802 kcal/mol        0.0245 kcal/(mol*A)
xmin    50      -57.4805 kcal/mol        0.0100 kcal/(mol*A)
xmin    60      -57.4806 kcal/mol        0.0045 kcal/(mol*A)
xmin    70      -57.4806 kcal/mol        0.0009 kcal/(mol*A)
  ... geometry converged !
 
 Final MO eigenvalues (eV):
 -42.2544  -39.5196  -38.8853  -38.6318  -37.6137  -37.4818  -36.0239  -32.5446
 -32.2155  -28.6528  -26.4235  -25.8506  -22.8617  -22.1313  -19.8755  -19.7060
 -18.4560  -18.2907  -17.6882  -17.4300  -17.3440  -16.4327  -16.2079  -15.9773
 -15.4462  -15.1646  -14.7140  -14.5357  -13.9491  -13.6015  -13.0491  -12.8737
 -12.7975  -12.6807  -12.5386  -12.4375  -12.0981  -12.0660  -11.9300  -11.6648
 -11.5067  -10.7384  -10.3423   -9.2896   -0.8823   -0.4150    0.0751    0.1076
   0.5057    0.5576    0.5776    0.9321    1.9471    2.4079    2.5425    2.8350
   2.9602    3.2634    3.4272    3.4442    3.5342    3.6589    3.9410    3.9647
   4.0052    4.1682    4.3954    4.4090    4.9003    5.2176    5.7253    5.9153


 Heat of formation   =        -57.48062952 kcal/mol  (       -2.49254714 eV)

 Total SCF energy    =     -78993.70306021 kcal/mol  (    -3425.42400851 eV)
 Electronic energy   =    -417820.64882815 kcal/mol  (   -18118.06291263 eV)
 Core-core repulsion =     338826.94576794 kcal/mol  (    14692.63890412 eV)
 
    Atomic Charges for Step       1 :
  Atom    Element       Mulliken Charge
     1      C                 -0.168
     2      C                 -0.167
     3      C                  0.314
     4      C                  0.314
     5      C                 -0.114
     6      C                 -0.115
     7      C                 -0.131
     8      C                 -0.130
     9      C                 -0.166
    10      N                 -0.491
    11      O                 -0.251
    12      O                 -0.252
    13      S                  0.437
    14      Cl                -0.005
    15      Cl                -0.026
    16      Cl                -0.032
    17      H                  0.135
    18      H                  0.135
    19      H                  0.113
    20      H                  0.106
    21      H                  0.113
    22      H                  0.107
    23      H                  0.139
    24      H                  0.137
 Total Mulliken Charge =      -0.000
 
                  X        Y        Z     TOTAL  
  QM DIPOLE    -1.578    3.453   -2.683    4.649
 
 Final Structure

  QMMM: QM Region Cartesian Coordinates (*=link atom) 
  QMMM: QM_NO.   MM_NO.  ATOM         X         Y         Z
  QMMM:     1        1      C        1.6818   -0.9610   -0.8018
  QMMM:     2        2      C        0.8294   -0.6488    0.1843
  QMMM:     3        3      C        3.5741   -3.7532    1.0895
  QMMM:     4        4      C        2.5183   -2.7641    2.9459
  QMMM:     5        5      C        2.7866   -1.9574   -0.6755
  QMMM:     6        6      C        0.8787   -1.2349    1.5566
  QMMM:     7        7      C        2.5183   -2.8033    0.5467
  QMMM:     8        8      C        2.2332   -1.8763    1.7444
  QMMM:     9        9      C        3.2585   -6.2812    3.6933
  QMMM:    10       10      N        3.4289   -3.7962    2.5224
  QMMM:    11       11      O        4.3994   -4.4096    0.4619
  QMMM:    12       12      O        2.1111   -2.6345    4.0963
  QMMM:    13       13      S        4.2341   -4.7793    3.5047
  QMMM:    14       14      Cl       4.2731   -7.2641    4.7403
  QMMM:    15       15      Cl       1.7065   -5.9914    4.4581
  QMMM:    16       16      Cl       2.9933   -7.1038    2.1646
  QMMM:    17       17      H        1.6028   -0.4815   -1.7905
  QMMM:    18       18      H        0.0232    0.0847    0.0238
  QMMM:    19       19      H        2.8352   -2.6033   -1.5917
  QMMM:    20       20      H        3.7710   -1.4248   -0.5885
  QMMM:    21       21      H        0.7170   -0.4360    2.3277
  QMMM:    22       22      H        0.0559   -1.9889    1.6777
  QMMM:    23       23      H        1.6119   -3.4446    0.3370
  QMMM:    24       24      H        3.0078   -1.0547    1.7829

           --------- Calculation Completed ----------

