            --------------------------------------------------------
                             AMBER SQM VERSION 19
 
                                     By
              Ross C. Walker, Michael F. Crowley, Scott Brozell,
                         Tim Giese, Andreas W. Goetz,
                        Tai-Sung Lee and David A. Case
 
            --------------------------------------------------------
 

--------------------------------------------------------------------------------
  QM CALCULATION INFO
--------------------------------------------------------------------------------

| QMMM: Citation for AMBER QMMM Run:
| QMMM: R.C. Walker, M.F. Crowley and D.A. Case, J. COMP. CHEM. 29:1019, 2008

QMMM: SINGLET STATE CALCULATION
QMMM: RHF CALCULATION, NO. OF DOUBLY OCCUPIED LEVELS = 13

| QMMM: *** Selected Hamiltonian *** 
| QMMM: AM1         

| QMMM: *** Parameter sets in use ***
| QMMM: C : M.J.S.DEWAR et al. JACS, 107, 3902, (1985)
| QMMM: O : M.J.S.DEWAR et al. JACS, 107, 3902, (1985)
| QMMM: H : M.J.S.DEWAR et al. JACS, 107, 3902, (1985)

| QMMM: *** SCF convergence criteria ***
| QMMM: Energy change                :  0.1D-09 kcal/mol
| QMMM: Error matrix |FP-PF|         :  0.1D+00 au
| QMMM: Density matrix change        :  0.5D-06
| QMMM: Maximum number of SCF cycles :     1000

| QMMM: *** Diagonalization Routine Information ***
| QMMM: Pseudo diagonalizations are allowed.
| QMMM: Auto diagonalization routine selection is in use.
| QMMM:
| QMMM: Timing diagonalization routines:
| QMMM:                              norbs =       24
| QMMM:    diag iterations used for timing =       20
| QMMM:
| QMMM:              Internal diag routine = 0.001100 seconds
| QMMM:                 Dspev diag routine = 0.001590 seconds
| QMMM:                Dspevd diag routine = 0.001601 seconds
| QMMM:                Dspevx diag routine = 0.009468 seconds
| QMMM:                 Dsyev diag routine = 0.002054 seconds
| QMMM:                Dsyevd diag routine = 0.001518 seconds
| QMMM:                Dsyevr diag routine = 0.001932 seconds
| QMMM:
| QMMM:                Pseudo diag routine = 0.000279 seconds
| QMMM:
| QMMM: Using internal diagonalization routine (diag_routine=1).

  QMMM: QM Region Cartesian Coordinates (*=link atom) 
  QMMM: QM_NO.   MM_NO.  ATOM         X         Y         Z
  QMMM:     1        1      C        1.0660   -2.6490    2.1720
  QMMM:     2        2      C        0.1830    0.9030    1.8290
  QMMM:     3        3      C        1.2890   -1.1660    1.9690
  QMMM:     4        4      O        0.0350   -0.4990    2.0140
  QMMM:     5        5      H        2.0140   -3.1940    2.1420
  QMMM:     6        6      H        0.5800   -2.8380    3.1350
  QMMM:     7        7      H        0.4040   -3.0500    1.3970
  QMMM:     8        8      H        1.1930    1.2040    2.1160
  QMMM:     9        9      H       -0.5540    1.4310    2.4380
  QMMM:    10       10      H        0.0190    1.1410    0.7750
  QMMM:    11       11      H        1.7540   -0.9780    0.9970
  QMMM:    12       12      H        1.9320   -0.7630    2.7570

--------------------------------------------------------------------------------
  RESULTS
--------------------------------------------------------------------------------

      iter         sqm energy              rms gradient
      ----    -------------------    -----------------------
xmin    10      -58.4292 kcal/mol        1.6222 kcal/(mol*A)
xmin    20      -58.8087 kcal/mol        0.2594 kcal/(mol*A)
xmin    30      -58.8615 kcal/mol        0.2310 kcal/(mol*A)
xmin    40      -58.8822 kcal/mol        0.0863 kcal/(mol*A)
xmin    50      -58.8926 kcal/mol        0.1375 kcal/(mol*A)
xmin    60      -58.8942 kcal/mol        0.0548 kcal/(mol*A)
xmin    70      -58.8945 kcal/mol        0.0147 kcal/(mol*A)
xmin    80      -58.8946 kcal/mol        0.0069 kcal/(mol*A)
xmin    90      -58.8946 kcal/mol        0.0037 kcal/(mol*A)
xmin   100      -58.8946 kcal/mol        0.0005 kcal/(mol*A)
  ... geometry converged !
 
 Final MO eigenvalues (eV):
 -38.7986  -32.0909  -26.8687  -23.3895  -17.3170  -16.8297  -15.7366  -14.1821
 -13.3266  -12.6500  -12.1492  -12.0564  -10.4922    3.1020    3.9427    4.1256
   4.2772    4.3417    4.4076    4.5362    4.7509    4.9079    5.0645    6.2899


 Heat of formation   =        -58.89465028 kcal/mol  (       -2.55386368 eV)

 Total SCF energy    =     -18798.41378168 kcal/mol  (     -815.16039121 eV)
 Electronic energy   =     -60980.18038018 kcal/mol  (    -2644.29904949 eV)
 Core-core repulsion =      42181.76659850 kcal/mol  (     1829.13865828 eV)
 
    Atomic Charges for Step       1 :
  Atom    Element       Mulliken Charge
     1      C                 -0.215
     2      C                 -0.073
     3      C                 -0.023
     4      O                 -0.280
     5      H                  0.078
     6      H                  0.087
     7      H                  0.087
     8      H                  0.057
     9      H                  0.098
    10      H                  0.057
    11      H                  0.063
    12      H                  0.063
 Total Mulliken Charge =      -0.000
 
                  X        Y        Z     TOTAL  
  QM DIPOLE     1.188    0.501   -0.374    1.343
 
 Final Structure

  QMMM: QM Region Cartesian Coordinates (*=link atom) 
  QMMM: QM_NO.   MM_NO.  ATOM         X         Y         Z
  QMMM:     1        1      C        1.0470   -2.6412    2.1801
  QMMM:     2        2      C        0.1934    0.9047    1.8802
  QMMM:     3        3      C        1.3106   -1.1802    1.9007
  QMMM:     4        4      O        0.0804   -0.4877    2.1118
  QMMM:     5        5      H        1.9866   -3.2228    2.0268
  QMMM:     6        6      H        0.6975   -2.7792    3.2310
  QMMM:     7        7      H        0.2576   -3.0320    1.4947
  QMMM:     8        8      H        0.9380    1.3626    2.5776
  QMMM:     9        9      H       -0.8307    1.3067    2.0815
  QMMM:    10       10      H        0.4924    1.1067    0.8217
  QMMM:    11       11      H        1.6489   -1.0254    0.8411
  QMMM:    12       12      H        2.0933   -0.7703    2.5939

           --------- Calculation Completed ----------

