            --------------------------------------------------------
                             AMBER SQM VERSION 19
 
                                     By
              Ross C. Walker, Michael F. Crowley, Scott Brozell,
                         Tim Giese, Andreas W. Goetz,
                        Tai-Sung Lee and David A. Case
 
            --------------------------------------------------------
 

--------------------------------------------------------------------------------
  QM CALCULATION INFO
--------------------------------------------------------------------------------

| QMMM: Citation for AMBER QMMM Run:
| QMMM: R.C. Walker, M.F. Crowley and D.A. Case, J. COMP. CHEM. 29:1019, 2008

QMMM: SINGLET STATE CALCULATION
QMMM: RHF CALCULATION, NO. OF DOUBLY OCCUPIED LEVELS = 29

| QMMM: *** Selected Hamiltonian *** 
| QMMM: AM1         

| QMMM: *** Parameter sets in use ***
| QMMM: C : M.J.S.DEWAR et al. JACS, 107, 3902, (1985)
| QMMM: N : M.J.S.DEWAR et al. JACS, 107, 3902, (1985)
| QMMM: O : M.J.S.DEWAR et al. JACS, 107, 3902, (1985)
| QMMM: H : M.J.S.DEWAR et al. JACS, 107, 3902, (1985)

| QMMM: *** SCF convergence criteria ***
| QMMM: Energy change                :  0.1D-09 kcal/mol
| QMMM: Error matrix |FP-PF|         :  0.1D+00 au
| QMMM: Density matrix change        :  0.5D-06
| QMMM: Maximum number of SCF cycles :     1000

| QMMM: *** Diagonalization Routine Information ***
| QMMM: Pseudo diagonalizations are allowed.
| QMMM: Auto diagonalization routine selection is in use.
| QMMM:
| QMMM: Timing diagonalization routines:
| QMMM:                              norbs =       55
| QMMM:    diag iterations used for timing =       15
| QMMM:
| QMMM:              Internal diag routine = 0.023844 seconds
| QMMM:                 Dspev diag routine = 0.033196 seconds
| QMMM:                Dspevd diag routine = 0.023887 seconds
| QMMM:                Dspevx diag routine = 0.024118 seconds
| QMMM:                 Dsyev diag routine = 0.004242 seconds
| QMMM:                Dsyevd diag routine = 0.003056 seconds
| QMMM:                Dsyevr diag routine = 0.004954 seconds
| QMMM:
| QMMM:                Pseudo diag routine = 0.001171 seconds
| QMMM:
| QMMM: Using dsyevd routine (diag_routine=6).

  QMMM: QM Region Cartesian Coordinates (*=link atom) 
  QMMM: QM_NO.   MM_NO.  ATOM         X         Y         Z
  QMMM:     1        1      C        1.7420   -1.1610   -0.1510
  QMMM:     2        2      C        0.6920   -0.5510    0.5350
  QMMM:     3        3      C        2.8150   -1.7040    0.5560
  QMMM:     4        4      C        0.7140   -0.4850    1.9280
  QMMM:     5        5      C        2.8370   -1.6380    1.9490
  QMMM:     6        6      C        1.7870   -1.0290    2.6350
  QMMM:     7        7      C        1.8100   -0.9590    4.0880
  QMMM:     8        8      C        1.2310   -2.0170    6.2850
  QMMM:     9        9      C        0.5970   -3.1550    4.1870
  QMMM:    10       10      N        1.2330   -2.0070    4.8290
  QMMM:    11       11      O        2.3570    0.0290    4.5940
  QMMM:    12       12      H        1.7250   -1.2120   -1.2360
  QMMM:    13       13      H       -0.1430   -0.1270   -0.0150
  QMMM:    14       14      H        3.6320   -2.1800    0.0220
  QMMM:    15       15      H       -0.1100   -0.0070    2.4520
  QMMM:    16       16      H        3.6780   -2.0660    2.4900
  QMMM:    17       17      H        0.1970   -1.9890    6.6340
  QMMM:    18       18      H        1.7740   -1.1400    6.6440
  QMMM:    19       19      H        1.7220   -2.9290    6.6320
  QMMM:    20       20      H       -0.3340   -3.3800    4.7130
  QMMM:    21       21      H        1.2750   -4.0090    4.2410
  QMMM:    22       22      H        0.3890   -2.9060    3.1440

--------------------------------------------------------------------------------
  RESULTS
--------------------------------------------------------------------------------

      iter         sqm energy              rms gradient
      ----    -------------------    -----------------------
xmin    10       -5.2511 kcal/mol        0.5724 kcal/(mol*A)
xmin    20       -5.2745 kcal/mol        0.1434 kcal/(mol*A)
xmin    30       -5.2927 kcal/mol        0.2375 kcal/(mol*A)
xmin    40       -5.3059 kcal/mol        0.1884 kcal/(mol*A)
xmin    50       -5.3185 kcal/mol        0.1020 kcal/(mol*A)
xmin    60       -5.3351 kcal/mol        0.0988 kcal/(mol*A)
xmin    70       -5.3481 kcal/mol        0.0914 kcal/(mol*A)
xmin    80       -5.3566 kcal/mol        0.1036 kcal/(mol*A)
xmin    90       -5.3650 kcal/mol        0.1343 kcal/(mol*A)
xmin   100       -5.3682 kcal/mol        0.0416 kcal/(mol*A)
xmin   110       -5.3730 kcal/mol        0.0623 kcal/(mol*A)
xmin   120       -5.3745 kcal/mol        0.0292 kcal/(mol*A)
xmin   130       -5.3761 kcal/mol        0.0178 kcal/(mol*A)
xmin   140       -5.3773 kcal/mol        0.0418 kcal/(mol*A)
xmin   150       -5.3779 kcal/mol        0.0195 kcal/(mol*A)
xmin   160       -5.3786 kcal/mol        0.0358 kcal/(mol*A)
xmin   170       -5.3790 kcal/mol        0.0312 kcal/(mol*A)
xmin   180       -5.3792 kcal/mol        0.0122 kcal/(mol*A)
xmin   190       -5.3795 kcal/mol        0.0324 kcal/(mol*A)
xmin   200       -5.3797 kcal/mol        0.0056 kcal/(mol*A)
xmin   210       -5.3799 kcal/mol        0.0090 kcal/(mol*A)
xmin   220       -5.3799 kcal/mol        0.0041 kcal/(mol*A)
xmin   230       -5.3800 kcal/mol        0.0065 kcal/(mol*A)
xmin   240       -5.3800 kcal/mol        0.0133 kcal/(mol*A)
xmin   250       -5.3800 kcal/mol        0.0034 kcal/(mol*A)
xmin   260       -5.3801 kcal/mol        0.0015 kcal/(mol*A)
xmin   270       -5.3801 kcal/mol        0.0020 kcal/(mol*A)
xmin   280       -5.3801 kcal/mol        0.0040 kcal/(mol*A)
xmin   290       -5.3801 kcal/mol        0.0012 kcal/(mol*A)
xmin   300       -5.3801 kcal/mol        0.0006 kcal/(mol*A)
xmin   300       -5.3801 kcal/mol        0.0004 kcal/(mol*A)
  ... geometry converged !
 
 Final MO eigenvalues (eV):
 -40.5448  -38.7708  -36.2991  -32.2028  -31.7205  -28.5522  -26.9534  -23.8536
 -23.4715  -20.5933  -18.3322  -17.3746  -16.9476  -16.6045  -15.6557  -15.6000
 -14.4619  -14.4448  -13.8826  -13.4606  -13.3783  -13.2735  -12.7770  -12.6536
 -12.1510  -10.8041   -9.9376   -9.9145   -9.5740    0.0523    0.2758    1.4204
   2.0179    2.6414    3.4467    3.7513    3.7816    3.8142    3.8898    4.0498
   4.1846    4.2652    4.3208    4.3636    4.4085    4.6635    4.7475    4.8482
   5.2348    5.2593    5.3986    5.4459    5.7799    6.2539    7.0462

 Heat of formation   =         -5.38010705 kcal/mol  (       -0.23329895 eV)

 Total SCF energy    =     -42212.50736151 kcal/mol  (    -1830.47167779 eV)
 Electronic energy   =    -212909.36659643 kcal/mol  (    -9232.44293814 eV)
 Core-core repulsion =     170696.85923492 kcal/mol  (     7401.97126035 eV)
 
    Atomic Charges for Step       1 :
  Atom    Element       Mulliken Charge
     1      C                 -0.115
     2      C                 -0.135
     3      C                 -0.134
     4      C                 -0.104
     5      C                 -0.092
     6      C                 -0.109
     7      C                  0.343
     8      C                 -0.082
     9      C                 -0.078
    10      N                 -0.332
    11      O                 -0.355
    12      H                  0.135
    13      H                  0.136
    14      H                  0.137
    15      H                  0.142
    16      H                  0.146
    17      H                  0.074
    18      H                  0.118
    19      H                  0.064
    20      H                  0.079
    21      H                  0.065
    22      H                  0.097
 Total Mulliken Charge =      -0.000
 
                  X        Y        Z     TOTAL  
  QM DIPOLE    -1.977   -2.592   -1.427    3.559
 
 Final Structure

  QMMM: QM Region Cartesian Coordinates (*=link atom) 
  QMMM: QM_NO.   MM_NO.  ATOM         X         Y         Z
  QMMM:     1        1      C        1.7997   -1.1298   -0.1863
  QMMM:     2        2      C        0.6838   -0.7085    0.5377
  QMMM:     3        3      C        2.9468   -1.5555    0.4834
  QMMM:     4        4      C        0.7094   -0.7186    1.9317
  QMMM:     5        5      C        2.9820   -1.5618    1.8776
  QMMM:     6        6      C        1.8588   -1.1497    2.6013
  QMMM:     7        7      C        1.9327   -1.1043    4.0915
  QMMM:     8        8      C        1.1873   -1.9379    6.2684
  QMMM:     9        9      C        0.3968   -3.0418    4.2487
  QMMM:    10       10      N        1.1029   -1.9390    4.8324
  QMMM:    11       11      O        2.7006   -0.3071    4.6665
  QMMM:    12       12      H        1.7762   -1.1216   -1.2861
  QMMM:    13       13      H       -0.2177   -0.3645    0.0096
  QMMM:    14       14      H        3.8293   -1.8810   -0.0869
  QMMM:    15       15      H       -0.1675   -0.3812    2.5044
  QMMM:    16       16      H        3.8920   -1.8769    2.4104
  QMMM:    17       17      H        0.1501   -1.9615    6.6979
  QMMM:    18       18      H        1.7136   -1.0132    6.6260
  QMMM:    19       19      H        1.7483   -2.8404    6.6338
  QMMM:    20       20      H       -0.6152   -3.1280    4.7299
  QMMM:    21       21      H        0.9517   -4.0055    4.4180
  QMMM:    22       22      H        0.2585   -2.8943    3.1459

           --------- Calculation Completed ----------

