            --------------------------------------------------------
                             AMBER SQM VERSION 19
 
                                     By
              Ross C. Walker, Michael F. Crowley, Scott Brozell,
                         Tim Giese, Andreas W. Goetz,
                        Tai-Sung Lee and David A. Case
 
            --------------------------------------------------------
 

--------------------------------------------------------------------------------
  QM CALCULATION INFO
--------------------------------------------------------------------------------

| QMMM: Citation for AMBER QMMM Run:
| QMMM: R.C. Walker, M.F. Crowley and D.A. Case, J. COMP. CHEM. 29:1019, 2008

QMMM: SINGLET STATE CALCULATION
QMMM: RHF CALCULATION, NO. OF DOUBLY OCCUPIED LEVELS = 21

| QMMM: *** Selected Hamiltonian *** 
| QMMM: AM1         

| QMMM: *** Parameter sets in use ***
| QMMM: C : M.J.S.DEWAR et al. JACS, 107, 3902, (1985)
| QMMM: Br: M.J.S.DEWAR et al. THEOCHEM, 180, 1, (1988)
| QMMM: H : M.J.S.DEWAR et al. JACS, 107, 3902, (1985)

| QMMM: *** SCF convergence criteria ***
| QMMM: Energy change                :  0.1D-09 kcal/mol
| QMMM: Error matrix |FP-PF|         :  0.1D+00 au
| QMMM: Density matrix change        :  0.5D-06
| QMMM: Maximum number of SCF cycles :     1000

| QMMM: *** Diagonalization Routine Information ***
| QMMM: Pseudo diagonalizations are allowed.
| QMMM: Auto diagonalization routine selection is in use.
| QMMM:
| QMMM: Timing diagonalization routines:
| QMMM:                              norbs =       39
| QMMM:    diag iterations used for timing =       20
| QMMM:
| QMMM:              Internal diag routine = 0.004042 seconds
| QMMM:                 Dspev diag routine = 0.017334 seconds
| QMMM:                Dspevd diag routine = 0.007966 seconds
| QMMM:                Dspevx diag routine = 0.024088 seconds
| QMMM:                 Dsyev diag routine = 0.009838 seconds
| QMMM:                Dsyevd diag routine = 0.004070 seconds
| QMMM:                Dsyevr diag routine = 0.004758 seconds
| QMMM:
| QMMM:                Pseudo diag routine = 0.001039 seconds
| QMMM:
| QMMM: Using internal diagonalization routine (diag_routine=1).

  QMMM: QM Region Cartesian Coordinates (*=link atom) 
  QMMM: QM_NO.   MM_NO.  ATOM         X         Y         Z
  QMMM:     1        1      C       -0.0210    2.4020   -0.0110
  QMMM:     2        2      C        1.3660    2.4100   -0.0060
  QMMM:     3        3      C       -0.7040    1.1940   -0.0060
  QMMM:     4        4      C        2.0660    1.2140    0.0000
  QMMM:     5        5      C        0.0000    0.0000    0.0000
  QMMM:     6        6      C        1.3900    0.0000    0.0000
  QMMM:     7        7      C        2.1480   -1.2890   -0.0610
  QMMM:     8        8      Br       2.5640   -1.9960    1.7320
  QMMM:     9        9      H       -0.5660    3.3290   -0.0200
  QMMM:    10       10      H        1.9000    3.3430   -0.0110
  QMMM:    11       11      H       -1.7790    1.1810   -0.0110
  QMMM:    12       12      H        3.1430    1.2260    0.0020
  QMMM:    13       13      H       -0.5340   -0.9350    0.0010
  QMMM:    14       14      H        1.5870   -2.0720   -0.5430
  QMMM:    15       15      H        3.1040   -1.1800   -0.5440

--------------------------------------------------------------------------------
  RESULTS
--------------------------------------------------------------------------------

      iter         sqm energy              rms gradient
      ----    -------------------    -----------------------
xmin    10       19.1348 kcal/mol        0.1717 kcal/(mol*A)
xmin    20       19.1317 kcal/mol        0.0112 kcal/(mol*A)
xmin    30       19.1316 kcal/mol        0.0056 kcal/(mol*A)
xmin    40       19.1316 kcal/mol        0.0007 kcal/(mol*A)
  ... geometry converged !
 
 Final MO eigenvalues (eV):
 -39.7073  -34.3156  -31.6199  -30.9404  -26.8685  -23.4394  -22.1573  -17.6721
 -16.3421  -16.2918  -14.7714  -14.4200  -14.3396  -14.0046  -12.9314  -12.3672
 -12.0476  -10.8224  -10.7221   -9.8437   -9.6091   -0.0502    0.3879    1.0854
   2.7746    3.4282    3.5637    3.8148    3.9538    3.9764    4.0853    4.3447
   4.4512    4.8689    4.9480    5.3722    5.3947    5.5182    5.9025

 Heat of formation   =         19.13163043 kcal/mol  (        0.82960975 eV)

 Total SCF energy    =     -31035.89254268 kcal/mol  (    -1345.81729078 eV)
 Electronic energy   =    -124357.75071672 kcal/mol  (    -5392.55672853 eV)
 Core-core repulsion =      93321.85817403 kcal/mol  (     4046.73943775 eV)
 
    Atomic Charges for Step       1 :
  Atom    Element       Mulliken Charge
     1      C                 -0.121
     2      C                 -0.129
     3      C                 -0.129
     4      C                 -0.112
     5      C                 -0.112
     6      C                 -0.086
     7      C                 -0.174
     8      Br                -0.046
     9      H                  0.133
    10      H                  0.134
    11      H                  0.134
    12      H                  0.135
    13      H                  0.135
    14      H                  0.118
    15      H                  0.118
 Total Mulliken Charge =      -0.000
 
                  X        Y        Z     TOTAL  
  QM DIPOLE    -0.450    0.765   -1.385    1.645
 
 Final Structure

  QMMM: QM Region Cartesian Coordinates (*=link atom) 
  QMMM: QM_NO.   MM_NO.  ATOM         X         Y         Z
  QMMM:     1        1      C       -0.0209    2.4011   -0.0042
  QMMM:     2        2      C        1.3739    2.4104   -0.0065
  QMMM:     3        3      C       -0.7078    1.1871   -0.0069
  QMMM:     4        4      C        2.0819    1.2101   -0.0115
  QMMM:     5        5      C       -0.0037   -0.0155   -0.0118
  QMMM:     6        6      C        1.3968   -0.0114   -0.0147
  QMMM:     7        7      C        2.1456   -1.2857   -0.0369
  QMMM:     8        8      Br       2.5393   -1.9549    1.7340
  QMMM:     9        9      H       -0.5781    3.3493    0.0006
  QMMM:    10       10      H        1.9180    3.3664   -0.0030
  QMMM:    11       11      H       -1.8077    1.1770   -0.0037
  QMMM:    12       12      H        3.1822    1.2207   -0.0098
  QMMM:    13       13      H       -0.5485   -0.9716   -0.0105
  QMMM:    14       14      H        1.5619   -2.0890   -0.5463
  QMMM:    15       15      H        3.1312   -1.1668   -0.5467

           --------- Calculation Completed ----------

