            --------------------------------------------------------
                             AMBER SQM VERSION 19
 
                                     By
              Ross C. Walker, Michael F. Crowley, Scott Brozell,
                         Tim Giese, Andreas W. Goetz,
                        Tai-Sung Lee and David A. Case
 
            --------------------------------------------------------
 

--------------------------------------------------------------------------------
  QM CALCULATION INFO
--------------------------------------------------------------------------------

| QMMM: Citation for AMBER QMMM Run:
| QMMM: R.C. Walker, M.F. Crowley and D.A. Case, J. COMP. CHEM. 29:1019, 2008

QMMM: SINGLET STATE CALCULATION
QMMM: RHF CALCULATION, NO. OF DOUBLY OCCUPIED LEVELS = 21

| QMMM: *** Selected Hamiltonian *** 
| QMMM: AM1         

| QMMM: *** Parameter sets in use ***
| QMMM: C : M.J.S.DEWAR et al. JACS, 107, 3902, (1985)
| QMMM: O : M.J.S.DEWAR et al. JACS, 107, 3902, (1985)
| QMMM: I : M.J.S.DEWAR et al. THEOCHEM, 180, 1, (1988)
| QMMM: H : M.J.S.DEWAR et al. JACS, 107, 3902, (1985)

| QMMM: *** SCF convergence criteria ***
| QMMM: Energy change                :  0.1D-09 kcal/mol
| QMMM: Error matrix |FP-PF|         :  0.1D+00 au
| QMMM: Density matrix change        :  0.5D-06
| QMMM: Maximum number of SCF cycles :     1000

| QMMM: *** Diagonalization Routine Information ***
| QMMM: Pseudo diagonalizations are allowed.
| QMMM: Auto diagonalization routine selection is in use.
| QMMM:
| QMMM: Timing diagonalization routines:
| QMMM:                              norbs =       37
| QMMM:    diag iterations used for timing =       20
| QMMM:
| QMMM:              Internal diag routine = 0.004525 seconds
| QMMM:                 Dspev diag routine = 0.006819 seconds
| QMMM:                Dspevd diag routine = 0.005376 seconds
| QMMM:                Dspevx diag routine = 0.022738 seconds
| QMMM:                 Dsyev diag routine = 0.005434 seconds
| QMMM:                Dsyevd diag routine = 0.005536 seconds
| QMMM:                Dsyevr diag routine = 0.006839 seconds
| QMMM:
| QMMM:                Pseudo diag routine = 0.001089 seconds
| QMMM:
| QMMM: Using internal diagonalization routine (diag_routine=1).

  QMMM: QM Region Cartesian Coordinates (*=link atom) 
  QMMM: QM_NO.   MM_NO.  ATOM         X         Y         Z
  QMMM:     1        1      C        1.8850   -1.0380   -0.1090
  QMMM:     2        2      C        0.8180   -0.4410    0.5630
  QMMM:     3        3      C        2.9350   -1.6040    0.6140
  QMMM:     4        4      C        0.8010   -0.4100    1.9570
  QMMM:     5        5      C        2.9180   -1.5730    2.0080
  QMMM:     6        6      C        1.8510   -0.9770    2.6800
  QMMM:     7        7      O        3.9640   -2.1380    2.6770
  QMMM:     8        8      I        1.7760   -0.9040    4.7670
  QMMM:     9        9      H        1.8980   -1.0610   -1.1950
  QMMM:    10       10      H        0.0000   -0.0010   -0.0000
  QMMM:    11       11      H        3.7630   -2.0660    0.0840
  QMMM:    12       12      H       -0.0420    0.0600    2.4580
  QMMM:    13       13      H        3.8880   -1.9140    3.6210

--------------------------------------------------------------------------------
  RESULTS
--------------------------------------------------------------------------------

      iter         sqm energy              rms gradient
      ----    -------------------    -----------------------
xmin    10       -4.6642 kcal/mol        0.4226 kcal/(mol*A)
xmin    20       -4.6816 kcal/mol        0.0968 kcal/(mol*A)
xmin    30       -4.6822 kcal/mol        0.0264 kcal/(mol*A)
xmin    40       -4.6822 kcal/mol        0.0014 kcal/(mol*A)
xmin    50       -4.6822 kcal/mol        0.0008 kcal/(mol*A)
xmin    50       -4.6822 kcal/mol        0.0003 kcal/(mol*A)
  ... geometry converged !
 
 Final MO eigenvalues (eV):
 -40.6772  -37.6902  -33.6413  -30.8252  -28.7178  -23.4992  -23.2034  -19.2404
 -17.5586  -16.5822  -15.4366  -15.1967  -14.6495  -14.3366  -13.0594  -12.7709
 -12.0919  -11.5802  -11.1236   -9.9009   -9.3275   -0.0464    0.1642    0.2468
   2.4888    2.7573    3.4571    3.7517    3.9878    4.1002    4.3049    4.7308
   4.7913    5.0237    5.3187    5.5203    6.0597

 Heat of formation   =         -4.68221417 kcal/mol  (       -0.20303604 eV)

 Total SCF energy    =     -34695.07969834 kcal/mol  (    -1504.49155277 eV)
 Electronic energy   =    -129119.02235460 kcal/mol  (    -5599.02095983 eV)
 Core-core repulsion =      94423.94265626 kcal/mol  (     4094.52940706 eV)
 
    Atomic Charges for Step       1 :
  Atom    Element       Mulliken Charge
     1      C                 -0.079
     2      C                 -0.170
     3      C                 -0.161
     4      C                 -0.063
     5      C                  0.119
     6      C                 -0.351
     7      O                 -0.245
     8      I                  0.143
     9      H                  0.139
    10      H                  0.139
    11      H                  0.155
    12      H                  0.144
    13      H                  0.229
 Total Mulliken Charge =      -0.000
 
                  X        Y        Z     TOTAL  
  QM DIPOLE    -0.650    0.337   -0.548    0.914
 
 Final Structure

  QMMM: QM Region Cartesian Coordinates (*=link atom) 
  QMMM: QM_NO.   MM_NO.  ATOM         X         Y         Z
  QMMM:     1        1      C        1.8847   -1.0425   -0.0991
  QMMM:     2        2      C        0.8118   -0.4460    0.5702
  QMMM:     3        3      C        2.9375   -1.5932    0.6168
  QMMM:     4        4      C        0.7969   -0.4028    1.9598
  QMMM:     5        5      C        2.9180   -1.5470    2.0262
  QMMM:     6        6      C        1.8455   -0.9505    2.7064
  QMMM:     7        7      O        4.0059   -2.1194    2.6364
  QMMM:     8        8      I        1.7412   -0.8432    4.7229
  QMMM:     9        9      H        1.8955   -1.0761   -1.1993
  QMMM:    10       10      H       -0.0201   -0.0110   -0.0022
  QMMM:    11       11      H        3.7915   -2.0673    0.1122
  QMMM:    12       12      H       -0.0542    0.0700    2.4762
  QMMM:    13       13      H        3.9007   -2.0381    3.5984

           --------- Calculation Completed ----------

