            --------------------------------------------------------
                             AMBER SQM VERSION 19
 
                                     By
              Ross C. Walker, Michael F. Crowley, Scott Brozell,
                         Tim Giese, Andreas W. Goetz,
                        Tai-Sung Lee and David A. Case
 
            --------------------------------------------------------
 

--------------------------------------------------------------------------------
  QM CALCULATION INFO
--------------------------------------------------------------------------------

| QMMM: Citation for AMBER QMMM Run:
| QMMM: R.C. Walker, M.F. Crowley and D.A. Case, J. COMP. CHEM. 29:1019, 2008

QMMM: SINGLET STATE CALCULATION
QMMM: RHF CALCULATION, NO. OF DOUBLY OCCUPIED LEVELS = 21

| QMMM: *** Selected Hamiltonian *** 
| QMMM: AM1         

| QMMM: *** Parameter sets in use ***
| QMMM: C : M.J.S.DEWAR et al. JACS, 107, 3902, (1985)
| QMMM: O : M.J.S.DEWAR et al. JACS, 107, 3902, (1985)
| QMMM: H : M.J.S.DEWAR et al. JACS, 107, 3902, (1985)

| QMMM: *** SCF convergence criteria ***
| QMMM: Energy change                :  0.1D-09 kcal/mol
| QMMM: Error matrix |FP-PF|         :  0.1D+00 au
| QMMM: Density matrix change        :  0.5D-06
| QMMM: Maximum number of SCF cycles :     1000

| QMMM: *** Diagonalization Routine Information ***
| QMMM: Pseudo diagonalizations are allowed.
| QMMM: Auto diagonalization routine selection is in use.
| QMMM:
| QMMM: Timing diagonalization routines:
| QMMM:                              norbs =       38
| QMMM:    diag iterations used for timing =       20
| QMMM:
| QMMM:              Internal diag routine = 0.014278 seconds
| QMMM:                 Dspev diag routine = 0.012845 seconds
| QMMM:                Dspevd diag routine = 0.003024 seconds
| QMMM:                Dspevx diag routine = 0.021675 seconds
| QMMM:                 Dsyev diag routine = 0.005641 seconds
| QMMM:                Dsyevd diag routine = 0.003665 seconds
| QMMM:                Dsyevr diag routine = 0.004338 seconds
| QMMM:
| QMMM:                Pseudo diag routine = 0.000855 seconds
| QMMM:
| QMMM: Using dspevd routine (diag_routine=3).

  QMMM: QM Region Cartesian Coordinates (*=link atom) 
  QMMM: QM_NO.   MM_NO.  ATOM         X         Y         Z
  QMMM:     1        1      C        0.9630    3.1040    2.2230
  QMMM:     2        2      C        1.0550    4.4990    1.6830
  QMMM:     3        3      C        1.0770    0.0500    0.1960
  QMMM:     4        4      C        2.8430    1.0380    1.6980
  QMMM:     5        5      C        1.3530    0.9190    1.4130
  QMMM:     6        6      O        1.0160    2.8250    3.4140
  QMMM:     7        7      O        0.8120    2.2180    1.1940
  QMMM:     8        8      H        0.1360    4.7520    1.1500
  QMMM:     9        9      H        1.9210    4.5830    1.0210
  QMMM:    10       10      H        1.1820    5.2010    2.5120
  QMMM:    11       11      H        1.4530   -0.9670    0.3400
  QMMM:    12       12      H        0.0000    0.0000    0.0000
  QMMM:    13       13      H        1.5400    0.4710   -0.7030
  QMMM:    14       14      H        3.2880    0.0590    1.8990
  QMMM:    15       15      H        3.0140    1.6860    2.5640
  QMMM:    16       16      H        3.3700    1.4960    0.8530
  QMMM:    17       17      H        0.8470    0.4960    2.2870

--------------------------------------------------------------------------------
  RESULTS
--------------------------------------------------------------------------------

      iter         sqm energy              rms gradient
      ----    -------------------    -----------------------
xmin    10     -106.0149 kcal/mol        2.5949 kcal/(mol*A)
xmin    20     -106.3157 kcal/mol        0.2474 kcal/(mol*A)
xmin    30     -106.3303 kcal/mol        0.1338 kcal/(mol*A)
xmin    40     -106.3351 kcal/mol        0.0279 kcal/(mol*A)
xmin    50     -106.3357 kcal/mol        0.0052 kcal/(mol*A)
xmin    60     -106.3359 kcal/mol        0.0035 kcal/(mol*A)
xmin    70     -106.3360 kcal/mol        0.0538 kcal/(mol*A)
xmin    80     -106.3361 kcal/mol        0.0198 kcal/(mol*A)
xmin    90     -106.3363 kcal/mol        0.0034 kcal/(mol*A)
xmin   100     -106.3364 kcal/mol        0.0101 kcal/(mol*A)
xmin   110     -106.3367 kcal/mol        0.0438 kcal/(mol*A)
xmin   120     -106.3369 kcal/mol        0.0095 kcal/(mol*A)
xmin   130     -106.3373 kcal/mol        0.0352 kcal/(mol*A)
xmin   140     -106.3377 kcal/mol        0.0089 kcal/(mol*A)
xmin   150     -106.3381 kcal/mol        0.0623 kcal/(mol*A)
xmin   160     -106.3385 kcal/mol        0.0223 kcal/(mol*A)
xmin   170     -106.3390 kcal/mol        0.0510 kcal/(mol*A)
xmin   180     -106.3399 kcal/mol        0.0144 kcal/(mol*A)
xmin   190     -106.3407 kcal/mol        0.0628 kcal/(mol*A)
xmin   200     -106.3416 kcal/mol        0.0631 kcal/(mol*A)
xmin   210     -106.3422 kcal/mol        0.0742 kcal/(mol*A)
xmin   220     -106.3437 kcal/mol        0.0402 kcal/(mol*A)
xmin   230     -106.3454 kcal/mol        0.1092 kcal/(mol*A)
xmin   240     -106.3474 kcal/mol        0.0220 kcal/(mol*A)
xmin   250     -106.3487 kcal/mol        0.0732 kcal/(mol*A)
xmin   260     -106.3501 kcal/mol        0.0523 kcal/(mol*A)
xmin   270     -106.3512 kcal/mol        0.0399 kcal/(mol*A)
xmin   280     -106.3525 kcal/mol        0.1281 kcal/(mol*A)
xmin   290     -106.3551 kcal/mol        0.0265 kcal/(mol*A)
xmin   300     -106.3567 kcal/mol        0.0293 kcal/(mol*A)
xmin   310     -106.3583 kcal/mol        0.0259 kcal/(mol*A)
xmin   320     -106.3599 kcal/mol        0.0361 kcal/(mol*A)
xmin   330     -106.3619 kcal/mol        0.0211 kcal/(mol*A)
xmin   340     -106.3638 kcal/mol        0.0483 kcal/(mol*A)
xmin   350     -106.3659 kcal/mol        0.1070 kcal/(mol*A)
xmin   360     -106.3680 kcal/mol        0.0816 kcal/(mol*A)
xmin   370     -106.3700 kcal/mol        0.1420 kcal/(mol*A)
xmin   380     -106.3722 kcal/mol        0.0657 kcal/(mol*A)
xmin   390     -106.3739 kcal/mol        0.0186 kcal/(mol*A)
xmin   400     -106.3750 kcal/mol        0.0365 kcal/(mol*A)
xmin   410     -106.3768 kcal/mol        0.0215 kcal/(mol*A)
xmin   420     -106.3780 kcal/mol        0.0719 kcal/(mol*A)
xmin   430     -106.3789 kcal/mol        0.0170 kcal/(mol*A)
xmin   440     -106.3797 kcal/mol        0.0377 kcal/(mol*A)
xmin   450     -106.3804 kcal/mol        0.0216 kcal/(mol*A)
xmin   460     -106.3813 kcal/mol        0.0175 kcal/(mol*A)
xmin   470     -106.3817 kcal/mol        0.0399 kcal/(mol*A)
xmin   480     -106.3822 kcal/mol        0.0138 kcal/(mol*A)
xmin   490     -106.3826 kcal/mol        0.0248 kcal/(mol*A)
xmin   500     -106.3831 kcal/mol        0.0197 kcal/(mol*A)
xmin   510     -106.3835 kcal/mol        0.0106 kcal/(mol*A)
xmin   520     -106.3837 kcal/mol        0.0210 kcal/(mol*A)
xmin   530     -106.3840 kcal/mol        0.0557 kcal/(mol*A)
xmin   540     -106.3843 kcal/mol        0.0076 kcal/(mol*A)
xmin   550     -106.3845 kcal/mol        0.0409 kcal/(mol*A)
xmin   560     -106.3847 kcal/mol        0.0251 kcal/(mol*A)
xmin   570     -106.3851 kcal/mol        0.0089 kcal/(mol*A)
xmin   580     -106.3853 kcal/mol        0.0166 kcal/(mol*A)
xmin   590     -106.3854 kcal/mol        0.0060 kcal/(mol*A)
xmin   600     -106.3855 kcal/mol        0.0119 kcal/(mol*A)
xmin   610     -106.3856 kcal/mol        0.0068 kcal/(mol*A)
xmin   620     -106.3857 kcal/mol        0.0133 kcal/(mol*A)
xmin   630     -106.3858 kcal/mol        0.0196 kcal/(mol*A)
xmin   640     -106.3858 kcal/mol        0.0097 kcal/(mol*A)
xmin   650     -106.3859 kcal/mol        0.0227 kcal/(mol*A)
xmin   660     -106.3859 kcal/mol        0.0041 kcal/(mol*A)
xmin   670     -106.3860 kcal/mol        0.0089 kcal/(mol*A)
xmin   680     -106.3860 kcal/mol        0.0044 kcal/(mol*A)
xmin   690     -106.3861 kcal/mol        0.0035 kcal/(mol*A)
xmin   700     -106.3861 kcal/mol        0.0065 kcal/(mol*A)
xmin   710     -106.3861 kcal/mol        0.0032 kcal/(mol*A)
xmin   720     -106.3861 kcal/mol        0.0012 kcal/(mol*A)
xmin   730     -106.3861 kcal/mol        0.0046 kcal/(mol*A)
xmin   740     -106.3861 kcal/mol        0.0042 kcal/(mol*A)
xmin   750     -106.3861 kcal/mol        0.0047 kcal/(mol*A)
xmin   760     -106.3862 kcal/mol        0.0026 kcal/(mol*A)
xmin   770     -106.3862 kcal/mol        0.0040 kcal/(mol*A)
xmin   780     -106.3862 kcal/mol        0.0026 kcal/(mol*A)
xmin   790     -106.3862 kcal/mol        0.0030 kcal/(mol*A)
xmin   800     -106.3862 kcal/mol        0.0049 kcal/(mol*A)
xmin   810     -106.3862 kcal/mol        0.0054 kcal/(mol*A)
xmin   820     -106.3862 kcal/mol        0.0014 kcal/(mol*A)
xmin   830     -106.3862 kcal/mol        0.0042 kcal/(mol*A)
xmin   840     -106.3862 kcal/mol        0.0013 kcal/(mol*A)
xmin   850     -106.3862 kcal/mol        0.0017 kcal/(mol*A)
xmin   860     -106.3862 kcal/mol        0.0011 kcal/(mol*A)
xmin   870     -106.3862 kcal/mol        0.0032 kcal/(mol*A)
xmin   880     -106.3862 kcal/mol        0.0016 kcal/(mol*A)
xmin   890     -106.3862 kcal/mol        0.0006 kcal/(mol*A)
  ... geometry converged !
 
 Final MO eigenvalues (eV):
 -40.7651  -37.2476  -33.8833  -30.9022  -28.0621  -23.0893  -21.2412  -18.4263
 -16.9142  -16.7999  -15.1896  -14.7205  -14.3131  -13.6446  -13.3361  -13.1463
 -12.8577  -12.5565  -11.8329  -11.3850  -11.1911    1.1945    2.0336    3.5689
   3.7645    3.9315    3.9780    4.0474    4.0877    4.3211    4.4177    4.6585
   4.7406    4.7864    4.9198    5.0610    5.6378    6.8800

 Heat of formation   =       -106.38622856 kcal/mol  (       -4.61325305 eV)

 Total SCF energy    =     -32738.91144764 kcal/mol  (    -1419.66573209 eV)
 Electronic energy   =    -132060.69652111 kcal/mol  (    -5726.58152383 eV)
 Core-core repulsion =      99321.78507347 kcal/mol  (     4306.91579175 eV)
 
    Atomic Charges for Step       1 :
  Atom    Element       Mulliken Charge
     1      C                  0.305
     2      C                 -0.219
     3      C                 -0.215
     4      C                 -0.237
     5      C                  0.037
     6      O                 -0.360
     7      O                 -0.283
     8      H                  0.115
     9      H                  0.113
    10      H                  0.115
    11      H                  0.085
    12      H                  0.086
    13      H                  0.088
    14      H                  0.085
    15      H                  0.095
    16      H                  0.084
    17      H                  0.109
 Total Mulliken Charge =      -0.000
 
                  X        Y        Z     TOTAL  
  QM DIPOLE     0.103    0.383   -1.699    1.744
 
 Final Structure

  QMMM: QM Region Cartesian Coordinates (*=link atom) 
  QMMM: QM_NO.   MM_NO.  ATOM         X         Y         Z
  QMMM:     1        1      C        0.9863    3.1919    2.1156
  QMMM:     2        2      C        0.7352    4.5856    1.6523
  QMMM:     3        3      C        1.2043    0.1754    0.1501
  QMMM:     4        4      C        2.9690    0.7904    1.8326
  QMMM:     5        5      C        1.5218    0.9511    1.4139
  QMMM:     6        6      O        0.9656    2.7571    3.2694
  QMMM:     7        7      O        1.2647    2.3356    1.0889
  QMMM:     8        8      H       -0.2852    4.8980    1.9836
  QMMM:     9        9      H        0.8050    4.6577    0.5404
  QMMM:    10       10      H        1.4931    5.2622    2.1178
  QMMM:    11       11      H        1.3805   -0.9106    0.3347
  QMMM:    12       12      H        0.1389    0.3312   -0.1424
  QMMM:    13       13      H        1.8555    0.5146   -0.6903
  QMMM:    14       14      H        3.1827   -0.2854    2.0362
  QMMM:    15       15      H        3.1616    1.3825    2.7599
  QMMM:    16       16      H        3.6525    1.1505    1.0274
  QMMM:    17       17      H        0.8384    0.6421    2.2539

           --------- Calculation Completed ----------

