            --------------------------------------------------------
                             AMBER SQM VERSION 19
 
                                     By
              Ross C. Walker, Michael F. Crowley, Scott Brozell,
                         Tim Giese, Andreas W. Goetz,
                        Tai-Sung Lee and David A. Case
 
            --------------------------------------------------------
 

--------------------------------------------------------------------------------
  QM CALCULATION INFO
--------------------------------------------------------------------------------

| QMMM: Citation for AMBER QMMM Run:
| QMMM: R.C. Walker, M.F. Crowley and D.A. Case, J. COMP. CHEM. 29:1019, 2008

QMMM: SINGLET STATE CALCULATION
QMMM: RHF CALCULATION, NO. OF DOUBLY OCCUPIED LEVELS = 47

| QMMM: *** Selected Hamiltonian *** 
| QMMM: AM1         

| QMMM: *** Parameter sets in use ***
| QMMM: C : M.J.S.DEWAR et al. JACS, 107, 3902, (1985)
| QMMM: Cl: M.J.S.DEWAR et al. THEOCHEM, 180, 1, (1988)
| QMMM: H : M.J.S.DEWAR et al. JACS, 107, 3902, (1985)

| QMMM: *** SCF convergence criteria ***
| QMMM: Energy change                :  0.1D-09 kcal/mol
| QMMM: Error matrix |FP-PF|         :  0.1D+00 au
| QMMM: Density matrix change        :  0.5D-06
| QMMM: Maximum number of SCF cycles :     1000

| QMMM: *** Diagonalization Routine Information ***
| QMMM: Pseudo diagonalizations are allowed.
| QMMM: Auto diagonalization routine selection is in use.
| QMMM:
| QMMM: Timing diagonalization routines:
| QMMM:                              norbs =       76
| QMMM:    diag iterations used for timing =       15
| QMMM:
| QMMM:              Internal diag routine = 0.018258 seconds
| QMMM:                 Dspev diag routine = 0.058661 seconds
| QMMM:                Dspevd diag routine = 0.010002 seconds
| QMMM:                Dspevx diag routine = 0.046911 seconds
| QMMM:                 Dsyev diag routine = 0.013389 seconds
| QMMM:                Dsyevd diag routine = 0.014482 seconds
| QMMM:                Dsyevr diag routine = 0.011451 seconds
| QMMM:
| QMMM:                Pseudo diag routine = 0.004289 seconds
| QMMM:
| QMMM: Using dspevd routine (diag_routine=3).

  QMMM: QM Region Cartesian Coordinates (*=link atom) 
  QMMM: QM_NO.   MM_NO.  ATOM         X         Y         Z
  QMMM:     1        1      C        1.8850   -1.0360   -0.1120
  QMMM:     2        2      C        0.8070   -0.4630    0.5610
  QMMM:     3        3      C        2.8780   -1.6520    2.0020
  QMMM:     4        4      C        5.1370   -1.4110   -0.3700
  QMMM:     5        5      C        2.9210   -1.6310    0.6080
  QMMM:     6        6      C        4.0400   -2.2250   -0.0910
  QMMM:     7        7      C        0.7640   -0.4840    1.9550
  QMMM:     8        8      C        1.8000   -1.0790    2.6760
  QMMM:     9        9      C        6.2410   -1.9340   -1.0430
  QMMM:    10       10      C        4.0460   -3.5630   -0.4850
  QMMM:    11       11      C        6.2470   -3.2720   -1.4370
  QMMM:    12       12      C        5.1500   -4.0870   -1.1580
  QMMM:    13       13      Cl      -0.5980    0.2460    2.7310
  QMMM:    14       14      Cl       1.8050   -1.1320    4.4040
  QMMM:    15       15      Cl       7.5640   -0.8610   -1.3530
  QMMM:    16       16      Cl       2.6650   -4.5620   -0.1260
  QMMM:    17       17      Cl       7.6320   -3.9110   -2.2780
  QMMM:    18       18      Cl       5.1560   -5.7590   -1.6490
  QMMM:    19       19      H        1.9030   -1.0140   -1.2000
  QMMM:    20       20      H        0.0080   -0.0050   -0.0170
  QMMM:    21       21      H        3.6870   -2.1180    2.5630
  QMMM:    22       22      H        5.1320   -0.3660   -0.0620

--------------------------------------------------------------------------------
  RESULTS
--------------------------------------------------------------------------------

      iter         sqm energy              rms gradient
      ----    -------------------    -----------------------
xmin    10       15.5115 kcal/mol        0.0457 kcal/(mol*A)
xmin    20       15.5107 kcal/mol        0.0112 kcal/(mol*A)
xmin    30       15.5073 kcal/mol        0.1711 kcal/(mol*A)
xmin    40       15.5062 kcal/mol        0.0168 kcal/(mol*A)
xmin    50       15.5059 kcal/mol        0.0254 kcal/(mol*A)
xmin    60       15.5054 kcal/mol        0.0439 kcal/(mol*A)
xmin    70       15.5008 kcal/mol        0.0406 kcal/(mol*A)
xmin    80       15.4983 kcal/mol        0.0198 kcal/(mol*A)
xmin    90       15.4930 kcal/mol        0.1042 kcal/(mol*A)
xmin   100       15.4903 kcal/mol        0.0792 kcal/(mol*A)
xmin   110       15.4847 kcal/mol        0.3266 kcal/(mol*A)
xmin   120       15.4795 kcal/mol        0.0209 kcal/(mol*A)
xmin   130       15.4753 kcal/mol        0.0860 kcal/(mol*A)
xmin   140       15.4951 kcal/mol        0.1043 kcal/(mol*A)
xmin   150       15.4837 kcal/mol        0.1061 kcal/(mol*A)
xmin   160       15.4821 kcal/mol        0.1081 kcal/(mol*A)
xmin   170       15.4716 kcal/mol        0.1258 kcal/(mol*A)
xmin   180       15.4669 kcal/mol        0.0494 kcal/(mol*A)
xmin   190       15.4624 kcal/mol        0.0345 kcal/(mol*A)
xmin   200       15.4568 kcal/mol        0.0709 kcal/(mol*A)
xmin   210       15.4446 kcal/mol        0.1227 kcal/(mol*A)
xmin   220       15.4359 kcal/mol        0.1509 kcal/(mol*A)
xmin   230       15.4185 kcal/mol        0.2659 kcal/(mol*A)
xmin   240       15.4130 kcal/mol        0.0448 kcal/(mol*A)
xmin   250       15.4105 kcal/mol        0.0442 kcal/(mol*A)
xmin   260       15.4101 kcal/mol        0.0093 kcal/(mol*A)
xmin   270       15.4099 kcal/mol        0.0293 kcal/(mol*A)
xmin   280       15.4098 kcal/mol        0.0102 kcal/(mol*A)
xmin   290       15.4096 kcal/mol        0.0076 kcal/(mol*A)
xmin   300       15.4095 kcal/mol        0.0036 kcal/(mol*A)
xmin   310       15.4095 kcal/mol        0.0028 kcal/(mol*A)
xmin   320       15.4095 kcal/mol        0.0037 kcal/(mol*A)
xmin   330       15.4095 kcal/mol        0.0023 kcal/(mol*A)
xmin   340       15.4095 kcal/mol        0.0007 kcal/(mol*A)
xmin   350       15.4095 kcal/mol        0.0027 kcal/(mol*A)
  ... geometry converged !
 
 Final MO eigenvalues (eV):
 -41.2491  -40.0099  -38.6065  -38.3813  -38.0003  -37.9375  -37.8960  -37.3150
 -33.7038  -32.0713  -31.7018  -30.1664  -25.4072  -24.8055  -23.9194  -22.8483
 -19.5206  -18.5688  -18.2143  -17.9601  -17.1554  -16.9051  -16.1691  -15.9879
 -15.7047  -15.2567  -15.1316  -14.5852  -14.1863  -14.1107  -13.5830  -13.5273
 -13.1972  -13.1414  -12.9422  -12.6186  -12.4485  -12.3895  -12.3151  -12.0953
 -12.0596  -12.0190  -11.8997  -10.2940  -10.0635   -9.8965   -9.5715   -0.9741
  -0.7297   -0.3360   -0.2409    0.4301    0.6598    0.8776    0.9190    1.1468
   1.1563    1.5662    2.0491    2.8311    3.1402    3.2205    3.4398    3.5360
   3.5901    3.7120    3.7721    3.9614    4.0399    4.2873    4.3633    4.4077
   4.5872    4.7377    4.8879    5.1526

 Heat of formation   =         15.40949877 kcal/mol  (        0.66820601 eV)

 Total SCF energy    =     -88402.07492237 kcal/mol  (    -3833.40162709 eV)
 Electronic energy   =    -441105.27738846 kcal/mol  (   -19127.76017469 eV)
 Core-core repulsion =     352703.20246609 kcal/mol  (    15294.35854760 eV)
 
    Atomic Charges for Step       1 :
  Atom    Element       Mulliken Charge
     1      C                 -0.095
     2      C                 -0.119
     3      C                 -0.099
     4      C                 -0.102
     5      C                 -0.043
     6      C                 -0.019
     7      C                 -0.052
     8      C                 -0.064
     9      C                 -0.057
    10      C                 -0.046
    11      C                 -0.054
    12      C                 -0.058
    13      Cl                 0.017
    14      Cl                 0.015
    15      Cl                 0.027
    16      Cl                 0.032
    17      Cl                 0.045
    18      Cl                 0.043
    19      H                  0.151
    20      H                  0.156
    21      H                  0.157
    22      H                  0.165
 Total Mulliken Charge =      -0.000
 
                  X        Y        Z     TOTAL  
  QM DIPOLE    -0.175    0.600   -0.665    0.913
 
 Final Structure

  QMMM: QM Region Cartesian Coordinates (*=link atom) 
  QMMM: QM_NO.   MM_NO.  ATOM         X         Y         Z
  QMMM:     1        1      C        1.7142   -1.3311   -0.0748
  QMMM:     2        2      C        0.6478   -0.7459    0.6004
  QMMM:     3        3      C        3.0009   -1.3640    1.9759
  QMMM:     4        4      C        5.2406   -1.5267   -0.1323
  QMMM:     5        5      C        2.8960   -1.6447    0.6093
  QMMM:     6        6      C        4.0361   -2.2372   -0.0959
  QMMM:     7        7      C        0.7467   -0.4679    1.9688
  QMMM:     8        8      C        1.9288   -0.7797    2.6577
  QMMM:     9        9      C        6.3526   -2.0434   -0.7986
  QMMM:    10       10      C        3.9558   -3.4898   -0.7269
  QMMM:    11       11      C        6.2766   -3.2900   -1.4396
  QMMM:    12       12      C        5.0731   -4.0141   -1.3993
  QMMM:    13       13      Cl      -0.5703    0.2428    2.7638
  QMMM:    14       14      Cl       2.0886   -0.4588    4.3149
  QMMM:    15       15      Cl       7.7861   -1.1402   -0.8174
  QMMM:    16       16      Cl       2.5170   -4.3846   -0.6666
  QMMM:    17       17      Cl       7.6230   -3.9148   -2.2507
  QMMM:    18       18      Cl       4.9733   -5.5227   -2.1623
  QMMM:    19       19      H        1.6277   -1.5492   -1.1506
  QMMM:    20       20      H       -0.2782   -0.5010    0.0566
  QMMM:    21       21      H        3.9290   -1.6088    2.5168
  QMMM:    22       22      H        5.3045   -0.5470    0.3699

           --------- Calculation Completed ----------

