            --------------------------------------------------------
                             AMBER SQM VERSION 19
 
                                     By
              Ross C. Walker, Michael F. Crowley, Scott Brozell,
                         Tim Giese, Andreas W. Goetz,
                        Tai-Sung Lee and David A. Case
 
            --------------------------------------------------------
 

--------------------------------------------------------------------------------
  QM CALCULATION INFO
--------------------------------------------------------------------------------

| QMMM: Citation for AMBER QMMM Run:
| QMMM: R.C. Walker, M.F. Crowley and D.A. Case, J. COMP. CHEM. 29:1019, 2008

QMMM: SINGLET STATE CALCULATION
QMMM: RHF CALCULATION, NO. OF DOUBLY OCCUPIED LEVELS = 24

| QMMM: *** Selected Hamiltonian *** 
| QMMM: AM1         

| QMMM: *** Parameter sets in use ***
| QMMM: C : M.J.S.DEWAR et al. JACS, 107, 3902, (1985)
| QMMM: H : M.J.S.DEWAR et al. JACS, 107, 3902, (1985)

| QMMM: *** SCF convergence criteria ***
| QMMM: Energy change                :  0.1D-09 kcal/mol
| QMMM: Error matrix |FP-PF|         :  0.1D+00 au
| QMMM: Density matrix change        :  0.5D-06
| QMMM: Maximum number of SCF cycles :     1000

| QMMM: *** Diagonalization Routine Information ***
| QMMM: Pseudo diagonalizations are allowed.
| QMMM: Auto diagonalization routine selection is in use.
| QMMM:
| QMMM: Timing diagonalization routines:
| QMMM:                              norbs =       48
| QMMM:    diag iterations used for timing =       20
| QMMM:
| QMMM:              Internal diag routine = 0.015957 seconds
| QMMM:                 Dspev diag routine = 0.016930 seconds
| QMMM:                Dspevd diag routine = 0.008754 seconds
| QMMM:                Dspevx diag routine = 0.024469 seconds
| QMMM:                 Dsyev diag routine = 0.006329 seconds
| QMMM:                Dsyevd diag routine = 0.004913 seconds
| QMMM:                Dsyevr diag routine = 0.006034 seconds
| QMMM:
| QMMM:                Pseudo diag routine = 0.001050 seconds
| QMMM:
| QMMM: Using dsyevd routine (diag_routine=6).

  QMMM: QM Region Cartesian Coordinates (*=link atom) 
  QMMM: QM_NO.   MM_NO.  ATOM         X         Y         Z
  QMMM:     1        1      C        3.2580   -1.9340    0.4980
  QMMM:     2        2      C        2.3340   -1.2760   -0.3140
  QMMM:     3        3      C        3.1420   -1.8620    1.8860
  QMMM:     4        4      C        1.2950   -0.5460    0.2620
  QMMM:     5        5      C        2.1030   -1.1310    2.4630
  QMMM:     6        6      C        1.1790   -0.4730    1.6510
  QMMM:     7        7      C        1.9980   -1.0690    3.9510
  QMMM:     8        8      C       -1.0670   -0.5770    2.7590
  QMMM:     9        9      C        0.0590    0.3150    2.2450
  QMMM:    10       10      H        4.0670   -2.5020    0.0490
  QMMM:    11       11      H        2.4250   -1.3320   -1.3950
  QMMM:    12       12      H        3.8680   -2.3770    2.5100
  QMMM:    13       13      H        0.5800   -0.0370   -0.3790
  QMMM:    14       14      H        2.5650   -0.2130    4.3360
  QMMM:    15       15      H        0.9540   -0.9690    4.2710
  QMMM:    16       16      H        2.3880   -1.9840    4.4150
  QMMM:    17       17      H       -1.4600   -1.2150    1.9600
  QMMM:    18       18      H       -1.8940    0.0290    3.1450
  QMMM:    19       19      H       -0.7160   -1.2270    3.5670
  QMMM:    20       20      H        0.4290    0.9430    3.0710
  QMMM:    21       21      H       -0.3480    1.0190    1.5020

--------------------------------------------------------------------------------
  RESULTS
--------------------------------------------------------------------------------

      iter         sqm energy              rms gradient
      ----    -------------------    -----------------------
xmin    10        2.4014 kcal/mol        0.6410 kcal/(mol*A)
xmin    20        2.2132 kcal/mol        0.5498 kcal/(mol*A)
xmin    30        2.0523 kcal/mol        0.2803 kcal/(mol*A)
xmin    40        1.9595 kcal/mol        0.4456 kcal/(mol*A)
xmin    50        1.9473 kcal/mol        0.0411 kcal/(mol*A)
xmin    60        1.9440 kcal/mol        0.0584 kcal/(mol*A)
xmin    70        1.9429 kcal/mol        0.0307 kcal/(mol*A)
xmin    80        1.9427 kcal/mol        0.0105 kcal/(mol*A)
xmin    90        1.9427 kcal/mol        0.0046 kcal/(mol*A)
xmin   100        1.9427 kcal/mol        0.0013 kcal/(mol*A)
  ... geometry converged !
 
 Final MO eigenvalues (eV):
 -39.8109  -34.8526  -33.1359  -30.0735  -27.4541  -24.4570  -22.4617  -21.0462
 -17.0365  -16.3961  -15.9298  -14.8622  -14.3976  -14.1581  -13.8833  -13.5076
 -12.9969  -12.6814  -12.4564  -12.0442  -11.5001  -11.4560   -9.4547   -9.2023
   0.5292    0.6172    2.9154    3.8013    3.8952    4.0027    4.1253    4.2099
   4.3229    4.4685    4.5697    4.6044    4.6510    4.6999    4.8188    4.9269
   4.9442    5.1288    5.2837    5.3234    5.6963    5.7173    5.8598    6.2160


 Heat of formation   =          1.94268004 kcal/mol  (        0.08424093 eV)

 Total SCF energy    =     -30390.24458543 kcal/mol  (    -1317.81989443 eV)
 Electronic energy   =    -154041.69570847 kcal/mol  (    -6679.74917430 eV)
 Core-core repulsion =     123651.45112304 kcal/mol  (     5361.92927987 eV)
 
    Atomic Charges for Step       1 :
  Atom    Element       Mulliken Charge
     1      C                 -0.130
     2      C                 -0.133
     3      C                 -0.129
     4      C                 -0.126
     5      C                 -0.066
     6      C                 -0.069
     7      C                 -0.178
     8      C                 -0.207
     9      C                 -0.125
    10      H                  0.130
    11      H                  0.130
    12      H                  0.129
    13      H                  0.130
    14      H                  0.084
    15      H                  0.085
    16      H                  0.080
    17      H                  0.077
    18      H                  0.072
    19      H                  0.076
    20      H                  0.086
    21      H                  0.085
 Total Mulliken Charge =      -0.000
 
                  X        Y        Z     TOTAL  
  QM DIPOLE    -0.220    0.113    0.343    0.423
 
 Final Structure

  QMMM: QM Region Cartesian Coordinates (*=link atom) 
  QMMM: QM_NO.   MM_NO.  ATOM         X         Y         Z
  QMMM:     1        1      C        3.2260   -1.9853    0.5135
  QMMM:     2        2      C        2.2726   -1.3449   -0.2773
  QMMM:     3        3      C        3.1597   -1.8806    1.9004
  QMMM:     4        4      C        1.2594   -0.6030    0.3243
  QMMM:     5        5      C        2.1441   -1.1376    2.5154
  QMMM:     6        6      C        1.1837   -0.4914    1.7183
  QMMM:     7        7      C        2.1037   -1.0409    3.9938
  QMMM:     8        8      C       -1.1539   -0.5104    2.5696
  QMMM:     9        9      C        0.0855    0.3163    2.3203
  QMMM:    10       10      H        4.0288   -2.5719    0.0439
  QMMM:    11       11      H        2.3203   -1.4246   -1.3728
  QMMM:    12       12      H        3.9133   -2.3871    2.5223
  QMMM:    13       13      H        0.5071   -0.0973   -0.2998
  QMMM:    14       14      H        2.3501    0.0014    4.3198
  QMMM:    15       15      H        1.0830   -1.2946    4.3758
  QMMM:    16       16      H        2.8392   -1.7377    4.4658
  QMMM:    17       17      H       -1.5302   -0.9505    1.6148
  QMMM:    18       18      H       -1.9581    0.1281    3.0084
  QMMM:    19       19      H       -0.9364   -1.3451    3.2789
  QMMM:    20       20      H        0.4319    0.7727    3.2866
  QMMM:    21       21      H       -0.1709    1.1664    1.6311

           --------- Calculation Completed ----------

