            --------------------------------------------------------
                             AMBER SQM VERSION 19
 
                                     By
              Ross C. Walker, Michael F. Crowley, Scott Brozell,
                         Tim Giese, Andreas W. Goetz,
                        Tai-Sung Lee and David A. Case
 
            --------------------------------------------------------
 

--------------------------------------------------------------------------------
  QM CALCULATION INFO
--------------------------------------------------------------------------------

| QMMM: Citation for AMBER QMMM Run:
| QMMM: R.C. Walker, M.F. Crowley and D.A. Case, J. COMP. CHEM. 29:1019, 2008

QMMM: SINGLET STATE CALCULATION
QMMM: RHF CALCULATION, NO. OF DOUBLY OCCUPIED LEVELS =  7

| QMMM: *** Selected Hamiltonian *** 
| QMMM: AM1         

| QMMM: *** Parameter sets in use ***
| QMMM: H : M.J.S.DEWAR et al. JACS, 107, 3902, (1985)
| QMMM: C : M.J.S.DEWAR et al. JACS, 107, 3902, (1985)
| QMMM: S : M.J.S.DEWAR et al. INORG. CHEM., 29, 3881, (1990)

| QMMM: *** SCF convergence criteria ***
| QMMM: Energy change                :  0.1D-09 kcal/mol
| QMMM: Error matrix |FP-PF|         :  0.1D+00 au
| QMMM: Density matrix change        :  0.5D-06
| QMMM: Maximum number of SCF cycles :     1000

| QMMM: *** Diagonalization Routine Information ***
| QMMM: Pseudo diagonalizations are allowed.
| QMMM: Auto diagonalization routine selection is in use.
| QMMM:
| QMMM: Timing diagonalization routines:
| QMMM:                              norbs =       12
| QMMM:    diag iterations used for timing =       20
| QMMM:
| QMMM:              Internal diag routine = 0.000334 seconds
| QMMM:                 Dspev diag routine = 0.000514 seconds
| QMMM:                Dspevd diag routine = 0.000421 seconds
| QMMM:                Dspevx diag routine = 0.001673 seconds
| QMMM:                 Dsyev diag routine = 0.000424 seconds
| QMMM:                Dsyevd diag routine = 0.000484 seconds
| QMMM:                Dsyevr diag routine = 0.004749 seconds
| QMMM:
| QMMM:                Pseudo diag routine = 0.000044 seconds
| QMMM:
| QMMM: Using internal diagonalization routine (diag_routine=1).

  QMMM: QM Region Cartesian Coordinates (*=link atom) 
  QMMM: QM_NO.   MM_NO.  ATOM         X         Y         Z
  QMMM:     1        1      H       -1.7290    0.3590   -0.5740
  QMMM:     2        2      C       -0.7000    0.0560   -0.6690
  QMMM:     3        3      H       -0.5790   -1.0380   -0.4440
  QMMM:     4        4      H       -0.3030    0.2300   -1.6890
  QMMM:     5        5      S        0.3030    1.0070    0.5120
  QMMM:     6        6      H        1.4920    0.4060    0.2160

--------------------------------------------------------------------------------
  RESULTS
--------------------------------------------------------------------------------

      iter         sqm energy              rms gradient
      ----    -------------------    -----------------------
xmin    10       -4.3707 kcal/mol        0.0268 kcal/(mol*A)
xmin    20       -4.3708 kcal/mol        0.0019 kcal/(mol*A)
  ... geometry converged !
 
 Final MO eigenvalues (eV):
 -30.0048  -18.5952  -15.5004  -14.6268  -13.4985  -11.5106   -8.9344    0.8739
   1.7443    3.8691    3.8848    4.4588

 Heat of formation   =         -4.37076119 kcal/mol  (       -0.18953043 eV)

 Total SCF energy    =      -8708.98990158 kcal/mol  (     -377.65014100 eV)
 Electronic energy   =     -20068.21684655 kcal/mol  (     -870.22318401 eV)
 Core-core repulsion =      11359.22694497 kcal/mol  (      492.57304302 eV)
 
    Atomic Charges for Step       1 :
  Atom    Element       Mulliken Charge
     1      H                  0.119
     2      C                 -0.324
     3      H                  0.095
     4      H                  0.095
     5      S                 -0.009
     6      H                  0.024
 Total Mulliken Charge =      -0.000
 
                  X        Y        Z     TOTAL  
  QM DIPOLE     0.164   -1.248   -1.236    1.764
 
 Final Structure

  QMMM: QM Region Cartesian Coordinates (*=link atom) 
  QMMM: QM_NO.   MM_NO.  ATOM         X         Y         Z
  QMMM:     1        1      H       -1.7050    0.3924   -0.5460
  QMMM:     2        2      C       -0.6536    0.0411   -0.6646
  QMMM:     3        3      H       -0.6133   -1.0518   -0.4624
  QMMM:     4        4      H       -0.3279    0.2239   -1.7121
  QMMM:     5        5      S        0.2943    0.9604    0.4904
  QMMM:     6        6      H        1.4895    0.4540    0.2467

           --------- Calculation Completed ----------

