            --------------------------------------------------------
                             AMBER SQM VERSION 19
 
                                     By
              Ross C. Walker, Michael F. Crowley, Scott Brozell,
                         Tim Giese, Andreas W. Goetz,
                        Tai-Sung Lee and David A. Case
 
            --------------------------------------------------------
 

--------------------------------------------------------------------------------
  QM CALCULATION INFO
--------------------------------------------------------------------------------

| QMMM: Citation for AMBER QMMM Run:
| QMMM: R.C. Walker, M.F. Crowley and D.A. Case, J. COMP. CHEM. 29:1019, 2008

QMMM: SINGLET STATE CALCULATION
QMMM: RHF CALCULATION, NO. OF DOUBLY OCCUPIED LEVELS =  9

| QMMM: *** Selected Hamiltonian *** 
| QMMM: AM1         

| QMMM: *** Parameter sets in use ***
| QMMM: C : M.J.S.DEWAR et al. JACS, 107, 3902, (1985)
| QMMM: O : M.J.S.DEWAR et al. JACS, 107, 3902, (1985)
| QMMM: H : M.J.S.DEWAR et al. JACS, 107, 3902, (1985)

| QMMM: *** SCF convergence criteria ***
| QMMM: Energy change                :  0.1D-09 kcal/mol
| QMMM: Error matrix |FP-PF|         :  0.1D+00 au
| QMMM: Density matrix change        :  0.5D-06
| QMMM: Maximum number of SCF cycles :     1000

| QMMM: *** Diagonalization Routine Information ***
| QMMM: Pseudo diagonalizations are allowed.
| QMMM: Auto diagonalization routine selection is in use.
| QMMM:
| QMMM: Timing diagonalization routines:
| QMMM:                              norbs =       16
| QMMM:    diag iterations used for timing =       20
| QMMM:
| QMMM:              Internal diag routine = 0.000603 seconds
| QMMM:                 Dspev diag routine = 0.000895 seconds
| QMMM:                Dspevd diag routine = 0.000751 seconds
| QMMM:                Dspevx diag routine = 0.012954 seconds
| QMMM:                 Dsyev diag routine = 0.000827 seconds
| QMMM:                Dsyevd diag routine = 0.000746 seconds
| QMMM:                Dsyevr diag routine = 0.001228 seconds
| QMMM:
| QMMM:                Pseudo diag routine = 0.000107 seconds
| QMMM:
| QMMM: Using internal diagonalization routine (diag_routine=1).

  QMMM: QM Region Cartesian Coordinates (*=link atom) 
  QMMM: QM_NO.   MM_NO.  ATOM         X         Y         Z
  QMMM:     1        1      C       -1.5030   -0.9600    1.1510
  QMMM:     2        2      C       -0.5890   -0.9200   -0.0340
  QMMM:     3        3      O       -1.4760   -1.8490    1.9960
  QMMM:     4        4      H       -2.2230   -0.1270    1.2270
  QMMM:     5        5      H        0.0000    0.0000    0.0000
  QMMM:     6        6      H        0.0830   -1.7820   -0.0190
  QMMM:     7        7      H       -1.1870   -0.9400   -0.9480

--------------------------------------------------------------------------------
  RESULTS
--------------------------------------------------------------------------------

      iter         sqm energy              rms gradient
      ----    -------------------    -----------------------
xmin    10      -41.6270 kcal/mol        0.0049 kcal/(mol*A)
xmin    20      -41.6270 kcal/mol        0.0026 kcal/(mol*A)
xmin    30      -41.6270 kcal/mol        0.0041 kcal/(mol*A)
xmin    40      -41.6270 kcal/mol        0.0008 kcal/(mol*A)
  ... geometry converged !
 
 Final MO eigenvalues (eV):
 -39.1352  -31.2513  -22.3084  -17.1178  -15.7369  -15.4434  -13.3326  -13.0476
 -10.7194    0.8351    3.1974    3.7867    3.9980    4.1444    4.6326    6.3098


 Heat of formation   =        -41.62704721 kcal/mol  (       -1.80508422 eV)

 Total SCF energy    =     -14564.46314099 kcal/mol  (     -631.56251424 eV)
 Electronic energy   =     -35199.95857940 kcal/mol  (    -1526.38474391 eV)
 Core-core repulsion =      20635.49543842 kcal/mol  (      894.82222967 eV)
 
    Atomic Charges for Step       1 :
  Atom    Element       Mulliken Charge
     1      C                  0.180
     2      C                 -0.289
     3      O                 -0.287
     4      H                  0.083
     5      H                  0.103
     6      H                  0.107
     7      H                  0.103
 Total Mulliken Charge =      -0.000
 
                  X        Y        Z     TOTAL  
  QM DIPOLE     0.155    1.804   -1.989    2.689
 
 Final Structure

  QMMM: QM Region Cartesian Coordinates (*=link atom) 
  QMMM: QM_NO.   MM_NO.  ATOM         X         Y         Z
  QMMM:     1        1      C       -1.5052   -0.9640    1.1552
  QMMM:     2        2      C       -0.5935   -0.9242   -0.0221
  QMMM:     3        3      O       -1.4783   -1.8532    2.0067
  QMMM:     4        4      H       -2.2312   -0.1214    1.2228
  QMMM:     5        5      H        0.0055    0.0192    0.0008
  QMMM:     6        6      H        0.1049   -1.7958   -0.0276
  QMMM:     7        7      H       -1.1972   -0.9385   -0.9628

           --------- Calculation Completed ----------

