            --------------------------------------------------------
                             AMBER SQM VERSION 19
 
                                     By
              Ross C. Walker, Michael F. Crowley, Scott Brozell,
                         Tim Giese, Andreas W. Goetz,
                        Tai-Sung Lee and David A. Case
 
            --------------------------------------------------------
 

--------------------------------------------------------------------------------
  QM CALCULATION INFO
--------------------------------------------------------------------------------

| QMMM: Citation for AMBER QMMM Run:
| QMMM: R.C. Walker, M.F. Crowley and D.A. Case, J. COMP. CHEM. 29:1019, 2008

QMMM: SINGLET STATE CALCULATION
QMMM: RHF CALCULATION, NO. OF DOUBLY OCCUPIED LEVELS = 18

| QMMM: *** Selected Hamiltonian *** 
| QMMM: AM1         

| QMMM: *** Parameter sets in use ***
| QMMM: C : M.J.S.DEWAR et al. JACS, 107, 3902, (1985)
| QMMM: N : M.J.S.DEWAR et al. JACS, 107, 3902, (1985)
| QMMM: Cl: M.J.S.DEWAR et al. THEOCHEM, 180, 1, (1988)
| QMMM: H : M.J.S.DEWAR et al. JACS, 107, 3902, (1985)

| QMMM: *** SCF convergence criteria ***
| QMMM: Energy change                :  0.1D-09 kcal/mol
| QMMM: Error matrix |FP-PF|         :  0.1D+00 au
| QMMM: Density matrix change        :  0.5D-06
| QMMM: Maximum number of SCF cycles :     1000

| QMMM: *** Diagonalization Routine Information ***
| QMMM: Pseudo diagonalizations are allowed.
| QMMM: Auto diagonalization routine selection is in use.
| QMMM:
| QMMM: Timing diagonalization routines:
| QMMM:                              norbs =       32
| QMMM:    diag iterations used for timing =       20
| QMMM:
| QMMM:              Internal diag routine = 0.009027 seconds
| QMMM:                 Dspev diag routine = 0.002690 seconds
| QMMM:                Dspevd diag routine = 0.006270 seconds
| QMMM:                Dspevx diag routine = 0.019629 seconds
| QMMM:                 Dsyev diag routine = 0.002436 seconds
| QMMM:                Dsyevd diag routine = 0.002752 seconds
| QMMM:                Dsyevr diag routine = 0.002907 seconds
| QMMM:
| QMMM:                Pseudo diag routine = 0.000562 seconds
| QMMM:
| QMMM: Using dsyev routine (diag_routine=5).

  QMMM: QM Region Cartesian Coordinates (*=link atom) 
  QMMM: QM_NO.   MM_NO.  ATOM         X         Y         Z
  QMMM:     1        1      C        0.2060   -0.4420    0.9680
  QMMM:     2        2      C        1.3350   -0.0800    1.6950
  QMMM:     3        3      C       -0.6460   -1.3850    1.5200
  QMMM:     4        4      C        0.6600   -1.5970    3.3980
  QMMM:     5        5      C        1.5730   -0.6640    2.9340
  QMMM:     6        6      N       -0.4480   -1.9740    2.7210
  QMMM:     7        7      Cl       2.9540   -0.2430    3.8590
  QMMM:     8        8      H       -0.0000   -0.0000   -0.0000
  QMMM:     9        9      H        2.0190    0.6570    1.2840
  QMMM:    10       10      H       -1.5410   -1.7010    0.9930
  QMMM:    11       11      H        0.7890   -2.0880    4.3580

--------------------------------------------------------------------------------
  RESULTS
--------------------------------------------------------------------------------

      iter         sqm energy              rms gradient
      ----    -------------------    -----------------------
xmin    10       25.1833 kcal/mol        0.0064 kcal/(mol*A)
  ... geometry converged !
 
 Final MO eigenvalues (eV):
 -40.3211  -37.8917  -33.3323  -31.5036  -24.5603  -24.3284  -18.3954  -17.3500
 -17.2244  -15.0671  -14.9829  -14.2610  -13.1812  -13.0901  -12.3084  -10.8590
 -10.8568   -9.8448   -0.2311   -0.0151    1.1406    2.4630    3.3096    3.4766
   3.5461    3.6898    4.0849    4.3477    4.6974    4.7979    5.2714    6.5398


 Heat of formation   =         25.18328112 kcal/mol  (        1.09202902 eV)

 Total SCF energy    =     -29412.57483685 kcal/mol  (    -1275.42495281 eV)
 Electronic energy   =    -102485.13540673 kcal/mol  (    -4444.08895567 eV)
 Core-core repulsion =      73072.56056988 kcal/mol  (     3168.66400286 eV)
 
    Atomic Charges for Step       1 :
  Atom    Element       Mulliken Charge
     1      C                 -0.172
     2      C                 -0.088
     3      C                 -0.072
     4      C                 -0.062
     5      C                 -0.120
     6      N                 -0.128
     7      Cl                 0.004
     8      H                  0.149
     9      H                  0.152
    10      H                  0.164
    11      H                  0.173
 Total Mulliken Charge =       0.000
 
                  X        Y        Z     TOTAL  
  QM DIPOLE     0.322    1.061   -1.368    1.761
 
 Final Structure

  QMMM: QM Region Cartesian Coordinates (*=link atom) 
  QMMM: QM_NO.   MM_NO.  ATOM         X         Y         Z
  QMMM:     1        1      C        0.2122   -0.4367    0.9663
  QMMM:     2        2      C        1.3494   -0.0628    1.6831
  QMMM:     3        3      C       -0.6546   -1.3934    1.5250
  QMMM:     4        4      C        0.6506   -1.6105    3.4103
  QMMM:     5        5      C        1.5766   -0.6587    2.9292
  QMMM:     6        6      N       -0.4465   -1.9738    2.7232
  QMMM:     7        7      Cl       2.9358   -0.2518    3.8514
  QMMM:     8        8      H       -0.0047    0.0056   -0.0150
  QMMM:     9        9      H        2.0504    0.6823    1.2783
  QMMM:    10       10      H       -1.5652   -1.7155    0.9885
  QMMM:    11       11      H        0.7969   -2.1017    4.3897

           --------- Calculation Completed ----------

