            --------------------------------------------------------
                             AMBER SQM VERSION 19
 
                                     By
              Ross C. Walker, Michael F. Crowley, Scott Brozell,
                         Tim Giese, Andreas W. Goetz,
                        Tai-Sung Lee and David A. Case
 
            --------------------------------------------------------
 

--------------------------------------------------------------------------------
  QM CALCULATION INFO
--------------------------------------------------------------------------------

| QMMM: Citation for AMBER QMMM Run:
| QMMM: R.C. Walker, M.F. Crowley and D.A. Case, J. COMP. CHEM. 29:1019, 2008

QMMM: SINGLET STATE CALCULATION
QMMM: RHF CALCULATION, NO. OF DOUBLY OCCUPIED LEVELS = 15

| QMMM: *** Selected Hamiltonian *** 
| QMMM: AM1         

| QMMM: *** Parameter sets in use ***
| QMMM: C : M.J.S.DEWAR et al. JACS, 107, 3902, (1985)
| QMMM: O : M.J.S.DEWAR et al. JACS, 107, 3902, (1985)
| QMMM: H : M.J.S.DEWAR et al. JACS, 107, 3902, (1985)

| QMMM: *** SCF convergence criteria ***
| QMMM: Energy change                :  0.1D-09 kcal/mol
| QMMM: Error matrix |FP-PF|         :  0.1D+00 au
| QMMM: Density matrix change        :  0.5D-06
| QMMM: Maximum number of SCF cycles :     1000

| QMMM: *** Diagonalization Routine Information ***
| QMMM: Pseudo diagonalizations are allowed.
| QMMM: Auto diagonalization routine selection is in use.
| QMMM:
| QMMM: Timing diagonalization routines:
| QMMM:                              norbs =       28
| QMMM:    diag iterations used for timing =       20
| QMMM:
| QMMM:              Internal diag routine = 0.001676 seconds
| QMMM:                 Dspev diag routine = 0.013093 seconds
| QMMM:                Dspevd diag routine = 0.002111 seconds
| QMMM:                Dspevx diag routine = 0.018025 seconds
| QMMM:                 Dsyev diag routine = 0.007834 seconds
| QMMM:                Dsyevd diag routine = 0.002090 seconds
| QMMM:                Dsyevr diag routine = 0.004166 seconds
| QMMM:
| QMMM:                Pseudo diag routine = 0.000470 seconds
| QMMM:
| QMMM: Using internal diagonalization routine (diag_routine=1).

  QMMM: QM Region Cartesian Coordinates (*=link atom) 
  QMMM: QM_NO.   MM_NO.  ATOM         X         Y         Z
  QMMM:     1        1      C        2.7210    1.9250   -2.5420
  QMMM:     2        2      C       -0.0380   -0.3340   -1.0420
  QMMM:     3        3      C        2.0590    0.9330   -1.6170
  QMMM:     4        4      C        0.5950    0.6930   -1.9660
  QMMM:     5        5      O        2.1550    2.5140   -3.4580
  QMMM:     6        6      H        3.7920    2.1030   -2.3430
  QMMM:     7        7      H        0.0000    0.0000   -0.0000
  QMMM:     8        8      H       -1.0870   -0.4910   -1.3100
  QMMM:     9        9      H        0.4790   -1.2970   -1.1130
  QMMM:    10       10      H        2.1500    1.3220   -0.5970
  QMMM:    11       11      H        2.6250   -0.0030   -1.6780
  QMMM:    12       12      H        0.0350    1.6330   -1.9000
  QMMM:    13       13      H        0.5090    0.3470   -3.0040

--------------------------------------------------------------------------------
  RESULTS
--------------------------------------------------------------------------------

      iter         sqm energy              rms gradient
      ----    -------------------    -----------------------
xmin    10      -54.6940 kcal/mol        0.1473 kcal/(mol*A)
xmin    20      -54.6964 kcal/mol        0.0512 kcal/(mol*A)
xmin    30      -54.6972 kcal/mol        0.0142 kcal/(mol*A)
xmin    40      -54.6974 kcal/mol        0.0255 kcal/(mol*A)
xmin    50      -54.6975 kcal/mol        0.0080 kcal/(mol*A)
xmin    60      -54.6975 kcal/mol        0.0177 kcal/(mol*A)
xmin    70      -54.6975 kcal/mol        0.0070 kcal/(mol*A)
xmin    80      -54.6975 kcal/mol        0.0121 kcal/(mol*A)
xmin    90      -54.6975 kcal/mol        0.0058 kcal/(mol*A)
xmin   100      -54.6975 kcal/mol        0.0015 kcal/(mol*A)
xmin   110      -54.6975 kcal/mol        0.0015 kcal/(mol*A)
xmin   120      -54.6975 kcal/mol        0.0013 kcal/(mol*A)
xmin   130      -54.6975 kcal/mol        0.0026 kcal/(mol*A)
xmin   140      -54.6975 kcal/mol        0.0036 kcal/(mol*A)
xmin   150      -54.6975 kcal/mol        0.0038 kcal/(mol*A)
  ... geometry converged !
 
 Final MO eigenvalues (eV):
 -39.3901  -35.3429  -29.5325  -23.7497  -21.0574  -17.0538  -16.4622  -16.0637
 -14.4682  -13.9635  -13.1598  -12.8876  -12.1318  -11.5429  -10.5707    0.8716
   3.0858    3.6304    3.7642    3.9841    4.2015    4.2819    4.6130    4.6287
   4.9193    4.9413    5.1017    6.3511

 Heat of formation   =        -54.69754279 kcal/mol  (       -2.37186344 eV)

 Total SCF energy    =     -21751.23969962 kcal/mol  (     -943.20453144 eV)
 Electronic energy   =     -74506.18277287 kcal/mol  (    -3230.83052655 eV)
 Core-core repulsion =      52754.94307325 kcal/mol  (     2287.62599511 eV)
 
    Atomic Charges for Step       1 :
  Atom    Element       Mulliken Charge
     1      C                  0.181
     2      C                 -0.212
     3      C                 -0.228
     4      C                 -0.155
     5      O                 -0.286
     6      H                  0.082
     7      H                  0.071
     8      H                  0.078
     9      H                  0.071
    10      H                  0.106
    11      H                  0.106
    12      H                  0.093
    13      H                  0.093
 Total Mulliken Charge =      -0.000
 
                  X        Y        Z     TOTAL  
  QM DIPOLE     0.872   -1.390    1.998    2.585
 
 Final Structure

  QMMM: QM Region Cartesian Coordinates (*=link atom) 
  QMMM: QM_NO.   MM_NO.  ATOM         X         Y         Z
  QMMM:     1        1      C        2.7068    1.9227   -2.5394
  QMMM:     2        2      C       -0.0265   -0.3184   -1.0371
  QMMM:     3        3      C        2.0511    0.9254   -1.6376
  QMMM:     4        4      C        0.5941    0.6898   -1.9679
  QMMM:     5        5      O        2.1385    2.5063   -3.4623
  QMMM:     6        6      H        3.7824    2.1108   -2.3144
  QMMM:     7        7      H        0.0289    0.0331    0.0217
  QMMM:     8        8      H       -1.1004   -0.4757   -1.3003
  QMMM:     9        9      H        0.5010   -1.3004   -1.1080
  QMMM:    10       10      H        2.1498    1.2914   -0.5800
  QMMM:    11       11      H        2.6212   -0.0400   -1.7095
  QMMM:    12       12      H        0.0393    1.6634   -1.9055
  QMMM:    13       13      H        0.5087    0.3366   -3.0297

           --------- Calculation Completed ----------

