            --------------------------------------------------------
                             AMBER SQM VERSION 19
 
                                     By
              Ross C. Walker, Michael F. Crowley, Scott Brozell,
                         Tim Giese, Andreas W. Goetz,
                        Tai-Sung Lee and David A. Case
 
            --------------------------------------------------------
 

--------------------------------------------------------------------------------
  QM CALCULATION INFO
--------------------------------------------------------------------------------

| QMMM: Citation for AMBER QMMM Run:
| QMMM: R.C. Walker, M.F. Crowley and D.A. Case, J. COMP. CHEM. 29:1019, 2008

QMMM: SINGLET STATE CALCULATION
QMMM: RHF CALCULATION, NO. OF DOUBLY OCCUPIED LEVELS = 22

| QMMM: *** Selected Hamiltonian *** 
| QMMM: AM1         

| QMMM: *** Parameter sets in use ***
| QMMM: C : M.J.S.DEWAR et al. JACS, 107, 3902, (1985)
| QMMM: N : M.J.S.DEWAR et al. JACS, 107, 3902, (1985)
| QMMM: H : M.J.S.DEWAR et al. JACS, 107, 3902, (1985)

| QMMM: *** SCF convergence criteria ***
| QMMM: Energy change                :  0.1D-09 kcal/mol
| QMMM: Error matrix |FP-PF|         :  0.1D+00 au
| QMMM: Density matrix change        :  0.5D-06
| QMMM: Maximum number of SCF cycles :     1000

| QMMM: *** Diagonalization Routine Information ***
| QMMM: Pseudo diagonalizations are allowed.
| QMMM: Auto diagonalization routine selection is in use.
| QMMM:
| QMMM: Timing diagonalization routines:
| QMMM:                              norbs =       43
| QMMM:    diag iterations used for timing =       20
| QMMM:
| QMMM:              Internal diag routine = 0.007343 seconds
| QMMM:                 Dspev diag routine = 0.008219 seconds
| QMMM:                Dspevd diag routine = 0.007327 seconds
| QMMM:                Dspevx diag routine = 0.035976 seconds
| QMMM:                 Dsyev diag routine = 0.009848 seconds
| QMMM:                Dsyevd diag routine = 0.007673 seconds
| QMMM:                Dsyevr diag routine = 0.005645 seconds
| QMMM:
| QMMM:                Pseudo diag routine = 0.000881 seconds
| QMMM:
| QMMM: Using dsyevr routine (diag_routine=7).

  QMMM: QM Region Cartesian Coordinates (*=link atom) 
  QMMM: QM_NO.   MM_NO.  ATOM         X         Y         Z
  QMMM:     1        1      C       -1.1670   -1.4790    0.9430
  QMMM:     2        2      C        1.0000    1.8470    2.5380
  QMMM:     3        3      C        2.8800   -1.9410    2.1940
  QMMM:     4        4      C       -0.2720   -0.2550    1.0310
  QMMM:     5        5      C        1.7510    0.6710    1.9380
  QMMM:     6        6      C        1.6570   -1.6540    1.3400
  QMMM:     7        7      N        0.9010   -0.5170    1.8640
  QMMM:     8        8      H       -0.6360   -2.3270    0.4970
  QMMM:     9        9      H       -1.5260   -1.7810    1.9320
  QMMM:    10       10      H       -2.0410   -1.2630    0.3190
  QMMM:    11       11      H        0.1270    2.1110    1.9310
  QMMM:    12       12      H        0.6560    1.6230    3.5540
  QMMM:    13       13      H        1.6520    2.7250    2.5890
  QMMM:    14       14      H        3.5600   -1.0830    2.2140
  QMMM:    15       15      H        2.5980   -2.1790    3.2250
  QMMM:    16       16      H        3.4300   -2.7970    1.7890
  QMMM:    17       17      H       -0.8320    0.5860    1.4520
  QMMM:    18       18      H        0.0570    0.0390    0.0290
  QMMM:    19       19      H        2.6340    0.4450    2.5450
  QMMM:    20       20      H        2.1010    0.9270    0.9330
  QMMM:    21       21      H        1.0080   -2.5350    1.3110
  QMMM:    22       22      H        1.9630   -1.4400    0.3110

--------------------------------------------------------------------------------
  RESULTS
--------------------------------------------------------------------------------

      iter         sqm energy              rms gradient
      ----    -------------------    -----------------------
xmin    10      -16.2302 kcal/mol        0.6848 kcal/(mol*A)
xmin    20      -16.3512 kcal/mol        0.1746 kcal/(mol*A)
xmin    30      -16.3726 kcal/mol        0.0555 kcal/(mol*A)
xmin    40      -16.3867 kcal/mol        0.0301 kcal/(mol*A)
xmin    50      -16.3983 kcal/mol        0.0343 kcal/(mol*A)
xmin    60      -16.4218 kcal/mol        0.0485 kcal/(mol*A)
xmin    70      -16.4511 kcal/mol        0.1855 kcal/(mol*A)
xmin    80      -16.4605 kcal/mol        0.0359 kcal/(mol*A)
xmin    90      -16.4609 kcal/mol        0.0451 kcal/(mol*A)
xmin   100      -16.4612 kcal/mol        0.0120 kcal/(mol*A)
xmin   110      -16.4613 kcal/mol        0.0103 kcal/(mol*A)
xmin   120      -16.4613 kcal/mol        0.0025 kcal/(mol*A)
xmin   130      -16.4613 kcal/mol        0.0009 kcal/(mol*A)
xmin   140      -16.4613 kcal/mol        0.0046 kcal/(mol*A)
  ... geometry converged !
 
 Final MO eigenvalues (eV):
 -38.7763  -32.4785  -32.4785  -28.7453  -23.7748  -23.7747  -20.2979  -16.3837
 -16.3837  -16.2177  -14.6741  -14.6741  -13.3702  -12.9901  -12.9901  -12.8422
 -12.4194  -12.0646  -12.0646  -11.4297  -11.4296   -8.9544    2.9553    3.9317
   3.9317    4.1513    4.1513    4.1597    4.4566    4.4670    4.4671    4.5999
   4.7048    4.7048    4.9348    4.9348    4.9464    5.0983    5.1001    5.1001
   5.2029    6.3699    6.3699

 Heat of formation   =        -16.46131932 kcal/mol  (       -0.71381637 eV)

 Total SCF energy    =     -27263.04947895 kcal/mol  (    -1182.21453879 eV)
 Electronic energy   =    -134342.93888920 kcal/mol  (    -5825.54697928 eV)
 Core-core repulsion =     107079.88941025 kcal/mol  (     4643.33244049 eV)
 
    Atomic Charges for Step       1 :
  Atom    Element       Mulliken Charge
     1      C                 -0.214
     2      C                 -0.214
     3      C                 -0.214
     4      C                 -0.070
     5      C                 -0.070
     6      C                 -0.070
     7      N                 -0.256
     8      H                  0.071
     9      H                  0.086
    10      H                  0.075
    11      H                  0.071
    12      H                  0.086
    13      H                  0.075
    14      H                  0.071
    15      H                  0.086
    16      H                  0.075
    17      H                  0.089
    18      H                  0.048
    19      H                  0.089
    20      H                  0.048
    21      H                  0.089
    22      H                  0.048
 Total Mulliken Charge =      -0.000
 
                  X        Y        Z     TOTAL  
  QM DIPOLE     0.275    0.212   -0.834    0.904
 
 Final Structure

  QMMM: QM Region Cartesian Coordinates (*=link atom) 
  QMMM: QM_NO.   MM_NO.  ATOM         X         Y         Z
  QMMM:     1        1      C       -1.1800   -1.5039    0.8681
  QMMM:     2        2      C        0.9891    1.9248    2.4528
  QMMM:     3        3      C        2.9676   -1.9418    2.1245
  QMMM:     4        4      C       -0.3104   -0.2838    1.1200
  QMMM:     5        5      C        1.7261    0.6647    2.0319
  QMMM:     6        6      C        1.6512   -1.6784    1.4130
  QMMM:     7        7      N        0.8981   -0.5281    1.8985
  QMMM:     8        8      H       -0.6975   -2.2025    0.1432
  QMMM:     9        9      H       -1.3871   -2.0581    1.8147
  QMMM:    10       10      H       -2.1522   -1.1649    0.4348
  QMMM:    11       11      H        0.3401    2.3085    1.6295
  QMMM:    12       12      H        0.3546    1.7432    3.3531
  QMMM:    13       13      H        1.7422    2.7114    2.7016
  QMMM:    14       14      H        3.7299   -1.1685    1.8652
  QMMM:    15       15      H        2.8350   -1.9556    3.2328
  QMMM:    16       16      H        3.3542   -2.9384    1.8004
  QMMM:    17       17      H       -0.9217    0.4620    1.7061
  QMMM:    18       18      H       -0.0668    0.1880    0.1213
  QMMM:    19       19      H        2.4948    0.4320    2.8247
  QMMM:    20       20      H        2.2843    0.8861    1.0733
  QMMM:    21       21      H        0.9894   -2.5797    1.5646
  QMMM:    22       22      H        1.8602   -1.5940    0.3046

           --------- Calculation Completed ----------

