            --------------------------------------------------------
                             AMBER SQM VERSION 19
 
                                     By
              Ross C. Walker, Michael F. Crowley, Scott Brozell,
                         Tim Giese, Andreas W. Goetz,
                        Tai-Sung Lee and David A. Case
 
            --------------------------------------------------------
 

--------------------------------------------------------------------------------
  QM CALCULATION INFO
--------------------------------------------------------------------------------

| QMMM: Citation for AMBER QMMM Run:
| QMMM: R.C. Walker, M.F. Crowley and D.A. Case, J. COMP. CHEM. 29:1019, 2008

QMMM: SINGLET STATE CALCULATION
QMMM: RHF CALCULATION, NO. OF DOUBLY OCCUPIED LEVELS = 22

| QMMM: *** Selected Hamiltonian *** 
| QMMM: AM1         

| QMMM: *** Parameter sets in use ***
| QMMM: C : M.J.S.DEWAR et al. JACS, 107, 3902, (1985)
| QMMM: O : M.J.S.DEWAR et al. JACS, 107, 3902, (1985)
| QMMM: H : M.J.S.DEWAR et al. JACS, 107, 3902, (1985)

| QMMM: *** SCF convergence criteria ***
| QMMM: Energy change                :  0.1D-09 kcal/mol
| QMMM: Error matrix |FP-PF|         :  0.1D+00 au
| QMMM: Density matrix change        :  0.5D-06
| QMMM: Maximum number of SCF cycles :     1000

| QMMM: *** Diagonalization Routine Information ***
| QMMM: Pseudo diagonalizations are allowed.
| QMMM: Auto diagonalization routine selection is in use.
| QMMM:
| QMMM: Timing diagonalization routines:
| QMMM:                              norbs =       40
| QMMM:    diag iterations used for timing =       20
| QMMM:
| QMMM:              Internal diag routine = 0.003144 seconds
| QMMM:                 Dspev diag routine = 0.018701 seconds
| QMMM:                Dspevd diag routine = 0.013031 seconds
| QMMM:                Dspevx diag routine = 0.050817 seconds
| QMMM:                 Dsyev diag routine = 0.009067 seconds
| QMMM:                Dsyevd diag routine = 0.008184 seconds
| QMMM:                Dsyevr diag routine = 0.004583 seconds
| QMMM:
| QMMM:                Pseudo diag routine = 0.000948 seconds
| QMMM:
| QMMM: Using internal diagonalization routine (diag_routine=1).

  QMMM: QM Region Cartesian Coordinates (*=link atom) 
  QMMM: QM_NO.   MM_NO.  ATOM         X         Y         Z
  QMMM:     1        1      C       -0.0090   -0.6550    0.8770
  QMMM:     2        2      C        1.2440   -0.4430    1.7060
  QMMM:     3        3      C        1.2750   -1.3490    2.9270
  QMMM:     4        4      C        3.8460   -1.6030    5.5460
  QMMM:     5        5      C        2.5500   -1.9090    4.8200
  QMMM:     6        6      O        4.9400   -1.8940    4.6860
  QMMM:     7        7      O        2.4630   -1.0900    3.6620
  QMMM:     8        8      H       -0.9080   -0.4410    1.4640
  QMMM:     9        9      H       -0.0060    0.0090    0.0070
  QMMM:    10       10      H       -0.0720   -1.6870    0.5170
  QMMM:    11       11      H        1.3080    0.6040    2.0230
  QMMM:    12       12      H        2.1330   -0.6260    1.0900
  QMMM:    13       13      H        0.4150   -1.1590    3.5770
  QMMM:    14       14      H        1.2710   -2.4040    2.6320
  QMMM:    15       15      H        3.9480   -2.2170    6.4470
  QMMM:    16       16      H        3.8930   -0.5440    5.8150
  QMMM:    17       17      H        1.6830   -1.6970    5.4540
  QMMM:    18       18      H        2.5270   -2.9560    4.5030
  QMMM:    19       19      H        5.5110   -2.5180    5.1620

--------------------------------------------------------------------------------
  RESULTS
--------------------------------------------------------------------------------

      iter         sqm energy              rms gradient
      ----    -------------------    -----------------------
xmin    10     -115.8906 kcal/mol        2.1680 kcal/(mol*A)
xmin    20     -116.5993 kcal/mol        0.1278 kcal/(mol*A)
xmin    30     -116.6353 kcal/mol        0.0436 kcal/(mol*A)
xmin    40     -116.6451 kcal/mol        0.1264 kcal/(mol*A)
xmin    50     -116.6541 kcal/mol        0.0563 kcal/(mol*A)
xmin    60     -116.6611 kcal/mol        0.0315 kcal/(mol*A)
xmin    70     -116.6668 kcal/mol        0.0157 kcal/(mol*A)
xmin    80     -116.6704 kcal/mol        0.0233 kcal/(mol*A)
xmin    90     -116.6740 kcal/mol        0.0198 kcal/(mol*A)
xmin   100     -116.6758 kcal/mol        0.0467 kcal/(mol*A)
xmin   110     -116.6778 kcal/mol        0.0283 kcal/(mol*A)
xmin   120     -116.6798 kcal/mol        0.0427 kcal/(mol*A)
xmin   130     -116.6814 kcal/mol        0.0339 kcal/(mol*A)
xmin   140     -116.6826 kcal/mol        0.0773 kcal/(mol*A)
xmin   150     -116.6836 kcal/mol        0.0173 kcal/(mol*A)
xmin   160     -116.6843 kcal/mol        0.0178 kcal/(mol*A)
xmin   170     -116.6848 kcal/mol        0.0511 kcal/(mol*A)
xmin   180     -116.6857 kcal/mol        0.0129 kcal/(mol*A)
xmin   190     -116.6863 kcal/mol        0.0293 kcal/(mol*A)
xmin   200     -116.6871 kcal/mol        0.0101 kcal/(mol*A)
xmin   210     -116.6877 kcal/mol        0.1153 kcal/(mol*A)
xmin   220     -116.6890 kcal/mol        0.0114 kcal/(mol*A)
xmin   230     -116.6901 kcal/mol        0.0115 kcal/(mol*A)
xmin   240     -116.6905 kcal/mol        0.0096 kcal/(mol*A)
xmin   250     -116.6912 kcal/mol        0.0142 kcal/(mol*A)
xmin   260     -116.6923 kcal/mol        0.0279 kcal/(mol*A)
xmin   270     -116.6937 kcal/mol        0.0150 kcal/(mol*A)
xmin   280     -116.6950 kcal/mol        0.0474 kcal/(mol*A)
xmin   290     -116.6982 kcal/mol        0.0714 kcal/(mol*A)
xmin   300     -116.7002 kcal/mol        0.0838 kcal/(mol*A)
xmin   310     -116.7049 kcal/mol        0.0770 kcal/(mol*A)
xmin   320     -116.7142 kcal/mol        0.0201 kcal/(mol*A)
xmin   330     -116.7263 kcal/mol        0.0534 kcal/(mol*A)
xmin   340     -116.7404 kcal/mol        0.1140 kcal/(mol*A)
xmin   350     -116.7829 kcal/mol        0.2565 kcal/(mol*A)
xmin   360     -116.8582 kcal/mol        0.3214 kcal/(mol*A)
xmin   370     -116.9432 kcal/mol        0.2596 kcal/(mol*A)
xmin   380     -117.2108 kcal/mol        0.4870 kcal/(mol*A)
xmin   390     -117.3304 kcal/mol        0.1836 kcal/(mol*A)
xmin   400     -117.3951 kcal/mol        0.1248 kcal/(mol*A)
xmin   410     -117.4445 kcal/mol        0.0617 kcal/(mol*A)
xmin   420     -117.4765 kcal/mol        0.2497 kcal/(mol*A)
xmin   430     -117.5095 kcal/mol        0.2000 kcal/(mol*A)
xmin   440     -117.5233 kcal/mol        0.2739 kcal/(mol*A)
xmin   450     -117.5353 kcal/mol        0.1135 kcal/(mol*A)
xmin   460     -117.5402 kcal/mol        0.0917 kcal/(mol*A)
xmin   470     -117.5461 kcal/mol        0.0867 kcal/(mol*A)
xmin   480     -117.5493 kcal/mol        0.0689 kcal/(mol*A)
xmin   490     -117.5519 kcal/mol        0.0255 kcal/(mol*A)
xmin   500     -117.5536 kcal/mol        0.0307 kcal/(mol*A)
xmin   510     -117.5545 kcal/mol        0.0132 kcal/(mol*A)
xmin   520     -117.5551 kcal/mol        0.0244 kcal/(mol*A)
xmin   530     -117.5557 kcal/mol        0.0211 kcal/(mol*A)
xmin   540     -117.5561 kcal/mol        0.0055 kcal/(mol*A)
xmin   550     -117.5564 kcal/mol        0.0090 kcal/(mol*A)
xmin   560     -117.5565 kcal/mol        0.0119 kcal/(mol*A)
xmin   570     -117.5567 kcal/mol        0.0074 kcal/(mol*A)
xmin   580     -117.5568 kcal/mol        0.0123 kcal/(mol*A)
xmin   590     -117.5568 kcal/mol        0.0061 kcal/(mol*A)
xmin   600     -117.5569 kcal/mol        0.0172 kcal/(mol*A)
xmin   610     -117.5569 kcal/mol        0.0129 kcal/(mol*A)
xmin   620     -117.5569 kcal/mol        0.0024 kcal/(mol*A)
xmin   630     -117.5569 kcal/mol        0.0060 kcal/(mol*A)
xmin   640     -117.5569 kcal/mol        0.0014 kcal/(mol*A)
xmin   650     -117.5569 kcal/mol        0.0041 kcal/(mol*A)
xmin   660     -117.5570 kcal/mol        0.0008 kcal/(mol*A)
xmin   670     -117.5570 kcal/mol        0.0011 kcal/(mol*A)
  ... geometry converged !
 
 Final MO eigenvalues (eV):
 -39.4582  -37.9033  -34.5384  -30.0317  -26.5537  -23.6295  -22.1206  -18.3907
 -17.6629  -17.1560  -16.0502  -15.6135  -14.7459  -14.3674  -13.4426  -13.1200
 -13.0167  -12.1634  -11.9119  -11.6042  -11.1333  -10.6057    2.6596    3.6376
   3.7173    3.8172    3.8587    4.0119    4.1087    4.1751    4.2845    4.4375
   4.5703    4.6683    4.7244    4.8513    4.9855    5.0659    6.0396    6.2488


 Heat of formation   =       -117.55695835 kcal/mol  (       -5.09765224 eV)

 Total SCF energy    =     -33379.91218353 kcal/mol  (    -1447.46160980 eV)
 Electronic energy   =    -134124.39223458 kcal/mol  (    -5816.07008519 eV)
 Core-core repulsion =     100744.48005106 kcal/mol  (     4368.60847539 eV)
 
    Atomic Charges for Step       1 :
  Atom    Element       Mulliken Charge
     1      C                 -0.211
     2      C                 -0.163
     3      C                 -0.018
     4      C                 -0.025
     5      C                 -0.057
     6      O                 -0.321
     7      O                 -0.280
     8      H                  0.073
     9      H                  0.078
    10      H                  0.073
    11      H                  0.093
    12      H                  0.094
    13      H                  0.065
    14      H                  0.067
    15      H                  0.080
    16      H                  0.117
    17      H                  0.062
    18      H                  0.078
    19      H                  0.196
 Total Mulliken Charge =      -0.000
 
                  X        Y        Z     TOTAL  
  QM DIPOLE    -1.969   -0.393   -0.330    2.035
 
 Final Structure

  QMMM: QM Region Cartesian Coordinates (*=link atom) 
  QMMM: QM_NO.   MM_NO.  ATOM         X         Y         Z
  QMMM:     1        1      C       -0.2293   -0.5280    1.1135
  QMMM:     2        2      C        0.9157   -0.1975    2.0338
  QMMM:     3        3      C        1.3898   -1.4402    2.7664
  QMMM:     4        4      C        4.1899   -1.5531    5.1385
  QMMM:     5        5      C        3.0026   -2.1146    4.3594
  QMMM:     6        6      O        4.6843   -2.5127    6.0497
  QMMM:     7        7      O        2.4682   -1.0313    3.6074
  QMMM:     8        8      H       -1.0929   -0.9427    1.6879
  QMMM:     9        9      H       -0.5702    0.3919    0.5798
  QMMM:    10       10      H        0.0801   -1.2835    0.3511
  QMMM:    11       11      H        0.6021    0.5750    2.7836
  QMMM:    12       12      H        1.7708    0.2351    1.4516
  QMMM:    13       13      H        0.5677   -1.8763    3.3944
  QMMM:    14       14      H        1.7503   -2.2207    2.0445
  QMMM:    15       15      H        3.8923   -0.6113    5.6702
  QMMM:    16       16      H        5.0492   -1.3373    4.4500
  QMMM:    17       17      H        2.2206   -2.5135    5.0597
  QMMM:    18       18      H        3.3309   -2.9403    3.6750
  QMMM:    19       19      H        3.9897   -2.6780    6.6985

           --------- Calculation Completed ----------

