            --------------------------------------------------------
                             AMBER SQM VERSION 19
 
                                     By
              Ross C. Walker, Michael F. Crowley, Scott Brozell,
                         Tim Giese, Andreas W. Goetz,
                        Tai-Sung Lee and David A. Case
 
            --------------------------------------------------------
 

--------------------------------------------------------------------------------
  QM CALCULATION INFO
--------------------------------------------------------------------------------

| QMMM: Citation for AMBER QMMM Run:
| QMMM: R.C. Walker, M.F. Crowley and D.A. Case, J. COMP. CHEM. 29:1019, 2008

QMMM: SINGLET STATE CALCULATION
QMMM: RHF CALCULATION, NO. OF DOUBLY OCCUPIED LEVELS = 21

| QMMM: *** Selected Hamiltonian *** 
| QMMM: AM1         

| QMMM: *** Parameter sets in use ***
| QMMM: C : M.J.S.DEWAR et al. JACS, 107, 3902, (1985)
| QMMM: O : M.J.S.DEWAR et al. JACS, 107, 3902, (1985)
| QMMM: H : M.J.S.DEWAR et al. JACS, 107, 3902, (1985)

| QMMM: *** SCF convergence criteria ***
| QMMM: Energy change                :  0.1D-09 kcal/mol
| QMMM: Error matrix |FP-PF|         :  0.1D+00 au
| QMMM: Density matrix change        :  0.5D-06
| QMMM: Maximum number of SCF cycles :     1000

| QMMM: *** Diagonalization Routine Information ***
| QMMM: Pseudo diagonalizations are allowed.
| QMMM: Auto diagonalization routine selection is in use.
| QMMM:
| QMMM: Timing diagonalization routines:
| QMMM:                              norbs =       40
| QMMM:    diag iterations used for timing =       20
| QMMM:
| QMMM:              Internal diag routine = 0.003152 seconds
| QMMM:                 Dspev diag routine = 0.009862 seconds
| QMMM:                Dspevd diag routine = 0.004910 seconds
| QMMM:                Dspevx diag routine = 0.022704 seconds
| QMMM:                 Dsyev diag routine = 0.006287 seconds
| QMMM:                Dsyevd diag routine = 0.003925 seconds
| QMMM:                Dsyevr diag routine = 0.006473 seconds
| QMMM:
| QMMM:                Pseudo diag routine = 0.000924 seconds
| QMMM:
| QMMM: Using internal diagonalization routine (diag_routine=1).

  QMMM: QM Region Cartesian Coordinates (*=link atom) 
  QMMM: QM_NO.   MM_NO.  ATOM         X         Y         Z
  QMMM:     1        1      C        1.0520   -1.1530    1.4360
  QMMM:     2        2      C        0.6250    0.1470    0.8060
  QMMM:     3        3      C        3.1880   -5.7100    0.9830
  QMMM:     4        4      C        1.7900   -2.1230    0.5290
  QMMM:     5        5      C        2.8590   -4.3960    0.2920
  QMMM:     6        6      C        2.1540   -3.4260    1.2380
  QMMM:     7        7      O        0.8080   -1.3970    2.6160
  QMMM:     8        8      H        1.5050    0.6890    0.4520
  QMMM:     9        9      H       -0.0550   -0.0540   -0.0250
  QMMM:    10       10      H        0.1050    0.7620    1.5470
  QMMM:    11       11      H        2.2790   -6.2030    1.3410
  QMMM:    12       12      H        3.6910   -6.3880    0.2880
  QMMM:    13       13      H        3.8510   -5.5470    1.8390
  QMMM:    14       14      H        2.6990   -1.6260    0.1730
  QMMM:    15       15      H        1.1470   -2.3340   -0.3320
  QMMM:    16       16      H        2.2230   -4.5970   -0.5780
  QMMM:    17       17      H        3.7850   -3.9450   -0.0820
  QMMM:    18       18      H        2.8010   -3.2110    2.0970
  QMMM:    19       19      H        1.2450   -3.8940    1.6380

--------------------------------------------------------------------------------
  RESULTS
--------------------------------------------------------------------------------

      iter         sqm energy              rms gradient
      ----    -------------------    -----------------------
xmin    10      -69.0249 kcal/mol        0.1380 kcal/(mol*A)
xmin    20      -69.0293 kcal/mol        0.0374 kcal/(mol*A)
xmin    30      -69.0305 kcal/mol        0.0099 kcal/(mol*A)
xmin    40      -69.0309 kcal/mol        0.0500 kcal/(mol*A)
xmin    50      -69.0310 kcal/mol        0.0062 kcal/(mol*A)
xmin    60      -69.0311 kcal/mol        0.0036 kcal/(mol*A)
xmin    70      -69.0312 kcal/mol        0.0063 kcal/(mol*A)
xmin    80      -69.0312 kcal/mol        0.0046 kcal/(mol*A)
xmin    90      -69.0312 kcal/mol        0.0035 kcal/(mol*A)
xmin   100      -69.0312 kcal/mol        0.0025 kcal/(mol*A)
xmin   110      -69.0312 kcal/mol        0.0046 kcal/(mol*A)
xmin   120      -69.0313 kcal/mol        0.0051 kcal/(mol*A)
xmin   130      -69.0313 kcal/mol        0.0030 kcal/(mol*A)
xmin   140      -69.0313 kcal/mol        0.0034 kcal/(mol*A)
xmin   150      -69.0314 kcal/mol        0.0027 kcal/(mol*A)
xmin   160      -69.0314 kcal/mol        0.0065 kcal/(mol*A)
xmin   170      -69.0315 kcal/mol        0.0047 kcal/(mol*A)
xmin   180      -69.0315 kcal/mol        0.0064 kcal/(mol*A)
xmin   190      -69.0316 kcal/mol        0.0047 kcal/(mol*A)
xmin   200      -69.0317 kcal/mol        0.0108 kcal/(mol*A)
xmin   210      -69.0318 kcal/mol        0.0055 kcal/(mol*A)
xmin   220      -69.0318 kcal/mol        0.0063 kcal/(mol*A)
xmin   230      -69.0319 kcal/mol        0.0263 kcal/(mol*A)
xmin   240      -69.0320 kcal/mol        0.0171 kcal/(mol*A)
xmin   250      -69.0321 kcal/mol        0.0187 kcal/(mol*A)
xmin   260      -69.0323 kcal/mol        0.0028 kcal/(mol*A)
xmin   270      -69.0326 kcal/mol        0.0086 kcal/(mol*A)
xmin   280      -69.0327 kcal/mol        0.0126 kcal/(mol*A)
xmin   290      -69.0329 kcal/mol        0.0069 kcal/(mol*A)
xmin   300      -69.0331 kcal/mol        0.0047 kcal/(mol*A)
xmin   310      -69.0333 kcal/mol        0.0223 kcal/(mol*A)
xmin   320      -69.0335 kcal/mol        0.0089 kcal/(mol*A)
xmin   330      -69.0338 kcal/mol        0.0115 kcal/(mol*A)
xmin   340      -69.0341 kcal/mol        0.0098 kcal/(mol*A)
xmin   350      -69.0344 kcal/mol        0.0091 kcal/(mol*A)
xmin   360      -69.0346 kcal/mol        0.0111 kcal/(mol*A)
xmin   370      -69.0349 kcal/mol        0.0065 kcal/(mol*A)
xmin   380      -69.0352 kcal/mol        0.0174 kcal/(mol*A)
xmin   390      -69.0355 kcal/mol        0.0047 kcal/(mol*A)
xmin   400      -69.0362 kcal/mol        0.0063 kcal/(mol*A)
xmin   410      -69.0368 kcal/mol        0.0231 kcal/(mol*A)
xmin   420      -69.0373 kcal/mol        0.0125 kcal/(mol*A)
xmin   430      -69.0376 kcal/mol        0.0207 kcal/(mol*A)
xmin   440      -69.0381 kcal/mol        0.0160 kcal/(mol*A)
xmin   450      -69.0384 kcal/mol        0.0098 kcal/(mol*A)
xmin   460      -69.0388 kcal/mol        0.0313 kcal/(mol*A)
xmin   470      -69.0391 kcal/mol        0.0408 kcal/(mol*A)
xmin   480      -69.0393 kcal/mol        0.0170 kcal/(mol*A)
xmin   490      -69.0395 kcal/mol        0.0091 kcal/(mol*A)
xmin   500      -69.0397 kcal/mol        0.0279 kcal/(mol*A)
xmin   510      -69.0399 kcal/mol        0.0055 kcal/(mol*A)
xmin   520      -69.0400 kcal/mol        0.0067 kcal/(mol*A)
xmin   530      -69.0401 kcal/mol        0.0152 kcal/(mol*A)
xmin   540      -69.0402 kcal/mol        0.0504 kcal/(mol*A)
xmin   550      -69.0404 kcal/mol        0.0045 kcal/(mol*A)
xmin   560      -69.0405 kcal/mol        0.0155 kcal/(mol*A)
xmin   570      -69.0406 kcal/mol        0.0239 kcal/(mol*A)
xmin   580      -69.0407 kcal/mol        0.0062 kcal/(mol*A)
xmin   590      -69.0408 kcal/mol        0.0072 kcal/(mol*A)
xmin   600      -69.0408 kcal/mol        0.0046 kcal/(mol*A)
xmin   610      -69.0409 kcal/mol        0.0161 kcal/(mol*A)
xmin   620      -69.0409 kcal/mol        0.0019 kcal/(mol*A)
xmin   630      -69.0410 kcal/mol        0.0036 kcal/(mol*A)
xmin   640      -69.0410 kcal/mol        0.0052 kcal/(mol*A)
xmin   650      -69.0410 kcal/mol        0.0016 kcal/(mol*A)
xmin   660      -69.0410 kcal/mol        0.0157 kcal/(mol*A)
xmin   670      -69.0410 kcal/mol        0.0141 kcal/(mol*A)
xmin   680      -69.0411 kcal/mol        0.0128 kcal/(mol*A)
xmin   690      -69.0411 kcal/mol        0.0011 kcal/(mol*A)
xmin   700      -69.0411 kcal/mol        0.0015 kcal/(mol*A)
xmin   710      -69.0411 kcal/mol        0.0009 kcal/(mol*A)
xmin   720      -69.0411 kcal/mol        0.0012 kcal/(mol*A)
xmin   730      -69.0411 kcal/mol        0.0029 kcal/(mol*A)
xmin   740      -69.0411 kcal/mol        0.0006 kcal/(mol*A)
xmin   750      -69.0411 kcal/mol        0.0025 kcal/(mol*A)
xmin   760      -69.0411 kcal/mol        0.0016 kcal/(mol*A)
xmin   770      -69.0411 kcal/mol        0.0005 kcal/(mol*A)
xmin   780      -69.0411 kcal/mol        0.0007 kcal/(mol*A)
  ... geometry converged !
 
 Final MO eigenvalues (eV):
 -39.6541  -36.1782  -32.4162  -30.0432  -25.1551  -21.7995  -20.3870  -16.8137
 -16.4243  -16.0037  -15.4752  -14.5071  -13.8801  -13.5822  -13.1690  -12.8746
 -12.2797  -12.1088  -11.9355  -11.3118  -10.5183    0.8804    3.0830    3.6249
   3.8318    3.8607    3.9725    4.0669    4.1518    4.2790    4.3427    4.5775
   4.6541    4.6948    4.9155    4.9541    5.0432    5.1136    5.2332    6.5274


 Heat of formation   =        -69.04113037 kcal/mol  (       -2.99384807 eV)

 Total SCF energy    =     -28939.28935026 kcal/mol  (    -1254.90175405 eV)
 Electronic energy   =    -122398.62112442 kcal/mol  (    -5307.60249445 eV)
 Core-core repulsion =      93459.33177416 kcal/mol  (     4052.70074039 eV)
 
    Atomic Charges for Step       1 :
  Atom    Element       Mulliken Charge
     1      C                  0.225
     2      C                 -0.273
     3      C                 -0.210
     4      C                 -0.211
     5      C                 -0.158
     6      C                 -0.154
     7      O                 -0.291
     8      H                  0.097
     9      H                  0.103
    10      H                  0.107
    11      H                  0.074
    12      H                  0.072
    13      H                  0.075
    14      H                  0.106
    15      H                  0.099
    16      H                  0.075
    17      H                  0.076
    18      H                  0.099
    19      H                  0.090
 Total Mulliken Charge =      -0.000
 
                  X        Y        Z     TOTAL  
  QM DIPOLE     0.348    0.344   -2.710    2.753
 
 Final Structure

  QMMM: QM Region Cartesian Coordinates (*=link atom) 
  QMMM: QM_NO.   MM_NO.  ATOM         X         Y         Z
  QMMM:     1        1      C        1.1312   -1.1408    1.4768
  QMMM:     2        2      C        0.5880    0.0746    0.7937
  QMMM:     3        3      C        3.1408   -5.6949    0.9578
  QMMM:     4        4      C        1.8547   -2.0996    0.5748
  QMMM:     5        5      C        2.8926   -4.3557    0.3130
  QMMM:     6        6      C        2.1101   -3.4392    1.2286
  QMMM:     7        7      O        0.9939   -1.3278    2.6896
  QMMM:     8        8      H        1.3690    0.5291    0.1380
  QMMM:     9        9      H       -0.2853   -0.2168    0.1600
  QMMM:    10       10      H        0.2511    0.8330    1.5413
  QMMM:    11       11      H        2.1750   -6.2000    1.2020
  QMMM:    12       12      H        3.7206   -6.3555    0.2690
  QMMM:    13       13      H        3.7214   -5.5748    1.9044
  QMMM:    14       14      H        2.8301   -1.6258    0.2809
  QMMM:    15       15      H        1.2546   -2.2380   -0.3634
  QMMM:    16       16      H        2.3284   -4.4983   -0.6466
  QMMM:    17       17      H        3.8729   -3.8764    0.0513
  QMMM:    18       18      H        2.6715   -3.2838    2.1879
  QMMM:    19       19      H        1.1311   -3.9153    1.4991

           --------- Calculation Completed ----------

