            --------------------------------------------------------
                             AMBER SQM VERSION 19
 
                                     By
              Ross C. Walker, Michael F. Crowley, Scott Brozell,
                         Tim Giese, Andreas W. Goetz,
                        Tai-Sung Lee and David A. Case
 
            --------------------------------------------------------
 

--------------------------------------------------------------------------------
  QM CALCULATION INFO
--------------------------------------------------------------------------------

| QMMM: Citation for AMBER QMMM Run:
| QMMM: R.C. Walker, M.F. Crowley and D.A. Case, J. COMP. CHEM. 29:1019, 2008

QMMM: SINGLET STATE CALCULATION
QMMM: RHF CALCULATION, NO. OF DOUBLY OCCUPIED LEVELS = 21

| QMMM: *** Selected Hamiltonian *** 
| QMMM: AM1         

| QMMM: *** Parameter sets in use ***
| QMMM: C : M.J.S.DEWAR et al. JACS, 107, 3902, (1985)
| QMMM: Br: M.J.S.DEWAR et al. THEOCHEM, 180, 1, (1988)
| QMMM: H : M.J.S.DEWAR et al. JACS, 107, 3902, (1985)

| QMMM: *** SCF convergence criteria ***
| QMMM: Energy change                :  0.1D-09 kcal/mol
| QMMM: Error matrix |FP-PF|         :  0.1D+00 au
| QMMM: Density matrix change        :  0.5D-06
| QMMM: Maximum number of SCF cycles :     1000

| QMMM: *** Diagonalization Routine Information ***
| QMMM: Pseudo diagonalizations are allowed.
| QMMM: Auto diagonalization routine selection is in use.
| QMMM:
| QMMM: Timing diagonalization routines:
| QMMM:                              norbs =       36
| QMMM:    diag iterations used for timing =       20
| QMMM:
| QMMM:              Internal diag routine = 0.007921 seconds
| QMMM:                 Dspev diag routine = 0.004858 seconds
| QMMM:                Dspevd diag routine = 0.005787 seconds
| QMMM:                Dspevx diag routine = 0.028522 seconds
| QMMM:                 Dsyev diag routine = 0.004666 seconds
| QMMM:                Dsyevd diag routine = 0.006255 seconds
| QMMM:                Dsyevr diag routine = 0.006063 seconds
| QMMM:
| QMMM:                Pseudo diag routine = 0.001008 seconds
| QMMM:
| QMMM: Using dsyev routine (diag_routine=5).

  QMMM: QM Region Cartesian Coordinates (*=link atom) 
  QMMM: QM_NO.   MM_NO.  ATOM         X         Y         Z
  QMMM:     1        1      C        0.8180   -0.4390    0.5640
  QMMM:     2        2      C        0.7990   -0.4060    1.9590
  QMMM:     3        3      C        2.9370   -1.5970    0.6200
  QMMM:     4        4      C        2.9180   -1.5650    2.0140
  QMMM:     5        5      C        1.8870   -1.0340   -0.1050
  QMMM:     6        6      C        1.8500   -0.9690    2.6840
  QMMM:     7        7      Br       1.9120   -1.0780   -1.9940
  QMMM:     8        8      Br       1.8250   -0.9250    4.5730
  QMMM:     9        9      H       -0.0080    0.0040    0.0140
  QMMM:    10       10      H       -0.0410    0.0620    2.4660
  QMMM:    11       11      H        3.7770   -2.0650    0.1130
  QMMM:    12       12      H        3.7440   -2.0080    2.5640

--------------------------------------------------------------------------------
  RESULTS
--------------------------------------------------------------------------------

      iter         sqm energy              rms gradient
      ----    -------------------    -----------------------
xmin    10       31.9369 kcal/mol        0.0021 kcal/(mol*A)
  ... geometry converged !
 
 Final MO eigenvalues (eV):
 -39.8770  -34.1435  -32.1095  -32.0167  -29.3183  -23.9649  -23.0523  -18.1445
 -16.5987  -16.4483  -14.7755  -14.6918  -14.6352  -12.7503  -12.7192  -12.5095
 -11.4143  -11.3547  -11.3267  -10.2680   -9.6263   -0.3936   -0.0289    0.4373
   0.6317    2.1880    3.3871    3.4320    3.8179    3.9048    4.1850    4.5189
   4.6571    4.7889    4.8927    5.3273

 Heat of formation   =         31.93693001 kcal/mol  (        1.38488921 eV)

 Total SCF energy    =     -35272.77718228 kcal/mol  (    -1529.54239548 eV)
 Electronic energy   =    -124534.71973082 kcal/mol  (    -5400.23068084 eV)
 Core-core repulsion =      89261.94254854 kcal/mol  (     3870.68828535 eV)
 
    Atomic Charges for Step       1 :
  Atom    Element       Mulliken Charge
     1      C                 -0.104
     2      C                 -0.104
     3      C                 -0.104
     4      C                 -0.104
     5      C                 -0.157
     6      C                 -0.157
     7      Br                 0.061
     8      Br                 0.061
     9      H                  0.152
    10      H                  0.152
    11      H                  0.152
    12      H                  0.152
 Total Mulliken Charge =       0.000
 
                  X        Y        Z     TOTAL  
  QM DIPOLE     0.000    0.000   -0.000    0.000
 
 Final Structure

  QMMM: QM Region Cartesian Coordinates (*=link atom) 
  QMMM: QM_NO.   MM_NO.  ATOM         X         Y         Z
  QMMM:     1        1      C        0.8167   -0.4380    0.5650
  QMMM:     2        2      C        0.7981   -0.4055    1.9583
  QMMM:     3        3      C        2.9383   -1.5978    0.6203
  QMMM:     4        4      C        2.9197   -1.5653    2.0137
  QMMM:     5        5      C        1.8868   -1.0343   -0.1081
  QMMM:     6        6      C        1.8495   -0.9691    2.6868
  QMMM:     7        7      Br       1.9118   -1.0779   -1.9792
  QMMM:     8        8      Br       1.8245   -0.9255    4.5579
  QMMM:     9        9      H       -0.0183    0.0098    0.0030
  QMMM:    10       10      H       -0.0513    0.0675    2.4763
  QMMM:    11       11      H        3.7877   -2.0708    0.1024
  QMMM:    12       12      H        3.7546   -2.0131    2.5756

           --------- Calculation Completed ----------

