            --------------------------------------------------------
                             AMBER SQM VERSION 19
 
                                     By
              Ross C. Walker, Michael F. Crowley, Scott Brozell,
                         Tim Giese, Andreas W. Goetz,
                        Tai-Sung Lee and David A. Case
 
            --------------------------------------------------------
 

--------------------------------------------------------------------------------
  QM CALCULATION INFO
--------------------------------------------------------------------------------

| QMMM: Citation for AMBER QMMM Run:
| QMMM: R.C. Walker, M.F. Crowley and D.A. Case, J. COMP. CHEM. 29:1019, 2008

QMMM: SINGLET STATE CALCULATION
QMMM: RHF CALCULATION, NO. OF DOUBLY OCCUPIED LEVELS = 18

| QMMM: *** Selected Hamiltonian *** 
| QMMM: AM1         

| QMMM: *** Parameter sets in use ***
| QMMM: C : M.J.S.DEWAR et al. JACS, 107, 3902, (1985)
| QMMM: O : M.J.S.DEWAR et al. JACS, 107, 3902, (1985)
| QMMM: H : M.J.S.DEWAR et al. JACS, 107, 3902, (1985)

| QMMM: *** SCF convergence criteria ***
| QMMM: Energy change                :  0.1D-09 kcal/mol
| QMMM: Error matrix |FP-PF|         :  0.1D+00 au
| QMMM: Density matrix change        :  0.5D-06
| QMMM: Maximum number of SCF cycles :     1000

| QMMM: *** Diagonalization Routine Information ***
| QMMM: Pseudo diagonalizations are allowed.
| QMMM: Auto diagonalization routine selection is in use.
| QMMM:
| QMMM: Timing diagonalization routines:
| QMMM:                              norbs =       32
| QMMM:    diag iterations used for timing =       20
| QMMM:
| QMMM:              Internal diag routine = 0.001881 seconds
| QMMM:                 Dspev diag routine = 0.028130 seconds
| QMMM:                Dspevd diag routine = 0.003056 seconds
| QMMM:                Dspevx diag routine = 0.014603 seconds
| QMMM:                 Dsyev diag routine = 0.002381 seconds
| QMMM:                Dsyevd diag routine = 0.002300 seconds
| QMMM:                Dsyevr diag routine = 0.003756 seconds
| QMMM:
| QMMM:                Pseudo diag routine = 0.000713 seconds
| QMMM:
| QMMM: Using internal diagonalization routine (diag_routine=1).

  QMMM: QM Region Cartesian Coordinates (*=link atom) 
  QMMM: QM_NO.   MM_NO.  ATOM         X         Y         Z
  QMMM:     1        1      C       -2.4440   -0.2300   -0.7730
  QMMM:     2        2      C       -1.6440   -0.2460    0.4940
  QMMM:     3        3      C       -1.8910    1.8640   -3.7230
  QMMM:     4        4      C       -2.5900    0.8100   -2.8900
  QMMM:     5        5      O       -3.4150   -0.9440   -0.9800
  QMMM:     6        6      O       -1.9190    0.6900   -1.6320
  QMMM:     7        7      H       -1.6900    0.7350    0.9750
  QMMM:     8        8      H       -0.6090   -0.5200    0.2760
  QMMM:     9        9      H       -2.0630   -0.9890    1.1780
  QMMM:    10       10      H       -2.3800    1.9810   -4.6940
  QMMM:    11       11      H       -1.8960    2.8300   -3.2060
  QMMM:    12       12      H       -0.8430    1.5950   -3.8850
  QMMM:    13       13      H       -2.5640   -0.1590   -3.3970
  QMMM:    14       14      H       -3.6310    1.0920   -2.7080

--------------------------------------------------------------------------------
  RESULTS
--------------------------------------------------------------------------------

      iter         sqm energy              rms gradient
      ----    -------------------    -----------------------
xmin    10     -102.3130 kcal/mol        0.0180 kcal/(mol*A)
xmin    20     -102.3131 kcal/mol        0.0048 kcal/(mol*A)
xmin    30     -102.3131 kcal/mol        0.0009 kcal/(mol*A)
xmin    40     -102.3131 kcal/mol        0.0010 kcal/(mol*A)
xmin    50     -102.3131 kcal/mol        0.0023 kcal/(mol*A)
  ... geometry converged !
 
 Final MO eigenvalues (eV):
 -40.7221  -37.0439  -32.7882  -30.7177  -23.8668  -21.9178  -18.4207  -17.3556
 -16.7934  -15.1678  -14.4151  -14.0183  -13.4804  -13.3290  -12.5926  -12.5747
 -11.3524  -11.2486    1.1486    2.0526    3.5440    3.8160    3.9681    3.9998
   4.1237    4.1700    4.3008    4.6512    4.7335    4.8435    5.5525    6.8030


 Heat of formation   =       -102.31306571 kcal/mol  (       -4.43662745 eV)

 Total SCF energy    =     -29147.98525326 kcal/mol  (    -1263.95148750 eV)
 Electronic energy   =    -103921.34501638 kcal/mol  (    -4506.36767774 eV)
 Core-core repulsion =      74773.35976311 kcal/mol  (     3242.41619024 eV)
 
    Atomic Charges for Step       1 :
  Atom    Element       Mulliken Charge
     1      C                  0.302
     2      C                 -0.218
     3      C                 -0.218
     4      C                 -0.012
     5      O                 -0.355
     6      O                 -0.285
     7      H                  0.115
     8      H                  0.115
     9      H                  0.115
    10      H                  0.086
    11      H                  0.087
    12      H                  0.087
    13      H                  0.091
    14      H                  0.091
 Total Mulliken Charge =      -0.000
 
                  X        Y        Z     TOTAL  
  QM DIPOLE     1.482    1.113    0.272    1.874
 
 Final Structure

  QMMM: QM Region Cartesian Coordinates (*=link atom) 
  QMMM: QM_NO.   MM_NO.  ATOM         X         Y         Z
  QMMM:     1        1      C       -2.4119   -0.2115   -0.7579
  QMMM:     2        2      C       -1.6371   -0.2517    0.5128
  QMMM:     3        3      C       -1.8876    1.8586   -3.7070
  QMMM:     4        4      C       -2.6133    0.8022   -2.9102
  QMMM:     5        5      O       -3.4002   -0.8749   -1.0791
  QMMM:     6        6      O       -1.9211    0.6984   -1.6531
  QMMM:     7        7      H       -1.6693    0.7513    1.0039
  QMMM:     8        8      H       -0.5721   -0.5107    0.2960
  QMMM:     9        9      H       -2.0805   -1.0184    1.1928
  QMMM:    10       10      H       -2.3901    1.9762   -4.6966
  QMMM:    11       11      H       -1.9042    2.8365   -3.1694
  QMMM:    12       12      H       -0.8229    1.5656   -3.8695
  QMMM:    13       13      H       -2.5887   -0.1976   -3.4171
  QMMM:    14       14      H       -3.6798    1.0850   -2.7105

           --------- Calculation Completed ----------

