            --------------------------------------------------------
                             AMBER SQM VERSION 19
 
                                     By
              Ross C. Walker, Michael F. Crowley, Scott Brozell,
                         Tim Giese, Andreas W. Goetz,
                        Tai-Sung Lee and David A. Case
 
            --------------------------------------------------------
 

--------------------------------------------------------------------------------
  QM CALCULATION INFO
--------------------------------------------------------------------------------

| QMMM: Citation for AMBER QMMM Run:
| QMMM: R.C. Walker, M.F. Crowley and D.A. Case, J. COMP. CHEM. 29:1019, 2008

QMMM: SINGLET STATE CALCULATION
QMMM: RHF CALCULATION, NO. OF DOUBLY OCCUPIED LEVELS = 29

| QMMM: *** Selected Hamiltonian *** 
| QMMM: AM1         

| QMMM: *** Parameter sets in use ***
| QMMM: C : M.J.S.DEWAR et al. JACS, 107, 3902, (1985)
| QMMM: H : M.J.S.DEWAR et al. JACS, 107, 3902, (1985)

| QMMM: *** SCF convergence criteria ***
| QMMM: Energy change                :  0.1D-09 kcal/mol
| QMMM: Error matrix |FP-PF|         :  0.1D+00 au
| QMMM: Density matrix change        :  0.5D-06
| QMMM: Maximum number of SCF cycles :     1000

| QMMM: *** Diagonalization Routine Information ***
| QMMM: Pseudo diagonalizations are allowed.
| QMMM: Auto diagonalization routine selection is in use.
| QMMM:
| QMMM: Timing diagonalization routines:
| QMMM:                              norbs =       58
| QMMM:    diag iterations used for timing =       15
| QMMM:
| QMMM:              Internal diag routine = 0.022794 seconds
| QMMM:                 Dspev diag routine = 0.012263 seconds
| QMMM:                Dspevd diag routine = 0.008815 seconds
| QMMM:                Dspevx diag routine = 0.041070 seconds
| QMMM:                 Dsyev diag routine = 0.005783 seconds
| QMMM:                Dsyevd diag routine = 0.004392 seconds
| QMMM:                Dsyevr diag routine = 0.006572 seconds
| QMMM:
| QMMM:                Pseudo diag routine = 0.001742 seconds
| QMMM:
| QMMM: Using dsyevd routine (diag_routine=6).

  QMMM: QM Region Cartesian Coordinates (*=link atom) 
  QMMM: QM_NO.   MM_NO.  ATOM         X         Y         Z
  QMMM:     1        1      C       -1.3270   -6.3390   -1.1210
  QMMM:     2        2      C       -0.7590   -5.6580   -2.1940
  QMMM:     3        3      C        0.3850   -4.8790   -2.0030
  QMMM:     4        4      C        0.9840   -4.7640   -0.7360
  QMMM:     5        5      C        0.3930   -5.4610    0.3330
  QMMM:     6        6      C       -0.7510   -6.2410    0.1420
  QMMM:     7        7      C        2.1920   -3.9410   -0.5340
  QMMM:     8        8      C        3.2990   -4.0510   -1.3950
  QMMM:     9        9      C        4.4430   -3.2720   -1.2040
  QMMM:    10       10      C        4.5030   -2.3660   -0.1490
  QMMM:    11       11      C        3.4190   -2.2390    0.7160
  QMMM:    12       12      C        2.2750   -3.0190    0.5250
  QMMM:    13       13      H       -2.2160   -6.9450   -1.2700
  QMMM:    14       14      H       -1.2060   -5.7300   -3.1820
  QMMM:    15       15      H        0.8000   -4.3500   -2.8600
  QMMM:    16       16      H        0.8250   -5.4120    1.3310
  QMMM:    17       17      H       -1.1900   -6.7730    0.9820
  QMMM:    18       18      H        3.2860   -4.7580   -2.2220
  QMMM:    19       19      H        5.2880   -3.3750   -1.8790
  QMMM:    20       20      H        5.3910   -1.7600   -0.0000
  QMMM:    21       21      H        3.4600   -1.5320    1.5390
  QMMM:    22       22      H        1.4400   -2.8900    1.2110

--------------------------------------------------------------------------------
  RESULTS
--------------------------------------------------------------------------------

      iter         sqm energy              rms gradient
      ----    -------------------    -----------------------
xmin    10       47.5093 kcal/mol        0.4262 kcal/(mol*A)
xmin    20       47.4740 kcal/mol        0.1434 kcal/(mol*A)
xmin    30       47.4493 kcal/mol        0.0604 kcal/(mol*A)
xmin    40       47.4410 kcal/mol        0.0711 kcal/(mol*A)
xmin    50       47.4389 kcal/mol        0.0267 kcal/(mol*A)
xmin    60       47.4387 kcal/mol        0.0244 kcal/(mol*A)
xmin    70       47.4386 kcal/mol        0.0157 kcal/(mol*A)
xmin    80       47.4386 kcal/mol        0.0044 kcal/(mol*A)
xmin    90       47.4386 kcal/mol        0.0005 kcal/(mol*A)
xmin   100       47.4386 kcal/mol        0.0007 kcal/(mol*A)
  ... geometry converged !
 
 Final MO eigenvalues (eV):
 -40.2345  -38.5691  -33.4720  -31.8156  -31.1329  -29.4974  -24.2859  -23.8959
 -22.4083  -21.5919  -18.2912  -16.9568  -16.6024  -16.0112  -15.2262  -15.1651
 -14.3504  -14.1971  -14.0918  -13.6553  -13.0943  -12.5314  -12.1341  -11.8240
 -11.7101  -10.2819   -9.7186   -9.6963   -8.9530   -0.0670    0.5166    0.5376
   0.9143    2.7598    3.0599    3.7316    3.8987    3.9822    4.0087    4.0746
   4.0876    4.1389    4.4341    4.4578    4.4777    4.6426    4.9208    5.0304
   5.1066    5.1270    5.4206    5.4758    5.6012    5.6222    5.6418    5.8115
   6.0467    6.1080

 Heat of formation   =         47.43858912 kcal/mol  (        2.05709159 eV)

 Total SCF energy    =     -38585.98774656 kcal/mol  (    -1673.21398667 eV)
 Electronic energy   =    -204770.51956531 kcal/mol  (    -8879.51604724 eV)
 Core-core repulsion =     166184.53181876 kcal/mol  (     7206.30206057 eV)
 
    Atomic Charges for Step       1 :
  Atom    Element       Mulliken Charge
     1      C                 -0.128
     2      C                 -0.131
     3      C                 -0.119
     4      C                 -0.037
     5      C                 -0.119
     6      C                 -0.131
     7      C                 -0.037
     8      C                 -0.119
     9      C                 -0.131
    10      C                 -0.128
    11      C                 -0.131
    12      C                 -0.119
    13      H                  0.131
    14      H                  0.132
    15      H                  0.135
    16      H                  0.135
    17      H                  0.132
    18      H                  0.135
    19      H                  0.132
    20      H                  0.131
    21      H                  0.132
    22      H                  0.135
 Total Mulliken Charge =      -0.000
 
                  X        Y        Z     TOTAL  
  QM DIPOLE     0.000   -0.000   -0.000    0.000
 
 Final Structure

  QMMM: QM Region Cartesian Coordinates (*=link atom) 
  QMMM: QM_NO.   MM_NO.  ATOM         X         Y         Z
  QMMM:     1        1      C       -1.3045   -6.3246   -1.1192
  QMMM:     2        2      C       -0.6913   -5.7033   -2.2070
  QMMM:     3        3      C        0.4500   -4.9265   -2.0188
  QMMM:     4        4      C        0.9897   -4.7604   -0.7351
  QMMM:     5        5      C        0.3667   -5.3870    0.3538
  QMMM:     6        6      C       -0.7727   -6.1652    0.1602
  QMMM:     7        7      C        2.1861   -3.9446   -0.5349
  QMMM:     8        8      C        3.2508   -4.0096   -1.4453
  QMMM:     9        9      C        4.3907   -3.2322   -1.2515
  QMMM:    10       10      C        4.4803   -2.3804   -0.1508
  QMMM:    11       11      C        3.4249   -2.3093    0.7583
  QMMM:    12       12      C        2.2842   -3.0869    0.5703
  QMMM:    13       13      H       -2.2044   -6.9382   -1.2699
  QMMM:    14       14      H       -1.1092   -5.8251   -3.2171
  QMMM:    15       15      H        0.9276   -4.4336   -2.8789
  QMMM:    16       16      H        0.7863   -5.2682    1.3641
  QMMM:    17       17      H       -1.2524   -6.6554    1.0201
  QMMM:    18       18      H        3.1863   -4.6844   -2.3121
  QMMM:    19       19      H        5.2219   -3.2924   -1.9693
  QMMM:    20       20      H        5.3802   -1.7668   -0.0001
  QMMM:    21       21      H        3.4913   -1.6370    1.6263
  QMMM:    22       22      H        1.4515   -3.0237    1.2868

           --------- Calculation Completed ----------

