            --------------------------------------------------------
                             AMBER SQM VERSION 19
 
                                     By
              Ross C. Walker, Michael F. Crowley, Scott Brozell,
                         Tim Giese, Andreas W. Goetz,
                        Tai-Sung Lee and David A. Case
 
            --------------------------------------------------------
 

--------------------------------------------------------------------------------
  QM CALCULATION INFO
--------------------------------------------------------------------------------

| QMMM: Citation for AMBER QMMM Run:
| QMMM: R.C. Walker, M.F. Crowley and D.A. Case, J. COMP. CHEM. 29:1019, 2008

QMMM: SINGLET STATE CALCULATION
QMMM: RHF CALCULATION, NO. OF DOUBLY OCCUPIED LEVELS = 32

| QMMM: *** Selected Hamiltonian *** 
| QMMM: AM1         

| QMMM: *** Parameter sets in use ***
| QMMM: C : M.J.S.DEWAR et al. JACS, 107, 3902, (1985)
| QMMM: N : M.J.S.DEWAR et al. JACS, 107, 3902, (1985)
| QMMM: O : M.J.S.DEWAR et al. JACS, 107, 3902, (1985)
| QMMM: H : M.J.S.DEWAR et al. JACS, 107, 3902, (1985)

| QMMM: *** SCF convergence criteria ***
| QMMM: Energy change                :  0.1D-09 kcal/mol
| QMMM: Error matrix |FP-PF|         :  0.1D+00 au
| QMMM: Density matrix change        :  0.5D-06
| QMMM: Maximum number of SCF cycles :     1000

| QMMM: *** Diagonalization Routine Information ***
| QMMM: Pseudo diagonalizations are allowed.
| QMMM: Auto diagonalization routine selection is in use.
| QMMM:
| QMMM: Timing diagonalization routines:
| QMMM:                              norbs =       61
| QMMM:    diag iterations used for timing =       15
| QMMM:
| QMMM:              Internal diag routine = 0.025485 seconds
| QMMM:                 Dspev diag routine = 0.063463 seconds
| QMMM:                Dspevd diag routine = 0.009934 seconds
| QMMM:                Dspevx diag routine = 0.025364 seconds
| QMMM:                 Dsyev diag routine = 0.005243 seconds
| QMMM:                Dsyevd diag routine = 0.003719 seconds
| QMMM:                Dsyevr diag routine = 0.005615 seconds
| QMMM:
| QMMM:                Pseudo diag routine = 0.001577 seconds
| QMMM:
| QMMM: Using dsyevd routine (diag_routine=6).

  QMMM: QM Region Cartesian Coordinates (*=link atom) 
  QMMM: QM_NO.   MM_NO.  ATOM         X         Y         Z
  QMMM:     1        1      C        1.3380    2.4160    0.0230
  QMMM:     2        2      C       -0.7130    1.1850    0.0000
  QMMM:     3        3      C        2.0490    1.2260    0.0000
  QMMM:     4        4      C        0.0000    0.0000    0.0000
  QMMM:     5        5      C       -0.0500    2.4080    0.0310
  QMMM:     6        6      C        1.3930    0.0000    0.0000
  QMMM:     7        7      C       -0.8690    3.6660   -0.0460
  QMMM:     8        8      C        2.1630   -1.2990    0.0100
  QMMM:     9        9      C       -1.2170    5.9810    0.4870
  QMMM:    10       10      C        0.1890    4.6530    1.9780
  QMMM:    11       11      N       -0.4890    4.7430    0.6970
  QMMM:    12       12      O       -1.8130    3.7150   -0.7950
  QMMM:    13       13      H        1.8710    3.3500    0.0140
  QMMM:    14       14      H       -1.7870    1.1720   -0.0350
  QMMM:    15       15      H        3.1250    1.2560   -0.0230
  QMMM:    16       16      H       -0.5320   -0.9360   -0.0150
  QMMM:    17       17      H        3.1890   -1.1500   -0.3060
  QMMM:    18       18      H        2.1820   -1.7280    1.0090
  QMMM:    19       19      H        1.7090   -2.0280   -0.6520
  QMMM:    20       20      H       -1.4600    6.0940   -0.5570
  QMMM:    21       21      H       -2.1420    6.0050    1.0600
  QMMM:    22       22      H       -0.5910    6.8080    0.8020
  QMMM:    23       23      H        0.5210    3.6480    2.1780
  QMMM:    24       24      H       -0.4880    4.9490    2.7760
  QMMM:    25       25      H        1.0490    5.3150    2.0000

--------------------------------------------------------------------------------
  RESULTS
--------------------------------------------------------------------------------

      iter         sqm energy              rms gradient
      ----    -------------------    -----------------------
xmin    10      -12.9412 kcal/mol        0.8978 kcal/(mol*A)
xmin    20      -13.0946 kcal/mol        0.3658 kcal/(mol*A)
xmin    30      -13.1277 kcal/mol        0.1778 kcal/(mol*A)
xmin    40      -13.1476 kcal/mol        0.0815 kcal/(mol*A)
xmin    50      -13.1642 kcal/mol        0.1863 kcal/(mol*A)
xmin    60      -13.1731 kcal/mol        0.0962 kcal/(mol*A)
xmin    70      -13.1781 kcal/mol        0.0229 kcal/(mol*A)
xmin    80      -13.1809 kcal/mol        0.0225 kcal/(mol*A)
xmin    90      -13.1825 kcal/mol        0.0554 kcal/(mol*A)
xmin   100      -13.1832 kcal/mol        0.0315 kcal/(mol*A)
xmin   110      -13.1836 kcal/mol        0.0311 kcal/(mol*A)
xmin   120      -13.1838 kcal/mol        0.0054 kcal/(mol*A)
xmin   130      -13.1839 kcal/mol        0.0092 kcal/(mol*A)
xmin   140      -13.1839 kcal/mol        0.0088 kcal/(mol*A)
xmin   150      -13.1839 kcal/mol        0.0089 kcal/(mol*A)
xmin   160      -13.1840 kcal/mol        0.0031 kcal/(mol*A)
xmin   170      -13.1840 kcal/mol        0.0210 kcal/(mol*A)
xmin   180      -13.1841 kcal/mol        0.0130 kcal/(mol*A)
xmin   190      -13.1842 kcal/mol        0.0152 kcal/(mol*A)
xmin   200      -13.1843 kcal/mol        0.0108 kcal/(mol*A)
xmin   210      -13.1843 kcal/mol        0.0040 kcal/(mol*A)
xmin   220      -13.1843 kcal/mol        0.0155 kcal/(mol*A)
xmin   230      -13.1844 kcal/mol        0.0085 kcal/(mol*A)
xmin   240      -13.1844 kcal/mol        0.0120 kcal/(mol*A)
xmin   250      -13.1844 kcal/mol        0.0025 kcal/(mol*A)
xmin   260      -13.1845 kcal/mol        0.0112 kcal/(mol*A)
xmin   270      -13.1845 kcal/mol        0.0041 kcal/(mol*A)
xmin   280      -13.1829 kcal/mol        0.0760 kcal/(mol*A)
xmin   290      -13.1832 kcal/mol        0.0512 kcal/(mol*A)
xmin   300      -13.1834 kcal/mol        0.0100 kcal/(mol*A)
xmin   310      -13.1835 kcal/mol        0.0153 kcal/(mol*A)
xmin   320      -13.1835 kcal/mol        0.0031 kcal/(mol*A)
xmin   330      -13.1836 kcal/mol        0.0225 kcal/(mol*A)
xmin   340      -13.1837 kcal/mol        0.0169 kcal/(mol*A)
xmin   350      -13.1838 kcal/mol        0.0074 kcal/(mol*A)
xmin   360      -13.1839 kcal/mol        0.0066 kcal/(mol*A)
xmin   370      -13.1839 kcal/mol        0.0062 kcal/(mol*A)
xmin   380      -13.1840 kcal/mol        0.0185 kcal/(mol*A)
xmin   390      -13.1840 kcal/mol        0.0039 kcal/(mol*A)
xmin   400      -13.1842 kcal/mol        0.0470 kcal/(mol*A)
xmin   410      -13.1843 kcal/mol        0.0022 kcal/(mol*A)
xmin   420      -13.1844 kcal/mol        0.0030 kcal/(mol*A)
xmin   430      -13.1844 kcal/mol        0.0021 kcal/(mol*A)
xmin   440      -13.1845 kcal/mol        0.0059 kcal/(mol*A)
xmin   450      -13.1845 kcal/mol        0.0096 kcal/(mol*A)
xmin   460      -13.1845 kcal/mol        0.0084 kcal/(mol*A)
xmin   470      -13.1846 kcal/mol        0.0183 kcal/(mol*A)
xmin   480      -13.1846 kcal/mol        0.0039 kcal/(mol*A)
xmin   490      -13.1846 kcal/mol        0.0222 kcal/(mol*A)
xmin   500      -13.1846 kcal/mol        0.0036 kcal/(mol*A)
xmin   510      -13.1847 kcal/mol        0.0029 kcal/(mol*A)
xmin   520      -13.1847 kcal/mol        0.0050 kcal/(mol*A)
xmin   530      -13.1847 kcal/mol        0.0065 kcal/(mol*A)
xmin   540      -13.1847 kcal/mol        0.0036 kcal/(mol*A)
xmin   550      -13.1847 kcal/mol        0.0050 kcal/(mol*A)
xmin   560      -13.1848 kcal/mol        0.0077 kcal/(mol*A)
xmin   570      -13.1848 kcal/mol        0.0068 kcal/(mol*A)
xmin   580      -13.1848 kcal/mol        0.0089 kcal/(mol*A)
xmin   590      -13.1848 kcal/mol        0.0035 kcal/(mol*A)
xmin   600      -13.1848 kcal/mol        0.0036 kcal/(mol*A)
xmin   610      -13.1848 kcal/mol        0.0025 kcal/(mol*A)
xmin   620      -13.1848 kcal/mol        0.0025 kcal/(mol*A)
xmin   630      -13.1848 kcal/mol        0.0029 kcal/(mol*A)
xmin   640      -13.1849 kcal/mol        0.0041 kcal/(mol*A)
xmin   650      -13.1849 kcal/mol        0.0010 kcal/(mol*A)
xmin   660      -13.1849 kcal/mol        0.0018 kcal/(mol*A)
xmin   670      -13.1849 kcal/mol        0.0137 kcal/(mol*A)
xmin   680      -13.1849 kcal/mol        0.0035 kcal/(mol*A)
xmin   690      -13.1849 kcal/mol        0.0021 kcal/(mol*A)
xmin   700      -13.1849 kcal/mol        0.0007 kcal/(mol*A)
xmin   710      -13.1849 kcal/mol        0.0065 kcal/(mol*A)
xmin   720      -13.1849 kcal/mol        0.0010 kcal/(mol*A)
xmin   720      -13.1849 kcal/mol        0.0005 kcal/(mol*A)
  ... geometry converged !
 
 Final MO eigenvalues (eV):
 -40.5821  -38.9577  -36.2655  -33.7996  -31.7000  -29.1383  -28.1296  -26.2632
 -23.5649  -22.7694  -20.5451  -18.1963  -17.2048  -16.6678  -16.4614  -15.8482
 -15.5409  -14.7294  -14.4159  -14.2739  -13.7746  -13.4348  -13.3389  -13.1726
 -12.8825  -12.6941  -12.6067  -11.9879  -10.7382   -9.9024   -9.6071   -9.5048
  -0.0297    0.3397    1.5766    2.0234    2.6476    3.4766    3.6413    3.7960
   3.8375    3.8862    4.0443    4.1027    4.2176    4.2778    4.3299    4.3677
   4.4395    4.4961    4.5808    4.7081    4.8744    4.9247    5.2484    5.3105
   5.4842    5.5222    5.8325    6.3336    7.1236

 Heat of formation   =        -13.18491198 kcal/mol  (       -0.57174069 eV)

 Total SCF energy    =     -45807.16519798 kcal/mol  (    -1986.34773852 eV)
 Electronic energy   =    -244413.53741136 kcal/mol  (   -10598.56629857 eV)
 Core-core repulsion =     198606.37221338 kcal/mol  (     8612.21856005 eV)
 
    Atomic Charges for Step       1 :
  Atom    Element       Mulliken Charge
     1      C                 -0.100
     2      C                 -0.080
     3      C                 -0.140
     4      C                 -0.139
     5      C                 -0.118
     6      C                 -0.050
     7      C                  0.348
     8      C                 -0.184
     9      C                 -0.077
    10      C                 -0.072
    11      N                 -0.339
    12      O                 -0.363
    13      H                  0.138
    14      H                  0.150
    15      H                  0.135
    16      H                  0.137
    17      H                  0.085
    18      H                  0.089
    19      H                  0.087
    20      H                  0.119
    21      H                  0.067
    22      H                  0.069
    23      H                  0.094
    24      H                  0.078
    25      H                  0.064
 Total Mulliken Charge =      -0.000
 
                  X        Y        Z     TOTAL  
  QM DIPOLE     2.320   -0.645    2.843    3.726
 
 Final Structure

  QMMM: QM Region Cartesian Coordinates (*=link atom) 
  QMMM: QM_NO.   MM_NO.  ATOM         X         Y         Z
  QMMM:     1        1      C        1.3639    2.4500   -0.0164
  QMMM:     2        2      C       -0.7136    1.2087   -0.0787
  QMMM:     3        3      C        2.0751    1.2530    0.0221
  QMMM:     4        4      C        0.0012    0.0145   -0.0305
  QMMM:     5        5      C       -0.0331    2.4311   -0.0621
  QMMM:     6        6      C        1.4005    0.0260    0.0210
  QMMM:     7        7      C       -0.8250    3.6900   -0.1722
  QMMM:     8        8      C        2.1566   -1.2457    0.0815
  QMMM:     9        9      C       -1.3306    5.9470    0.6409
  QMMM:    10       10      C        0.2192    4.5508    1.9056
  QMMM:    11       11      N       -0.6322    4.6972    0.7633
  QMMM:    12       12      O       -1.6550    3.8398   -1.0928
  QMMM:    13       13      H        1.9026    3.4100   -0.0188
  QMMM:    14       14      H       -1.8129    1.1994   -0.1439
  QMMM:    15       15      H        3.1748    1.2716    0.0504
  QMMM:    16       16      H       -0.5369   -0.9452   -0.0412
  QMMM:    17       17      H        3.1805   -1.1257   -0.3505
  QMMM:    18       18      H        2.2620   -1.5751    1.1463
  QMMM:    19       19      H        1.6268   -2.0524   -0.4827
  QMMM:    20       20      H       -1.8790    5.9944   -0.3375
  QMMM:    21       21      H       -2.0706    6.0603    1.4788
  QMMM:    22       22      H       -0.5961    6.7951    0.6937
  QMMM:    23       23      H        0.4003    3.4686    2.1389
  QMMM:    24       24      H       -0.2608    5.0344    2.7995
  QMMM:    25       25      H        1.2094    5.0514    1.7214

           --------- Calculation Completed ----------

