            --------------------------------------------------------
                             AMBER SQM VERSION 19
 
                                     By
              Ross C. Walker, Michael F. Crowley, Scott Brozell,
                         Tim Giese, Andreas W. Goetz,
                        Tai-Sung Lee and David A. Case
 
            --------------------------------------------------------
 

--------------------------------------------------------------------------------
  QM CALCULATION INFO
--------------------------------------------------------------------------------

| QMMM: Citation for AMBER QMMM Run:
| QMMM: R.C. Walker, M.F. Crowley and D.A. Case, J. COMP. CHEM. 29:1019, 2008

QMMM: SINGLET STATE CALCULATION
QMMM: RHF CALCULATION, NO. OF DOUBLY OCCUPIED LEVELS = 24

| QMMM: *** Selected Hamiltonian *** 
| QMMM: AM1         

| QMMM: *** Parameter sets in use ***
| QMMM: C : M.J.S.DEWAR et al. JACS, 107, 3902, (1985)
| QMMM: Cl: M.J.S.DEWAR et al. THEOCHEM, 180, 1, (1988)
| QMMM: H : M.J.S.DEWAR et al. JACS, 107, 3902, (1985)

| QMMM: *** SCF convergence criteria ***
| QMMM: Energy change                :  0.1D-09 kcal/mol
| QMMM: Error matrix |FP-PF|         :  0.1D+00 au
| QMMM: Density matrix change        :  0.5D-06
| QMMM: Maximum number of SCF cycles :     1000

| QMMM: *** Diagonalization Routine Information ***
| QMMM: Pseudo diagonalizations are allowed.
| QMMM: Auto diagonalization routine selection is in use.
| QMMM:
| QMMM: Timing diagonalization routines:
| QMMM:                              norbs =       39
| QMMM:    diag iterations used for timing =       20
| QMMM:
| QMMM:              Internal diag routine = 0.022590 seconds
| QMMM:                 Dspev diag routine = 0.007481 seconds
| QMMM:                Dspevd diag routine = 0.006450 seconds
| QMMM:                Dspevx diag routine = 0.022632 seconds
| QMMM:                 Dsyev diag routine = 0.009551 seconds
| QMMM:                Dsyevd diag routine = 0.005810 seconds
| QMMM:                Dsyevr diag routine = 0.012666 seconds
| QMMM:
| QMMM:                Pseudo diag routine = 0.001265 seconds
| QMMM:
| QMMM: Using dsyevd routine (diag_routine=6).

  QMMM: QM Region Cartesian Coordinates (*=link atom) 
  QMMM: QM_NO.   MM_NO.  ATOM         X         Y         Z
  QMMM:     1        1      C        1.8850   -1.0380   -0.1090
  QMMM:     2        2      C        0.8180   -0.4410    0.5630
  QMMM:     3        3      C        2.9350   -1.6040    0.6140
  QMMM:     4        4      C        0.8010   -0.4100    1.9570
  QMMM:     5        5      C        2.9180   -1.5730    2.0080
  QMMM:     6        6      C        1.8510   -0.9770    2.6800
  QMMM:     7        7      Cl      -0.5560    0.3470    2.7180
  QMMM:     8        8      Cl       4.2530   -2.2990    2.8370
  QMMM:     9        9      Cl       1.8280   -0.9420    4.4180
  QMMM:    10       10      H        1.8980   -1.0610   -1.1950
  QMMM:    11       11      H        0.0080   -0.0060   -0.0170
  QMMM:    12       12      H        3.7580   -2.0630    0.0730

--------------------------------------------------------------------------------
  RESULTS
--------------------------------------------------------------------------------

      iter         sqm energy              rms gradient
      ----    -------------------    -----------------------
xmin    10        4.0890 kcal/mol        0.0075 kcal/(mol*A)
  ... geometry converged !
 
 Final MO eigenvalues (eV):
 -40.2565  -38.1573  -37.8420  -37.4678  -31.6929  -31.6833  -24.1295  -24.1151
 -19.0276  -17.4293  -17.3381  -15.6240  -15.5459  -15.4627  -13.6050  -13.5335
 -13.3061  -12.9245  -12.2187  -12.1282  -12.1190  -11.9068   -9.8332   -9.7840
  -0.3643   -0.3410    0.7338    1.1484    1.2662    2.0472    3.3730    3.4194
   3.6864    3.9014    4.0271    4.4643    4.5681    4.8842    5.1197

 Heat of formation   =          4.08900161 kcal/mol  (        0.17731242 eV)

 Total SCF energy    =     -44519.56821200 kcal/mol  (    -1930.51334339 eV)
 Electronic energy   =    -160314.94620366 kcal/mol  (    -6951.77772879 eV)
 Core-core repulsion =     115795.37799165 kcal/mol  (     5021.26438540 eV)
 
    Atomic Charges for Step       1 :
  Atom    Element       Mulliken Charge
     1      C                 -0.114
     2      C                 -0.118
     3      C                 -0.118
     4      C                 -0.055
     5      C                 -0.055
     6      C                 -0.062
     7      Cl                 0.016
     8      Cl                 0.016
     9      Cl                 0.034
    10      H                  0.146
    11      H                  0.155
    12      H                  0.155
 Total Mulliken Charge =       0.000
 
                  X        Y        Z     TOTAL  
  QM DIPOLE     0.026   -0.044   -2.060    2.060
 
 Final Structure

  QMMM: QM Region Cartesian Coordinates (*=link atom) 
  QMMM: QM_NO.   MM_NO.  ATOM         X         Y         Z
  QMMM:     1        1      C        1.8850   -1.0377   -0.1092
  QMMM:     2        2      C        0.8177   -0.4409    0.5574
  QMMM:     3        3      C        2.9351   -1.6046    0.6090
  QMMM:     4        4      C        0.7979   -0.4095    1.9553
  QMMM:     5        5      C        2.9198   -1.5757    2.0071
  QMMM:     6        6      C        1.8500   -0.9772    2.6936
  QMMM:     7        7      Cl      -0.5153    0.3242    2.7390
  QMMM:     8        8      Cl       4.2126   -2.2742    2.8542
  QMMM:     9        9      Cl       1.8288   -0.9407    4.3854
  QMMM:    10       10      H        1.8988   -1.0614   -1.2095
  QMMM:    11       11      H       -0.0108    0.0063   -0.0138
  QMMM:    12       12      H        3.7773   -2.0755    0.0785

           --------- Calculation Completed ----------

