            --------------------------------------------------------
                             AMBER SQM VERSION 19
 
                                     By
              Ross C. Walker, Michael F. Crowley, Scott Brozell,
                         Tim Giese, Andreas W. Goetz,
                        Tai-Sung Lee and David A. Case
 
            --------------------------------------------------------
 

--------------------------------------------------------------------------------
  QM CALCULATION INFO
--------------------------------------------------------------------------------

| QMMM: Citation for AMBER QMMM Run:
| QMMM: R.C. Walker, M.F. Crowley and D.A. Case, J. COMP. CHEM. 29:1019, 2008

QMMM: SINGLET STATE CALCULATION
QMMM: RHF CALCULATION, NO. OF DOUBLY OCCUPIED LEVELS = 27

| QMMM: *** Selected Hamiltonian *** 
| QMMM: AM1         

| QMMM: *** Parameter sets in use ***
| QMMM: C : M.J.S.DEWAR et al. JACS, 107, 3902, (1985)
| QMMM: H : M.J.S.DEWAR et al. JACS, 107, 3902, (1985)

| QMMM: *** SCF convergence criteria ***
| QMMM: Energy change                :  0.1D-09 kcal/mol
| QMMM: Error matrix |FP-PF|         :  0.1D+00 au
| QMMM: Density matrix change        :  0.5D-06
| QMMM: Maximum number of SCF cycles :     1000

| QMMM: *** Diagonalization Routine Information ***
| QMMM: Pseudo diagonalizations are allowed.
| QMMM: Auto diagonalization routine selection is in use.
| QMMM:
| QMMM: Timing diagonalization routines:
| QMMM:                              norbs =       54
| QMMM:    diag iterations used for timing =       15
| QMMM:
| QMMM:              Internal diag routine = 0.005280 seconds
| QMMM:                 Dspev diag routine = 0.088087 seconds
| QMMM:                Dspevd diag routine = 0.005866 seconds
| QMMM:                Dspevx diag routine = 0.019006 seconds
| QMMM:                 Dsyev diag routine = 0.004250 seconds
| QMMM:                Dsyevd diag routine = 0.002943 seconds
| QMMM:                Dsyevr diag routine = 0.004428 seconds
| QMMM:
| QMMM:                Pseudo diag routine = 0.001108 seconds
| QMMM:
| QMMM: Using dsyevd routine (diag_routine=6).

  QMMM: QM Region Cartesian Coordinates (*=link atom) 
  QMMM: QM_NO.   MM_NO.  ATOM         X         Y         Z
  QMMM:     1        1      C       -2.3830    3.1740   -2.0960
  QMMM:     2        2      C       -1.0120    2.9510   -1.9810
  QMMM:     3        3      C       -3.2040    3.0680   -0.9730
  QMMM:     4        4      C       -0.4600    2.6210   -0.7430
  QMMM:     5        5      C       -2.6520    2.7390    0.2660
  QMMM:     6        6      C       -1.2870    2.5200    0.3650
  QMMM:     7        7      C       -2.0270    0.0020    1.8760
  QMMM:     8        8      C        0.3170   -0.0300    1.0010
  QMMM:     9        9      C       -0.6900    2.1630    1.7040
  QMMM:    10       10      C       -0.6430    0.6470    1.9820
  QMMM:    11       11      H       -2.8130    3.4310   -3.0600
  QMMM:    12       12      H       -0.3730    3.0330   -2.8560
  QMMM:    13       13      H       -4.2720    3.2430   -1.0620
  QMMM:    14       14      H        0.6100    2.4490   -0.6630
  QMMM:    15       15      H       -3.2990    2.6590    1.1350
  QMMM:    16       16      H       -2.4720    0.1740    0.8900
  QMMM:    17       17      H       -2.7110    0.3990    2.6330
  QMMM:    18       18      H       -1.9630   -1.0810    2.0310
  QMMM:    19       19      H        0.3860   -1.1040    1.2020
  QMMM:    20       20      H       -0.0150    0.1010   -0.0350
  QMMM:    21       21      H        1.3250    0.3910    1.0900
  QMMM:    22       22      H        0.3180    2.5890    1.7890
  QMMM:    23       23      H       -1.2870    2.6640    2.4780
  QMMM:    24       24      H       -0.2630    0.4720    2.9960

--------------------------------------------------------------------------------
  RESULTS
--------------------------------------------------------------------------------

      iter         sqm energy              rms gradient
      ----    -------------------    -----------------------
xmin    10       -1.3044 kcal/mol        0.4386 kcal/(mol*A)
xmin    20       -1.3342 kcal/mol        0.1828 kcal/(mol*A)
xmin    30       -1.3387 kcal/mol        0.1459 kcal/(mol*A)
xmin    40       -1.3431 kcal/mol        0.0464 kcal/(mol*A)
xmin    50       -1.3456 kcal/mol        0.0713 kcal/(mol*A)
xmin    60       -1.3468 kcal/mol        0.0396 kcal/(mol*A)
xmin    70       -1.3479 kcal/mol        0.0375 kcal/(mol*A)
xmin    80       -1.3482 kcal/mol        0.0102 kcal/(mol*A)
xmin    90       -1.3483 kcal/mol        0.0120 kcal/(mol*A)
xmin   100       -1.3483 kcal/mol        0.0141 kcal/(mol*A)
xmin   110       -1.3484 kcal/mol        0.0043 kcal/(mol*A)
xmin   120       -1.3484 kcal/mol        0.0026 kcal/(mol*A)
xmin   130       -1.3484 kcal/mol        0.0022 kcal/(mol*A)
  ... geometry converged !
 
 Final MO eigenvalues (eV):
 -39.7627  -36.7710  -31.9135  -31.3888  -27.7564  -27.2947  -23.1021  -22.6219
 -20.2286  -17.2686  -16.3159  -15.9088  -15.7859  -14.7047  -14.3857  -14.0967
 -13.6248  -13.2073  -12.8543  -12.4616  -12.1575  -11.8444  -11.8265  -11.5821
 -11.1796   -9.6028   -9.3450    0.5284    0.6130    2.9406    3.7537    3.8036
   3.9874    4.0856    4.1413    4.1507    4.2539    4.4864    4.5742    4.6695
   4.6768    4.7468    4.7669    4.9625    5.0281    5.1070    5.1726    5.2679
   5.2778    5.3235    5.6509    5.6964    5.8193    6.1839

 Heat of formation   =         -1.34840273 kcal/mol  (       -0.05847113 eV)

 Total SCF energy    =     -33980.38869973 kcal/mol  (    -1473.50022548 eV)
 Electronic energy   =    -185111.58863564 kcal/mol  (    -8027.04083239 eV)
 Core-core repulsion =     151131.19993591 kcal/mol  (     6553.54060691 eV)
 
    Atomic Charges for Step       1 :
  Atom    Element       Mulliken Charge
     1      C                 -0.133
     2      C                 -0.129
     3      C                 -0.129
     4      C                 -0.128
     5      C                 -0.128
     6      C                 -0.065
     7      C                 -0.210
     8      C                 -0.210
     9      C                 -0.120
    10      C                 -0.099
    11      H                  0.130
    12      H                  0.130
    13      H                  0.130
    14      H                  0.131
    15      H                  0.131
    16      H                  0.082
    17      H                  0.069
    18      H                  0.073
    19      H                  0.073
    20      H                  0.082
    21      H                  0.069
    22      H                  0.086
    23      H                  0.086
    24      H                  0.082
 Total Mulliken Charge =       0.000
 
                  X        Y        Z     TOTAL  
  QM DIPOLE     0.061   -0.133    0.148    0.208
 
 Final Structure

  QMMM: QM Region Cartesian Coordinates (*=link atom) 
  QMMM: QM_NO.   MM_NO.  ATOM         X         Y         Z
  QMMM:     1        1      C       -2.3564    3.2132   -2.1264
  QMMM:     2        2      C       -0.9845    3.0030   -1.9889
  QMMM:     3        3      C       -3.1944    3.0629   -1.0218
  QMMM:     4        4      C       -0.4518    2.6452   -0.7517
  QMMM:     5        5      C       -2.6633    2.7051    0.2161
  QMMM:     6        6      C       -1.2867    2.4934    0.3624
  QMMM:     7        7      C       -2.0098    0.0044    1.9708
  QMMM:     8        8      C        0.2727   -0.0563    0.9715
  QMMM:     9        9      C       -0.7150    2.1385    1.6905
  QMMM:    10       10      C       -0.6363    0.6393    1.9612
  QMMM:    11       11      H       -2.7758    3.4971   -3.1022
  QMMM:    12       12      H       -0.3205    3.1205   -2.8577
  QMMM:    13       13      H       -4.2768    3.2277   -1.1263
  QMMM:    14       14      H        0.6306    2.4776   -0.6459
  QMMM:    15       15      H       -3.3265    2.5848    1.0859
  QMMM:    16       16      H       -2.5062    0.1312    0.9779
  QMMM:    17       17      H       -2.6531    0.4812    2.7492
  QMMM:    18       18      H       -1.9305   -1.0868    2.1931
  QMMM:    19       19      H        0.3346   -1.1467    1.2026
  QMMM:    20       20      H       -0.1153    0.0666   -0.0691
  QMMM:    21       21      H        1.3009    0.3770    1.0170
  QMMM:    22       22      H        0.3206    2.5671    1.7722
  QMMM:    23       23      H       -1.3378    2.6110    2.4979
  QMMM:    24       24      H       -0.1888    0.5180    2.9906

           --------- Calculation Completed ----------

